[05:36:13.247] TX> 
[05:36:14.248] TX> 
[05:36:15.248] RX< 
[05:36:15.248] RX< msh />
[05:36:15.248] RX< msh />
[05:36:15.253] TX> echo "EVBTEST_HELLO"
[05:36:15.253] TX> echo "__EVBTEST_END_31230826__"
[05:36:17.249] RX< echo "EVBTEST_HELLO"
[05:36:17.249] RX< EVBTEST_HELLO
[05:36:17.249] RX< msh />echo "__EVBTEST_END_31230826__"
[05:36:17.249] RX< __EVBTEST_END_31230826__
[05:36:17.249] RX< msh />
[05:36:17.257] TX> cd /
[05:36:17.257] TX> echo "__EVBTEST_END_4010c278__"
[05:36:19.251] RX< cd /
[05:36:19.251] RX< msh />echo "__EVBTEST_END_4010c278__"
[05:36:19.251] RX< __EVBTEST_END_4010c278__
[05:36:19.251] RX< msh />
[05:36:19.257] TX> dfs_video_stop
[05:36:19.257] TX> echo "__EVBTEST_END_95192c8b__"
[05:36:21.253] RX< dfs_video_stop
[05:36:21.253] RX< [6] [App Dfs] Please start recording the video first.
[05:36:21.253] RX< msh />echo "__EVBTEST_END_95192c8b__"
[05:36:21.253] RX< __EVBTEST_END_95192c8b__
[05:36:21.253] RX< msh />
[05:36:21.261] TX> ftp_server
[05:36:21.261] TX> echo "__EVBTEST_END_bc91b8f4__"
[05:36:23.255] RX< ftp_server
[05:36:23.255] RX< 
[05:36:23.255] RX< [FTP] Ftp server init success!!!
[05:36:23.255] RX< msh />echo "__EVBTEST_END_bc91b8f4__"
[05:36:23.255] RX< __EVBTEST_END_bc91b8f4__
[05:36:23.255] RX< msh />
[05:36:27.258] RX< [32m[I/ftp] service launched success.[0m
[05:36:27.849] TX> wifi join G-Demo Gdemo@123
[05:36:27.849] TX> echo "__EVBTEST_END_12bd1b86__"
[05:36:29.259] RX< wifi join G-Demo Gdemo@123
[05:36:31.261] RX< [33m[W/WLAN.mgnt] F:rt_wlan_connect L:935 not find ap! ssid:G-Demo,info.ssid.len=6[0m
[05:36:31.261] RX< msh />echo "__EVBTEST_END_12bd1b86__"
[05:36:31.261] RX< __EVBTEST_END_12bd1b86__
[05:36:31.261] RX< msh />
[05:36:57.857] TX> ifconfig
[05:36:57.857] TX> echo "__EVBTEST_END_bff3d596__"
[05:36:57.857] RX< ifconfig
[05:36:57.857] RX< network interface device: w0 (Default)
[05:36:57.857] RX< MTU: 1500
[05:36:57.857] RX< MAC: 8c ea 12 ba a8 2c 
[05:36:57.857] RX< FLAGS: UP LINK_DOWN INTERNET_DOWN DHCP_ENABLE ETHARP BROADCAST IGMP
[05:36:57.857] RX< ip address: 0.0.0.0
[05:36:57.857] RX< gw address: 0.0.0.0
[05:36:57.857] RX< net mask  : 0.0.0.0
[05:36:57.857] RX< dns server #0: 0.0.0.0
[05:36:57.857] RX< dns server #1: 0.0
[05:36:57.870] RX< .0.0
[05:36:57.870] RX< 
[05:36:57.870] RX< network interface device: w1
[05:36:57.870] RX< MTU: 1500
[05:36:57.870] RX< MAC: 8e ea 12 ba a8 2c 
[05:36:57.870] RX< FLAGS: UP LINK_DOWN INTERNET_DOWN DHCP_ENABLE ETHARP BROADCAST IGMP
[05:36:57.870] RX< ip address: 0.0.0.0
[05:36:57.870] RX< gw address: 0.0.0.0
[05:36:57.870] RX< net mask  : 0.0.0.0
[05:36:57.870] RX< dns server #0: 0.0.0.0
[05:36:57.870] RX< dns server #1: 0.0.0.0
[05:36:57.870] RX< msh />e
[05:36:59.872] RX< cho "__EVBTEST_END_bff3d596__"
[05:36:59.872] RX< __EVBTEST_END_bff3d596__
[05:36:59.872] RX< msh />
[05:36:59.881] TX> wifi scan
[05:36:59.881] TX> echo "__EVBTEST_END_38c3d488__"
[05:36:59.933] RX< wifi scan
[05:36:59.933] RX<              SSID                      MAC            security    rssi chn Mbps
[05:36:59.933] RX< ------------------------------- -----------------  -------------- ---- --- ----
[05:36:59.933] RX< ftp_hw_2_4g                     e2:19:01:17:87:d1  WPA2_AES_PSK   -35    1  144
[05:36:59.933] RX< alk_
[05:37:00.177] RX< guest                       2c:97:b1:17:2e:a1  WPA2_MIXED_PSK -55    1   72
[05:37:00.177] RX< alk                             2c:97:b1:17:2a:80  WPA2_AES_PSK   -70    6   72
[05:37:00.177] RX< gravityXR                       f4:e4:51:83:d5:80  WPA2_AES_PSK   -48    6  144
[05:37:00.177] RX<  Gwireless       
[05:37:00.456] RX<                f4:e4:51:83:d5:81  WPA2_AES_PSK   -46    6  144
[05:37:00.456] RX< G-Demo                          f4:e4:51:83:d5:82  WPA2_AES_PSK   -46    6  144
[05:37:00.456] RX< alk                             2c:97:b1:17:46:40  WPA2_AES_PSK   -61    6   72
[05:37:00.456] RX< MTK_CHEETAH_AP_2.4G           
[05:37:01.999] RX<   e0:ef:02:71:f5:71  OPEN           -44   13  300
[05:37:01.999] RX< TP-LINK_5G_756B                 c2:45:86:39:8c:5f  WPA2_AES_PSK   -53    1  300
[05:37:01.999] RX< ZJ-WY-WiFi                      cc:20:8c:ad:19:40  WPA2_AES_PSK   -70    6  144
[05:37:01.999] RX< msh />echo "__EVBTEST_END_38c3d488__"
[05:37:01.999] RX< __EVB
[05:37:04.001] RX< TEST_END_38c3d488__
[05:37:04.001] RX< msh />
[05:37:04.009] TX> wifi join G-Demo Gdemo@123
[05:37:04.009] TX> echo "__EVBTEST_END_343eba02__"
[05:37:06.003] RX< wifi join G-Demo Gdemo@123
[05:37:10.006] RX< [32m[I/WLAN.mgnt] wifi connect success ssid:G-Demo[0m
[05:37:10.006] RX< msh />echo "__EVBTEST_END_343eba02__"
[05:37:10.006] RX< __EVBTEST_END_343eba02__
[05:37:10.006] RX< msh />
[05:37:12.006] RX< [32m[I/WLAN.lwip] Got IP address : 10.1.90.71[0m
[05:37:12.013] TX> cd /emmc
[05:37:12.013] TX> echo "__EVBTEST_END_07beb7fe__"
[05:37:14.008] RX< cd /emmc
[05:37:14.008] RX< msh /emmc>echo "__EVBTEST_END_07beb7fe__"
[05:37:14.008] RX< __EVBTEST_END_07beb7fe__
[05:37:14.008] RX< msh /emmc>[6] [SNTP] rtc synced: 2026-08-13 08:37:12 (tick=620308224)
[05:37:14.017] TX> ftp_server
[05:37:14.017] TX> echo "__EVBTEST_END_67889254__"
[05:37:16.009] RX< ftp_server
[05:37:16.009] RX< 
[05:37:16.009] RX< [FTP] Ftp server init success!!!
[05:37:16.009] RX< msh /emmc>echo "__EVBTEST_END_67889254__"
[05:37:16.009] RX< __EVBTEST_END_67889254__
[05:37:16.009] RX< msh /emmc>
[05:37:17.405] TX> cam_set photo auto
[05:37:17.405] TX> echo "__EVBTEST_END_bc4f06dd__"
[05:37:18.009] RX< cam_set photo auto
[05:37:18.009] RX< [6] [App Dfs] auto mode
[05:37:18.009] RX< msh /emmc>echo "__EVBTEST_END_bc4f06dd__"
[05:37:18.009] RX< __EVBTEST_END_bc4f06dd__
[05:37:18.009] RX< msh /emmc>
[05:37:19.017] TX> dfs_capture_start
[05:37:19.017] TX> echo "__EVBTEST_END_75642534__"
[05:37:19.026] RX< [33m[W/ftp] service go wrong, now wait restarting...[0m
[05:37:19.026] RX< dfs_capture_start
[05:37:19.026] RX< [7] [cam] [88281][tshell][cgm_parse_bin:105]total logical camera num: 1
[05:37:19.026] RX< [6] [cam] [88281][tshell][cam_prelude_create:187]E id, 0
[05:37:19.026] RX< [7] [cam] [88282][cpl0][cam_prelude_proc_routine:1
[05:37:19.028] RX< 01]thread start
[05:37:19.028] RX< [6] [cam] [88282][tshell][cam_prelude_create:214]X ctx size 124 addr 0x88482d18
[05:37:19.028] RX< [6] [cam] [88288][tshell][sensor_probe:418]sensor [1]: identifing 0 success.
[05:37:19.028] RX< [6] [cam] [88289][tshell][sensor_probe:441]sensor [1]: probe exit!
[05:37:19.028] RX< [6] [cam] [8828
[05:37:19.029] RX< 9][tshell][cam_prelude_fast_probe:251]cam: 0 probe result: 0
[05:37:19.029] RX< [6] [cam] [88290][tshell][cgm_parse_bin:215]cam(0) probe success
[05:37:19.029] RX< [6] [cam] [88290][tshell][cam_entry:435]entry ok
[05:37:19.029] RX< [34m[cam entry] perf=9369(us)!
[05:37:19.029] RX< [0m[6] [App Cam] cam entry success
[05:37:19.029] RX< [36mmem_l
[05:37:19.031] RX< aySolv: scenario=01 in=4032x3024, me_rotate=1 me_stripe=1 
[05:37:19.031] RX< [0m[36mmem_laySolv: me_rot 1, me_stripe 1, eis 0, be_rot 0
[05:37:19.031] RX< [0mscen1 type26 bufAdr 0x89d40b70 sz 0x1400000 reCfg for bound!
[05:37:19.031] RX< [36mmem_laySolv: scen01 20 entries solved OK!
[05:37:19.031] RX< [0m[7] [cam] [88292][
[05:37:19.031] RX< tshell][cam_solve_whole_layout:355]
[05:37:19.031] RX< scen1: vol 0x8c000000 rbuf 0x8a000000 sz 0x1400000 wbuf 0x8b400000 sz 0x200000
[05:37:19.031] RX< [36mmem_laySolv: scenario=02 in=2016x1512, me_rotate=0 me_stripe=0 
[05:37:19.031] RX< [0m[36mmem_laySolv: me_rot 0, me_stripe 0, eis 0, be_rot 0
[05:37:19.031] RX< [0mscen2 
[05:37:19.034] RX< type15 bufAdr 0x89ce3ef0 sz 0xd00000 reCfg for bound!
[05:37:19.034] RX< [36mmem_laySolv: scen02 14 entries solved OK!
[05:37:19.034] RX< [0m[36mmem_laySolv: scenario=03 in=4032x2268, me_rotate=1 me_stripe=0 
[05:37:19.034] RX< [0m[36mmem_laySolv: me_rot 1, me_stripe 0, eis 0, be_rot 0
[05:37:19.034] RX< [0m[36mmem_laySol
[05:37:19.034] RX< v: scen03 14 entries solved OK!
[05:37:19.034] RX< [0m[36mmem_laySolv: scenario=04 in=4032x3024, me_rotate=1 me_stripe=1 
[05:37:19.034] RX< [0m[36mmem_laySolv: me_rot 1, me_stripe 1, eis 0, be_rot 0
[05:37:19.034] RX< [0m[36mmem_laySolv: scen04 14 entries solved OK!
[05:37:19.034] RX< [0m[36mmem_laySolv: scenario=05 in=
[05:37:19.037] RX< 1008x0756, me_rotate=0 me_stripe=0 
[05:37:19.037] RX< [0m[36mmem_laySolv: me_rot 0, me_stripe 0, eis 0, be_rot 0
[05:37:19.037] RX< [0m[36mmem_laySolv: scen05 17 entries solved OK!
[05:37:19.037] RX< [0m[36mmem_laySolv: scenario=06 in=1008x0720, me_rotate=0 me_stripe=0 
[05:37:19.037] RX< [0m[36mmem_laySolv: me_rot 0, m
[05:37:19.037] RX< e_stripe 0, eis 0, be_rot 0
[05:37:19.037] RX< [0m[36mmem_laySolv: scen06 12 entries solved OK!
[05:37:19.037] RX< [0m[36mmem_laySolv: scenario=01 in=4032x3024, me_rotate=1 me_stripe=1 
[05:37:19.037] RX< [0mscen1 type26 bufAdr 0x89d40b70 sz 0x1400000 reCfg for bound!
[05:37:19.037] RX< [36mmem_laySolv: scen01 20 entries s
[05:37:19.039] RX< olved OK!
[05:37:19.039] RX< [0m[7] [cam] [88299][tshell][cam_solve_whole_layout:383]Solve Whole-layout Done!
[05:37:19.039] RX< [6] [cam] [88300][tshell][cgm_parse_media_para:271]phy cam num: 1
[05:37:19.039] RX< [7] [cam] [88300][cer0][cer_recovery_proc:343]thread start cid, 0
[05:37:19.039] RX< [6] [cam] [88300][tshell][csc_
[05:37:19.040] RX< open:443]SENSOR MCLK cal: 24MHz
[05:37:19.040] RX< [6] [cam] [88301][tshell][csc_isp_clk_cal:344]MIPI CLK cal: 346MHz
[05:37:19.040] RX< [6] [cam] [88301][tshell][csc_isp_clk_cal:371]LITE CLK cal: 28MHz
[05:37:19.040] RX< [7] [cam] [88302][tshell][cpc_csi_rx_power_on:633]E id: 2
[05:37:19.040] RX< [4] [cam] [88302][tshell][cpc_c
[05:37:19.046] RX< si_rx_power_on:644]csi_2 has already power on, STATUS: 1
[05:37:19.046] RX< [6] [cam] [88303][tshell][cpc_update_clock:603]actual SNS mclk: 24MHz
[05:37:19.046] RX< [6] [cam] [88303][tshell][cpc_update_clock:608]actual MIPI0: 500MHz
[05:37:19.046] RX< [6] [cam] [88303][tshell][cpc_update_clock:598]actual LITE 
[05:37:19.046] RX< clk: 50MHz
[05:37:19.046] RX< [7] [cam] [88304][tshell][cam_prelude_open:297][34msnsOpen camID1 csiID0 phyIdx0[0m
[05:37:19.046] RX< [6] [cam] [88308][tshell][sensor_expo_gain_match:48]sensor get sensor expo gain of imx681_vst
[05:37:19.046] RX< [6] [cam] [88308][tshell][sensor_open:684]sensor [1] open OK.
[05:37:19.046] RX< [
[05:37:19.049] RX< 6] [cam] [88309][tshell][cam_cpm_parse_media:280]photo scenario, media para[mfnr:0, hdr:0, capture_num:0]
[05:37:19.049] RX< [6] [cam] [88309][tshell][cam_cpm_parse_media:283]photo scenario, media para[iso:0, gain:0, wb_mode:0]
[05:37:19.049] RX< [6] [cam] [88310][tshell][csc_isp_clk_cal:353]
[05:37:19.049] RX< FE CLK cal: 426MHz, ME CLK cal: 462MHz, FE/ME CLK cal: 508MHz
[05:37:19.049] RX< [6] [cam] [88310][tshell][csc_isp_clk_cal:360]BE CLK cal: 401MHz
[05:37:19.049] RX< [4] [cam] [88311][tshell][cam_fe_core_power_on:269]fe pipe has already power on, STATUS: 1
[05:37:19.049] RX< [6] [cam] [88311][tshell][cpc_update_
[05:37:19.052] RX< clock:588]actual FE/ME clk: 550MHz
[05:37:19.052] RX< [4] [cam] [88312][tshell][cam_be_core_power_on:964]be pipe has already power on, STATUS: 1
[05:37:19.052] RX< [6] [cam] [88312][tshell][cpc_update_clock:593]actual BE clk: 500MHz
[05:37:19.052] RX< [7] [cam] [88313][tshell][cam_cpm_core_power_on:425]id,0 ty
[05:37:19.052] RX< pe,1 ret 0
[05:37:19.052] RX< [6] [cam] [88313][tshell][cam_cpm_core_init:914]E id,0 sensor type,1
[05:37:19.052] RX< [6] [cam] [88314][tshell][cpm_core_check_tuningbin:854]Tuning bin crc check PASS! sum 0xc9b121ad, xor 0x29d57d51
[05:37:19.052] RX< [6] [cam] [88314][tshell][qpc_tuning_check_iqbin_validness:396
[05:37:19.055] RX< ]IQ bin addr: 0x8869de60, project_name: capture_12M
[05:37:19.055] RX< [6] [cam] [88316][tshell][qpc_tuning_check_iqbin_validness:397]total_size: 107856
[05:37:19.055] RX< [6] [cam] [88316][tshell][qpc_tuning_check_iqbin_validness:398]id_count: 93. ID_TOTAL: 94
[05:37:19.055] RX< [6] [cam] [88317][tshell][qpc_
[05:37:19.055] RX< tuning_check_iqbin_validness:399]spinel tuning data ver: V1.30
[05:37:19.055] RX< [6] [cam] [88317][tshell][cpm_core_check_tuningbin:868]IQ bin check success!
[05:37:19.055] RX< [6] [cam] [88317][tshell][cam_bm_core_init:94]E
[05:37:19.055] RX< [6] [cam] [88318][tshell][bm_lab_init:174]X ctx size 4 addr 0x88455
[05:37:19.062] RX< 450
[05:37:19.062] RX< [6] [cam] [88318][tshell][cam_bm_core_init:114]X ctx size 180 addr 0x88485878
[05:37:19.062] RX< [6] [cam] [88318][tshell][qpc_core_init:1218]E id,0
[05:37:19.062] RX< [6] [cam] [88319][tshell][qpc_queue_init:65]QPC init qnodes 8, size 508, pool 0x88486828
[05:37:19.062] RX< [6] [cam] [88319][tshell][_qpc_
[05:37:19.062] RX< get_cap_cfg_para:892]preset capCfg 200 3 4
[05:37:19.062] RX< [7] [cam] [88320][tshell][_qpc_cfg_hdr_frms:840]hdr preset - gainThres 1600
[05:37:19.062] RX< FrmNB:	TNR	|EV-	|EV0	|EV+
[05:37:19.062] RX< LDR:	 3	| 5	| -	| 3
[05:37:19.062] RX< LLLDR:	 3	| 5	| -	| 3
[05:37:19.062] RX< HDR:	 3	| 5	| 3	| 1
[05:37:19.062] RX< LLHDR:	 3	| 5	| 3	| 1
[05:37:19.062] RX< 
[05:37:19.062] RX< [6] [cam] [88325][tshell]
[05:37:19.066] RX< [qpc_core_init:1264]X ctx size 3800 addr 0x88485940
[05:37:19.066] RX< [6] [cam] [88325][tshell][cpm_core_get_param:666]cpm para chk: tunBin-w 4000 h 3000 img-w 4032 h 3024
[05:37:19.066] RX< [6] [cam] [88326][tshell][cam_fe_core_init:436]E id,0
[05:37:19.066] RX< [6] [cam] [88326][tshell][cam_fe_core_init:490]
[05:37:19.066] RX< X ctx size 100 addr 0x884973b8
[05:37:19.066] RX< [7] [cam] [88327][tshell][qpc_core_fe_chords_init:1659][34mqpc fe init snsOut w 4032 h 3024, tbl w 28 h 20[0m
[05:37:19.066] RX< [6] [cam] [88327][tshell][cam_me_core_init:1474]X ctx size 1352 addr 0x88499770
[05:37:19.066] RX< [34m[ME SLICE CFG] perf=1428(u
[05:37:19.069] RX< s)!
[05:37:19.069] RX< [0m[6] [cam] [88330][tshell][cam_bayer_fe_3a_stats_core_init:445]fe 3a id,0
[05:37:19.069] RX< [6] [cam] [88330][tshell][cam_bayer_fe_3a_stats_core_init:490]X ctx size 132 addr 0x884a2190
[05:37:19.069] RX< [6] [cam] [88330][tshell][cam_be_core_init:618]E id,0
[05:37:19.069] RX< [7] [cam] [88331][be0][be_
[05:37:19.069] RX< core_irq_proc:267]thread start cid,0
[05:37:19.069] RX< [6] [cam] [88331][tshell][cam_be_core_init:710]X ctx size 464 addr 0x884a2520
[05:37:19.069] RX< [6] [cam] [88332][tshell][cam_lite_core_init:433]E id,0
[05:37:19.069] RX< [7] [cam] [88332][lite0][lite_core_irq_proc:152]thread start cid,0
[05:37:19.069] RX< [6] [cam] [88332
[05:37:19.074] RX< ][tshell][cam_lite_core_init:497]X ctx size 164 addr 0x884a4f70
[05:37:19.074] RX< [6] [cam] [88333][tshell][awb_wrapper_init:66]xxx awb_bin=0x88488f14, awb_bin_length=8068
[05:37:19.074] RX< [6] [cam] [88333][tshell][awb_wrapper_init:86]X algo_handle 0x884acfa8
[05:37:19.074] RX< [7] [cam] [88334][awb0][a5_cor
[05:37:19.074] RX< e_wrapper_task:252]thread start cid,0 algo type,2
[05:37:19.074] RX< [6] [cam] [88334][tshell][a5_core_init_task:426]thread created: awb0 mq=0x884af2a0 thread=0x884af3b8 sem=0x884af230 ret=0
[05:37:19.074] RX< [6] [cam] [88334][tshell][bayer_ae_wrapper_init:68]E id,0 proc mode 1 
[05:37:19.074] RX< 
[05:37:19.074] RX< [AEC Proc]
[05:37:19.076] RX<  @[allib_ae_set_debug_log_flag] Line:129:[DEBUG] debug level/to_file/to_terminal: 22/1/1
[05:37:19.076] RX< [AEC Proc] @[AeInit] Line:377:[INFO] AE ver: 2026_V2.269
[05:37:19.076] RX< 
[05:37:19.076] RX< [AEC Proc] @[allib_ae_loadfunc] Line:193:[INFO] camera ID: 0
[05:37:19.076] RX< [AEC Proc] @[AeInit] Line:404:[DEBUG] init imu 
[05:37:19.076] RX< detector sucessed!
[05:37:19.076] RX< [AEC Proc] @[AeInit] Line:406:[DEBUG] imu init errcode:0
[05:37:19.076] RX< [AEC Proc] @[alAE_set_param] Line:575:[DEBUG] sw_maxtime 66381 ,pertline 9444, after check sensor step sw_max_time 66375.00
[05:37:19.076] RX< [AEC Proc] @[alAE_set_param] Line:580:[DEBUG] sw_minti
[05:37:19.079] RX< me 37 ,pertline 9444, after check sensor step sw_min_time 36.00
[05:37:19.079] RX< [AEC Proc] @[alAE_set_param] Line:513:[DEBUG] DEBUG minbv exptime 9 gain 100, minExpBV 14098
[05:37:19.079] RX< [AEC Proc] @[AeTuningParseSet] Line:167:[DEBUG] aeparam version 2.268 60704
[05:37:19.079] RX< [AEC Proc] @[alAE_set_
[05:37:19.079] RX< param] Line:340:[DEBUG] INITEXP gain 100, shutter 8000, midtonegain 100, bv 4303
[05:37:19.079] RX< [6] [cam] [88342][tshell][bayer_ae_wrapper_init:119]X tline 9444 max_exp 66381 alg_hdl 0x884b1b68 
[05:37:19.079] RX< [7] [cam] [88342][b_ae0][a5_core_wrapper_task:252]thread start cid,0 algo t
[05:37:19.082] RX< ype,0
[05:37:19.082] RX< [6] [cam] [88343][tshell][a5_core_init_task:426]thread created: b_ae0 mq=0x884b8440 thread=0x884b8558 sem=0x884b83d0 ret=0
[05:37:19.082] RX< [6] [cam] [88343][tshell][atf_wrapper_init:67]E id,0
[05:37:19.082] RX< [6] [cam] [88344][tshell][atf_wrapper_init:107]X alg_ctx addr 0x884baa18
[05:37:19.089] RX< 
[05:37:19.089] RX< [7] [cam] [88344][atf0][a5_core_wrapper_task:252]thread start cid,0 algo type,1
[05:37:19.089] RX< [6] [cam] [88345][tshell][a5_core_init_task:426]thread created: atf0 mq=0x884bcd70 thread=0x884bce88 sem=0x884bcd00 ret=0
[05:37:19.089] RX< [6] [cam] [88345][tshell][cam_cpm_core_init:1030]X c
[05:37:19.089] RX< tx size 1064 addr 0x88485440
[05:37:19.089] RX< [6] [cam] [88346][tshell][csc_open:527]ok! phys_id[1], phys_num[1] 
[05:37:19.089] RX< [6] [cam] [88346][tshell][cam_open:699]open ok! camera_id[0]
[05:37:19.089] RX< [34m[cam open] perf=55634(us)!
[05:37:19.089] RX< [0m[6] [App Cam] cam open success
[05:37:19.089] RX< [6] [cam] [88352][tshell][cs
[05:37:19.092] RX< c_init:637]sensor info:size:4032x3024, formt: 0x2b, bps: 2496, tline: 9444
[05:37:19.092] RX< [6] [cam] [88352][tshell][cam_sif_mgr_init:261]E id,0
[05:37:19.092] RX< [7] [cam] [88353][sif0][sif_irq_proc:151]thread start cid,0
[05:37:19.092] RX< [6] [cam] [88353][tshell][cam_sif_mgr_init:293]X ctx size 52 addr 
[05:37:19.092] RX< 0x884d5f40
[05:37:19.092] RX< [7] [cam] [88353][tshell][sif_btm_paramSet:102]btm lite w4032 h4032 binEn1 binRatio2
[05:37:19.092] RX< [7] [cam] [88354][tshell][sif_btm_paramSet:106]cropSlct2 x0 y0 w4032 h4032
[05:37:19.092] RX< [6] [cam] [88354][tshell][cam_prelude_init_cfg:368]CSI ID is 0,  phy lanes is 2.
[05:37:19.092] RX< [7
[05:37:19.121] RX< ] [cam] [88354][tshell][check_phy_ready:96]MIPI_PHY[0] is ready
[05:37:19.121] RX< [6] [cam] [88355][tshell][sensor_init:348]sensor [1]: register ok
[05:37:19.121] RX< [6] [cam] [88355][tshell][sensor_set_mode:852]sensor [1]: SetMode -> mode = 0.
[05:37:19.121] RX< [6] [cam] [88356][tshell][sensor_send_reg_tab
[05:37:19.121] RX< _to_sensor:704]sensor [1]: send_reg_tab_to_sensor E.
[05:37:19.121] RX< [6] [cam] [88367][tshell][sensor_send_reg_tab_to_sensor:726]sensor [1]: reg_count = 77.
[05:37:19.121] RX< [6] [cam] [88368][tshell][sensor_init:361]sensor [1]: init success.
[05:37:19.121] RX< [6] [cam] [88369][tshell][sensor_set_mode:852]s
[05:37:19.123] RX< ensor [1]: SetMode -> mode = 1.
[05:37:19.123] RX< [6] [cam] [88369][tshell][sensor_send_reg_tab_to_sensor:704]sensor [1]: send_reg_tab_to_sensor E.
[05:37:19.123] RX< [6] [cam] [88384][tshell][sensor_send_reg_tab_to_sensor:726]sensor [1]: reg_count = 84.
[05:37:19.123] RX< [6] [cam] [88384][tshell][csc_init:64
[05:37:19.123] RX< 6]ok! phys_id[1], phys_num[1]
[05:37:19.123] RX< [6] [cam] [88385][tshell][csc_get_bayer_single_buffer:1038]scenario_type: 1
[05:37:19.123] RX< [6] [cam] [88385][tshell][csc_set_stats_fmt:98]index 0 w 1 h 1 bw 8 wcmp 255
[05:37:19.123] RX< [7] [cam] [88386][tshell][bm_ioctl:201]BMIOC_STATS_FMT
[05:37:19.123] RX< [6] [cam] [88386
[05:37:19.126] RX< ][tshell][csc_set_fe_fmt:47]index 1 w 4032 h 3024 bw 10 wcmp 0
[05:37:19.126] RX< [7] [cam] [88386][tshell][bm_ioctl:201]BMIOC_FE_FMT
[05:37:19.126] RX< [6] [cam] [88387][tshell][csc_set_lite_fmt:115]index 2 w 1008 h 720 bw 8 wcmp 255
[05:37:19.126] RX< [7] [cam] [88387][tshell][bm_ioctl:201]BMIOC_LITE_FMT
[05:37:19.126] RX< [6]
[05:37:19.126] RX<  [cam] [88387][tshell][csc_set_lite_fmt:115]index 21 w 1008 h 720 bw 8 wcmp 255
[05:37:19.126] RX< [7] [cam] [88388][tshell][bm_ioctl:201]BMIOC_LITE_FMT
[05:37:19.126] RX< [6] [cam] [88388][tshell][csc_set_be_fmt:81]index 25 w 0 h 0 bw 8 wcmp 255
[05:37:19.126] RX< [7] [cam] [88389][tshell][bm_ioctl:201]BMIOC_
[05:37:19.129] RX< BE_FMT
[05:37:19.129] RX< [6] [cam] [88389][tshell][csc_set_be_fmt:81]index 22 w 480 h 360 bw 8 wcmp 255
[05:37:19.129] RX< [7] [cam] [88389][tshell][bm_ioctl:201]BMIOC_BE_FMT
[05:37:19.129] RX< [6] [cam] [88390][tshell][csc_set_me_fmt:64]index 5 w 3024 h 4032 bw 10 wcmp 0, rdma_addr 0x8919f780, wdma_addr 0x891
[05:37:19.129] RX< 9f780
[05:37:19.129] RX< [7] [cam] [88390][tshell][bm_ioctl:201]BMIOC_ME_FMT
[05:37:19.129] RX< [6] [cam] [88390][tshell][csc_set_me_fmt:64]index 6 w 3024 h 4032 bw 8 wcmp 255, rdma_addr 0x88795200, wdma_addr 0x8c000000
[05:37:19.129] RX< [6] [cam] [88391][tshell][cam_me_core_buffer_cfg:1367]
[05:37:19.129] RX< ----ME PIPE INFO-
[05:37:19.132] RX< --
[05:37:19.132] RX<  wdma_buf_num:1, rotation_en: 1
[05:37:19.132] RX< [7] [cam] [88391][tshell][cam_me_core_buffer_cfg:1375]yuv wdma_addr 0:0x8c000000, meta_en: 0, 0x00000000
[05:37:19.132] RX< [7] [cam] [88392][tshell][bm_ioctl:201]BMIOC_ME_FMT
[05:37:19.132] RX< [6] [cam] [88393][tshell][csc_init:654]get otp ok! phys_id[1], 
[05:37:19.132] RX< phys_num[1]
[05:37:19.132] RX< [6] [cam] [88393][tshell][cam_init:789]init ok! logic_id[0]
[05:37:19.132] RX< [34m[cam init] perf=41466(us)!
[05:37:19.132] RX< [0m[6] [App Cam] cam init success
[05:37:19.132] RX< [7] [cam] [88394][tshell][cam_cpm_core_stream_on:541]id 0 sensor type 1
[05:37:19.132] RX< [6] [cam] [88394][tshell][sensor_stream_on
[05:37:19.134] RX< :979]sensor [1]: stream_on
[05:37:19.134] RX< [6] [cam] [88395][tshell][sensor_stream_on:1007]sensor [1]: REG: 0x100, W:0x1.
[05:37:19.134] RX< [6] [cam] [88395][tshell][sensor_stream_on:1009]sensor [1]: REG: 0x100, R:0x1.
[05:37:19.134] RX< [6] [cam] [88395][tshell][csc_prv_start:783]ok! phys_id[1], phys_num[1]
[05:37:19.134] RX< , cam_ids[1]
[05:37:19.134] RX< [6] [cam] [88396][tshell][cam_start:897]preview start ok! logic_id[0]
[05:37:19.134] RX< [34m[cam start] perf=2395(us)!
[05:37:19.134] RX< [0m[6] [App Cam] cam start success
[05:37:19.134] RX< [6] [App Dfs] Gravity_XR Capture Start
[05:37:19.134] RX< msh /emmc>echo "__EVBTEST_END_75642534__"
[05:37:19.134] RX< __EVBTEST_END_75642534
[05:37:19.191] RX< __
[05:37:19.191] RX< msh /emmc>[7] [cam] [88398][b_3a_sts][bayer_stats_core_irq_proc:164]thread start cid,0
[05:37:19.191] RX< [7] [cam] [88398][fe0][fe_core_irq_proc:98]thread start cid,0
[05:37:19.191] RX< [34m[AE] fid=0,exp=33282,adg=463,Y=278,mtg=100,shg=100,bgbv=105,iso=463,cnv0,hdr0
[05:37:19.191] RX< [0m[34m[b_ae0 proc
[05:37:19.604] RX< ] perf=2696(us), max=2696(us)!
[05:37:19.604] RX< [0m[34m[awb0 proc] perf=1433(us), max=1433(us)!
[05:37:19.604] RX< [0m[34m[AE conv] fid=10,exp=18657,adg=400,Y=4434,mtg=206,shg=100,bgbv=1153,iso=400,cnv1,hdr0
[05:37:19.604] RX< [0m[34m[cap] FE sync ME @fid10 as mod1 cfg0x01, cap 5frms @fid+4
[05:37:19.604] RX< [0m[6] [ca
[05:37:19.686] RX< m] [88852][me0][cpm_cb_fe2me_tikChk:152]frm_length 33329us, fe2me delta 11
[05:37:19.686] RX< [7] [JPEG] frame num=5, pre frame=1398101 Bytes
[05:37:19.686] RX< [exif] cap 0, bv 1150 exp 18657 iso 400 time 88887
[05:37:19.686] RX< [6] [cam] [88906][fe0][_cpm_cb_jpegInfo_proc:602]SnapStream E @ frm15!
[05:37:19.686] RX< [cap] oFrm
[05:37:19.783] RX< 15 Ym9121 bv1149 lux177
[05:37:19.783] RX< [32m[BE] fid=0, perf=1449(us), max=1449(us)!
[05:37:19.783] RX< [0m[34m[cap] fid: me0 fe16, perf=556763(us)!
[05:37:19.783] RX< [0m[7] [cam] [88953][me0][me_core_thread:322]ME out fid 0
[05:37:19.783] RX< [cap] oFrm16 Ym9122 bv1149 lux177
[05:37:19.783] RX< [cap] oFrm17 Ym9125 bv1153 lux177
[05:37:19.783] RX< [cap] oFrm
[05:37:20.029] RX< 18 Ym9169 bv1152 lux177
[05:37:20.029] RX< [cap] oFrm19 Ym9170 bv1152 lux177
[05:37:20.029] RX< [6] [cam] [89072][fe0][_cpm_cb_jpegInfo_proc:610]SnapStream X @ frm20!
[05:37:20.029] RX< [34m[cap] fid: me4 fe20, perf=34095(us)!
[05:37:20.029] RX< [0m[33m[W/ftp] service go wrong, now wait restarting...[0m
[05:37:20.029] RX< [6] [App Dfs] Gravity_X
[05:37:20.029] RX< R Capture Stop Success: total frames = 5
[05:37:20.029] RX< [6] [cam] [89290][DfsSend][sensor_stream_off:1143]sensor [1]: stream_off
[05:37:20.029] RX< [6] [cam] [89291][DfsSend][sensor_stream_off:1172]sensor [1]: REG: 0x100, W:0x0.
[05:37:20.029] RX< [6] [cam] [89291][DfsSend][sensor_stream_off:1174]sensor [1]
[05:37:20.033] RX< : REG: 0x100, R:0x0.
[05:37:20.033] RX< [6] [cam] [89291][DfsSend][csc_prv_stop:893]ok! phys_id[1], phys_num[1], stop_type = 0
[05:37:20.033] RX< [6] [cam] [89292][DfsSend][cam_stop:1017]preview stop ok! logic_id[0]
[05:37:20.033] RX< [34m[cam stop] perf=2432(us)!
[05:37:20.033] RX< [0m[6] [App Cam] cam stop success
[05:37:20.033] RX< [7] [cam] 
[05:37:20.033] RX< [89293][DfsSend][cam_cpm_core_power_off:457]id,0 type,1 ret 0
[05:37:20.033] RX< [6] [cam] [89293][sif0][sif_irq_proc:174]thread release cid,0
[05:37:20.033] RX< [6] [cam] [89293][DfsSend][cam_sif_mgr_deinit:316]X
[05:37:20.033] RX< [6] [cam] [89294][DfsSend][cam_deinit:846]deinit ok! logic_id[0]
[05:37:20.033] RX< [34m[cam dei
[05:37:20.036] RX< nit] perf=1220(us)!
[05:37:20.036] RX< [0m[6] [App Cam] cam deinit success
[05:37:20.036] RX< [6] [cam] [89295][DfsSend][sensor_close:1247]sensor [1]: close!
[05:37:20.036] RX< [6] [cam] [89296][DfsSend][cam_bm_core_deinit:136]X
[05:37:20.036] RX< [INFO]	cpm[0] snsType1 capMod1 cfg0x01 5frms
[05:37:20.036] RX< [head]  frmID ref 10 eff 14 sns 12 
[05:37:20.036] RX< cdma 13 
[05:37:20.036] RX< [AErlt] flags fid 10 isWdr 0 isConv 1 sport 0 scen 0
[05:37:20.036] RX<         info  Lux 177 Ymean 4434 nxtBV 38 bgBV 1153
[05:37:20.036] RX< [exp]   norm  st18657 adg00400 ispg00100
[05:37:20.036] RX<         short st00000 adg00000 ispg00100
[05:37:20.036] RX<         long  st00000 adg00000 ispg00100
[05:37:20.036] RX< [head]  frmID re
[05:37:20.038] RX< f 9 eff 13 sns 11 cdma 12 
[05:37:20.038] RX< [AErlt] flags fid 9 isWdr 0 isConv 2 sport 0 scen 0
[05:37:20.038] RX<         info  Lux 177 Ymean 4508 nxtBV 1082 bgBV 1150
[05:37:20.038] RX< [exp]   norm  st18657 adg00400 ispg00100
[05:37:20.038] RX<         short st00000 adg00000 ispg00100
[05:37:20.038] RX<         long  st00000 adg00000 ispg0010
[05:37:20.039] RX< 0
[05:37:20.039] RX< [head]  frmID ref 8 eff 12 sns 10 cdma 11 
[05:37:20.039] RX< [AErlt] flags fid 8 isWdr 0 isConv 0 sport 0 scen 0
[05:37:20.039] RX<         info  Lux 177 Ymean 4111 nxtBV 1082 bgBV 1150
[05:37:20.039] RX< [exp]   norm  st18657 adg00400 ispg00100
[05:37:20.039] RX<         short st00000 adg00000 ispg00100
[05:37:20.039] RX<         long  st0000
[05:37:20.041] RX< 0 adg00000 ispg00100
[05:37:20.041] RX< [head]  frmID ref 7 eff 11 sns 9 cdma 10 
[05:37:20.041] RX< [AErlt] flags fid 7 isWdr 0 isConv 0 sport 0 scen 0
[05:37:20.041] RX<         info  Lux 177 Ymean 6187 nxtBV 1076 bgBV 1148
[05:37:20.041] RX< [exp]   norm  st18684 adg00400 ispg00100
[05:37:20.041] RX<         short st00000 adg00000 ispg00100
[05:37:20.041] RX<   
[05:37:20.041] RX<       long  st00000 adg00000 ispg00100
[05:37:20.041] RX< [head]  frmID ref 6 eff 10 sns 8 cdma 9 
[05:37:20.041] RX< [AErlt] flags fid 6 isWdr 0 isConv 0 sport 0 scen 0
[05:37:20.041] RX<         info  Lux 177 Ymean 6205 nxtBV 1082 bgBV 1150
[05:37:20.041] RX< [exp]   norm  st18657 adg00400 ispg00100
[05:37:20.041] RX<         short st00000 adg0
[05:37:20.044] RX< 0000 ispg00100
[05:37:20.044] RX<         long  st00000 adg00000 ispg00100
[05:37:20.044] RX< [6] [cam] [89304][be0][be_core_irq_proc:326]thread release cid,0
[05:37:20.044] RX< [6] [cam] [89305][DfsSend][cam_be_core_deinit:787]X
[05:37:20.044] RX< [6] [cam] [89305][me0][me_core_thread:367]thread release cid,0
[05:37:20.044] RX< [6] [cam] [89305][
[05:37:20.044] RX< DfsSend][cam_me_core_deinit:1502]X
[05:37:20.044] RX< [6] [cam] [89306][fe0][fe_core_irq_proc:121]thread release cid,0
[05:37:20.044] RX< [6] [cam] [89306][DfsSend][cam_fe_core_deinit:536]X
[05:37:20.044] RX< [6] [cam] [89306][b_3a_sts][bayer_stats_core_irq_proc:193]thread release cid,0
[05:37:20.044] RX< [6] [cam] [89307][DfsSe
[05:37:20.047] RX< nd][cam_bayer_stats_core_deinit:512]X
[05:37:20.047] RX< [6] [cam] [89307][lite0][lite_core_irq_proc:190]thread release cid,0
[05:37:20.047] RX< [6] [cam] [89307][DfsSend][cam_lite_core_deinit:556]X
[05:37:20.047] RX< [6] [cam] [89308][b_ae0][a5_core_wrapper_task:315]thread release cid,0,algo,0
[05:37:20.047] RX< [6] [cam] [8930
[05:37:20.047] RX< 8][DfsSend][bayer_ae_wrapper_deinit:204]X
[05:37:20.047] RX< [6] [cam] [89309][atf0][a5_core_wrapper_task:315]thread release cid,0,algo,1
[05:37:20.047] RX< [6] [cam] [89309][DfsSend][atf_wrapper_deinit:153]X
[05:37:20.047] RX< [6] [cam] [89309][awb0][a5_core_wrapper_task:315]thread release cid,0,algo,2
[05:37:20.047] RX< [6] [c
[05:37:20.050] RX< am] [89310][DfsSend][awb_wrapper_deinit:153]X
[05:37:20.050] RX< [6] [cam] [89310][DfsSend][cam_5a_core_deinit:555]X
[05:37:20.050] RX< [6] [cam] [89310][DfsSend][cam_5a_inf_deinit:149]X
[05:37:20.050] RX< [6] [cam] [89311][qpc0][qpc_core_msg_proc:697]thread release cid,0
[05:37:20.050] RX< [6] [cam] [89311][DfsSend][qpc_core_de
[05:37:20.050] RX< init:1330]X
[05:37:20.050] RX< [6] [cam] [89311][DfsSend][cam_cpm_core_deinit:1107]X
[05:37:20.050] RX< [6] [cam] [89311][DfsSend][csc_close:584]ok! phys_id[1], phys_num[1]
[05:37:20.050] RX< [7] [cam] [89312][cer0][cer_recovery_proc:352]msg type = 254
[05:37:20.050] RX< [6] [cam] [89312][cer0][cer_recovery_proc:454]thread relea
[05:37:20.073] RX< se cid,0
[05:37:20.073] RX< [6] [cam] [89313][DfsSend][cer_deinit:560]X
[05:37:20.073] RX< [6] [cam] [89313][DfsSend][cam_close:750]close ok! logic_id[0]
[05:37:20.073] RX< [34m[cam close] perf=18697(us)!
[05:37:20.073] RX< [0m[6] [App Cam] cam close success
[05:37:20.073] RX< [6] [cam] [89314][cpl0][cam_prelude_proc_routine:136]thread release
[05:37:20.073] RX< [6] [cam] [89314][DfsSend][cam_exit:551]exit ok!
[05:37:20.073] RX< [34m[cam exit] perf=651(us)!
[05:37:20.073] RX< [0m[6] [App Cam] cam exit success
[05:37:20.073] RX< [6] [App Cam] jpeg deinit success
[05:37:20.073] RX< [6] [App Dfs] Save Photo Successful: /emmc/PIC/20260813_083719_8397/
[05:37:20.073] RX< [6] [App Dfs] Capture completed succe
[05:37:20.081] TX> ftp_server
[05:37:20.081] TX> echo "__EVBTEST_END_d25ae975__"
[05:37:22.073] RX< ssfully.
[05:37:22.073] RX< ftp_server
[05:37:22.073] RX< 
[05:37:22.073] RX< [FTP] Ftp server init success!!!
[05:37:22.073] RX< msh /emmc>echo "__EVBTEST_END_d25ae975__"
[05:37:22.073] RX< __EVBTEST_END_d25ae975__
[05:37:22.073] RX< msh /emmc>[33m[W/ftp] service go wrong, now wait restarting...[0m
[05:37:22.073] RX< [33m[W/ftp] service go wrong, now wait restarting...[0m
[05:37:24.073] RX< [33m[W/ftp] service go wrong, now wait restarting...[0m
[05:37:24.073] RX< [33m[W/ftp] service go wrong, now wait restarting...[0m
[05:37:26.073] RX< [33m[W/ftp] service go wrong, now wait restarting...[0m
[05:37:26.073] RX< [33m[W/ftp] service go wrong, now wait restarting...[0m
[05:37:26.073] RX< [33m[W/ftp] service go wrong, now wait restarting...[0m
[05:37:28.074] RX< [33m[W/ftp] service go wrong, now wait restarting...[0m
[05:37:28.074] RX< [33m[W/ftp] service go wrong, now wait restarting...[0m
[05:37:28.074] RX< [33m[W/ftp] service go wrong, now wait restarting...[0m
[05:37:28.074] RX< [33m[W/ftp] service go wrong, now wait restarting...[0m
[05:37:28.801] TX> cam_set video 1080p
[05:37:28.801] TX> echo "__EVBTEST_END_4d5fe2d6__"
[05:37:29.021] RX< [33m[W/ftp] service go wrong, now wait restarting...[0m
[05:37:29.021] RX< cam_set video 1080p
[05:37:29.021] RX< [6] [App Dfs] w(1296) * h(2304) is 1080p, eis 0
[05:37:29.021] RX< msh /emmc>echo "__EVBTEST_END_4d5fe2d6__"
[05:37:29.021] RX< __EVBTEST_END_4d5fe2d6__
[05:37:29.021] RX< msh /emmc>[33m[W/ftp] service go wrong, now wait restarting...
[05:37:29.029] TX> dfs_video_start
[05:37:29.029] TX> echo "__EVBTEST_END_321dca3d__"
[05:37:29.116] RX< [0m
[05:37:29.116] RX< dfs_video_start
[05:37:29.116] RX< [33m[W/ftp] service go wrong, now wait restarting...[0m
[05:37:29.116] RX< [7] [cam] [98370][tshell][cgm_parse_bin:105]total logical camera num: 1
[05:37:29.116] RX< [6] [cam] [98370][tshell][cam_prelude_create:187]E id, 0
[05:37:29.116] RX< [7] [cam] [98371][cpl0][cam_prelude_proc_routin
[05:37:29.116] RX< e:101]thread start
[05:37:29.116] RX< [6] [cam] [98371][tshell][cam_prelude_create:214]X ctx size 124 addr 0x884717e8
[05:37:29.116] RX< [6] [cam] [98377][tshell][sensor_probe:418]sensor [1]: identifing 0 success.
[05:37:29.116] RX< [6] [cam] [98379][tshell][sensor_probe:441]sensor [1]: probe exit!
[05:37:29.116] RX< [6] [cam] [9
[05:37:29.118] RX< 8379][tshell][cam_prelude_fast_probe:251]cam: 0 probe result: 0
[05:37:29.118] RX< [6] [cam] [98380][tshell][cgm_parse_bin:215]cam(0) probe success
[05:37:29.118] RX< [6] [cam] [98380][tshell][cam_entry:435]entry ok
[05:37:29.118] RX< [34m[cam entry] perf=10186(us)!
[05:37:29.118] RX< [0m[6] [App Cam] cam entry success
[05:37:29.118] RX< [36mm
[05:37:29.119] RX< em_laySolv: scenario=01 in=4032x3024, me_rotate=1 me_stripe=1 
[05:37:29.119] RX< [0m[36mmem_laySolv: me_rot 1, me_stripe 1, eis 0, be_rot 0
[05:37:29.119] RX< [0mscen1 type26 bufAdr 0x89d40b70 sz 0x1400000 reCfg for bound!
[05:37:29.119] RX< [36mmem_laySolv: scen01 20 entries solved OK!
[05:37:29.119] RX< [0m[36mmem_laySo
[05:37:29.121] RX< lv: scenario=02 in=2016x1512, me_rotate=0 me_stripe=0 
[05:37:29.121] RX< [0m[36mmem_laySolv: me_rot 0, me_stripe 0, eis 0, be_rot 0
[05:37:29.121] RX< [0mscen2 type15 bufAdr 0x89ce3ef0 sz 0xd00000 reCfg for bound!
[05:37:29.121] RX< [36mmem_laySolv: scen02 14 entries solved OK!
[05:37:29.121] RX< [0m[36mmem_laySolv: scena
[05:37:29.121] RX< rio=03 in=4032x2268, me_rotate=1 me_stripe=0 
[05:37:29.121] RX< [0m[36mmem_laySolv: me_rot 1, me_stripe 0, eis 0, be_rot 0
[05:37:29.121] RX< [0m[36mmem_laySolv: scen03 14 entries solved OK!
[05:37:29.121] RX< [0m[7] [cam] [98384][tshell][cam_solve_whole_layout:355]
[05:37:29.121] RX< scen3: vol 0x8c000000 rbuf 0x89d6cdf0 
[05:37:29.124] RX< sz 0xd00000 wbuf 0x8aa6cdf0 sz 0xd00000
[05:37:29.124] RX<        rtmp txbuf 0x8bf80000 sz 0x80000 avcBuf 0x8bf00000 sz 0x80000
[05:37:29.124] RX< [36mmem_laySolv: scenario=04 in=4032x3024, me_rotate=1 me_stripe=1 
[05:37:29.124] RX< [0m[36mmem_laySolv: me_rot 1, me_stripe 1, eis 0, be_rot 0
[05:37:29.124] RX< [0m[36mmem_la
[05:37:29.124] RX< ySolv: scen04 14 entries solved OK!
[05:37:29.124] RX< [0m[36mmem_laySolv: scenario=05 in=1008x0756, me_rotate=0 me_stripe=0 
[05:37:29.124] RX< [0m[36mmem_laySolv: me_rot 0, me_stripe 0, eis 0, be_rot 0
[05:37:29.124] RX< [0m[36mmem_laySolv: scen05 17 entries solved OK!
[05:37:29.124] RX< [0m[36mmem_laySolv: scenario=06
[05:37:29.127] RX<  in=1008x0720, me_rotate=0 me_stripe=0 
[05:37:29.127] RX< [0m[36mmem_laySolv: me_rot 0, me_stripe 0, eis 0, be_rot 0
[05:37:29.127] RX< [0m[36mmem_laySolv: scen06 12 entries solved OK!
[05:37:29.127] RX< [0m[36mmem_laySolv: scenario=01 in=4032x3024, me_rotate=1 me_stripe=1 
[05:37:29.127] RX< [0mscen1 type26 bufAdr 0x89d
[05:37:29.129] RX< 40b70 sz 0x1400000 reCfg for bound!
[05:37:29.129] RX< [36mmem_laySolv: scen01 20 entries solved OK!
[05:37:29.129] RX< [0m[7] [cam] [98390][tshell][cam_solve_whole_layout:383]Solve Whole-layout Done!
[05:37:29.129] RX< [6] [cam] [98390][tshell][cgm_parse_media_para:271]phy cam num: 1
[05:37:29.129] RX< [7] [cam] [98390][cer0]
[05:37:29.130] RX< [cer_recovery_proc:343]thread start cid, 0
[05:37:29.130] RX< [6] [cam] [98391][tshell][csc_open:443]SENSOR MCLK cal: 24MHz
[05:37:29.130] RX< [6] [cam] [98391][tshell][csc_isp_clk_cal:344]MIPI CLK cal: 277MHz
[05:37:29.130] RX< [6] [cam] [98392][tshell][csc_isp_clk_cal:371]LITE CLK cal: 25MHz
[05:37:29.130] RX< [7] [cam] [98392
[05:37:29.135] RX< ][tshell][cpc_csi_rx_power_on:633]E id: 2
[05:37:29.135] RX< [4] [cam] [98392][tshell][cpc_csi_rx_power_on:644]csi_2 has already power on, STATUS: 1
[05:37:29.135] RX< [6] [cam] [98392][tshell][cpc_update_clock:603]actual SNS mclk: 24MHz
[05:37:29.135] RX< [6] [cam] [98393][tshell][cpc_update_clock:608]actual 
[05:37:29.136] RX< MIPI0: 300MHz
[05:37:29.136] RX< [6] [cam] [98393][tshell][cpc_update_clock:598]actual LITE clk: 25MHz
[05:37:29.136] RX< [7] [cam] [98394][tshell][cam_prelude_open:297][34msnsOpen camID1 csiID0 phyIdx0[0m
[05:37:29.136] RX< [6] [cam] [98398][tshell][sensor_expo_gain_match:48]sensor get sensor expo gain of im
[05:37:29.138] RX< x681_vst
[05:37:29.138] RX< [6] [cam] [98398][tshell][sensor_open:684]sensor [1] open OK.
[05:37:29.138] RX< [6] [cam] [98398][tshell][cam_cpm_parse_media:298]video scenario:3, media para[fps:0, mirror_en:0, flip_en:0]
[05:37:29.138] RX< [6] [cam] [98399][tshell][cam_cpm_parse_media:301]video scenario, media pa
[05:37:29.138] RX< ra[iso:0, gain:0, wb_mode:0]
[05:37:29.138] RX< [6] [cam] [98400][tshell][csc_isp_clk_cal:353]FE CLK cal: 373MHz, ME CLK cal: 371MHz, FE/ME CLK cal: 410MHz
[05:37:29.138] RX< [6] [cam] [98400][tshell][csc_isp_clk_cal:360]BE CLK cal: 301MHz
[05:37:29.138] RX< [4] [cam] [98401][tshell][cam_fe_core_power_on:269]f
[05:37:29.143] RX< e pipe has already power on, STATUS: 1
[05:37:29.143] RX< [6] [cam] [98401][tshell][cpc_update_clock:588]actual FE/ME clk: 500MHz
[05:37:29.143] RX< [7] [cam] [98401][tshell][cam_cpm_core_power_on:425]id,0 type,1 ret 0
[05:37:29.143] RX< [6] [cam] [98402][tshell][cam_cpm_core_init:914]E id,0 sensor type,1
[05:37:29.143] RX< [6] 
[05:37:29.143] RX< [cam] [98405][tshell][cpm_core_check_tuningbin:854]Tuning bin crc check PASS! sum 0x7fb15f, xor 0x4e593f47
[05:37:29.143] RX< [6] [cam] [98405][tshell][qpc_tuning_check_iqbin_validness:396]IQ bin addr: 0x88646660, project_name: video_3M
[05:37:29.143] RX< [6] [cam] [98406][tshell][qpc_tuning_
[05:37:29.146] RX< check_iqbin_validness:397]total_size: 94208
[05:37:29.146] RX< [6] [cam] [98406][tshell][qpc_tuning_check_iqbin_validness:398]id_count: 93. ID_TOTAL: 94
[05:37:29.146] RX< [6] [cam] [98407][tshell][qpc_tuning_check_iqbin_validness:399]spinel tuning data ver: V1.30
[05:37:29.146] RX< [6] [cam] [98407][tshell][cp
[05:37:29.146] RX< m_core_check_tuningbin:868]IQ bin check success!
[05:37:29.146] RX< [6] [cam] [98408][tshell][cam_bm_core_init:94]E
[05:37:29.146] RX< [6] [cam] [98408][tshell][bm_lab_init:174]X ctx size 4 addr 0x8846e718
[05:37:29.146] RX< [6] [cam] [98408][tshell][cam_bm_core_init:114]X ctx size 180 addr 0x8846e650
[05:37:29.146] RX< [6] [cam
[05:37:29.164] RX< ] [98408][tshell][qpc_core_init:1218]E id,0
[05:37:29.164] RX< [6] [cam] [98409][tshell][qpc_queue_init:65]QPC init qnodes 8, size 508, pool 0x88472580
[05:37:29.164] RX< [7] [cam] [98409][tshell][_qpc_get_cap_cfg_para:888][fallback]preset capCfg 0 0 0 invalid, use default
[05:37:29.164] RX< [7] [cam] [98410][
[05:37:29.164] RX< tshell][_qpc_cfg_hdr_frms:832][fallback]preset hdrCfg 0 32 7 25600 148508608 invalid, use default
[05:37:29.164] RX< [6] [cam] [98426][tshell][qpc_core_init:1264]X ctx size 3800 addr 0x8846e738
[05:37:29.164] RX< [6] [cam] [98426][tshell][cpm_core_get_param:666]cpm para chk: tunBin-w 4032 h 22
[05:37:29.169] RX< 66 img-w 4032 h 2268
[05:37:29.169] RX< [6] [cam] [98427][tshell][cam_fe_core_init:436]E id,0
[05:37:29.169] RX< [6] [cam] [98427][tshell][cam_fe_core_init:490]X ctx size 100 addr 0x88481d60
[05:37:29.169] RX< [7] [cam] [98428][tshell][qpc_core_fe_chords_init:1659][34mqpc fe init snsOut w 4032 h 2268, tbl w 2
[05:37:29.169] RX< 8 h 20[0m
[05:37:29.169] RX< [6] [cam] [98428][tshell][cam_me_core_init:1474]X ctx size 1352 addr 0x8849e408
[05:37:29.169] RX< [34m[ME SLICE CFG] perf=1312(us)!
[05:37:29.169] RX< [0m[6] [cam] [98432][tshell][cam_bayer_fe_3a_stats_core_init:445]fe 3a id,0
[05:37:29.169] RX< [6] [cam] [98432][tshell][cam_bayer_fe_3a_stats_core
[05:37:29.177] RX< _init:490]X ctx size 132 addr 0x884a6d60
[05:37:29.177] RX< [6] [cam] [98433][tshell][awb_wrapper_init:66]xxx awb_bin=0x88474a5c, awb_bin_length=8068
[05:37:29.177] RX< [6] [cam] [98433][tshell][awb_wrapper_init:86]X algo_handle 0x884ac9c0
[05:37:29.177] RX< [7] [cam] [98434][awb0][a5_core_wrapper_task:252]thr
[05:37:29.177] RX< ead start cid,0 algo type,2
[05:37:29.177] RX< [6] [cam] [98434][tshell][a5_core_init_task:426]thread created: awb0 mq=0x884aec88 thread=0x884aeda0 sem=0x884aec18 ret=0
[05:37:29.177] RX< [6] [cam] [98435][tshell][bayer_ae_wrapper_init:68]E id,0 proc mode 0 
[05:37:29.177] RX< 
[05:37:29.177] RX< [AEC Proc] @[allib_ae_set_debug_l
[05:37:29.180] RX< og_flag] Line:129:[DEBUG] debug level/to_file/to_terminal: 22/1/1
[05:37:29.180] RX< [AEC Proc] @[AeInit] Line:377:[INFO] AE ver: 2026_V2.269
[05:37:29.180] RX< 
[05:37:29.180] RX< [AEC Proc] @[allib_ae_loadfunc] Line:193:[INFO] camera ID: 0
[05:37:29.180] RX< [AEC Proc] @[alAE_set_param] Line:575:[DEBUG] sw_maxtime 33004 ,pertli
[05:37:29.180] RX< ne 10800, after check sensor step sw_max_time 33000.00
[05:37:29.180] RX< [AEC Proc] @[alAE_set_param] Line:580:[DEBUG] sw_mintime 43 ,pertline 10800, after check sensor step sw_min_time 40.00
[05:37:29.180] RX< [AEC Proc] @[alAE_set_param] Line:513:[DEBUG] DEBUG minbv exptime 11 gain 100, mi
[05:37:29.182] RX< nExpBV 13810
[05:37:29.182] RX< [AEC Proc] @[AeTuningParseSet] Line:167:[DEBUG] aeparam version 2.268 60530
[05:37:29.182] RX< [AEC Proc] @[alAE_set_param] Line:340:[DEBUG] INITEXP gain 100, shutter 33242, midtonegain 100, bv 2247
[05:37:29.182] RX< [6] [cam] [98444][tshell][bayer_ae_wrapper_init:119]X tline 1
[05:37:29.183] RX< 0800 max_exp 33004 alg_hdl 0x884b1550 
[05:37:29.183] RX< [7] [cam] [98444][b_ae0][a5_core_wrapper_task:252]thread start cid,0 algo type,0
[05:37:29.183] RX< [6] [cam] [98445][tshell][a5_core_init_task:426]thread created: b_ae0 mq=0x884b2600 thread=0x884b2718 sem=0x884b2590 ret=0
[05:37:29.183] RX< [6] [cam] [9
[05:37:29.185] RX< 8445][tshell][atf_wrapper_init:67]E id,0
[05:37:29.185] RX< [6] [cam] [98446][tshell][atf_wrapper_init:107]X alg_ctx addr 0x884b2840
[05:37:29.185] RX< [7] [cam] [98446][atf0][a5_core_wrapper_task:252]thread start cid,0 algo type,1
[05:37:29.185] RX< [6] [cam] [98447][tshell][a5_core_init_task:426]thread creat
[05:37:29.185] RX< ed: atf0 mq=0x884bc770 thread=0x884bc888 sem=0x884b2908 ret=0
[05:37:29.185] RX< [6] [cam] [98447][tshell][cam_cpm_core_init:1030]X ctx size 1064 addr 0x8846e218
[05:37:29.185] RX< [6] [cam] [98448][tshell][csc_open:527]ok! phys_id[1], phys_num[1] 
[05:37:29.185] RX< [6] [cam] [98448][tshell][cam_open:699]open 
[05:37:29.202] RX< ok! camera_id[0]
[05:37:29.202] RX< [34m[cam open] perf=68322(us)!
[05:37:29.202] RX< [0m[6] [App Cam] cam open success
[05:37:29.202] RX< [6] [App Cam] hevc init success
[05:37:29.202] RX< [6] [cam] [98462][tshell][csc_init:637]sensor info:size:4032x2268, formt: 0x2b, bps: 1968, tline: 10800
[05:37:29.202] RX< [6] [cam] [98463][tshell][cam_sif
[05:37:29.202] RX< _mgr_init:261]E id,0
[05:37:29.202] RX< [7] [cam] [98464][sif0][sif_irq_proc:151]thread start cid,0
[05:37:29.202] RX< [6] [cam] [98464][tshell][cam_sif_mgr_init:293]X ctx size 52 addr 0x884edf10
[05:37:29.202] RX< [6] [cam] [98464][tshell][cam_prelude_init_cfg:368]CSI ID is 0,  phy lanes is 2.
[05:37:29.202] RX< [7] [cam] [9846
[05:37:29.216] RX< 5][tshell][check_phy_ready:96]MIPI_PHY[0] is ready
[05:37:29.216] RX< [6] [cam] [98465][tshell][sensor_init:348]sensor [1]: register ok
[05:37:29.216] RX< [6] [cam] [98466][tshell][sensor_set_mode:852]sensor [1]: SetMode -> mode = 0.
[05:37:29.216] RX< [6] [cam] [98466][tshell][sensor_send_reg_tab_to_sensor:704
[05:37:29.216] RX< ]sensor [1]: send_reg_tab_to_sensor E.
[05:37:29.216] RX< [6] [cam] [98477][tshell][sensor_send_reg_tab_to_sensor:726]sensor [1]: reg_count = 77.
[05:37:29.216] RX< [6] [cam] [98479][tshell][sensor_init:361]sensor [1]: init success.
[05:37:29.216] RX< [6] [cam] [98479][tshell][sensor_set_mode:852]sensor [1]: Se
[05:37:29.233] RX< tMode -> mode = 3.
[05:37:29.233] RX< [6] [cam] [98480][tshell][sensor_send_reg_tab_to_sensor:704]sensor [1]: send_reg_tab_to_sensor E.
[05:37:29.233] RX< [6] [cam] [98495][tshell][sensor_send_reg_tab_to_sensor:726]sensor [1]: reg_count = 83.
[05:37:29.233] RX< [6] [cam] [98495][tshell][csc_init:646]ok! phys_id
[05:37:29.233] RX< [1], phys_num[1]
[05:37:29.233] RX< [6] [cam] [98495][tshell][csc_get_bayer_single_buffer:1038]scenario_type: 3
[05:37:29.233] RX< [6] [cam] [98496][tshell][csc_set_stats_fmt:98]index 0 w 1 h 1 bw 8 wcmp 255
[05:37:29.233] RX< [7] [cam] [98496][tshell][bm_ioctl:201]BMIOC_STATS_FMT
[05:37:29.233] RX< [6] [cam] [98496][tshell][csc
[05:37:29.236] RX< _set_fe_fmt:47]index 1 w 4032 h 2268 bw 10 wcmp 0
[05:37:29.236] RX< [7] [cam] [98497][tshell][bm_ioctl:201]BMIOC_FE_FMT
[05:37:29.236] RX< [6] [cam] [98497][tshell][csc_set_me_fmt:64]index 5 w 2268 h 4032 bw 10 wcmp 0, rdma_addr 0x894afe00, wdma_addr 0x894afe00
[05:37:29.236] RX< [7] [cam] [98498][tshell][bm_
[05:37:29.236] RX< ioctl:201]BMIOC_ME_FMT
[05:37:29.236] RX< [6] [cam] [98498][tshell][csc_set_video_fmt:966]meta_addr: 0x89d6c600
[05:37:29.236] RX< [6] [cam] [98499][tshell][csc_set_me_fmt:64]index 6 w 1296 h 2304 bw 8 wcmp 255, rdma_addr 0x88795200, wdma_addr 0x8c000000
[05:37:29.236] RX< [6] [cam] [98499][tshell][cam_me_core_
[05:37:29.239] RX< buffer_cfg:1367]
[05:37:29.239] RX< ----ME PIPE INFO---
[05:37:29.239] RX<  wdma_buf_num:1, rotation_en: 1
[05:37:29.239] RX< [7] [cam] [98500][tshell][cam_me_core_buffer_cfg:1375]yuv wdma_addr 0:0x8c000000, meta_en: 1, 0x89d6c600
[05:37:29.239] RX< [7] [cam] [98500][tshell][bm_ioctl:201]BMIOC_ME_FMT
[05:37:29.239] RX< [6] [cam] [98501][tshell][
[05:37:29.242] RX< csc_set_lite_fmt:115]index 13 w 400 h 400 bw 10 wcmp 255
[05:37:29.242] RX< [7] [cam] [98501][tshell][bm_ioctl:201]BMIOC_LITE_FMT
[05:37:29.242] RX< [6] [cam] [98502][tshell][csc_set_lite_fmt:115]index 14 w 400 h 400 bw 10 wcmp 255
[05:37:29.242] RX< [7] [cam] [98502][tshell][bm_ioctl:201]BMIOC_LITE_FMT
[05:37:29.242] RX< [6] [c
[05:37:29.242] RX< am] [98503][tshell][csc_init:654]get otp ok! phys_id[1], phys_num[1]
[05:37:29.242] RX< [6] [cam] [98503][tshell][cam_init:789]init ok! logic_id[0]
[05:37:29.242] RX< [34m[cam init] perf=40873(us)!
[05:37:29.242] RX< [0m[6] [App Cam] cam init success
[05:37:29.242] RX< [7] [cam] [98504][tshell][cam_cpm_core_stream_on:541]id 0 
[05:37:29.260] RX< sensor type 1
[05:37:29.260] RX< [6] [cam] [98504][tshell][sensor_stream_on:979]sensor [1]: stream_on
[05:37:29.260] RX< [6] [cam] [98505][tshell][sensor_stream_on:1007]sensor [1]: REG: 0x100, W:0x1.
[05:37:29.260] RX< [6] [cam] [98505][tshell][sensor_stream_on:1009]sensor [1]: REG: 0x100, R:0x1.
[05:37:29.260] RX< [6] [cam] [985
[05:37:29.260] RX< 05][tshell][csc_prv_start:783]ok! phys_id[1], phys_num[1], cam_ids[1]
[05:37:29.260] RX< [6] [cam] [98506][tshell][cam_start:897]preview start ok! logic_id[0]
[05:37:29.260] RX< [34m[cam start] perf=2620(us)!
[05:37:29.260] RX< [0m[6] [App Cam] cam start success
[05:37:29.260] RX< [6] [App Dfs] Gravity_XR Record Start
[05:37:29.260] RX< msh /emm
[05:37:29.387] RX< c>echo "__EVBTEST_END_321dca3d__"
[05:37:29.387] RX< __EVBTEST_END_321dca3d__
[05:37:29.387] RX< msh /emmc>[7] [cam] [98508][b_3a_sts][bayer_stats_core_irq_proc:164]thread start cid,0
[05:37:29.387] RX< [7] [cam] [98508][fe0][fe_core_irq_proc:98]thread start cid,0
[05:37:29.387] RX< [34m[AE] fid=0,exp=10080,adg=300,Y=3373,mtg=10
[05:37:29.642] RX< 0,shg=100,bgbv=3657,iso=300,cnv0,hdr0
[05:37:29.642] RX< [0m[34m[b_ae0 proc] perf=8090(us), max=8090(us)!
[05:37:29.642] RX< [0m[34m[awb0 proc] perf=4457(us), max=4457(us)!
[05:37:29.642] RX< [0m[6] [cam] [98799][me0][cpm_cb_fe2me_tikChk:152]frm_length 88559us, fe2me delta 0
[05:37:29.642] RX< [34m[ME INTP]fid=0, shutter=10
[05:37:30.085] RX< 080, perf=2951(us), max=2951(us)!
[05:37:30.085] RX< [0m[7] [cam] [98978][me0][me_core_thread:322]ME out fid 0
[05:37:30.085] RX< [6] [App Dfs] f_index = 0, f_len = 164469, cur_total_len = 164557
[05:37:30.085] RX< [33m[W/ftp] service go wrong, now wait restarting...[0m
[05:37:30.085] RX< [33m[W/ftp] service go wrong, now wait
[05:37:31.023] RX<  restarting...[0m
[05:37:31.023] RX< [34m[AE] fid=30,exp=12400,adg=300,Y=3372,mtg=185,shg=100,bgbv=789,iso=300,cnv2,hdr0
[05:37:31.023] RX< [0m[7] [cam] [99978][me0][me_core_thread:322]ME out fid 30
[05:37:31.023] RX< [34m[awb0 proc] perf=6436(us), max=6436(us)!
[05:37:31.023] RX< [0m[33m[W/ftp] service go wrong, now wait re
[05:37:31.269] TX> dfs_video_stop
[05:37:31.269] TX> echo "__EVBTEST_END_c1781129__"
[05:37:31.314] RX< starting...[0m
[05:37:31.314] RX< [33m[W/ftp] service go wrong, now wait restarting...[0m
[05:37:31.314] RX< dfs_video_stop
[05:37:31.314] RX< msh /emmc>echo "__EVBTEST_END_c1781129__"
[05:37:31.314] RX< __EVBTEST_END_c1781129__
[05:37:31.314] RX< msh /emmc>[6] [App Dfs]  Gravity_XR Record Stop Success: total frames = 48
[05:37:31.314] RX< [6] [cam] [100561][DfsSen
[05:37:31.314] RX< d][sensor_stream_off:1143]sensor [1]: stream_off
[05:37:31.314] RX< [6] [cam] [100561][DfsSend][sensor_stream_off:1172]sensor [1]: REG: 0x100, W:0x0.
[05:37:31.314] RX< [6] [cam] [100562][DfsSend][sensor_stream_off:1174]sensor [1]: REG: 0x100, R:0x0.
[05:37:31.314] RX< [34m[awb0 proc] perf=6397(us), max=6436(us
[05:37:31.324] RX< )!
[05:37:31.324] RX< [0m[6] [cam] [100582][DfsSend][csc_prv_stop:893]ok! phys_id[1], phys_num[1], stop_type = 0
[05:37:31.324] RX< [6] [cam] [100582][DfsSend][cam_stop:1017]preview stop ok! logic_id[0]
[05:37:31.324] RX< [34m[cam stop] perf=21666(us)!
[05:37:31.324] RX< [0m[6] [App Cam] cam stop success
[05:37:31.324] RX< Total of 49 frames en
[05:37:31.329] RX< coded, 3755471 bytes, max_workbuffer_used: 4911104 bytes
[05:37:31.329] RX< [6] [App Cam] hevc_encoder_deinit success
[05:37:31.329] RX< [7] [cam] [100587][DfsSend][cam_cpm_core_power_off:457]id,0 type,1 ret 0
[05:37:31.329] RX< [6] [cam] [100588][sif0][sif_irq_proc:174]thread release cid,0
[05:37:31.329] RX< [6] [cam] [100588][D
[05:37:31.329] RX< fsSend][cam_sif_mgr_deinit:316]X
[05:37:31.329] RX< [6] [cam] [100589][DfsSend][cam_deinit:846]deinit ok! logic_id[0]
[05:37:31.329] RX< [34m[cam deinit] perf=1298(us)!
[05:37:31.329] RX< [0m[6] [App Cam] cam deinit success
[05:37:31.329] RX< [6] [cam] [100589][DfsSend][sensor_close:1247]sensor [1]: close!
[05:37:31.329] RX< [6] [cam] [100591][
[05:37:31.331] RX< DfsSend][cam_bm_core_deinit:136]X
[05:37:31.331] RX< [6] [cam] [100591][me0][me_core_thread:367]thread release cid,0
[05:37:31.331] RX< [6] [cam] [100592][DfsSend][cam_me_core_deinit:1502]X
[05:37:31.331] RX< [6] [cam] [100592][fe0][fe_core_irq_proc:121]thread release cid,0
[05:37:31.331] RX< [6] [cam] [100593][DfsSend][cam_fe_c
[05:37:31.331] RX< ore_deinit:536]X
[05:37:31.331] RX< [6] [cam] [100593][b_3a_sts][bayer_stats_core_irq_proc:193]thread release cid,0
[05:37:31.331] RX< [6] [cam] [100593][DfsSend][cam_bayer_stats_core_deinit:512]X
[05:37:31.331] RX< [6] [cam] [100594][b_ae0][a5_core_wrapper_task:315]thread release cid,0,algo,0
[05:37:31.331] RX< [6] [cam] [10059
[05:37:31.334] RX< 4][DfsSend][bayer_ae_wrapper_deinit:204]X
[05:37:31.334] RX< [6] [cam] [100594][atf0][a5_core_wrapper_task:315]thread release cid,0,algo,1
[05:37:31.334] RX< [6] [cam] [100595][DfsSend][atf_wrapper_deinit:153]X
[05:37:31.334] RX< [6] [cam] [100595][awb0][a5_core_wrapper_task:315]thread release cid,0,algo,2
[05:37:31.334] RX< [6]
[05:37:31.334] RX<  [cam] [100596][DfsSend][awb_wrapper_deinit:153]X
[05:37:31.334] RX< [6] [cam] [100596][DfsSend][cam_5a_core_deinit:555]X
[05:37:31.334] RX< [6] [cam] [100596][DfsSend][cam_5a_inf_deinit:149]X
[05:37:31.334] RX< [6] [cam] [100597][qpc0][qpc_core_msg_proc:697]thread release cid,0
[05:37:31.334] RX< [6] [cam] [100597][DfsSend][qpc
[05:37:31.340] RX< _core_deinit:1330]X
[05:37:31.340] RX< [6] [cam] [100597][DfsSend][cam_cpm_core_deinit:1107]X
[05:37:31.340] RX< [6] [cam] [100598][DfsSend][csc_close:584]ok! phys_id[1], phys_num[1]
[05:37:31.340] RX< [7] [cam] [100598][cer0][cer_recovery_proc:352]msg type = 254
[05:37:31.340] RX< [6] [cam] [100598][cer0][cer_recovery_proc:454]
[05:37:31.341] RX< thread release cid,0
[05:37:31.341] RX< [6] [cam] [100599][DfsSend][cer_deinit:560]X
[05:37:31.341] RX< [6] [cam] [100599][DfsSend][cam_close:750]close ok! logic_id[0]
[05:37:31.341] RX< [34m[cam close] perf=9863(us)!
[05:37:31.341] RX< [0m[6] [App Cam] cam close success
[05:37:31.341] RX< [6] [cam] [100600][cpl0][cam_prelude_proc_routine:136]th
[05:37:31.357] RX< read release
[05:37:31.357] RX< [6] [cam] [100600][DfsSend][cam_exit:551]exit ok!
[05:37:31.357] RX< [34m[cam exit] perf=569(us)!
[05:37:31.357] RX< [0m[6] [App Cam] cam exit success
[05:37:31.357] RX< [6] [App Dfs] Save Video Successful: /emmc/VIDEO/20260813_083728_8286/Video_8286_0.h265
[05:37:31.357] RX< [6] [App Dfs] Save Imu Successful: /em
[05:37:31.365] TX> ftp_server
[05:37:31.365] TX> echo "__EVBTEST_END_38550a6e__"
[05:37:32.031] RX< mc/VIDEO/20260813_083728_8286/Imu_8286.bin
[05:37:32.031] RX< [6] [App Dfs] Video recording completed successfully.
[05:37:32.031] RX< ftp_server
[05:37:32.031] RX< 
[05:37:32.031] RX< [FTP] Ftp server init success!!!
[05:37:32.031] RX< msh /emmc>echo "__EVBTEST_END_38550a6e__"
[05:37:32.031] RX< __EVBTEST_END_38550a6e__
[05:37:32.031] RX< msh /emmc>[33m[W/ftp] service go wrong, now
[05:37:34.017] RX<  wait restarting...[0m
[05:37:34.017] RX< [33m[W/ftp] service go wrong, now wait restarting...[0m
[05:37:34.017] RX< [33m[W/ftp] service go wrong, now wait restarting...[0m
[05:37:34.017] RX< [33m[W/ftp] service go wrong, now wait restarting...[0m
[05:37:34.017] RX< [33m[W/ftp] service go wrong, now wait restarting...[0m
[05:37:36.018] RX< [33m[W/ftp] service go wrong, now wait restarting...[0m
[05:37:36.018] RX< [33m[W/ftp] service go wrong, now wait restarting...[0m
[05:37:36.018] RX< [33m[W/ftp] service go wrong, now wait restarting...[0m
[05:37:37.075] RX< [33m[W/ftp] service go wrong, now wait restarting...[0m
[05:37:37.075] RX< [33m[W/ftp] service go wrong, now wait restarting...[0m
[05:37:37.075] RX< [33m[W/ftp] service go wrong, now wait restarting...[0m
[05:37:37.075] RX< [33m[W/ftp] service go wrong, now wait restarting...[0m
[05:37:37.075] RX< [33m[W/ftp] service go 
[05:37:38.373] RX< wrong, now wait restarting...[0m
[05:37:38.373] RX< [33m[W/ftp] service go wrong, now wait restarting...[0m
[05:37:38.373] RX< [33m[W/ftp] service go wrong, now wait restarting...[0m
[05:37:38.373] RX< [33m[W/ftp] service go wrong, now wait restarting...[0m
[05:37:38.373] RX< [33m[W/ftp] service go wrong, now wait restarti
[05:37:40.086] RX< ng...[0m
[05:37:40.086] RX< [33m[W/ftp] service go wrong, now wait restarting...[0m
[05:37:40.086] RX< [33m[W/ftp] service go wrong, now wait restarting...[0m
[05:37:40.086] RX< [33m[W/ftp] service go wrong, now wait restarting...[0m
[05:37:40.086] RX< [33m[W/ftp] service go wrong, now wait restarting...[0m
[05:37:40.086] RX< [33m[W/ftp] s
[05:37:41.367] RX< ervice go wrong, now wait restarting...[0m
[05:37:41.367] RX< [33m[W/ftp] service go wrong, now wait restarting...[0m
[05:37:41.367] RX< [33m[W/ftp] service go wrong, now wait restarting...[0m
[05:37:41.367] RX< [33m[W/ftp] service go wrong, now wait restarting...[0m
[05:37:41.367] RX< [33m[W/ftp] service go wrong, now wai
[05:37:43.081] RX< t restarting...[0m
[05:37:43.081] RX< [33m[W/ftp] service go wrong, now wait restarting...[0m
[05:37:43.081] RX< [33m[W/ftp] service go wrong, now wait restarting...[0m
[05:37:43.081] RX< [33m[W/ftp] service go wrong, now wait restarting...[0m
[05:37:43.081] RX< [33m[W/ftp] service go wrong, now wait restarting...[0m
[05:37:43.081] RX< [33
[05:37:44.362] RX< m[W/ftp] service go wrong, now wait restarting...[0m
[05:37:44.362] RX< [33m[W/ftp] service go wrong, now wait restarting...[0m
[05:37:44.362] RX< [33m[W/ftp] service go wrong, now wait restarting...[0m
[05:37:44.362] RX< [33m[W/ftp] service go wrong, now wait restarting...[0m
[05:37:44.362] RX< [33m[W/ftp] service go wron
[05:37:46.027] RX< g, now wait restarting...[0m
[05:37:46.027] RX< [33m[W/ftp] service go wrong, now wait restarting...[0m
[05:37:46.027] RX< [33m[W/ftp] service go wrong, now wait restarting...[0m
[05:37:46.027] RX< [33m[W/ftp] service go wrong, now wait restarting...[0m
[05:37:46.027] RX< [33m[W/ftp] service go wrong, now wait restarting..
[05:37:47.372] RX< .[0m
[05:37:47.372] RX< [33m[W/ftp] service go wrong, now wait restarting...[0m
[05:37:47.372] RX< [33m[W/ftp] service go wrong, now wait restarting...[0m
[05:37:47.372] RX< [33m[W/ftp] service go wrong, now wait restarting...[0m
[05:37:47.372] RX< [33m[W/ftp] service go wrong, now wait restarting...[0m
[05:37:47.372] RX< [33m[W/ftp] servi
[05:37:49.022] RX< ce go wrong, now wait restarting...[0m
[05:37:49.022] RX< [33m[W/ftp] service go wrong, now wait restarting...[0m
[05:37:49.022] RX< [33m[W/ftp] service go wrong, now wait restarting...[0m
[05:37:49.022] RX< [33m[W/ftp] service go wrong, now wait restarting...[0m
[05:37:49.022] RX< [33m[W/ftp] service go wrong, now wait re
[05:37:50.367] RX< starting...[0m
[05:37:50.367] RX< [33m[W/ftp] service go wrong, now wait restarting...[0m
[05:37:50.367] RX< [33m[W/ftp] service go wrong, now wait restarting...[0m
[05:37:50.367] RX< [33m[W/ftp] service go wrong, now wait restarting...[0m
[05:37:50.367] RX< [33m[W/ftp] service go wrong, now wait restarting...[0m
[05:37:50.367] RX< [33m[W/
[05:37:52.032] RX< ftp] service go wrong, now wait restarting...[0m
[05:37:52.032] RX< [33m[W/ftp] service go wrong, now wait restarting...[0m
[05:37:52.032] RX< [33m[W/ftp] service go wrong, now wait restarting...[0m
[05:37:52.032] RX< [33m[W/ftp] service go wrong, now wait restarting...[0m
[05:37:52.032] RX< [33m[W/ftp] service go wrong, n
[05:37:53.089] RX< ow wait restarting...[0m
[05:37:53.089] RX< [33m[W/ftp] service go wrong, now wait restarting...[0m
[05:37:53.089] RX< [33m[W/ftp] service go wrong, now wait restarting...[0m
[05:37:53.089] RX< [33m[W/ftp] service go wrong, now wait restarting...[0m
[05:37:53.089] RX< [33m[W/ftp] service go wrong, now wait restarting...[0
[05:37:55.027] RX< m
[05:37:55.027] RX< [33m[W/ftp] service go wrong, now wait restarting...[0m
[05:37:55.027] RX< [33m[W/ftp] service go wrong, now wait restarting...[0m
[05:37:55.027] RX< [33m[W/ftp] service go wrong, now wait restarting...[0m
[05:37:55.027] RX< [33m[W/ftp] service go wrong, now wait restarting...[0m
[05:37:55.027] RX< [33m[W/ftp] service g
[05:37:56.084] RX< o wrong, now wait restarting...[0m
[05:37:56.084] RX< [33m[W/ftp] service go wrong, now wait restarting...[0m
[05:37:56.084] RX< [33m[W/ftp] service go wrong, now wait restarting...[0m
[05:37:56.084] RX< [33m[W/ftp] service go wrong, now wait restarting...[0m
[05:37:56.084] RX< [33m[W/ftp] service go wrong, now wait restar
[05:37:58.022] RX< ting...[0m
[05:37:58.022] RX< [33m[W/ftp] service go wrong, now wait restarting...[0m
[05:37:58.022] RX< [33m[W/ftp] service go wrong, now wait restarting...[0m
[05:37:58.022] RX< [33m[W/ftp] service go wrong, now wait restarting...[0m
[05:37:58.022] RX< [33m[W/ftp] service go wrong, now wait restarting...[0m
[05:37:58.022] RX< [33m[W/ftp]
[05:37:59.079] RX<  service go wrong, now wait restarting...[0m
[05:37:59.079] RX< [33m[W/ftp] service go wrong, now wait restarting...[0m
[05:37:59.079] RX< [33m[W/ftp] service go wrong, now wait restarting...[0m
[05:37:59.079] RX< [33m[W/ftp] service go wrong, now wait restarting...[0m
[05:37:59.079] RX< [33m[W/ftp] service go wrong, now w
[05:37:59.821] TX> ftp_server
[05:37:59.821] TX> echo "__EVBTEST_END_5dd42b8f__"
[05:38:00.025] RX< ait restarting...[0m
[05:38:00.025] RX< [33m[W/ftp] service go wrong, now wait restarting...[0m
[05:38:00.025] RX< ftp_server
[05:38:00.025] RX< 
[05:38:00.025] RX< [FTP] Ftp server init success!!!
[05:38:00.025] RX< msh /emmc>echo "__EVBTEST_END_5dd42b8f__"
[05:38:00.025] RX< __EVBTEST_END_5dd42b8f__
[05:38:00.025] RX< msh /emmc>[33m[W/ftp] service go wrong, now wait restarting..
[05:38:01.370] RX< .[0m
[05:38:01.370] RX< [33m[W/ftp] service go wrong, now wait restarting...[0m
[05:38:01.370] RX< [33m[W/ftp] service go wrong, now wait restarting...[0m
[05:38:01.370] RX< [33m[W/ftp] service go wrong, now wait restarting...[0m
[05:38:01.370] RX< [33m[W/ftp] service go wrong, now wait restarting...[0m
[05:38:01.370] RX< [33m[W/ftp] servi
[05:38:02.797] TX> rtmp_video_start rtmp://10.1.64.35/live/cam1
[05:38:02.797] TX> echo "__EVBTEST_END_69aded75__"
[05:38:02.808] RX< ce go wrong, now wait restarting...[0m
[05:38:02.808] RX< [33m[W/ftp] service go wrong, now wait restarting...[0m
[05:38:02.808] RX< [33m[W/ftp] service go wrong, now wait restarting...[0m
[05:38:02.808] RX< [33m[W/ftp] service go wrong, now wait restarting...[0m
[05:38:02.808] RX< rtmp_v[33m[W/UART] Warning: There is no e
[05:38:03.368] RX< nough buffer for saving data, please increase the RT_SERIAL_RB_BUFSZ option.[0m
[05:38:03.368] RX< 75__"
[05:38:03.368] RX< rtmp_vi75__": command not found.
[05:38:03.368] RX< msh /emmc>[33m[W/ftp] service go wrong, now wait restarting...[0m
[05:38:03.368] RX< [33m[W/ftp] service go wrong, now wait restarting...[0m
[05:38:03.368] RX< [33m[W/
[05:38:04.825] RX< ftp] service go wrong, now wait restarting...[0m
[05:38:04.825] RX< [33m[W/ftp] service go wrong, now wait restarting...[0m
[05:38:04.825] RX< [33m[W/ftp] service go wrong, now wait restarting...[0m
[05:38:04.825] RX< [33m[W/ftp] service go wrong, now wait restarting...[0m
[05:38:04.825] RX< [33m[W/ftp] service go wrong, n
[05:38:05.818] RX< ow wait restarting...[0m
[05:38:05.818] RX< [33m[W/ftp] service go wrong, now wait restarting...[0m
[05:38:05.818] RX< [33m[W/ftp] service go wrong, now wait restarting...[0m
[05:38:05.818] RX< [33m[W/ftp] service go wrong, now wait restarting...[0m
[05:38:05.818] RX< [33m[W/ftp] service go wrong, now wait restarting...[0
[05:38:07.019] RX< m
[05:38:07.019] RX< [33m[W/ftp] service go wrong, now wait restarting...[0m
[05:38:07.019] RX< [33m[W/ftp] service go wrong, now wait restarting...[0m
[05:38:07.019] RX< [33m[W/ftp] service go wrong, now wait restarting...[0m
[05:38:07.019] RX< [33m[W/ftp] service go wrong, now wait restarting...[0m
[05:38:07.019] RX< [33m[W/ftp] service g
[05:38:08.028] RX< o wrong, now wait restarting...[0m
[05:38:08.028] RX< [33m[W/ftp] service go wrong, now wait restarting...[0m
[05:38:08.028] RX< [33m[W/ftp] service go wrong, now wait restarting...[0m
[05:38:08.028] RX< [33m[W/ftp] service go wrong, now wait restarting...[0m
[05:38:08.028] RX< [33m[W/ftp] service go wrong, now wait restar
[05:38:09.085] RX< ting...[0m
[05:38:09.085] RX< [33m[W/ftp] service go wrong, now wait restarting...[0m
[05:38:09.085] RX< [33m[W/ftp] service go wrong, now wait restarting...[0m
[05:38:09.085] RX< [33m[W/ftp] service go wrong, now wait restarting...[0m
[05:38:09.085] RX< [33m[W/ftp] service go wrong, now wait restarting...[0m
[05:38:09.085] RX< [33m[W/ftp]
[05:38:10.078] RX<  service go wrong, now wait restarting...[0m
[05:38:10.078] RX< [33m[W/ftp] service go wrong, now wait restarting...[0m
[05:38:10.078] RX< [33m[W/ftp] service go wrong, now wait restarting...[0m
[05:38:10.078] RX< [33m[W/ftp] service go wrong, now wait restarting...[0m
[05:38:10.078] RX< [33m[W/ftp] service go wrong, now w
[05:38:11.359] RX< ait restarting...[0m
[05:38:11.359] RX< [33m[W/ftp] service go wrong, now wait restarting...[0m
[05:38:11.359] RX< [33m[W/ftp] service go wrong, now wait restarting...[0m
[05:38:11.359] RX< [33m[W/ftp] service go wrong, now wait restarting...[0m
[05:38:11.359] RX< [33m[W/ftp] service go wrong, now wait restarting...[0m
[05:38:11.359] RX< [
[05:38:12.368] RX< 33m[W/ftp] service go wrong, now wait restarting...[0m
[05:38:12.368] RX< [33m[W/ftp] service go wrong, now wait restarting...[0m
[05:38:12.368] RX< [33m[W/ftp] service go wrong, now wait restarting...[0m
[05:38:12.368] RX< [33m[W/ftp] service go wrong, now wait restarting...[0m
[05:38:12.368] RX< [33m[W/ftp] service go wr
[05:38:13.360] RX< ong, now wait restarting...[0m
[05:38:13.360] RX< [33m[W/ftp] service go wrong, now wait restarting...[0m
[05:38:13.360] RX< [33m[W/ftp] service go wrong, now wait restarting...[0m
[05:38:13.360] RX< [33m[W/ftp] service go wrong, now wait restarting...[0m
[05:38:13.360] RX< [33m[W/ftp] service go wrong, now wait restarting
[05:38:14.818] RX< ...[0m
[05:38:14.818] RX< [33m[W/ftp] service go wrong, now wait restarting...[0m
[05:38:14.818] RX< [33m[W/ftp] service go wrong, now wait restarting...[0m
[05:38:14.818] RX< [33m[W/ftp] service go wrong, now wait restarting...[0m
[05:38:14.818] RX< [33m[W/ftp] service go wrong, now wait restarting...[0m
[05:38:14.818] RX< [33m[W/ftp] ser
[05:38:15.827] RX< vice go wrong, now wait restarting...[0m
[05:38:15.827] RX< [33m[W/ftp] service go wrong, now wait restarting...[0m
[05:38:15.827] RX< [33m[W/ftp] service go wrong, now wait restarting...[0m
[05:38:15.827] RX< [33m[W/ftp] service go wrong, now wait restarting...[0m
[05:38:15.827] RX< [33m[W/ftp] service go wrong, now wait 
[05:38:17.028] RX< restarting...[0m
[05:38:17.028] RX< [33m[W/ftp] service go wrong, now wait restarting...[0m
[05:38:17.028] RX< [33m[W/ftp] service go wrong, now wait restarting...[0m
[05:38:17.028] RX< [33m[W/ftp] service go wrong, now wait restarting...[0m
[05:38:17.028] RX< [33m[W/ftp] service go wrong, now wait restarting...[0m
[05:38:17.028] RX< [33m[
[05:38:17.829] TX> rtmp_video_stop
[05:38:17.829] TX> echo "__EVBTEST_END_37961fc5__"
[05:38:17.837] RX< W/ftp] service go wrong, now wait restarting...[0m
[05:38:17.837] RX< [33m[W/ftp] service go wrong, now wait restarting...[0m
[05:38:17.837] RX< [33m[W/ftp] service go wrong, now wait restarting...[0m
[05:38:17.837] RX< [33m[W/ftp] service go wrong, now wait restarting...[0m
[05:38:17.837] RX< rtmp_video_stop
[05:38:17.837] RX< [RTMP] Not pus
[05:38:18.366] RX< hing.
[05:38:18.366] RX< msh /emmc>echo "__EVBTEST_END_37961fc5__"
[05:38:18.366] RX< __EVBTEST_END_37961fc5__
[05:38:18.366] RX< msh /emmc>[33m[W/ftp] service go wrong, now wait restarting...[0m
[05:38:18.366] RX< [33m[W/ftp] service go wrong, now wait restarting...[0m
[05:38:18.366] RX< [33m[W/ftp] service go wrong, now wait restarting...[0m
