[23:13:02.625] TX> 
[23:13:03.627] TX> 
[23:13:04.625] RX< 
[23:13:04.625] RX< msh />
[23:13:04.625] RX< msh />
[23:13:04.829] TX> echo "EVBTEST_HELLO"
[23:13:04.829] TX> echo "__EVBTEST_END_df7ca481__"
[23:13:06.628] RX< echo "EVBTEST_HELLO"
[23:13:06.628] RX< EVBTEST_HELLO
[23:13:06.628] RX< msh />echo "__EVBTEST_END_df7ca481__"
[23:13:06.628] RX< __EVBTEST_END_df7ca481__
[23:13:06.628] RX< msh />
[23:13:06.832] TX> cd /
[23:13:06.832] TX> echo "__EVBTEST_END_01138d8b__"
[23:13:08.630] RX< cd /
[23:13:08.630] RX< msh />echo "__EVBTEST_END_01138d8b__"
[23:13:08.630] RX< __EVBTEST_END_01138d8b__
[23:13:08.630] RX< msh />
[23:13:08.834] TX> dfs_video_stop
[23:13:08.834] TX> echo "__EVBTEST_END_ccb3de20__"
[23:13:10.633] RX< dfs_video_stop
[23:13:10.633] RX< [6] [App Dfs] Please start recording the video first.
[23:13:10.633] RX< msh />echo "__EVBTEST_END_ccb3de20__"
[23:13:10.633] RX< __EVBTEST_END_ccb3de20__
[23:13:10.633] RX< msh />
[23:13:14.118] TX> wifi join SW-test-2.4G tuf@3600
[23:13:14.118] TX> echo "__EVBTEST_END_3d4df04b__"
[23:13:14.637] RX< wifi join SW-test-2.4G tuf@3600
[23:13:20.644] RX< [32m[I/WLAN.mgnt] wifi connect success ssid:SW-test-2.4G[0m
[23:13:20.644] RX< msh />echo "__EVBTEST_END_3d4df04b__"
[23:13:20.644] RX< __EVBTEST_END_3d4df04b__
[23:13:20.644] RX< msh />
[23:13:22.645] RX< [32m[I/WLAN.lwip] Got IP address : 192.168.1.101[0m
[23:13:27.656] RX< ifconfig
[23:13:27.656] RX< network interface device: w0 (Default)
[23:13:27.656] RX< MTU: 1500
[23:13:27.656] RX< MAC: 8c ea 12 ba a8 2c 
[23:13:27.656] RX< FLAGS: UP LINK_UP INTERNET_DOWN DHCP_ENABLE ETHARP BROADCAST IGMP
[23:13:27.656] RX< ip address: 192.168.1.101
[23:13:27.656] RX< gw address: 192.168.1.3
[23:13:27.656] RX< net mask  : 255.255.255.0
[23:13:27.656] RX< dns server #0: 192.168.1.3
[23:13:27.672] RX< dns server #1: 0.0.0.0
[23:13:27.672] RX< 
[23:13:27.672] RX< network interface device: w1
[23:13:27.672] RX< MTU: 1500
[23:13:27.672] RX< MAC: 8e ea 12 ba a8 2c 
[23:13:27.672] RX< FLAGS: UP LINK_DOWN INTERNET_DOWN DHCP_ENABLE ETHARP BROADCAST IGMP
[23:13:27.672] RX< ip address: 0.0.0.0
[23:13:27.672] RX< gw address: 0.0.0.0
[23:13:27.672] RX< net mask  : 0.0.0.0
[23:13:27.672] RX< dns server #0: 192.168.1.3
[23:13:27.672] RX< dns serv
[23:13:27.855] TX> ifconfig
[23:13:27.855] TX> echo "__EVBTEST_END_b0c848bb__"
[23:13:29.674] RX< er #1: 0.0.0.0
[23:13:29.674] RX< msh />echo "__EVBTEST_END_b0c848bb__"
[23:13:29.674] RX< __EVBTEST_END_b0c848bb__
[23:13:29.674] RX< msh />
[23:13:29.879] TX> cd /emmc
[23:13:29.879] TX> echo "__EVBTEST_END_1efaf966__"
[23:13:31.675] RX< cd /emmc
[23:13:31.675] RX< msh /emmc>echo "__EVBTEST_END_1efaf966__"
[23:13:31.675] RX< __EVBTEST_END_1efaf966__
[23:13:31.675] RX< msh /emmc>
[23:13:31.881] TX> ftp_server
[23:13:31.881] TX> echo "__EVBTEST_END_54ea4fed__"
[23:13:33.678] RX< ftp_server
[23:13:33.678] RX< 
[23:13:33.678] RX< [FTP] Ftp server init success!!!
[23:13:33.678] RX< msh /emmc>echo "__EVBTEST_END_54ea4fed__"
[23:13:33.678] RX< __EVBTEST_END_54ea4fed__
[23:13:33.678] RX< msh /emmc>
[23:13:37.681] RX< [32m[I/ftp] service launched success.[0m
[23:13:38.343] TX> cam_set photo auto
[23:13:38.343] TX> echo "__EVBTEST_END_5641c23d__"
[23:13:39.683] RX< cam_set photo auto
[23:13:39.683] RX< [6] [App Dfs] auto mode
[23:13:39.683] RX< msh /emmc>echo "__EVBTEST_END_5641c23d__"
[23:13:39.683] RX< __EVBTEST_END_5641c23d__
[23:13:39.683] RX< msh /emmc>
[23:13:40.698] RX< dfs_capture_start
[23:13:40.698] RX< [7] [cam] [40936][tshell][cgm_parse_bin:104]total logical camera num: 1
[23:13:40.698] RX< [6] [cam] [40936][tshell][cam_prelude_create:187]E id, 0
[23:13:40.698] RX< [7] [cam] [40936][cpl0][cam_prelude_proc_routine:101]thread start
[23:13:40.698] RX< [6] [cam] [40936][tshell][cam_prelude_crea
[23:13:40.698] RX< te:214]X ctx size 132 addr 0x884b96f0
[23:13:40.698] RX< [6] [cam] [40940][tshell][sensor_probe:418]sensor [1]: identifing 0 success.
[23:13:40.698] RX< [6] [cam] [40940][tshell][sensor_probe:441]sensor [1]: probe exit!
[23:13:40.698] RX< [6] [cam] [40941][tshell][cam_prelude_fast_probe:251]cam: 0 probe result
[23:13:40.700] RX< : 0
[23:13:40.700] RX< [6] [cam] [40941][tshell][cgm_parse_bin:218]cam(0) probe success
[23:13:40.700] RX< [6] [cam] [40941][tshell][cam_entry:455]entry ok
[23:13:40.700] RX< [34m[cam entry] perf=6196(us)!
[23:13:40.700] RX< [0m[6] [App Cam] cam entry success
[23:13:40.700] RX< [7] [cam] [40942][tshell][cam_solve_layout:350][mLayout] param OK, s
[23:13:40.703] RX< cen1 iw4032 ih3024 ow4032 oh3024 gdc 0x0
[23:13:40.703] RX< [36m[mLayout] scen01 in=4032x3024,out=3024x4032 meRot1 stripe1 gdcOn0
[23:13:40.703] RX< [0m[36m[mLayout] scen00 20entries solved status=OK retry=0 rtmp=enabled (cursor0=0x8a02d090 cursor1=0x89417400, ch0/1/2 cnt=7/2/1)
[23:13:40.703] RX< [0m[7] [
[23:13:40.703] RX< cam] [40944][tshell][cam_solve_layout:377]
[23:13:40.703] RX< [mLayout] out vol 0x8c000000 rBuf 0x8ab00000 sz 0x1500000 wBuf 0x8a03da80 sz 0x100000
[23:13:40.703] RX< [7] [cam] [40944][tshell][cam_solve_layout:394]Solve scen1 capType4 layout Done!
[23:13:40.703] RX< [6] [cam] [40945][tshell][cgm_parse_media_par
[23:13:40.706] RX< a:274]phy cam num: 1
[23:13:40.706] RX< [7] [cam] [40945][cer0][cer_recovery_proc:343]thread start cid, 0
[23:13:40.706] RX< [6] [cam] [40946][tshell][csc_open:499]SENSOR MCLK cal: 24MHz
[23:13:40.706] RX< [6] [cam] [40946][tshell][csc_isp_clk_cal:344]MIPI CLK cal: 346MHz
[23:13:40.706] RX< [6] [cam] [40947][tshell][csc_isp_clk_
[23:13:40.706] RX< cal:374]LITE CLK cal: 28MHz
[23:13:40.706] RX< [7] [cam] [40947][tshell][cpc_csi_rx_power_on:633]E id: 2
[23:13:40.706] RX< [4] [cam] [40947][tshell][cpc_csi_rx_power_on:644]csi_2 has already power on, STATUS: 1
[23:13:40.706] RX< [6] [cam] [40947][tshell][cpc_update_clock:603]actual SNS mclk: 24MHz
[23:13:40.706] RX< [6] [cam] 
[23:13:40.712] RX< [40948][tshell][cpc_update_clock:608]actual MIPI0: 500MHz
[23:13:40.712] RX< [6] [cam] [40948][tshell][cpc_update_clock:598]actual LITE clk: 50MHz
[23:13:40.712] RX< [7] [cam] [40949][tshell][cam_prelude_open:297][34msnsOpen camID1 csiID0 phyIdx0[0m
[23:13:40.712] RX< [6] [cam] [40953][tshell][sensor_expo_gai
[23:13:40.712] RX< n_match:48]sensor get sensor expo gain of imx681_vst
[23:13:40.712] RX< [6] [cam] [40953][tshell][sensor_open:684]sensor [1] open OK.
[23:13:40.712] RX< [6] [cam] [40953][tshell][cam_cpm_parse_media:275]photo scenario, media para[mfnr:0, hdr:0, capture_num:0]
[23:13:40.712] RX< [6] [cam] [40954][tshell][cam_cpm
[23:13:40.714] RX< _parse_media:278]photo scenario, media para[iso:0, gain:0, wb_mode:0]
[23:13:40.714] RX< [6] [cam] [40955][tshell][csc_isp_clk_cal:355]FE CLK cal: 426MHz, ME CLK cal: 462MHz, FE/ME CLK cal: 508MHz
[23:13:40.714] RX< [6] [cam] [40955][tshell][csc_isp_clk_cal:364]BE CLK cal: 401MHz
[23:13:40.714] RX< [4] [cam] [
[23:13:40.715] RX< 40955][tshell][cam_fe_core_power_on:269]fe pipe has already power on, STATUS: 1
[23:13:40.715] RX< [6] [cam] [40956][tshell][cpc_update_clock:588]actual FE/ME clk: 550MHz
[23:13:40.715] RX< [4] [cam] [40956][tshell][cam_be_core_power_on:1028]be pipe has already power on, STATUS: 1
[23:13:40.715] RX< [6] [cam] [
[23:13:40.718] RX< 40957][tshell][cpc_update_clock:593]actual BE clk: 500MHz
[23:13:40.718] RX< [7] [cam] [40957][tshell][cam_cpm_core_power_on:435]id,0 type,1 ret 0
[23:13:40.718] RX< [6] [cam] [40957][tshell][cam_cpm_core_init:1017]E id,0 sensor type,1
[23:13:40.718] RX< [6] [cam] [40959][tshell][cpm_core_check_tuningbin:957]T
[23:13:40.718] RX< uning bin crc check PASS! sum 0xfa5abf97, xor 0x6a6c89c1
[23:13:40.718] RX< [6] [cam] [40959][tshell][qpc_tuning_check_iqbin_validness:396]IQ bin addr: 0x8869de60, project_name: capture_12M
[23:13:40.718] RX< [6] [cam] [40960][tshell][qpc_tuning_check_iqbin_validness:397]total_size: 108928
[23:13:40.718] RX< [6
[23:13:40.720] RX< ] [cam] [40960][tshell][qpc_tuning_check_iqbin_validness:398]id_count: 93. ID_TOTAL: 94
[23:13:40.720] RX< [6] [cam] [40961][tshell][qpc_tuning_check_iqbin_validness:399]spinel tuning data ver: V1.30
[23:13:40.720] RX< [6] [cam] [40961][tshell][cpm_core_check_tuningbin:971]IQ bin check succes
[23:13:40.721] RX< s!
[23:13:40.721] RX< [6] [cam] [40962][tshell][cam_bm_core_init:94]E
[23:13:40.721] RX< [6] [cam] [40962][tshell][bm_lab_init:174]X ctx size 4 addr 0x884b9958
[23:13:40.721] RX< [6] [cam] [40963][tshell][cam_bm_core_init:114]X ctx size 180 addr 0x884db8f0
[23:13:40.721] RX< [6] [cam] [40963][tshell][qpc_core_init:1299]E id,0
[23:13:40.721] RX< [
[23:13:40.728] RX< 6] [cam] [40963][tshell][qpc_queue_init:65]QPC init qnodes 8, size 508, pool 0x884dbf08
[23:13:40.728] RX< [6] [cam] [40964][tshell][_qpc_get_cap_cfg_para:900]preset capCfg 200 3 5
[23:13:40.728] RX< [7] [cam] [40964][tshell][_qpc_cfg_hdr_frms:848]hdr preset - gainThres 1600
[23:13:40.728] RX< FrmNB:	TNR	|EV-	|
[23:13:40.728] RX< EV0	|EV+
[23:13:40.728] RX< LDR:	 0	| 1	| -	| 5
[23:13:40.728] RX< LLLDR:	 0	| 1	| -	| 5
[23:13:40.728] RX< HDR:	 0	| 1	| 5	| 3
[23:13:40.728] RX< LLHDR:	 0	| 1	| 5	| 3
[23:13:40.728] RX< 
[23:13:40.728] RX< [6] [cam] [40970][tshell][qpc_core_init:1347]X ctx size 1288 addr 0x884db9b8
[23:13:40.728] RX< [6] [cam] [40970][tshell][cpm_core_get_param:764]cpm para chk: tunBin-w 4000 h 3000 i
[23:13:40.732] RX< mg-w 4032 h 3024
[23:13:40.732] RX< [6] [cam] [40970][tshell][cam_fe_core_init:436]E id,0
[23:13:40.732] RX< [6] [cam] [40971][tshell][cam_fe_core_init:490]X ctx size 96 addr 0x884ecc48
[23:13:40.732] RX< [7] [cam] [40971][tshell][qpc_core_fe_chords_init:1763][34mqpc fe init snsOut w 4032 h 3024, tbl w 28 h 2
[23:13:40.732] RX< 0[0m
[23:13:40.732] RX< [6] [cam] [40971][tshell][cam_me_core_init:1523]X ctx size 1352 addr 0x884eeff8
[23:13:40.732] RX< [34m[ME SLICE CFG] perf=1435(us)!
[23:13:40.732] RX< [0m[6] [cam] [40974][tshell][cam_bayer_fe_3a_stats_core_init:445]fe 3a id,0
[23:13:40.732] RX< [6] [cam] [40975][tshell][cam_bayer_fe_3a_stats_core_ini
[23:13:40.735] RX< t:490]X ctx size 132 addr 0x884f7a18
[23:13:40.735] RX< [6] [cam] [40975][tshell][cam_be_core_init:621]E id,0
[23:13:40.735] RX< [7] [cam] [40975][be0][be_core_irq_proc:270]thread start cid,0
[23:13:40.735] RX< [6] [cam] [40976][tshell][cam_be_core_init:716]X ctx size 472 addr 0x884f7da8
[23:13:40.735] RX< [6] [cam] [40976][tshe
[23:13:40.735] RX< ll][cam_lite_core_init:433]E id,0
[23:13:40.735] RX< [7] [cam] [40976][lite0][lite_core_irq_proc:152]thread start cid,0
[23:13:40.735] RX< [6] [cam] [40977][tshell][cam_lite_core_init:497]X ctx size 164 addr 0x884fa7f8
[23:13:40.735] RX< [6] [cam] [40977][tshell][awb_wrapper_init:66]xxx awb_bin=0x884de5f4, awb_
[23:13:40.739] RX< bin_length=8068
[23:13:40.739] RX< [6] [cam] [40978][tshell][awb_wrapper_init:86]X algo_handle 0x88502840
[23:13:40.739] RX< [7] [cam] [40978][awb0][a5_core_wrapper_task:252]thread start cid,0 algo type,2
[23:13:40.739] RX< [6] [cam] [40979][tshell][a5_core_init_task:426]thread created: awb0 mq=0x88504900 thre
[23:13:40.740] RX< ad=0x88504a18 sem=0x88504890 ret=0
[23:13:40.740] RX< [6] [cam] [40979][tshell][bayer_ae_wrapper_init:68]E id,0 proc mode 1 
[23:13:40.740] RX< 
[23:13:40.740] RX< [AEC Proc] @[allib_ae_set_debug_log_flag] Line:129:[DEBUG] debug level/to_file/to_terminal: 22/1/1
[23:13:40.740] RX< [AEC Proc] @[AeInit] Line:377:[INFO] AE ver: 2026
[23:13:40.742] RX< _V2.269
[23:13:40.742] RX< 
[23:13:40.742] RX< [AEC Proc] @[allib_ae_loadfunc] Line:193:[INFO] camera ID: 0
[23:13:40.742] RX< [AEC Proc] @[AeInit] Line:404:[DEBUG] init imu detector sucessed!
[23:13:40.742] RX< [AEC Proc] @[AeInit] Line:406:[DEBUG] imu init errcode:0
[23:13:40.742] RX< [AEC Proc] @[alAE_set_param] Line:576:[DEBUG] sw_maxtime 3304
[23:13:40.742] RX< 4 ,pertline 9444, after check sensor step sw_max_time 33039.00
[23:13:40.742] RX< [AEC Proc] @[alAE_set_param] Line:581:[DEBUG] sw_mintime 37 ,pertline 9444, after check sensor step sw_min_time 36.00
[23:13:40.742] RX< [AEC Proc] @[alAE_set_param] Line:514:[DEBUG] DEBUG minbv exptime 9 gain 1
[23:13:40.745] RX< 00, minExpBV 14098
[23:13:40.745] RX< [AEC Proc] @[AeTuningParseSet] Line:167:[DEBUG] aeparam version 2.268 60818
[23:13:40.745] RX< [AEC Proc] @[alAE_set_param] Line:341:[DEBUG] INITEXP gain 100, shutter 8000, midtonegain 100, bv 4303
[23:13:40.745] RX< [6] [cam] [40986][tshell][bayer_ae_wrapper_init:119]X tl
[23:13:40.745] RX< ine 9444 max_exp 33044 alg_hdl 0x885071c8 
[23:13:40.745] RX< [7] [cam] [40987][b_ae0][a5_core_wrapper_task:252]thread start cid,0 algo type,0
[23:13:40.745] RX< [6] [cam] [40987][tshell][a5_core_init_task:426]thread created: b_ae0 mq=0x8850e0e8 thread=0x8850e200 sem=0x8850e078 ret=0
[23:13:40.745] RX< [6] [cam
[23:13:40.747] RX< ] [40988][tshell][atf_wrapper_init:67]E id,0
[23:13:40.747] RX< [6] [cam] [40988][tshell][atf_wrapper_init:107]X alg_ctx addr 0x885106c0
[23:13:40.747] RX< [7] [cam] [40989][atf0][a5_core_wrapper_task:252]thread start cid,0 algo type,1
[23:13:40.747] RX< [6] [cam] [40989][tshell][a5_core_init_task:426]thread c
[23:13:40.748] RX< reated: atf0 mq=0x88512a18 thread=0x88512b30 sem=0x885129a8 ret=0
[23:13:40.748] RX< [6] [cam] [40989][tshell][cam_cpm_core_init:1149]X ctx size 1096 addr 0x884db498
[23:13:40.748] RX< [6] [cam] [40990][tshell][csc_open:599]ok! phys_id[1], phys_num[1] 
[23:13:40.748] RX< [6] [cam] [40990][tshell][cam_open:738]o
[23:13:40.755] RX< pen ok! camera_id[0]
[23:13:40.755] RX< [34m[cam open] perf=48911(us)!
[23:13:40.755] RX< [0m[6] [App Cam] cam open success
[23:13:40.755] RX< [6] [cam] [40997][tshell][csc_init:722]sensor info:size:4032x3024, formt: 0x2b, bps: 2496, tline: 9444
[23:13:40.755] RX< [6] [cam] [40997][tshell][cam_sif_mgr_init:261]E id,0
[23:13:40.755] RX< [7] [cam
[23:13:40.755] RX< ] [40997][sif0][sif_irq_proc:151]thread start cid,0
[23:13:40.755] RX< [6] [cam] [40998][tshell][cam_sif_mgr_init:293]X ctx size 52 addr 0x8852bc38
[23:13:40.755] RX< [7] [cam] [40998][tshell][sif_btm_paramSet:102]btm lite w4032 h3024 binEn1 binRatio2
[23:13:40.755] RX< [7] [cam] [40998][tshell][sif_btm_paramSe
[23:13:40.761] RX< t:106]cropSlct2 x0 y0 w4032 h4032
[23:13:40.761] RX< [6] [cam] [40999][tshell][cam_prelude_init_cfg:368]CSI ID is 0,  phy lanes is 2.
[23:13:40.761] RX< [7] [cam] [40999][tshell][check_phy_ready:96]MIPI_PHY[0] is ready
[23:13:40.761] RX< [6] [cam] [41000][tshell][sensor_init:348]sensor [1]: register ok
[23:13:40.761] RX< [6] [ca
[23:13:40.761] RX< m] [41000][tshell][sensor_set_mode:887]sensor [1]: SetMode -> mode = 0.
[23:13:40.761] RX< [6] [cam] [41001][tshell][sensor_send_reg_tab_to_sensor:705]sensor [1]: send_reg_tab_to_sensor E.
[23:13:40.761] RX< [6] [cam] [41004][tshell][sensor_send_reg_tab_to_sensor:751]sensor [1]: reg_count = 7
[23:13:40.767] RX< 7.
[23:13:40.767] RX< [6] [cam] [41004][tshell][sensor_init:361]sensor [1]: init success.
[23:13:40.767] RX< [6] [cam] [41004][tshell][sensor_set_mode:887]sensor [1]: SetMode -> mode = 1.
[23:13:40.767] RX< [6] [cam] [41005][tshell][sensor_send_reg_tab_to_sensor:705]sensor [1]: send_reg_tab_to_sensor E.
[23:13:40.767] RX< [6] [ca
[23:13:40.769] RX< m] [41009][tshell][sensor_send_reg_tab_to_sensor:751]sensor [1]: reg_count = 84.
[23:13:40.769] RX< [6] [cam] [41009][tshell][csc_init:731]ok! phys_id[1], phys_num[1]
[23:13:40.769] RX< [6] [cam] [41010][tshell][csc_get_bayer_single_buffer:1148]scenario_type: 1
[23:13:40.769] RX< [6] [cam] [41010][tshell][csc_s
[23:13:40.770] RX< et_stats_fmt:98]index 0 w 1 h 1 bw 8 wcmp 255
[23:13:40.770] RX< [7] [cam] [41011][tshell][bm_ioctl:201]BMIOC_STATS_FMT
[23:13:40.770] RX< [6] [cam] [41011][tshell][csc_set_fe_fmt:47]index 1 w 4032 h 3024 bw 10 wcmp 0
[23:13:40.770] RX< [7] [cam] [41012][tshell][bm_ioctl:201]BMIOC_FE_FMT
[23:13:40.770] RX< [6] [cam] [41012][tshe
[23:13:40.772] RX< ll][csc_set_lite_fmt:115]index 2 w 1008 h 720 bw 8 wcmp 255
[23:13:40.772] RX< [7] [cam] [41012][tshell][bm_ioctl:201]BMIOC_LITE_FMT
[23:13:40.772] RX< [6] [cam] [41012][tshell][csc_set_lite_fmt:115]index 21 w 1008 h 720 bw 8 wcmp 255
[23:13:40.772] RX< [7] [cam] [41013][tshell][bm_ioctl:201]BMIOC_LITE_FMT
[23:13:40.772] RX< [6]
[23:13:40.772] RX<  [cam] [41013][tshell][csc_set_be_fmt:81]index 25 w 0 h 0 bw 8 wcmp 255
[23:13:40.772] RX< [7] [cam] [41014][tshell][bm_ioctl:201]BMIOC_BE_FMT
[23:13:40.772] RX< [6] [cam] [41014][tshell][csc_set_be_fmt:81]index 22 w 480 h 360 bw 8 wcmp 255
[23:13:40.772] RX< [7] [cam] [41014][tshell][bm_ioctl:201]BMIOC_BE_FMT
[23:13:40.775] RX< 
[23:13:40.775] RX< [6] [cam] [41015][tshell][csc_set_me_fmt:64]index 5 w 3024 h 4032 bw 10 wcmp 0, rdma_addr 0x8945f400, wdma_addr 0x8945f400
[23:13:40.775] RX< [7] [cam] [41015][tshell][bm_ioctl:201]BMIOC_ME_FMT
[23:13:40.775] RX< [6] [cam] [41016][tshell][csc_set_me_fmt:64]index 6 w 3024 h 4032 bw 8 wcmp 255
[23:13:40.775] RX< , rdma_addr 0x8a247700, wdma_addr 0x8c000000
[23:13:40.775] RX< [6] [cam] [41016][tshell][cam_me_core_buffer_cfg:1416]
[23:13:40.775] RX< ----ME PIPE INFO---
[23:13:40.775] RX<  wdma_buf_num:1, rotation_en: 1
[23:13:40.775] RX< [7] [cam] [41017][tshell][cam_me_core_buffer_cfg:1424]yuv wdma_addr 0:0x8c000000, meta_en: 0, 0x0000000
[23:13:40.778] RX< 0
[23:13:40.778] RX< [7] [cam] [41018][tshell][bm_ioctl:201]BMIOC_ME_FMT
[23:13:40.778] RX< [6] [cam] [41018][tshell][csc_init:739]get otp ok! phys_id[1], phys_num[1]
[23:13:40.778] RX< [6] [cam] [41018][tshell][cam_init:828]init ok! logic_id[0]
[23:13:40.778] RX< [34m[cam init] perf=21845(us)!
[23:13:40.778] RX< [0m[6] [App Cam] cam init succe
[23:13:40.778] RX< ss
[23:13:40.778] RX< [7] [cam] [41019][tshell][cam_cpm_core_stream_on:560]id 0 sensor type 1
[23:13:40.778] RX< [6] [cam] [41019][tshell][sensor_stream_on:1024]sensor [1]: stream_on
[23:13:40.778] RX< [6] [cam] [41020][tshell][sensor_stream_on:1052]sensor [1]: REG: 0x100, W:0x1.
[23:13:40.778] RX< [6] [cam] [41020][tshell][sens
[23:13:40.802] RX< or_stream_on:1054]sensor [1]: REG: 0x100, R:0x1.
[23:13:40.802] RX< [6] [cam] [41020][tshell][csc_prv_start:873]ok! phys_id[1], phys_num[1], cam_ids[1]
[23:13:40.802] RX< [6] [cam] [41021][tshell][cam_start:938]preview start ok! logic_id[0]
[23:13:40.802] RX< [34m[cam start] perf=2325(us)!
[23:13:40.802] RX< [0m[6] [App Cam] c
[23:13:40.803] RX< am start success
[23:13:40.803] RX< [6] [App Dfs] Gravity_XR Capture Start
[23:13:40.803] RX< msh /emmc>echo "__EVBTES[7] [cam] [41023][b_3a_sts][bayer_stats_core_irq_proc:164]thread start cid,0
[23:13:40.803] RX< [7] [cam] [41023][fe0][fe_core_irq_proc:98]thread start cid,0
[23:13:40.803] RX< T_END_66b47e5a__"
[23:13:40.803] RX< __EVBTEST_END_66b4
[23:13:40.887] TX> dfs_capture_start
[23:13:40.887] TX> echo "__EVBTEST_END_66b47e5a__"
[23:13:41.103] RX< 7e5a__
[23:13:41.103] RX< msh /emmc>[34m[AE] fid=0,exp=13689,adg=400,Y=969,mtg=100,shg=100,bgbv=1597,iso=400,cnv0,hdr0
[23:13:41.103] RX< [0m[34m[b_ae0 proc] perf=2735(us), max=2735(us)!
[23:13:41.103] RX< [0m[34m[awb0 proc] perf=1309(us), max=1309(us)!
[23:13:41.103] RX< [0m[34m[AE conv] fid=8,exp=14067,adg=400,Y=5853,mtg
[23:13:41.104] RX< =530,shg=100,bgbv=1557,iso=400,cnv1,hdr1
[23:13:41.104] RX< [0m[7] [cam] [41327][fe0][_qpc_hdr_rslt_chk:1668]
[23:13:41.104] RX< ALG: EV0 t14067 g400 | EV+ t14067 g400 | EV- t10098 g100
[23:13:41.104] RX< [6] [cam] [41328][fe0][qpc_core_hdr_mapExp_cfg:1736]evMapExp set OK, typ:2 1 FF num:5 1 0
[23:13:41.104] RX< [34m[cap] FE s
[23:13:41.183] RX< ync ME @fid8 as mod2 cfg0x01, cap 6frms @fid+2
[23:13:41.183] RX< [0m[7] [cam] [41331][qpc0][qpc_core_hdr_upd_sensor:559][HDRupd]: Sns cap-0 EV:0->2 st-14067 ag-400
[23:13:41.183] RX< [7] [cam] [41377][qpc0][qpc_core_hdr_upd_me:613][HDRupd] ME cap-0 EV:0->2, dg-100
[23:13:41.183] RX< [7] [JPEG] frame num=6, pr
[23:13:41.199] RX< e frame=1106830 Bytes
[23:13:41.199] RX< [exif] oFrm 0 evP 0 evM -240 bv 1552 exp 14067 iso 400 time 41383
[23:13:41.199] RX< [6] [cam] [41397][fe0][_cpm_cb_jpegInfo_proc:618]SnapStream E @ frm11!
[23:13:41.199] RX< [6] [cam] [41410][me0][cpm_cb_fe2me_tikChk:152]frm_length 33329us, fe2me delta 9
[23:13:41.199] RX< [32m[BE] fid=0
[23:13:41.336] RX< , perf=5524(us), max=5524(us)!
[23:13:41.336] RX< [0m[34m[cap] fid: me0 fe12, perf=421690(us)!
[23:13:41.336] RX< [0m[7] [cam] [41443][me0][me_core_thread:359]ME out fid 0
[23:13:41.336] RX< [7] [cam] [41500][qpc0][qpc_core_hdr_upd_sensor:559][HDRupd]: Sns cap-5 EV:2->1 st-10098 ag-100
[23:13:41.336] RX< [exif] oFrm 5 evP 0 ev
[23:13:41.813] RX< M -240 bv 1552 exp 10098 iso 100 time 41553
[23:13:41.813] RX< [6] [cam] [41597][fe0][_cpm_cb_jpegInfo_proc:626]SnapStream X @ frm17!
[23:13:41.813] RX< [34m[cap] fid: me5 fe17, perf=31183(us)!
[23:13:41.813] RX< [0m[6] [App Dfs] Gravity_XR Capture Stop Success: total frames = 6
[23:13:41.813] RX< [6] [cam] [42054][DfsSend][sens
[23:13:41.814] RX< or_stream_off:1188]sensor [1]: stream_off
[23:13:41.814] RX< [6] [cam] [42055][DfsSend][sensor_stream_off:1217]sensor [1]: REG: 0x100, W:0x0.
[23:13:41.814] RX< [6] [cam] [42055][DfsSend][sensor_stream_off:1219]sensor [1]: REG: 0x100, R:0x0.
[23:13:41.814] RX< [6] [cam] [42056][DfsSend][csc_prv_stop:983]ok! ph
[23:13:41.816] RX< ys_id[1], phys_num[1], stop_type = 0
[23:13:41.816] RX< [6] [cam] [42056][DfsSend][cam_stop:1058]preview stop ok! logic_id[0]
[23:13:41.816] RX< [34m[cam stop] perf=2370(us)!
[23:13:41.816] RX< [0m[6] [App Cam] cam stop success
[23:13:41.816] RX< [7] [cam] [42057][DfsSend][cam_cpm_core_power_off:467]id,0 type,1 ret 0
[23:13:41.816] RX< [6] [cam]
[23:13:41.816] RX<  [42057][sif0][sif_irq_proc:174]thread release cid,0
[23:13:41.816] RX< [6] [cam] [42058][DfsSend][cam_sif_mgr_deinit:316]X
[23:13:41.816] RX< [6] [cam] [42058][DfsSend][cam_deinit:887]deinit ok! logic_id[0]
[23:13:41.816] RX< [34m[cam deinit] perf=1397(us)!
[23:13:41.816] RX< [0m[6] [App Cam] cam deinit success
[23:13:41.816] RX< [6] [cam] [42
[23:13:41.819] RX< 059][DfsSend][sensor_close:1292]sensor [1]: close!
[23:13:41.819] RX< [6] [cam] [42059][DfsSend][cam_bm_core_deinit:136]X
[23:13:41.819] RX< [INFO]	cpm[0] snsType1 capMod2 cfg0x01 6frms
[23:13:41.819] RX< [6] [cam] [42060][be0][be_core_irq_proc:329]thread release cid,0
[23:13:41.819] RX< [6] [cam] [42060][DfsSend][cam_be_core_dei
[23:13:41.819] RX< nit:793]X
[23:13:41.819] RX< [6] [cam] [42060][me0][me_core_thread:404]thread release cid,0
[23:13:41.819] RX< [6] [cam] [42061][DfsSend][cam_me_core_deinit:1551]X
[23:13:41.819] RX< [6] [cam] [42061][fe0][fe_core_irq_proc:121]thread release cid,0
[23:13:41.819] RX< [6] [cam] [42061][DfsSend][cam_fe_core_deinit:536]X
[23:13:41.819] RX< [6] [cam] 
[23:13:41.821] RX< [42062][b_3a_sts][bayer_stats_core_irq_proc:193]thread release cid,0
[23:13:41.821] RX< [6] [cam] [42062][DfsSend][cam_bayer_stats_core_deinit:512]X
[23:13:41.821] RX< [6] [cam] [42063][lite0][lite_core_irq_proc:190]thread release cid,0
[23:13:41.821] RX< [6] [cam] [42063][DfsSend][cam_lite_core_deinit:556]X
[23:13:41.821] RX< [
[23:13:41.822] RX< 6] [cam] [42063][b_ae0][a5_core_wrapper_task:315]thread release cid,0,algo,0
[23:13:41.822] RX< [6] [cam] [42063][DfsSend][bayer_ae_wrapper_deinit:204]X
[23:13:41.822] RX< [6] [cam] [42064][atf0][a5_core_wrapper_task:315]thread release cid,0,algo,1
[23:13:41.822] RX< [6] [cam] [42064][DfsSend][atf_wrapper_deini
[23:13:41.824] RX< t:153]X
[23:13:41.824] RX< [6] [cam] [42065][awb0][a5_core_wrapper_task:315]thread release cid,0,algo,2
[23:13:41.824] RX< [6] [cam] [42065][DfsSend][awb_wrapper_deinit:153]X
[23:13:41.824] RX< [6] [cam] [42065][DfsSend][cam_5a_core_deinit:555]X
[23:13:41.824] RX< [6] [cam] [42066][DfsSend][cam_5a_inf_deinit:149]X
[23:13:41.824] RX< [6] [cam] [42
[23:13:41.825] RX< 066][qpc0][qpc_core_msg_proc:705]thread release cid,0
[23:13:41.825] RX< [6] [cam] [42066][DfsSend][qpc_core_deinit:1413]X
[23:13:41.825] RX< [6] [cam] [42067][DfsSend][cam_cpm_core_deinit:1248]X
[23:13:41.825] RX< [6] [cam] [42067][DfsSend][csc_close:656]ok! phys_id[1], phys_num[1]
[23:13:41.825] RX< [7] [cam] [42067][cer0][cer
[23:13:41.833] RX< _recovery_proc:352]msg type = 254
[23:13:41.833] RX< [6] [cam] [42067][cer0][cer_recovery_proc:454]thread release cid,0
[23:13:41.833] RX< [6] [cam] [42068][DfsSend][cer_deinit:560]X
[23:13:41.833] RX< [6] [cam] [42068][DfsSend][cam_close:789]close ok! logic_id[0]
[23:13:41.833] RX< [34m[cam close] perf=9857(us)!
[23:13:41.833] RX< [0m[6] [App C
[23:13:41.833] RX< am] cam close success
[23:13:41.833] RX< [6] [cam] [42069][cpl0][cam_prelude_proc_routine:136]thread release
[23:13:41.833] RX< [6] [cam] [42069][DfsSend][cam_exit:571]exit ok!
[23:13:41.833] RX< [34m[cam exit] perf=652(us)!
[23:13:41.833] RX< [0m[6] [App Cam] cam exit success
[23:13:41.833] RX< [6] [App Cam] jpeg deinit success
[23:13:41.833] RX< [6] [App Dfs] S
[23:13:43.836] RX< ave Photo Successful: /emmc/PIC/20260101_000041_1022/
[23:13:43.836] RX< [6] [App Dfs] Capture completed successfully.
[23:13:46.874] TX> cam_set video 1080p
[23:13:46.874] TX> echo "__EVBTEST_END_67f8a7f8__"
[23:13:47.840] RX< cam_set video 1080p
[23:13:47.840] RX< [6] [App Dfs] w(1920) * h(1080) is 1080p, eis 1
[23:13:47.840] RX< msh /emmc>echo "__EVBTEST_END_67f8a7f8__"
[23:13:47.840] RX< __EVBTEST_END_67f8a7f8__
[23:13:47.840] RX< msh /emmc>
[23:13:47.963] RX< dfs_video_start
[23:13:47.963] RX< [7] [cam] [48201][tshell][cgm_parse_bin:104]total logical camera num: 1
[23:13:47.963] RX< [6] [cam] [48201][tshell][cam_prelude_create:187]E id, 0
[23:13:47.963] RX< [7] [cam] [48201][cpl0][cam_prelude_proc_routine:101]thread start
[23:13:47.963] RX< [6] [cam] [48201][tshell][cam_prelude_create
[23:13:47.963] RX< :214]X ctx size 132 addr 0x884de858
[23:13:47.963] RX< [6] [cam] [48205][tshell][sensor_probe:418]sensor [1]: identifing 0 success.
[23:13:47.963] RX< [6] [cam] [48206][tshell][sensor_probe:441]sensor [1]: probe exit!
[23:13:47.963] RX< [6] [cam] [48206][tshell][cam_prelude_fast_probe:251]cam: 0 probe result: 
[23:13:47.966] RX< 0
[23:13:47.966] RX< [6] [cam] [48206][tshell][cgm_parse_bin:218]cam(0) probe success
[23:13:47.966] RX< [6] [cam] [48207][tshell][cam_entry:455]entry ok
[23:13:47.966] RX< [34m[cam entry] perf=6354(us)!
[23:13:47.966] RX< [0m[6] [App Cam] cam entry success
[23:13:47.966] RX< [7] [cam] [48207][tshell][cam_solve_layout:350][mLayout] param OK, sce
[23:13:47.968] RX< n3 iw4032 ih2268 ow1920 oh1080 gdc 0x1
[23:13:47.968] RX< [36m[mLayout] scen03 in=4032x2268,out=1920x1080 meRot1 stripe0 gdcOn1
[23:13:47.968] RX< [0m[36m[mLayout] scen03 14entries solved status=OK retry=0 rtmp=enabled (cursor0=0x8a00f210 cursor1=0x88e20aa0, ch0/1/2 cnt=5/3/1)
[23:13:47.968] RX< [0m[7] [ca
[23:13:47.968] RX< m] [48209][tshell][cam_solve_layout:377]
[23:13:47.968] RX< [mLayout] out vol 0x8c000000 rBuf 0x8a5e5400 sz 0xd00000 wBuf 0x89700000 sz 0x900000
[23:13:47.968] RX<           rtmp tBuf 0x8a10f210 sz 0x80000 aBuf 0x8a08f210 sz 0x80000
[23:13:47.968] RX<        alg EIS buf 0x8a00f210
[23:13:47.968] RX< [7] [cam] [48210][tshell][cam_
[23:13:47.971] RX< solve_layout:397]Solve Scen3 layout Done!
[23:13:47.971] RX< [6] [cam] [48211][tshell][cgm_parse_media_para:274]phy cam num: 1
[23:13:47.971] RX< [7] [cam] [48211][cer0][cer_recovery_proc:343]thread start cid, 0
[23:13:47.971] RX< [6] [cam] [48212][tshell][csc_open:499]SENSOR MCLK cal: 24MHz
[23:13:47.971] RX< [6] [cam] [48212][
[23:13:47.971] RX< tshell][csc_isp_clk_cal:344]MIPI CLK cal: 277MHz
[23:13:47.971] RX< [6] [cam] [48212][tshell][csc_isp_clk_cal:374]LITE CLK cal: 25MHz
[23:13:47.971] RX< [7] [cam] [48213][tshell][cpc_csi_rx_power_on:633]E id: 2
[23:13:47.971] RX< [4] [cam] [48213][tshell][cpc_csi_rx_power_on:644]csi_2 has already power on, STA
[23:13:47.976] RX< TUS: 1
[23:13:47.976] RX< [6] [cam] [48213][tshell][cpc_update_clock:603]actual SNS mclk: 24MHz
[23:13:47.976] RX< [6] [cam] [48214][tshell][cpc_update_clock:608]actual MIPI0: 300MHz
[23:13:47.976] RX< [6] [cam] [48214][tshell][cpc_update_clock:598]actual LITE clk: 25MHz
[23:13:47.976] RX< [7] [cam] [48215][tshell][cam_prelude_o
[23:13:47.977] RX< pen:297][34msnsOpen camID1 csiID0 phyIdx0[0m
[23:13:47.977] RX< [6] [cam] [48218][tshell][sensor_expo_gain_match:48]sensor get sensor expo gain of imx681_vst
[23:13:47.977] RX< [6] [cam] [48218][tshell][sensor_open:684]sensor [1] open OK.
[23:13:47.977] RX< [6] [cam] [48218][tshell][cam_cpm_parse_media:295]vi
[23:13:47.979] RX< deo scenario:3, media para[fps:0, mirror_en:0, flip_en:0]
[23:13:47.979] RX< [6] [cam] [48219][tshell][cam_cpm_parse_media:298]video scenario, media para[iso:0, gain:0, wb_mode:0]
[23:13:47.979] RX< [6] [cam] [48220][tshell][csc_isp_clk_cal:355]FE CLK cal: 373MHz, ME CLK cal: 371MHz, FE/ME CL
[23:13:47.980] RX< K cal: 410MHz
[23:13:47.980] RX< [6] [cam] [48220][tshell][csc_isp_clk_cal:364]BE CLK cal: 301MHz
[23:13:47.980] RX< [4] [cam] [48221][tshell][cam_fe_core_power_on:269]fe pipe has already power on, STATUS: 1
[23:13:47.980] RX< [6] [cam] [48221][tshell][cpc_update_clock:588]actual FE/ME clk: 500MHz
[23:13:47.980] RX< [4] [cam] [4
[23:13:47.982] RX< 8222][tshell][cam_be_core_power_on:1028]be pipe has already power on, STATUS: 1
[23:13:47.982] RX< [6] [cam] [48222][tshell][cpc_update_clock:593]actual BE clk: 500MHz
[23:13:47.982] RX< [7] [cam] [48222][tshell][cam_cpm_core_power_on:435]id,0 type,1 ret 0
[23:13:47.982] RX< [6] [cam] [48223][tshell][cam_cpm_co
[23:13:47.983] RX< re_init:1017]E id,0 sensor type,1
[23:13:47.983] RX< [6] [cam] [48224][tshell][cpm_core_check_tuningbin:957]Tuning bin crc check PASS! sum 0x17a5964, xor 0x87e82682
[23:13:47.983] RX< [6] [cam] [48224][tshell][qpc_tuning_check_iqbin_validness:396]IQ bin addr: 0x88646660, project_name: video_3
[23:13:47.985] RX< M
[23:13:47.985] RX< [6] [cam] [48225][tshell][qpc_tuning_check_iqbin_validness:397]total_size: 94400
[23:13:47.985] RX< [6] [cam] [48225][tshell][qpc_tuning_check_iqbin_validness:398]id_count: 93. ID_TOTAL: 94
[23:13:47.985] RX< [6] [cam] [48226][tshell][qpc_tuning_check_iqbin_validness:399]spinel tuning data
[23:13:47.985] RX<  ver: V1.30
[23:13:47.985] RX< [6] [cam] [48226][tshell][cpm_core_check_tuningbin:971]IQ bin check success!
[23:13:47.985] RX< [6] [cam] [48227][tshell][cam_bm_core_init:94]E
[23:13:47.985] RX< [6] [cam] [48227][tshell][bm_lab_init:174]X ctx size 4 addr 0x884b98e0
[23:13:47.985] RX< [6] [cam] [48228][tshell][cam_bm_core_init:114
[23:13:47.999] RX< ]X ctx size 180 addr 0x884c2638
[23:13:47.999] RX< [6] [cam] [48228][tshell][qpc_core_init:1299]E id,0
[23:13:47.999] RX< [6] [cam] [48228][tshell][qpc_queue_init:65]QPC init qnodes 8, size 508, pool 0x884df5f8
[23:13:47.999] RX< [7] [cam] [48229][tshell][_qpc_get_cap_cfg_para:896][fallback]preset capCfg 200 0 
[23:13:48.000] RX< 0 invalid, use default
[23:13:48.000] RX< [7] [cam] [48229][tshell][_qpc_cfg_hdr_frms:840][fallback]preset hdrCfg 0 0 0 0 0 invalid, use default
[23:13:48.000] RX< [6] [cam] [48241][tshell][qpc_core_init:1347]X ctx size 1288 addr 0x884c2700
[23:13:48.000] RX< [6] [cam] [48242][tshell][cpm_core_get_param:764]cpm
[23:13:48.003] RX<  para chk: tunBin-w 4032 h 2266 img-w 4032 h 2268
[23:13:48.003] RX< [6] [cam] [48242][tshell][cam_fe_core_init:436]E id,0
[23:13:48.003] RX< [6] [cam] [48243][tshell][cam_fe_core_init:490]X ctx size 96 addr 0x884c33b0
[23:13:48.003] RX< [7] [cam] [48243][tshell][qpc_core_fe_chords_init:1763][34mqpc fe init s
[23:13:48.003] RX< nsOut w 4032 h 2268, tbl w 28 h 20[0m
[23:13:48.003] RX< [6] [cam] [48243][tshell][cam_me_core_init:1523]X ctx size 1352 addr 0x884f1ae8
[23:13:48.003] RX< [34m[ME SLICE CFG] perf=461(us)!
[23:13:48.003] RX< [0m[6] [cam] [48245][tshell][cam_bayer_fe_3a_stats_core_init:445]fe 3a id,0
[23:13:48.003] RX< [6] [cam] [48246][tshell
[23:13:48.005] RX< ][cam_bayer_fe_3a_stats_core_init:490]X ctx size 132 addr 0x884fa508
[23:13:48.005] RX< [6] [cam] [48246][tshell][cam_be_core_init:621]E id,0
[23:13:48.005] RX< [7] [cam] [48246][be0][be_core_irq_proc:270]thread start cid,0
[23:13:48.005] RX< [6] [cam] [48246][tshell][cam_be_core_init:716]X ctx size 472 addr 0x
[23:13:48.006] RX< 884fa898
[23:13:48.006] RX< [6] [cam] [48247][tshell][awb_wrapper_init:66]xxx awb_bin=0x884e18bc, awb_bin_length=8068
[23:13:48.006] RX< [6] [cam] [48248][tshell][awb_wrapper_init:86]X algo_handle 0x885017c0
[23:13:48.006] RX< [7] [cam] [48248][awb0][a5_core_wrapper_task:252]thread start cid,0 algo type,2
[23:13:48.006] RX< [6] 
[23:13:48.010] RX< [cam] [48248][tshell][a5_core_init_task:426]thread created: awb0 mq=0x88503880 thread=0x88503998 sem=0x88503810 ret=0
[23:13:48.010] RX< [6] [cam] [48249][tshell][bayer_ae_wrapper_init:68]E id,0 proc mode 0 
[23:13:48.010] RX< 
[23:13:48.010] RX< [AEC Proc] @[allib_ae_set_debug_log_flag] Line:129:[DEBUG] debug 
[23:13:48.010] RX< level/to_file/to_terminal: 22/1/1
[23:13:48.010] RX< [AEC Proc] @[AeInit] Line:377:[INFO] AE ver: 2026_V2.269
[23:13:48.010] RX< 
[23:13:48.010] RX< [AEC Proc] @[allib_ae_loadfunc] Line:193:[INFO] camera ID: 0
[23:13:48.010] RX< [AEC Proc] @[alAE_set_param] Line:576:[DEBUG] sw_maxtime 33004 ,pertline 10800, after check sensor ste
[23:13:48.013] RX< p sw_max_time 33000.00
[23:13:48.013] RX< [AEC Proc] @[alAE_set_param] Line:581:[DEBUG] sw_mintime 43 ,pertline 10800, after check sensor step sw_min_time 40.00
[23:13:48.013] RX< [AEC Proc] @[alAE_set_param] Line:514:[DEBUG] DEBUG minbv exptime 11 gain 100, minExpBV 13810
[23:13:48.013] RX< [AEC Proc] @[AeTun
[23:13:48.013] RX< ingParseSet] Line:167:[DEBUG] aeparam version 2.268 60803
[23:13:48.013] RX< [AEC Proc] @[alAE_set_param] Line:341:[DEBUG] INITEXP gain 100, shutter 33242, midtonegain 100, bv 2247
[23:13:48.013] RX< [6] [cam] [48255][tshell][bayer_ae_wrapper_init:119]X tline 10800 max_exp 33004 alg_hdl 0x885
[23:13:48.015] RX< 06148 
[23:13:48.015] RX< [7] [cam] [48255][b_ae0][a5_core_wrapper_task:252]thread start cid,0 algo type,0
[23:13:48.015] RX< [6] [cam] [48256][tshell][a5_core_init_task:426]thread created: b_ae0 mq=0x885071f8 thread=0x88507310 sem=0x88507188 ret=0
[23:13:48.015] RX< [6] [cam] [48256][tshell][atf_wrapper_init:6
[23:13:48.016] RX< 7]E id,0
[23:13:48.016] RX< [6] [cam] [48257][tshell][atf_wrapper_init:107]X alg_ctx addr 0x885076e8
[23:13:48.016] RX< [7] [cam] [48257][atf0][a5_core_wrapper_task:252]thread start cid,0 algo type,1
[23:13:48.016] RX< [6] [cam] [48258][tshell][a5_core_init_task:426]thread created: atf0 mq=0x88507820 thread=0x
[23:13:48.026] RX< 88507938 sem=0x885077b0 ret=0
[23:13:48.026] RX< [6] [cam] [48258][tshell][cam_cpm_core_init:1101]GDC enabled: video_eis=1, photo_warp=0
[23:13:48.026] RX< [6] [cam] [48267][tshell][cam_dewarp_init:333]table reg: enable:1, blockw:5, inw:1296, inh:2304, mapw:61, maph:35, outw:1920, outh:1080
[23:13:48.026] RX< [
[23:13:48.026] RX< 6] [cam] [48267][tshell][cam_dewarp_init:354]dewarp init: real-IMU consumer registered, reader=0x88507c38
[23:13:48.026] RX< [6] [cam] [48268][dwp0][dewarp_thread_entry:164]dewarp thread start, id=0
[23:13:48.026] RX< [6] [cam] [48268][tshell][cam_dewarp_init:379]EIS: dewarp init ok: dwp0 eis
[23:13:48.033] RX< _ctx=0x8a00f210 table_size=12810 reg=61x35x5
[23:13:48.033] RX< [6] [cam] [48269][tshell][cam_cpm_core_init:1131]EIS: dewarp enabled, eis_ctx=0x8a00f210, eis_cfg=0x884c2584
[23:13:48.033] RX< [6] [cam] [48270][tshell][cam_cpm_core_init:1149]X ctx size 1096 addr 0x884c21e0
[23:13:48.033] RX< [6] [cam] [48270][t
[23:13:48.033] RX< shell][csc_open:599]ok! phys_id[1], phys_num[1] 
[23:13:48.033] RX< [6] [cam] [48271][tshell][cam_open:738]open ok! camera_id[0]
[23:13:48.033] RX< [34m[cam open] perf=63838(us)!
[23:13:48.033] RX< [0m[6] [App Cam] cam open success
[23:13:48.033] RX< [6] [cam] [48276][tshell][csc_init:722]sensor info:size:4032x2268, formt: 0x2
[23:13:48.036] RX< b, bps: 1968, tline: 10800
[23:13:48.036] RX< [6] [cam] [48276][tshell][cam_sif_mgr_init:261]E id,0
[23:13:48.036] RX< [7] [cam] [48277][sif0][sif_irq_proc:151]thread start cid,0
[23:13:48.036] RX< [6] [cam] [48277][tshell][cam_sif_mgr_init:293]X ctx size 52 addr 0x88544660
[23:13:48.036] RX< [6] [cam] [48278][tshell][cam_prelud
[23:13:48.036] RX< e_init_cfg:368]CSI ID is 0,  phy lanes is 2.
[23:13:48.036] RX< [7] [cam] [48278][tshell][check_phy_ready:96]MIPI_PHY[0] is ready
[23:13:48.036] RX< [6] [cam] [48279][tshell][sensor_init:348]sensor [1]: register ok
[23:13:48.036] RX< [6] [cam] [48279][tshell][sensor_set_mode:887]sensor [1]: SetMode -> mode = 0.
[23:13:48.043] TX> dfs_video_start
[23:13:48.043] TX> echo "__EVBTEST_END_74fdfaee__"
[23:13:48.044] RX< 
[23:13:48.044] RX< [6] [cam] [48280][tshell][sensor_send_reg_tab_to_sensor:705]sensor [1]: send_reg_tab_to_sensor E.
[23:13:48.044] RX< [6] [cam] [48283][tshell][sensor_send_reg_tab_to_sensor:751]sensor [1]: reg_count = 77.
[23:13:48.044] RX< [6] [cam] [48283][tshell][sensor_init:361]sensor [1]: init success.
[23:13:48.047] RX< [6] [cam] [48283][tshell][sensor_set_mode:887]sensor [1]: SetMode -> mode = 3.
[23:13:48.047] RX< [6] [cam] [48284][tshell][sensor_send_reg_tab_to_sensor:705]sensor [1]: send_reg_tab_to_sensor E.
[23:13:48.047] RX< [6] [cam] [48288][tshell][sensor_send_reg_tab_to_sensor:751]sensor [1]: reg_co
[23:13:48.048] RX< unt = 83.
[23:13:48.048] RX< [6] [cam] [48288][tshell][csc_init:731]ok! phys_id[1], phys_num[1]
[23:13:48.048] RX< [6] [cam] [48289][tshell][csc_get_bayer_single_buffer:1148]scenario_type: 3
[23:13:48.048] RX< [6] [cam] [48289][tshell][csc_set_stats_fmt:98]index 0 w 1 h 1 bw 8 wcmp 255
[23:13:48.048] RX< [7] [cam] [48289][tshell
[23:13:48.050] RX< ][bm_ioctl:201]BMIOC_STATS_FMT
[23:13:48.050] RX< [6] [cam] [48290][tshell][csc_set_fe_fmt:47]index 1 w 4032 h 2268 bw 10 wcmp 0
[23:13:48.050] RX< [7] [cam] [48290][tshell][bm_ioctl:201]BMIOC_FE_FMT
[23:13:48.050] RX< [6] [cam] [48290][tshell][csc_set_me_fmt:64]index 5 w 2268 h 4032 bw 10 wcmp 0, rdma_addr 0x8
[23:13:48.050] RX< 8e43800, wdma_addr 0x88e43800
[23:13:48.050] RX< [7] [cam] [48291][tshell][bm_ioctl:201]BMIOC_ME_FMT
[23:13:48.050] RX< [6] [cam] [48291][tshell][csc_set_video_fmt:1076]meta_addr: 0x8a18f240
[23:13:48.050] RX< [6] [cam] [48292][tshell][csc_set_me_fmt:64]index 6 w 1296 h 2304 bw 8 wcmp 0, rdma_addr 0x8b2e5400, 
[23:13:48.053] RX< wdma_addr 0x8a19fc00
[23:13:48.053] RX< [6] [cam] [48292][tshell][cam_me_core_buffer_cfg:1416]
[23:13:48.053] RX< ----ME PIPE INFO---
[23:13:48.053] RX<  wdma_buf_num:2, rotation_en: 1
[23:13:48.053] RX< [7] [cam] [48293][tshell][cam_me_core_buffer_cfg:1424]yuv wdma_addr 0:0x8a19fc00, meta_en: 1, 0x8a18f240
[23:13:48.053] RX< [7] [cam] [48293][ts
[23:13:48.053] RX< hell][cam_me_core_buffer_cfg:1424]yuv wdma_addr 1:0x8a3c2800, meta_en: 1, 0x8a18f240
[23:13:48.053] RX< [7] [cam] [48294][tshell][bm_ioctl:201]BMIOC_ME_FMT
[23:13:48.053] RX< [6] [cam] [48294][tshell][csc_set_lite_fmt:115]index 13 w 400 h 400 bw 10 wcmp 255
[23:13:48.053] RX< [7] [cam] [48295][tshell][bm_ioctl
[23:13:48.055] RX< :201]BMIOC_LITE_FMT
[23:13:48.055] RX< [6] [cam] [48295][tshell][csc_set_lite_fmt:115]index 14 w 400 h 400 bw 10 wcmp 255
[23:13:48.055] RX< [7] [cam] [48296][tshell][bm_ioctl:201]BMIOC_LITE_FMT
[23:13:48.055] RX< [6] [cam] [48296][tshell][csc_set_be_fmt:81]index 7 w 1920 h 1080 bw 6 wcmp 0
[23:13:48.055] RX< [7] [cam] [48297][t
[23:13:48.056] RX< shell][bm_ioctl:201]BMIOC_BE_FMT
[23:13:48.056] RX< [6] [cam] [48297][tshell][csc_set_be_fmt:81]index 8 w 1920 h 1080 bw 8 wcmp 255
[23:13:48.056] RX< [7] [cam] [48297][tshell][bm_ioctl:201]BMIOC_BE_FMT
[23:13:48.056] RX< [6] [cam] [48297][tshell][cam_dewarp_set_table_base:480]dewarp table base updated: [0]=0x8
[23:13:48.058] RX< 8e20aa0 [1]=0x88e32150
[23:13:48.058] RX< [6] [cam] [48298][tshell][cam_cpm_core_set_dewarp_table_base:1611]dewarp table base updated: [0]=0x88e20aa0 [1]=0x88e32150
[23:13:48.058] RX< [6] [cam] [48298][tshell][csc_init:739]get otp ok! phys_id[1], phys_num[1]
[23:13:48.058] RX< [6] [cam] [48299][tshell][cam_ini
[23:13:48.058] RX< t:828]init ok! logic_id[0]
[23:13:48.058] RX< [34m[cam init] perf=23326(us)!
[23:13:48.058] RX< [0m[6] [App Cam] cam init success
[23:13:48.058] RX< [7] [cam] [48300][tshell][cam_cpm_core_stream_on:560]id 0 sensor type 1
[23:13:48.058] RX< [6] [cam] [48300][tshell][sensor_stream_on:1024]sensor [1]: stream_on
[23:13:48.058] RX< [6] [cam] [48301][
[23:13:48.076] RX< tshell][sensor_stream_on:1052]sensor [1]: REG: 0x100, W:0x1.
[23:13:48.076] RX< [6] [cam] [48301][tshell][sensor_stream_on:1054]sensor [1]: REG: 0x100, R:0x1.
[23:13:48.076] RX< [6] [cam] [48301][tshell][csc_prv_start:873]ok! phys_id[1], phys_num[1], cam_ids[1]
[23:13:48.076] RX< [6] [cam] [48302][tshell][cam_
[23:13:48.077] RX< start:938]preview start ok! logic_id[0]
[23:13:48.077] RX< [34m[cam start] perf=2325(us)!
[23:13:48.077] RX< [0m[6] [App Cam] cam start success
[23:13:48.077] RX< [6] [App Dfs] Gravity_XR Record Start
[23:13:48.077] RX< msh /emmc>echo "__EVBTEST_END_74fdfaee__"
[23:13:48.077] RX< __EVBTEST_END_74fdfaee__
[23:13:48.077] RX< msh /emmc>[7] [cam] [48304][b_3a_sts][bay
[23:13:48.194] RX< er_stats_core_irq_proc:164]thread start cid,0
[23:13:48.194] RX< [7] [cam] [48304][fe0][fe_core_irq_proc:98]thread start cid,0
[23:13:48.194] RX< [34m[AE] fid=0,exp=7450,adg=100,Y=5561,mtg=100,shg=100,bgbv=4380,iso=100,cnv0,hdr0
[23:13:48.194] RX< [0m[34m[b_ae0 proc] perf=2801(us), max=2801(us)!
[23:13:48.194] RX< [0m[34m[a
[23:13:48.368] RX< wb0 proc] perf=1278(us), max=1278(us)!
[23:13:48.368] RX< [0m[7] [cam] [48436][me0][me_core_thread:359]ME out fid 0
[23:13:48.368] RX< [6] [cam] [48483][dwp0][cpm_cb_dewarp_handle:1411]EIS: dewarp done frm=0, buf_idx=0
[23:13:48.368] RX< [6] [cam] [48595][me0][cpm_cb_fe2me_tikChk:152]frm_length 88560us, fe2me d
[23:13:49.355] RX< elta 0
[23:13:49.355] RX< [34m[ME INTP]fid=0, shutter=7450, perf=843(us), max=843(us)!
[23:13:49.355] RX< [0m[32m[BE] fid=0, perf=7070(us), max=7070(us)!
[23:13:49.355] RX< [0m[6] [App Dfs] f_index = 0, f_len = 78406, cur_total_len = 78494
[23:13:49.355] RX< [34m[AE] fid=30,exp=10420,adg=300,Y=4548,mtg=180,shg=100,bgbv=1365,i
[23:13:51.357] RX< so=300,cnv2,hdr0
[23:13:51.357] RX< [0m[7] [cam] [49602][me0][me_core_thread:359]ME out fid 30
[23:13:51.357] RX< [34m[AE] fid=60,exp=10480,adg=300,Y=4570,mtg=180,shg=100,bgbv=1365,iso=300,cnv2,hdr0
[23:13:51.357] RX< [0m[7] [cam] [50602][me0][me_core_thread:359]ME out fid 60
[23:13:51.357] RX< [34m[AE] fid=90,exp=10490,adg=30
[23:13:51.710] RX< 0,Y=4558,mtg=180,shg=100,bgbv=1361,iso=300,cnv2,hdr0
[23:13:51.710] RX< [0m[34m[b_ae0 proc] perf=392(us), max=2801(us)!
[23:13:51.710] RX< [0m[34m[awb0 proc] perf=1516(us), max=1607(us)!
[23:13:51.710] RX< [0m[7] [cam] [51602][me0][me_core_thread:359]ME out fid 90
[23:13:51.710] RX< [32m[BE] fid=90, perf=8717(us), max=8853(
[23:13:52.455] RX< us)!
[23:13:52.455] RX< [0m[6] [App Dfs] f_index = 90, f_len = 165759, cur_total_len = 6780289
[23:13:52.455] RX< [34m[AE] fid=120,exp=10490,adg=300,Y=4555,mtg=180,shg=100,bgbv=1361,iso=300,cnv2,hdr0
[23:13:52.455] RX< [0m[7] [cam] [52602][me0][me_core_thread:359]ME out fid 120
[23:13:52.455] RX< [34m[ME INTP]fid=120, shutter=
[23:13:54.357] RX< 10490, perf=4(us), max=4315(us)!
[23:13:54.357] RX< [0m[34m[AE] fid=150,exp=10490,adg=300,Y=4550,mtg=180,shg=100,bgbv=1361,iso=300,cnv2,hdr0
[23:13:54.357] RX< [0m[7] [cam] [53601][me0][me_core_thread:359]ME out fid 150
[23:13:54.357] RX< [34m[AE] fid=180,exp=10490,adg=300,Y=4550,mtg=180,shg=100,bgbv=1361,is
[23:13:54.730] RX< o=300,cnv2,hdr0
[23:13:54.730] RX< [0m[34m[b_ae0 proc] perf=378(us), max=610(us)!
[23:13:54.730] RX< [0m[34m[awb0 proc] perf=1306(us), max=1721(us)!
[23:13:54.730] RX< [0m[7] [cam] [54601][me0][me_core_thread:359]ME out fid 180
[23:13:54.730] RX< [32m[BE] fid=180, perf=8744(us), max=8744(us)!
[23:13:54.730] RX< [0m[6] [App Dfs] f_index = 180
[23:13:56.373] RX< , f_len = 165796, cur_total_len = 6706261
[23:13:56.373] RX< [34m[AE] fid=210,exp=10490,adg=300,Y=4557,mtg=180,shg=100,bgbv=1361,iso=300,cnv2,hdr0
[23:13:56.373] RX< [0m[7] [cam] [55601][me0][me_core_thread:359]ME out fid 210
[23:13:56.373] RX< [34m[AE] fid=240,exp=10490,adg=300,Y=4554,mtg=180,shg=100,bgbv=13
[23:13:57.373] RX< 61,iso=300,cnv2,hdr0
[23:13:57.373] RX< [0m[6] [cam] [56593][dwp0][cpm_cb_dewarp_handle:1411]EIS: dewarp done frm=240, buf_idx=0
[23:13:57.373] RX< [7] [cam] [56601][me0][me_core_thread:359]ME out fid 240
[23:13:57.373] RX< [34m[ME INTP]fid=240, shutter=10490, perf=4(us), max=312(us)!
[23:13:57.373] RX< [0m[34m[AE] fid=270,exp
[23:13:57.709] RX< =10570,adg=300,Y=4502,mtg=180,shg=100,bgbv=1341,iso=300,cnv2,hdr0
[23:13:57.709] RX< [0m[34m[b_ae0 proc] perf=585(us), max=614(us)!
[23:13:57.709] RX< [0m[34m[awb0 proc] perf=1299(us), max=1715(us)!
[23:13:57.709] RX< [0m[7] [cam] [57601][me0][me_core_thread:359]ME out fid 270
[23:13:57.709] RX< [32m[BE] fid=270, perf=9006(
[23:13:58.128] RX< us), max=9006(us)!
[23:13:58.128] RX< [0m[6] [App Dfs] f_index = 270, f_len = 180512, cur_total_len = 6844417
[23:13:58.128] RX< dfs_video_stop
[23:13:58.128] RX< msh /emmc>echo "__EVBTEST_E[6] [App Dfs]  Gravity_XR Record Stop Success: total frames = 283
[23:13:58.128] RX< [6] [cam] [58355][DfsSend][sensor_stream_off:1188]sensor
[23:13:58.140] RX<  [1]: stream_off
[23:13:58.140] RX< [6] [cam] [58355][DfsSend][sensor_stream_off:1217]sensor [1]: REG: 0x100, W:0x0.
[23:13:58.140] RX< [6] [cam] [58356][DfsSend][sensor_stream_off:1219]sensor [1]: REG: 0x100, R:0x0.
[23:13:58.140] RX< [6] [cam] [58380][DfsSend][csc_prv_stop:983]ok! phys_id[1], phys_num[1], sto
[23:13:58.140] RX< p_type = 0
[23:13:58.140] RX< [6] [cam] [58380][DfsSend][cam_stop:1058]preview stop ok! logic_id[0]
[23:13:58.140] RX< [34m[cam stop] perf=25667(us)!
[23:13:58.140] RX< [0m[6] [App Cam] cam stop success
[23:13:58.140] RX< Total of 284 frames encoded, 21456626 bytes, max_workbuffer_used: 3493888 bytes
[23:13:58.140] RX< [6] [App Cam] hevc_encoder
[23:13:58.143] RX< _deinit success
[23:13:58.143] RX< [7] [cam] [58382][DfsSend][cam_cpm_core_power_off:467]id,0 type,1 ret 0
[23:13:58.143] RX< [6] [cam] [58383][sif0][sif_irq_proc:174]thread release cid,0
[23:13:58.143] RX< [6] [cam] [58383][DfsSend][cam_sif_mgr_deinit:316]X
[23:13:58.143] RX< [6] [cam] [58384][DfsSend][cam_deinit:887]deinit ok!
[23:13:58.143] RX<  logic_id[0]
[23:13:58.143] RX< [34m[cam deinit] perf=1279(us)!
[23:13:58.143] RX< [0m[6] [App Cam] cam deinit success
[23:13:58.143] RX< [6] [cam] [58384][DfsSend][sensor_close:1292]sensor [1]: close!
[23:13:58.143] RX< [6] [cam] [58385][DfsSend][cam_dewarp_deinit:438]dewarp deinit, id=0
[23:13:58.143] RX< [6] [cam] [58385][dwp0][dewarp_thread_
[23:13:58.146] RX< entry:174]dewarp thread exit signal, id=0
[23:13:58.146] RX< [6] [cam] [58386][dwp0][dewarp_thread_entry:276]dewarp thread exit, id=0
[23:13:58.146] RX< [6] [cam] [58386][DfsSend][cam_bm_core_deinit:136]X
[23:13:58.146] RX< [6] [cam] [58386][be0][be_core_irq_proc:329]thread release cid,0
[23:13:58.146] RX< [6] [cam] [58387][DfsS
[23:13:58.146] RX< end][cam_be_core_deinit:793]X
[23:13:58.146] RX< [6] [cam] [58387][me0][me_core_thread:404]thread release cid,0
[23:13:58.146] RX< [6] [cam] [58387][DfsSend][cam_me_core_deinit:1551]X
[23:13:58.146] RX< [6] [cam] [58388][fe0][fe_core_irq_proc:121]thread release cid,0
[23:13:58.146] RX< [6] [cam] [58388][DfsSend][cam_fe_core_dein
[23:13:58.148] RX< it:536]X
[23:13:58.148] RX< [6] [cam] [58388][b_3a_sts][bayer_stats_core_irq_proc:193]thread release cid,0
[23:13:58.148] RX< [6] [cam] [58389][DfsSend][cam_bayer_stats_core_deinit:512]X
[23:13:58.148] RX< [6] [cam] [58389][b_ae0][a5_core_wrapper_task:315]thread release cid,0,algo,0
[23:13:58.148] RX< [6] [cam] [58389][DfsSend][
[23:13:58.149] RX< bayer_ae_wrapper_deinit:204]X
[23:13:58.149] RX< [6] [cam] [58390][atf0][a5_core_wrapper_task:315]thread release cid,0,algo,1
[23:13:58.149] RX< [6] [cam] [58390][DfsSend][atf_wrapper_deinit:153]X
[23:13:58.149] RX< [6] [cam] [58391][awb0][a5_core_wrapper_task:315]thread release cid,0,algo,2
[23:13:58.149] RX< [6] [cam] [58391][
[23:13:58.151] RX< DfsSend][awb_wrapper_deinit:153]X
[23:13:58.151] RX< [6] [cam] [58391][DfsSend][cam_5a_core_deinit:555]X
[23:13:58.151] RX< [6] [cam] [58392][DfsSend][cam_5a_inf_deinit:149]X
[23:13:58.151] RX< [6] [cam] [58392][qpc0][qpc_core_msg_proc:705]thread release cid,0
[23:13:58.151] RX< [6] [cam] [58392][DfsSend][qpc_core_deinit:1413]X
[23:13:58.151] RX< 
[23:13:58.151] RX< [6] [cam] [58393][DfsSend][cam_cpm_core_deinit:1248]X
[23:13:58.151] RX< [6] [cam] [58393][DfsSend][csc_close:656]ok! phys_id[1], phys_num[1]
[23:13:58.151] RX< [7] [cam] [58393][cer0][cer_recovery_proc:352]msg type = 254
[23:13:58.151] RX< [6] [cam] [58393][cer0][cer_recovery_proc:454]thread release cid,0
[23:13:58.151] RX< [6
[23:13:58.179] RX< ] [cam] [58394][DfsSend][cer_deinit:560]X
[23:13:58.179] RX< [6] [cam] [58394][DfsSend][cam_close:789]close ok! logic_id[0]
[23:13:58.179] RX< [34m[cam close] perf=10334(us)!
[23:13:58.179] RX< [0m[6] [App Cam] cam close success
[23:13:58.179] RX< [6] [cam] [58395][cpl0][cam_prelude_proc_routine:136]thread release
[23:13:58.179] RX< [6] [cam] [5
[23:13:58.179] RX< 8395][DfsSend][cam_exit:571]exit ok!
[23:13:58.179] RX< [34m[cam exit] perf=652(us)!
[23:13:58.179] RX< [0m[6] [App Cam] cam exit success
[23:13:58.179] RX< [6] [App Dfs] Save Video Successful: /emmc/VIDEO/20260101_000048_8086/Video_8086_0.h265
[23:13:58.179] RX< [6] [App Dfs] Save Imu Successful: /emmc/VIDEO/20260101_000048_8
[23:13:58.290] TX> dfs_video_stop
[23:13:58.290] TX> echo "__EVBTEST_END_b648a504__"
[23:14:00.181] RX< 086/Imu_8086.bin
[23:14:00.181] RX< [6] [App Dfs] Video recording completed successfully.
[23:14:00.181] RX< ND_b648a504__"
[23:14:00.181] RX< __EVBTEST_END_b648a504__
[23:14:00.181] RX< msh /emmc>
[23:14:07.094] RX< rtmp_video_start rtmp://192.168.1.89/live/cam
[23:14:07.094] RX< [7] [cam] [67330][tshell][cgm_parse_bin:104]total logical camera num: 1
[23:14:07.094] RX< [6] [cam] [67330][tshell][cam_prelude_create:187]E id, 0
[23:14:07.094] RX< [7] [cam] [67331][cpl0][cam_prelude_proc_routine:101]thread start
[23:14:07.094] RX< [6] [cam] [673
[23:14:07.094] RX< 31][tshell][cam_prelude_create:214]X ctx size 132 addr 0x884de938
[23:14:07.094] RX< [6] [cam] [67335][tshell][sensor_probe:418]sensor [1]: identifing 0 success.
[23:14:07.094] RX< [6] [cam] [67336][tshell][sensor_probe:441]sensor [1]: probe exit!
[23:14:07.094] RX< [6] [cam] [67336][tshell][cam_prelude_fast_pr
[23:14:07.096] RX< obe:251]cam: 0 probe result: 0
[23:14:07.096] RX< [6] [cam] [67337][tshell][cgm_parse_bin:218]cam(0) probe success
[23:14:07.096] RX< [6] [cam] [67337][tshell][cam_entry:455]entry ok
[23:14:07.096] RX< [34m[cam entry] perf=7493(us)!
[23:14:07.096] RX< [0m[6] [App Cam] cam entry success
[23:14:07.096] RX< [7] [cam] [67338][tshell][cam_solve_layo
[23:14:07.096] RX< ut:350][mLayout] param OK, scen3 iw4032 ih2268 ow2304 oh1296 gdc 0x2
[23:14:07.096] RX< [36m[mLayout] scen03 in=4032x2268,out=1296x2304 meRot1 stripe0 gdcOn0
[23:14:07.096] RX< [0m[36m[mLayout] scen03 14entries solved status=OK retry=0 rtmp=enabled (cursor0=0x8a018210 cursor1=0x89300000, c
[23:14:07.099] RX< h0/1/2 cnt=5/1/1)
[23:14:07.099] RX< [0m[7] [cam] [67339][tshell][cam_solve_layout:377]
[23:14:07.099] RX< [mLayout] out vol 0x8c000000 rBuf 0x89300000 sz 0xd00000 wBuf 0x8a9e5400 sz 0x900000
[23:14:07.099] RX<           rtmp tBuf 0x8a098210 sz 0x80000 aBuf 0x8a018210 sz 0x80000
[23:14:07.099] RX< [7] [cam] [67341][tshell][cam_
[23:14:07.102] RX< solve_layout:397]Solve Scen3 layout Done!
[23:14:07.102] RX< [6] [cam] [67342][tshell][cgm_parse_media_para:274]phy cam num: 1
[23:14:07.102] RX< [7] [cam] [67342][cer0][cer_recovery_proc:343]thread start cid, 0
[23:14:07.102] RX< [6] [cam] [67343][tshell][csc_open:499]SENSOR MCLK cal: 24MHz
[23:14:07.102] RX< [6] [cam] [67343][
[23:14:07.103] RX< tshell][csc_isp_clk_cal:344]MIPI CLK cal: 277MHz
[23:14:07.103] RX< [6] [cam] [67343][tshell][csc_isp_clk_cal:374]LITE CLK cal: 25MHz
[23:14:07.103] RX< [7] [cam] [67343][tshell][cpc_csi_rx_power_on:633]E id: 2
[23:14:07.103] RX< [4] [cam] [67344][tshell][cpc_csi_rx_power_on:644]csi_2 has already power on, STA
[23:14:07.108] RX< TUS: 1
[23:14:07.108] RX< [6] [cam] [67344][tshell][cpc_update_clock:603]actual SNS mclk: 24MHz
[23:14:07.108] RX< [6] [cam] [67345][tshell][cpc_update_clock:608]actual MIPI0: 300MHz
[23:14:07.108] RX< [6] [cam] [67345][tshell][cpc_update_clock:598]actual LITE clk: 25MHz
[23:14:07.108] RX< [7] [cam] [67346][tshell][cam_prelude_o
[23:14:07.108] RX< pen:297][34msnsOpen camID1 csiID0 phyIdx0[0m
[23:14:07.108] RX< [6] [cam] [67349][tshell][sensor_expo_gain_match:48]sensor get sensor expo gain of imx681_vst
[23:14:07.108] RX< [6] [cam] [67349][tshell][sensor_open:684]sensor [1] open OK.
[23:14:07.108] RX< [6] [cam] [67350][tshell][cam_cpm_parse_media:295]vi
[23:14:07.113] RX< deo scenario:3, media para[fps:0, mirror_en:0, flip_en:0]
[23:14:07.113] RX< [6] [cam] [67350][tshell][cam_cpm_parse_media:298]video scenario, media para[iso:0, gain:0, wb_mode:0]
[23:14:07.113] RX< [6] [cam] [67351][tshell][csc_isp_clk_cal:355]FE CLK cal: 373MHz, ME CLK cal: 371MHz, FE/ME CL
[23:14:07.114] RX< K cal: 410MHz
[23:14:07.114] RX< [6] [cam] [67352][tshell][csc_isp_clk_cal:364]BE CLK cal: 301MHz
[23:14:07.114] RX< [4] [cam] [67352][tshell][cam_fe_core_power_on:269]fe pipe has already power on, STATUS: 1
[23:14:07.114] RX< [6] [cam] [67352][tshell][cpc_update_clock:588]actual FE/ME clk: 500MHz
[23:14:07.114] RX< [7] [cam] [6
[23:14:07.116] RX< 7353][tshell][cam_cpm_core_power_on:435]id,0 type,1 ret 0
[23:14:07.116] RX< [6] [cam] [67353][tshell][cam_cpm_core_init:1017]E id,0 sensor type,1
[23:14:07.116] RX< [6] [cam] [67356][tshell][cpm_core_check_tuningbin:957]Tuning bin crc check PASS! sum 0x17a5964, xor 0x87e82682
[23:14:07.116] RX< [6] [cam] [6735
[23:14:07.116] RX< 7][tshell][qpc_tuning_check_iqbin_validness:396]IQ bin addr: 0x88646660, project_name: video_3M
[23:14:07.116] RX< [6] [cam] [67358][tshell][qpc_tuning_check_iqbin_validness:397]total_size: 94400
[23:14:07.116] RX< [6] [cam] [67358][tshell][qpc_tuning_check_iqbin_validness:398]id_count: 93. I
[23:14:07.119] RX< D_TOTAL: 94
[23:14:07.119] RX< [6] [cam] [67359][tshell][qpc_tuning_check_iqbin_validness:399]spinel tuning data ver: V1.30
[23:14:07.119] RX< [6] [cam] [67359][tshell][cpm_core_check_tuningbin:971]IQ bin check success!
[23:14:07.119] RX< [6] [cam] [67359][tshell][cam_bm_core_init:94]E
[23:14:07.119] RX< [6] [cam] [67360][tshell
[23:14:07.119] RX< ][bm_lab_init:174]X ctx size 4 addr 0x884ad5a8
[23:14:07.119] RX< [6] [cam] [67360][tshell][cam_bm_core_init:114]X ctx size 180 addr 0x884c1bd0
[23:14:07.119] RX< [6] [cam] [67360][tshell][qpc_core_init:1299]E id,0
[23:14:07.119] RX< [6] [cam] [67361][tshell][qpc_queue_init:65]QPC init qnodes 8, size 508, pool
[23:14:07.137] RX<  0x884c21e8
[23:14:07.137] RX< [7] [cam] [67361][tshell][_qpc_get_cap_cfg_para:896][fallback]preset capCfg 200 0 0 invalid, use default
[23:14:07.137] RX< [7] [cam] [67362][tshell][_qpc_cfg_hdr_frms:840][fallback]preset hdrCfg 0 0 0 0 0 invalid, use default
[23:14:07.137] RX< [6] [cam] [67378][tshell][qpc_core_
[23:14:07.137] RX< init:1347]X ctx size 1288 addr 0x884c1c98
[23:14:07.137] RX< [6] [cam] [67378][tshell][cpm_core_get_param:764]cpm para chk: tunBin-w 4032 h 2266 img-w 4032 h 2268
[23:14:07.137] RX< [6] [cam] [67378][tshell][cam_fe_core_init:436]E id,0
[23:14:07.137] RX< [6] [cam] [67379][tshell][cam_fe_core_init:490]X ctx size
[23:14:07.143] RX<  96 addr 0x884c3600
[23:14:07.143] RX< [7] [cam] [67380][tshell][qpc_core_fe_chords_init:1763][34mqpc fe init snsOut w 4032 h 2268, tbl w 28 h 20[0m
[23:14:07.143] RX< [6] [cam] [67380][tshell][cam_me_core_init:1523]X ctx size 1352 addr 0x884f1ba8
[23:14:07.143] RX< [34m[ME SLICE CFG] perf=1312(us)!
[23:14:07.143] RX< [0m[6]
[23:14:07.143] RX<  [cam] [67384][tshell][cam_bayer_fe_3a_stats_core_init:445]fe 3a id,0
[23:14:07.143] RX< [6] [cam] [67384][tshell][cam_bayer_fe_3a_stats_core_init:490]X ctx size 132 addr 0x884fa5c8
[23:14:07.143] RX< [6] [cam] [67385][tshell][awb_wrapper_init:66]xxx awb_bin=0x884e1584, awb_bin_length=8068
[23:14:07.143] RX< [6
[23:14:07.151] RX< ] [cam] [67385][tshell][awb_wrapper_init:86]X algo_handle 0x88500228
[23:14:07.151] RX< [7] [cam] [67386][awb0][a5_core_wrapper_task:252]thread start cid,0 algo type,2
[23:14:07.151] RX< [6] [cam] [67386][tshell][a5_core_init_task:426]thread created: awb0 mq=0x885022b8 thread=0x885023d0 sem=0
[23:14:07.151] RX< x88502248 ret=0
[23:14:07.151] RX< [6] [cam] [67386][tshell][bayer_ae_wrapper_init:68]E id,0 proc mode 0 
[23:14:07.151] RX< 
[23:14:07.151] RX< [AEC Proc] @[allib_ae_set_debug_log_flag] Line:129:[DEBUG] debug level/to_file/to_terminal: 22/1/1
[23:14:07.151] RX< [AEC Proc] @[AeInit] Line:377:[INFO] AE ver: 2026_V2.269
[23:14:07.151] RX< 
[23:14:07.151] RX< [AEC Proc
[23:14:07.153] RX< ] @[allib_ae_loadfunc] Line:193:[INFO] camera ID: 0
[23:14:07.153] RX< [AEC Proc] @[alAE_set_param] Line:576:[DEBUG] sw_maxtime 33004 ,pertline 10800, after check sensor step sw_max_time 33000.00
[23:14:07.153] RX< [AEC Proc] @[alAE_set_param] Line:581:[DEBUG] sw_mintime 43 ,pertline 10800, a
[23:14:07.154] RX< fter check sensor step sw_min_time 40.00
[23:14:07.154] RX< [AEC Proc] @[alAE_set_param] Line:514:[DEBUG] DEBUG minbv exptime 11 gain 100, minExpBV 13810
[23:14:07.154] RX< [AEC Proc] @[AeTuningParseSet] Line:167:[DEBUG] aeparam version 2.268 60803
[23:14:07.154] RX< [AEC Proc] @[alAE_set_param] Line:341:[DEBUG
[23:14:07.156] RX< ] INITEXP gain 100, shutter 33242, midtonegain 100, bv 2247
[23:14:07.156] RX< [6] [cam] [67397][tshell][bayer_ae_wrapper_init:119]X tline 10800 max_exp 33004 alg_hdl 0x88504b80 
[23:14:07.156] RX< [7] [cam] [67397][b_ae0][a5_core_wrapper_task:252]thread start cid,0 algo type,0
[23:14:07.156] RX< [6] [cam] [67
[23:14:07.156] RX< 398][tshell][a5_core_init_task:426]thread created: b_ae0 mq=0x88505c30 thread=0x88505d48 sem=0x88505bc0 ret=0
[23:14:07.156] RX< [6] [cam] [67398][tshell][atf_wrapper_init:67]E id,0
[23:14:07.156] RX< [6] [cam] [67399][tshell][atf_wrapper_init:107]X alg_ctx addr 0x88507130
[23:14:07.156] RX< [7] [cam] [67399][a
[23:14:07.172] RX< tf0][a5_core_wrapper_task:252]thread start cid,0 algo type,1
[23:14:07.172] RX< [6] [cam] [67400][tshell][a5_core_init_task:426]thread created: atf0 mq=0x88507268 thread=0x88507380 sem=0x885071f8 ret=0
[23:14:07.172] RX< [6] [cam] [67400][tshell][cam_cpm_core_init:1149]X ctx size 1096 addr 0x
[23:14:07.173] RX< 884c1778
[23:14:07.173] RX< [6] [cam] [67401][tshell][csc_open:599]ok! phys_id[1], phys_num[1] 
[23:14:07.173] RX< [6] [cam] [67401][tshell][cam_open:738]open ok! camera_id[0]
[23:14:07.173] RX< [34m[cam open] perf=63452(us)!
[23:14:07.173] RX< [0m[6] [App Cam] cam open success
[23:14:07.173] RX< [6] [cam] [67415][tshell][csc_init:722]sensor in
[23:14:07.175] RX< fo:size:4032x2268, formt: 0x2b, bps: 1968, tline: 10800
[23:14:07.175] RX< [6] [cam] [67415][tshell][cam_sif_mgr_init:261]E id,0
[23:14:07.175] RX< [7] [cam] [67416][sif0][sif_irq_proc:151]thread start cid,0
[23:14:07.175] RX< [6] [cam] [67416][tshell][cam_sif_mgr_init:293]X ctx size 52 addr 0x88541b98
[23:14:07.175] RX< [6] [ca
[23:14:07.175] RX< m] [67417][tshell][cam_prelude_init_cfg:368]CSI ID is 0,  phy lanes is 2.
[23:14:07.175] RX< [7] [cam] [67417][tshell][check_phy_ready:96]MIPI_PHY[0] is ready
[23:14:07.175] RX< [6] [cam] [67418][tshell][sensor_init:348]sensor [1]: register ok
[23:14:07.175] RX< [6] [cam] [67418][tshell][sensor_set_mode:887]sen
[23:14:07.184] RX< sor [1]: SetMode -> mode = 0.
[23:14:07.184] RX< [6] [cam] [67419][tshell][sensor_send_reg_tab_to_sensor:705]sensor [1]: send_reg_tab_to_sensor E.
[23:14:07.184] RX< [6] [cam] [67422][tshell][sensor_send_reg_tab_to_sensor:751]sensor [1]: reg_count = 77.
[23:14:07.184] RX< [6] [cam] [67422][tshell][sensor_init:3
[23:14:07.184] RX< 61]sensor [1]: init success.
[23:14:07.184] RX< [6] [cam] [67422][tshell][sensor_set_mode:887]sensor [1]: SetMode -> mode = 3.
[23:14:07.184] RX< [6] [cam] [67423][tshell][sensor_send_reg_tab_to_sensor:705]sensor [1]: send_reg_tab_to_sensor E.
[23:14:07.184] RX< [6] [cam] [67427][tshell][sensor_send_reg_tab_to_
[23:14:07.187] RX< sensor:751]sensor [1]: reg_count = 83.
[23:14:07.187] RX< [6] [cam] [67427][tshell][csc_init:731]ok! phys_id[1], phys_num[1]
[23:14:07.187] RX< [6] [cam] [67428][tshell][csc_get_bayer_single_buffer:1148]scenario_type: 3
[23:14:07.187] RX< [6] [cam] [67428][tshell][csc_set_stats_fmt:98]index 0 w 1 h 1 bw 8 wcmp 
[23:14:07.187] RX< 255
[23:14:07.187] RX< [7] [cam] [67429][tshell][bm_ioctl:201]BMIOC_STATS_FMT
[23:14:07.187] RX< [6] [cam] [67429][tshell][csc_set_fe_fmt:47]index 1 w 4032 h 2268 bw 10 wcmp 0
[23:14:07.187] RX< [7] [cam] [67429][tshell][bm_ioctl:201]BMIOC_FE_FMT
[23:14:07.187] RX< [6] [cam] [67430][tshell][csc_set_me_fmt:64]index 5 w 2268 h 403
[23:14:07.189] RX< 2 bw 10 wcmp 0, rdma_addr 0x8a128c00, wdma_addr 0x8a128c00
[23:14:07.189] RX< [7] [cam] [67430][tshell][bm_ioctl:201]BMIOC_ME_FMT
[23:14:07.189] RX< [6] [cam] [67431][tshell][csc_set_video_fmt:1076]meta_addr: 0x8a118240
[23:14:07.189] RX< [6] [cam] [67431][tshell][csc_set_me_fmt:64]index 6 w 1296 h 2304 bw 8 w
[23:14:07.190] RX< cmp 255, rdma_addr 0x8b2e5400, wdma_addr 0x8c000000
[23:14:07.190] RX< [6] [cam] [67431][tshell][cam_me_core_buffer_cfg:1416]
[23:14:07.190] RX< ----ME PIPE INFO---
[23:14:07.190] RX<  wdma_buf_num:1, rotation_en: 1
[23:14:07.190] RX< [7] [cam] [67432][tshell][cam_me_core_buffer_cfg:1424]yuv wdma_addr 0:0x8c000000, meta_en: 1, 
[23:14:07.192] RX< 0x8a118240
[23:14:07.192] RX< [7] [cam] [67433][tshell][bm_ioctl:201]BMIOC_ME_FMT
[23:14:07.192] RX< [6] [cam] [67433][tshell][csc_set_lite_fmt:115]index 13 w 400 h 400 bw 10 wcmp 255
[23:14:07.192] RX< [7] [cam] [67433][tshell][bm_ioctl:201]BMIOC_LITE_FMT
[23:14:07.192] RX< [6] [cam] [67434][tshell][csc_set_lite_fmt:115]index 1
[23:14:07.194] TX> rtmp_video_start rtmp://192.168.1.89/live/cam
[23:14:07.194] TX> echo "__EVBTEST_END_f74a97f1__"
[23:14:07.195] RX< 4 w 400 h 400 bw 10 wcmp 255
[23:14:07.195] RX< [7] [cam] [67434][tshell][bm_ioctl:201]BMIOC_LITE_FMT
[23:14:07.195] RX< [6] [cam] [67435][tshell][csc_init:739]get otp ok! phys_id[1], phys_num[1]
[23:14:07.195] RX< [6] [cam] [67435][tshell][cam_init:828]init ok! logic_id[0]
[23:14:07.195] RX< [34m[cam init] perf=20637(us)!
[23:14:07.195] RX< [0m
[23:14:07.195] RX< [6] [App Cam] cam init success
[23:14:07.195] RX< [7] [cam] [67436][tshell][cam_cpm_core_stream_on:560]id 0 sensor type 1
[23:14:07.195] RX< [6] [cam] [67436][tshell][sensor_stream_on:1024]sensor [1]: stream_on
[23:14:07.195] RX< [6] [cam] [67437][tshell][sensor_stream_on:1052]sensor [1]: REG: 0x100, W:0x1.
[23:14:07.195] RX< [6
[23:14:07.211] RX< ] [cam] [67437][tshell][sensor_stream_on:1054]sensor [1]: REG: 0x100, R:0x1.
[23:14:07.211] RX< [6] [cam] [67438][tshell][csc_prv_start:873]ok! phys_id[1], phys_num[1], cam_ids[1]
[23:14:07.211] RX< [6] [cam] [67438][tshell][cam_start:938]preview start ok! logic_id[0]
[23:14:07.211] RX< [34m[cam start] perf=2
[23:14:07.211] RX< 521(us)!
[23:14:07.211] RX< [0m[6] [App Cam] cam start success
[23:14:07.211] RX< [RTMP] connecting rtmp://192.168.1.89/live/cam ...
[23:14:07.211] RX< [7] [cam] [67440][b_3a_sts][bayer_stats_core_irq_proc:164]thread start cid,0
[23:14:07.211] RX< [7] [cam] [67440][fe0][fe_core_irq_proc:98]thread start cid,0
[23:14:07.211] RX< [RTMP] connected to
[23:14:07.435] RX<  192.168.1.89:1935 (sock=6)
[23:14:07.435] RX< [RTMP] handshake (simple) ok
[23:14:07.435] RX< [34m[AE] fid=0,exp=7690,adg=100,Y=5385,mtg=100,shg=100,bgbv=4334,iso=100,cnv0,hdr0
[23:14:07.435] RX< [0m[34m[b_ae0 proc] perf=8182(us), max=8182(us)!
[23:14:07.435] RX< [0m[34m[awb0 proc] perf=3898(us), max=3898(us)!
[23:14:07.435] RX< [0m[RTMP] co
[23:14:07.458] RX< nnect _result ok
[23:14:07.458] RX< [RTMP] createStream -> msid=1
[23:14:07.458] RX< [RTMP] publish ready on rtmp://192.168.1.89:1935/live
[23:14:07.458] RX< [RTMP] config sent (42 bytes)
[23:14:07.458] RX< [RTMP] f_index = 0, f_len = 39
[23:14:07.458] RX< [RTMP] Push Start -> rtmp://192.168.1.89/live/cam
[23:14:07.458] RX< msh /emmc>echo "__EVBTEST_END_f74a97f1__"
[23:14:07.458] RX< _
[23:14:08.493] RX< _EVBTEST_END_f74a97f1__
[23:14:08.493] RX< msh /emmc>[6] [cam] [67732][me0][cpm_cb_fe2me_tikChk:152]frm_length 88560us, fe2me delta 0
[23:14:08.493] RX< [34m[ME INTP]fid=0, shutter=7690, perf=2153(us), max=2153(us)!
[23:14:08.493] RX< [0m[7] [cam] [68076][me0][me_core_thread:359]ME out fid 0
[23:14:08.493] RX< [34m[AE] fid=30,e
[23:14:09.844] RX< xp=10760,adg=300,Y=4553,mtg=180,shg=100,bgbv=1331,iso=300,cnv2,hdr0
[23:14:09.844] RX< [0m[7] [cam] [69076][me0][me_core_thread:359]ME out fid 30
[23:14:09.844] RX< [34m[AE] fid=60,exp=10760,adg=300,Y=4531,mtg=180,shg=100,bgbv=1323,iso=300,cnv2,hdr0
[23:14:09.844] RX< [0m[7] [cam] [70076][me0][me_core_thread:
[23:14:10.834] RX< 359]ME out fid 60
[23:14:10.834] RX< [34m[AE] fid=90,exp=10760,adg=300,Y=4528,mtg=180,shg=100,bgbv=1323,iso=300,cnv2,hdr0
[23:14:10.834] RX< [0m[34m[b_ae0 proc] perf=1055(us), max=8182(us)!
[23:14:10.834] RX< [0m[34m[awb0 proc] perf=3818(us), max=4695(us)!
[23:14:10.834] RX< [0m[RTMP] f_index = 90, f_len = 15767
[23:14:10.834] RX< [7] [cam] [
[23:14:11.848] RX< 71076][me0][me_core_thread:359]ME out fid 90
[23:14:11.848] RX< [34m[AE] fid=120,exp=10760,adg=300,Y=4545,mtg=180,shg=100,bgbv=1327,iso=300,cnv2,hdr0
[23:14:11.848] RX< [0m[34m[ME INTP]fid=120, shutter=10760, perf=5(us), max=9001(us)!
[23:14:11.848] RX< [0m[7] [cam] [72076][me0][me_core_thread:359]ME out fid
[23:14:13.496] RX<  120
[23:14:13.496] RX< [4] [cam] [72153][qpc0][qpc_core_exception_check:405]discontinuous frame, now: 133, last: 131
[23:14:13.496] RX< [34m[AE] fid=150,exp=10760,adg=300,Y=4557,mtg=180,shg=100,bgbv=1331,iso=300,cnv2,hdr0
[23:14:13.496] RX< [0m[7] [cam] [73076][me0][me_core_thread:359]ME out fid 150
[23:14:13.496] RX< [34m[AE]
[23:14:13.833] RX<  fid=180,exp=10760,adg=300,Y=4561,mtg=180,shg=100,bgbv=1331,iso=300,cnv2,hdr0
[23:14:13.833] RX< [0m[34m[b_ae0 proc] perf=979(us), max=2527(us)!
[23:14:13.833] RX< [0m[34m[awb0 proc] perf=3809(us), max=4534(us)!
[23:14:13.833] RX< [0m[RTMP] f_index = 180, f_len = 14123
[23:14:13.833] RX< [7] [cam] [74075][me0][me_core_thread
[23:14:14.845] RX< :359]ME out fid 180
[23:14:14.845] RX< [34m[awb0 proc] perf=6377(us), max=6377(us)!
[23:14:14.845] RX< [0m[4] [cam] [74153][qpc0][qpc_core_exception_check:405]discontinuous frame, now: 193, last: 191
[23:14:14.845] RX< [34m[AE] fid=210,exp=10760,adg=300,Y=4557,mtg=180,shg=100,bgbv=1331,iso=300,cnv2,hdr0
[23:14:14.845] RX< [0m[
[23:14:15.491] RX< 7] [cam] [75075][me0][me_core_thread:359]ME out fid 210
[23:14:15.491] RX< [34m[awb0 proc] perf=7196(us), max=7196(us)!
[23:14:15.491] RX< [0m[4] [cam] [75153][qpc0][qpc_core_exception_check:405]discontinuous frame, now: 223, last: 221
[23:14:15.491] RX< [34m[AE] fid=240,exp=10760,adg=300,Y=4540,mtg=180,shg=1
[23:14:16.497] RX< 00,bgbv=1327,iso=300,cnv2,hdr0
[23:14:16.497] RX< [0m[34m[ME INTP]fid=240, shutter=10760, perf=6(us), max=2507(us)!
[23:14:16.497] RX< [0m[7] [cam] [76075][me0][me_core_thread:359]ME out fid 240
[23:14:16.497] RX< [34m[AE] fid=270,exp=10760,adg=300,Y=4553,mtg=180,shg=100,bgbv=1331,iso=300,cnv2,hdr0
[23:14:16.497] RX< [0m[34m
[23:14:16.924] RX< [b_ae0 proc] perf=984(us), max=1740(us)!
[23:14:16.924] RX< [0m[34m[awb0 proc] perf=3708(us), max=7196(us)!
[23:14:16.924] RX< [0m[RTMP] f_index = 270, f_len = 8943
[23:14:16.924] RX< [7] [cam] [77075][me0][me_core_thread:359]ME out fid 270
[23:14:16.924] RX< [4] [cam] [77153][qpc0][qpc_core_exception_check:405]discontinuous f
[23:14:17.924] RX< rame, now: 283, last: 281
[23:14:17.924] RX< [34m[AE] fid=300,exp=10760,adg=300,Y=4549,mtg=180,shg=100,bgbv=1327,iso=300,cnv2,hdr0
[23:14:17.924] RX< [0m[7] [cam] [78075][me0][me_core_thread:359]ME out fid 300
[23:14:17.924] RX< [34m[awb0 proc] perf=8045(us), max=8045(us)!
[23:14:17.924] RX< [0m[4] [cam] [78152][qpc0][qpc_core
[23:14:19.498] RX< _exception_check:405]discontinuous frame, now: 313, last: 311
[23:14:19.498] RX< [34m[AE] fid=330,exp=11630,adg=300,Y=4333,mtg=180,shg=100,bgbv=1192,iso=300,cnv2,hdr0
[23:14:19.498] RX< [0m[7] [cam] [79075][me0][me_core_thread:359]ME out fid 330
[23:14:19.498] RX< [34m[AE] fid=360,exp=13140,adg=300,Y=4370,mtg
[23:14:19.832] RX< =180,shg=100,bgbv=1095,iso=300,cnv2,hdr0
[23:14:19.832] RX< [0m[34m[b_ae0 proc] perf=1137(us), max=4019(us)!
[23:14:19.832] RX< [0m[34m[awb0 proc] perf=3874(us), max=8045(us)!
[23:14:19.832] RX< [0m[34m[ME INTP]fid=360, shutter=13140, perf=253(us), max=3697(us)!
[23:14:19.832] RX< [0m[RTMP] f_index = 360, f_len = 14692
[23:14:19.832] RX< [7]
[23:14:21.490] RX<  [cam] [80075][me0][me_core_thread:359]ME out fid 360
[23:14:21.490] RX< [34m[AE] fid=390,exp=12130,adg=300,Y=4492,mtg=180,shg=100,bgbv=1167,iso=300,cnv2,hdr0
[23:14:21.490] RX< [0m[7] [cam] [81074][me0][me_core_thread:359]ME out fid 390
[23:14:21.490] RX< [34m[AE] fid=420,exp=12550,adg=300,Y=4344,mtg=180,shg
[23:14:22.498] RX< =100,bgbv=1153,iso=300,cnv2,hdr0
[23:14:22.498] RX< [0m[7] [cam] [82074][me0][me_core_thread:359]ME out fid 420
[23:14:22.498] RX< [34m[AE] fid=450,exp=13500,adg=300,Y=3793,mtg=180,shg=100,bgbv=884,iso=300,cnv2,hdr0
[23:14:22.498] RX< [0m[34m[b_ae0 proc] perf=1028(us), max=1137(us)!
[23:14:22.498] RX< [0m[34m[awb0 proc] per
[23:14:23.593] RX< f=3887(us), max=3968(us)!
[23:14:23.593] RX< [0m[RTMP] f_index = 450, f_len = 13789
[23:14:23.593] RX< [7] [cam] [83074][me0][me_core_thread:359]ME out fid 450
[23:14:23.593] RX< [34m[AE] fid=480,exp=10750,adg=300,Y=4575,mtg=180,shg=100,bgbv=1335,iso=300,cnv2,hdr0
[23:14:23.593] RX< [0m[34m[ME INTP]fid=480, shutter=10750, perf
[23:14:25.495] RX< =1979(us), max=4738(us)!
[23:14:25.495] RX< [0m[7] [cam] [84074][me0][me_core_thread:359]ME out fid 480
[23:14:25.495] RX< [34m[AE] fid=510,exp=10680,adg=300,Y=4507,mtg=180,shg=100,bgbv=1328,iso=300,cnv2,hdr0
[23:14:25.495] RX< [0m[7] [cam] [85074][me0][me_core_thread:359]ME out fid 510
[23:14:25.495] RX< [34m[AE] fid=540,exp=
[23:14:25.831] RX< 10730,adg=300,Y=4520,mtg=180,shg=100,bgbv=1324,iso=300,cnv2,hdr0
[23:14:25.831] RX< [0m[34m[b_ae0 proc] perf=988(us), max=3627(us)!
[23:14:25.831] RX< [0m[34m[awb0 proc] perf=3852(us), max=4148(us)!
[23:14:25.831] RX< [0m[RTMP] f_index = 540, f_len = 13858
[23:14:25.831] RX< [7] [cam] [86074][me0][me_core_thread:359]ME out f
[23:14:26.874] RX< id 540
[23:14:26.874] RX< [4] [cam] [86151][qpc0][qpc_core_exception_check:405]discontinuous frame, now: 553, last: 551
[23:14:26.874] RX< [34m[AE] fid=570,exp=10740,adg=300,Y=4512,mtg=180,shg=100,bgbv=1320,iso=300,cnv2,hdr0
[23:14:26.874] RX< [0m[7] [cam] [87074][me0][me_core_thread:359]ME out fid 570
[23:14:26.874] RX< [34m[a
[23:14:27.590] RX< wb0 proc] perf=6608(us), max=6608(us)!
[23:14:27.590] RX< [0m[4] [cam] [87151][qpc0][qpc_core_exception_check:405]discontinuous frame, now: 583, last: 581
[23:14:27.590] RX< [34m[AE] fid=600,exp=10730,adg=300,Y=4522,mtg=180,shg=100,bgbv=1324,iso=300,cnv2,hdr0
[23:14:27.590] RX< [0m[34m[ME INTP]fid=600, shutt
[23:14:28.493] RX< er=10730, perf=6(us), max=3220(us)!
[23:14:28.493] RX< [0m[7] [cam] [88074][me0][me_core_thread:359]ME out fid 600
[23:14:28.493] RX< [34m[AE] fid=630,exp=10740,adg=300,Y=4505,mtg=180,shg=100,bgbv=1320,iso=300,cnv2,hdr0
[23:14:28.493] RX< [0m[34m[b_ae0 proc] perf=989(us), max=2783(us)!
[23:14:28.493] RX< [0m[34m[awb0 proc] 
