[03:23:11.401] [INFO] VX100 EVB 自动化测试启动，运行时间戳: 20260817_032311
[03:23:11.401] [INFO] 启用模块: ['wifi_check', 'rtmp']
[03:23:11.402] [INFO] 开始自动探测 EVB 串口，候选端口 ['/dev/ttyUSB0']，候选波特率 [2000000, 250000, 115200, 921600]
[03:23:11.402] [DEBUG] 探测 /dev/ttyUSB0 @ 2000000 ...
[03:23:13.710] [INFO]   命中 EVB 指纹: /dev/ttyUSB0 @ 2000000
[03:23:13.710] [INFO] 探测到 EVB: /dev/ttyUSB0 @ 2000000
[03:23:13.712] [INFO] 串口已打开: /dev/ttyUSB0 @ 2000000 bps
[03:23:15.713] [INFO] EVB 已就绪
[03:23:17.714] [DEBUG] 串口自检通过
[03:23:17.714] [INFO] 预清理板子状态...
[03:23:24.731] [INFO] 本次执行模块顺序: ['wifi_check', 'rtmp']
[03:23:24.731] >>> 执行模块: wifi_check
[03:23:26.312] [PASS] wifi_check (1571ms) - 已联网，IP=10.1.90.71（跳过 wifi scan/join）
[03:23:26.312] [INFO] 自动检测到 PC IP: 10.1.90.128
[03:23:26.312] >>> 执行模块: rtmp
[03:23:26.312] [INFO] 检查 RTMP 服务端 (nginx-rtmp) 是否监听 :1935
[03:23:26.312] [INFO] nginx-rtmp 就绪，RTMP 监听 :1935
[03:23:26.312]   RTMP 推流测试: rtmp://10.1.90.128/live/cam / 10s
[03:23:29.620] [INFO] 已在独立终端窗口启动 ffplay 画面确认 (/usr/bin/gnome-terminal)
[03:23:29.620] [INFO] ffprobe 探测 RTMP 流: rtmp://10.1.90.128/live/cam
[03:24:14.669] [WARN] ffprobe 探测超时(1/5)，3.0s 后重试
[03:25:02.719] [WARN] ffprobe 探测超时(2/5)，3.0s 后重试
