[06:43:16.071] [INFO] VX100 EVB 自动化测试启动，运行时间戳: 20260820_064316
[06:43:16.071] [INFO] 启用模块: ['wifi_check', 'wifi_scan', 'wifi_join', 'emmc', 'ftp', 'photo', 'video', 'rtmp']
[06:43:16.072] [INFO] 开始自动探测 EVB 串口，候选端口 ['/dev/ttyUSB1']，候选波特率 [2000000, 250000, 115200, 921600]
[06:43:16.072] [DEBUG] 探测 /dev/ttyUSB1 @ 2000000 ...
[06:43:18.383] [INFO]   命中 EVB 指纹: /dev/ttyUSB1 @ 2000000
[06:43:18.383] [INFO] 探测到 EVB: /dev/ttyUSB1 @ 2000000
[06:43:18.387] [INFO] 串口已打开: /dev/ttyUSB1 @ 2000000 bps
[06:43:20.389] [INFO] EVB 已就绪
[06:43:22.392] [DEBUG] 串口自检通过
[06:43:22.392] [INFO] 预清理板子状态...
[06:43:59.144] [INFO] 使用默认 WiFi: SW-test-2.4G
[06:44:08.443] [INFO] WiFi 连接成功: SW-test-2.4G / IP=192.168.1.101
[06:44:13.449] [INFO] 本次执行模块顺序: ['wifi_check', 'wifi_scan', 'wifi_join', 'emmc', 'ftp', 'photo', 'video', 'rtmp']
[06:44:13.449] >>> 模块 [wifi_check] 开始执行
[06:44:13.449]     - 执行模块: wifi_check
[06:44:15.473] [PASS] wifi_check (2023ms) - 已联网，IP=192.168.1.101（跳过 wifi scan/join）
[06:44:15.473] <<< 模块 [wifi_check] 结束，耗时 2.0s（结果 PASS）
[06:44:15.473] >>> 模块 [wifi_scan] 开始执行
[06:44:15.473]     - 执行模块: wifi_scan
[06:44:15.474] [SKIP] wifi_scan (0ms) - WiFi 已连接（IP=192.168.1.101），跳过扫描测试
[06:44:15.474] <<< 模块 [wifi_scan] 结束，耗时 0.0s（结果 SKIP）
[06:44:15.474] >>> 模块 [wifi_join] 开始执行
[06:44:15.474]     - 执行模块: wifi_join
[06:44:15.474] [SKIP] wifi_join (0ms) - WiFi 已连接 (SW-test-2.4G/192.168.1.101)，跳过 join 测试
[06:44:15.474] <<< 模块 [wifi_join] 结束，耗时 0.0s（结果 SKIP）
[06:44:15.474] >>> 模块 [emmc] 开始执行
[06:44:15.474]     - 执行模块: emmc
[06:44:17.475] [PASS] emmc (2000ms) - 已进入 /emmc（自动挂载）
[06:44:17.475] <<< 模块 [emmc] 结束，耗时 2.0s（结果 PASS）
[06:44:17.475] >>> 模块 [ftp] 开始执行
[06:44:17.475]     - 执行模块: ftp
[06:44:23.617] [DEBUG] FTP 已连接 192.168.1.101:21 (尝试 1)
[06:44:23.829] [PASS] ftp (6353ms) - FTP 已连接 192.168.1.101，/emmc 列出 4 项
[06:44:23.829] <<< 模块 [ftp] 结束，耗时 6.4s（结果 PASS）
[06:44:23.829] >>> 模块 [photo] 开始执行
[06:44:23.829]     - 执行模块: photo
[06:44:23.943] [DEBUG] FTP 已连接 192.168.1.101:21 (尝试 1)
[06:44:23.944] [DEBUG] FTP 已重新连接
[06:44:23.944]   拍照测试: 模式 auto
[06:44:29.966] [DEBUG] FTP 已连接 192.168.1.101:21 (尝试 1)
[06:44:29.966] [DEBUG] FTP 已重新连接
[06:44:30.431] [DEBUG] FTP 已连接 192.168.1.101:21 (尝试 1)
[06:44:31.439] [PASS] photo[auto] (7494ms) - JPEG OK 1286KB | 拍照成功，保存到 /emmc/PIC/20260101_000110_0807 | 已下载到 logs/20260820_064316/photos/auto_20260101_000110_0807_Image_20260101_000110_0807_0.jpg
[06:44:31.439] <<< 模块 [photo] 结束，耗时 7.6s（结果 PASS）
[06:44:31.439] >>> 模块 [video] 开始执行
[06:44:31.440]     - 执行模块: video
[06:44:31.577] [DEBUG] FTP 已连接 192.168.1.101:21 (尝试 1)
[06:44:31.577] [DEBUG] FTP 已重新连接
[06:44:31.577]   录像测试: 1080p / 180s
[06:44:35.835] [INFO] 拍摄开始（1080p / 180s）...
[06:47:36.281] [INFO] 拍摄结束，耗时 180.4s
[06:47:36.392] [DEBUG] FTP 已连接 192.168.1.101:21 (尝试 1)
[06:47:36.392] [DEBUG] FTP 已重新连接
[06:47:38.338] [PASS] video (186760ms) - 录像成功，文件 /（大小校验跳过）
[06:47:38.338] <<< 模块 [video] 结束，耗时 186.9s（结果 PASS）
[06:47:38.338] >>> 模块 [rtmp] 开始执行
[06:47:38.338] [INFO] 自动检测到 PC IP: 192.168.1.89
[06:47:38.339]     - 执行模块: rtmp
[06:47:38.339] [INFO] 检查 RTMP 服务端 (nginx-rtmp) 是否监听 :1935
[06:47:38.339] [INFO] nginx-rtmp 就绪，RTMP 监听 :1935
[06:47:38.339]   RTMP 推流测试: rtmp://192.168.1.89/live/cam / 600s
[06:47:38.811] [INFO] 推流命令已下发，等待 EVB 建连上线...
[06:47:41.818] [INFO] 已在独立终端窗口启动 ffplay 画面确认 (/usr/bin/gnome-terminal)
[06:47:41.818] [INFO] ffprobe 探测 RTMP 流: rtmp://192.168.1.89/live/cam
[06:47:48.437] [INFO] 推流保持 600s（持续 heartbeat 检测，阈值 60s）...
[06:48:18.467] [INFO]   推流已保持 30/600s ...
[06:48:48.500] [INFO]   推流已保持 60/600s ...
[06:49:18.532] [INFO]   推流已保持 90/600s ...
[06:49:48.563] [INFO]   推流已保持 120/600s ...
[06:50:18.595] [INFO]   推流已保持 150/600s ...
[06:50:48.623] [INFO]   推流已保持 180/600s ...
[06:51:18.651] [INFO]   推流已保持 210/600s ...
[06:51:48.682] [INFO]   推流已保持 240/600s ...
[06:52:18.712] [INFO]   推流已保持 270/600s ...
[06:52:48.743] [INFO]   推流已保持 300/600s ...
[06:53:18.773] [INFO]   推流已保持 330/600s ...
[06:53:48.804] [INFO]   推流已保持 360/600s ...
[06:54:18.836] [INFO]   推流已保持 390/600s ...
[06:54:48.866] [INFO]   推流已保持 420/600s ...
[06:55:18.895] [INFO]   推流已保持 450/600s ...
[06:55:48.927] [INFO]   推流已保持 480/600s ...
[06:56:18.957] [INFO]   推流已保持 510/600s ...
[06:56:48.988] [INFO]   推流已保持 540/600s ...
[06:57:19.018] [INFO]   推流已保持 570/600s ...
[06:57:49.047] [INFO]   推流已保持 600/600s ...
[06:57:49.149] [PASS] rtmp (610810ms) - 推流验证通过: h264 1296x2304 (ffprobe 实时探测)，持续 0s 稳定
[06:57:49.149] <<< 模块 [rtmp] 结束，耗时 610.8s（结果 PASS）
[06:57:49.169] ==================================================
[06:57:49.169] 测试完成：共 8 项 | 通过 6 | 失败 0 | 跳过 2 | 错误 0 | 通过率 75.0% | 总耗时 815.4s
[06:57:49.169] ==================================================
[06:57:49.169] [INFO]   json 报告: reports/20260820_064316/result.json
[06:57:49.169] [INFO]   junit 报告: reports/20260820_064316/junit.xml
[06:57:49.169] [INFO]   html 报告: reports/20260820_064316/report.html
[06:57:59.145] [DEBUG] 串口已关闭
