[23:11:08.154] TX> 
[23:11:09.155] TX> 
[23:11:10.154] RX< 
[23:11:10.154] RX< msh />
[23:11:10.154] RX< msh />
[23:11:10.358] TX> echo "EVBTEST_HELLO"
[23:11:10.358] TX> echo "__EVBTEST_END_d94d03c5__"
[23:11:12.157] RX< echo "EVBTEST_HELLO"
[23:11:12.157] RX< EVBTEST_HELLO
[23:11:12.157] RX< msh />echo "__EVBTEST_END_d94d03c5__"
[23:11:12.157] RX< __EVBTEST_END_d94d03c5__
[23:11:12.157] RX< msh />
[23:11:12.361] TX> cd /
[23:11:12.361] TX> echo "__EVBTEST_END_74608bd1__"
[23:11:14.159] RX< cd /
[23:11:14.159] RX< msh />echo "__EVBTEST_END_74608bd1__"
[23:11:14.159] RX< __EVBTEST_END_74608bd1__
[23:11:14.159] RX< msh />
[23:11:14.363] TX> dfs_video_stop
[23:11:14.363] TX> echo "__EVBTEST_END_63be5d82__"
[23:11:16.162] RX< dfs_video_stop
[23:11:16.162] RX< [6] [App Dfs] Please start recording the video first.
[23:11:16.162] RX< msh />echo "__EVBTEST_END_63be5d82__"
[23:11:16.162] RX< __EVBTEST_END_63be5d82__
[23:11:16.162] RX< msh />
[23:11:26.808] TX> wifi join SW-test-2.4G tuf@3600
[23:11:26.808] TX> echo "__EVBTEST_END_34d4e3e8__"
[23:11:28.176] RX< wifi join SW-test-2.4G tuf@3600
[23:11:32.180] RX< [32m[I/WLAN.mgnt] wifi connect success ssid:SW-test-2.4G[0m
[23:11:32.180] RX< msh />echo "__EVBTEST_END_34d4e3e8__"
[23:11:32.180] RX< __EVBTEST_END_34d4e3e8__
[23:11:32.180] RX< msh />
[23:11:36.184] RX< [32m[I/WLAN.lwip] Got IP address : 192.168.1.101[0m
[23:11:41.195] RX< ifconfig
[23:11:41.195] RX< network interface device: w0 (Default)
[23:11:41.195] RX< MTU: 1500
[23:11:41.195] RX< MAC: 8c ea 12 ba a8 2c 
[23:11:41.195] RX< FLAGS: UP LINK_UP INTERNET_DOWN DHCP_ENABLE ETHARP BROADCAST IGMP
[23:11:41.195] RX< ip address: 192.168.1.101
[23:11:41.195] RX< gw address: 192.168.1.3
[23:11:41.195] RX< net mask  : 255.255.255.0
[23:11:41.195] RX< dns server #0: 192.168.1.3
[23:11:41.210] RX< dns server #1: 0.0.0.0
[23:11:41.210] RX< 
[23:11:41.210] RX< network interface device: w1
[23:11:41.210] RX< MTU: 1500
[23:11:41.210] RX< MAC: 8e ea 12 ba a8 2c 
[23:11:41.210] RX< FLAGS: UP LINK_DOWN INTERNET_DOWN DHCP_ENABLE ETHARP BROADCAST IGMP
[23:11:41.210] RX< ip address: 0.0.0.0
[23:11:41.210] RX< gw address: 0.0.0.0
[23:11:41.210] RX< net mask  : 0.0.0.0
[23:11:41.210] RX< dns server #0: 192.168.1.3
[23:11:41.210] RX< dns serv
[23:11:41.394] TX> ifconfig
[23:11:41.394] TX> echo "__EVBTEST_END_d7f8fc2b__"
[23:11:43.213] RX< er #1: 0.0.0.0
[23:11:43.213] RX< msh />echo "__EVBTEST_END_d7f8fc2b__"
[23:11:43.213] RX< __EVBTEST_END_d7f8fc2b__
[23:11:43.213] RX< msh />
[23:11:43.417] TX> cd /emmc
[23:11:43.417] TX> echo "__EVBTEST_END_62407a97__"
[23:11:45.215] RX< cd /emmc
[23:11:45.215] RX< msh /emmc>echo "__EVBTEST_END_62407a97__"
[23:11:45.215] RX< __EVBTEST_END_62407a97__
[23:11:45.215] RX< msh /emmc>
[23:11:45.419] TX> ftp_server
[23:11:45.419] TX> echo "__EVBTEST_END_bb9a310e__"
[23:11:47.217] RX< ftp_server
[23:11:47.217] RX< 
[23:11:47.217] RX< [FTP] Ftp server init success!!!
[23:11:47.217] RX< msh /emmc>echo "__EVBTEST_END_bb9a310e__"
[23:11:47.217] RX< __EVBTEST_END_bb9a310e__
[23:11:47.217] RX< msh /emmc>
[23:11:51.221] RX< [32m[I/ftp] service launched success.[0m
[23:11:51.940] TX> cam_set photo auto
[23:11:51.940] TX> echo "__EVBTEST_END_fbef46b7__"
[23:11:53.223] RX< cam_set photo auto
[23:11:53.223] RX< [6] [App Dfs] auto mode
[23:11:53.223] RX< msh /emmc>echo "__EVBTEST_END_fbef46b7__"
[23:11:53.223] RX< __EVBTEST_END_fbef46b7__
[23:11:53.223] RX< msh /emmc>
[23:11:54.238] RX< dfs_capture_start
[23:11:54.238] RX< [7] [cam] [49396][tshell][cgm_parse_bin:104]total logical camera num: 1
[23:11:54.238] RX< [6] [cam] [49396][tshell][cam_prelude_create:187]E id, 0
[23:11:54.238] RX< [7] [cam] [49397][cpl0][cam_prelude_proc_routine:101]thread start
[23:11:54.238] RX< [6] [cam] [49397][tshell][cam_prelude_crea
[23:11:54.241] RX< te:214]X ctx size 132 addr 0x884b9758
[23:11:54.241] RX< [6] [cam] [49401][tshell][sensor_probe:418]sensor [1]: identifing 0 success.
[23:11:54.241] RX< [6] [cam] [49401][tshell][sensor_probe:441]sensor [1]: probe exit!
[23:11:54.241] RX< [6] [cam] [49401][tshell][cam_prelude_fast_probe:251]cam: 0 probe result
[23:11:54.241] RX< : 0
[23:11:54.241] RX< [6] [cam] [49401][tshell][cgm_parse_bin:218]cam(0) probe success
[23:11:54.241] RX< [6] [cam] [49402][tshell][cam_entry:455]entry ok
[23:11:54.241] RX< [34m[cam entry] perf=6447(us)!
[23:11:54.241] RX< [0m[6] [App Cam] cam entry success
[23:11:54.241] RX< [7] [cam] [49403][tshell][cam_solve_layout:350][mLayout] param OK, s
[23:11:54.244] RX< cen1 iw4032 ih3024 ow4032 oh3024 gdc 0x0
[23:11:54.244] RX< [36m[mLayout] scen01 in=4032x3024,out=3024x4032 meRot1 stripe1 gdcOn0
[23:11:54.244] RX< [0m[36m[mLayout] scen00 20entries solved status=OK retry=0 rtmp=enabled (cursor0=0x8a02d090 cursor1=0x89417400, ch0/1/2 cnt=7/2/1)
[23:11:54.244] RX< [0m[7] [
[23:11:54.244] RX< cam] [49405][tshell][cam_solve_layout:377]
[23:11:54.244] RX< [mLayout] out vol 0x8c000000 rBuf 0x8ab00000 sz 0x1500000 wBuf 0x8a03da80 sz 0x100000
[23:11:54.244] RX< [7] [cam] [49405][tshell][cam_solve_layout:394]Solve scen1 capType4 layout Done!
[23:11:54.244] RX< [6] [cam] [49406][tshell][cgm_parse_media_par
[23:11:54.247] RX< a:274]phy cam num: 1
[23:11:54.247] RX< [7] [cam] [49406][cer0][cer_recovery_proc:343]thread start cid, 0
[23:11:54.247] RX< [6] [cam] [49406][tshell][csc_open:499]SENSOR MCLK cal: 24MHz
[23:11:54.247] RX< [6] [cam] [49407][tshell][csc_isp_clk_cal:344]MIPI CLK cal: 346MHz
[23:11:54.247] RX< [6] [cam] [49407][tshell][csc_isp_clk_
[23:11:54.247] RX< cal:374]LITE CLK cal: 28MHz
[23:11:54.247] RX< [7] [cam] [49407][tshell][cpc_csi_rx_power_on:633]E id: 2
[23:11:54.247] RX< [4] [cam] [49408][tshell][cpc_csi_rx_power_on:644]csi_2 has already power on, STATUS: 1
[23:11:54.247] RX< [6] [cam] [49408][tshell][cpc_update_clock:603]actual SNS mclk: 24MHz
[23:11:54.247] RX< [6] [cam] 
[23:11:54.252] RX< [49409][tshell][cpc_update_clock:608]actual MIPI0: 500MHz
[23:11:54.252] RX< [6] [cam] [49409][tshell][cpc_update_clock:598]actual LITE clk: 50MHz
[23:11:54.252] RX< [7] [cam] [49410][tshell][cam_prelude_open:297][34msnsOpen camID1 csiID0 phyIdx0[0m
[23:11:54.252] RX< [6] [cam] [49413][tshell][sensor_expo_gai
[23:11:54.253] RX< n_match:48]sensor get sensor expo gain of imx681_vst
[23:11:54.253] RX< [6] [cam] [49413][tshell][sensor_open:684]sensor [1] open OK.
[23:11:54.253] RX< [6] [cam] [49414][tshell][cam_cpm_parse_media:275]photo scenario, media para[mfnr:0, hdr:0, capture_num:0]
[23:11:54.253] RX< [6] [cam] [49414][tshell][cam_cpm
[23:11:54.255] RX< _parse_media:278]photo scenario, media para[iso:0, gain:0, wb_mode:0]
[23:11:54.255] RX< [6] [cam] [49415][tshell][csc_isp_clk_cal:355]FE CLK cal: 426MHz, ME CLK cal: 462MHz, FE/ME CLK cal: 508MHz
[23:11:54.255] RX< [6] [cam] [49415][tshell][csc_isp_clk_cal:364]BE CLK cal: 401MHz
[23:11:54.255] RX< [4] [cam] [
[23:11:54.256] RX< 49416][tshell][cam_fe_core_power_on:269]fe pipe has already power on, STATUS: 1
[23:11:54.256] RX< [6] [cam] [49416][tshell][cpc_update_clock:588]actual FE/ME clk: 550MHz
[23:11:54.256] RX< [4] [cam] [49417][tshell][cam_be_core_power_on:1028]be pipe has already power on, STATUS: 1
[23:11:54.256] RX< [6] [cam] [
[23:11:54.258] RX< 49417][tshell][cpc_update_clock:593]actual BE clk: 500MHz
[23:11:54.258] RX< [7] [cam] [49418][tshell][cam_cpm_core_power_on:435]id,0 type,1 ret 0
[23:11:54.258] RX< [6] [cam] [49418][tshell][cam_cpm_core_init:1017]E id,0 sensor type,1
[23:11:54.258] RX< [6] [cam] [49420][tshell][cpm_core_check_tuningbin:957]T
[23:11:54.259] RX< uning bin crc check PASS! sum 0xfa5abf97, xor 0x6a6c89c1
[23:11:54.259] RX< [6] [cam] [49420][tshell][qpc_tuning_check_iqbin_validness:396]IQ bin addr: 0x8869de60, project_name: capture_12M
[23:11:54.259] RX< [6] [cam] [49421][tshell][qpc_tuning_check_iqbin_validness:397]total_size: 108928
[23:11:54.259] RX< [6
[23:11:54.261] RX< ] [cam] [49421][tshell][qpc_tuning_check_iqbin_validness:398]id_count: 93. ID_TOTAL: 94
[23:11:54.261] RX< [6] [cam] [49422][tshell][qpc_tuning_check_iqbin_validness:399]spinel tuning data ver: V1.30
[23:11:54.261] RX< [6] [cam] [49422][tshell][cpm_core_check_tuningbin:971]IQ bin check succes
[23:11:54.262] RX< s!
[23:11:54.262] RX< [6] [cam] [49423][tshell][cam_bm_core_init:94]E
[23:11:54.262] RX< [6] [cam] [49423][tshell][bm_lab_init:174]X ctx size 4 addr 0x884a96b8
[23:11:54.262] RX< [6] [cam] [49423][tshell][cam_bm_core_init:114]X ctx size 180 addr 0x884db930
[23:11:54.262] RX< [6] [cam] [49423][tshell][qpc_core_init:1299]E id,0
[23:11:54.262] RX< [
[23:11:54.268] RX< 6] [cam] [49424][tshell][qpc_queue_init:65]QPC init qnodes 8, size 508, pool 0x884dbf10
[23:11:54.268] RX< [6] [cam] [49424][tshell][_qpc_get_cap_cfg_para:900]preset capCfg 200 3 5
[23:11:54.268] RX< [7] [cam] [49425][tshell][_qpc_cfg_hdr_frms:848]hdr preset - gainThres 1600
[23:11:54.268] RX< FrmNB:	TNR	|EV-	|
[23:11:54.268] RX< EV0	|EV+
[23:11:54.268] RX< LDR:	 0	| 1	| -	| 5
[23:11:54.268] RX< LLLDR:	 0	| 1	| -	| 5
[23:11:54.268] RX< HDR:	 0	| 1	| 5	| 3
[23:11:54.268] RX< LLHDR:	 0	| 1	| 5	| 3
[23:11:54.268] RX< 
[23:11:54.268] RX< [6] [cam] [49430][tshell][qpc_core_init:1347]X ctx size 1288 addr 0x884db9f8
[23:11:54.268] RX< [6] [cam] [49430][tshell][cpm_core_get_param:764]cpm para chk: tunBin-w 4000 h 3000 i
[23:11:54.273] RX< mg-w 4032 h 3024
[23:11:54.273] RX< [6] [cam] [49431][tshell][cam_fe_core_init:436]E id,0
[23:11:54.273] RX< [6] [cam] [49431][tshell][cam_fe_core_init:490]X ctx size 96 addr 0x884ecc50
[23:11:54.273] RX< [7] [cam] [49432][tshell][qpc_core_fe_chords_init:1763][34mqpc fe init snsOut w 4032 h 3024, tbl w 28 h 2
[23:11:54.273] RX< 0[0m
[23:11:54.273] RX< [6] [cam] [49432][tshell][cam_me_core_init:1523]X ctx size 1352 addr 0x884ef000
[23:11:54.273] RX< [34m[ME SLICE CFG] perf=1496(us)!
[23:11:54.273] RX< [0m[6] [cam] [49435][tshell][cam_bayer_fe_3a_stats_core_init:445]fe 3a id,0
[23:11:54.273] RX< [6] [cam] [49435][tshell][cam_bayer_fe_3a_stats_core_init
[23:11:54.276] RX< :490]X ctx size 132 addr 0x884f7a20
[23:11:54.276] RX< [6] [cam] [49436][tshell][cam_be_core_init:621]E id,0
[23:11:54.276] RX< [7] [cam] [49436][be0][be_core_irq_proc:270]thread start cid,0
[23:11:54.276] RX< [6] [cam] [49437][tshell][cam_be_core_init:716]X ctx size 472 addr 0x884f7db0
[23:11:54.276] RX< [6] [cam] [49437][tshel
[23:11:54.276] RX< l][cam_lite_core_init:433]E id,0
[23:11:54.276] RX< [7] [cam] [49437][lite0][lite_core_irq_proc:152]thread start cid,0
[23:11:54.276] RX< [6] [cam] [49438][tshell][cam_lite_core_init:497]X ctx size 164 addr 0x884fa800
[23:11:54.276] RX< [6] [cam] [49438][tshell][awb_wrapper_init:66]xxx awb_bin=0x884de5fc, awb_
[23:11:54.280] RX< bin_length=8068
[23:11:54.280] RX< [6] [cam] [49439][tshell][awb_wrapper_init:86]X algo_handle 0x88502848
[23:11:54.280] RX< [7] [cam] [49439][awb0][a5_core_wrapper_task:252]thread start cid,0 algo type,2
[23:11:54.280] RX< [6] [cam] [49439][tshell][a5_core_init_task:426]thread created: awb0 mq=0x88504908 threa
[23:11:54.281] RX< d=0x88504a20 sem=0x88504898 ret=0
[23:11:54.281] RX< [6] [cam] [49440][tshell][bayer_ae_wrapper_init:68]E id,0 proc mode 1 
[23:11:54.281] RX< 
[23:11:54.281] RX< [AEC Proc] @[allib_ae_set_debug_log_flag] Line:129:[DEBUG] debug level/to_file/to_terminal: 22/1/1
[23:11:54.281] RX< [AEC Proc] @[AeInit] Line:377:[INFO] AE ver: 2026_
[23:11:54.283] RX< V2.269
[23:11:54.283] RX< 
[23:11:54.283] RX< [AEC Proc] @[allib_ae_loadfunc] Line:193:[INFO] camera ID: 0
[23:11:54.283] RX< [AEC Proc] @[AeInit] Line:404:[DEBUG] init imu detector sucessed!
[23:11:54.283] RX< [AEC Proc] @[AeInit] Line:406:[DEBUG] imu init errcode:0
[23:11:54.283] RX< [AEC Proc] @[alAE_set_param] Line:576:[DEBUG] sw_maxtime 33044
[23:11:54.283] RX<  ,pertline 9444, after check sensor step sw_max_time 33039.00
[23:11:54.283] RX< [AEC Proc] @[alAE_set_param] Line:581:[DEBUG] sw_mintime 37 ,pertline 9444, after check sensor step sw_min_time 36.00
[23:11:54.283] RX< [AEC Proc] @[alAE_set_param] Line:514:[DEBUG] DEBUG minbv exptime 9 gain 10
[23:11:54.285] RX< 0, minExpBV 14098
[23:11:54.285] RX< [AEC Proc] @[AeTuningParseSet] Line:167:[DEBUG] aeparam version 2.268 60818
[23:11:54.285] RX< [AEC Proc] @[alAE_set_param] Line:341:[DEBUG] INITEXP gain 100, shutter 8000, midtonegain 100, bv 4303
[23:11:54.285] RX< [6] [cam] [49447][tshell][bayer_ae_wrapper_init:119]X tli
[23:11:54.286] RX< ne 9444 max_exp 33044 alg_hdl 0x885071d0 
[23:11:54.286] RX< [7] [cam] [49447][b_ae0][a5_core_wrapper_task:252]thread start cid,0 algo type,0
[23:11:54.286] RX< [6] [cam] [49448][tshell][a5_core_init_task:426]thread created: b_ae0 mq=0x8850e0f0 thread=0x8850e208 sem=0x8850e080 ret=0
[23:11:54.286] RX< [6] [cam]
[23:11:54.288] RX<  [49448][tshell][atf_wrapper_init:67]E id,0
[23:11:54.288] RX< [6] [cam] [49449][tshell][atf_wrapper_init:107]X alg_ctx addr 0x885106c8
[23:11:54.288] RX< [7] [cam] [49449][atf0][a5_core_wrapper_task:252]thread start cid,0 algo type,1
[23:11:54.288] RX< [6] [cam] [49450][tshell][a5_core_init_task:426]thread cr
[23:11:54.289] RX< eated: atf0 mq=0x88512a20 thread=0x88512b38 sem=0x885129b0 ret=0
[23:11:54.289] RX< [6] [cam] [49450][tshell][cam_cpm_core_init:1149]X ctx size 1096 addr 0x884db4d8
[23:11:54.289] RX< [6] [cam] [49451][tshell][csc_open:599]ok! phys_id[1], phys_num[1] 
[23:11:54.289] RX< [6] [cam] [49451][tshell][cam_open:738]op
[23:11:54.297] RX< en ok! camera_id[0]
[23:11:54.297] RX< [34m[cam open] perf=48944(us)!
[23:11:54.297] RX< [0m[6] [App Cam] cam open success
[23:11:54.297] RX< [6] [cam] [49458][tshell][csc_init:722]sensor info:size:4032x3024, formt: 0x2b, bps: 2496, tline: 9444
[23:11:54.297] RX< [6] [cam] [49458][tshell][cam_sif_mgr_init:261]E id,0
[23:11:54.297] RX< [7] [cam]
[23:11:54.297] RX<  [49458][sif0][sif_irq_proc:151]thread start cid,0
[23:11:54.297] RX< [6] [cam] [49459][tshell][cam_sif_mgr_init:293]X ctx size 52 addr 0x8852bc20
[23:11:54.297] RX< [7] [cam] [49459][tshell][sif_btm_paramSet:102]btm lite w4032 h3024 binEn1 binRatio2
[23:11:54.297] RX< [7] [cam] [49459][tshell][sif_btm_paramSet
[23:11:54.302] RX< :106]cropSlct2 x0 y0 w4032 h4032
[23:11:54.302] RX< [6] [cam] [49460][tshell][cam_prelude_init_cfg:368]CSI ID is 0,  phy lanes is 2.
[23:11:54.302] RX< [7] [cam] [49460][tshell][check_phy_ready:96]MIPI_PHY[0] is ready
[23:11:54.302] RX< [6] [cam] [49461][tshell][sensor_init:348]sensor [1]: register ok
[23:11:54.302] RX< [6] [cam
[23:11:54.308] RX< ] [49461][tshell][sensor_set_mode:887]sensor [1]: SetMode -> mode = 0.
[23:11:54.308] RX< [6] [cam] [49462][tshell][sensor_send_reg_tab_to_sensor:705]sensor [1]: send_reg_tab_to_sensor E.
[23:11:54.308] RX< [6] [cam] [49465][tshell][sensor_send_reg_tab_to_sensor:751]sensor [1]: reg_count = 77
[23:11:54.308] RX< .
[23:11:54.308] RX< [6] [cam] [49465][tshell][sensor_init:361]sensor [1]: init success.
[23:11:54.308] RX< [6] [cam] [49465][tshell][sensor_set_mode:887]sensor [1]: SetMode -> mode = 1.
[23:11:54.308] RX< [6] [cam] [49466][tshell][sensor_send_reg_tab_to_sensor:705]sensor [1]: send_reg_tab_to_sensor E.
[23:11:54.308] RX< [6] [cam
[23:11:54.311] RX< ] [49470][tshell][sensor_send_reg_tab_to_sensor:751]sensor [1]: reg_count = 84.
[23:11:54.311] RX< [6] [cam] [49470][tshell][csc_init:731]ok! phys_id[1], phys_num[1]
[23:11:54.311] RX< [6] [cam] [49471][tshell][csc_get_bayer_single_buffer:1148]scenario_type: 1
[23:11:54.311] RX< [6] [cam] [49471][tshell][csc_se
[23:11:54.311] RX< t_stats_fmt:98]index 0 w 1 h 1 bw 8 wcmp 255
[23:11:54.311] RX< [7] [cam] [49472][tshell][bm_ioctl:201]BMIOC_STATS_FMT
[23:11:54.311] RX< [6] [cam] [49472][tshell][csc_set_fe_fmt:47]index 1 w 4032 h 3024 bw 10 wcmp 0
[23:11:54.311] RX< [7] [cam] [49472][tshell][bm_ioctl:201]BMIOC_FE_FMT
[23:11:54.311] RX< [6] [cam] [49473][tshel
[23:11:54.313] RX< l][csc_set_lite_fmt:115]index 2 w 1008 h 720 bw 8 wcmp 255
[23:11:54.313] RX< [7] [cam] [49473][tshell][bm_ioctl:201]BMIOC_LITE_FMT
[23:11:54.313] RX< [6] [cam] [49473][tshell][csc_set_lite_fmt:115]index 21 w 1008 h 720 bw 8 wcmp 255
[23:11:54.313] RX< [7] [cam] [49474][tshell][bm_ioctl:201]BMIOC_LITE_FMT
[23:11:54.313] RX< [6] 
[23:11:54.314] RX< [cam] [49474][tshell][csc_set_be_fmt:81]index 25 w 0 h 0 bw 8 wcmp 255
[23:11:54.314] RX< [7] [cam] [49475][tshell][bm_ioctl:201]BMIOC_BE_FMT
[23:11:54.314] RX< [6] [cam] [49475][tshell][csc_set_be_fmt:81]index 22 w 480 h 360 bw 8 wcmp 255
[23:11:54.314] RX< [7] [cam] [49475][tshell][bm_ioctl:201]BMIOC_BE_FMT
[23:11:54.316] RX< [6] [cam] [49476][tshell][csc_set_me_fmt:64]index 5 w 3024 h 4032 bw 10 wcmp 0, rdma_addr 0x8945f400, wdma_addr 0x8945f400
[23:11:54.316] RX< [7] [cam] [49476][tshell][bm_ioctl:201]BMIOC_ME_FMT
[23:11:54.316] RX< [6] [cam] [49477][tshell][csc_set_me_fmt:64]index 6 w 3024 h 4032 bw 8 wcmp 255,
[23:11:54.316] RX<  rdma_addr 0x8a247700, wdma_addr 0x8c000000
[23:11:54.316] RX< [6] [cam] [49477][tshell][cam_me_core_buffer_cfg:1416]
[23:11:54.316] RX< ----ME PIPE INFO---
[23:11:54.316] RX<  wdma_buf_num:1, rotation_en: 1
[23:11:54.316] RX< [7] [cam] [49478][tshell][cam_me_core_buffer_cfg:1424]yuv wdma_addr 0:0x8c000000, meta_en: 0, 0x00000000
[23:11:54.319] RX< 
[23:11:54.319] RX< [7] [cam] [49479][tshell][bm_ioctl:201]BMIOC_ME_FMT
[23:11:54.319] RX< [6] [cam] [49479][tshell][csc_init:739]get otp ok! phys_id[1], phys_num[1]
[23:11:54.319] RX< [6] [cam] [49479][tshell][cam_init:828]init ok! logic_id[0]
[23:11:54.319] RX< [34m[cam init] perf=21815(us)!
[23:11:54.319] RX< [0m[6] [App Cam] cam init succes
[23:11:54.319] RX< s
[23:11:54.319] RX< [7] [cam] [49480][tshell][cam_cpm_core_stream_on:560]id 0 sensor type 1
[23:11:54.319] RX< [6] [cam] [49480][tshell][sensor_stream_on:1024]sensor [1]: stream_on
[23:11:54.319] RX< [6] [cam] [49481][tshell][sensor_stream_on:1052]sensor [1]: REG: 0x100, W:0x1.
[23:11:54.319] RX< [6] [cam] [49481][tshell][senso
[23:11:54.337] RX< r_stream_on:1054]sensor [1]: REG: 0x100, R:0x1.
[23:11:54.337] RX< [6] [cam] [49481][tshell][csc_prv_start:873]ok! phys_id[1], phys_num[1], cam_ids[1]
[23:11:54.337] RX< [6] [cam] [49482][tshell][cam_start:938]preview start ok! logic_id[0]
[23:11:54.337] RX< [34m[cam start] perf=2327(us)!
[23:11:54.337] RX< [0m[6] [App Cam] ca
[23:11:54.337] RX< m start success
[23:11:54.337] RX< [6] [App Dfs] Gravity_XR Capture Start
[23:11:54.337] RX< msh /emmc>echo "__EVBTES[7] [cam] [49483][b_3a_sts][bayer_stats_core_irq_proc:164]thread start cid,0
[23:11:54.337] RX< [7] [cam] [49484][fe0][fe_core_irq_proc:98]thread start cid,0
[23:11:54.337] RX< T_END_a43c184f__"
[23:11:54.337] RX< __EVBTEST_END_a43c1
[23:11:54.428] TX> dfs_capture_start
[23:11:54.428] TX> echo "__EVBTEST_END_a43c184f__"
[23:11:54.710] RX< 84f__
[23:11:54.710] RX< msh /emmc>[34m[AE] fid=0,exp=14742,adg=400,Y=902,mtg=100,shg=100,bgbv=1490,iso=400,cnv0,hdr0
[23:11:54.710] RX< [0m[34m[b_ae0 proc] perf=2729(us), max=2729(us)!
[23:11:54.710] RX< [0m[34m[awb0 proc] perf=1301(us), max=1301(us)!
[23:11:54.710] RX< [0m[34m[AE conv] fid=10,exp=14211,adg=400,Y=5808,mtg
[23:11:54.711] RX< =525,shg=100,bgbv=1543,iso=400,cnv1,hdr1
[23:11:54.711] RX< [0m[7] [cam] [49855][fe0][_qpc_hdr_rslt_chk:1668]
[23:11:54.711] RX< ALG: EV0 t14211 g400 | EV+ t14211 g400 | EV- t10602 g100
[23:11:54.711] RX< [6] [cam] [49856][fe0][qpc_core_hdr_mapExp_cfg:1736]evMapExp set OK, typ:2 1 FF num:5 1 0
[23:11:54.711] RX< [34m[cap] FE s
[23:11:54.790] RX< ync ME @fid10 as mod2 cfg0x01, cap 6frms @fid+2
[23:11:54.790] RX< [0m[7] [cam] [49858][qpc0][qpc_core_hdr_upd_sensor:559][HDRupd]: Sns cap-0 EV:0->2 st-14211 ag-400
[23:11:54.790] RX< [7] [cam] [49905][qpc0][qpc_core_hdr_upd_me:613][HDRupd] ME cap-0 EV:0->2, dg-100
[23:11:54.790] RX< [7] [JPEG] frame num=6, p
[23:11:54.806] RX< re frame=1106830 Bytes
[23:11:54.806] RX< [exif] oFrm 0 evP 0 evM -239 bv 1543 exp 14211 iso 400 time 49910
[23:11:54.806] RX< [6] [cam] [49925][fe0][_cpm_cb_jpegInfo_proc:618]SnapStream E @ frm13!
[23:11:54.806] RX< [6] [cam] [49938][me0][cpm_cb_fe2me_tikChk:152]frm_length 33329us, fe2me delta 11
[23:11:54.806] RX< [32m[BE] fid
[23:11:54.943] RX< =0, perf=5524(us), max=5524(us)!
[23:11:54.943] RX< [0m[34m[cap] fid: me0 fe14, perf=488332(us)!
[23:11:54.943] RX< [0m[7] [cam] [49971][me0][me_core_thread:359]ME out fid 0
[23:11:54.943] RX< [7] [cam] [50028][qpc0][qpc_core_hdr_upd_sensor:559][HDRupd]: Sns cap-5 EV:2->1 st-10602 ag-100
[23:11:54.943] RX< [exif] oFrm 5 evP 0 
[23:11:55.373] RX< evM -239 bv 1543 exp 10602 iso 100 time 50081
[23:11:55.373] RX< [6] [cam] [50125][fe0][_cpm_cb_jpegInfo_proc:626]SnapStream X @ frm19!
[23:11:55.373] RX< [34m[cap] fid: me5 fe19, perf=31235(us)!
[23:11:55.373] RX< [0m[34m[AE] fid=30,exp=33039,adg=1600,Y=5011,mtg=350,shg=100,bgbv=-4486,iso=11225,cnv1,hdr1
[23:11:55.373] RX< [0
[23:11:55.423] RX< m[6] [App Dfs] Gravity_XR Capture Stop Success: total frames = 6
[23:11:55.423] RX< [6] [cam] [50584][DfsSend][sensor_stream_off:1188]sensor [1]: stream_off
[23:11:55.423] RX< [6] [cam] [50585][DfsSend][sensor_stream_off:1217]sensor [1]: REG: 0x100, W:0x0.
[23:11:55.423] RX< [6] [cam] [50585][DfsSend][sensor_st
[23:11:55.426] RX< ream_off:1219]sensor [1]: REG: 0x100, R:0x0.
[23:11:55.426] RX< [6] [cam] [50585][DfsSend][csc_prv_stop:983]ok! phys_id[1], phys_num[1], stop_type = 0
[23:11:55.426] RX< [6] [cam] [50586][DfsSend][cam_stop:1058]preview stop ok! logic_id[0]
[23:11:55.426] RX< [34m[cam stop] perf=2369(us)!
[23:11:55.426] RX< [0m[6] [App Cam] cam
[23:11:55.426] RX<  stop success
[23:11:55.426] RX< [7] [cam] [50587][DfsSend][cam_cpm_core_power_off:467]id,0 type,1 ret 0
[23:11:55.426] RX< [6] [cam] [50587][sif0][sif_irq_proc:174]thread release cid,0
[23:11:55.426] RX< [6] [cam] [50587][DfsSend][cam_sif_mgr_deinit:316]X
[23:11:55.426] RX< [6] [cam] [50588][DfsSend][cam_deinit:887]deinit ok! l
[23:11:55.429] RX< ogic_id[0]
[23:11:55.429] RX< [34m[cam deinit] perf=1398(us)!
[23:11:55.429] RX< [0m[6] [App Cam] cam deinit success
[23:11:55.429] RX< [6] [cam] [50588][DfsSend][sensor_close:1292]sensor [1]: close!
[23:11:55.429] RX< [6] [cam] [50589][DfsSend][cam_bm_core_deinit:136]X
[23:11:55.429] RX< [INFO]	cpm[0] snsType1 capMod2 cfg0x01 6frms
[23:11:55.429] RX< [6] [cam] [
[23:11:55.429] RX< 50589][be0][be_core_irq_proc:329]thread release cid,0
[23:11:55.429] RX< [6] [cam] [50590][DfsSend][cam_be_core_deinit:793]X
[23:11:55.429] RX< [6] [cam] [50590][me0][me_core_thread:404]thread release cid,0
[23:11:55.429] RX< [6] [cam] [50590][DfsSend][cam_me_core_deinit:1551]X
[23:11:55.429] RX< [6] [cam] [50591][fe0][fe_core_i
[23:11:55.431] RX< rq_proc:121]thread release cid,0
[23:11:55.431] RX< [6] [cam] [50591][DfsSend][cam_fe_core_deinit:536]X
[23:11:55.431] RX< [6] [cam] [50591][b_3a_sts][bayer_stats_core_irq_proc:193]thread release cid,0
[23:11:55.431] RX< [6] [cam] [50592][DfsSend][cam_bayer_stats_core_deinit:512]X
[23:11:55.431] RX< [6] [cam] [50592][lite0][lite
[23:11:55.432] RX< _core_irq_proc:190]thread release cid,0
[23:11:55.432] RX< [6] [cam] [50592][DfsSend][cam_lite_core_deinit:556]X
[23:11:55.432] RX< [6] [cam] [50593][b_ae0][a5_core_wrapper_task:315]thread release cid,0,algo,0
[23:11:55.432] RX< [6] [cam] [50593][DfsSend][bayer_ae_wrapper_deinit:204]X
[23:11:55.432] RX< [6] [cam] [50594][atf0][a
[23:11:55.434] RX< 5_core_wrapper_task:315]thread release cid,0,algo,1
[23:11:55.434] RX< [6] [cam] [50594][DfsSend][atf_wrapper_deinit:153]X
[23:11:55.434] RX< [6] [cam] [50594][awb0][a5_core_wrapper_task:315]thread release cid,0,algo,2
[23:11:55.434] RX< [6] [cam] [50595][DfsSend][awb_wrapper_deinit:153]X
[23:11:55.434] RX< [6] [cam] [50595][Dfs
[23:11:55.434] RX< Send][cam_5a_core_deinit:555]X
[23:11:55.434] RX< [6] [cam] [50595][DfsSend][cam_5a_inf_deinit:149]X
[23:11:55.434] RX< [6] [cam] [50596][qpc0][qpc_core_msg_proc:705]thread release cid,0
[23:11:55.434] RX< [6] [cam] [50596][DfsSend][qpc_core_deinit:1413]X
[23:11:55.434] RX< [6] [cam] [50596][DfsSend][cam_cpm_core_deinit:1248]X
[23:11:55.434] RX< [
[23:11:55.443] RX< 6] [cam] [50597][DfsSend][csc_close:656]ok! phys_id[1], phys_num[1]
[23:11:55.443] RX< [7] [cam] [50597][cer0][cer_recovery_proc:352]msg type = 254
[23:11:55.443] RX< [6] [cam] [50597][cer0][cer_recovery_proc:454]thread release cid,0
[23:11:55.443] RX< [6] [cam] [50598][DfsSend][cer_deinit:560]X
[23:11:55.443] RX< [6] [cam] [505
[23:11:55.443] RX< 98][DfsSend][cam_close:789]close ok! logic_id[0]
[23:11:55.443] RX< [34m[cam close] perf=9855(us)!
[23:11:55.443] RX< [0m[6] [App Cam] cam close success
[23:11:55.443] RX< [6] [cam] [50599][cpl0][cam_prelude_proc_routine:136]thread release
[23:11:55.443] RX< [6] [cam] [50599][DfsSend][cam_exit:571]exit ok!
[23:11:55.443] RX< [34m[cam exit] per
[23:11:57.446] RX< f=651(us)!
[23:11:57.446] RX< [0m[6] [App Cam] cam exit success
[23:11:57.446] RX< [6] [App Cam] jpeg deinit success
[23:11:57.446] RX< [6] [App Dfs] Save Photo Successful: /emmc/PIC/20260101_000049_9483/
[23:11:57.446] RX< [6] [App Dfs] Capture completed successfully.
[23:12:00.730] TX> cam_set video 1080p
[23:12:00.730] TX> echo "__EVBTEST_END_578be731__"
[23:12:01.449] RX< cam_set video 1080p
[23:12:01.449] RX< [6] [App Dfs] w(1920) * h(1080) is 1080p, eis 1
[23:12:01.449] RX< msh /emmc>echo "__EVBTEST_END_578be731__"
[23:12:01.449] RX< __EVBTEST_END_578be731__
[23:12:01.449] RX< msh /emmc>
[23:12:01.629] RX< dfs_video_start
[23:12:01.629] RX< [7] [cam] [56786][tshell][cgm_parse_bin:104]total logical camera num: 1
[23:12:01.629] RX< [6] [cam] [56786][tshell][cam_prelude_create:187]E id, 0
[23:12:01.629] RX< [7] [cam] [56786][cpl0][cam_prelude_proc_routine:101]thread start
[23:12:01.629] RX< [6] [cam] [56786][tshell][cam_prelude_create
[23:12:01.629] RX< :214]X ctx size 132 addr 0x884de858
[23:12:01.629] RX< [6] [cam] [56791][tshell][sensor_probe:418]sensor [1]: identifing 0 success.
[23:12:01.629] RX< [6] [cam] [56792][tshell][sensor_probe:441]sensor [1]: probe exit!
[23:12:01.629] RX< [6] [cam] [56792][tshell][cam_prelude_fast_probe:251]cam: 0 probe result: 0
[23:12:01.632] RX< 
[23:12:01.632] RX< [6] [cam] [56792][tshell][cgm_parse_bin:218]cam(0) probe success
[23:12:01.632] RX< [6] [cam] [56792][tshell][cam_entry:455]entry ok
[23:12:01.632] RX< [34m[cam entry] perf=7286(us)!
[23:12:01.632] RX< [0m[6] [App Cam] cam entry success
[23:12:01.632] RX< [7] [cam] [56793][tshell][cam_solve_layout:350][mLayout] param OK, sce
[23:12:01.634] RX< n3 iw4032 ih2268 ow1920 oh1080 gdc 0x1
[23:12:01.634] RX< [36m[mLayout] scen03 in=4032x2268,out=1920x1080 meRot1 stripe0 gdcOn1
[23:12:01.634] RX< [0m[36m[mLayout] scen03 14entries solved status=OK retry=0 rtmp=enabled (cursor0=0x8a00f210 cursor1=0x88e20aa0, ch0/1/2 cnt=5/3/1)
[23:12:01.634] RX< [0m[7] [cam
[23:12:01.634] RX< ] [56794][tshell][cam_solve_layout:377]
[23:12:01.634] RX< [mLayout] out vol 0x8c000000 rBuf 0x8a5e5400 sz 0xd00000 wBuf 0x89700000 sz 0x900000
[23:12:01.634] RX<           rtmp tBuf 0x8a10f210 sz 0x80000 aBuf 0x8a08f210 sz 0x80000
[23:12:01.634] RX<        alg EIS buf 0x8a00f210
[23:12:01.634] RX< [7] [cam] [56796][tshell][cam
[23:12:01.637] RX< _solve_layout:397]Solve Scen3 layout Done!
[23:12:01.637] RX< [6] [cam] [56796][tshell][cgm_parse_media_para:274]phy cam num: 1
[23:12:01.637] RX< [7] [cam] [56797][cer0][cer_recovery_proc:343]thread start cid, 0
[23:12:01.637] RX< [6] [cam] [56797][tshell][csc_open:499]SENSOR MCLK cal: 24MHz
[23:12:01.637] RX< [6] [cam] [56798]
[23:12:01.637] RX< [tshell][csc_isp_clk_cal:344]MIPI CLK cal: 277MHz
[23:12:01.637] RX< [6] [cam] [56798][tshell][csc_isp_clk_cal:374]LITE CLK cal: 25MHz
[23:12:01.637] RX< [7] [cam] [56798][tshell][cpc_csi_rx_power_on:633]E id: 2
[23:12:01.637] RX< [4] [cam] [56799][tshell][cpc_csi_rx_power_on:644]csi_2 has already power on, STA
[23:12:01.642] RX< TUS: 1
[23:12:01.642] RX< [6] [cam] [56799][tshell][cpc_update_clock:603]actual SNS mclk: 24MHz
[23:12:01.642] RX< [6] [cam] [56799][tshell][cpc_update_clock:608]actual MIPI0: 300MHz
[23:12:01.642] RX< [6] [cam] [56800][tshell][cpc_update_clock:598]actual LITE clk: 25MHz
[23:12:01.642] RX< [7] [cam] [56800][tshell][cam_prelude_o
[23:12:01.643] RX< pen:297][34msnsOpen camID1 csiID0 phyIdx0[0m
[23:12:01.643] RX< [6] [cam] [56804][tshell][sensor_expo_gain_match:48]sensor get sensor expo gain of imx681_vst
[23:12:01.643] RX< [6] [cam] [56804][tshell][sensor_open:684]sensor [1] open OK.
[23:12:01.643] RX< [6] [cam] [56804][tshell][cam_cpm_parse_media:295]v
[23:12:01.645] RX< ideo scenario:3, media para[fps:0, mirror_en:0, flip_en:0]
[23:12:01.645] RX< [6] [cam] [56804][tshell][cam_cpm_parse_media:298]video scenario, media para[iso:0, gain:0, wb_mode:0]
[23:12:01.645] RX< [6] [cam] [56805][tshell][csc_isp_clk_cal:355]FE CLK cal: 373MHz, ME CLK cal: 371MHz, FE/ME C
[23:12:01.646] RX< LK cal: 410MHz
[23:12:01.646] RX< [6] [cam] [56806][tshell][csc_isp_clk_cal:364]BE CLK cal: 301MHz
[23:12:01.646] RX< [4] [cam] [56806][tshell][cam_fe_core_power_on:269]fe pipe has already power on, STATUS: 1
[23:12:01.646] RX< [6] [cam] [56807][tshell][cpc_update_clock:588]actual FE/ME clk: 500MHz
[23:12:01.646] RX< [4] [cam] [
[23:12:01.649] RX< 56807][tshell][cam_be_core_power_on:1028]be pipe has already power on, STATUS: 1
[23:12:01.649] RX< [6] [cam] [56808][tshell][cpc_update_clock:593]actual BE clk: 500MHz
[23:12:01.649] RX< [7] [cam] [56808][tshell][cam_cpm_core_power_on:435]id,0 type,1 ret 0
[23:12:01.649] RX< [6] [cam] [56808][tshell][cam_cpm_c
[23:12:01.649] RX< ore_init:1017]E id,0 sensor type,1
[23:12:01.649] RX< [6] [cam] [56810][tshell][cpm_core_check_tuningbin:957]Tuning bin crc check PASS! sum 0x17a5964, xor 0x87e82682
[23:12:01.649] RX< [6] [cam] [56810][tshell][qpc_tuning_check_iqbin_validness:396]IQ bin addr: 0x88646660, project_name: video_
[23:12:01.651] RX< 3M
[23:12:01.651] RX< [6] [cam] [56811][tshell][qpc_tuning_check_iqbin_validness:397]total_size: 94400
[23:12:01.651] RX< [6] [cam] [56811][tshell][qpc_tuning_check_iqbin_validness:398]id_count: 93. ID_TOTAL: 94
[23:12:01.651] RX< [6] [cam] [56812][tshell][qpc_tuning_check_iqbin_validness:399]spinel tuning dat
[23:12:01.652] RX< a ver: V1.30
[23:12:01.652] RX< [6] [cam] [56812][tshell][cpm_core_check_tuningbin:971]IQ bin check success!
[23:12:01.652] RX< [6] [cam] [56813][tshell][cam_bm_core_init:94]E
[23:12:01.652] RX< [6] [cam] [56813][tshell][bm_lab_init:174]X ctx size 4 addr 0x884b98d8
[23:12:01.652] RX< [6] [cam] [56814][tshell][cam_bm_core_init:11
[23:12:01.653] TX> dfs_video_start
[23:12:01.653] TX> echo "__EVBTEST_END_c3251a01__"
[23:12:01.666] RX< 4]X ctx size 180 addr 0x884c2638
[23:12:01.666] RX< [6] [cam] [56814][tshell][qpc_core_init:1299]E id,0
[23:12:01.666] RX< [6] [cam] [56814][tshell][qpc_queue_init:65]QPC init qnodes 8, size 508, pool 0x884df5f8
[23:12:01.666] RX< [7] [cam] [56815][tshell][_qpc_get_cap_cfg_para:896][fallback]preset capCfg 200 0
[23:12:01.666] RX<  0 invalid, use default
[23:12:01.666] RX< [7] [cam] [56815][tshell][_qpc_cfg_hdr_frms:840][fallback]preset hdrCfg 0 0 0 0 0 invalid, use default
[23:12:01.666] RX< [6] [cam] [56827][tshell][qpc_core_init:1347]X ctx size 1288 addr 0x884c2700
[23:12:01.666] RX< [6] [cam] [56827][tshell][cpm_core_get_param:764]cp
[23:12:01.669] RX< m para chk: tunBin-w 4032 h 2266 img-w 4032 h 2268
[23:12:01.669] RX< [6] [cam] [56828][tshell][cam_fe_core_init:436]E id,0
[23:12:01.669] RX< [6] [cam] [56828][tshell][cam_fe_core_init:490]X ctx size 96 addr 0x884c33b0
[23:12:01.669] RX< [7] [cam] [56829][tshell][qpc_core_fe_chords_init:1763][34mqpc fe init 
[23:12:01.669] RX< snsOut w 4032 h 2268, tbl w 28 h 20[0m
[23:12:01.669] RX< [6] [cam] [56829][tshell][cam_me_core_init:1523]X ctx size 1352 addr 0x884f1ae8
[23:12:01.669] RX< [34m[ME SLICE CFG] perf=464(us)!
[23:12:01.669] RX< [0m[6] [cam] [56831][tshell][cam_bayer_fe_3a_stats_core_init:445]fe 3a id,0
[23:12:01.669] RX< [6] [cam] [56831][tshel
[23:12:01.671] RX< l][cam_bayer_fe_3a_stats_core_init:490]X ctx size 132 addr 0x884fa508
[23:12:01.671] RX< [6] [cam] [56832][tshell][cam_be_core_init:621]E id,0
[23:12:01.671] RX< [7] [cam] [56832][be0][be_core_irq_proc:270]thread start cid,0
[23:12:01.671] RX< [6] [cam] [56832][tshell][cam_be_core_init:716]X ctx size 472 addr 0
[23:12:01.672] RX< x884fa898
[23:12:01.672] RX< [6] [cam] [56833][tshell][awb_wrapper_init:66]xxx awb_bin=0x884e18bc, awb_bin_length=8068
[23:12:01.672] RX< [6] [cam] [56833][tshell][awb_wrapper_init:86]X algo_handle 0x885017c0
[23:12:01.672] RX< [7] [cam] [56834][awb0][a5_core_wrapper_task:252]thread start cid,0 algo type,2
[23:12:01.672] RX< [6]
[23:12:01.676] RX<  [cam] [56834][tshell][a5_core_init_task:426]thread created: awb0 mq=0x88503880 thread=0x88503998 sem=0x88503810 ret=0
[23:12:01.676] RX< [6] [cam] [56835][tshell][bayer_ae_wrapper_init:68]E id,0 proc mode 0 
[23:12:01.676] RX< 
[23:12:01.676] RX< [AEC Proc] @[allib_ae_set_debug_log_flag] Line:129:[DEBUG] debug
[23:12:01.676] RX<  level/to_file/to_terminal: 22/1/1
[23:12:01.676] RX< [AEC Proc] @[AeInit] Line:377:[INFO] AE ver: 2026_V2.269
[23:12:01.676] RX< 
[23:12:01.676] RX< [AEC Proc] @[allib_ae_loadfunc] Line:193:[INFO] camera ID: 0
[23:12:01.676] RX< [AEC Proc] @[alAE_set_param] Line:576:[DEBUG] sw_maxtime 33004 ,pertline 10800, after check sensor st
[23:12:01.678] RX< ep sw_max_time 33000.00
[23:12:01.678] RX< [AEC Proc] @[alAE_set_param] Line:581:[DEBUG] sw_mintime 43 ,pertline 10800, after check sensor step sw_min_time 40.00
[23:12:01.678] RX< [AEC Proc] @[alAE_set_param] Line:514:[DEBUG] DEBUG minbv exptime 11 gain 100, minExpBV 13810
[23:12:01.678] RX< [AEC Proc] @[AeTu
[23:12:01.679] RX< ningParseSet] Line:167:[DEBUG] aeparam version 2.268 60803
[23:12:01.679] RX< [AEC Proc] @[alAE_set_param] Line:341:[DEBUG] INITEXP gain 100, shutter 33242, midtonegain 100, bv 2247
[23:12:01.679] RX< [6] [cam] [56841][tshell][bayer_ae_wrapper_init:119]X tline 10800 max_exp 33004 alg_hdl 0x88
[23:12:01.681] RX< 506148 
[23:12:01.681] RX< [7] [cam] [56841][b_ae0][a5_core_wrapper_task:252]thread start cid,0 algo type,0
[23:12:01.681] RX< [6] [cam] [56842][tshell][a5_core_init_task:426]thread created: b_ae0 mq=0x885071f8 thread=0x88507310 sem=0x88507188 ret=0
[23:12:01.681] RX< [6] [cam] [56842][tshell][atf_wrapper_init:
[23:12:01.682] RX< 67]E id,0
[23:12:01.682] RX< [6] [cam] [56843][tshell][atf_wrapper_init:107]X alg_ctx addr 0x885076e8
[23:12:01.682] RX< [7] [cam] [56843][atf0][a5_core_wrapper_task:252]thread start cid,0 algo type,1
[23:12:01.682] RX< [6] [cam] [56844][tshell][a5_core_init_task:426]thread created: atf0 mq=0x88507820 thread=0
[23:12:01.692] RX< x88507938 sem=0x885077b0 ret=0
[23:12:01.692] RX< [6] [cam] [56844][tshell][cam_cpm_core_init:1101]GDC enabled: video_eis=1, photo_warp=0
[23:12:01.692] RX< [6] [cam] [56853][tshell][cam_dewarp_init:333]table reg: enable:1, blockw:5, inw:1296, inh:2304, mapw:61, maph:35, outw:1920, outh:1080
[23:12:01.692] RX< [6] [cam] [56853][tshell][cam_dewarp_init:354]dewarp init: real-IMU consumer registered, reader=0x88507c38
[23:12:01.692] RX< [6] [cam] [56854][dwp0][dewarp_thread_entry:164]dewarp thread start, id=0
[23:12:01.692] RX< [6] [cam] [56854][tshell][cam_dewarp_init:379]EIS: dewarp init ok: dwp0 ei
[23:12:01.699] RX< s_ctx=0x8a00f210 table_size=12810 reg=61x35x5
[23:12:01.699] RX< [6] [cam] [56855][tshell][cam_cpm_core_init:1131]EIS: dewarp enabled, eis_ctx=0x8a00f210, eis_cfg=0x884c2584
[23:12:01.699] RX< [6] [cam] [56855][tshell][cam_cpm_core_init:1149]X ctx size 1096 addr 0x884c21e0
[23:12:01.699] RX< [6] [cam] [56856][
[23:12:01.700] RX< tshell][csc_open:599]ok! phys_id[1], phys_num[1] 
[23:12:01.700] RX< [6] [cam] [56857][tshell][cam_open:738]open ok! camera_id[0]
[23:12:01.700] RX< [34m[cam open] perf=63861(us)!
[23:12:01.700] RX< [0m[6] [App Cam] cam open success
[23:12:01.700] RX< [6] [cam] [56862][tshell][csc_init:722]sensor info:size:4032x2268, formt: 0x
[23:12:01.702] RX< 2b, bps: 1968, tline: 10800
[23:12:01.702] RX< [6] [cam] [56862][tshell][cam_sif_mgr_init:261]E id,0
[23:12:01.702] RX< [7] [cam] [56863][sif0][sif_irq_proc:151]thread start cid,0
[23:12:01.702] RX< [6] [cam] [56863][tshell][cam_sif_mgr_init:293]X ctx size 52 addr 0x88544668
[23:12:01.702] RX< [6] [cam] [56864][tshell][cam_prelu
[23:12:01.703] RX< de_init_cfg:368]CSI ID is 0,  phy lanes is 2.
[23:12:01.703] RX< [7] [cam] [56864][tshell][check_phy_ready:96]MIPI_PHY[0] is ready
[23:12:01.703] RX< [6] [cam] [56865][tshell][sensor_init:348]sensor [1]: register ok
[23:12:01.703] RX< [6] [cam] [56865][tshell][sensor_set_mode:887]sensor [1]: SetMode -> mode = 0
[23:12:01.711] RX< .
[23:12:01.711] RX< [6] [cam] [56865][tshell][sensor_send_reg_tab_to_sensor:705]sensor [1]: send_reg_tab_to_sensor E.
[23:12:01.711] RX< [6] [cam] [56869][tshell][sensor_send_reg_tab_to_sensor:751]sensor [1]: reg_count = 77.
[23:12:01.711] RX< [6] [cam] [56869][tshell][sensor_init:361]sensor [1]: init success.
[23:12:01.713] RX< 
[23:12:01.713] RX< [6] [cam] [56869][tshell][sensor_set_mode:887]sensor [1]: SetMode -> mode = 3.
[23:12:01.713] RX< [6] [cam] [56870][tshell][sensor_send_reg_tab_to_sensor:705]sensor [1]: send_reg_tab_to_sensor E.
[23:12:01.713] RX< [6] [cam] [56874][tshell][sensor_send_reg_tab_to_sensor:751]sensor [1]: reg_c
[23:12:01.714] RX< ount = 83.
[23:12:01.714] RX< [6] [cam] [56874][tshell][csc_init:731]ok! phys_id[1], phys_num[1]
[23:12:01.714] RX< [6] [cam] [56874][tshell][csc_get_bayer_single_buffer:1148]scenario_type: 3
[23:12:01.714] RX< [6] [cam] [56875][tshell][csc_set_stats_fmt:98]index 0 w 1 h 1 bw 8 wcmp 255
[23:12:01.714] RX< [7] [cam] [56875][tshel
[23:12:01.716] RX< l][bm_ioctl:201]BMIOC_STATS_FMT
[23:12:01.716] RX< [6] [cam] [56875][tshell][csc_set_fe_fmt:47]index 1 w 4032 h 2268 bw 10 wcmp 0
[23:12:01.716] RX< [7] [cam] [56876][tshell][bm_ioctl:201]BMIOC_FE_FMT
[23:12:01.716] RX< [6] [cam] [56876][tshell][csc_set_me_fmt:64]index 5 w 2268 h 4032 bw 10 wcmp 0, rdma_addr 0x
[23:12:01.717] RX< 88e43800, wdma_addr 0x88e43800
[23:12:01.717] RX< [7] [cam] [56877][tshell][bm_ioctl:201]BMIOC_ME_FMT
[23:12:01.717] RX< [6] [cam] [56877][tshell][csc_set_video_fmt:1076]meta_addr: 0x8a18f240
[23:12:01.717] RX< [6] [cam] [56878][tshell][csc_set_me_fmt:64]index 6 w 1296 h 2304 bw 8 wcmp 0, rdma_addr 0x8b2e5400,
[23:12:01.719] RX<  wdma_addr 0x8a19fc00
[23:12:01.719] RX< [6] [cam] [56878][tshell][cam_me_core_buffer_cfg:1416]
[23:12:01.719] RX< ----ME PIPE INFO---
[23:12:01.719] RX<  wdma_buf_num:2, rotation_en: 1
[23:12:01.719] RX< [7] [cam] [56879][tshell][cam_me_core_buffer_cfg:1424]yuv wdma_addr 0:0x8a19fc00, meta_en: 1, 0x8a18f240
[23:12:01.719] RX< [7] [cam] [56879][t
[23:12:01.719] RX< shell][cam_me_core_buffer_cfg:1424]yuv wdma_addr 1:0x8a3c2800, meta_en: 1, 0x8a18f240
[23:12:01.719] RX< [7] [cam] [56880][tshell][bm_ioctl:201]BMIOC_ME_FMT
[23:12:01.719] RX< [6] [cam] [56880][tshell][csc_set_lite_fmt:115]index 13 w 400 h 400 bw 10 wcmp 255
[23:12:01.719] RX< [7] [cam] [56881][tshell][bm_ioct
[23:12:01.722] RX< l:201]BMIOC_LITE_FMT
[23:12:01.722] RX< [6] [cam] [56881][tshell][csc_set_lite_fmt:115]index 14 w 400 h 400 bw 10 wcmp 255
[23:12:01.722] RX< [7] [cam] [56882][tshell][bm_ioctl:201]BMIOC_LITE_FMT
[23:12:01.722] RX< [6] [cam] [56882][tshell][csc_set_be_fmt:81]index 7 w 1920 h 1080 bw 6 wcmp 0
[23:12:01.722] RX< [7] [cam] [56882][
[23:12:01.722] RX< tshell][bm_ioctl:201]BMIOC_BE_FMT
[23:12:01.722] RX< [6] [cam] [56883][tshell][csc_set_be_fmt:81]index 8 w 1920 h 1080 bw 8 wcmp 255
[23:12:01.722] RX< [7] [cam] [56883][tshell][bm_ioctl:201]BMIOC_BE_FMT
[23:12:01.722] RX< [6] [cam] [56883][tshell][cam_dewarp_set_table_base:480]dewarp table base updated: [0]=0x
[23:12:01.725] RX< 88e20aa0 [1]=0x88e32150
[23:12:01.725] RX< [6] [cam] [56884][tshell][cam_cpm_core_set_dewarp_table_base:1611]dewarp table base updated: [0]=0x88e20aa0 [1]=0x88e32150
[23:12:01.725] RX< [6] [cam] [56884][tshell][csc_init:739]get otp ok! phys_id[1], phys_num[1]
[23:12:01.725] RX< [6] [cam] [56885][tshell][cam_in
[23:12:01.725] RX< it:828]init ok! logic_id[0]
[23:12:01.725] RX< [34m[cam init] perf=23349(us)!
[23:12:01.725] RX< [0m[6] [App Cam] cam init success
[23:12:01.725] RX< [7] [cam] [56886][tshell][cam_cpm_core_stream_on:560]id 0 sensor type 1
[23:12:01.725] RX< [6] [cam] [56886][tshell][sensor_stream_on:1024]sensor [1]: stream_on
[23:12:01.725] RX< [6] [cam] [56887]
[23:12:01.743] RX< [tshell][sensor_stream_on:1052]sensor [1]: REG: 0x100, W:0x1.
[23:12:01.743] RX< [6] [cam] [56887][tshell][sensor_stream_on:1054]sensor [1]: REG: 0x100, R:0x1.
[23:12:01.743] RX< [6] [cam] [56887][tshell][csc_prv_start:873]ok! phys_id[1], phys_num[1], cam_ids[1]
[23:12:01.743] RX< [6] [cam] [56888][tshell][cam
[23:12:01.743] RX< _start:938]preview start ok! logic_id[0]
[23:12:01.743] RX< [34m[cam start] perf=2325(us)!
[23:12:01.743] RX< [0m[6] [App Cam] cam start success
[23:12:01.743] RX< [6] [App Dfs] Gravity_XR Record Start
[23:12:01.743] RX< msh /emmc>echo "__EVBTEST_END_c3251a01__"
[23:12:01.743] RX< __EVBTEST_END_c3251a01__
[23:12:01.743] RX< msh /emmc>[7] [cam] [56890][b_3a_sts][ba
[23:12:01.861] RX< yer_stats_core_irq_proc:164]thread start cid,0
[23:12:01.861] RX< [7] [cam] [56890][fe0][fe_core_irq_proc:98]thread start cid,0
[23:12:01.861] RX< [34m[AE] fid=0,exp=7610,adg=100,Y=5446,mtg=100,shg=100,bgbv=4350,iso=100,cnv0,hdr0
[23:12:01.861] RX< [0m[34m[b_ae0 proc] perf=2792(us), max=2792(us)!
[23:12:01.861] RX< [0m[34m[
[23:12:02.033] RX< awb0 proc] perf=1279(us), max=1279(us)!
[23:12:02.033] RX< [0m[7] [cam] [57022][me0][me_core_thread:359]ME out fid 0
[23:12:02.033] RX< [6] [cam] [57069][dwp0][cpm_cb_dewarp_handle:1411]EIS: dewarp done frm=0, buf_idx=0
[23:12:02.033] RX< [6] [cam] [57181][me0][cpm_cb_fe2me_tikChk:152]frm_length 88560us, fe2me 
[23:12:03.022] RX< delta 0
[23:12:03.022] RX< [34m[ME INTP]fid=0, shutter=7610, perf=793(us), max=793(us)!
[23:12:03.022] RX< [0m[32m[BE] fid=0, perf=6957(us), max=6957(us)!
[23:12:03.022] RX< [0m[6] [App Dfs] f_index = 0, f_len = 77978, cur_total_len = 78066
[23:12:03.022] RX< [34m[AE] fid=30,exp=10640,adg=300,Y=4560,mtg=180,shg=100,bgbv=1344,
[23:12:05.024] RX< iso=300,cnv2,hdr0
[23:12:05.024] RX< [0m[7] [cam] [58188][me0][me_core_thread:359]ME out fid 30
[23:12:05.024] RX< [34m[AE] fid=60,exp=10630,adg=300,Y=4570,mtg=180,shg=100,bgbv=1348,iso=300,cnv2,hdr0
[23:12:05.024] RX< [0m[7] [cam] [59188][me0][me_core_thread:359]ME out fid 60
[23:12:05.024] RX< [34m[AE] fid=90,exp=10610,adg=3
[23:12:05.376] RX< 00,Y=4560,mtg=180,shg=100,bgbv=1348,iso=300,cnv2,hdr0
[23:12:05.376] RX< [0m[34m[b_ae0 proc] perf=393(us), max=2792(us)!
[23:12:05.376] RX< [0m[34m[awb0 proc] perf=1514(us), max=1792(us)!
[23:12:05.376] RX< [0m[7] [cam] [60188][me0][me_core_thread:359]ME out fid 90
[23:12:05.376] RX< [32m[BE] fid=90, perf=8716(us), max=8811
[23:12:06.122] RX< (us)!
[23:12:06.122] RX< [0m[6] [App Dfs] f_index = 90, f_len = 166132, cur_total_len = 6742067
[23:12:06.122] RX< [34m[AE] fid=120,exp=10600,adg=300,Y=4564,mtg=180,shg=100,bgbv=1352,iso=300,cnv2,hdr0
[23:12:06.122] RX< [0m[7] [cam] [61187][me0][me_core_thread:359]ME out fid 120
[23:12:06.122] RX< [34m[ME INTP]fid=120, shutter
[23:12:08.024] RX< =10600, perf=3(us), max=4347(us)!
[23:12:08.024] RX< [0m[34m[AE] fid=150,exp=10600,adg=300,Y=4572,mtg=180,shg=100,bgbv=1352,iso=300,cnv2,hdr0
[23:12:08.024] RX< [0m[7] [cam] [62187][me0][me_core_thread:359]ME out fid 150
[23:12:08.024] RX< [34m[AE] fid=180,exp=10540,adg=300,Y=4580,mtg=180,shg=100,bgbv=1361,i
[23:12:08.399] RX< so=300,cnv2,hdr0
[23:12:08.399] RX< [0m[34m[b_ae0 proc] perf=414(us), max=615(us)!
[23:12:08.399] RX< [0m[34m[awb0 proc] perf=1299(us), max=1527(us)!
[23:12:08.399] RX< [0m[7] [cam] [63187][me0][me_core_thread:359]ME out fid 180
[23:12:08.399] RX< [32m[BE] fid=180, perf=8752(us), max=8765(us)!
[23:12:08.399] RX< [0m[6] [App Dfs] f_index = 18
[23:12:10.039] RX< 0, f_len = 165692, cur_total_len = 6621811
[23:12:10.039] RX< [34m[AE] fid=210,exp=10540,adg=300,Y=4583,mtg=180,shg=100,bgbv=1361,iso=300,cnv2,hdr0
[23:12:10.039] RX< [0m[7] [cam] [64187][me0][me_core_thread:359]ME out fid 210
[23:12:10.039] RX< [34m[AE] fid=240,exp=10540,adg=300,Y=4570,mtg=180,shg=100,bgbv=1
[23:12:11.023] RX< 357,iso=300,cnv2,hdr0
[23:12:11.023] RX< [0m[6] [cam] [65179][dwp0][cpm_cb_dewarp_handle:1411]EIS: dewarp done frm=240, buf_idx=0
[23:12:11.023] RX< [7] [cam] [65187][me0][me_core_thread:359]ME out fid 240
[23:12:11.023] RX< [34m[ME INTP]fid=240, shutter=10540, perf=3(us), max=2564(us)!
[23:12:11.023] RX< [0m[34m[AE] fid=270,e
[23:12:11.376] RX< xp=10540,adg=300,Y=4563,mtg=180,shg=100,bgbv=1357,iso=300,cnv2,hdr0
[23:12:11.376] RX< [0m[34m[b_ae0 proc] perf=396(us), max=794(us)!
[23:12:11.376] RX< [0m[34m[awb0 proc] perf=1345(us), max=1663(us)!
[23:12:11.376] RX< [0m[7] [cam] [66187][me0][me_core_thread:359]ME out fid 270
[23:12:11.376] RX< [32m[BE] fid=270, perf=895
[23:12:11.792] RX< 3(us), max=8953(us)!
[23:12:11.792] RX< [0m[6] [App Dfs] f_index = 270, f_len = 180109, cur_total_len = 6690901
[23:12:11.792] RX< dfs_video_stop
[23:12:11.792] RX< msh /emmc>echo "__EVBTEST_E[6] [App Dfs]  Gravity_XR Record Stop Success: total frames = 283
[23:12:11.792] RX< [6] [cam] [66938][DfsSend][sensor_stream_off:1188]sens
[23:12:11.804] RX< or [1]: stream_off
[23:12:11.804] RX< [6] [cam] [66938][DfsSend][sensor_stream_off:1217]sensor [1]: REG: 0x100, W:0x0.
[23:12:11.804] RX< [6] [cam] [66939][DfsSend][sensor_stream_off:1219]sensor [1]: REG: 0x100, R:0x0.
[23:12:11.804] RX< [6] [cam] [66964][DfsSend][csc_prv_stop:983]ok! phys_id[1], phys_num[1], s
[23:12:11.804] RX< top_type = 0
[23:12:11.804] RX< [6] [cam] [66964][DfsSend][cam_stop:1058]preview stop ok! logic_id[0]
[23:12:11.804] RX< [34m[cam stop] perf=25875(us)!
[23:12:11.804] RX< [0m[6] [App Cam] cam stop success
[23:12:11.804] RX< Total of 284 frames encoded, 21095151 bytes, max_workbuffer_used: 3493888 bytes
[23:12:11.804] RX< [6] [App Cam] hevc_encod
[23:12:11.807] RX< er_deinit success
[23:12:11.807] RX< [7] [cam] [66966][DfsSend][cam_cpm_core_power_off:467]id,0 type,1 ret 0
[23:12:11.807] RX< [6] [cam] [66967][sif0][sif_irq_proc:174]thread release cid,0
[23:12:11.807] RX< [6] [cam] [66967][DfsSend][cam_sif_mgr_deinit:316]X
[23:12:11.807] RX< [6] [cam] [66967][DfsSend][cam_deinit:887]deinit o
[23:12:11.807] RX< k! logic_id[0]
[23:12:11.807] RX< [34m[cam deinit] perf=1280(us)!
[23:12:11.807] RX< [0m[6] [App Cam] cam deinit success
[23:12:11.807] RX< [6] [cam] [66968][DfsSend][sensor_close:1292]sensor [1]: close!
[23:12:11.807] RX< [6] [cam] [66969][DfsSend][cam_dewarp_deinit:438]dewarp deinit, id=0
[23:12:11.807] RX< [6] [cam] [66969][dwp0][dewarp_threa
[23:12:11.809] RX< d_entry:174]dewarp thread exit signal, id=0
[23:12:11.809] RX< [6] [cam] [66969][dwp0][dewarp_thread_entry:276]dewarp thread exit, id=0
[23:12:11.809] RX< [6] [cam] [66970][DfsSend][cam_bm_core_deinit:136]X
[23:12:11.809] RX< [6] [cam] [66970][be0][be_core_irq_proc:329]thread release cid,0
[23:12:11.809] RX< [6] [cam] [66970][Df
[23:12:11.809] RX< sSend][cam_be_core_deinit:793]X
[23:12:11.809] RX< [6] [cam] [66971][me0][me_core_thread:404]thread release cid,0
[23:12:11.809] RX< [6] [cam] [66971][DfsSend][cam_me_core_deinit:1551]X
[23:12:11.809] RX< [6] [cam] [66971][fe0][fe_core_irq_proc:121]thread release cid,0
[23:12:11.809] RX< [6] [cam] [66972][DfsSend][cam_fe_core_de
[23:12:11.812] RX< init:536]X
[23:12:11.812] RX< [6] [cam] [66972][b_3a_sts][bayer_stats_core_irq_proc:193]thread release cid,0
[23:12:11.812] RX< [6] [cam] [66972][DfsSend][cam_bayer_stats_core_deinit:512]X
[23:12:11.812] RX< [6] [cam] [66973][b_ae0][a5_core_wrapper_task:315]thread release cid,0,algo,0
[23:12:11.812] RX< [6] [cam] [66973][DfsSend
[23:12:11.812] RX< ][bayer_ae_wrapper_deinit:204]X
[23:12:11.812] RX< [6] [cam] [66974][atf0][a5_core_wrapper_task:315]thread release cid,0,algo,1
[23:12:11.812] RX< [6] [cam] [66974][DfsSend][atf_wrapper_deinit:153]X
[23:12:11.812] RX< [6] [cam] [66974][awb0][a5_core_wrapper_task:315]thread release cid,0,algo,2
[23:12:11.812] RX< [6] [cam] [66974
[23:12:11.815] RX< ][DfsSend][awb_wrapper_deinit:153]X
[23:12:11.815] RX< [6] [cam] [66975][DfsSend][cam_5a_core_deinit:555]X
[23:12:11.815] RX< [6] [cam] [66975][DfsSend][cam_5a_inf_deinit:149]X
[23:12:11.815] RX< [6] [cam] [66976][qpc0][qpc_core_msg_proc:705]thread release cid,0
[23:12:11.815] RX< [6] [cam] [66976][DfsSend][qpc_core_deinit:1413]
[23:12:11.815] RX< X
[23:12:11.815] RX< [6] [cam] [66976][DfsSend][cam_cpm_core_deinit:1248]X
[23:12:11.815] RX< [6] [cam] [66976][DfsSend][csc_close:656]ok! phys_id[1], phys_num[1]
[23:12:11.815] RX< [7] [cam] [66977][cer0][cer_recovery_proc:352]msg type = 254
[23:12:11.815] RX< [6] [cam] [66977][cer0][cer_recovery_proc:454]thread release cid,0
[23:12:11.842] RX< [6] [cam] [66978][DfsSend][cer_deinit:560]X
[23:12:11.842] RX< [6] [cam] [66978][DfsSend][cam_close:789]close ok! logic_id[0]
[23:12:11.842] RX< [34m[cam close] perf=10330(us)!
[23:12:11.842] RX< [0m[6] [App Cam] cam close success
[23:12:11.842] RX< [6] [cam] [66979][cpl0][cam_prelude_proc_routine:136]thread release
[23:12:11.842] RX< [6] [cam] 
[23:12:11.842] RX< [66979][DfsSend][cam_exit:571]exit ok!
[23:12:11.842] RX< [34m[cam exit] perf=652(us)!
[23:12:11.842] RX< [0m[6] [App Cam] cam exit success
[23:12:11.842] RX< [6] [App Dfs] Save Video Successful: /emmc/VIDEO/20260101_000056_6615/Video_6615_0.h265
[23:12:11.842] RX< [6] [App Dfs] Save Imu Successful: /emmc/VIDEO/20260101_000056
[23:12:11.957] TX> dfs_video_stop
[23:12:11.957] TX> echo "__EVBTEST_END_41b94d81__"
[23:12:13.843] RX< _6615/Imu_6615.bin
[23:12:13.843] RX< [6] [App Dfs] Video recording completed successfully.
[23:12:13.843] RX< ND_41b94d81__"
[23:12:13.843] RX< __EVBTEST_END_41b94d81__
[23:12:13.843] RX< msh /emmc>
[23:12:22.980] TX> rtmp_video_start rtmp://192.168.1.89/live/cam
[23:12:22.980] TX> echo "__EVBTEST_END_a74ddc50__"
[23:12:23.584] RX< rtmp_video_start rtmp://192.168.1.89/live/cam
[23:12:23.584] RX< [7] [cam] [78740][tshell][cgm_parse_bin:104]total logical camera num: 1
[23:12:23.584] RX< [6] [cam] [78740][tshell][cam_prelude_create:187]E id, 0
[23:12:23.584] RX< [7] [cam] [78741][cpl0][cam_prelude_proc_routine:101]thread start
[23:12:23.584] RX< [6] [cam] [787
[23:12:23.584] RX< 41][tshell][cam_prelude_create:214]X ctx size 132 addr 0x884de938
[23:12:23.584] RX< [6] [cam] [78745][tshell][sensor_probe:418]sensor [1]: identifing 0 success.
[23:12:23.584] RX< [6] [cam] [78746][tshell][sensor_probe:441]sensor [1]: probe exit!
[23:12:23.584] RX< [6] [cam] [78746][tshell][cam_prelude_fast_pr
[23:12:23.586] RX< obe:251]cam: 0 probe result: 0
[23:12:23.586] RX< [6] [cam] [78747][tshell][cgm_parse_bin:218]cam(0) probe success
[23:12:23.586] RX< [6] [cam] [78747][tshell][cam_entry:455]entry ok
[23:12:23.586] RX< [34m[cam entry] perf=7574(us)!
[23:12:23.586] RX< [0m[6] [App Cam] cam entry success
[23:12:23.586] RX< [7] [cam] [78748][tshell][cam_solve_layo
[23:12:23.587] RX< ut:350][mLayout] param OK, scen3 iw4032 ih2268 ow2304 oh1296 gdc 0x2
[23:12:23.587] RX< [36m[mLayout] scen03 in=4032x2268,out=1296x2304 meRot1 stripe0 gdcOn0
[23:12:23.587] RX< [0m[36m[mLayout] scen03 14entries solved status=OK retry=0 rtmp=enabled (cursor0=0x8a018210 cursor1=0x89300000, c
[23:12:23.590] RX< h0/1/2 cnt=5/1/1)
[23:12:23.590] RX< [0m[7] [cam] [78749][tshell][cam_solve_layout:377]
[23:12:23.590] RX< [mLayout] out vol 0x8c000000 rBuf 0x89300000 sz 0xd00000 wBuf 0x8a9e5400 sz 0x900000
[23:12:23.590] RX<           rtmp tBuf 0x8a098210 sz 0x80000 aBuf 0x8a018210 sz 0x80000
[23:12:23.590] RX< [7] [cam] [78751][tshell][cam_
[23:12:23.593] RX< solve_layout:397]Solve Scen3 layout Done!
[23:12:23.593] RX< [6] [cam] [78752][tshell][cgm_parse_media_para:274]phy cam num: 1
[23:12:23.593] RX< [7] [cam] [78752][cer0][cer_recovery_proc:343]thread start cid, 0
[23:12:23.593] RX< [6] [cam] [78752][tshell][csc_open:499]SENSOR MCLK cal: 24MHz
[23:12:23.593] RX< [6] [cam] [78753][
[23:12:23.593] RX< tshell][csc_isp_clk_cal:344]MIPI CLK cal: 277MHz
[23:12:23.593] RX< [6] [cam] [78753][tshell][csc_isp_clk_cal:374]LITE CLK cal: 25MHz
[23:12:23.593] RX< [7] [cam] [78753][tshell][cpc_csi_rx_power_on:633]E id: 2
[23:12:23.593] RX< [4] [cam] [78754][tshell][cpc_csi_rx_power_on:644]csi_2 has already power on, STA
[23:12:23.597] RX< TUS: 1
[23:12:23.597] RX< [6] [cam] [78754][tshell][cpc_update_clock:603]actual SNS mclk: 24MHz
[23:12:23.597] RX< [6] [cam] [78755][tshell][cpc_update_clock:608]actual MIPI0: 300MHz
[23:12:23.597] RX< [6] [cam] [78755][tshell][cpc_update_clock:598]actual LITE clk: 25MHz
[23:12:23.597] RX< [7] [cam] [78756][tshell][cam_prelude_o
[23:12:23.598] RX< pen:297][34msnsOpen camID1 csiID0 phyIdx0[0m
[23:12:23.598] RX< [6] [cam] [78759][tshell][sensor_expo_gain_match:48]sensor get sensor expo gain of imx681_vst
[23:12:23.598] RX< [6] [cam] [78759][tshell][sensor_open:684]sensor [1] open OK.
[23:12:23.598] RX< [6] [cam] [78759][tshell][cam_cpm_parse_media:295]vi
[23:12:23.602] RX< deo scenario:3, media para[fps:0, mirror_en:0, flip_en:0]
[23:12:23.602] RX< [6] [cam] [78759][tshell][cam_cpm_parse_media:298]video scenario, media para[iso:0, gain:0, wb_mode:0]
[23:12:23.602] RX< [6] [cam] [78760][tshell][csc_isp_clk_cal:355]FE CLK cal: 373MHz, ME CLK cal: 371MHz, FE/ME CL
[23:12:23.602] RX< K cal: 410MHz
[23:12:23.602] RX< [6] [cam] [78761][tshell][csc_isp_clk_cal:364]BE CLK cal: 301MHz
[23:12:23.602] RX< [4] [cam] [78761][tshell][cam_fe_core_power_on:269]fe pipe has already power on, STATUS: 1
[23:12:23.602] RX< [6] [cam] [78762][tshell][cpc_update_clock:588]actual FE/ME clk: 500MHz
[23:12:23.602] RX< [7] [cam] [7
[23:12:23.605] RX< 8762][tshell][cam_cpm_core_power_on:435]id,0 type,1 ret 0
[23:12:23.605] RX< [6] [cam] [78763][tshell][cam_cpm_core_init:1017]E id,0 sensor type,1
[23:12:23.605] RX< [6] [cam] [78766][tshell][cpm_core_check_tuningbin:957]Tuning bin crc check PASS! sum 0x17a5964, xor 0x87e82682
[23:12:23.605] RX< [6] [cam] [7876
[23:12:23.605] RX< 6][tshell][qpc_tuning_check_iqbin_validness:396]IQ bin addr: 0x88646660, project_name: video_3M
[23:12:23.605] RX< [6] [cam] [78767][tshell][qpc_tuning_check_iqbin_validness:397]total_size: 94400
[23:12:23.605] RX< [6] [cam] [78767][tshell][qpc_tuning_check_iqbin_validness:398]id_count: 93. I
[23:12:23.608] RX< D_TOTAL: 94
[23:12:23.608] RX< [6] [cam] [78768][tshell][qpc_tuning_check_iqbin_validness:399]spinel tuning data ver: V1.30
[23:12:23.608] RX< [6] [cam] [78768][tshell][cpm_core_check_tuningbin:971]IQ bin check success!
[23:12:23.608] RX< [6] [cam] [78769][tshell][cam_bm_core_init:94]E
[23:12:23.608] RX< [6] [cam] [78769][tshell
[23:12:23.608] RX< ][bm_lab_init:174]X ctx size 4 addr 0x884b96b8
[23:12:23.608] RX< [6] [cam] [78769][tshell][cam_bm_core_init:114]X ctx size 180 addr 0x884c1bd0
[23:12:23.608] RX< [6] [cam] [78769][tshell][qpc_core_init:1299]E id,0
[23:12:23.608] RX< [6] [cam] [78770][tshell][qpc_queue_init:65]QPC init qnodes 8, size 508, pool
[23:12:23.626] RX<  0x884c21e8
[23:12:23.626] RX< [7] [cam] [78770][tshell][_qpc_get_cap_cfg_para:896][fallback]preset capCfg 200 0 0 invalid, use default
[23:12:23.626] RX< [7] [cam] [78771][tshell][_qpc_cfg_hdr_frms:840][fallback]preset hdrCfg 0 0 0 0 0 invalid, use default
[23:12:23.626] RX< [6] [cam] [78787][tshell][qpc_core_
[23:12:23.626] RX< init:1347]X ctx size 1288 addr 0x884c1c98
[23:12:23.626] RX< [6] [cam] [78787][tshell][cpm_core_get_param:764]cpm para chk: tunBin-w 4032 h 2266 img-w 4032 h 2268
[23:12:23.626] RX< [6] [cam] [78788][tshell][cam_fe_core_init:436]E id,0
[23:12:23.626] RX< [6] [cam] [78788][tshell][cam_fe_core_init:490]X ctx size
[23:12:23.632] RX<  96 addr 0x884c3600
[23:12:23.632] RX< [7] [cam] [78789][tshell][qpc_core_fe_chords_init:1763][34mqpc fe init snsOut w 4032 h 2268, tbl w 28 h 20[0m
[23:12:23.632] RX< [6] [cam] [78789][tshell][cam_me_core_init:1523]X ctx size 1352 addr 0x884f1c08
[23:12:23.632] RX< [34m[ME SLICE CFG] perf=1317(us)!
[23:12:23.632] RX< [0m[6]
[23:12:23.632] RX<  [cam] [78793][tshell][cam_bayer_fe_3a_stats_core_init:445]fe 3a id,0
[23:12:23.632] RX< [6] [cam] [78793][tshell][cam_bayer_fe_3a_stats_core_init:490]X ctx size 132 addr 0x884fa5d8
[23:12:23.632] RX< [6] [cam] [78794][tshell][awb_wrapper_init:66]xxx awb_bin=0x884e1584, awb_bin_length=8068
[23:12:23.632] RX< [6
[23:12:23.640] RX< ] [cam] [78795][tshell][awb_wrapper_init:86]X algo_handle 0x88500238
[23:12:23.640] RX< [7] [cam] [78795][awb0][a5_core_wrapper_task:252]thread start cid,0 algo type,2
[23:12:23.640] RX< [6] [cam] [78795][tshell][a5_core_init_task:426]thread created: awb0 mq=0x885022c8 thread=0x885023e0 sem=0
[23:12:23.640] RX< x88502258 ret=0
[23:12:23.640] RX< [6] [cam] [78796][tshell][bayer_ae_wrapper_init:68]E id,0 proc mode 0 
[23:12:23.640] RX< 
[23:12:23.640] RX< [AEC Proc] @[allib_ae_set_debug_log_flag] Line:129:[DEBUG] debug level/to_file/to_terminal: 22/1/1
[23:12:23.640] RX< [AEC Proc] @[AeInit] Line:377:[INFO] AE ver: 2026_V2.269
[23:12:23.640] RX< 
[23:12:23.640] RX< [AEC Proc
[23:12:23.642] RX< ] @[allib_ae_loadfunc] Line:193:[INFO] camera ID: 0
[23:12:23.642] RX< [AEC Proc] @[alAE_set_param] Line:576:[DEBUG] sw_maxtime 33004 ,pertline 10800, after check sensor step sw_max_time 33000.00
[23:12:23.642] RX< [AEC Proc] @[alAE_set_param] Line:581:[DEBUG] sw_mintime 43 ,pertline 10800, a
[23:12:23.643] RX< fter check sensor step sw_min_time 40.00
[23:12:23.643] RX< [AEC Proc] @[alAE_set_param] Line:514:[DEBUG] DEBUG minbv exptime 11 gain 100, minExpBV 13810
[23:12:23.643] RX< [AEC Proc] @[AeTuningParseSet] Line:167:[DEBUG] aeparam version 2.268 60803
[23:12:23.643] RX< [AEC Proc] @[alAE_set_param] Line:341:[DEBUG
[23:12:23.645] RX< ] INITEXP gain 100, shutter 33242, midtonegain 100, bv 2247
[23:12:23.645] RX< [6] [cam] [78806][tshell][bayer_ae_wrapper_init:119]X tline 10800 max_exp 33004 alg_hdl 0x88504b90 
[23:12:23.645] RX< [7] [cam] [78806][b_ae0][a5_core_wrapper_task:252]thread start cid,0 algo type,0
[23:12:23.645] RX< [6] [cam] [78
[23:12:23.645] RX< 807][tshell][a5_core_init_task:426]thread created: b_ae0 mq=0x88505c40 thread=0x88505d58 sem=0x88505bd0 ret=0
[23:12:23.645] RX< [6] [cam] [78807][tshell][atf_wrapper_init:67]E id,0
[23:12:23.645] RX< [6] [cam] [78808][tshell][atf_wrapper_init:107]X alg_ctx addr 0x88507140
[23:12:23.645] RX< [7] [cam] [78808][a
[23:12:23.661] RX< tf0][a5_core_wrapper_task:252]thread start cid,0 algo type,1
[23:12:23.661] RX< [6] [cam] [78809][tshell][a5_core_init_task:426]thread created: atf0 mq=0x88507278 thread=0x88507390 sem=0x88507208 ret=0
[23:12:23.661] RX< [6] [cam] [78809][tshell][cam_cpm_core_init:1149]X ctx size 1096 addr 0x
[23:12:23.662] RX< 884c1778
[23:12:23.662] RX< [6] [cam] [78810][tshell][csc_open:599]ok! phys_id[1], phys_num[1] 
[23:12:23.662] RX< [6] [cam] [78810][tshell][cam_open:738]open ok! camera_id[0]
[23:12:23.662] RX< [34m[cam open] perf=62573(us)!
[23:12:23.662] RX< [0m[6] [App Cam] cam open success
[23:12:23.662] RX< [6] [cam] [78824][tshell][csc_init:722]sensor in
[23:12:23.664] RX< fo:size:4032x2268, formt: 0x2b, bps: 1968, tline: 10800
[23:12:23.664] RX< [6] [cam] [78824][tshell][cam_sif_mgr_init:261]E id,0
[23:12:23.664] RX< [7] [cam] [78825][sif0][sif_irq_proc:151]thread start cid,0
[23:12:23.664] RX< [6] [cam] [78825][tshell][cam_sif_mgr_init:293]X ctx size 52 addr 0x88541ba0
[23:12:23.664] RX< [6] [ca
[23:12:23.664] RX< m] [78826][tshell][cam_prelude_init_cfg:368]CSI ID is 0,  phy lanes is 2.
[23:12:23.664] RX< [7] [cam] [78826][tshell][check_phy_ready:96]MIPI_PHY[0] is ready
[23:12:23.664] RX< [6] [cam] [78827][tshell][sensor_init:348]sensor [1]: register ok
[23:12:23.664] RX< [6] [cam] [78827][tshell][sensor_set_mode:887]sen
[23:12:23.673] RX< sor [1]: SetMode -> mode = 0.
[23:12:23.673] RX< [6] [cam] [78828][tshell][sensor_send_reg_tab_to_sensor:705]sensor [1]: send_reg_tab_to_sensor E.
[23:12:23.673] RX< [6] [cam] [78831][tshell][sensor_send_reg_tab_to_sensor:751]sensor [1]: reg_count = 77.
[23:12:23.673] RX< [6] [cam] [78832][tshell][sensor_init:3
[23:12:23.674] RX< 61]sensor [1]: init success.
[23:12:23.674] RX< [6] [cam] [78832][tshell][sensor_set_mode:887]sensor [1]: SetMode -> mode = 3.
[23:12:23.674] RX< [6] [cam] [78832][tshell][sensor_send_reg_tab_to_sensor:705]sensor [1]: send_reg_tab_to_sensor E.
[23:12:23.674] RX< [6] [cam] [78836][tshell][sensor_send_reg_tab_to_
[23:12:23.676] RX< sensor:751]sensor [1]: reg_count = 83.
[23:12:23.676] RX< [6] [cam] [78836][tshell][csc_init:731]ok! phys_id[1], phys_num[1]
[23:12:23.676] RX< [6] [cam] [78837][tshell][csc_get_bayer_single_buffer:1148]scenario_type: 3
[23:12:23.676] RX< [6] [cam] [78837][tshell][csc_set_stats_fmt:98]index 0 w 1 h 1 bw 8 wcmp 
[23:12:23.676] RX< 255
[23:12:23.676] RX< [7] [cam] [78838][tshell][bm_ioctl:201]BMIOC_STATS_FMT
[23:12:23.676] RX< [6] [cam] [78838][tshell][csc_set_fe_fmt:47]index 1 w 4032 h 2268 bw 10 wcmp 0
[23:12:23.676] RX< [7] [cam] [78839][tshell][bm_ioctl:201]BMIOC_FE_FMT
[23:12:23.676] RX< [6] [cam] [78839][tshell][csc_set_me_fmt:64]index 5 w 2268 h 403
[23:12:23.679] RX< 2 bw 10 wcmp 0, rdma_addr 0x8a128c00, wdma_addr 0x8a128c00
[23:12:23.679] RX< [7] [cam] [78840][tshell][bm_ioctl:201]BMIOC_ME_FMT
[23:12:23.679] RX< [6] [cam] [78840][tshell][csc_set_video_fmt:1076]meta_addr: 0x8a118240
[23:12:23.679] RX< [6] [cam] [78840][tshell][csc_set_me_fmt:64]index 6 w 1296 h 2304 bw 8 w
[23:12:23.679] RX< cmp 255, rdma_addr 0x8b2e5400, wdma_addr 0x8c000000
[23:12:23.679] RX< [6] [cam] [78841][tshell][cam_me_core_buffer_cfg:1416]
[23:12:23.679] RX< ----ME PIPE INFO---
[23:12:23.679] RX<  wdma_buf_num:1, rotation_en: 1
[23:12:23.679] RX< [7] [cam] [78842][tshell][cam_me_core_buffer_cfg:1424]yuv wdma_addr 0:0x8c000000, meta_en: 1, 
[23:12:23.682] RX< 0x8a118240
[23:12:23.682] RX< [7] [cam] [78842][tshell][bm_ioctl:201]BMIOC_ME_FMT
[23:12:23.682] RX< [6] [cam] [78842][tshell][csc_set_lite_fmt:115]index 13 w 400 h 400 bw 10 wcmp 255
[23:12:23.682] RX< [7] [cam] [78843][tshell][bm_ioctl:201]BMIOC_LITE_FMT
[23:12:23.682] RX< [6] [cam] [78843][tshell][csc_set_lite_fmt:115]index 1
[23:12:23.684] RX< 4 w 400 h 400 bw 10 wcmp 255
[23:12:23.684] RX< [7] [cam] [78843][tshell][bm_ioctl:201]BMIOC_LITE_FMT
[23:12:23.684] RX< [6] [cam] [78844][tshell][csc_init:739]get otp ok! phys_id[1], phys_num[1]
[23:12:23.684] RX< [6] [cam] [78844][tshell][cam_init:828]init ok! logic_id[0]
[23:12:23.684] RX< [34m[cam init] perf=20804(us)!
[23:12:23.684] RX< [0m
[23:12:23.684] RX< [6] [App Cam] cam init success
[23:12:23.684] RX< [7] [cam] [78845][tshell][cam_cpm_core_stream_on:560]id 0 sensor type 1
[23:12:23.684] RX< [6] [cam] [78845][tshell][sensor_stream_on:1024]sensor [1]: stream_on
[23:12:23.684] RX< [6] [cam] [78846][tshell][sensor_stream_on:1052]sensor [1]: REG: 0x100, W:0x1.
[23:12:23.684] RX< [6
[23:12:23.716] RX< ] [cam] [78846][tshell][sensor_stream_on:1054]sensor [1]: REG: 0x100, R:0x1.
[23:12:23.716] RX< [6] [cam] [78847][tshell][csc_prv_start:873]ok! phys_id[1], phys_num[1], cam_ids[1]
[23:12:23.716] RX< [6] [cam] [78847][tshell][cam_start:938]preview start ok! logic_id[0]
[23:12:23.716] RX< [34m[cam start] perf=2
[23:12:23.716] RX< 522(us)!
[23:12:23.716] RX< [0m[6] [App Cam] cam start success
[23:12:23.716] RX< [RTMP] connecting rtmp://192.168.1.89/live/cam ...
[23:12:23.716] RX< [7] [cam] [78849][b_3a_sts][bayer_stats_core_irq_proc:164]thread start cid,0
[23:12:23.716] RX< [7] [cam] [78849][fe0][fe_core_irq_proc:98]thread start cid,0
[23:12:23.716] RX< [RTMP] connected to
[23:12:23.778] RX<  192.168.1.89:1935 (sock=6)
[23:12:23.778] RX< [RTMP] handshake (simple) ok
[23:12:23.778] RX< [RTMP] connect _result ok
[23:12:23.778] RX< [RTMP] createStream -> msid=1
[23:12:23.778] RX< [RTMP] publish ready on rtmp://192.168.1.89:1935/live
[23:12:23.778] RX< [RTMP] config sent (42 bytes)
[23:12:23.778] RX< [RTMP] f_index = 0, f_len = 39
[23:12:23.778] RX< [RTMP] Push Start -> rtmp:/
[23:12:23.829] RX< /192.168.1.89/live/cam
[23:12:23.829] RX< msh /emmc>echo "__EVBTEST_END_a74ddc50__"
[23:12:23.829] RX< __EVBTEST_END_a74ddc50__
[23:12:23.829] RX< msh /emmc>[34m[AE] fid=0,exp=7380,adg=100,Y=5610,mtg=100,shg=100,bgbv=4393,iso=100,cnv0,hdr0
[23:12:23.829] RX< [0m[34m[b_ae0 proc] perf=8181(us), max=8181(us)!
[23:12:23.829] RX< [0m[34m[awb0 proc]
[23:12:24.982] RX<  perf=3808(us), max=3808(us)!
[23:12:24.982] RX< [0m[6] [cam] [79141][me0][cpm_cb_fe2me_tikChk:152]frm_length 88561us, fe2me delta 0
[23:12:24.982] RX< [34m[ME INTP]fid=0, shutter=7380, perf=2185(us), max=2185(us)!
[23:12:24.982] RX< [0m[7] [cam] [79485][me0][me_core_thread:359]ME out fid 0
[23:12:24.982] RX< [34m[AE] fid=30,e
[23:12:26.334] RX< xp=10400,adg=300,Y=4572,mtg=180,shg=100,bgbv=1373,iso=300,cnv2,hdr0
[23:12:26.334] RX< [0m[7] [cam] [80485][me0][me_core_thread:359]ME out fid 30
[23:12:26.334] RX< [34m[AE] fid=60,exp=10400,adg=300,Y=4579,mtg=180,shg=100,bgbv=1377,iso=300,cnv2,hdr0
[23:12:26.334] RX< [0m[7] [cam] [81485][me0][me_core_thread:
[23:12:27.322] RX< 359]ME out fid 60
[23:12:27.322] RX< [34m[AE] fid=90,exp=10400,adg=300,Y=4577,mtg=180,shg=100,bgbv=1377,iso=300,cnv2,hdr0
[23:12:27.322] RX< [0m[34m[b_ae0 proc] perf=971(us), max=8181(us)!
[23:12:27.322] RX< [0m[34m[awb0 proc] perf=3706(us), max=3915(us)!
[23:12:27.322] RX< [0m[RTMP] f_index = 90, f_len = 14699
[23:12:27.322] RX< [7] [cam] [8
[23:12:28.322] RX< 2485][me0][me_core_thread:359]ME out fid 90
[23:12:28.322] RX< [34m[AE] fid=120,exp=10410,adg=300,Y=4561,mtg=180,shg=100,bgbv=1369,iso=300,cnv2,hdr0
[23:12:28.322] RX< [0m[34m[ME INTP]fid=120, shutter=10410, perf=6(us), max=3617(us)!
[23:12:28.322] RX< [0m[7] [cam] [83485][me0][me_core_thread:359]ME out fid 
[23:12:29.985] RX< 120
[23:12:29.985] RX< [34m[AE] fid=150,exp=10400,adg=300,Y=4584,mtg=180,shg=100,bgbv=1377,iso=300,cnv2,hdr0
[23:12:29.985] RX< [0m[7] [cam] [84485][me0][me_core_thread:359]ME out fid 150
[23:12:29.985] RX< [34m[AE] fid=180,exp=10400,adg=300,Y=4586,mtg=180,shg=100,bgbv=1377,iso=300,cnv2,hdr0
[23:12:29.985] RX< [0m[34m[b_ae0 p
[23:12:30.981] RX< roc] perf=985(us), max=3761(us)!
[23:12:30.981] RX< [0m[34m[awb0 proc] perf=3865(us), max=4324(us)!
[23:12:30.981] RX< [0m[RTMP] f_index = 180, f_len = 8213
[23:12:30.981] RX< [7] [cam] [85485][me0][me_core_thread:359]ME out fid 180
[23:12:30.981] RX< [34m[AE] fid=210,exp=10400,adg=300,Y=4595,mtg=180,shg=100,bgbv=1381,iso=300
[23:12:32.080] RX< ,cnv2,hdr0
[23:12:32.080] RX< [0m[7] [cam] [86485][me0][me_core_thread:359]ME out fid 210
[23:12:32.080] RX< [RTMP] slow send frame 212 len=12008 dt=59ms
[23:12:32.080] RX< [34m[AE] fid=240,exp=10400,adg=300,Y=4595,mtg=180,shg=100,bgbv=1381,iso=300,cnv2,hdr0
[23:12:32.080] RX< [0m[34m[ME INTP]fid=240, shutter=10400, perf=6(us)
[23:12:32.985] RX< , max=2077(us)!
[23:12:32.985] RX< [0m[7] [cam] [87484][me0][me_core_thread:359]ME out fid 240
[23:12:32.985] RX< [34m[AE] fid=270,exp=10390,adg=300,Y=4602,mtg=180,shg=100,bgbv=1385,iso=300,cnv2,hdr0
[23:12:32.985] RX< [0m[34m[b_ae0 proc] perf=984(us), max=3490(us)!
[23:12:32.985] RX< [0m[34m[awb0 proc] perf=3873(us), max=4
[23:12:34.413] RX< 901(us)!
[23:12:34.413] RX< [0m[RTMP] f_index = 270, f_len = 11752
[23:12:34.413] RX< [7] [cam] [88484][me0][me_core_thread:359]ME out fid 270
[23:12:34.413] RX< [34m[AE] fid=300,exp=10390,adg=300,Y=4608,mtg=180,shg=100,bgbv=1385,iso=300,cnv2,hdr0
[23:12:34.413] RX< [0m[7] [cam] [89484][me0][me_core_thread:359]ME out fid 300
[23:12:34.413] RX< [4
[23:12:35.987] RX< ] [cam] [89561][qpc0][qpc_core_exception_check:405]discontinuous frame, now: 313, last: 311
[23:12:35.987] RX< [34m[AE] fid=330,exp=11680,adg=300,Y=4341,mtg=180,shg=100,bgbv=1201,iso=300,cnv2,hdr0
[23:12:35.987] RX< [0m[7] [cam] [90484][me0][me_core_thread:359]ME out fid 330
[23:12:35.987] RX< [34m[AE] fid=36
[23:12:36.304] RX< 0,exp=10450,adg=300,Y=4589,mtg=180,shg=100,bgbv=1377,iso=300,cnv2,hdr0
[23:12:36.304] RX< [0m[34m[b_ae0 proc] perf=986(us), max=4268(us)!
[23:12:36.304] RX< [0m[34m[awb0 proc] perf=3869(us), max=4595(us)!
[23:12:36.304] RX< [0m[34m[ME INTP]fid=360, shutter=10450, perf=6(us), max=5448(us)!
[23:12:36.304] RX< [0m[RTMP] f_ind
[23:12:37.980] RX< ex = 360, f_len = 15195
[23:12:37.980] RX< [7] [cam] [91484][me0][me_core_thread:359]ME out fid 360
[23:12:37.980] RX< [34m[AE] fid=390,exp=10410,adg=300,Y=4614,mtg=180,shg=100,bgbv=1385,iso=300,cnv2,hdr0
[23:12:37.980] RX< [0m[7] [cam] [92484][me0][me_core_thread:359]ME out fid 390
[23:12:37.980] RX< [34m[AE] fid=420,exp=10540
[23:12:38.986] RX< ,adg=300,Y=4565,mtg=180,shg=100,bgbv=1357,iso=300,cnv2,hdr0
[23:12:38.986] RX< [0m[7] [cam] [93484][me0][me_core_thread:359]ME out fid 420
[23:12:38.986] RX< [34m[AE] fid=450,exp=10450,adg=300,Y=4590,mtg=180,shg=100,bgbv=1377,iso=300,cnv2,hdr0
[23:12:38.986] RX< [0m[34m[b_ae0 proc] perf=910(us), max=4072(us)
[23:12:40.079] RX< !
[23:12:40.079] RX< [0m[34m[awb0 proc] perf=3822(us), max=4513(us)!
[23:12:40.079] RX< [0m[RTMP] f_index = 450, f_len = 14594
[23:12:40.079] RX< [7] [cam] [94483][me0][me_core_thread:359]ME out fid 450
[23:12:40.079] RX< [34m[AE] fid=480,exp=10410,adg=300,Y=4710,mtg=180,shg=100,bgbv=1399,iso=300,cnv2,hdr0
[23:12:40.079] RX< [0m[34m[ME INTP]f
[23:12:41.333] RX< id=480, shutter=10410, perf=6(us), max=3179(us)!
[23:12:41.333] RX< [0m[7] [cam] [95483][me0][me_core_thread:359]ME out fid 480
[23:12:41.333] RX< [34m[AE] fid=510,exp=10220,adg=300,Y=4608,mtg=180,shg=100,bgbv=1406,iso=300,cnv2,hdr0
[23:12:41.333] RX< [0m[7] [cam] [96483][me0][me_core_thread:359]ME out fid 51
[23:12:41.985] RX< 0
[23:12:41.985] RX< [4] [cam] [96561][qpc0][qpc_core_exception_check:405]discontinuous frame, now: 523, last: 521
[23:12:41.985] RX< [34m[AE] fid=540,exp=10360,adg=300,Y=4622,mtg=180,shg=100,bgbv=1389,iso=300,cnv2,hdr0
[23:12:41.985] RX< [0m[34m[b_ae0 proc] perf=925(us), max=3881(us)!
[23:12:41.985] RX< [0m[34m[awb0 proc] p
[23:12:43.331] RX< erf=3805(us), max=4508(us)!
[23:12:43.331] RX< [0m[RTMP] f_index = 540, f_len = 11492
[23:12:43.331] RX< [7] [cam] [97483][me0][me_core_thread:359]ME out fid 540
[23:12:43.331] RX< [34m[AE] fid=570,exp=10300,adg=300,Y=4568,mtg=180,shg=100,bgbv=1386,iso=300,cnv2,hdr0
[23:12:43.331] RX< [0m[7] [cam] [98483][me0][me_core_thread:35
[23:12:44.412] RX< 9]ME out fid 570
[23:12:44.412] RX< [34m[AE] fid=600,exp=10300,adg=300,Y=4550,mtg=180,shg=100,bgbv=1382,iso=300,cnv2,hdr0
[23:12:44.412] RX< [0m[34m[ME INTP]fid=600, shutter=10300, perf=6(us), max=3198(us)!
[23:12:44.412] RX< [0m[7] [cam] [99483][me0][me_core_thread:359]ME out fid 600
[23:12:44.412] RX< [4] [cam] [99560][qpc0]
[23:12:44.984] RX< [qpc_core_exception_check:405]discontinuous frame, now: 613, last: 611
[23:12:44.984] RX< [34m[AE] fid=630,exp=10290,adg=300,Y=4582,mtg=180,shg=100,bgbv=1390,iso=300,cnv2,hdr0
[23:12:44.984] RX< [0m[34m[b_ae0 proc] perf=958(us), max=2718(us)!
[23:12:44.984] RX< [0m[34m[awb0 proc] perf=3706(us), max=4550(us
[23:12:46.979] RX< )!
[23:12:46.979] RX< [0m[RTMP] f_index = 630, f_len = 17538
[23:12:46.979] RX< [7] [cam] [100483][me0][me_core_thread:359]ME out fid 630
[23:12:46.979] RX< [34m[AE] fid=660,exp=11820,adg=300,Y=4619,mtg=180,shg=100,bgbv=1242,iso=300,cnv2,hdr0
[23:12:46.979] RX< [0m[7] [cam] [101482][me0][me_core_thread:359]ME out fid 660
[23:12:46.979] RX< [34m[
[23:12:47.982] RX< AE] fid=690,exp=10370,adg=300,Y=4586,mtg=180,shg=100,bgbv=1381,iso=300,cnv2,hdr0
[23:12:47.982] RX< [0m[7] [cam] [102482][me0][me_core_thread:359]ME out fid 690
[23:12:47.982] RX< [34m[AE] fid=720,exp=10360,adg=300,Y=4600,mtg=180,shg=100,bgbv=1389,iso=300,cnv2,hdr0
[23:12:47.982] RX< [0m[34m[b_ae0 proc] perf
[23:12:48.412] RX< =1026(us), max=3417(us)!
[23:12:48.412] RX< [0m[34m[awb0 proc] perf=3839(us), max=4166(us)!
[23:12:48.412] RX< [0m[34m[ME INTP]fid=720, shutter=10360, perf=7(us), max=5732(us)!
[23:12:48.412] RX< [0m[RTMP] f_index = 720, f_len = 13226
[23:12:48.412] RX< [7] [cam] [103482][me0][me_core_thread:359]ME out fid 720
[23:12:48.412] RX< [4] [cam] [103
[23:12:49.978] RX< 560][qpc0][qpc_core_exception_check:405]discontinuous frame, now: 733, last: 731
[23:12:49.978] RX< [34m[AE] fid=750,exp=10380,adg=300,Y=4562,mtg=180,shg=100,bgbv=1373,iso=300,cnv2,hdr0
[23:12:49.978] RX< [0m[7] [cam] [104482][me0][me_core_thread:359]ME out fid 750
[23:12:49.978] RX< [34m[AE] fid=780,exp=1040
[23:12:50.982] RX< 0,adg=300,Y=4580,mtg=180,shg=100,bgbv=1377,iso=300,cnv2,hdr0
[23:12:50.982] RX< [0m[7] [cam] [105482][me0][me_core_thread:359]ME out fid 780
[23:12:50.982] RX< [34m[AE] fid=810,exp=10400,adg=300,Y=4579,mtg=180,shg=100,bgbv=1377,iso=300,cnv2,hdr0
[23:12:50.982] RX< [0m[34m[b_ae0 proc] perf=972(us), max=4037(u
[23:12:52.078] RX< s)!
[23:12:52.078] RX< [0m[34m[awb0 proc] perf=3803(us), max=3906(us)!
[23:12:52.078] RX< [0m[RTMP] f_index = 810, f_len = 13894
[23:12:52.078] RX< [7] [cam] [106482][me0][me_core_thread:359]ME out fid 810
[23:12:52.078] RX< [34m[AE] fid=840,exp=10410,adg=300,Y=4557,mtg=180,shg=100,bgbv=1369,iso=300,cnv2,hdr0
[23:12:52.078] RX< [0m[34m[ME INT
[23:12:52.411] RX< P]fid=840, shutter=10410, perf=6(us), max=301(us)!
[23:12:52.411] RX< [0m[7] [cam] [107482][me0][me_core_thread:359]ME out fid 840
[23:12:52.411] RX< [34m[awb0 proc] perf=6542(us), max=6542(us)!
[23:12:52.411] RX< [0m[4] [cam] [107559][qpc0][qpc_core_exception_check:405]discontinuous frame, now: 853, last: 85
[23:12:53.982] RX< 1
[23:12:53.982] RX< [34m[AE] fid=870,exp=10410,adg=300,Y=4551,mtg=180,shg=100,bgbv=1369,iso=300,cnv2,hdr0
[23:12:53.982] RX< [0m[7] [cam] [108482][me0][me_core_thread:359]ME out fid 870
[23:12:53.982] RX< [34m[AE] fid=900,exp=10430,adg=300,Y=4583,mtg=180,shg=100,bgbv=1373,iso=300,cnv2,hdr0
[23:12:53.982] RX< [0m[34m[b_ae0 pr
