[06:37:22.329] TX> 
[06:37:23.330] TX> 
[06:37:24.330] RX< 
[06:37:24.330] RX< msh />
[06:37:24.330] RX< msh />
[06:37:24.331] TX> 
[06:37:24.632] TX> echo "A"; echo "B"
[06:37:25.834] TX> 
[06:37:26.135] TX> echo "A"
[06:37:26.135] TX> echo "B"
[06:37:26.330] RX< 
[06:37:26.330] RX< msh />echo "A"; echo "B"
[06:37:26.330] RX< Usage: echo "string" [filename]
[06:37:26.330] RX< msh />
[06:37:26.330] RX< msh />echo "A"
[06:37:26.330] RX< A
[06:37:26.330] RX< msh />echo "B"
[06:37:26.330] RX< B
[06:37:26.330] RX< msh />
[06:37:27.337] TX> 
[06:37:27.638] TX> wifi status; echo "DONE"
[06:37:28.331] RX< 
[06:37:28.331] RX< msh />wifi status; echo "DONE"
[06:37:28.331] RX< wifi
[06:37:28.331] RX< wifi help
[06:37:28.331] RX< wifi scan [SSID]
[06:37:28.331] RX< wifi join [SSID] [PASSWORD]
[06:37:28.331] RX< wifi ap SSID [PASSWORD]
[06:37:28.331] RX< wifi disc
[06:37:28.331] RX< wifi ap_stop
[06:37:28.331] RX< wifi status
[06:37:28.331] RX< wifi smartconfig
[06:37:28.331] RX< msh />
