[07:07:24.070] TX> 
[07:07:25.070] TX> 
[07:07:26.070] RX< 
[07:07:26.070] RX< msh />
[07:07:26.070] RX< msh />
[07:07:26.077] TX> ls /emmc/PIC/20260811_080225_0174
[07:07:26.077] TX> echo "__EVBTEST_END_fe7d2083__"
[07:07:26.099] RX< ls /emmc/PIC/20260811_080225_0174
[07:07:26.099] RX< Directory /emmc/PIC/20260811_080225_0174:
[07:07:26.099] RX< [32mImage_20260811_08022[0m693248                   
[07:07:26.099] RX< [32mImage_20260811_08022[0m689664                   
[07:07:26.099] RX< [32mImage_20260811_08022[0m688640                   
[07:07:26.099] RX< [32mImage_2
[07:07:28.101] RX< 0260811_08022[0m687616                   
[07:07:28.101] RX< msh />echo "__EVBTEST_END_fe7d2083__"
[07:07:28.101] RX< __EVBTEST_END_fe7d2083__
[07:07:28.101] RX< msh />
[07:07:28.109] TX> ls /emmc/VIDEO/20260811_082134_9385
[07:07:28.109] TX> echo "__EVBTEST_END_7d388dbd__"
[07:07:28.127] RX< ls /emmc/VIDEO/20260811_082134_9385
[07:07:28.127] RX< Directory /emmc/VIDEO/20260811_082134_9385:
[07:07:28.127] RX< [32mImu_9385.bin        [0m362880                   
[07:07:28.127] RX< [32mVideo_9385_0.h265   [0m61353883                 
[07:07:28.127] RX< msh />echo "__EVBTEST_END_7d388dbd__"
[07:07:28.127] RX< __EVBTEST_END_7d388dbd__
[07:07:28.127] RX< m
