[22:13:47.463] [INFO] VX100 EVB 自动化测试启动，运行时间戳: 20260812_221347
[22:13:47.463] [INFO] 启用模块: ['wifi_scan', 'wifi_join', 'emmc', 'ftp', 'photo', 'video']
[22:13:47.464] [INFO] 开始自动探测 EVB 串口，候选端口 ['/dev/ttyUSB0', '/dev/ttyUSB1', '/dev/ttyUSB2']，候选波特率 [2000000, 250000, 115200, 921600]
[22:13:47.464] [DEBUG] 探测 /dev/ttyUSB0 @ 2000000 ...
[22:13:49.772] [INFO]   命中 EVB 指纹: /dev/ttyUSB0 @ 2000000
[22:13:49.773] [DEBUG] 探测 /dev/ttyUSB1 @ 2000000 ...
[22:13:52.076] [DEBUG] 探测 /dev/ttyUSB1 @ 250000 ...
[22:13:54.380] [DEBUG] 探测 /dev/ttyUSB1 @ 115200 ...
[22:13:56.684] [DEBUG] 探测 /dev/ttyUSB1 @ 921600 ...
[22:13:58.987] [DEBUG] 探测 /dev/ttyUSB2 @ 2000000 ...
[22:14:01.289] [DEBUG] 探测 /dev/ttyUSB2 @ 250000 ...
[22:14:03.593] [DEBUG] 探测 /dev/ttyUSB2 @ 115200 ...
[22:14:05.897] [DEBUG] 探测 /dev/ttyUSB2 @ 921600 ...
[22:14:08.201] [INFO] 探测到 EVB: /dev/ttyUSB0 @ 2000000
[22:14:08.202] [INFO] 串口已打开: /dev/ttyUSB0 @ 2000000 bps
[22:14:12.205] [INFO] EVB 已就绪
[22:14:14.207] [DEBUG] 串口自检通过
[22:14:14.207] [INFO] 预清理板子状态...
[22:14:20.234] [INFO] 本次执行模块顺序: ['wifi_scan', 'wifi_join', 'emmc', 'ftp', 'photo', 'video']
[22:14:20.234] >>> 执行模块: wifi_scan
[22:14:24.027] [PASS] wifi_scan (3793ms) - 扫描到 10 个 AP
[22:14:24.027] >>> 执行模块: wifi_join
[22:14:32.032] [PASS] wifi_join (8004ms) - 已连接 G-Demo，IP=10.1.90.71
[22:14:32.032] >>> 执行模块: emmc
[22:14:34.034] [PASS] emmc (2002ms) - 已进入 /emmc（自动挂载）
[22:14:34.035] >>> 执行模块: ftp
[22:14:36.318] [DEBUG] FTP 已连接 10.1.90.71:21 (尝试 1)
[22:14:36.906] [PASS] ftp (2870ms) - FTP 已连接 10.1.90.71，/emmc 列出 3 项
[22:14:36.906] >>> 执行模块: photo
[22:14:37.326]   拍照测试: 模式 auto
[22:14:40.192] [DEBUG] 强制重连 FTP
[22:14:43.839] [DEBUG] FTP 已连接 10.1.90.71:21 (尝试 1)
[22:14:43.839] [INFO] FTP 已恢复
[22:14:49.998] [PASS] photo[auto] (12671ms) - JPEG OK 763KB | 拍照成功，保存到 /emmc/PIC/20260813_011438_0459
[22:14:49.998] >>> 执行模块: video
[22:14:50.625]   录像测试: 1080p / 5s
[22:14:59.197] [DEBUG] 强制重连 FTP
[22:15:01.973] [DEBUG] FTP 已连接 10.1.90.71:21 (尝试 1)
[22:15:01.973] [INFO] FTP 已恢复
[22:15:02.404] [PASS] video (11779ms) - 录像成功，文件 /emmc/VIDEO/20260813_011452_4342/Video_4342_0.h265，10154KB
[22:15:02.438] ==================================================
[22:15:02.439] 测试完成：共 6 项 | 通过 6 | 失败 0 | 跳过 0 | 错误 0 | 通过率 100.0% | 总耗时 41.1s
[22:15:02.439] ==================================================
[22:15:02.439] [INFO]   json 报告: reports/20260812_221347/result.json
[22:15:02.439] [INFO]   junit 报告: reports/20260812_221347/junit.xml
[22:15:02.439] [INFO]   html 报告: reports/20260812_221347/report.html
[22:15:04.201] [DEBUG] 串口已关闭
