[22:14:08.202] TX> 
[22:14:09.203] TX> 
[22:14:10.203] RX< 
[22:14:10.203] RX< msh />
[22:14:10.203] RX< msh />
[22:14:10.203] TX> 
[22:14:11.204] TX> 
[22:14:12.204] TX> 
[22:14:12.204] RX< 
[22:14:12.204] RX< msh />
[22:14:12.204] RX< msh />
[22:14:12.217] TX> echo "EVBTEST_HELLO"
[22:14:12.217] TX> echo "__EVBTEST_END_8da49413__"
[22:14:14.207] RX< 
[22:14:14.207] RX< msh />echo "EVBTEST_HELLO"
[22:14:14.207] RX< EVBTEST_HELLO
[22:14:14.207] RX< msh />echo "__EVBTEST_END_8da49413__"
[22:14:14.207] RX< __EVBTEST_END_8da49413__
[22:14:14.207] RX< msh />
[22:14:14.213] TX> dfs_video_stop
[22:14:14.213] TX> echo "__EVBTEST_END_99e281a7__"
[22:14:16.209] RX< dfs_video_stop
[22:14:16.209] RX< [6] [App Dfs] Please start recording the video first.
[22:14:16.209] RX< msh />echo "__EVBTEST_END_99e281a7__"
[22:14:16.209] RX< __EVBTEST_END_99e281a7__
[22:14:16.209] RX< msh />
[22:14:16.217] TX> wifi disc
[22:14:16.217] TX> echo "__EVBTEST_END_149a8dfb__"
[22:14:18.211] RX< wifi disc
[22:14:18.211] RX< [32m[I/WLAN.mgnt] disconnect success![0m
[22:14:18.211] RX< msh />echo "__EVBTEST_END_149a8dfb__"
[22:14:18.211] RX< __EVBTEST_END_149a8dfb__
[22:14:18.211] RX< msh />
[22:14:18.217] TX> ftp_server
[22:14:18.217] TX> echo "__EVBTEST_END_d3570867__"
[22:14:20.213] RX< ftp_server
[22:14:20.213] RX< 
[22:14:20.213] RX< [FTP] Ftp server init success!!!
[22:14:20.213] RX< msh />echo "__EVBTEST_END_d3570867__"
[22:14:20.213] RX< __EVBTEST_END_d3570867__
[22:14:20.213] RX< msh />
[22:14:20.241] TX> wifi scan
[22:14:20.241] TX> echo "__EVBTEST_END_692a29ea__"
[22:14:20.313] RX< wifi scan
[22:14:20.313] RX<              SSID                      MAC            security    rssi chn Mbps
[22:14:20.313] RX< ------------------------------- -----------------  -------------- ---- --- ----
[22:14:20.313] RX< ftp_hw_2_4g                     e2:19:01:17:87:d1  WPA2_AES_PSK   -35    1  144
[22:14:20.313] RX< grav
[22:14:20.518] RX< ityXR                       f4:e4:51:83:d5:80  WPA2_AES_PSK   -55    1  144
[22:14:20.518] RX<  Gwireless                      f4:e4:51:83:d5:81  WPA2_AES_PSK   -55    1  144
[22:14:20.518] RX< G-Demo                          f4:e4:51:83:d5:82  WPA2_AES_PSK   -55    1  144
[22:14:20.518] RX< realme GT Neo5 SE
[22:14:20.948] RX<                0a:8e:e5:bd:97:67  WPA2_AES_PSK   -47    6  144
[22:14:20.948] RX< ftp_test_2_4G                   62:ed:11:f2:02:a7  WPA2_AES_PSK   -32    9  144
[22:14:20.948] RX< MTK_CHEETAH_AP_2.4G             e0:ef:02:71:f5:71  OPEN           -45   13  300
[22:14:20.948] RX< TP-LINK_5G_756B               
[22:14:22.026] RX<   c2:45:86:39:8c:5f  WPA2_AES_PSK   -52    1  300
[22:14:22.026] RX< HUAWEI-AX2                      02:25:74:39:4e:47  WPA2_AES_PSK   -50    1  300
[22:14:22.026] RX< alk                             2c:97:b1:17:46:40  WPA2_AES_PSK   -62    6   72
[22:14:22.026] RX< YundSoft                        48:5f:08:fd
[22:14:24.027] RX< :af:2d  WPA2_AES_PSK   -63   11  300
[22:14:24.027] RX< msh />echo "__EVBTEST_END_692a29ea__"
[22:14:24.027] RX< __EVBTEST_END_692a29ea__
[22:14:24.027] RX< msh />[32m[I/ftp] service launched success.[0m
[22:14:24.033] TX> wifi join G-Demo Gdemo@123
[22:14:24.033] TX> echo "__EVBTEST_END_2c10bfb2__"
[22:14:26.029] RX< wifi join G-Demo Gdemo@123
[22:14:30.032] RX< [32m[I/WLAN.mgnt] wifi connect success ssid:G-Demo[0m
[22:14:30.032] RX< msh />echo "__EVBTEST_END_2c10bfb2__"
[22:14:30.032] RX< __EVBTEST_END_2c10bfb2__
[22:14:30.032] RX< msh />
[22:14:32.032] RX< [32m[I/WLAN.lwip] Got IP address : 10.1.90.71[0m
[22:14:32.034] TX> cd emmc
[22:14:32.034] TX> echo "__EVBTEST_END_b2f30e51__"
[22:14:34.034] RX< cd emmc
[22:14:34.034] RX< msh /emmc>echo "__EVBTEST_END_b2f30e51__"
[22:14:34.034] RX< __EVBTEST_END_b2f30e51__
[22:14:34.034] RX< msh /emmc>[6] [SNTP] rtc synced: 2026-08-13 01:14:32 (tick=619458304)
[22:14:34.041] TX> ftp_server
[22:14:34.041] TX> echo "__EVBTEST_END_673eb812__"
[22:14:36.036] RX< ftp_server
[22:14:36.036] RX< 
[22:14:36.036] RX< [FTP] Ftp server init success!!!
[22:14:36.036] RX< msh /emmc>echo "__EVBTEST_END_673eb812__"
[22:14:36.036] RX< __EVBTEST_END_673eb812__
[22:14:36.036] RX< msh /emmc>
[22:14:37.333] TX> cam_set photo auto
[22:14:37.333] TX> echo "__EVBTEST_END_e1e240f7__"
[22:14:38.037] RX< cam_set photo auto
[22:14:38.037] RX< [6] [App Dfs] auto mode
[22:14:38.037] RX< msh /emmc>echo "__EVBTEST_END_e1e240f7__"
[22:14:38.037] RX< __EVBTEST_END_e1e240f7__
[22:14:38.037] RX< msh /emmc>
[22:14:39.045] TX> dfs_capture_start
[22:14:39.045] TX> echo "__EVBTEST_END_898c810a__"
[22:14:39.054] RX< [33m[W/ftp] service go wrong, now wait restarting...[0m
[22:14:39.054] RX< dfs_capture_start
[22:14:39.054] RX< [7] [cam] [140342][tshell][cgm_parse_bin:105]total logical camera num: 1
[22:14:39.054] RX< [6] [cam] [140342][tshell][cam_prelude_create:187]E id, 0
[22:14:39.054] RX< [7] [cam] [140343][cpl0][cam_prelude_proc_routin
[22:14:39.056] RX< e:101]thread start
[22:14:39.056] RX< [6] [cam] [140343][tshell][cam_prelude_create:214]X ctx size 124 addr 0x88482d18
[22:14:39.056] RX< [6] [cam] [140349][tshell][sensor_probe:418]sensor [1]: identifing 0 success.
[22:14:39.056] RX< [6] [cam] [140350][tshell][sensor_probe:441]sensor [1]: probe exit!
[22:14:39.056] RX< [6] [cam]
[22:14:39.057] RX<  [140350][tshell][cam_prelude_fast_probe:251]cam: 0 probe result: 0
[22:14:39.057] RX< [6] [cam] [140351][tshell][cgm_parse_bin:215]cam(0) probe success
[22:14:39.057] RX< [6] [cam] [140351][tshell][cam_entry:435]entry ok
[22:14:39.057] RX< [34m[cam entry] perf=9448(us)!
[22:14:39.057] RX< [0m[6] [App Cam] cam entry success
[22:14:39.057] RX< 
[22:14:39.059] RX< [36mmem_laySolv: scenario=01 in=4032x3024, me_rotate=1 me_stripe=1 
[22:14:39.059] RX< [0m[36mmem_laySolv: me_rot 1, me_stripe 1, eis 0, be_rot 0
[22:14:39.059] RX< [0mscen1 type26 bufAdr 0x89d40b70 sz 0x1400000 reCfg for bound!
[22:14:39.059] RX< [36mmem_laySolv: scen01 20 entries solved OK!
[22:14:39.059] RX< [0m[7] [cam]
[22:14:39.059] RX<  [140353][tshell][cam_solve_whole_layout:355]
[22:14:39.059] RX< scen1: vol 0x8c000000 rbuf 0x8a000000 sz 0x1400000 wbuf 0x8b400000 sz 0x200000
[22:14:39.059] RX< [36mmem_laySolv: scenario=02 in=2016x1512, me_rotate=0 me_stripe=0 
[22:14:39.059] RX< [0m[36mmem_laySolv: me_rot 0, me_stripe 0, eis 0, be_rot 0
[22:14:39.062] RX< [0mscen2 type15 bufAdr 0x89ce3ef0 sz 0xd00000 reCfg for bound!
[22:14:39.062] RX< [36mmem_laySolv: scen02 14 entries solved OK!
[22:14:39.062] RX< [0m[36mmem_laySolv: scenario=03 in=4032x2268, me_rotate=1 me_stripe=0 
[22:14:39.062] RX< [0m[36mmem_laySolv: me_rot 1, me_stripe 0, eis 0, be_rot 0
[22:14:39.062] RX< [0m[36m
[22:14:39.062] RX< mem_laySolv: scen03 14 entries solved OK!
[22:14:39.062] RX< [0m[36mmem_laySolv: scenario=04 in=4032x3024, me_rotate=1 me_stripe=1 
[22:14:39.062] RX< [0m[36mmem_laySolv: me_rot 1, me_stripe 1, eis 0, be_rot 0
[22:14:39.062] RX< [0m[36mmem_laySolv: scen04 14 entries solved OK!
[22:14:39.062] RX< [0m[36mmem_laySolv: scena
[22:14:39.065] RX< rio=05 in=1008x0756, me_rotate=0 me_stripe=0 
[22:14:39.065] RX< [0m[36mmem_laySolv: me_rot 0, me_stripe 0, eis 0, be_rot 0
[22:14:39.065] RX< [0m[36mmem_laySolv: scen05 17 entries solved OK!
[22:14:39.065] RX< [0m[36mmem_laySolv: scenario=06 in=1008x0720, me_rotate=0 me_stripe=0 
[22:14:39.065] RX< [0m[36mmem_laySolv: m
[22:14:39.065] RX< e_rot 0, me_stripe 0, eis 0, be_rot 0
[22:14:39.065] RX< [0m[36mmem_laySolv: scen06 12 entries solved OK!
[22:14:39.065] RX< [0m[36mmem_laySolv: scenario=01 in=4032x3024, me_rotate=1 me_stripe=1 
[22:14:39.065] RX< [0mscen1 type26 bufAdr 0x89d40b70 sz 0x1400000 reCfg for bound!
[22:14:39.065] RX< [36mmem_laySolv: scen01 20
[22:14:39.068] RX<  entries solved OK!
[22:14:39.068] RX< [0m[7] [cam] [140361][tshell][cam_solve_whole_layout:383]Solve Whole-layout Done!
[22:14:39.068] RX< [6] [cam] [140361][tshell][cgm_parse_media_para:271]phy cam num: 1
[22:14:39.068] RX< [7] [cam] [140362][cer0][cer_recovery_proc:343]thread start cid, 0
[22:14:39.068] RX< [6] [cam] [140362
[22:14:39.068] RX< ][tshell][csc_open:443]SENSOR MCLK cal: 24MHz
[22:14:39.068] RX< [6] [cam] [140362][tshell][csc_isp_clk_cal:344]MIPI CLK cal: 346MHz
[22:14:39.068] RX< [6] [cam] [140363][tshell][csc_isp_clk_cal:371]LITE CLK cal: 28MHz
[22:14:39.068] RX< [7] [cam] [140363][tshell][cpc_csi_rx_power_on:633]E id: 2
[22:14:39.068] RX< [4] [cam] [140
[22:14:39.074] RX< 363][tshell][cpc_csi_rx_power_on:644]csi_2 has already power on, STATUS: 1
[22:14:39.074] RX< [6] [cam] [140364][tshell][cpc_update_clock:603]actual SNS mclk: 24MHz
[22:14:39.074] RX< [6] [cam] [140364][tshell][cpc_update_clock:608]actual MIPI0: 500MHz
[22:14:39.074] RX< [6] [cam] [140365][tshell][cpc_update_c
[22:14:39.074] RX< lock:598]actual LITE clk: 50MHz
[22:14:39.074] RX< [7] [cam] [140365][tshell][cam_prelude_open:297][34msnsOpen camID1 csiID0 phyIdx0[0m
[22:14:39.074] RX< [6] [cam] [140370][tshell][sensor_expo_gain_match:48]sensor get sensor expo gain of imx681_vst
[22:14:39.074] RX< [6] [cam] [140370][tshell][sensor_open:68
[22:14:39.077] RX< 4]sensor [1] open OK.
[22:14:39.077] RX< [6] [cam] [140370][tshell][cam_cpm_parse_media:280]photo scenario, media para[mfnr:0, hdr:0, capture_num:0]
[22:14:39.077] RX< [6] [cam] [140370][tshell][cam_cpm_parse_media:283]photo scenario, media para[iso:0, gain:0, wb_mode:0]
[22:14:39.077] RX< [6] [cam] [140371][t
[22:14:39.077] RX< shell][csc_isp_clk_cal:353]FE CLK cal: 426MHz, ME CLK cal: 462MHz, FE/ME CLK cal: 508MHz
[22:14:39.077] RX< [6] [cam] [140372][tshell][csc_isp_clk_cal:360]BE CLK cal: 401MHz
[22:14:39.077] RX< [4] [cam] [140372][tshell][cam_fe_core_power_on:269]fe pipe has already power on, STATUS: 1
[22:14:39.077] RX< [6] [cam
[22:14:39.080] RX< ] [140373][tshell][cpc_update_clock:588]actual FE/ME clk: 550MHz
[22:14:39.080] RX< [4] [cam] [140373][tshell][cam_be_core_power_on:964]be pipe has already power on, STATUS: 1
[22:14:39.080] RX< [6] [cam] [140374][tshell][cpc_update_clock:593]actual BE clk: 500MHz
[22:14:39.080] RX< [7] [cam] [140374][tshell][
[22:14:39.080] RX< cam_cpm_core_power_on:425]id,0 type,1 ret 0
[22:14:39.080] RX< [6] [cam] [140374][tshell][cam_cpm_core_init:914]E id,0 sensor type,1
[22:14:39.080] RX< [6] [cam] [140376][tshell][cpm_core_check_tuningbin:854]Tuning bin crc check PASS! sum 0xc9b121ad, xor 0x29d57d51
[22:14:39.080] RX< [6] [cam] [140376][tshell][
[22:14:39.083] RX< qpc_tuning_check_iqbin_validness:396]IQ bin addr: 0x8869de60, project_name: capture_12M
[22:14:39.083] RX< [6] [cam] [140377][tshell][qpc_tuning_check_iqbin_validness:397]total_size: 107856
[22:14:39.083] RX< [6] [cam] [140377][tshell][qpc_tuning_check_iqbin_validness:398]id_count: 93. ID_TOT
[22:14:39.083] RX< AL: 94
[22:14:39.083] RX< [6] [cam] [140378][tshell][qpc_tuning_check_iqbin_validness:399]spinel tuning data ver: V1.30
[22:14:39.083] RX< [6] [cam] [140378][tshell][cpm_core_check_tuningbin:868]IQ bin check success!
[22:14:39.083] RX< [6] [cam] [140379][tshell][cam_bm_core_init:94]E
[22:14:39.083] RX< [6] [cam] [140379][tshell]
[22:14:39.090] RX< [bm_lab_init:174]X ctx size 4 addr 0x88455450
[22:14:39.090] RX< [6] [cam] [140380][tshell][cam_bm_core_init:114]X ctx size 180 addr 0x88485878
[22:14:39.090] RX< [6] [cam] [140380][tshell][qpc_core_init:1218]E id,0
[22:14:39.090] RX< [6] [cam] [140380][tshell][qpc_queue_init:65]QPC init qnodes 8, size 508, po
[22:14:39.090] RX< ol 0x88486828
[22:14:39.090] RX< [6] [cam] [140381][tshell][_qpc_get_cap_cfg_para:892]preset capCfg 200 3 4
[22:14:39.090] RX< [7] [cam] [140381][tshell][_qpc_cfg_hdr_frms:840]hdr preset - gainThres 1600
[22:14:39.090] RX< FrmNB:	TNR	|EV-	|EV0	|EV+
[22:14:39.090] RX< LDR:	 3	| 5	| -	| 3
[22:14:39.090] RX< LLLDR:	 3	| 5	| -	| 3
[22:14:39.090] RX< HDR:	 3	| 5	| 3	| 1
[22:14:39.090] RX< L
[22:14:39.094] RX< LHDR:	 3	| 5	| 3	| 1
[22:14:39.094] RX< 
[22:14:39.094] RX< [6] [cam] [140387][tshell][qpc_core_init:1264]X ctx size 3800 addr 0x88485940
[22:14:39.094] RX< [6] [cam] [140387][tshell][cpm_core_get_param:666]cpm para chk: tunBin-w 4000 h 3000 img-w 4032 h 3024
[22:14:39.094] RX< [6] [cam] [140387][tshell][cam_fe_core_init:436]E id
[22:14:39.094] RX< ,0
[22:14:39.094] RX< [6] [cam] [140388][tshell][cam_fe_core_init:490]X ctx size 100 addr 0x884973b8
[22:14:39.094] RX< [7] [cam] [140388][tshell][qpc_core_fe_chords_init:1659][34mqpc fe init snsOut w 4032 h 3024, tbl w 28 h 20[0m
[22:14:39.094] RX< [6] [cam] [140389][tshell][cam_me_core_init:1474]X ctx size 
[22:14:39.097] RX< 1352 addr 0x88499770
[22:14:39.097] RX< [34m[ME SLICE CFG] perf=1420(us)!
[22:14:39.097] RX< [0m[6] [cam] [140391][tshell][cam_bayer_fe_3a_stats_core_init:445]fe 3a id,0
[22:14:39.097] RX< [6] [cam] [140392][tshell][cam_bayer_fe_3a_stats_core_init:490]X ctx size 132 addr 0x884a2190
[22:14:39.097] RX< [6] [cam] [140392][tshell]
[22:14:39.097] RX< [cam_be_core_init:618]E id,0
[22:14:39.097] RX< [7] [cam] [140392][be0][be_core_irq_proc:267]thread start cid,0
[22:14:39.097] RX< [6] [cam] [140393][tshell][cam_be_core_init:710]X ctx size 464 addr 0x884a2520
[22:14:39.097] RX< [6] [cam] [140393][tshell][cam_lite_core_init:433]E id,0
[22:14:39.097] RX< [7] [cam] [140393][lite0]
[22:14:39.100] RX< [lite_core_irq_proc:152]thread start cid,0
[22:14:39.100] RX< [6] [cam] [140394][tshell][cam_lite_core_init:497]X ctx size 164 addr 0x884a4f70
[22:14:39.100] RX< [6] [cam] [140394][tshell][awb_wrapper_init:66]xxx awb_bin=0x88488f14, awb_bin_length=8068
[22:14:39.100] RX< [6] [cam] [140395][tshell][awb_wrapper_
[22:14:39.100] RX< init:86]X algo_handle 0x884acfa8
[22:14:39.100] RX< [7] [cam] [140395][awb0][a5_core_wrapper_task:252]thread start cid,0 algo type,2
[22:14:39.100] RX< [6] [cam] [140396][tshell][a5_core_init_task:426]thread created: awb0 mq=0x884af2a0 thread=0x884af3b8 sem=0x884af230 ret=0
[22:14:39.100] RX< [6] [cam] [140396]
[22:14:39.104] RX< [tshell][bayer_ae_wrapper_init:68]E id,0 proc mode 1 
[22:14:39.104] RX< 
[22:14:39.104] RX< [AEC Proc] @[allib_ae_set_debug_log_flag] Line:129:[DEBUG] debug level/to_file/to_terminal: 22/1/1
[22:14:39.104] RX< [AEC Proc] @[AeInit] Line:377:[INFO] AE ver: 2026_V2.269
[22:14:39.104] RX< 
[22:14:39.104] RX< [AEC Proc] @[allib_ae_loadfunc] Line:193:[
[22:14:39.104] RX< INFO] camera ID: 0
[22:14:39.104] RX< [AEC Proc] @[AeInit] Line:404:[DEBUG] init imu detector sucessed!
[22:14:39.104] RX< [AEC Proc] @[AeInit] Line:406:[DEBUG] imu init errcode:0
[22:14:39.104] RX< [AEC Proc] @[alAE_set_param] Line:575:[DEBUG] sw_maxtime 66381 ,pertline 9444, after check sensor step sw_max_tim
[22:14:39.107] RX< e 66375.00
[22:14:39.107] RX< [AEC Proc] @[alAE_set_param] Line:580:[DEBUG] sw_mintime 37 ,pertline 9444, after check sensor step sw_min_time 36.00
[22:14:39.107] RX< [AEC Proc] @[alAE_set_param] Line:513:[DEBUG] DEBUG minbv exptime 9 gain 100, minExpBV 14098
[22:14:39.107] RX< [AEC Proc] @[AeTuningParseSet] L
[22:14:39.107] RX< ine:167:[DEBUG] aeparam version 2.268 60704
[22:14:39.107] RX< [AEC Proc] @[alAE_set_param] Line:340:[DEBUG] INITEXP gain 100, shutter 8000, midtonegain 100, bv 4303
[22:14:39.107] RX< [6] [cam] [140403][tshell][bayer_ae_wrapper_init:119]X tline 9444 max_exp 66381 alg_hdl 0x884b1b68 
[22:14:39.107] RX< [7] [cam
[22:14:39.110] RX< ] [140404][b_ae0][a5_core_wrapper_task:252]thread start cid,0 algo type,0
[22:14:39.110] RX< [6] [cam] [140404][tshell][a5_core_init_task:426]thread created: b_ae0 mq=0x884b8440 thread=0x884b8558 sem=0x884b83d0 ret=0
[22:14:39.110] RX< [6] [cam] [140405][tshell][atf_wrapper_init:67]E id,0
[22:14:39.110] RX< [6
[22:14:39.118] RX< ] [cam] [140405][tshell][atf_wrapper_init:107]X alg_ctx addr 0x884baa18
[22:14:39.118] RX< [7] [cam] [140406][atf0][a5_core_wrapper_task:252]thread start cid,0 algo type,1
[22:14:39.118] RX< [6] [cam] [140406][tshell][a5_core_init_task:426]thread created: atf0 mq=0x884bcd70 thread=0x884bce88 
[22:14:39.118] RX< sem=0x884bcd00 ret=0
[22:14:39.118] RX< [6] [cam] [140406][tshell][cam_cpm_core_init:1030]X ctx size 1064 addr 0x88485440
[22:14:39.118] RX< [6] [cam] [140407][tshell][csc_open:527]ok! phys_id[1], phys_num[1] 
[22:14:39.118] RX< [6] [cam] [140408][tshell][cam_open:699]open ok! camera_id[0]
[22:14:39.118] RX< [34m[cam open] perf
[22:14:39.120] RX< =55961(us)!
[22:14:39.120] RX< [0m[6] [App Cam] cam open success
[22:14:39.120] RX< [6] [cam] [140414][tshell][csc_init:637]sensor info:size:4032x3024, formt: 0x2b, bps: 2496, tline: 9444
[22:14:39.120] RX< [6] [cam] [140414][tshell][cam_sif_mgr_init:261]E id,0
[22:14:39.120] RX< [7] [cam] [140414][sif0][sif_irq_proc:151]thread
[22:14:39.120] RX<  start cid,0
[22:14:39.120] RX< [6] [cam] [140414][tshell][cam_sif_mgr_init:293]X ctx size 52 addr 0x884d5f40
[22:14:39.120] RX< [7] [cam] [140415][tshell][sif_btm_paramSet:102]btm lite w4032 h4032 binEn1 binRatio2
[22:14:39.120] RX< [7] [cam] [140415][tshell][sif_btm_paramSet:106]cropSlct2 x0 y0 w4032 h4032
[22:14:39.120] RX< [
[22:14:39.134] RX< 6] [cam] [140416][tshell][cam_prelude_init_cfg:368]CSI ID is 0,  phy lanes is 2.
[22:14:39.134] RX< [7] [cam] [140416][tshell][check_phy_ready:96]MIPI_PHY[0] is ready
[22:14:39.134] RX< [6] [cam] [140417][tshell][sensor_init:348]sensor [1]: register ok
[22:14:39.134] RX< [6] [cam] [140417][tshell][sensor_set_mo
[22:14:39.134] RX< de:852]sensor [1]: SetMode -> mode = 0.
[22:14:39.134] RX< [6] [cam] [140418][tshell][sensor_send_reg_tab_to_sensor:704]sensor [1]: send_reg_tab_to_sensor E.
[22:14:39.134] RX< [6] [cam] [140428][tshell][sensor_send_reg_tab_to_sensor:726]sensor [1]: reg_count = 77.
[22:14:39.134] RX< [6] [cam] [140430][tshell][
[22:14:39.151] RX< sensor_init:361]sensor [1]: init success.
[22:14:39.151] RX< [6] [cam] [140430][tshell][sensor_set_mode:852]sensor [1]: SetMode -> mode = 1.
[22:14:39.151] RX< [6] [cam] [140431][tshell][sensor_send_reg_tab_to_sensor:704]sensor [1]: send_reg_tab_to_sensor E.
[22:14:39.151] RX< [6] [cam] [140446][tshell][sensor_
[22:14:39.151] RX< send_reg_tab_to_sensor:726]sensor [1]: reg_count = 84.
[22:14:39.151] RX< [6] [cam] [140446][tshell][csc_init:646]ok! phys_id[1], phys_num[1]
[22:14:39.151] RX< [6] [cam] [140447][tshell][csc_get_bayer_single_buffer:1038]scenario_type: 1
[22:14:39.151] RX< [6] [cam] [140447][tshell][csc_set_stats_fmt:98]index 0
[22:14:39.154] RX<  w 1 h 1 bw 8 wcmp 255
[22:14:39.154] RX< [7] [cam] [140447][tshell][bm_ioctl:201]BMIOC_STATS_FMT
[22:14:39.154] RX< [6] [cam] [140448][tshell][csc_set_fe_fmt:47]index 1 w 4032 h 3024 bw 10 wcmp 0
[22:14:39.154] RX< [7] [cam] [140448][tshell][bm_ioctl:201]BMIOC_FE_FMT
[22:14:39.154] RX< [6] [cam] [140448][tshell][csc_set_lite_fm
[22:14:39.154] RX< t:115]index 2 w 1008 h 720 bw 8 wcmp 255
[22:14:39.154] RX< [7] [cam] [140449][tshell][bm_ioctl:201]BMIOC_LITE_FMT
[22:14:39.154] RX< [6] [cam] [140449][tshell][csc_set_lite_fmt:115]index 21 w 1008 h 720 bw 8 wcmp 255
[22:14:39.154] RX< [7] [cam] [140450][tshell][bm_ioctl:201]BMIOC_LITE_FMT
[22:14:39.154] RX< [6] [cam] [140450][
[22:14:39.157] RX< tshell][csc_set_be_fmt:81]index 25 w 0 h 0 bw 8 wcmp 255
[22:14:39.157] RX< [7] [cam] [140450][tshell][bm_ioctl:201]BMIOC_BE_FMT
[22:14:39.157] RX< [6] [cam] [140451][tshell][csc_set_be_fmt:81]index 22 w 480 h 360 bw 8 wcmp 255
[22:14:39.157] RX< [7] [cam] [140451][tshell][bm_ioctl:201]BMIOC_BE_FMT
[22:14:39.157] RX< [6] [cam] [
[22:14:39.157] RX< 140451][tshell][csc_set_me_fmt:64]index 5 w 3024 h 4032 bw 10 wcmp 0, rdma_addr 0x8919f780, wdma_addr 0x8919f780
[22:14:39.157] RX< [7] [cam] [140452][tshell][bm_ioctl:201]BMIOC_ME_FMT
[22:14:39.157] RX< [6] [cam] [140452][tshell][csc_set_me_fmt:64]index 6 w 3024 h 4032 bw 8 wcmp 255, rdma_ad
[22:14:39.160] RX< dr 0x88795200, wdma_addr 0x8c000000
[22:14:39.160] RX< [6] [cam] [140453][tshell][cam_me_core_buffer_cfg:1367]
[22:14:39.160] RX< ----ME PIPE INFO---
[22:14:39.160] RX<  wdma_buf_num:1, rotation_en: 1
[22:14:39.160] RX< [7] [cam] [140453][tshell][cam_me_core_buffer_cfg:1375]yuv wdma_addr 0:0x8c000000, meta_en: 0, 0x00000000
[22:14:39.160] RX< [7] 
[22:14:39.160] RX< [cam] [140454][tshell][bm_ioctl:201]BMIOC_ME_FMT
[22:14:39.160] RX< [6] [cam] [140455][tshell][csc_init:654]get otp ok! phys_id[1], phys_num[1]
[22:14:39.160] RX< [6] [cam] [140455][tshell][cam_init:789]init ok! logic_id[0]
[22:14:39.160] RX< [34m[cam init] perf=41674(us)!
[22:14:39.160] RX< [0m[6] [App Cam] cam init success
[22:14:39.160] RX< [
[22:14:39.162] RX< 7] [cam] [140456][tshell][cam_cpm_core_stream_on:541]id 0 sensor type 1
[22:14:39.162] RX< [6] [cam] [140456][tshell][sensor_stream_on:979]sensor [1]: stream_on
[22:14:39.162] RX< [6] [cam] [140457][tshell][sensor_stream_on:1007]sensor [1]: REG: 0x100, W:0x1.
[22:14:39.162] RX< [6] [cam] [140457][tshell][sensor
[22:14:39.163] RX< _stream_on:1009]sensor [1]: REG: 0x100, R:0x1.
[22:14:39.163] RX< [6] [cam] [140457][tshell][csc_prv_start:783]ok! phys_id[1], phys_num[1], cam_ids[1]
[22:14:39.163] RX< [6] [cam] [140458][tshell][cam_start:897]preview start ok! logic_id[0]
[22:14:39.163] RX< [34m[cam start] perf=2412(us)!
[22:14:39.163] RX< [0m[6] [App Cam] c
[22:14:39.179] RX< am start success
[22:14:39.179] RX< [6] [App Dfs] Gravity_XR Capture Start
[22:14:39.179] RX< msh /emmc>echo "__EVBTEST_END_898c810a__"
[22:14:39.179] RX< __EVBTEST_END_898c810a__
[22:14:39.179] RX< msh /emmc>[7] [cam] [140460][b_3a_sts][bayer_stats_core_irq_proc:164]thread start cid,0
[22:14:39.179] RX< [7] [cam] [140460][fe0][fe_core_irq_proc:98]t
[22:14:39.584] RX< hread start cid,0
[22:14:39.584] RX< [34m[AE] fid=0,exp=16830,adg=400,Y=635,mtg=100,shg=100,bgbv=1299,iso=400,cnv0,hdr0
[22:14:39.584] RX< [0m[34m[b_ae0 proc] perf=2699(us), max=2699(us)!
[22:14:39.584] RX< [0m[34m[awb0 proc] perf=1427(us), max=1427(us)!
[22:14:39.584] RX< [0m[34m[AE conv] fid=11,exp=17568,adg=400,Y=4452,
[22:14:39.585] RX< mtg=284,shg=145,bgbv=1237,iso=400,cnv1,hdr1
[22:14:39.585] RX< [0m[7] [cam] [140864][fe0][_qpc_hdr_rslt_chk:1564]
[22:14:39.585] RX< ALG: EV0 t17568 g400 | EV+ t25236 g400 | EV- t10044 g244
[22:14:39.585] RX< [6] [cam] [140865][fe0][qpc_core_hdr_mapExp_cfg:1632]evMapExp set OK, typ:2 1 FF num:3 5 0
[22:14:39.585] RX< [34m[cap]
[22:14:39.666] RX<  FE sync ME @fid11 as mod2 cfg0x01, cap 8frms @fid+3
[22:14:39.666] RX< [0m[7] [cam] [140902][qpc0][qpc_core_hdr_upd_sensor:558][HDRupd]: Sns cap-0 EV:0->2 st-25236 ag-400
[22:14:39.666] RX< [6] [cam] [140947][me0][cpm_cb_fe2me_tikChk:152]frm_length 33330us, fe2me delta 12
[22:14:39.666] RX< [7] [cam] [140948]
[22:14:39.733] RX< [qpc0][qpc_core_hdr_upd_me:605][HDRupd] ME cap-0 EV:0->2, dg-100
[22:14:39.733] RX< [7] [JPEG] frame num=8, pre frame=873813 Bytes
[22:14:39.733] RX< [exif] cap 0, bv 1240 exp 25236 iso 400 time 140942
[22:14:39.733] RX< [6] [cam] [140968][fe0][_cpm_cb_jpegInfo_proc:602]SnapStream E @ frm15!
[22:14:39.733] RX< [cap] oFrm15 Ym163
[22:14:39.733] RX< 91 bv1461 lux220
[22:14:39.733] RX< [32m[BE] fid=0, perf=1449(us), max=1449(us)!
[22:14:39.733] RX< [0m[7] [cam] [141004][qpc0][qpc_core_hdr_upd_sensor:558][HDRupd]: Sns cap-3 EV:2->1 st-10044 ag-244
[22:14:39.733] RX< [34m[cap] fid: me0 fe16, perf=556761(us)!
[22:14:39.733] RX< [0m[7] [cam] [141015][me0][me_core_thread:322]M
[22:14:39.914] RX< E out fid 0
[22:14:39.914] RX< [cap] oFrm16 Ym17840 bv1192 lux182
[22:14:39.914] RX< [cap] oFrm17 Ym17445 bv1290 lux195
[22:14:39.914] RX< [exif] cap 3, bv 1240 exp 10044 iso 244 time 141057
[22:14:39.914] RX< [cap] oFrm18 Ym4953 bv-567 lux54
[22:14:39.914] RX< [cap] oFrm19 Ym4768 bv38 lux82
[22:14:39.914] RX< [cap] oFrm20 Ym5042 bv-292 lux65
[22:14:39.914] RX< [cap] oFrm21 Ym4926 bv-1
[22:14:40.147] RX< 58 lux71
[22:14:40.147] RX< [cap] oFrm22 Ym4974 bv-2033 lux19
[22:14:40.147] RX< [6] [cam] [141234][fe0][_cpm_cb_jpegInfo_proc:610]SnapStream X @ frm23!
[22:14:40.147] RX< [34m[cap] fid: me7 fe23, perf=32101(us)!
[22:14:40.147] RX< [0m[33m[W/ftp] service go wrong, now wait restarting...[0m
[22:14:40.147] RX< [6] [App Dfs] Gravity_XR Capture Stop
[22:14:40.148] RX<  Success: total frames = 8
[22:14:40.148] RX< [6] [cam] [141441][DfsSend][sensor_stream_off:1143]sensor [1]: stream_off
[22:14:40.148] RX< [6] [cam] [141442][DfsSend][sensor_stream_off:1172]sensor [1]: REG: 0x100, W:0x0.
[22:14:40.148] RX< [6] [cam] [141443][DfsSend][sensor_stream_off:1174]sensor [1]: REG: 0x10
[22:14:40.151] RX< 0, R:0x0.
[22:14:40.151] RX< [6] [cam] [141443][DfsSend][csc_prv_stop:893]ok! phys_id[1], phys_num[1], stop_type = 0
[22:14:40.151] RX< [6] [cam] [141444][DfsSend][cam_stop:1017]preview stop ok! logic_id[0]
[22:14:40.151] RX< [34m[cam stop] perf=2446(us)!
[22:14:40.151] RX< [0m[6] [App Cam] cam stop success
[22:14:40.151] RX< [7] [cam] [141444][
[22:14:40.151] RX< DfsSend][cam_cpm_core_power_off:457]id,0 type,1 ret 0
[22:14:40.151] RX< [6] [cam] [141445][sif0][sif_irq_proc:174]thread release cid,0
[22:14:40.151] RX< [6] [cam] [141445][DfsSend][cam_sif_mgr_deinit:316]X
[22:14:40.151] RX< [6] [cam] [141445][DfsSend][cam_deinit:846]deinit ok! logic_id[0]
[22:14:40.151] RX< [34m[cam deinit] 
[22:14:40.154] RX< perf=1237(us)!
[22:14:40.154] RX< [0m[6] [App Cam] cam deinit success
[22:14:40.154] RX< [6] [cam] [141446][DfsSend][sensor_close:1247]sensor [1]: close!
[22:14:40.154] RX< [6] [cam] [141448][DfsSend][cam_bm_core_deinit:136]X
[22:14:40.154] RX< [INFO]	cpm[0] snsType1 capMod2 cfg0x01 8frms
[22:14:40.154] RX< [head]  frmID ref 11 eff 15 sns 13 cdm
[22:14:40.154] RX< a 14 
[22:14:40.154] RX< [AErlt] flags fid 11 isWdr 1 isConv 1 sport 0 scen 1
[22:14:40.154] RX<         info  Lux 188 Ymean 4452 nxtBV -342 bgBV 1237
[22:14:40.154] RX< [exp]   norm  st17568 adg00400 ispg00100
[22:14:40.154] RX<         short st10044 adg00244 ispg00100
[22:14:40.154] RX<         long  st25236 adg00400 ispg00100
[22:14:40.154] RX< [head]  frmID ref
[22:14:40.157] RX<  10 eff 14 sns 12 cdma 13 
[22:14:40.157] RX< [AErlt] flags fid 10 isWdr 0 isConv 2 sport 0 scen 0
[22:14:40.157] RX<         info  Lux 188 Ymean 4455 nxtBV 1169 bgBV 1237
[22:14:40.157] RX< [exp]   norm  st17568 adg00400 ispg00100
[22:14:40.157] RX<         short st00000 adg00000 ispg00100
[22:14:40.157] RX<         long  st00000 adg00000 ispg001
[22:14:40.157] RX< 00
[22:14:40.157] RX< [head]  frmID ref 9 eff 13 sns 11 cdma 12 
[22:14:40.157] RX< [AErlt] flags fid 9 isWdr 0 isConv 0 sport 0 scen 0
[22:14:40.157] RX<         info  Lux 188 Ymean 4413 nxtBV 1169 bgBV 1240
[22:14:40.157] RX< [exp]   norm  st17532 adg00400 ispg00100
[22:14:40.157] RX<         short st00000 adg00000 ispg00100
[22:14:40.157] RX<         long  st000
[22:14:40.159] RX< 00 adg00000 ispg00100
[22:14:40.159] RX< [head]  frmID ref 8 eff 12 sns 10 cdma 11 
[22:14:40.159] RX< [AErlt] flags fid 8 isWdr 0 isConv 0 sport 0 scen 0
[22:14:40.159] RX<         info  Lux 187 Ymean 4673 nxtBV 1159 bgBV 1229
[22:14:40.159] RX< [exp]   norm  st17658 adg00400 ispg00100
[22:14:40.159] RX<         short st00000 adg00000 ispg00100
[22:14:40.160] RX<         long  st00000 adg00000 ispg00100
[22:14:40.160] RX< [head]  frmID ref 7 eff 11 sns 9 cdma 10 
[22:14:40.160] RX< [AErlt] flags fid 7 isWdr 0 isConv 0 sport 0 scen 0
[22:14:40.160] RX<         info  Lux 189 Ymean 3388 nxtBV 1179 bgBV 1248
[22:14:40.160] RX< [exp]   norm  st17433 adg00400 ispg00100
[22:14:40.160] RX<         short st00000 a
[22:14:40.162] RX< dg00000 ispg00100
[22:14:40.162] RX<         long  st00000 adg00000 ispg00100
[22:14:40.162] RX< [6] [cam] [141456][be0][be_core_irq_proc:326]thread release cid,0
[22:14:40.162] RX< [6] [cam] [141456][DfsSend][cam_be_core_deinit:787]X
[22:14:40.162] RX< [6] [cam] [141457][me0][me_core_thread:367]thread release cid,0
[22:14:40.162] RX< [6] [cam] [1
[22:14:40.162] RX< 41457][DfsSend][cam_me_core_deinit:1502]X
[22:14:40.162] RX< [6] [cam] [141457][fe0][fe_core_irq_proc:121]thread release cid,0
[22:14:40.162] RX< [6] [cam] [141458][DfsSend][cam_fe_core_deinit:536]X
[22:14:40.162] RX< [6] [cam] [141458][b_3a_sts][bayer_stats_core_irq_proc:193]thread release cid,0
[22:14:40.162] RX< [6] [cam] [14
[22:14:40.165] RX< 1458][DfsSend][cam_bayer_stats_core_deinit:512]X
[22:14:40.165] RX< [6] [cam] [141459][lite0][lite_core_irq_proc:190]thread release cid,0
[22:14:40.165] RX< [6] [cam] [141459][DfsSend][cam_lite_core_deinit:556]X
[22:14:40.165] RX< [6] [cam] [141460][b_ae0][a5_core_wrapper_task:315]thread release cid,0,algo,0
[22:14:40.165] RX< [
[22:14:40.165] RX< 6] [cam] [141460][DfsSend][bayer_ae_wrapper_deinit:204]X
[22:14:40.165] RX< [6] [cam] [141460][atf0][a5_core_wrapper_task:315]thread release cid,0,algo,1
[22:14:40.165] RX< [6] [cam] [141460][DfsSend][atf_wrapper_deinit:153]X
[22:14:40.165] RX< [6] [cam] [141461][awb0][a5_core_wrapper_task:315]thread release c
[22:14:40.168] RX< id,0,algo,2
[22:14:40.168] RX< [6] [cam] [141461][DfsSend][awb_wrapper_deinit:153]X
[22:14:40.168] RX< [6] [cam] [141462][DfsSend][cam_5a_core_deinit:555]X
[22:14:40.168] RX< [6] [cam] [141462][DfsSend][cam_5a_inf_deinit:149]X
[22:14:40.168] RX< [6] [cam] [141462][qpc0][qpc_core_msg_proc:697]thread release cid,0
[22:14:40.168] RX< [6] [cam] [14146
[22:14:40.168] RX< 3][DfsSend][qpc_core_deinit:1330]X
[22:14:40.168] RX< [6] [cam] [141463][DfsSend][cam_cpm_core_deinit:1107]X
[22:14:40.168] RX< [6] [cam] [141463][DfsSend][csc_close:584]ok! phys_id[1], phys_num[1]
[22:14:40.168] RX< [7] [cam] [141464][cer0][cer_recovery_proc:352]msg type = 254
[22:14:40.168] RX< [6] [cam] [141464][cer0][cer_rec
[22:14:40.192] RX< overy_proc:454]thread release cid,0
[22:14:40.192] RX< [6] [cam] [141464][DfsSend][cer_deinit:560]X
[22:14:40.192] RX< [6] [cam] [141465][DfsSend][cam_close:750]close ok! logic_id[0]
[22:14:40.192] RX< [34m[cam close] perf=18883(us)!
[22:14:40.192] RX< [0m[6] [App Cam] cam close success
[22:14:40.192] RX< [6] [cam] [141465][cpl0][cam_prelude_pr
[22:14:40.192] RX< oc_routine:136]thread release
[22:14:40.192] RX< [6] [cam] [141466][DfsSend][cam_exit:551]exit ok!
[22:14:40.192] RX< [34m[cam exit] perf=663(us)!
[22:14:40.192] RX< [0m[6] [App Cam] cam exit success
[22:14:40.192] RX< [6] [App Cam] jpeg deinit success
[22:14:40.192] RX< [6] [App Dfs] Save Photo Successful: /emmc/PIC/20260813_011438_0459/
[22:14:40.192] RX< [6] [A
[22:14:40.193] TX> ftp_server
[22:14:40.193] TX> echo "__EVBTEST_END_4d704bee__"
[22:14:42.052] RX< pp Dfs] Capture completed successfully.
[22:14:42.052] RX< ftp_server
[22:14:42.052] RX< 
[22:14:42.052] RX< [FTP] Ftp server init success!!!
[22:14:42.052] RX< msh /emmc>echo "__EVBTEST_END_4d704bee__"
[22:14:42.052] RX< __EVBTEST_END_4d704bee__
[22:14:42.052] RX< msh /emmc>[33m[W/ftp] service go wrong, now wait restarting...[0m
[22:14:42.052] RX< [33m[W/ftp] service go wrong, no
[22:14:44.053] RX< w wait restarting...[0m
[22:14:44.053] RX< [33m[W/ftp] service go wrong, now wait restarting...[0m
[22:14:46.054] RX< [33m[W/ftp] service go wrong, now wait restarting...[0m
[22:14:46.054] RX< [33m[W/ftp] service go wrong, now wait restarting...[0m
[22:14:46.054] RX< [33m[W/ftp] service go wrong, now wait restarting...[0m
[22:14:48.041] RX< [33m[W/ftp] service go wrong, now wait restarting...[0m
[22:14:48.041] RX< [33m[W/ftp] service go wrong, now wait restarting...[0m
[22:14:48.041] RX< [33m[W/ftp] service go wrong, now wait restarting...[0m
[22:14:48.041] RX< [33m[W/ftp] service go wrong, now wait restarting...[0m
[22:14:48.041] RX< [33m[W/ftp] service go 
[22:14:50.042] RX< wrong, now wait restarting...[0m
[22:14:50.042] RX< [33m[W/ftp] service go wrong, now wait restarting...[0m
[22:14:50.042] RX< [33m[W/ftp] service go wrong, now wait restarting...[0m
[22:14:50.042] RX< [33m[W/ftp] service go wrong, now wait restarting...[0m
[22:14:51.129] TX> cam_set video 1080p
[22:14:51.129] TX> echo "__EVBTEST_END_ba753944__"
[22:14:51.138] RX< [33m[W/ftp] service go wrong, now wait restarting...[0m
[22:14:51.138] RX< [33m[W/ftp] service go wrong, now wait restarting...[0m
[22:14:51.138] RX< [33m[W/ftp] service go wrong, now wait restarting...[0m
[22:14:51.138] RX< cam_set video 1080p
[22:14:51.138] RX< [6] [App Dfs] w(1296) * h(2304) is 1080p, eis 0
[22:14:51.138] RX< msh /emmc>echo
[22:14:53.044] RX<  "__EVBTEST_END_ba753944__"
[22:14:53.044] RX< __EVBTEST_END_ba753944__
[22:14:53.044] RX< msh /emmc>[33m[W/ftp] service go wrong, now wait restarting...[0m
[22:14:53.044] RX< [33m[W/ftp] service go wrong, now wait restarting...[0m
[22:14:53.044] RX< [33m[W/ftp] service go wrong, now wait restarting...[0m
[22:14:53.044] RX< [33m[W/ftp] servic
[22:14:53.053] TX> dfs_video_start
[22:14:53.053] TX> echo "__EVBTEST_END_ba05dbb9__"
[22:14:53.138] RX< e go wrong, now wait restarting...[0m
[22:14:53.138] RX< dfs_video_start
[22:14:53.138] RX< [7] [cam] [154425][tshell][cgm_parse_bin:105]total logical camera num: 1
[22:14:53.138] RX< [6] [cam] [154425][tshell][cam_prelude_create:187]E id, 0
[22:14:53.138] RX< [7] [cam] [154426][cpl0][cam_prelude_proc_routine:101]thread start
[22:14:53.138] RX< [6
[22:14:53.138] RX< ] [cam] [154426][tshell][cam_prelude_create:214]X ctx size 124 addr 0x884717e8
[22:14:53.138] RX< [6] [cam] [154433][tshell][sensor_probe:418]sensor [1]: identifing 0 success.
[22:14:53.138] RX< [6] [cam] [154434][tshell][sensor_probe:441]sensor [1]: probe exit!
[22:14:53.138] RX< [6] [cam] [154434][tshell][cam
[22:14:53.141] RX< _prelude_fast_probe:251]cam: 0 probe result: 0
[22:14:53.141] RX< [6] [cam] [154435][tshell][cgm_parse_bin:215]cam(0) probe success
[22:14:53.141] RX< [6] [cam] [154435][tshell][cam_entry:435]entry ok
[22:14:53.141] RX< [34m[cam entry] perf=10553(us)!
[22:14:53.141] RX< [0m[6] [App Cam] cam entry success
[22:14:53.141] RX< [36mmem_laySolv: sce
[22:14:53.141] RX< nario=01 in=4032x3024, me_rotate=1 me_stripe=1 
[22:14:53.141] RX< [0m[36mmem_laySolv: me_rot 1, me_stripe 1, eis 0, be_rot 0
[22:14:53.141] RX< [0mscen1 type26 bufAdr 0x89d40b70 sz 0x1400000 reCfg for bound!
[22:14:53.141] RX< [36mmem_laySolv: scen01 20 entries solved OK!
[22:14:53.141] RX< [0m[36mmem_laySolv: scenario=02
[22:14:53.143] RX<  in=2016x1512, me_rotate=0 me_stripe=0 
[22:14:53.143] RX< [0m[36mmem_laySolv: me_rot 0, me_stripe 0, eis 0, be_rot 0
[22:14:53.143] RX< [0mscen2 type15 bufAdr 0x89ce3ef0 sz 0xd00000 reCfg for bound!
[22:14:53.143] RX< [36mmem_laySolv: scen02 14 entries solved OK!
[22:14:53.143] RX< [0m[36mmem_laySolv: scenario=03 in=4032x
[22:14:53.143] RX< 2268, me_rotate=1 me_stripe=0 
[22:14:53.143] RX< [0m[36mmem_laySolv: me_rot 1, me_stripe 0, eis 0, be_rot 0
[22:14:53.143] RX< [0m[36mmem_laySolv: scen03 14 entries solved OK!
[22:14:53.143] RX< [0m[7] [cam] [154440][tshell][cam_solve_whole_layout:355]
[22:14:53.143] RX< scen3: vol 0x8c000000 rbuf 0x89d6cdf0 sz 0xd00000 wb
[22:14:53.146] RX< uf 0x8aa6cdf0 sz 0xd00000
[22:14:53.146] RX<        rtmp txbuf 0x8bf80000 sz 0x80000 avcBuf 0x8bf00000 sz 0x80000
[22:14:53.146] RX< [36mmem_laySolv: scenario=04 in=4032x3024, me_rotate=1 me_stripe=1 
[22:14:53.146] RX< [0m[36mmem_laySolv: me_rot 1, me_stripe 1, eis 0, be_rot 0
[22:14:53.146] RX< [0m[36mmem_laySolv: scen04 
[22:14:53.149] RX< 14 entries solved OK!
[22:14:53.149] RX< [0m[36mmem_laySolv: scenario=05 in=1008x0756, me_rotate=0 me_stripe=0 
[22:14:53.149] RX< [0m[36mmem_laySolv: me_rot 0, me_stripe 0, eis 0, be_rot 0
[22:14:53.149] RX< [0m[36mmem_laySolv: scen05 17 entries solved OK!
[22:14:53.149] RX< [0m[36mmem_laySolv: scenario=06 in=1008x0720,
[22:14:53.149] RX<  me_rotate=0 me_stripe=0 
[22:14:53.149] RX< [0m[36mmem_laySolv: me_rot 0, me_stripe 0, eis 0, be_rot 0
[22:14:53.149] RX< [0m[36mmem_laySolv: scen06 12 entries solved OK!
[22:14:53.149] RX< [0m[36mmem_laySolv: scenario=01 in=4032x3024, me_rotate=1 me_stripe=1 
[22:14:53.149] RX< [0mscen1 type26 bufAdr 0x89d40b70 sz 0x140
[22:14:53.152] RX< 0000 reCfg for bound!
[22:14:53.152] RX< [36mmem_laySolv: scen01 20 entries solved OK!
[22:14:53.152] RX< [0m[7] [cam] [154445][tshell][cam_solve_whole_layout:383]Solve Whole-layout Done!
[22:14:53.152] RX< [6] [cam] [154445][tshell][cgm_parse_media_para:271]phy cam num: 1
[22:14:53.152] RX< [7] [cam] [154446][cer0][cer_recove
[22:14:53.152] RX< ry_proc:343]thread start cid, 0
[22:14:53.152] RX< [6] [cam] [154446][tshell][csc_open:443]SENSOR MCLK cal: 24MHz
[22:14:53.152] RX< [6] [cam] [154446][tshell][csc_isp_clk_cal:344]MIPI CLK cal: 277MHz
[22:14:53.152] RX< [6] [cam] [154447][tshell][csc_isp_clk_cal:371]LITE CLK cal: 25MHz
[22:14:53.152] RX< [7] [cam] [154447][tshel
[22:14:53.158] RX< l][cpc_csi_rx_power_on:633]E id: 2
[22:14:53.158] RX< [4] [cam] [154448][tshell][cpc_csi_rx_power_on:644]csi_2 has already power on, STATUS: 1
[22:14:53.158] RX< [6] [cam] [154448][tshell][cpc_update_clock:603]actual SNS mclk: 24MHz
[22:14:53.158] RX< [6] [cam] [154449][tshell][cpc_update_clock:608]actual MIPI
[22:14:53.158] RX< 0: 300MHz
[22:14:53.158] RX< [6] [cam] [154449][tshell][cpc_update_clock:598]actual LITE clk: 25MHz
[22:14:53.158] RX< [7] [cam] [154449][tshell][cam_prelude_open:297][34msnsOpen camID1 csiID0 phyIdx0[0m
[22:14:53.158] RX< [6] [cam] [154453][tshell][sensor_expo_gain_match:48]sensor get sensor expo gain of imx
[22:14:53.160] RX< 681_vst
[22:14:53.160] RX< [6] [cam] [154453][tshell][sensor_open:684]sensor [1] open OK.
[22:14:53.160] RX< [6] [cam] [154454][tshell][cam_cpm_parse_media:298]video scenario:3, media para[fps:0, mirror_en:0, flip_en:0]
[22:14:53.160] RX< [6] [cam] [154454][tshell][cam_cpm_parse_media:301]video scenario, media 
[22:14:53.160] RX< para[iso:0, gain:0, wb_mode:0]
[22:14:53.160] RX< [6] [cam] [154455][tshell][csc_isp_clk_cal:353]FE CLK cal: 373MHz, ME CLK cal: 371MHz, FE/ME CLK cal: 410MHz
[22:14:53.160] RX< [6] [cam] [154455][tshell][csc_isp_clk_cal:360]BE CLK cal: 301MHz
[22:14:53.160] RX< [4] [cam] [154456][tshell][cam_fe_core_power_on:
[22:14:53.165] RX< 269]fe pipe has already power on, STATUS: 1
[22:14:53.165] RX< [6] [cam] [154456][tshell][cpc_update_clock:588]actual FE/ME clk: 500MHz
[22:14:53.165] RX< [7] [cam] [154457][tshell][cam_cpm_core_power_on:425]id,0 type,1 ret 0
[22:14:53.165] RX< [6] [cam] [154457][tshell][cam_cpm_core_init:914]E id,0 sensor type
[22:14:53.165] RX< ,1
[22:14:53.165] RX< [6] [cam] [154460][tshell][cpm_core_check_tuningbin:854]Tuning bin crc check PASS! sum 0x7fb15f, xor 0x4e593f47
[22:14:53.165] RX< [6] [cam] [154460][tshell][qpc_tuning_check_iqbin_validness:396]IQ bin addr: 0x88646660, project_name: video_3M
[22:14:53.165] RX< [6] [cam] [154461][tshell][
[22:14:53.168] RX< qpc_tuning_check_iqbin_validness:397]total_size: 94208
[22:14:53.168] RX< [6] [cam] [154461][tshell][qpc_tuning_check_iqbin_validness:398]id_count: 93. ID_TOTAL: 94
[22:14:53.168] RX< [6] [cam] [154462][tshell][qpc_tuning_check_iqbin_validness:399]spinel tuning data ver: V1.30
[22:14:53.168] RX< [6] [cam] [1544
[22:14:53.168] RX< 62][tshell][cpm_core_check_tuningbin:868]IQ bin check success!
[22:14:53.168] RX< [6] [cam] [154463][tshell][cam_bm_core_init:94]E
[22:14:53.168] RX< [6] [cam] [154463][tshell][bm_lab_init:174]X ctx size 4 addr 0x8846e718
[22:14:53.168] RX< [6] [cam] [154464][tshell][cam_bm_core_init:114]X ctx size 180 addr 0x
[22:14:53.186] RX< 8846e650
[22:14:53.186] RX< [6] [cam] [154464][tshell][qpc_core_init:1218]E id,0
[22:14:53.186] RX< [6] [cam] [154465][tshell][qpc_queue_init:65]QPC init qnodes 8, size 508, pool 0x88472580
[22:14:53.186] RX< [7] [cam] [154465][tshell][_qpc_get_cap_cfg_para:888][fallback]preset capCfg 0 0 0 invalid, use default
[22:14:53.186] RX< 
[22:14:53.186] RX< [7] [cam] [154466][tshell][_qpc_cfg_hdr_frms:832][fallback]preset hdrCfg 0 32 7 25600 148508608 invalid, use default
[22:14:53.186] RX< [6] [cam] [154481][tshell][qpc_core_init:1264]X ctx size 3800 addr 0x8846e738
[22:14:53.186] RX< [6] [cam] [154481][tshell][cpm_core_get_param:666]cpm para 
[22:14:53.191] RX< chk: tunBin-w 4032 h 2266 img-w 4032 h 2268
[22:14:53.191] RX< [6] [cam] [154482][tshell][cam_fe_core_init:436]E id,0
[22:14:53.191] RX< [6] [cam] [154482][tshell][cam_fe_core_init:490]X ctx size 100 addr 0x88481d60
[22:14:53.191] RX< [7] [cam] [154483][tshell][qpc_core_fe_chords_init:1659][34mqpc fe init sns
[22:14:53.192] RX< Out w 4032 h 2268, tbl w 28 h 20[0m
[22:14:53.192] RX< [6] [cam] [154484][tshell][cam_me_core_init:1474]X ctx size 1352 addr 0x8849e408
[22:14:53.192] RX< [34m[ME SLICE CFG] perf=1308(us)!
[22:14:53.192] RX< [0m[6] [cam] [154487][tshell][cam_bayer_fe_3a_stats_core_init:445]fe 3a id,0
[22:14:53.192] RX< [6] [cam] [154487][tshel
[22:14:53.200] RX< l][cam_bayer_fe_3a_stats_core_init:490]X ctx size 132 addr 0x884a6d60
[22:14:53.200] RX< [6] [cam] [154488][tshell][awb_wrapper_init:66]xxx awb_bin=0x88474a5c, awb_bin_length=8068
[22:14:53.200] RX< [6] [cam] [154488][tshell][awb_wrapper_init:86]X algo_handle 0x884ac9c0
[22:14:53.200] RX< [7] [cam] [154489][aw
[22:14:53.200] RX< b0][a5_core_wrapper_task:252]thread start cid,0 algo type,2
[22:14:53.200] RX< [6] [cam] [154489][tshell][a5_core_init_task:426]thread created: awb0 mq=0x884aec88 thread=0x884aeda0 sem=0x884aec18 ret=0
[22:14:53.200] RX< [6] [cam] [154490][tshell][bayer_ae_wrapper_init:68]E id,0 proc mode 0 
[22:14:53.202] RX< [33m[W/ftp] service go wrong, now wait restarting...[0m
[22:14:53.202] RX< 
[22:14:53.202] RX< [AEC Proc] @[allib_ae_set_debug_log_flag] Line:129:[DEBUG] debug level/to_file/to_terminal: 22/1/1
[22:14:53.202] RX< [AEC Proc] @[AeInit] Line:377:[INFO] AE ver: 2026_V2.269
[22:14:53.202] RX< 
[22:14:53.202] RX< [AEC Proc] @[allib_ae_loadfunc] Line:19
[22:14:53.202] RX< 3:[INFO] camera ID: 0
[22:14:53.202] RX< [AEC Proc] @[alAE_set_param] Line:575:[DEBUG] sw_maxtime 33004 ,pertline 10800, after check sensor step sw_max_time 33000.00
[22:14:53.202] RX< [AEC Proc] @[alAE_set_param] Line:580:[DEBUG] sw_mintime 43 ,pertline 10800, after check sensor step sw_min_
[22:14:53.205] RX< time 40.00
[22:14:53.205] RX< [AEC Proc] @[alAE_set_param] Line:513:[DEBUG] DEBUG minbv exptime 11 gain 100, minExpBV 13810
[22:14:53.205] RX< [AEC Proc] @[AeTuningParseSet] Line:167:[DEBUG] aeparam version 2.268 60530
[22:14:53.205] RX< [AEC Proc] @[alAE_set_param] Line:340:[DEBUG] INITEXP gain 100, shutter 33
[22:14:53.205] RX< 242, midtonegain 100, bv 2247
[22:14:53.205] RX< [6] [cam] [154500][tshell][bayer_ae_wrapper_init:119]X tline 10800 max_exp 33004 alg_hdl 0x884b1550 
[22:14:53.205] RX< [7] [cam] [154501][b_ae0][a5_core_wrapper_task:252]thread start cid,0 algo type,0
[22:14:53.205] RX< [6] [cam] [154501][tshell][a5_core_init_t
[22:14:53.208] RX< ask:426]thread created: b_ae0 mq=0x884b2600 thread=0x884b2718 sem=0x884b2590 ret=0
[22:14:53.208] RX< [6] [cam] [154502][tshell][atf_wrapper_init:67]E id,0
[22:14:53.208] RX< [6] [cam] [154503][tshell][atf_wrapper_init:107]X alg_ctx addr 0x884b2840
[22:14:53.208] RX< [7] [cam] [154503][atf0][a5_core_wrapper_tas
[22:14:53.208] RX< k:252]thread start cid,0 algo type,1
[22:14:53.208] RX< [6] [cam] [154503][tshell][a5_core_init_task:426]thread created: atf0 mq=0x884bc770 thread=0x884bc888 sem=0x884b2908 ret=0
[22:14:53.208] RX< [6] [cam] [154504][tshell][cam_cpm_core_init:1030]X ctx size 1064 addr 0x8846e218
[22:14:53.208] RX< [6] [cam] [1
[22:14:53.224] RX< 54504][tshell][csc_open:527]ok! phys_id[1], phys_num[1] 
[22:14:53.224] RX< [6] [cam] [154505][tshell][cam_open:699]open ok! camera_id[0]
[22:14:53.224] RX< [34m[cam open] perf=69333(us)!
[22:14:53.224] RX< [0m[6] [App Cam] cam open success
[22:14:53.224] RX< [6] [App Cam] hevc init success
[22:14:53.224] RX< [6] [cam] [154519][tshell][csc_init:
[22:14:53.224] RX< 637]sensor info:size:4032x2268, formt: 0x2b, bps: 1968, tline: 10800
[22:14:53.224] RX< [6] [cam] [154520][tshell][cam_sif_mgr_init:261]E id,0
[22:14:53.224] RX< [7] [cam] [154520][sif0][sif_irq_proc:151]thread start cid,0
[22:14:53.224] RX< [6] [cam] [154520][tshell][cam_sif_mgr_init:293]X ctx size 52 addr 0x
[22:14:53.239] RX< 884edf10
[22:14:53.239] RX< [6] [cam] [154521][tshell][cam_prelude_init_cfg:368]CSI ID is 0,  phy lanes is 2.
[22:14:53.239] RX< [7] [cam] [154521][tshell][check_phy_ready:96]MIPI_PHY[0] is ready
[22:14:53.239] RX< [6] [cam] [154521][tshell][sensor_init:348]sensor [1]: register ok
[22:14:53.239] RX< [6] [cam] [154522][tshell][se
[22:14:53.239] RX< nsor_set_mode:852]sensor [1]: SetMode -> mode = 0.
[22:14:53.239] RX< [6] [cam] [154522][tshell][sensor_send_reg_tab_to_sensor:704]sensor [1]: send_reg_tab_to_sensor E.
[22:14:53.239] RX< [6] [cam] [154534][tshell][sensor_send_reg_tab_to_sensor:726]sensor [1]: reg_count = 77.
[22:14:53.239] RX< [6] [cam] [15453
[22:14:53.255] RX< 5][tshell][sensor_init:361]sensor [1]: init success.
[22:14:53.255] RX< [6] [cam] [154536][tshell][sensor_set_mode:852]sensor [1]: SetMode -> mode = 3.
[22:14:53.255] RX< [6] [cam] [154536][tshell][sensor_send_reg_tab_to_sensor:704]sensor [1]: send_reg_tab_to_sensor E.
[22:14:53.255] RX< [6] [cam] [154551][tshe
[22:14:53.255] RX< ll][sensor_send_reg_tab_to_sensor:726]sensor [1]: reg_count = 83.
[22:14:53.255] RX< [6] [cam] [154551][tshell][csc_init:646]ok! phys_id[1], phys_num[1]
[22:14:53.255] RX< [6] [cam] [154552][tshell][csc_get_bayer_single_buffer:1038]scenario_type: 3
[22:14:53.255] RX< [6] [cam] [154552][tshell][csc_set_stats_fmt
[22:14:53.258] RX< :98]index 0 w 1 h 1 bw 8 wcmp 255
[22:14:53.258] RX< [7] [cam] [154553][tshell][bm_ioctl:201]BMIOC_STATS_FMT
[22:14:53.258] RX< [6] [cam] [154553][tshell][csc_set_fe_fmt:47]index 1 w 4032 h 2268 bw 10 wcmp 0
[22:14:53.258] RX< [7] [cam] [154553][tshell][bm_ioctl:201]BMIOC_FE_FMT
[22:14:53.258] RX< [6] [cam] [154553][tshell][csc_
[22:14:53.261] RX< set_me_fmt:64]index 5 w 2268 h 4032 bw 10 wcmp 0, rdma_addr 0x894afe00, wdma_addr 0x894afe00
[22:14:53.261] RX< [7] [cam] [154554][tshell][bm_ioctl:201]BMIOC_ME_FMT
[22:14:53.261] RX< [6] [cam] [154554][tshell][csc_set_video_fmt:966]meta_addr: 0x89d6c600
[22:14:53.261] RX< [6] [cam] [154555][tshell][csc_set_me
[22:14:53.261] RX< _fmt:64]index 6 w 1296 h 2304 bw 8 wcmp 255, rdma_addr 0x88795200, wdma_addr 0x8c000000
[22:14:53.261] RX< [6] [cam] [154555][tshell][cam_me_core_buffer_cfg:1367]
[22:14:53.261] RX< ----ME PIPE INFO---
[22:14:53.261] RX<  wdma_buf_num:1, rotation_en: 1
[22:14:53.261] RX< [7] [cam] [154556][tshell][cam_me_core_buffer_cfg:1375]yu
[22:14:53.264] RX< v wdma_addr 0:0x8c000000, meta_en: 1, 0x89d6c600
[22:14:53.264] RX< [7] [cam] [154557][tshell][bm_ioctl:201]BMIOC_ME_FMT
[22:14:53.264] RX< [6] [cam] [154557][tshell][csc_set_lite_fmt:115]index 13 w 400 h 400 bw 10 wcmp 255
[22:14:53.264] RX< [7] [cam] [154557][tshell][bm_ioctl:201]BMIOC_LITE_FMT
[22:14:53.264] RX< [6] [cam] [15
[22:14:53.264] RX< 4558][tshell][csc_set_lite_fmt:115]index 14 w 400 h 400 bw 10 wcmp 255
[22:14:53.264] RX< [7] [cam] [154558][tshell][bm_ioctl:201]BMIOC_LITE_FMT
[22:14:53.264] RX< [6] [cam] [154559][tshell][csc_init:654]get otp ok! phys_id[1], phys_num[1]
[22:14:53.264] RX< [6] [cam] [154559][tshell][cam_init:789]init ok! logi
[22:14:53.267] RX< c_id[0]
[22:14:53.267] RX< [34m[cam init] perf=40873(us)!
[22:14:53.267] RX< [0m[6] [App Cam] cam init success
[22:14:53.267] RX< [7] [cam] [154560][tshell][cam_cpm_core_stream_on:541]id 0 sensor type 1
[22:14:53.267] RX< [6] [cam] [154560][tshell][sensor_stream_on:979]sensor [1]: stream_on
[22:14:53.267] RX< [6] [cam] [154561][tshell][sensor_s
[22:14:53.268] RX< tream_on:1007]sensor [1]: REG: 0x100, W:0x1.
[22:14:53.268] RX< [6] [cam] [154562][tshell][sensor_stream_on:1009]sensor [1]: REG: 0x100, R:0x1.
[22:14:53.268] RX< [6] [cam] [154562][tshell][csc_prv_start:783]ok! phys_id[1], phys_num[1], cam_ids[1]
[22:14:53.268] RX< [6] [cam] [154562][tshell][cam_start:897]prev
[22:14:53.283] RX< iew start ok! logic_id[0]
[22:14:53.283] RX< [34m[cam start] perf=2621(us)!
[22:14:53.283] RX< [0m[6] [App Cam] cam start success
[22:14:53.283] RX< [6] [App Dfs] Gravity_XR Record Start
[22:14:53.283] RX< msh /emmc>echo "__EVBTEST_END_ba05dbb9__"
[22:14:53.283] RX< __EVBTEST_END_ba05dbb9__
[22:14:53.283] RX< msh /emmc>[7] [cam] [154565][b_3a_sts][bayer_stats_core_
[22:14:53.410] RX< irq_proc:164]thread start cid,0
[22:14:53.410] RX< [7] [cam] [154565][fe0][fe_core_irq_proc:98]thread start cid,0
[22:14:53.410] RX< [34m[AE] fid=0,exp=10020,adg=300,Y=3622,mtg=100,shg=100,bgbv=3760,iso=300,cnv0,hdr0
[22:14:53.410] RX< [0m[34m[b_ae0 proc] perf=8093(us), max=8093(us)!
[22:14:53.410] RX< [0m[34m[awb0 proc] pe
[22:14:53.776] RX< rf=4416(us), max=4416(us)!
[22:14:53.776] RX< [0m[6] [cam] [154856][me0][cpm_cb_fe2me_tikChk:152]frm_length 88560us, fe2me delta 0
[22:14:53.776] RX< [34m[ME INTP]fid=0, shutter=10020, perf=2839(us), max=2839(us)!
[22:14:53.776] RX< [0m[7] [cam] [155034][me0][me_core_thread:322]ME out fid 0
[22:14:53.776] RX< [34m[awb0 proc] p
[22:14:54.240] RX< erf=6079(us), max=6079(us)!
[22:14:54.240] RX< [0m[6] [App Dfs] f_index = 0, f_len = 140426, cur_total_len = 140514
[22:14:54.240] RX< [33m[W/ftp] service go wrong, now wait restarting...[0m
[22:14:54.240] RX< [33m[W/ftp] service go wrong, now wait restarting...[0m
[22:14:54.240] RX< [34m[awb0 proc] perf=6309(us), max=6309(
[22:14:55.047] RX< us)!
[22:14:55.047] RX< [0m[34m[AE] fid=30,exp=11670,adg=300,Y=3410,mtg=185,shg=143,bgbv=847,iso=300,cnv2,hdr0
[22:14:55.047] RX< [0m[7] [cam] [156035][me0][me_core_thread:322]ME out fid 30
[22:14:55.047] RX< [34m[awb0 proc] perf=6883(us), max=6883(us)!
[22:14:55.047] RX< [0m[33m[W/ftp] service go wrong, now wait restarting.
[22:14:55.772] RX< ..[0m
[22:14:55.772] RX< [33m[W/ftp] service go wrong, now wait restarting...[0m
[22:14:55.772] RX< [34m[AE] fid=60,exp=12700,adg=300,Y=3777,mtg=180,shg=103,bgbv=907,iso=300,cnv2,hdr0
[22:14:55.772] RX< [0m[7] [cam] [157035][me0][me_core_thread:322]ME out fid 60
[22:14:55.772] RX< [34m[awb0 proc] perf=6264(us), max=6883(us)!
[22:14:56.569] RX< 
[22:14:56.569] RX< [0m[33m[W/ftp] service go wrong, now wait restarting...[0m
[22:14:56.569] RX< [33m[W/ftp] service go wrong, now wait restarting...[0m
[22:14:56.569] RX< [34m[AE] fid=90,exp=12700,adg=300,Y=3775,mtg=180,shg=104,bgbv=907,iso=300,cnv2,hdr0
[22:14:56.569] RX< [0m[34m[b_ae0 proc] perf=958(us), max=8093(us)!
[22:14:57.042] RX< 
[22:14:57.042] RX< [0m[34m[awb0 proc] perf=4382(us), max=6264(us)!
[22:14:57.042] RX< [0m[7] [cam] [158034][me0][me_core_thread:322]ME out fid 90
[22:14:57.042] RX< [34m[awb0 proc] perf=6680(us), max=6680(us)!
[22:14:57.042] RX< [0m[6] [App Dfs] f_index = 90, f_len = 222601, cur_total_len = 6825361
[22:14:57.042] RX< [33m[W/ftp] service go wr
[22:14:57.663] RX< ong, now wait restarting...[0m
[22:14:57.663] RX< [33m[W/ftp] service go wrong, now wait restarting...[0m
[22:14:57.663] RX< [34m[AE] fid=120,exp=12700,adg=300,Y=3775,mtg=180,shg=104,bgbv=907,iso=300,cnv2,hdr0
[22:14:57.663] RX< [0m[34m[awb0 proc] perf=6130(us), max=6680(us)!
[22:14:57.663] RX< [0m[34m[ME INTP]fid=120, shu
[22:14:58.297] TX> dfs_video_stop
[22:14:58.297] TX> echo "__EVBTEST_END_906b3dfe__"
[22:14:58.306] RX< tter=12700, perf=6(us), max=15310(us)!
[22:14:58.306] RX< [0m[7] [cam] [159034][me0][me_core_thread:322]ME out fid 120
[22:14:58.306] RX< [33m[W/ftp] service go wrong, now wait restarting...[0m
[22:14:58.306] RX< [33m[W/ftp] service go wrong, now wait restarting...[0m
[22:14:58.306] RX< dfs_video_stop
[22:14:58.306] RX< msh /emmc>echo "__EVBTES
[22:14:58.337] RX< T_END_906b3dfe__"
[22:14:58.337] RX< __EVBTEST_END_906b3dfe__
[22:14:58.337] RX< msh /emmc>[6] [App Dfs]  Gravity_XR Record Stop Success: total frames = 138
[22:14:58.337] RX< [6] [cam] [159617][DfsSend][sensor_stream_off:1143]sensor [1]: stream_off
[22:14:58.337] RX< [6] [cam] [159617][DfsSend][sensor_stream_off:1172]sensor [1]: 
[22:14:58.347] RX< REG: 0x100, W:0x0.
[22:14:58.347] RX< [6] [cam] [159619][DfsSend][sensor_stream_off:1174]sensor [1]: REG: 0x100, R:0x0.
[22:14:58.347] RX< [6] [cam] [159638][DfsSend][csc_prv_stop:893]ok! phys_id[1], phys_num[1], stop_type = 0
[22:14:58.347] RX< [6] [cam] [159638][DfsSend][cam_stop:1017]preview stop ok! logic_id
[22:14:58.348] RX< [0]
[22:14:58.348] RX< [34m[cam stop] perf=21658(us)!
[22:14:58.348] RX< [0m[6] [App Cam] cam stop success
[22:14:58.348] RX< Total of 139 frames encoded, 10469212 bytes, max_workbuffer_used: 4911104 bytes
[22:14:58.348] RX< [6] [App Cam] hevc_encoder_deinit success
[22:14:58.348] RX< [7] [cam] [159644][DfsSend][cam_cpm_core_power_off:457]id,0 t
[22:14:58.352] RX< ype,1 ret 0
[22:14:58.352] RX< [6] [cam] [159644][sif0][sif_irq_proc:174]thread release cid,0
[22:14:58.352] RX< [6] [cam] [159644][DfsSend][cam_sif_mgr_deinit:316]X
[22:14:58.352] RX< [6] [cam] [159645][DfsSend][cam_deinit:846]deinit ok! logic_id[0]
[22:14:58.352] RX< [34m[cam deinit] perf=1298(us)!
[22:14:58.352] RX< [0m[6] [App Cam] cam dein
[22:14:58.352] RX< it success
[22:14:58.352] RX< [6] [cam] [159645][DfsSend][sensor_close:1247]sensor [1]: close!
[22:14:58.352] RX< [6] [cam] [159647][DfsSend][cam_bm_core_deinit:136]X
[22:14:58.352] RX< [6] [cam] [159647][me0][me_core_thread:367]thread release cid,0
[22:14:58.352] RX< [6] [cam] [159648][DfsSend][cam_me_core_deinit:1502]X
[22:14:58.352] RX< [6] [ca
[22:14:58.355] RX< m] [159648][fe0][fe_core_irq_proc:121]thread release cid,0
[22:14:58.355] RX< [6] [cam] [159649][DfsSend][cam_fe_core_deinit:536]X
[22:14:58.355] RX< [6] [cam] [159649][b_3a_sts][bayer_stats_core_irq_proc:193]thread release cid,0
[22:14:58.355] RX< [6] [cam] [159650][DfsSend][cam_bayer_stats_core_deinit:512]X
[22:14:58.355] RX< [6] [cam] [159650][b_ae0][a5_core_wrapper_task:315]thread release cid,0,algo,0
[22:14:58.355] RX< [6] [cam] [159650][DfsSend][bayer_ae_wrapper_deinit:204]X
[22:14:58.355] RX< [6] [cam] [159651][atf0][a5_core_wrapper_task:315]thread release cid,0,algo,1
[22:14:58.355] RX< [6] [cam] [159651][DfsSend][atf_wrapper
[22:14:58.357] RX< _deinit:153]X
[22:14:58.357] RX< [6] [cam] [159651][awb0][a5_core_wrapper_task:315]thread release cid,0,algo,2
[22:14:58.357] RX< [6] [cam] [159652][DfsSend][awb_wrapper_deinit:153]X
[22:14:58.357] RX< [6] [cam] [159652][DfsSend][cam_5a_core_deinit:555]X
[22:14:58.357] RX< [6] [cam] [159652][DfsSend][cam_5a_inf_deinit:149]X
[22:14:58.357] RX< [6] 
[22:14:58.357] RX< [cam] [159653][qpc0][qpc_core_msg_proc:697]thread release cid,0
[22:14:58.357] RX< [6] [cam] [159653][DfsSend][qpc_core_deinit:1330]X
[22:14:58.357] RX< [6] [cam] [159653][DfsSend][cam_cpm_core_deinit:1107]X
[22:14:58.357] RX< [6] [cam] [159654][DfsSend][csc_close:584]ok! phys_id[1], phys_num[1]
[22:14:58.357] RX< [7] [cam] [159
[22:14:58.364] RX< 654][cer0][cer_recovery_proc:352]msg type = 254
[22:14:58.364] RX< [6] [cam] [159654][cer0][cer_recovery_proc:454]thread release cid,0
[22:14:58.364] RX< [6] [cam] [159655][DfsSend][cer_deinit:560]X
[22:14:58.364] RX< [6] [cam] [159655][DfsSend][cam_close:750]close ok! logic_id[0]
[22:14:58.364] RX< [34m[cam close] perf=9843(us
[22:14:58.364] RX< )!
[22:14:58.364] RX< [0m[6] [App Cam] cam close success
[22:14:58.364] RX< [6] [cam] [159656][cpl0][cam_prelude_proc_routine:136]thread release
[22:14:58.364] RX< [6] [cam] [159656][DfsSend][cam_exit:551]exit ok!
[22:14:58.364] RX< [34m[cam exit] perf=568(us)!
[22:14:58.364] RX< [0m[6] [App Cam] cam exit success
[22:14:58.364] RX< [6] [App Dfs] Save Video Succe
[22:14:59.197] RX< ssful: /emmc/VIDEO/20260813_011452_4342/Video_4342_0.h265
[22:14:59.197] RX< [6] [App Dfs] Save Imu Successful: /emmc/VIDEO/20260813_011452_4342/Imu_4342.bin
[22:14:59.197] RX< [6] [App Dfs] Video recording completed successfully.
[22:14:59.197] RX< [33m[W/ftp] service go wrong, now wait restarting...[0m
[22:14:59.197] RX< [33
[22:14:59.205] TX> ftp_server
[22:14:59.205] TX> echo "__EVBTEST_END_145d5a78__"
[22:15:00.208] RX< m[W/ftp] service go wrong, now wait restarting...[0m
[22:15:00.208] RX< ftp_server
[22:15:00.208] RX< 
[22:15:00.208] RX< [FTP] Ftp server init success!!!
[22:15:00.208] RX< msh /emmc>echo "__EVBTEST_END_145d5a78__"
[22:15:00.208] RX< __EVBTEST_END_145d5a78__
[22:15:00.208] RX< msh /emmc>[33m[W/ftp] service go wrong, now wait restarting...[0m
[22:15:00.208] RX< [33m[W/ftp] service
[22:15:02.208] RX<  go wrong, now wait restarting...[0m
[22:15:02.208] RX< [33m[W/ftp] service go wrong, now wait restarting...[0m
[22:15:02.208] RX< [33m[W/ftp] service go wrong, now wait restarting...[0m
[22:15:02.208] RX< [33m[W/ftp] service go wrong, now wait restarting...[0m
[22:15:04.196] RX< [33m[W/ftp] service go wrong, now wait restarting...[0m
[22:15:04.196] RX< [33m[W/ftp] service go wrong, now wait restarting...[0m
[22:15:04.196] RX< [33m[W/ftp] service go wrong, now wait restarting...[0m
[22:15:04.196] RX< [33m[W/ftp] service go wrong, now wait restarting...[0m
[22:15:04.196] RX< [33m[W/ftp] service go 
