[03:15:39.937] [INFO] VX100 EVB 自动化测试启动，运行时间戳: 20260817_031539
[03:15:39.937] [INFO] 启用模块: ['wifi_check', 'wifi_scan', 'wifi_join', 'emmc', 'ftp', 'photo', 'video', 'rtmp']
[03:15:39.938] [INFO] 开始自动探测 EVB 串口，候选端口 ['/dev/ttyUSB0']，候选波特率 [2000000, 250000, 115200, 921600]
[03:15:39.938] [DEBUG] 探测 /dev/ttyUSB0 @ 2000000 ...
[03:15:42.247] [INFO]   命中 EVB 指纹: /dev/ttyUSB0 @ 2000000
[03:15:42.247] [INFO] 探测到 EVB: /dev/ttyUSB0 @ 2000000
[03:15:42.248] [INFO] 串口已打开: /dev/ttyUSB0 @ 2000000 bps
[03:15:44.249] [INFO] EVB 已就绪
[03:15:46.252] [DEBUG] 串口自检通过
[03:15:46.252] [INFO] 预清理板子状态...
[03:15:57.569] [INFO] 使用默认 WiFi: G-Demo
[03:16:27.784] [ERROR] WiFi 连接失败: 期望结果未出现(30.0s): Got IP address\s*:\s*([0-9.]+)
[03:16:27.784] [ERROR] 输出: [W/ftp] service go wrong, now wait restarting...
[W/ftp] service go wrong, now wait restarting...
wifi join G-Demo Gdemo@123
[W/ftp] service go wrong, now wait restarting...
[W/ftp] service go wrong, now wait restarting...
[W/ftp] service go wrong, now wait restarting...
[W/ftp] service go wrong, now wait restarting...
[W/ftp] service go wrong, now wait restarting...
[W/ftp] service go wrong, now wait restarting...
[W/ftp] service go wrong, now wait restarting...
[W/ftp] service go wrong, now wait restarting...
[W/ftp] service go wrong, now wait restarting...
[W/ftp] service go wrong, now wait restarting...
[W/ftp] service go wrong, now wait restarting...
whd_wifi_join_wait_for_complete: not ready to transceive (err 33555456); left network
Function whd_wifi_join failed at line 2164 checkres = 33555456 
msh />echo "__EVBTEST_END_0c01a072__"
__EVBTEST_END_0c01a072__
msh />[W/ftp] service go wrong, now wait restarting...
[W/ftp] service go wrong, now wait restarting...
[W/ftp] service go wrong, now wait restarting...
[W/ftp] service go wrong, now wait restarting...
[W/ftp] service go wrong, now wait restarting...
[W/ftp] service go wrong, now wait restarting...
[W/ftp] service go wrong, now wait restarting...
[W/ftp] service go wrong, now wait restarting...
[W/ftp] service go wrong, now wait restarting...
[W/ftp] service go wrong, now wait restarting...
[W/ftp] service go wrong, now wait restarting...
[W/ftp] service go wrong, now wait restarting...
[W/ftp] service go wrong, now wait restarting...
[W/ftp] service go wrong, now wait restarting...
[W/ftp] service go wrong, now wait restarting...
[W/ftp] service go wrong, now wait restarting...
[W/ftp] service go wrong, now wait restarting...
[W/ftp] service go wrong, now wait restarting...

[03:16:27.784] [WARN] WiFi 交互连接失败，将依赖 wifi_join 用例连接
[03:16:27.784] [INFO] 本次执行模块顺序: ['wifi_check', 'wifi_scan', 'wifi_join', 'emmc', 'ftp', 'photo', 'video', 'rtmp']
[03:16:27.784] >>> 执行模块: wifi_check
[03:16:29.789] [PASS] wifi_check (2004ms) - 未联网，将继续 scan/join
[03:16:29.789] >>> 执行模块: wifi_scan
[03:16:33.954] [PASS] wifi_scan (4165ms) - 扫描到 8 个 AP
[03:16:33.955] >>> 执行模块: wifi_join
[03:17:04.156] [FAIL] wifi_join (0ms) - 连接失败或未获取 IP (G-Demo)
[03:17:04.156] >>> 执行模块: emmc
[03:17:05.733] [PASS] emmc (1576ms) - 已进入 /emmc（自动挂载）
[03:17:05.733] [SKIP] ftp (0ms) - 依赖模块未通过: ['wifi_join']
[03:17:05.733] >>> 执行模块: photo
[03:17:05.733] [SKIP] photo (0ms) - FTP 客户端不可用，跳过拍照
[03:17:05.733] >>> 执行模块: video
[03:17:05.733] [SKIP] video (0ms) - FTP 客户端不可用，跳过录像
[03:17:05.733] [SKIP] rtmp (0ms) - 依赖模块未通过: ['wifi_join']
[03:17:05.776] ==================================================
[03:17:05.776] 测试完成：共 8 项 | 通过 3 | 失败 1 | 跳过 4 | 错误 0 | 通过率 37.5% | 总耗时 7.7s
[03:17:05.776] ==================================================
[03:17:05.776] [INFO]   json 报告: reports/20260817_031539/result.json
[03:17:05.776] [INFO]   junit 报告: reports/20260817_031539/junit.xml
[03:17:05.776] [INFO]   html 报告: reports/20260817_031539/report.html
[03:17:07.739] [DEBUG] 串口已关闭
