[03:15:42.248] TX> 
[03:15:43.249] TX> 
[03:15:44.249] RX< 
[03:15:44.249] RX< msh />
[03:15:44.249] RX< msh />
[03:15:44.458] TX> echo "EVBTEST_HELLO"
[03:15:44.458] TX> echo "__EVBTEST_END_2f7cd3a0__"
[03:15:46.251] RX< echo "EVBTEST_HELLO"
[03:15:46.251] RX< EVBTEST_HELLO
[03:15:46.251] RX< msh />echo "__EVBTEST_END_2f7cd3a0__"
[03:15:46.251] RX< __EVBTEST_END_2f7cd3a0__
[03:15:46.251] RX< msh />
[03:15:46.458] TX> cd /
[03:15:46.458] TX> echo "__EVBTEST_END_b47ff829__"
[03:15:48.254] RX< cd /
[03:15:48.254] RX< msh />echo "__EVBTEST_END_b47ff829__"
[03:15:48.254] RX< __EVBTEST_END_b47ff829__
[03:15:48.254] RX< msh />
[03:15:48.455] TX> dfs_video_stop
[03:15:48.455] TX> echo "__EVBTEST_END_eafffa6f__"
[03:15:50.256] RX< dfs_video_stop
[03:15:50.256] RX< [6] [App Dfs] Please start recording the video first.
[03:15:50.256] RX< msh />echo "__EVBTEST_END_eafffa6f__"
[03:15:50.256] RX< __EVBTEST_END_eafffa6f__
[03:15:50.256] RX< msh />
[03:15:50.462] TX> ftp_server
[03:15:50.462] TX> echo "__EVBTEST_END_b5ee6cc5__"
[03:15:52.258] RX< ftp_server
[03:15:52.258] RX< 
[03:15:52.258] RX< [FTP] Ftp server init success!!!
[03:15:52.258] RX< msh />echo "__EVBTEST_END_b5ee6cc5__"
[03:15:52.258] RX< __EVBTEST_END_b5ee6cc5__
[03:15:52.258] RX< msh />
[03:15:56.261] RX< [33m[W/ftp] service go wrong, now wait restarting...[0m
[03:15:57.784] TX> wifi join G-Demo Gdemo@123
[03:15:57.784] TX> echo "__EVBTEST_END_0c01a072__"
[03:15:58.262] RX< [33m[W/ftp] service go wrong, now wait restarting...[0m
[03:15:58.262] RX< [33m[W/ftp] service go wrong, now wait restarting...[0m
[03:15:58.262] RX< wifi join G-Demo Gdemo@123
[03:16:00.264] RX< [33m[W/ftp] service go wrong, now wait restarting...[0m
[03:16:00.264] RX< [33m[W/ftp] service go wrong, now wait restarting...[0m
[03:16:02.265] RX< [33m[W/ftp] service go wrong, now wait restarting...[0m
[03:16:02.265] RX< [33m[W/ftp] service go wrong, now wait restarting...[0m
[03:16:04.266] RX< [33m[W/ftp] service go wrong, now wait restarting...[0m
[03:16:04.266] RX< [33m[W/ftp] service go wrong, now wait restarting...[0m
[03:16:06.268] RX< [33m[W/ftp] service go wrong, now wait restarting...[0m
[03:16:06.268] RX< [33m[W/ftp] service go wrong, now wait restarting...[0m
[03:16:08.269] RX< [33m[W/ftp] service go wrong, now wait restarting...[0m
[03:16:08.269] RX< [33m[W/ftp] service go wrong, now wait restarting...[0m
[03:16:08.720] RX< [33m[W/ftp] service go wrong, now wait restarting...[0m
[03:16:08.720] RX< whd_wifi_join_wait_for_complete: not ready to transceive (err 33555456); left network
[03:16:08.720] RX< Function whd_wifi_join failed at line 2164 checkres = 33555456 
[03:16:08.720] RX< msh />echo "__EVBTEST_END_0c01a072__"
[03:16:08.720] RX< __EVBTEST
[03:16:10.721] RX< _END_0c01a072__
[03:16:10.721] RX< msh />[33m[W/ftp] service go wrong, now wait restarting...[0m
[03:16:10.721] RX< [33m[W/ftp] service go wrong, now wait restarting...[0m
[03:16:12.721] RX< [33m[W/ftp] service go wrong, now wait restarting...[0m
[03:16:12.721] RX< [33m[W/ftp] service go wrong, now wait restarting...[0m
[03:16:14.722] RX< [33m[W/ftp] service go wrong, now wait restarting...[0m
[03:16:14.722] RX< [33m[W/ftp] service go wrong, now wait restarting...[0m
[03:16:16.723] RX< [33m[W/ftp] service go wrong, now wait restarting...[0m
[03:16:16.723] RX< [33m[W/ftp] service go wrong, now wait restarting...[0m
[03:16:18.724] RX< [33m[W/ftp] service go wrong, now wait restarting...[0m
[03:16:18.724] RX< [33m[W/ftp] service go wrong, now wait restarting...[0m
[03:16:20.724] RX< [33m[W/ftp] service go wrong, now wait restarting...[0m
[03:16:20.724] RX< [33m[W/ftp] service go wrong, now wait restarting...[0m
[03:16:22.725] RX< [33m[W/ftp] service go wrong, now wait restarting...[0m
[03:16:22.725] RX< [33m[W/ftp] service go wrong, now wait restarting...[0m
[03:16:24.726] RX< [33m[W/ftp] service go wrong, now wait restarting...[0m
[03:16:24.726] RX< [33m[W/ftp] service go wrong, now wait restarting...[0m
[03:16:26.726] RX< [33m[W/ftp] service go wrong, now wait restarting...[0m
[03:16:26.726] RX< [33m[W/ftp] service go wrong, now wait restarting...[0m
[03:16:27.788] RX< [33m[W/ftp] service go wrong, now wait restarting...[0m
[03:16:27.788] RX< ifconfig
[03:16:27.788] RX< network interface device: w0 (Default)
[03:16:27.788] RX< MTU: 1500
[03:16:27.788] RX< MAC: 8c ea 12 ba a8 2c 
[03:16:27.788] RX< FLAGS: UP LINK_DOWN INTERNET_DOWN DHCP_ENABLE ETHARP BROADCAST IGMP
[03:16:27.788] RX< ip address: 0.0.0.0
[03:16:27.788] RX< gw address: 0.0.0.0
[03:16:27.788] RX< net 
[03:16:27.788] RX< mask  : 0.0.0.0
[03:16:27.788] RX< dns server #0: 0.0.0.0
[03:16:27.788] RX< dns server #1: 0.0.0.0
[03:16:27.788] RX< 
[03:16:27.788] RX< network interface device: w1
[03:16:27.788] RX< MTU: 1500
[03:16:27.788] RX< MAC: 8e ea 12 ba a8 2c 
[03:16:27.788] RX< FLAGS: UP LINK_DOWN INTERNET_DOWN DHCP_ENABLE ETHARP BROADCAST IGMP
[03:16:27.788] RX< ip address: 0.0.0.0
[03:16:27.788] RX< gw address: 0.0.0.0
[03:16:27.788] RX< net mask  : 0.0.
[03:16:27.986] TX> ifconfig
[03:16:27.986] TX> echo "__EVBTEST_END_d8d942a3__"
[03:16:29.789] RX< 0.0
[03:16:29.789] RX< dns server #0: 0.0.0.0
[03:16:29.789] RX< dns server #1: 0.0.0.0
[03:16:29.789] RX< msh />echo "__EVBTEST_END_d8d942a3__"
[03:16:29.789] RX< __EVBTEST_END_d8d942a3__
[03:16:29.789] RX< msh />[33m[W/ftp] service go wrong, now wait restarting...[0m
[03:16:29.789] RX< [33m[W/ftp] service go wrong, now wait restarting...[0m
[03:16:29.874] RX< wifi scan
[03:16:29.874] RX<              SSID                      MAC            security    rssi chn Mbps
[03:16:29.874] RX< ------------------------------- -----------------  -------------- ---- --- ----
[03:16:29.874] RX< HUAWEI-AX2                      02:25:74:39:4e:47  WPA2_AES_PSK   -56    1  300
[03:16:29.874] RX< ftp_
[03:16:29.991] TX> wifi scan
[03:16:29.991] TX> echo "__EVBTEST_END_1a24cb3d__"
[03:16:30.262] RX< hw_2_4g                     e2:19:01:17:87:d1  WPA2_AES_PSK   -36    1  144
[03:16:30.262] RX<  Gwireless                      f4:e4:51:83:d5:81  WPA2_AES_PSK   -51    6  144
[03:16:30.262] RX< G-Demo                          f4:e4:51:83:d5:82  WPA2_AES_PSK   -54    6  144
[03:16:30.262] RX< [33m[W/ftp] serv
[03:16:30.872] RX< ice go wrong, now wait restarting...[0m
[03:16:30.872] RX< MTK_CHEETAH_AP_2.4G             e0:ef:02:71:f5:71  OPEN           -40   13  300
[03:16:30.872] RX< HUAWEI-X1E3WU                   42:17:a3:f1:cf:49  WPA2_AES_PSK   -58    1  144
[03:16:30.872] RX< realme GT Neo5 SE               6e:de:3b:69:a5:79  WPA
[03:16:31.953] RX< 2_AES_PSK   -46    4  144
[03:16:31.953] RX< alk                             2c:97:b1:17:2e:a0  WPA2_AES_PSK   -53    6   72
[03:16:31.953] RX< gravityXR                       f4:e4:51:83:d5:80  WPA2_AES_PSK   -47    6  144
[03:16:31.953] RX< [33m[W/ftp] service go wrong, now wait restarting...[0m
[03:16:31.953] RX< msh />ech
[03:16:33.954] RX< o "__EVBTEST_END_1a24cb3d__"
[03:16:33.954] RX< __EVBTEST_END_1a24cb3d__
[03:16:33.954] RX< msh />[33m[W/ftp] service go wrong, now wait restarting...[0m
[03:16:33.954] RX< [33m[W/ftp] service go wrong, now wait restarting...[0m
[03:16:34.156] TX> wifi join G-Demo Gdemo@123
[03:16:34.156] TX> echo "__EVBTEST_END_a4acbc36__"
[03:16:35.955] RX< wifi join G-Demo Gdemo@123
[03:16:35.955] RX< [33m[W/ftp] service go wrong, now wait restarting...[0m
[03:16:35.955] RX< [33m[W/ftp] service go wrong, now wait restarting...[0m
[03:16:37.956] RX< [33m[W/ftp] service go wrong, now wait restarting...[0m
[03:16:37.956] RX< [33m[W/ftp] service go wrong, now wait restarting...[0m
[03:16:39.957] RX< [33m[W/ftp] service go wrong, now wait restarting...[0m
[03:16:39.957] RX< [33m[W/ftp] service go wrong, now wait restarting...[0m
[03:16:39.957] RX< [32m[I/WLAN.mgnt] wifi connect success ssid:G-Demo[0m
[03:16:41.958] RX< [33m[W/ftp] service go wrong, now wait restarting...[0m
[03:16:41.958] RX< [33m[W/ftp] service go wrong, now wait restarting...[0m
[03:16:43.959] RX< [33m[W/ftp] service go wrong, now wait restarting...[0m
[03:16:43.959] RX< [33m[W/ftp] service go wrong, now wait restarting...[0m
[03:16:45.726] RX< [33m[W/ftp] service go wrong, now wait restarting...[0m
[03:16:45.726] RX< [33m[W/ftp] service go wrong, now wait restarting...[0m
[03:16:45.726] RX< whd_wifi_join_wait_for_complete: not ready to transceive (err 33555457); left network
[03:16:45.726] RX< Function whd_wifi_join failed at line 2164 checkres = 
[03:16:47.726] RX< 33555457 
[03:16:47.726] RX< msh />echo "__EVBTEST_END_a4acbc36__"
[03:16:47.726] RX< __EVBTEST_END_a4acbc36__
[03:16:47.726] RX< msh />[33m[W/ftp] service go wrong, now wait restarting...[0m
[03:16:47.726] RX< [33m[W/ftp] service go wrong, now wait restarting...[0m
[03:16:49.727] RX< [33m[W/ftp] service go wrong, now wait restarting...[0m
[03:16:49.727] RX< [33m[W/ftp] service go wrong, now wait restarting...[0m
[03:16:51.728] RX< [33m[W/ftp] service go wrong, now wait restarting...[0m
[03:16:51.728] RX< [33m[W/ftp] service go wrong, now wait restarting...[0m
[03:16:53.729] RX< [33m[W/ftp] service go wrong, now wait restarting...[0m
[03:16:53.729] RX< [33m[W/ftp] service go wrong, now wait restarting...[0m
[03:16:55.729] RX< [33m[W/ftp] service go wrong, now wait restarting...[0m
[03:16:55.729] RX< [33m[W/ftp] service go wrong, now wait restarting...[0m
[03:16:57.730] RX< [33m[W/ftp] service go wrong, now wait restarting...[0m
[03:16:57.730] RX< [33m[W/ftp] service go wrong, now wait restarting...[0m
[03:16:59.731] RX< [33m[W/ftp] service go wrong, now wait restarting...[0m
[03:16:59.731] RX< [33m[W/ftp] service go wrong, now wait restarting...[0m
[03:17:01.731] RX< [33m[W/ftp] service go wrong, now wait restarting...[0m
[03:17:01.731] RX< [33m[W/ftp] service go wrong, now wait restarting...[0m
[03:17:03.732] RX< [33m[W/ftp] service go wrong, now wait restarting...[0m
[03:17:03.732] RX< [33m[W/ftp] service go wrong, now wait restarting...[0m
[03:17:04.358] TX> cd /emmc
[03:17:04.358] TX> echo "__EVBTEST_END_28603452__"
[03:17:05.733] RX< cd /emmc
[03:17:05.733] RX< msh /emmc>echo "__EVBTEST_END_286[33m[W/ftp] service go wrong, now wait restarting...[0m
[03:17:05.733] RX< 03452__"
[03:17:05.733] RX< __EVBTEST_END_28603452__
[03:17:05.733] RX< msh /emmc>[33m[W/ftp] service go wrong, now wait restarting...[0m
[03:17:07.733] RX< [33m[W/ftp] service go wrong, now wait restarting...[0m
[03:17:07.733] RX< [33m[W/ftp] service go wrong, now wait restarting...[0m
