[23:14:40.382] TX> 
[23:14:41.383] TX> 
[23:14:42.382] RX< 
[23:14:42.382] RX< msh />
[23:14:42.382] RX< msh />
[23:14:42.586] TX> echo "EVBTEST_HELLO"
[23:14:42.586] TX> echo "__EVBTEST_END_4f482e0d__"
[23:14:44.384] RX< echo "EVBTEST_HELLO"
[23:14:44.384] RX< EVBTEST_HELLO
[23:14:44.384] RX< msh />echo "__EVBTEST_END_4f482e0d__"
[23:14:44.384] RX< __EVBTEST_END_4f482e0d__
[23:14:44.384] RX< msh />
[23:14:44.588] TX> cd /
[23:14:44.588] TX> echo "__EVBTEST_END_11c4779e__"
[23:14:46.387] RX< cd /
[23:14:46.387] RX< msh />echo "__EVBTEST_END_11c4779e__"
[23:14:46.387] RX< __EVBTEST_END_11c4779e__
[23:14:46.387] RX< msh />
[23:14:46.590] TX> dfs_video_stop
[23:14:46.590] TX> echo "__EVBTEST_END_87611493__"
[23:14:48.389] RX< dfs_video_stop
[23:14:48.389] RX< [6] [App Dfs] Please start recording the video first.
[23:14:48.389] RX< msh />echo "__EVBTEST_END_87611493__"
[23:14:48.389] RX< __EVBTEST_END_87611493__
[23:14:48.389] RX< msh />
[23:14:51.717] TX> wifi join SW-test-2.4G tuf@3600
[23:14:51.717] TX> echo "__EVBTEST_END_83045446__"
[23:14:52.393] RX< wifi join SW-test-2.4G tuf@3600
[23:14:58.400] RX< [32m[I/WLAN.mgnt] wifi connect success ssid:SW-test-2.4G[0m
[23:14:58.400] RX< msh />echo "__EVBTEST_END_83045446__"
[23:14:58.400] RX< __EVBTEST_END_83045446__
[23:14:58.400] RX< msh />
[23:15:00.402] RX< [32m[I/WLAN.lwip] Got IP address : 192.168.1.101[0m
[23:15:05.413] RX< ifconfig
[23:15:05.413] RX< network interface device: w0 (Default)
[23:15:05.413] RX< MTU: 1500
[23:15:05.413] RX< MAC: 8c ea 12 ba a8 2c 
[23:15:05.413] RX< FLAGS: UP LINK_UP INTERNET_DOWN DHCP_ENABLE ETHARP BROADCAST IGMP
[23:15:05.413] RX< ip address: 192.168.1.101
[23:15:05.413] RX< gw address: 192.168.1.3
[23:15:05.413] RX< net mask  : 255.255.255.0
[23:15:05.413] RX< dns server #0: 192.168.1.3
[23:15:05.428] RX< dns server #1: 0.0.0.0
[23:15:05.428] RX< 
[23:15:05.428] RX< network interface device: w1
[23:15:05.428] RX< MTU: 1500
[23:15:05.428] RX< MAC: 8e ea 12 ba a8 2c 
[23:15:05.428] RX< FLAGS: UP LINK_DOWN INTERNET_DOWN DHCP_ENABLE ETHARP BROADCAST IGMP
[23:15:05.428] RX< ip address: 0.0.0.0
[23:15:05.428] RX< gw address: 0.0.0.0
[23:15:05.428] RX< net mask  : 0.0.0.0
[23:15:05.428] RX< dns server #0: 192.168.1.3
[23:15:05.428] RX< dns serv
[23:15:05.611] TX> ifconfig
[23:15:05.611] TX> echo "__EVBTEST_END_d0318693__"
[23:15:07.430] RX< er #1: 0.0.0.0
[23:15:07.430] RX< msh />echo "__EVBTEST_END_d0318693__"
[23:15:07.430] RX< __EVBTEST_END_d0318693__
[23:15:07.430] RX< msh />
[23:15:07.635] TX> cd /emmc
[23:15:07.635] TX> echo "__EVBTEST_END_234421a1__"
[23:15:09.433] RX< cd /emmc
[23:15:09.433] RX< msh /emmc>echo "__EVBTEST_END_234421a1__"
[23:15:09.433] RX< __EVBTEST_END_234421a1__
[23:15:09.433] RX< msh /emmc>
[23:15:09.636] TX> ftp_server
[23:15:09.636] TX> echo "__EVBTEST_END_3e7eaa48__"
[23:15:11.435] RX< ftp_server
[23:15:11.435] RX< 
[23:15:11.435] RX< [FTP] Ftp server init success!!!
[23:15:11.435] RX< msh /emmc>echo "__EVBTEST_END_3e7eaa48__"
[23:15:11.435] RX< __EVBTEST_END_3e7eaa48__
[23:15:11.435] RX< msh /emmc>
[23:15:15.439] RX< [32m[I/ftp] service launched success.[0m
[23:15:16.096] TX> cam_set photo auto
[23:15:16.096] TX> echo "__EVBTEST_END_ace56d37__"
[23:15:17.440] RX< cam_set photo auto
[23:15:17.440] RX< [6] [App Dfs] auto mode
[23:15:17.440] RX< msh /emmc>echo "__EVBTEST_END_ace56d37__"
[23:15:17.440] RX< __EVBTEST_END_ace56d37__
[23:15:17.440] RX< msh /emmc>
[23:15:18.455] RX< dfs_capture_start
[23:15:18.455] RX< [7] [cam] [40687][tshell][cgm_parse_bin:104]total logical camera num: 1
[23:15:18.455] RX< [6] [cam] [40687][tshell][cam_prelude_create:187]E id, 0
[23:15:18.455] RX< [7] [cam] [40687][cpl0][cam_prelude_proc_routine:101]thread start
[23:15:18.455] RX< [6] [cam] [40687][tshell][cam_prelude_crea
[23:15:18.457] RX< te:214]X ctx size 132 addr 0x884b96f0
[23:15:18.457] RX< [6] [cam] [40691][tshell][sensor_probe:418]sensor [1]: identifing 0 success.
[23:15:18.457] RX< [6] [cam] [40692][tshell][sensor_probe:441]sensor [1]: probe exit!
[23:15:18.457] RX< [6] [cam] [40692][tshell][cam_prelude_fast_probe:251]cam: 0 probe result
[23:15:18.458] RX< : 0
[23:15:18.458] RX< [6] [cam] [40692][tshell][cgm_parse_bin:218]cam(0) probe success
[23:15:18.458] RX< [6] [cam] [40693][tshell][cam_entry:455]entry ok
[23:15:18.458] RX< [34m[cam entry] perf=6332(us)!
[23:15:18.458] RX< [0m[6] [App Cam] cam entry success
[23:15:18.458] RX< [7] [cam] [40693][tshell][cam_solve_layout:350][mLayout] param OK, s
[23:15:18.460] RX< cen1 iw4032 ih3024 ow4032 oh3024 gdc 0x0
[23:15:18.460] RX< [36m[mLayout] scen01 in=4032x3024,out=3024x4032 meRot1 stripe1 gdcOn0
[23:15:18.460] RX< [0m[36m[mLayout] scen00 20entries solved status=OK retry=0 rtmp=enabled (cursor0=0x8a02d090 cursor1=0x89417400, ch0/1/2 cnt=7/2/1)
[23:15:18.460] RX< [0m[7] [
[23:15:18.461] RX< cam] [40695][tshell][cam_solve_layout:377]
[23:15:18.461] RX< [mLayout] out vol 0x8c000000 rBuf 0x8ab00000 sz 0x1500000 wBuf 0x8a03da80 sz 0x100000
[23:15:18.461] RX< [7] [cam] [40695][tshell][cam_solve_layout:394]Solve scen1 capType4 layout Done!
[23:15:18.461] RX< [6] [cam] [40696][tshell][cgm_parse_media_par
[23:15:18.463] RX< a:274]phy cam num: 1
[23:15:18.463] RX< [7] [cam] [40696][cer0][cer_recovery_proc:343]thread start cid, 0
[23:15:18.463] RX< [6] [cam] [40697][tshell][csc_open:499]SENSOR MCLK cal: 24MHz
[23:15:18.463] RX< [6] [cam] [40697][tshell][csc_isp_clk_cal:344]MIPI CLK cal: 346MHz
[23:15:18.463] RX< [6] [cam] [40698][tshell][csc_isp_clk_
[23:15:18.464] RX< cal:374]LITE CLK cal: 28MHz
[23:15:18.464] RX< [7] [cam] [40698][tshell][cpc_csi_rx_power_on:633]E id: 2
[23:15:18.464] RX< [4] [cam] [40698][tshell][cpc_csi_rx_power_on:644]csi_2 has already power on, STATUS: 1
[23:15:18.464] RX< [6] [cam] [40699][tshell][cpc_update_clock:603]actual SNS mclk: 24MHz
[23:15:18.464] RX< [6] [cam] 
[23:15:18.469] RX< [40699][tshell][cpc_update_clock:608]actual MIPI0: 500MHz
[23:15:18.469] RX< [6] [cam] [40699][tshell][cpc_update_clock:598]actual LITE clk: 50MHz
[23:15:18.469] RX< [7] [cam] [40700][tshell][cam_prelude_open:297][34msnsOpen camID1 csiID0 phyIdx0[0m
[23:15:18.469] RX< [6] [cam] [40704][tshell][sensor_expo_gai
[23:15:18.469] RX< n_match:48]sensor get sensor expo gain of imx681_vst
[23:15:18.469] RX< [6] [cam] [40704][tshell][sensor_open:684]sensor [1] open OK.
[23:15:18.469] RX< [6] [cam] [40704][tshell][cam_cpm_parse_media:275]photo scenario, media para[mfnr:0, hdr:0, capture_num:0]
[23:15:18.469] RX< [6] [cam] [40705][tshell][cam_cpm
[23:15:18.471] RX< _parse_media:278]photo scenario, media para[iso:0, gain:0, wb_mode:0]
[23:15:18.471] RX< [6] [cam] [40706][tshell][csc_isp_clk_cal:355]FE CLK cal: 426MHz, ME CLK cal: 462MHz, FE/ME CLK cal: 508MHz
[23:15:18.471] RX< [6] [cam] [40706][tshell][csc_isp_clk_cal:364]BE CLK cal: 401MHz
[23:15:18.471] RX< [4] [cam] [
[23:15:18.472] RX< 40707][tshell][cam_fe_core_power_on:269]fe pipe has already power on, STATUS: 1
[23:15:18.472] RX< [6] [cam] [40707][tshell][cpc_update_clock:588]actual FE/ME clk: 550MHz
[23:15:18.472] RX< [4] [cam] [40708][tshell][cam_be_core_power_on:1028]be pipe has already power on, STATUS: 1
[23:15:18.472] RX< [6] [cam] [
[23:15:18.475] RX< 40708][tshell][cpc_update_clock:593]actual BE clk: 500MHz
[23:15:18.475] RX< [7] [cam] [40708][tshell][cam_cpm_core_power_on:435]id,0 type,1 ret 0
[23:15:18.475] RX< [6] [cam] [40709][tshell][cam_cpm_core_init:1017]E id,0 sensor type,1
[23:15:18.475] RX< [6] [cam] [40710][tshell][cpm_core_check_tuningbin:957]T
[23:15:18.475] RX< uning bin crc check PASS! sum 0xfa5abf97, xor 0x6a6c89c1
[23:15:18.475] RX< [6] [cam] [40710][tshell][qpc_tuning_check_iqbin_validness:396]IQ bin addr: 0x8869de60, project_name: capture_12M
[23:15:18.475] RX< [6] [cam] [40711][tshell][qpc_tuning_check_iqbin_validness:397]total_size: 108928
[23:15:18.475] RX< [6
[23:15:18.478] RX< ] [cam] [40711][tshell][qpc_tuning_check_iqbin_validness:398]id_count: 93. ID_TOTAL: 94
[23:15:18.478] RX< [6] [cam] [40712][tshell][qpc_tuning_check_iqbin_validness:399]spinel tuning data ver: V1.30
[23:15:18.478] RX< [6] [cam] [40712][tshell][cpm_core_check_tuningbin:971]IQ bin check succes
[23:15:18.478] RX< s!
[23:15:18.478] RX< [6] [cam] [40713][tshell][cam_bm_core_init:94]E
[23:15:18.478] RX< [6] [cam] [40713][tshell][bm_lab_init:174]X ctx size 4 addr 0x884b9958
[23:15:18.478] RX< [6] [cam] [40714][tshell][cam_bm_core_init:114]X ctx size 180 addr 0x884db8f0
[23:15:18.478] RX< [6] [cam] [40714][tshell][qpc_core_init:1299]E id,0
[23:15:18.478] RX< [
[23:15:18.485] RX< 6] [cam] [40714][tshell][qpc_queue_init:65]QPC init qnodes 8, size 508, pool 0x884dbf08
[23:15:18.485] RX< [6] [cam] [40715][tshell][_qpc_get_cap_cfg_para:900]preset capCfg 200 3 5
[23:15:18.485] RX< [7] [cam] [40715][tshell][_qpc_cfg_hdr_frms:848]hdr preset - gainThres 1600
[23:15:18.485] RX< FrmNB:	TNR	|EV-	|
[23:15:18.485] RX< EV0	|EV+
[23:15:18.485] RX< LDR:	 0	| 1	| -	| 5
[23:15:18.485] RX< LLLDR:	 0	| 1	| -	| 5
[23:15:18.485] RX< HDR:	 0	| 1	| 5	| 3
[23:15:18.485] RX< LLHDR:	 0	| 1	| 5	| 3
[23:15:18.485] RX< 
[23:15:18.485] RX< [6] [cam] [40721][tshell][qpc_core_init:1347]X ctx size 1288 addr 0x884db9b8
[23:15:18.485] RX< [6] [cam] [40721][tshell][cpm_core_get_param:764]cpm para chk: tunBin-w 4000 h 3000 i
[23:15:18.489] RX< mg-w 4032 h 3024
[23:15:18.489] RX< [6] [cam] [40722][tshell][cam_fe_core_init:436]E id,0
[23:15:18.489] RX< [6] [cam] [40722][tshell][cam_fe_core_init:490]X ctx size 96 addr 0x884ecc48
[23:15:18.489] RX< [7] [cam] [40723][tshell][qpc_core_fe_chords_init:1763][34mqpc fe init snsOut w 4032 h 3024, tbl w 28 h 2
[23:15:18.489] RX< 0[0m
[23:15:18.489] RX< [6] [cam] [40723][tshell][cam_me_core_init:1523]X ctx size 1352 addr 0x884eeff8
[23:15:18.489] RX< [34m[ME SLICE CFG] perf=1421(us)!
[23:15:18.489] RX< [0m[6] [cam] [40725][tshell][cam_bayer_fe_3a_stats_core_init:445]fe 3a id,0
[23:15:18.489] RX< [6] [cam] [40726][tshell][cam_bayer_fe_3a_stats_core_ini
[23:15:18.492] RX< t:490]X ctx size 132 addr 0x884f7a18
[23:15:18.492] RX< [6] [cam] [40726][tshell][cam_be_core_init:621]E id,0
[23:15:18.492] RX< [7] [cam] [40727][be0][be_core_irq_proc:270]thread start cid,0
[23:15:18.492] RX< [6] [cam] [40727][tshell][cam_be_core_init:716]X ctx size 472 addr 0x884f7da8
[23:15:18.492] RX< [6] [cam] [40727][tshe
[23:15:18.492] RX< ll][cam_lite_core_init:433]E id,0
[23:15:18.492] RX< [7] [cam] [40728][lite0][lite_core_irq_proc:152]thread start cid,0
[23:15:18.492] RX< [6] [cam] [40728][tshell][cam_lite_core_init:497]X ctx size 164 addr 0x884fa7f8
[23:15:18.492] RX< [6] [cam] [40728][tshell][awb_wrapper_init:66]xxx awb_bin=0x884de5f4, awb_
[23:15:18.497] RX< bin_length=8068
[23:15:18.497] RX< [6] [cam] [40729][tshell][awb_wrapper_init:86]X algo_handle 0x88502840
[23:15:18.497] RX< [7] [cam] [40729][awb0][a5_core_wrapper_task:252]thread start cid,0 algo type,2
[23:15:18.497] RX< [6] [cam] [40730][tshell][a5_core_init_task:426]thread created: awb0 mq=0x88504900 thre
[23:15:18.497] RX< ad=0x88504a18 sem=0x88504890 ret=0
[23:15:18.497] RX< [6] [cam] [40730][tshell][bayer_ae_wrapper_init:68]E id,0 proc mode 1 
[23:15:18.497] RX< 
[23:15:18.497] RX< [AEC Proc] @[allib_ae_set_debug_log_flag] Line:129:[DEBUG] debug level/to_file/to_terminal: 22/1/1
[23:15:18.497] RX< [AEC Proc] @[AeInit] Line:377:[INFO] AE ver: 2026
[23:15:18.499] RX< _V2.269
[23:15:18.499] RX< 
[23:15:18.499] RX< [AEC Proc] @[allib_ae_loadfunc] Line:193:[INFO] camera ID: 0
[23:15:18.499] RX< [AEC Proc] @[AeInit] Line:404:[DEBUG] init imu detector sucessed!
[23:15:18.499] RX< [AEC Proc] @[AeInit] Line:406:[DEBUG] imu init errcode:0
[23:15:18.499] RX< [AEC Proc] @[alAE_set_param] Line:576:[DEBUG] sw_maxtime 3304
[23:15:18.499] RX< 4 ,pertline 9444, after check sensor step sw_max_time 33039.00
[23:15:18.499] RX< [AEC Proc] @[alAE_set_param] Line:581:[DEBUG] sw_mintime 37 ,pertline 9444, after check sensor step sw_min_time 36.00
[23:15:18.499] RX< [AEC Proc] @[alAE_set_param] Line:514:[DEBUG] DEBUG minbv exptime 9 gain 1
[23:15:18.502] RX< 00, minExpBV 14098
[23:15:18.502] RX< [AEC Proc] @[AeTuningParseSet] Line:167:[DEBUG] aeparam version 2.268 60818
[23:15:18.502] RX< [AEC Proc] @[alAE_set_param] Line:341:[DEBUG] INITEXP gain 100, shutter 8000, midtonegain 100, bv 4303
[23:15:18.502] RX< [6] [cam] [40737][tshell][bayer_ae_wrapper_init:119]X tl
[23:15:18.502] RX< ine 9444 max_exp 33044 alg_hdl 0x885071c8 
[23:15:18.502] RX< [7] [cam] [40738][b_ae0][a5_core_wrapper_task:252]thread start cid,0 algo type,0
[23:15:18.502] RX< [6] [cam] [40738][tshell][a5_core_init_task:426]thread created: b_ae0 mq=0x8850e0e8 thread=0x8850e200 sem=0x8850e078 ret=0
[23:15:18.502] RX< [6] [cam
[23:15:18.505] RX< ] [40739][tshell][atf_wrapper_init:67]E id,0
[23:15:18.505] RX< [6] [cam] [40740][tshell][atf_wrapper_init:107]X alg_ctx addr 0x885106c0
[23:15:18.505] RX< [7] [cam] [40740][atf0][a5_core_wrapper_task:252]thread start cid,0 algo type,1
[23:15:18.505] RX< [6] [cam] [40740][tshell][a5_core_init_task:426]thread c
[23:15:18.505] RX< reated: atf0 mq=0x88512a18 thread=0x88512b30 sem=0x885129a8 ret=0
[23:15:18.505] RX< [6] [cam] [40741][tshell][cam_cpm_core_init:1149]X ctx size 1096 addr 0x884db498
[23:15:18.505] RX< [6] [cam] [40741][tshell][csc_open:599]ok! phys_id[1], phys_num[1] 
[23:15:18.505] RX< [6] [cam] [40742][tshell][cam_open:738]o
[23:15:18.513] RX< pen ok! camera_id[0]
[23:15:18.513] RX< [34m[cam open] perf=48909(us)!
[23:15:18.513] RX< [0m[6] [App Cam] cam open success
[23:15:18.513] RX< [6] [cam] [40748][tshell][csc_init:722]sensor info:size:4032x3024, formt: 0x2b, bps: 2496, tline: 9444
[23:15:18.513] RX< [6] [cam] [40748][tshell][cam_sif_mgr_init:261]E id,0
[23:15:18.513] RX< [7] [cam
[23:15:18.513] RX< ] [40749][sif0][sif_irq_proc:151]thread start cid,0
[23:15:18.513] RX< [6] [cam] [40749][tshell][cam_sif_mgr_init:293]X ctx size 52 addr 0x8852bc38
[23:15:18.513] RX< [7] [cam] [40749][tshell][sif_btm_paramSet:102]btm lite w4032 h3024 binEn1 binRatio2
[23:15:18.513] RX< [7] [cam] [40750][tshell][sif_btm_paramSe
[23:15:18.518] RX< t:106]cropSlct2 x0 y0 w4032 h4032
[23:15:18.518] RX< [6] [cam] [40750][tshell][cam_prelude_init_cfg:368]CSI ID is 0,  phy lanes is 2.
[23:15:18.518] RX< [7] [cam] [40750][tshell][check_phy_ready:96]MIPI_PHY[0] is ready
[23:15:18.518] RX< [6] [cam] [40751][tshell][sensor_init:348]sensor [1]: register ok
[23:15:18.518] RX< [6] [ca
[23:15:18.524] RX< m] [40751][tshell][sensor_set_mode:887]sensor [1]: SetMode -> mode = 0.
[23:15:18.524] RX< [6] [cam] [40752][tshell][sensor_send_reg_tab_to_sensor:705]sensor [1]: send_reg_tab_to_sensor E.
[23:15:18.524] RX< [6] [cam] [40755][tshell][sensor_send_reg_tab_to_sensor:751]sensor [1]: reg_count = 7
[23:15:18.524] RX< 7.
[23:15:18.524] RX< [6] [cam] [40756][tshell][sensor_init:361]sensor [1]: init success.
[23:15:18.524] RX< [6] [cam] [40756][tshell][sensor_set_mode:887]sensor [1]: SetMode -> mode = 1.
[23:15:18.524] RX< [6] [cam] [40756][tshell][sensor_send_reg_tab_to_sensor:705]sensor [1]: send_reg_tab_to_sensor E.
[23:15:18.524] RX< [6] [ca
[23:15:18.527] RX< m] [40760][tshell][sensor_send_reg_tab_to_sensor:751]sensor [1]: reg_count = 84.
[23:15:18.527] RX< [6] [cam] [40760][tshell][csc_init:731]ok! phys_id[1], phys_num[1]
[23:15:18.527] RX< [6] [cam] [40761][tshell][csc_get_bayer_single_buffer:1148]scenario_type: 1
[23:15:18.527] RX< [6] [cam] [40761][tshell][csc_s
[23:15:18.527] RX< et_stats_fmt:98]index 0 w 1 h 1 bw 8 wcmp 255
[23:15:18.527] RX< [7] [cam] [40762][tshell][bm_ioctl:201]BMIOC_STATS_FMT
[23:15:18.527] RX< [6] [cam] [40762][tshell][csc_set_fe_fmt:47]index 1 w 4032 h 3024 bw 10 wcmp 0
[23:15:18.527] RX< [7] [cam] [40763][tshell][bm_ioctl:201]BMIOC_FE_FMT
[23:15:18.527] RX< [6] [cam] [40763][tshe
[23:15:18.530] RX< ll][csc_set_lite_fmt:115]index 2 w 1008 h 720 bw 8 wcmp 255
[23:15:18.530] RX< [7] [cam] [40763][tshell][bm_ioctl:201]BMIOC_LITE_FMT
[23:15:18.530] RX< [6] [cam] [40764][tshell][csc_set_lite_fmt:115]index 21 w 1008 h 720 bw 8 wcmp 255
[23:15:18.530] RX< [7] [cam] [40764][tshell][bm_ioctl:201]BMIOC_LITE_FMT
[23:15:18.530] RX< [6]
[23:15:18.530] RX<  [cam] [40764][tshell][csc_set_be_fmt:81]index 25 w 0 h 0 bw 8 wcmp 255
[23:15:18.530] RX< [7] [cam] [40765][tshell][bm_ioctl:201]BMIOC_BE_FMT
[23:15:18.530] RX< [6] [cam] [40765][tshell][csc_set_be_fmt:81]index 22 w 480 h 360 bw 8 wcmp 255
[23:15:18.530] RX< [7] [cam] [40766][tshell][bm_ioctl:201]BMIOC_BE_FMT
[23:15:18.532] RX< 
[23:15:18.532] RX< [6] [cam] [40766][tshell][csc_set_me_fmt:64]index 5 w 3024 h 4032 bw 10 wcmp 0, rdma_addr 0x8945f400, wdma_addr 0x8945f400
[23:15:18.532] RX< [7] [cam] [40767][tshell][bm_ioctl:201]BMIOC_ME_FMT
[23:15:18.532] RX< [6] [cam] [40767][tshell][csc_set_me_fmt:64]index 6 w 3024 h 4032 bw 8 wcmp 255
[23:15:18.533] RX< , rdma_addr 0x8a247700, wdma_addr 0x8c000000
[23:15:18.533] RX< [6] [cam] [40768][tshell][cam_me_core_buffer_cfg:1416]
[23:15:18.533] RX< ----ME PIPE INFO---
[23:15:18.533] RX<  wdma_buf_num:1, rotation_en: 1
[23:15:18.533] RX< [7] [cam] [40768][tshell][cam_me_core_buffer_cfg:1424]yuv wdma_addr 0:0x8c000000, meta_en: 0, 0x0000000
[23:15:18.535] RX< 0
[23:15:18.535] RX< [7] [cam] [40769][tshell][bm_ioctl:201]BMIOC_ME_FMT
[23:15:18.535] RX< [6] [cam] [40769][tshell][csc_init:739]get otp ok! phys_id[1], phys_num[1]
[23:15:18.535] RX< [6] [cam] [40770][tshell][cam_init:828]init ok! logic_id[0]
[23:15:18.535] RX< [34m[cam init] perf=21800(us)!
[23:15:18.535] RX< [0m[6] [App Cam] cam init succe
[23:15:18.535] RX< ss
[23:15:18.535] RX< [7] [cam] [40770][tshell][cam_cpm_core_stream_on:560]id 0 sensor type 1
[23:15:18.535] RX< [6] [cam] [40771][tshell][sensor_stream_on:1024]sensor [1]: stream_on
[23:15:18.535] RX< [6] [cam] [40771][tshell][sensor_stream_on:1052]sensor [1]: REG: 0x100, W:0x1.
[23:15:18.535] RX< [6] [cam] [40772][tshell][sens
[23:15:18.552] RX< or_stream_on:1054]sensor [1]: REG: 0x100, R:0x1.
[23:15:18.552] RX< [6] [cam] [40772][tshell][csc_prv_start:873]ok! phys_id[1], phys_num[1], cam_ids[1]
[23:15:18.552] RX< [6] [cam] [40772][tshell][cam_start:938]preview start ok! logic_id[0]
[23:15:18.552] RX< [34m[cam start] perf=2326(us)!
[23:15:18.552] RX< [0m[6] [App Cam] c
[23:15:18.553] RX< am start success
[23:15:18.553] RX< [6] [App Dfs] Gravity_XR Capture Start
[23:15:18.553] RX< msh /emmc>echo "__EVBTES[7] [cam] [40774][b_3a_sts][bayer_stats_core_irq_proc:164]thread start cid,0
[23:15:18.553] RX< [7] [cam] [40774][fe0][fe_core_irq_proc:98]thread start cid,0
[23:15:18.553] RX< T_END_3da3a665__"
[23:15:18.553] RX< __EVBTEST_END_3da3
[23:15:18.644] TX> dfs_capture_start
[23:15:18.644] TX> echo "__EVBTEST_END_3da3a665__"
[23:15:19.060] RX< a665__
[23:15:19.060] RX< msh /emmc>[34m[AE] fid=0,exp=10962,adg=400,Y=1210,mtg=100,shg=100,bgbv=1917,iso=400,cnv0,hdr0
[23:15:19.060] RX< [0m[34m[b_ae0 proc] perf=2737(us), max=2737(us)!
[23:15:19.060] RX< [0m[34m[awb0 proc] perf=1307(us), max=1307(us)!
[23:15:19.060] RX< [0m[34m[AE conv] fid=14,exp=14166,adg=400,Y=5824,m
[23:15:19.061] RX< tg=527,shg=100,bgbv=1547,iso=400,cnv1,hdr1
[23:15:19.061] RX< [0m[7] [cam] [41279][fe0][_qpc_hdr_rslt_chk:1668]
[23:15:19.061] RX< ALG: EV0 t14166 g400 | EV+ t14166 g400 | EV- t10602 g100
[23:15:19.061] RX< [6] [cam] [41279][fe0][qpc_core_hdr_mapExp_cfg:1736]evMapExp set OK, typ:2 1 FF num:5 1 0
[23:15:19.061] RX< [34m[cap] FE
[23:15:19.140] RX<  sync ME @fid14 as mod2 cfg0x01, cap 6frms @fid+2
[23:15:19.140] RX< [0m[7] [cam] [41282][qpc0][qpc_core_hdr_upd_sensor:559][HDRupd]: Sns cap-0 EV:0->2 st-14166 ag-400
[23:15:19.140] RX< [7] [cam] [41328][qpc0][qpc_core_hdr_upd_me:613][HDRupd] ME cap-0 EV:0->2, dg-100
[23:15:19.140] RX< [7] [JPEG] frame num=6,
[23:15:19.156] RX<  pre frame=1106830 Bytes
[23:15:19.156] RX< [exif] oFrm 0 evP 0 evM -239 bv 1546 exp 14166 iso 400 time 41334
[23:15:19.156] RX< [6] [cam] [41349][fe0][_cpm_cb_jpegInfo_proc:618]SnapStream E @ frm17!
[23:15:19.156] RX< [6] [cam] [41362][me0][cpm_cb_fe2me_tikChk:152]frm_length 33328us, fe2me delta 15
[23:15:19.156] RX< [32m[BE] f
[23:15:19.293] RX< id=0, perf=5525(us), max=5525(us)!
[23:15:19.293] RX< [0m[34m[cap] fid: me0 fe18, perf=621544(us)!
[23:15:19.293] RX< [0m[7] [cam] [41394][me0][me_core_thread:359]ME out fid 0
[23:15:19.293] RX< [7] [cam] [41451][qpc0][qpc_core_hdr_upd_sensor:559][HDRupd]: Sns cap-5 EV:2->1 st-10602 ag-100
[23:15:19.293] RX< [exif] oFrm 5 evP 
[23:15:19.589] RX< 0 evM -239 bv 1546 exp 10602 iso 100 time 41504
[23:15:19.589] RX< [6] [cam] [41548][fe0][_cpm_cb_jpegInfo_proc:626]SnapStream X @ frm23!
[23:15:19.589] RX< [34m[cap] fid: me5 fe23, perf=31224(us)!
[23:15:19.589] RX< [0m[34m[AE] fid=30,exp=33039,adg=1600,Y=6708,mtg=370,shg=100,bgbv=-2742,iso=3350,cnv1,hdr1
[23:15:19.589] RX< [
[23:15:19.770] RX< 0m[6] [App Dfs] Gravity_XR Capture Stop Success: total frames = 6
[23:15:19.770] RX< [6] [cam] [42004][DfsSend][sensor_stream_off:1188]sensor [1]: stream_off
[23:15:19.770] RX< [6] [cam] [42005][DfsSend][sensor_stream_off:1217]sensor [1]: REG: 0x100, W:0x0.
[23:15:19.770] RX< [6] [cam] [42005][DfsSend][sensor_s
[23:15:19.772] RX< tream_off:1219]sensor [1]: REG: 0x100, R:0x0.
[23:15:19.772] RX< [6] [cam] [42006][DfsSend][csc_prv_stop:983]ok! phys_id[1], phys_num[1], stop_type = 0
[23:15:19.772] RX< [6] [cam] [42006][DfsSend][cam_stop:1058]preview stop ok! logic_id[0]
[23:15:19.772] RX< [34m[cam stop] perf=2369(us)!
[23:15:19.772] RX< [0m[6] [App Cam] ca
[23:15:19.773] RX< m stop success
[23:15:19.773] RX< [7] [cam] [42007][DfsSend][cam_cpm_core_power_off:467]id,0 type,1 ret 0
[23:15:19.773] RX< [6] [cam] [42007][sif0][sif_irq_proc:174]thread release cid,0
[23:15:19.773] RX< [6] [cam] [42008][DfsSend][cam_sif_mgr_deinit:316]X
[23:15:19.773] RX< [6] [cam] [42008][DfsSend][cam_deinit:887]deinit ok! 
[23:15:19.775] RX< logic_id[0]
[23:15:19.775] RX< [34m[cam deinit] perf=1398(us)!
[23:15:19.775] RX< [0m[6] [App Cam] cam deinit success
[23:15:19.775] RX< [6] [cam] [42009][DfsSend][sensor_close:1292]sensor [1]: close!
[23:15:19.775] RX< [6] [cam] [42010][DfsSend][cam_bm_core_deinit:136]X
[23:15:19.775] RX< [INFO]	cpm[0] snsType1 capMod2 cfg0x01 6frms
[23:15:19.775] RX< [6] [cam] 
[23:15:19.775] RX< [42010][be0][be_core_irq_proc:329]thread release cid,0
[23:15:19.775] RX< [6] [cam] [42010][DfsSend][cam_be_core_deinit:793]X
[23:15:19.775] RX< [6] [cam] [42011][me0][me_core_thread:404]thread release cid,0
[23:15:19.775] RX< [6] [cam] [42011][DfsSend][cam_me_core_deinit:1551]X
[23:15:19.775] RX< [6] [cam] [42011][fe0][fe_core_
[23:15:19.778] RX< irq_proc:121]thread release cid,0
[23:15:19.778] RX< [6] [cam] [42011][DfsSend][cam_fe_core_deinit:536]X
[23:15:19.778] RX< [6] [cam] [42012][b_3a_sts][bayer_stats_core_irq_proc:193]thread release cid,0
[23:15:19.778] RX< [6] [cam] [42012][DfsSend][cam_bayer_stats_core_deinit:512]X
[23:15:19.778] RX< [6] [cam] [42013][lite0][lit
[23:15:19.778] RX< e_core_irq_proc:190]thread release cid,0
[23:15:19.778] RX< [6] [cam] [42013][DfsSend][cam_lite_core_deinit:556]X
[23:15:19.778] RX< [6] [cam] [42013][b_ae0][a5_core_wrapper_task:315]thread release cid,0,algo,0
[23:15:19.778] RX< [6] [cam] [42014][DfsSend][bayer_ae_wrapper_deinit:204]X
[23:15:19.778] RX< [6] [cam] [42014][atf0][
[23:15:19.781] RX< a5_core_wrapper_task:315]thread release cid,0,algo,1
[23:15:19.781] RX< [6] [cam] [42014][DfsSend][atf_wrapper_deinit:153]X
[23:15:19.781] RX< [6] [cam] [42015][awb0][a5_core_wrapper_task:315]thread release cid,0,algo,2
[23:15:19.781] RX< [6] [cam] [42015][DfsSend][awb_wrapper_deinit:153]X
[23:15:19.781] RX< [6] [cam] [42016][Df
[23:15:19.781] RX< sSend][cam_5a_core_deinit:555]X
[23:15:19.781] RX< [6] [cam] [42016][DfsSend][cam_5a_inf_deinit:149]X
[23:15:19.781] RX< [6] [cam] [42016][qpc0][qpc_core_msg_proc:705]thread release cid,0
[23:15:19.781] RX< [6] [cam] [42016][DfsSend][qpc_core_deinit:1413]X
[23:15:19.781] RX< [6] [cam] [42017][DfsSend][cam_cpm_core_deinit:1248]X
[23:15:19.789] RX< [6] [cam] [42017][DfsSend][csc_close:656]ok! phys_id[1], phys_num[1]
[23:15:19.789] RX< [7] [cam] [42017][cer0][cer_recovery_proc:352]msg type = 254
[23:15:19.789] RX< [6] [cam] [42018][cer0][cer_recovery_proc:454]thread release cid,0
[23:15:19.789] RX< [6] [cam] [42018][DfsSend][cer_deinit:560]X
[23:15:19.789] RX< [6] [cam] [42
[23:15:19.790] RX< 018][DfsSend][cam_close:789]close ok! logic_id[0]
[23:15:19.790] RX< [34m[cam close] perf=9850(us)!
[23:15:19.790] RX< [0m[6] [App Cam] cam close success
[23:15:19.790] RX< [6] [cam] [42019][cpl0][cam_prelude_proc_routine:136]thread release
[23:15:19.790] RX< [6] [cam] [42019][DfsSend][cam_exit:571]exit ok!
[23:15:19.790] RX< [34m[cam exit] pe
[23:15:21.792] RX< rf=652(us)!
[23:15:21.792] RX< [0m[6] [App Cam] cam exit success
[23:15:21.792] RX< [6] [App Cam] jpeg deinit success
[23:15:21.792] RX< [6] [App Dfs] Save Photo Successful: /emmc/PIC/20260101_000040_0773/
[23:15:21.792] RX< [6] [App Dfs] Capture completed successfully.
[23:15:24.914] TX> cam_set video 1080p
[23:15:24.914] TX> echo "__EVBTEST_END_3ae7c7d9__"
[23:15:25.796] RX< cam_set video 1080p
[23:15:25.796] RX< [6] [App Dfs] w(1920) * h(1080) is 1080p, eis 1
[23:15:25.796] RX< msh /emmc>echo "__EVBTEST_END_3ae7c7d9__"
[23:15:25.796] RX< __EVBTEST_END_3ae7c7d9__
[23:15:25.796] RX< msh /emmc>
[23:15:25.985] RX< dfs_video_start
[23:15:25.985] RX< [7] [cam] [48216][tshell][cgm_parse_bin:104]total logical camera num: 1
[23:15:25.985] RX< [6] [cam] [48216][tshell][cam_prelude_create:187]E id, 0
[23:15:25.985] RX< [7] [cam] [48216][cpl0][cam_prelude_proc_routine:101]thread start
[23:15:25.985] RX< [6] [cam] [48216][tshell][cam_prelude_create
[23:15:25.985] RX< :214]X ctx size 132 addr 0x884de868
[23:15:25.985] RX< [6] [cam] [48221][tshell][sensor_probe:418]sensor [1]: identifing 0 success.
[23:15:25.985] RX< [6] [cam] [48221][tshell][sensor_probe:441]sensor [1]: probe exit!
[23:15:25.985] RX< [6] [cam] [48221][tshell][cam_prelude_fast_probe:251]cam: 0 probe result: 0
[23:15:25.988] RX< 
[23:15:25.988] RX< [6] [cam] [48222][tshell][cgm_parse_bin:218]cam(0) probe success
[23:15:25.988] RX< [6] [cam] [48222][tshell][cam_entry:455]entry ok
[23:15:25.988] RX< [34m[cam entry] perf=7190(us)!
[23:15:25.988] RX< [0m[6] [App Cam] cam entry success
[23:15:25.988] RX< [7] [cam] [48223][tshell][cam_solve_layout:350][mLayout] param OK, sce
[23:15:25.988] RX< n3 iw4032 ih2268 ow1920 oh1080 gdc 0x1
[23:15:25.988] RX< [36m[mLayout] scen03 in=4032x2268,out=1920x1080 meRot1 stripe0 gdcOn1
[23:15:25.988] RX< [0m[36m[mLayout] scen03 14entries solved status=OK retry=0 rtmp=enabled (cursor0=0x8a00f210 cursor1=0x88e20aa0, ch0/1/2 cnt=5/3/1)
[23:15:25.988] RX< [0m[7] [cam
[23:15:25.990] RX< ] [48224][tshell][cam_solve_layout:377]
[23:15:25.990] RX< [mLayout] out vol 0x8c000000 rBuf 0x8a5e5400 sz 0xd00000 wBuf 0x89700000 sz 0x900000
[23:15:25.990] RX<           rtmp tBuf 0x8a10f210 sz 0x80000 aBuf 0x8a08f210 sz 0x80000
[23:15:25.990] RX<        alg EIS buf 0x8a00f210
[23:15:25.990] RX< [7] [cam] [48226][tshell][cam
[23:15:25.991] RX< _solve_layout:397]Solve Scen3 layout Done!
[23:15:25.991] RX< [6] [cam] [48226][tshell][cgm_parse_media_para:274]phy cam num: 1
[23:15:25.991] RX< [7] [cam] [48227][cer0][cer_recovery_proc:343]thread start cid, 0
[23:15:25.991] RX< [6] [cam] [48227][tshell][csc_open:499]SENSOR MCLK cal: 24MHz
[23:15:25.991] RX< [6] [cam] [48228]
[23:15:25.993] RX< [tshell][csc_isp_clk_cal:344]MIPI CLK cal: 277MHz
[23:15:25.993] RX< [6] [cam] [48228][tshell][csc_isp_clk_cal:374]LITE CLK cal: 25MHz
[23:15:25.993] RX< [7] [cam] [48228][tshell][cpc_csi_rx_power_on:633]E id: 2
[23:15:25.993] RX< [4] [cam] [48229][tshell][cpc_csi_rx_power_on:644]csi_2 has already power on, STA
[23:15:25.998] RX< TUS: 1
[23:15:25.998] RX< [6] [cam] [48229][tshell][cpc_update_clock:603]actual SNS mclk: 24MHz
[23:15:25.998] RX< [6] [cam] [48229][tshell][cpc_update_clock:608]actual MIPI0: 300MHz
[23:15:25.998] RX< [6] [cam] [48230][tshell][cpc_update_clock:598]actual LITE clk: 25MHz
[23:15:25.998] RX< [7] [cam] [48230][tshell][cam_prelude_o
[23:15:25.999] RX< pen:297][34msnsOpen camID1 csiID0 phyIdx0[0m
[23:15:25.999] RX< [6] [cam] [48233][tshell][sensor_expo_gain_match:48]sensor get sensor expo gain of imx681_vst
[23:15:25.999] RX< [6] [cam] [48233][tshell][sensor_open:684]sensor [1] open OK.
[23:15:25.999] RX< [6] [cam] [48234][tshell][cam_cpm_parse_media:295]v
[23:15:25.999] TX> dfs_video_start
[23:15:25.999] TX> echo "__EVBTEST_END_47bbd256__"
[23:15:26.001] RX< ideo scenario:3, media para[fps:0, mirror_en:0, flip_en:0]
[23:15:26.001] RX< [6] [cam] [48234][tshell][cam_cpm_parse_media:298]video scenario, media para[iso:0, gain:0, wb_mode:0]
[23:15:26.001] RX< [6] [cam] [48235][tshell][csc_isp_clk_cal:355]FE CLK cal: 373MHz, ME CLK cal: 371MHz, FE/ME C
[23:15:26.002] RX< LK cal: 410MHz
[23:15:26.002] RX< [6] [cam] [48236][tshell][csc_isp_clk_cal:364]BE CLK cal: 301MHz
[23:15:26.002] RX< [4] [cam] [48236][tshell][cam_fe_core_power_on:269]fe pipe has already power on, STATUS: 1
[23:15:26.002] RX< [6] [cam] [48237][tshell][cpc_update_clock:588]actual FE/ME clk: 500MHz
[23:15:26.002] RX< [4] [cam] [
[23:15:26.004] RX< 48237][tshell][cam_be_core_power_on:1028]be pipe has already power on, STATUS: 1
[23:15:26.004] RX< [6] [cam] [48237][tshell][cpc_update_clock:593]actual BE clk: 500MHz
[23:15:26.004] RX< [7] [cam] [48238][tshell][cam_cpm_core_power_on:435]id,0 type,1 ret 0
[23:15:26.004] RX< [6] [cam] [48238][tshell][cam_cpm_c
[23:15:26.005] RX< ore_init:1017]E id,0 sensor type,1
[23:15:26.005] RX< [6] [cam] [48240][tshell][cpm_core_check_tuningbin:957]Tuning bin crc check PASS! sum 0x17a5964, xor 0x87e82682
[23:15:26.005] RX< [6] [cam] [48240][tshell][qpc_tuning_check_iqbin_validness:396]IQ bin addr: 0x88646660, project_name: video_
[23:15:26.007] RX< 3M
[23:15:26.007] RX< [6] [cam] [48241][tshell][qpc_tuning_check_iqbin_validness:397]total_size: 94400
[23:15:26.007] RX< [6] [cam] [48241][tshell][qpc_tuning_check_iqbin_validness:398]id_count: 93. ID_TOTAL: 94
[23:15:26.007] RX< [6] [cam] [48242][tshell][qpc_tuning_check_iqbin_validness:399]spinel tuning dat
[23:15:26.007] RX< a ver: V1.30
[23:15:26.007] RX< [6] [cam] [48242][tshell][cpm_core_check_tuningbin:971]IQ bin check success!
[23:15:26.007] RX< [6] [cam] [48243][tshell][cam_bm_core_init:94]E
[23:15:26.007] RX< [6] [cam] [48243][tshell][bm_lab_init:174]X ctx size 4 addr 0x884c2740
[23:15:26.007] RX< [6] [cam] [48243][tshell][cam_bm_core_init:11
[23:15:26.022] RX< 4]X ctx size 180 addr 0x884c2678
[23:15:26.022] RX< [6] [cam] [48244][tshell][qpc_core_init:1299]E id,0
[23:15:26.022] RX< [6] [cam] [48244][tshell][qpc_queue_init:65]QPC init qnodes 8, size 508, pool 0x884df608
[23:15:26.022] RX< [7] [cam] [48244][tshell][_qpc_get_cap_cfg_para:896][fallback]preset capCfg 200 0
[23:15:26.022] RX<  0 invalid, use default
[23:15:26.022] RX< [7] [cam] [48245][tshell][_qpc_cfg_hdr_frms:840][fallback]preset hdrCfg 0 0 0 0 0 invalid, use default
[23:15:26.022] RX< [6] [cam] [48257][tshell][qpc_core_init:1347]X ctx size 1288 addr 0x884c2760
[23:15:26.022] RX< [6] [cam] [48257][tshell][cpm_core_get_param:764]cp
[23:15:26.025] RX< m para chk: tunBin-w 4032 h 2266 img-w 4032 h 2268
[23:15:26.025] RX< [6] [cam] [48258][tshell][cam_fe_core_init:436]E id,0
[23:15:26.025] RX< [6] [cam] [48258][tshell][cam_fe_core_init:490]X ctx size 96 addr 0x884c3410
[23:15:26.025] RX< [7] [cam] [48259][tshell][qpc_core_fe_chords_init:1763][34mqpc fe init 
[23:15:26.025] RX< snsOut w 4032 h 2268, tbl w 28 h 20[0m
[23:15:26.025] RX< [6] [cam] [48259][tshell][cam_me_core_init:1523]X ctx size 1352 addr 0x884f1b20
[23:15:26.025] RX< [34m[ME SLICE CFG] perf=467(us)!
[23:15:26.025] RX< [0m[6] [cam] [48261][tshell][cam_bayer_fe_3a_stats_core_init:445]fe 3a id,0
[23:15:26.025] RX< [6] [cam] [48261][tshel
[23:15:26.028] RX< l][cam_bayer_fe_3a_stats_core_init:490]X ctx size 132 addr 0x884fa540
[23:15:26.028] RX< [6] [cam] [48261][tshell][cam_be_core_init:621]E id,0
[23:15:26.028] RX< [7] [cam] [48262][be0][be_core_irq_proc:270]thread start cid,0
[23:15:26.028] RX< [6] [cam] [48262][tshell][cam_be_core_init:716]X ctx size 472 addr 0
[23:15:26.028] RX< x884fa8d0
[23:15:26.028] RX< [6] [cam] [48263][tshell][awb_wrapper_init:66]xxx awb_bin=0x884e18cc, awb_bin_length=8068
[23:15:26.028] RX< [6] [cam] [48263][tshell][awb_wrapper_init:86]X algo_handle 0x885017f8
[23:15:26.028] RX< [7] [cam] [48264][awb0][a5_core_wrapper_task:252]thread start cid,0 algo type,2
[23:15:26.028] RX< [6]
[23:15:26.032] RX<  [cam] [48264][tshell][a5_core_init_task:426]thread created: awb0 mq=0x885038b8 thread=0x885039d0 sem=0x88503848 ret=0
[23:15:26.032] RX< [6] [cam] [48265][tshell][bayer_ae_wrapper_init:68]E id,0 proc mode 0 
[23:15:26.032] RX< 
[23:15:26.032] RX< [AEC Proc] @[allib_ae_set_debug_log_flag] Line:129:[DEBUG] debug
[23:15:26.032] RX<  level/to_file/to_terminal: 22/1/1
[23:15:26.032] RX< [AEC Proc] @[AeInit] Line:377:[INFO] AE ver: 2026_V2.269
[23:15:26.032] RX< 
[23:15:26.032] RX< [AEC Proc] @[allib_ae_loadfunc] Line:193:[INFO] camera ID: 0
[23:15:26.032] RX< [AEC Proc] @[alAE_set_param] Line:576:[DEBUG] sw_maxtime 33004 ,pertline 10800, after check sensor st
[23:15:26.035] RX< ep sw_max_time 33000.00
[23:15:26.035] RX< [AEC Proc] @[alAE_set_param] Line:581:[DEBUG] sw_mintime 43 ,pertline 10800, after check sensor step sw_min_time 40.00
[23:15:26.035] RX< [AEC Proc] @[alAE_set_param] Line:514:[DEBUG] DEBUG minbv exptime 11 gain 100, minExpBV 13810
[23:15:26.035] RX< [AEC Proc] @[AeTu
[23:15:26.035] RX< ningParseSet] Line:167:[DEBUG] aeparam version 2.268 60803
[23:15:26.035] RX< [AEC Proc] @[alAE_set_param] Line:341:[DEBUG] INITEXP gain 100, shutter 33242, midtonegain 100, bv 2247
[23:15:26.035] RX< [6] [cam] [48271][tshell][bayer_ae_wrapper_init:119]X tline 10800 max_exp 33004 alg_hdl 0x88
[23:15:26.037] RX< 506180 
[23:15:26.037] RX< [7] [cam] [48271][b_ae0][a5_core_wrapper_task:252]thread start cid,0 algo type,0
[23:15:26.037] RX< [6] [cam] [48272][tshell][a5_core_init_task:426]thread created: b_ae0 mq=0x88507230 thread=0x88507348 sem=0x885071c0 ret=0
[23:15:26.037] RX< [6] [cam] [48272][tshell][atf_wrapper_init:
[23:15:26.037] RX< 67]E id,0
[23:15:26.037] RX< [6] [cam] [48273][tshell][atf_wrapper_init:107]X alg_ctx addr 0x88507720
[23:15:26.037] RX< [7] [cam] [48273][atf0][a5_core_wrapper_task:252]thread start cid,0 algo type,1
[23:15:26.037] RX< [6] [cam] [48274][tshell][a5_core_init_task:426]thread created: atf0 mq=0x88507858 thread=0
[23:15:26.048] RX< x88507970 sem=0x885077e8 ret=0
[23:15:26.048] RX< [6] [cam] [48274][tshell][cam_cpm_core_init:1101]GDC enabled: video_eis=1, photo_warp=0
[23:15:26.048] RX< [6] [cam] [48283][tshell][cam_dewarp_init:333]table reg: enable:1, blockw:5, inw:1296, inh:2304, mapw:61, maph:35, outw:1920, outh:1080
[23:15:26.048] RX< [6] [cam] [48283][tshell][cam_dewarp_init:354]dewarp init: real-IMU consumer registered, reader=0x88507c70
[23:15:26.048] RX< [6] [cam] [48284][dwp0][dewarp_thread_entry:164]dewarp thread start, id=0
[23:15:26.048] RX< [6] [cam] [48284][tshell][cam_dewarp_init:379]EIS: dewarp init ok: dwp0 ei
[23:15:26.056] RX< s_ctx=0x8a00f210 table_size=12810 reg=61x35x5
[23:15:26.056] RX< [6] [cam] [48285][tshell][cam_cpm_core_init:1131]EIS: dewarp enabled, eis_ctx=0x8a00f210, eis_cfg=0x884c25c4
[23:15:26.056] RX< [6] [cam] [48285][tshell][cam_cpm_core_init:1149]X ctx size 1096 addr 0x884c2220
[23:15:26.056] RX< [6] [cam] [48286][
[23:15:26.056] RX< tshell][csc_open:599]ok! phys_id[1], phys_num[1] 
[23:15:26.056] RX< [6] [cam] [48286][tshell][cam_open:738]open ok! camera_id[0]
[23:15:26.056] RX< [34m[cam open] perf=63842(us)!
[23:15:26.056] RX< [0m[6] [App Cam] cam open success
[23:15:26.056] RX< [6] [cam] [48292][tshell][csc_init:722]sensor info:size:4032x2268, formt: 0x
[23:15:26.058] RX< 2b, bps: 1968, tline: 10800
[23:15:26.058] RX< [6] [cam] [48292][tshell][cam_sif_mgr_init:261]E id,0
[23:15:26.058] RX< [7] [cam] [48293][sif0][sif_irq_proc:151]thread start cid,0
[23:15:26.058] RX< [6] [cam] [48293][tshell][cam_sif_mgr_init:293]X ctx size 52 addr 0x885446a0
[23:15:26.058] RX< [6] [cam] [48294][tshell][cam_prelu
[23:15:26.058] RX< de_init_cfg:368]CSI ID is 0,  phy lanes is 2.
[23:15:26.058] RX< [7] [cam] [48294][tshell][check_phy_ready:96]MIPI_PHY[0] is ready
[23:15:26.058] RX< [6] [cam] [48294][tshell][sensor_init:348]sensor [1]: register ok
[23:15:26.058] RX< [6] [cam] [48295][tshell][sensor_set_mode:887]sensor [1]: SetMode -> mode = 0
[23:15:26.067] RX< .
[23:15:26.067] RX< [6] [cam] [48295][tshell][sensor_send_reg_tab_to_sensor:705]sensor [1]: send_reg_tab_to_sensor E.
[23:15:26.067] RX< [6] [cam] [48298][tshell][sensor_send_reg_tab_to_sensor:751]sensor [1]: reg_count = 77.
[23:15:26.067] RX< [6] [cam] [48299][tshell][sensor_init:361]sensor [1]: init success.
[23:15:26.067] RX< 
[23:15:26.067] RX< [6] [cam] [48299][tshell][sensor_set_mode:887]sensor [1]: SetMode -> mode = 3.
[23:15:26.067] RX< [6] [cam] [48300][tshell][sensor_send_reg_tab_to_sensor:705]sensor [1]: send_reg_tab_to_sensor E.
[23:15:26.067] RX< [6] [cam] [48304][tshell][sensor_send_reg_tab_to_sensor:751]sensor [1]: reg_c
[23:15:26.069] RX< ount = 83.
[23:15:26.069] RX< [6] [cam] [48304][tshell][csc_init:731]ok! phys_id[1], phys_num[1]
[23:15:26.069] RX< [6] [cam] [48304][tshell][csc_get_bayer_single_buffer:1148]scenario_type: 3
[23:15:26.069] RX< [6] [cam] [48304][tshell][csc_set_stats_fmt:98]index 0 w 1 h 1 bw 8 wcmp 255
[23:15:26.069] RX< [7] [cam] [48305][tshel
[23:15:26.070] RX< l][bm_ioctl:201]BMIOC_STATS_FMT
[23:15:26.070] RX< [6] [cam] [48305][tshell][csc_set_fe_fmt:47]index 1 w 4032 h 2268 bw 10 wcmp 0
[23:15:26.070] RX< [7] [cam] [48306][tshell][bm_ioctl:201]BMIOC_FE_FMT
[23:15:26.070] RX< [6] [cam] [48306][tshell][csc_set_me_fmt:64]index 5 w 2268 h 4032 bw 10 wcmp 0, rdma_addr 0x
[23:15:26.072] RX< 88e43800, wdma_addr 0x88e43800
[23:15:26.072] RX< [7] [cam] [48307][tshell][bm_ioctl:201]BMIOC_ME_FMT
[23:15:26.072] RX< [6] [cam] [48307][tshell][csc_set_video_fmt:1076]meta_addr: 0x8a18f240
[23:15:26.072] RX< [6] [cam] [48308][tshell][csc_set_me_fmt:64]index 6 w 1296 h 2304 bw 8 wcmp 0, rdma_addr 0x8b2e5400,
[23:15:26.075] RX<  wdma_addr 0x8a19fc00
[23:15:26.075] RX< [6] [cam] [48308][tshell][cam_me_core_buffer_cfg:1416]
[23:15:26.075] RX< ----ME PIPE INFO---
[23:15:26.075] RX<  wdma_buf_num:2, rotation_en: 1
[23:15:26.075] RX< [7] [cam] [48309][tshell][cam_me_core_buffer_cfg:1424]yuv wdma_addr 0:0x8a19fc00, meta_en: 1, 0x8a18f240
[23:15:26.075] RX< [7] [cam] [48309][t
[23:15:26.075] RX< shell][cam_me_core_buffer_cfg:1424]yuv wdma_addr 1:0x8a3c2800, meta_en: 1, 0x8a18f240
[23:15:26.075] RX< [7] [cam] [48310][tshell][bm_ioctl:201]BMIOC_ME_FMT
[23:15:26.075] RX< [6] [cam] [48310][tshell][csc_set_lite_fmt:115]index 13 w 400 h 400 bw 10 wcmp 255
[23:15:26.075] RX< [7] [cam] [48311][tshell][bm_ioct
[23:15:26.078] RX< l:201]BMIOC_LITE_FMT
[23:15:26.078] RX< [6] [cam] [48311][tshell][csc_set_lite_fmt:115]index 14 w 400 h 400 bw 10 wcmp 255
[23:15:26.078] RX< [7] [cam] [48312][tshell][bm_ioctl:201]BMIOC_LITE_FMT
[23:15:26.078] RX< [6] [cam] [48312][tshell][csc_set_be_fmt:81]index 7 w 1920 h 1080 bw 6 wcmp 0
[23:15:26.078] RX< [7] [cam] [48312][
[23:15:26.078] RX< tshell][bm_ioctl:201]BMIOC_BE_FMT
[23:15:26.078] RX< [6] [cam] [48312][tshell][csc_set_be_fmt:81]index 8 w 1920 h 1080 bw 8 wcmp 255
[23:15:26.078] RX< [7] [cam] [48313][tshell][bm_ioctl:201]BMIOC_BE_FMT
[23:15:26.078] RX< [6] [cam] [48313][tshell][cam_dewarp_set_table_base:480]dewarp table base updated: [0]=0x
[23:15:26.080] RX< 88e20aa0 [1]=0x88e32150
[23:15:26.080] RX< [6] [cam] [48314][tshell][cam_cpm_core_set_dewarp_table_base:1611]dewarp table base updated: [0]=0x88e20aa0 [1]=0x88e32150
[23:15:26.080] RX< [6] [cam] [48314][tshell][csc_init:739]get otp ok! phys_id[1], phys_num[1]
[23:15:26.080] RX< [6] [cam] [48315][tshell][cam_in
[23:15:26.081] RX< it:828]init ok! logic_id[0]
[23:15:26.081] RX< [34m[cam init] perf=23340(us)!
[23:15:26.081] RX< [0m[6] [App Cam] cam init success
[23:15:26.081] RX< [7] [cam] [48316][tshell][cam_cpm_core_stream_on:560]id 0 sensor type 1
[23:15:26.081] RX< [6] [cam] [48316][tshell][sensor_stream_on:1024]sensor [1]: stream_on
[23:15:26.081] RX< [6] [cam] [48316]
[23:15:26.099] RX< [tshell][sensor_stream_on:1052]sensor [1]: REG: 0x100, W:0x1.
[23:15:26.099] RX< [6] [cam] [48317][tshell][sensor_stream_on:1054]sensor [1]: REG: 0x100, R:0x1.
[23:15:26.099] RX< [6] [cam] [48317][tshell][csc_prv_start:873]ok! phys_id[1], phys_num[1], cam_ids[1]
[23:15:26.099] RX< [6] [cam] [48318][tshell][cam
[23:15:26.099] RX< _start:938]preview start ok! logic_id[0]
[23:15:26.099] RX< [34m[cam start] perf=2326(us)!
[23:15:26.099] RX< [0m[6] [App Cam] cam start success
[23:15:26.099] RX< [6] [App Dfs] Gravity_XR Record Start
[23:15:26.099] RX< msh /emmc>echo "__EVBTEST_END_47bbd256__"
[23:15:26.099] RX< __EVBTEST_END_47bbd256__
[23:15:26.099] RX< msh /emmc>[7] [cam] [48320][b_3a_sts][ba
[23:15:26.217] RX< yer_stats_core_irq_proc:164]thread start cid,0
[23:15:26.217] RX< [7] [cam] [48320][fe0][fe_core_irq_proc:98]thread start cid,0
[23:15:26.217] RX< [34m[AE] fid=0,exp=8090,adg=100,Y=5117,mtg=100,shg=100,bgbv=4261,iso=100,cnv0,hdr0
[23:15:26.217] RX< [0m[34m[b_ae0 proc] perf=2806(us), max=2806(us)!
[23:15:26.217] RX< [0m[34m[
[23:15:26.389] RX< awb0 proc] perf=1279(us), max=1279(us)!
[23:15:26.389] RX< [0m[7] [cam] [48452][me0][me_core_thread:359]ME out fid 0
[23:15:26.389] RX< [6] [cam] [48499][dwp0][cpm_cb_dewarp_handle:1411]EIS: dewarp done frm=0, buf_idx=0
[23:15:26.389] RX< [6] [cam] [48611][me0][cpm_cb_fe2me_tikChk:152]frm_length 88560us, fe2me 
[23:15:27.378] RX< delta 0
[23:15:27.378] RX< [34m[ME INTP]fid=0, shutter=8090, perf=792(us), max=792(us)!
[23:15:27.378] RX< [0m[32m[BE] fid=0, perf=6828(us), max=6828(us)!
[23:15:27.378] RX< [0m[6] [App Dfs] f_index = 0, f_len = 69607, cur_total_len = 69695
[23:15:27.378] RX< [34m[AE] fid=30,exp=11280,adg=300,Y=4492,mtg=180,shg=100,bgbv=1259,
[23:15:29.380] RX< iso=300,cnv2,hdr0
[23:15:29.380] RX< [0m[7] [cam] [49618][me0][me_core_thread:359]ME out fid 30
[23:15:29.380] RX< [34m[AE] fid=60,exp=11280,adg=300,Y=4489,mtg=180,shg=100,bgbv=1259,iso=300,cnv2,hdr0
[23:15:29.380] RX< [0m[7] [cam] [50618][me0][me_core_thread:359]ME out fid 60
[23:15:29.380] RX< [34m[AE] fid=90,exp=11270,adg=3
[23:15:29.732] RX< 00,Y=4500,mtg=180,shg=100,bgbv=1263,iso=300,cnv2,hdr0
[23:15:29.732] RX< [0m[34m[b_ae0 proc] perf=450(us), max=2806(us)!
[23:15:29.732] RX< [0m[34m[awb0 proc] perf=1448(us), max=1643(us)!
[23:15:29.732] RX< [0m[7] [cam] [51617][me0][me_core_thread:359]ME out fid 90
[23:15:29.732] RX< [32m[BE] fid=90, perf=8864(us), max=8942
[23:15:30.478] RX< (us)!
[23:15:30.478] RX< [0m[6] [App Dfs] f_index = 90, f_len = 173525, cur_total_len = 6851111
[23:15:30.478] RX< [34m[AE] fid=120,exp=11240,adg=300,Y=4515,mtg=180,shg=100,bgbv=1267,iso=300,cnv2,hdr0
[23:15:30.478] RX< [0m[7] [cam] [52617][me0][me_core_thread:359]ME out fid 120
[23:15:30.478] RX< [34m[ME INTP]fid=120, shutter
[23:15:32.379] RX< =11240, perf=3(us), max=5559(us)!
[23:15:32.379] RX< [0m[34m[AE] fid=150,exp=11240,adg=300,Y=4511,mtg=180,shg=100,bgbv=1263,iso=300,cnv2,hdr0
[23:15:32.379] RX< [0m[7] [cam] [53617][me0][me_core_thread:359]ME out fid 150
[23:15:32.379] RX< [34m[AE] fid=180,exp=11190,adg=300,Y=4543,mtg=180,shg=100,bgbv=1279,i
[23:15:32.755] RX< so=300,cnv2,hdr0
[23:15:32.755] RX< [0m[34m[b_ae0 proc] perf=599(us), max=758(us)!
[23:15:32.755] RX< [0m[34m[awb0 proc] perf=1302(us), max=1794(us)!
[23:15:32.755] RX< [0m[7] [cam] [54617][me0][me_core_thread:359]ME out fid 180
[23:15:32.755] RX< [32m[BE] fid=180, perf=8773(us), max=8968(us)!
[23:15:32.755] RX< [0m[6] [App Dfs] f_index = 18
[23:15:34.395] RX< 0, f_len = 164297, cur_total_len = 6789142
[23:15:34.395] RX< [34m[AE] fid=210,exp=11190,adg=300,Y=4463,mtg=180,shg=100,bgbv=1260,iso=300,cnv2,hdr0
[23:15:34.395] RX< [0m[7] [cam] [55617][me0][me_core_thread:359]ME out fid 210
[23:15:34.395] RX< [34m[AE] fid=240,exp=11180,adg=300,Y=4482,mtg=180,shg=100,bgbv=1
[23:15:35.379] RX< 264,iso=300,cnv2,hdr0
[23:15:35.379] RX< [0m[6] [cam] [56608][dwp0][cpm_cb_dewarp_handle:1411]EIS: dewarp done frm=240, buf_idx=0
[23:15:35.379] RX< [7] [cam] [56617][me0][me_core_thread:359]ME out fid 240
[23:15:35.379] RX< [34m[ME INTP]fid=240, shutter=11180, perf=3(us), max=524(us)!
[23:15:35.379] RX< [0m[34m[AE] fid=270,ex
[23:15:35.731] RX< p=11190,adg=300,Y=4474,mtg=180,shg=100,bgbv=1260,iso=300,cnv2,hdr0
[23:15:35.731] RX< [0m[34m[b_ae0 proc] perf=400(us), max=752(us)!
[23:15:35.731] RX< [0m[34m[awb0 proc] perf=1440(us), max=1571(us)!
[23:15:35.731] RX< [0m[7] [cam] [57617][me0][me_core_thread:359]ME out fid 270
[23:15:35.731] RX< [32m[BE] fid=270, perf=8683
[23:15:36.150] RX< (us), max=8773(us)!
[23:15:36.150] RX< [0m[6] [App Dfs] f_index = 270, f_len = 164070, cur_total_len = 6903856
[23:15:36.150] RX< dfs_video_stop
[23:15:36.150] RX< msh /emmc>echo "__EVBTEST_E[6] [App Dfs]  Gravity_XR Record Stop Success: total frames = 283
[23:15:36.150] RX< [6] [cam] [58371][DfsSend][sensor_stream_off:1188]senso
[23:15:36.158] RX< r [1]: stream_off
[23:15:36.158] RX< [6] [cam] [58371][DfsSend][sensor_stream_off:1217]sensor [1]: REG: 0x100, W:0x0.
[23:15:36.158] RX< [6] [cam] [58372][DfsSend][sensor_stream_off:1219]sensor [1]: REG: 0x100, R:0x0.
[23:15:36.158] RX< [6] [cam] [58391][DfsSend][csc_prv_stop:983]ok! phys_id[1], phys_num[1], st
[23:15:36.158] RX< op_type = 0
[23:15:36.158] RX< [6] [cam] [58391][DfsSend][cam_stop:1058]preview stop ok! logic_id[0]
[23:15:36.158] RX< [34m[cam stop] perf=21229(us)!
[23:15:36.158] RX< [0m[6] [App Cam] cam stop success
[23:15:36.158] RX< Total of 284 frames encoded, 21561208 bytes, max_workbuffer_used: 3493888 bytes
[23:15:36.158] RX< [6] [App Cam] hevc_encode
[23:15:36.161] RX< r_deinit success
[23:15:36.161] RX< [7] [cam] [58394][DfsSend][cam_cpm_core_power_off:467]id,0 type,1 ret 0
[23:15:36.161] RX< [6] [cam] [58395][sif0][sif_irq_proc:174]thread release cid,0
[23:15:36.161] RX< [6] [cam] [58395][DfsSend][cam_sif_mgr_deinit:316]X
[23:15:36.161] RX< [6] [cam] [58395][DfsSend][cam_deinit:887]deinit ok
[23:15:36.161] RX< ! logic_id[0]
[23:15:36.161] RX< [34m[cam deinit] perf=1279(us)!
[23:15:36.161] RX< [0m[6] [App Cam] cam deinit success
[23:15:36.161] RX< [6] [cam] [58396][DfsSend][sensor_close:1292]sensor [1]: close!
[23:15:36.161] RX< [6] [cam] [58397][DfsSend][cam_dewarp_deinit:438]dewarp deinit, id=0
[23:15:36.161] RX< [6] [cam] [58397][dwp0][dewarp_thread
[23:15:36.163] RX< _entry:174]dewarp thread exit signal, id=0
[23:15:36.163] RX< [6] [cam] [58397][dwp0][dewarp_thread_entry:276]dewarp thread exit, id=0
[23:15:36.163] RX< [6] [cam] [58398][DfsSend][cam_bm_core_deinit:136]X
[23:15:36.163] RX< [6] [cam] [58398][be0][be_core_irq_proc:329]thread release cid,0
[23:15:36.163] RX< [6] [cam] [58398][Dfs
[23:15:36.164] RX< Send][cam_be_core_deinit:793]X
[23:15:36.164] RX< [6] [cam] [58399][me0][me_core_thread:404]thread release cid,0
[23:15:36.164] RX< [6] [cam] [58399][DfsSend][cam_me_core_deinit:1551]X
[23:15:36.164] RX< [6] [cam] [58399][fe0][fe_core_irq_proc:121]thread release cid,0
[23:15:36.164] RX< [6] [cam] [58400][DfsSend][cam_fe_core_dei
[23:15:36.166] RX< nit:536]X
[23:15:36.166] RX< [6] [cam] [58400][b_3a_sts][bayer_stats_core_irq_proc:193]thread release cid,0
[23:15:36.166] RX< [6] [cam] [58400][DfsSend][cam_bayer_stats_core_deinit:512]X
[23:15:36.166] RX< [6] [cam] [58401][b_ae0][a5_core_wrapper_task:315]thread release cid,0,algo,0
[23:15:36.166] RX< [6] [cam] [58401][DfsSend]
[23:15:36.166] RX< [bayer_ae_wrapper_deinit:204]X
[23:15:36.166] RX< [6] [cam] [58402][atf0][a5_core_wrapper_task:315]thread release cid,0,algo,1
[23:15:36.166] RX< [6] [cam] [58402][DfsSend][atf_wrapper_deinit:153]X
[23:15:36.166] RX< [6] [cam] [58402][awb0][a5_core_wrapper_task:315]thread release cid,0,algo,2
[23:15:36.166] RX< [6] [cam] [58403]
[23:15:36.169] RX< [DfsSend][awb_wrapper_deinit:153]X
[23:15:36.169] RX< [6] [cam] [58403][DfsSend][cam_5a_core_deinit:555]X
[23:15:36.169] RX< [6] [cam] [58403][DfsSend][cam_5a_inf_deinit:149]X
[23:15:36.169] RX< [6] [cam] [58404][qpc0][qpc_core_msg_proc:705]thread release cid,0
[23:15:36.169] RX< [6] [cam] [58404][DfsSend][qpc_core_deinit:1413]X
[23:15:36.169] RX< 
[23:15:36.169] RX< [6] [cam] [58404][DfsSend][cam_cpm_core_deinit:1248]X
[23:15:36.169] RX< [6] [cam] [58404][DfsSend][csc_close:656]ok! phys_id[1], phys_num[1]
[23:15:36.169] RX< [7] [cam] [58405][cer0][cer_recovery_proc:352]msg type = 254
[23:15:36.169] RX< [6] [cam] [58405][cer0][cer_recovery_proc:454]thread release cid,0
[23:15:36.169] RX< [
[23:15:36.197] RX< 6] [cam] [58406][DfsSend][cer_deinit:560]X
[23:15:36.197] RX< [6] [cam] [58406][DfsSend][cam_close:789]close ok! logic_id[0]
[23:15:36.197] RX< [34m[cam close] perf=10328(us)!
[23:15:36.197] RX< [0m[6] [App Cam] cam close success
[23:15:36.197] RX< [6] [cam] [58407][cpl0][cam_prelude_proc_routine:136]thread release
[23:15:36.197] RX< [6] [cam] [
[23:15:36.197] RX< 58407][DfsSend][cam_exit:571]exit ok!
[23:15:36.197] RX< [34m[cam exit] perf=652(us)!
[23:15:36.197] RX< [0m[6] [App Cam] cam exit success
[23:15:36.197] RX< [6] [App Dfs] Save Video Successful: /emmc/VIDEO/20260101_000048_8036/Video_8036_0.h265
[23:15:36.197] RX< [6] [App Dfs] Save Imu Successful: /emmc/VIDEO/20260101_000048_
[23:15:36.309] TX> dfs_video_stop
[23:15:36.309] TX> echo "__EVBTEST_END_72f9f3ef__"
[23:15:38.199] RX< 8036/Imu_8036.bin
[23:15:38.199] RX< [6] [App Dfs] Video recording completed successfully.
[23:15:38.199] RX< ND_72f9f3ef__"
[23:15:38.199] RX< __EVBTEST_END_72f9f3ef__
[23:15:38.199] RX< msh /emmc>
[23:15:45.191] RX< rtmp_video_start rtmp://192.168.1.89/live/cam
[23:15:45.191] RX< [7] [cam] [67420][tshell][cgm_parse_bin:104]total logical camera num: 1
[23:15:45.191] RX< [6] [cam] [67420][tshell][cam_prelude_create:187]E id, 0
[23:15:45.191] RX< [7] [cam] [67421][cpl0][cam_prelude_proc_routine:101]thread start
[23:15:45.191] RX< [6] [cam] [674
[23:15:45.191] RX< 21][tshell][cam_prelude_create:214]X ctx size 132 addr 0x884de948
[23:15:45.191] RX< [6] [cam] [67426][tshell][sensor_probe:418]sensor [1]: identifing 0 success.
[23:15:45.191] RX< [6] [cam] [67427][tshell][sensor_probe:441]sensor [1]: probe exit!
[23:15:45.191] RX< [6] [cam] [67427][tshell][cam_prelude_fast_pr
[23:15:45.194] RX< obe:251]cam: 0 probe result: 0
[23:15:45.194] RX< [6] [cam] [67428][tshell][cgm_parse_bin:218]cam(0) probe success
[23:15:45.194] RX< [6] [cam] [67428][tshell][cam_entry:455]entry ok
[23:15:45.194] RX< [34m[cam entry] perf=8798(us)!
[23:15:45.194] RX< [0m[6] [App Cam] cam entry success
[23:15:45.194] RX< [7] [cam] [67429][tshell][cam_solve_layo
[23:15:45.194] RX< ut:350][mLayout] param OK, scen3 iw4032 ih2268 ow2304 oh1296 gdc 0x2
[23:15:45.194] RX< [36m[mLayout] scen03 in=4032x2268,out=1296x2304 meRot1 stripe0 gdcOn0
[23:15:45.194] RX< [0m[36m[mLayout] scen03 14entries solved status=OK retry=0 rtmp=enabled (cursor0=0x8a018210 cursor1=0x89300000, c
[23:15:45.197] RX< h0/1/2 cnt=5/1/1)
[23:15:45.197] RX< [0m[7] [cam] [67431][tshell][cam_solve_layout:377]
[23:15:45.197] RX< [mLayout] out vol 0x8c000000 rBuf 0x89300000 sz 0xd00000 wBuf 0x8a9e5400 sz 0x900000
[23:15:45.197] RX<           rtmp tBuf 0x8a098210 sz 0x80000 aBuf 0x8a018210 sz 0x80000
[23:15:45.197] RX< [7] [cam] [67432][tshell][cam_
[23:15:45.200] RX< solve_layout:397]Solve Scen3 layout Done!
[23:15:45.200] RX< [6] [cam] [67433][tshell][cgm_parse_media_para:274]phy cam num: 1
[23:15:45.200] RX< [7] [cam] [67433][cer0][cer_recovery_proc:343]thread start cid, 0
[23:15:45.200] RX< [6] [cam] [67434][tshell][csc_open:499]SENSOR MCLK cal: 24MHz
[23:15:45.200] RX< [6] [cam] [67434][
[23:15:45.200] RX< tshell][csc_isp_clk_cal:344]MIPI CLK cal: 277MHz
[23:15:45.200] RX< [6] [cam] [67434][tshell][csc_isp_clk_cal:374]LITE CLK cal: 25MHz
[23:15:45.200] RX< [7] [cam] [67435][tshell][cpc_csi_rx_power_on:633]E id: 2
[23:15:45.200] RX< [4] [cam] [67435][tshell][cpc_csi_rx_power_on:644]csi_2 has already power on, STA
[23:15:45.205] RX< TUS: 1
[23:15:45.205] RX< [6] [cam] [67435][tshell][cpc_update_clock:603]actual SNS mclk: 24MHz
[23:15:45.205] RX< [6] [cam] [67436][tshell][cpc_update_clock:608]actual MIPI0: 300MHz
[23:15:45.205] RX< [6] [cam] [67436][tshell][cpc_update_clock:598]actual LITE clk: 25MHz
[23:15:45.205] RX< [7] [cam] [67437][tshell][cam_prelude_o
[23:15:45.205] RX< pen:297][34msnsOpen camID1 csiID0 phyIdx0[0m
[23:15:45.205] RX< [6] [cam] [67440][tshell][sensor_expo_gain_match:48]sensor get sensor expo gain of imx681_vst
[23:15:45.205] RX< [6] [cam] [67440][tshell][sensor_open:684]sensor [1] open OK.
[23:15:45.205] RX< [6] [cam] [67441][tshell][cam_cpm_parse_media:295]vi
[23:15:45.210] RX< deo scenario:3, media para[fps:0, mirror_en:0, flip_en:0]
[23:15:45.210] RX< [6] [cam] [67441][tshell][cam_cpm_parse_media:298]video scenario, media para[iso:0, gain:0, wb_mode:0]
[23:15:45.210] RX< [6] [cam] [67442][tshell][csc_isp_clk_cal:355]FE CLK cal: 373MHz, ME CLK cal: 371MHz, FE/ME CL
[23:15:45.210] RX< K cal: 410MHz
[23:15:45.210] RX< [6] [cam] [67442][tshell][csc_isp_clk_cal:364]BE CLK cal: 301MHz
[23:15:45.210] RX< [4] [cam] [67443][tshell][cam_fe_core_power_on:269]fe pipe has already power on, STATUS: 1
[23:15:45.210] RX< [6] [cam] [67443][tshell][cpc_update_clock:588]actual FE/ME clk: 500MHz
[23:15:45.210] RX< [7] [cam] [6
[23:15:45.213] RX< 7444][tshell][cam_cpm_core_power_on:435]id,0 type,1 ret 0
[23:15:45.213] RX< [6] [cam] [67444][tshell][cam_cpm_core_init:1017]E id,0 sensor type,1
[23:15:45.213] RX< [6] [cam] [67447][tshell][cpm_core_check_tuningbin:957]Tuning bin crc check PASS! sum 0x17a5964, xor 0x87e82682
[23:15:45.213] RX< [6] [cam] [6744
[23:15:45.213] RX< 7][tshell][qpc_tuning_check_iqbin_validness:396]IQ bin addr: 0x88646660, project_name: video_3M
[23:15:45.213] RX< [6] [cam] [67448][tshell][qpc_tuning_check_iqbin_validness:397]total_size: 94400
[23:15:45.213] RX< [6] [cam] [67448][tshell][qpc_tuning_check_iqbin_validness:398]id_count: 93. I
[23:15:45.216] RX< D_TOTAL: 94
[23:15:45.216] RX< [6] [cam] [67449][tshell][qpc_tuning_check_iqbin_validness:399]spinel tuning data ver: V1.30
[23:15:45.216] RX< [6] [cam] [67449][tshell][cpm_core_check_tuningbin:971]IQ bin check success!
[23:15:45.216] RX< [6] [cam] [67450][tshell][cam_bm_core_init:94]E
[23:15:45.216] RX< [6] [cam] [67450][tshell
[23:15:45.216] RX< ][bm_lab_init:174]X ctx size 4 addr 0x884b9350
[23:15:45.216] RX< [6] [cam] [67451][tshell][cam_bm_core_init:114]X ctx size 180 addr 0x884c1bd0
[23:15:45.216] RX< [6] [cam] [67451][tshell][qpc_core_init:1299]E id,0
[23:15:45.216] RX< [6] [cam] [67452][tshell][qpc_queue_init:65]QPC init qnodes 8, size 508, pool
[23:15:45.234] RX<  0x884c21b0
[23:15:45.234] RX< [7] [cam] [67452][tshell][_qpc_get_cap_cfg_para:896][fallback]preset capCfg 200 0 0 invalid, use default
[23:15:45.234] RX< [7] [cam] [67453][tshell][_qpc_cfg_hdr_frms:840][fallback]preset hdrCfg 0 0 0 0 0 invalid, use default
[23:15:45.234] RX< [6] [cam] [67468][tshell][qpc_core_
[23:15:45.234] RX< init:1347]X ctx size 1288 addr 0x884c1c98
[23:15:45.234] RX< [6] [cam] [67468][tshell][cpm_core_get_param:764]cpm para chk: tunBin-w 4032 h 2266 img-w 4032 h 2268
[23:15:45.234] RX< [6] [cam] [67469][tshell][cam_fe_core_init:436]E id,0
[23:15:45.234] RX< [6] [cam] [67470][tshell][cam_fe_core_init:490]X ctx size
[23:15:45.240] RX<  96 addr 0x884c35c8
[23:15:45.240] RX< [7] [cam] [67471][tshell][qpc_core_fe_chords_init:1763][34mqpc fe init snsOut w 4032 h 2268, tbl w 28 h 20[0m
[23:15:45.240] RX< [6] [cam] [67471][tshell][cam_me_core_init:1523]X ctx size 1352 addr 0x884f1c48
[23:15:45.240] RX< [34m[ME SLICE CFG] perf=1348(us)!
[23:15:45.240] RX< [0m[6]
[23:15:45.240] RX<  [cam] [67475][tshell][cam_bayer_fe_3a_stats_core_init:445]fe 3a id,0
[23:15:45.240] RX< [6] [cam] [67475][tshell][cam_bayer_fe_3a_stats_core_init:490]X ctx size 132 addr 0x884fa5d0
[23:15:45.240] RX< [6] [cam] [67475][tshell][awb_wrapper_init:66]xxx awb_bin=0x884e1624, awb_bin_length=8068
[23:15:45.240] RX< [6
[23:15:45.248] RX< ] [cam] [67476][tshell][awb_wrapper_init:86]X algo_handle 0x88500230
[23:15:45.248] RX< [7] [cam] [67477][awb0][a5_core_wrapper_task:252]thread start cid,0 algo type,2
[23:15:45.248] RX< [6] [cam] [67477][tshell][a5_core_init_task:426]thread created: awb0 mq=0x885022c0 thread=0x885023d8 sem=0
[23:15:45.248] RX< x88502250 ret=0
[23:15:45.248] RX< [6] [cam] [67477][tshell][bayer_ae_wrapper_init:68]E id,0 proc mode 0 
[23:15:45.248] RX< 
[23:15:45.248] RX< [AEC Proc] @[allib_ae_set_debug_log_flag] Line:129:[DEBUG] debug level/to_file/to_terminal: 22/1/1
[23:15:45.248] RX< [AEC Proc] @[AeInit] Line:377:[INFO] AE ver: 2026_V2.269
[23:15:45.248] RX< 
[23:15:45.248] RX< [AEC Proc
[23:15:45.251] RX< ] @[allib_ae_loadfunc] Line:193:[INFO] camera ID: 0
[23:15:45.251] RX< [AEC Proc] @[alAE_set_param] Line:576:[DEBUG] sw_maxtime 33004 ,pertline 10800, after check sensor step sw_max_time 33000.00
[23:15:45.251] RX< [AEC Proc] @[alAE_set_param] Line:581:[DEBUG] sw_mintime 43 ,pertline 10800, a
[23:15:45.251] RX< fter check sensor step sw_min_time 40.00
[23:15:45.251] RX< [AEC Proc] @[alAE_set_param] Line:514:[DEBUG] DEBUG minbv exptime 11 gain 100, minExpBV 13810
[23:15:45.251] RX< [AEC Proc] @[AeTuningParseSet] Line:167:[DEBUG] aeparam version 2.268 60803
[23:15:45.251] RX< [AEC Proc] @[alAE_set_param] Line:341:[DEBUG
[23:15:45.254] RX< ] INITEXP gain 100, shutter 33242, midtonegain 100, bv 2247
[23:15:45.254] RX< [6] [cam] [67488][tshell][bayer_ae_wrapper_init:119]X tline 10800 max_exp 33004 alg_hdl 0x88504b88 
[23:15:45.254] RX< [7] [cam] [67488][b_ae0][a5_core_wrapper_task:252]thread start cid,0 algo type,0
[23:15:45.254] RX< [6] [cam] [67
[23:15:45.254] RX< 489][tshell][a5_core_init_task:426]thread created: b_ae0 mq=0x88505c38 thread=0x88505d50 sem=0x88505bc8 ret=0
[23:15:45.254] RX< [6] [cam] [67489][tshell][atf_wrapper_init:67]E id,0
[23:15:45.254] RX< [6] [cam] [67490][tshell][atf_wrapper_init:107]X alg_ctx addr 0x88507138
[23:15:45.254] RX< [7] [cam] [67490][a
[23:15:45.269] RX< tf0][a5_core_wrapper_task:252]thread start cid,0 algo type,1
[23:15:45.269] RX< [6] [cam] [67490][tshell][a5_core_init_task:426]thread created: atf0 mq=0x88507270 thread=0x88507388 sem=0x88507200 ret=0
[23:15:45.269] RX< [6] [cam] [67491][tshell][cam_cpm_core_init:1149]X ctx size 1096 addr 0x
[23:15:45.270] RX< 884c1778
[23:15:45.270] RX< [6] [cam] [67492][tshell][csc_open:599]ok! phys_id[1], phys_num[1] 
[23:15:45.270] RX< [6] [cam] [67492][tshell][cam_open:738]open ok! camera_id[0]
[23:15:45.270] RX< [34m[cam open] perf=63207(us)!
[23:15:45.270] RX< [0m[6] [App Cam] cam open success
[23:15:45.270] RX< [6] [cam] [67506][tshell][csc_init:722]sensor in
[23:15:45.272] RX< fo:size:4032x2268, formt: 0x2b, bps: 1968, tline: 10800
[23:15:45.272] RX< [6] [cam] [67506][tshell][cam_sif_mgr_init:261]E id,0
[23:15:45.272] RX< [7] [cam] [67507][sif0][sif_irq_proc:151]thread start cid,0
[23:15:45.272] RX< [6] [cam] [67507][tshell][cam_sif_mgr_init:293]X ctx size 52 addr 0x88541b70
[23:15:45.272] RX< [6] [ca
[23:15:45.273] RX< m] [67508][tshell][cam_prelude_init_cfg:368]CSI ID is 0,  phy lanes is 2.
[23:15:45.273] RX< [7] [cam] [67508][tshell][check_phy_ready:96]MIPI_PHY[0] is ready
[23:15:45.273] RX< [6] [cam] [67508][tshell][sensor_init:348]sensor [1]: register ok
[23:15:45.273] RX< [6] [cam] [67509][tshell][sensor_set_mode:887]sen
[23:15:45.281] RX< sor [1]: SetMode -> mode = 0.
[23:15:45.281] RX< [6] [cam] [67509][tshell][sensor_send_reg_tab_to_sensor:705]sensor [1]: send_reg_tab_to_sensor E.
[23:15:45.281] RX< [6] [cam] [67512][tshell][sensor_send_reg_tab_to_sensor:751]sensor [1]: reg_count = 77.
[23:15:45.281] RX< [6] [cam] [67513][tshell][sensor_init:3
[23:15:45.281] RX< 61]sensor [1]: init success.
[23:15:45.281] RX< [6] [cam] [67513][tshell][sensor_set_mode:887]sensor [1]: SetMode -> mode = 3.
[23:15:45.281] RX< [6] [cam] [67514][tshell][sensor_send_reg_tab_to_sensor:705]sensor [1]: send_reg_tab_to_sensor E.
[23:15:45.281] RX< [6] [cam] [67518][tshell][sensor_send_reg_tab_to_
[23:15:45.284] RX< sensor:751]sensor [1]: reg_count = 83.
[23:15:45.284] RX< [6] [cam] [67518][tshell][csc_init:731]ok! phys_id[1], phys_num[1]
[23:15:45.284] RX< [6] [cam] [67519][tshell][csc_get_bayer_single_buffer:1148]scenario_type: 3
[23:15:45.284] RX< [6] [cam] [67519][tshell][csc_set_stats_fmt:98]index 0 w 1 h 1 bw 8 wcmp 
[23:15:45.284] RX< 255
[23:15:45.284] RX< [7] [cam] [67519][tshell][bm_ioctl:201]BMIOC_STATS_FMT
[23:15:45.284] RX< [6] [cam] [67520][tshell][csc_set_fe_fmt:47]index 1 w 4032 h 2268 bw 10 wcmp 0
[23:15:45.284] RX< [7] [cam] [67520][tshell][bm_ioctl:201]BMIOC_FE_FMT
[23:15:45.284] RX< [6] [cam] [67520][tshell][csc_set_me_fmt:64]index 5 w 2268 h 403
[23:15:45.284] TX> rtmp_video_start rtmp://192.168.1.89/live/cam
[23:15:45.284] TX> echo "__EVBTEST_END_184d66ad__"
[23:15:45.286] RX< 2 bw 10 wcmp 0, rdma_addr 0x8a128c00, wdma_addr 0x8a128c00
[23:15:45.286] RX< [7] [cam] [67521][tshell][bm_ioctl:201]BMIOC_ME_FMT
[23:15:45.286] RX< [6] [cam] [67521][tshell][csc_set_video_fmt:1076]meta_addr: 0x8a118240
[23:15:45.286] RX< [6] [cam] [67522][tshell][csc_set_me_fmt:64]index 6 w 1296 h 2304 bw 8 w
[23:15:45.287] RX< cmp 255, rdma_addr 0x8b2e5400, wdma_addr 0x8c000000
[23:15:45.287] RX< [6] [cam] [67522][tshell][cam_me_core_buffer_cfg:1416]
[23:15:45.287] RX< ----ME PIPE INFO---
[23:15:45.287] RX<  wdma_buf_num:1, rotation_en: 1
[23:15:45.287] RX< [7] [cam] [67523][tshell][cam_me_core_buffer_cfg:1424]yuv wdma_addr 0:0x8c000000, meta_en: 1, 
[23:15:45.289] RX< 0x8a118240
[23:15:45.289] RX< [7] [cam] [67523][tshell][bm_ioctl:201]BMIOC_ME_FMT
[23:15:45.289] RX< [6] [cam] [67524][tshell][csc_set_lite_fmt:115]index 13 w 400 h 400 bw 10 wcmp 255
[23:15:45.289] RX< [7] [cam] [67524][tshell][bm_ioctl:201]BMIOC_LITE_FMT
[23:15:45.289] RX< [6] [cam] [67525][tshell][csc_set_lite_fmt:115]index 1
[23:15:45.289] RX< 4 w 400 h 400 bw 10 wcmp 255
[23:15:45.289] RX< [7] [cam] [67525][tshell][bm_ioctl:201]BMIOC_LITE_FMT
[23:15:45.289] RX< [6] [cam] [67526][tshell][csc_init:739]get otp ok! phys_id[1], phys_num[1]
[23:15:45.289] RX< [6] [cam] [67526][tshell][cam_init:828]init ok! logic_id[0]
[23:15:45.289] RX< [34m[cam init] perf=20349(us)!
[23:15:45.289] RX< [0m
[23:15:45.292] RX< [6] [App Cam] cam init success
[23:15:45.292] RX< [7] [cam] [67527][tshell][cam_cpm_core_stream_on:560]id 0 sensor type 1
[23:15:45.292] RX< [6] [cam] [67527][tshell][sensor_stream_on:1024]sensor [1]: stream_on
[23:15:45.292] RX< [6] [cam] [67528][tshell][sensor_stream_on:1052]sensor [1]: REG: 0x100, W:0x1.
[23:15:45.292] RX< [6
[23:15:45.292] RX< ] [cam] [67528][tshell][sensor_stream_on:1054]sensor [1]: REG: 0x100, R:0x1.
[23:15:45.292] RX< [6] [cam] [67528][tshell][csc_prv_start:873]ok! phys_id[1], phys_num[1], cam_ids[1]
[23:15:45.292] RX< [6] [cam] [67529][tshell][cam_start:938]preview start ok! logic_id[0]
[23:15:45.292] RX< [34m[cam start] perf=2
[23:15:45.341] RX< 521(us)!
[23:15:45.341] RX< [0m[6] [App Cam] cam start success
[23:15:45.341] RX< [RTMP] connecting rtmp://192.168.1.89/live/cam ...
[23:15:45.341] RX< [7] [cam] [67530][b_3a_sts][bayer_stats_core_irq_proc:164]thread start cid,0
[23:15:45.341] RX< [7] [cam] [67530][fe0][fe_core_irq_proc:98]thread start cid,0
[23:15:45.341] RX< [RTMP] connected to
[23:15:45.500] RX<  192.168.1.89:1935 (sock=6)
[23:15:45.500] RX< [RTMP] handshake (simple) ok
[23:15:45.500] RX< [34m[AE] fid=0,exp=7970,adg=100,Y=5190,mtg=100,shg=100,bgbv=4282,iso=100,cnv0,hdr0
[23:15:45.500] RX< [0m[34m[b_ae0 proc] perf=8178(us), max=8178(us)!
[23:15:45.500] RX< [0m[34m[awb0 proc] perf=3888(us), max=3888(us)!
[23:15:45.500] RX< [0m[RTMP] co
[23:15:45.518] RX< nnect _result ok
[23:15:45.518] RX< [RTMP] createStream -> msid=1
[23:15:45.518] RX< [RTMP] publish ready on rtmp://192.168.1.89:1935/live
[23:15:45.518] RX< [RTMP] config sent (42 bytes)
[23:15:45.518] RX< [RTMP] f_index = 0, f_len = 39
[23:15:45.518] RX< [RTMP] Push Start -> rtmp://192.168.1.89/live/cam
[23:15:45.518] RX< msh /emmc>echo "__EVBTEST_END_184d66ad__"
[23:15:45.518] RX< _
[23:15:46.589] RX< _EVBTEST_END_184d66ad__
[23:15:46.589] RX< msh /emmc>[6] [cam] [67822][me0][cpm_cb_fe2me_tikChk:152]frm_length 88559us, fe2me delta 0
[23:15:46.589] RX< [34m[ME INTP]fid=0, shutter=7970, perf=2152(us), max=2152(us)!
[23:15:46.589] RX< [0m[7] [cam] [68167][me0][me_core_thread:359]ME out fid 0
[23:15:46.589] RX< [34m[AE] fid=30,e
[23:15:47.941] RX< xp=11360,adg=300,Y=4452,mtg=180,shg=100,bgbv=1238,iso=300,cnv2,hdr0
[23:15:47.941] RX< [0m[7] [cam] [69167][me0][me_core_thread:359]ME out fid 30
[23:15:47.941] RX< [34m[AE] fid=60,exp=11360,adg=300,Y=4539,mtg=180,shg=100,bgbv=1261,iso=300,cnv2,hdr0
[23:15:47.941] RX< [0m[7] [cam] [70167][me0][me_core_thread:
[23:15:48.930] RX< 359]ME out fid 60
[23:15:48.930] RX< [34m[AE] fid=90,exp=11460,adg=300,Y=4467,mtg=180,shg=100,bgbv=1233,iso=300,cnv2,hdr0
[23:15:48.930] RX< [0m[34m[b_ae0 proc] perf=976(us), max=8178(us)!
[23:15:48.930] RX< [0m[34m[awb0 proc] perf=3800(us), max=4785(us)!
[23:15:48.930] RX< [0m[RTMP] f_index = 90, f_len = 16325
[23:15:48.930] RX< [7] [cam] [7
[23:15:49.929] RX< 1167][me0][me_core_thread:359]ME out fid 90
[23:15:49.929] RX< [34m[AE] fid=120,exp=11140,adg=300,Y=4520,mtg=180,shg=100,bgbv=1280,iso=300,cnv2,hdr0
[23:15:49.929] RX< [0m[34m[ME INTP]fid=120, shutter=11140, perf=237(us), max=12053(us)!
[23:15:49.929] RX< [0m[7] [cam] [72166][me0][me_core_thread:359]ME out f
[23:15:51.594] RX< id 120
[23:15:51.594] RX< [4] [cam] [72244][qpc0][qpc_core_exception_check:405]discontinuous frame, now: 133, last: 131
[23:15:51.594] RX< [34m[AE] fid=150,exp=11100,adg=300,Y=4546,mtg=180,shg=100,bgbv=1288,iso=300,cnv2,hdr0
[23:15:51.594] RX< [0m[7] [cam] [73166][me0][me_core_thread:359]ME out fid 150
[23:15:51.594] RX< [34m[A
[23:15:51.930] RX< E] fid=180,exp=10970,adg=300,Y=4545,mtg=180,shg=100,bgbv=1305,iso=300,cnv2,hdr0
[23:15:51.930] RX< [0m[34m[b_ae0 proc] perf=939(us), max=1087(us)!
[23:15:51.930] RX< [0m[34m[awb0 proc] perf=3808(us), max=3883(us)!
[23:15:51.930] RX< [0m[RTMP] f_index = 180, f_len = 12738
[23:15:51.930] RX< [7] [cam] [74166][me0][me_core_thre
[23:15:53.589] RX< ad:359]ME out fid 180
[23:15:53.589] RX< [34m[AE] fid=210,exp=10940,adg=300,Y=4556,mtg=180,shg=100,bgbv=1310,iso=300,cnv2,hdr0
[23:15:53.589] RX< [0m[7] [cam] [75166][me0][me_core_thread:359]ME out fid 210
[23:15:53.589] RX< [34m[AE] fid=240,exp=10870,adg=300,Y=4556,mtg=180,shg=100,bgbv=1319,iso=300,cnv2,hdr0
[23:15:54.592] RX< 
[23:15:54.592] RX< [0m[34m[ME INTP]fid=240, shutter=10870, perf=6(us), max=5963(us)!
[23:15:54.592] RX< [0m[7] [cam] [76166][me0][me_core_thread:359]ME out fid 240
[23:15:54.592] RX< [34m[AE] fid=270,exp=10880,adg=300,Y=4535,mtg=180,shg=100,bgbv=1311,iso=300,cnv2,hdr0
[23:15:54.592] RX< [0m[34m[b_ae0 proc] perf=908(us), max
[23:15:55.941] RX< =1544(us)!
[23:15:55.941] RX< [0m[34m[awb0 proc] perf=3703(us), max=4056(us)!
[23:15:55.941] RX< [0m[RTMP] f_index = 270, f_len = 18863
[23:15:55.941] RX< [7] [cam] [77166][me0][me_core_thread:359]ME out fid 270
[23:15:55.941] RX< [34m[AE] fid=300,exp=10880,adg=300,Y=4518,mtg=180,shg=100,bgbv=1307,iso=300,cnv2,hdr0
[23:15:55.941] RX< [0m[7] [c
[23:15:57.595] RX< am] [78166][me0][me_core_thread:359]ME out fid 300
[23:15:57.595] RX< [34m[AE] fid=330,exp=11050,adg=300,Y=4492,mtg=180,shg=100,bgbv=1281,iso=300,cnv2,hdr0
[23:15:57.595] RX< [0m[7] [cam] [79165][me0][me_core_thread:359]ME out fid 330
[23:15:57.595] RX< [34m[AE] fid=360,exp=13150,adg=300,Y=3784,mtg=180,shg=10
[23:15:57.930] RX< 0,bgbv=930,iso=300,cnv2,hdr0
[23:15:57.930] RX< [0m[34m[b_ae0 proc] perf=1010(us), max=2470(us)!
[23:15:57.930] RX< [0m[34m[awb0 proc] perf=3852(us), max=4110(us)!
[23:15:57.930] RX< [0m[34m[ME INTP]fid=360, shutter=13150, perf=2219(us), max=3283(us)!
[23:15:57.930] RX< [0m[RTMP] f_index = 360, f_len = 14473
[23:15:57.930] RX< [7] [cam] [801
[23:15:59.587] RX< 65][me0][me_core_thread:359]ME out fid 360
[23:15:59.587] RX< [34m[AE] fid=390,exp=11120,adg=300,Y=4553,mtg=180,shg=100,bgbv=1288,iso=300,cnv2,hdr0
[23:15:59.587] RX< [0m[7] [cam] [81165][me0][me_core_thread:359]ME out fid 390
[23:15:59.587] RX< [34m[AE] fid=420,exp=11110,adg=300,Y=4524,mtg=180,shg=100,bgbv=1
[23:16:00.593] RX< 284,iso=300,cnv2,hdr0
[23:16:00.593] RX< [0m[7] [cam] [82165][me0][me_core_thread:359]ME out fid 420
[23:16:00.593] RX< [4] [cam] [82243][qpc0][qpc_core_exception_check:405]discontinuous frame, now: 433, last: 431
[23:16:00.593] RX< [34m[AE] fid=450,exp=11010,adg=300,Y=4538,mtg=180,shg=100,bgbv=1297,iso=300,cn
[23:16:01.587] RX< v2,hdr0
[23:16:01.587] RX< [0m[34m[b_ae0 proc] perf=977(us), max=3929(us)!
[23:16:01.587] RX< [0m[34m[awb0 proc] perf=3796(us), max=4072(us)!
[23:16:01.587] RX< [0m[RTMP] f_index = 450, f_len = 15140
[23:16:01.587] RX< [7] [cam] [83165][me0][me_core_thread:359]ME out fid 450
[23:16:01.587] RX< [34m[AE] fid=480,exp=11010,adg=300,Y=4535,mtg=180
[23:16:02.587] RX< ,shg=100,bgbv=1297,iso=300,cnv2,hdr0
[23:16:02.587] RX< [0m[34m[ME INTP]fid=480, shutter=11010, perf=237(us), max=3913(us)!
[23:16:02.587] RX< [0m[7] [cam] [84165][me0][me_core_thread:359]ME out fid 480
[23:16:02.587] RX< [34m[AE] fid=510,exp=11000,adg=300,Y=4540,mtg=180,shg=100,bgbv=1301,iso=300,cnv2,hdr0
[23:16:02.587] RX< 
