[01:48:05.854] [INFO] VX100 EVB 自动化测试启动，运行时间戳: 20260817_014805
[01:48:05.854] [INFO] 启用模块: ['wifi_check', 'wifi_scan', 'wifi_join', 'emmc', 'ftp', 'photo', 'video', 'rtmp']
[01:48:05.855] [INFO] 开始自动探测 EVB 串口，候选端口 ['/dev/ttyUSB0']，候选波特率 [2000000, 250000, 115200, 921600]
[01:48:05.855] [DEBUG] 探测 /dev/ttyUSB0 @ 2000000 ...
[01:48:08.670] [INFO]   命中 EVB 指纹: /dev/ttyUSB0 @ 2000000
[01:48:08.670] [INFO] 探测到 EVB: /dev/ttyUSB0 @ 2000000
[01:48:08.672] [INFO] 串口已打开: /dev/ttyUSB0 @ 2000000 bps
[01:48:09.841] [INFO] EVB 已就绪
[01:48:10.865] [DEBUG] 串口自检通过
[01:48:10.874] [INFO] 预清理板子状态...
[01:48:26.801] [INFO] 使用默认 WiFi: G-Demo
[01:48:57.015] [ERROR] WiFi 连接失败: 期望结果未出现(30.0s): Got IP address\s*:\s*([0-9.]+)
[01:48:57.015] [ERROR] 输出: ce go wrong, now wait restarting...
wifi join G-Demo Gdemo@123
[I/WLAN.mgnt] wifi is connect ssid:G-Demo
msh />echo [W/ftp] service go wrong, now wait restarting...
[W/ftp] service go wrong, now wait restarting...
[W/ftp] service go wrong, now wait restarting...
[W/ftp] service go wrong, now wait restarting...
"__EVBTEST_END_847531f7__"
__EVBTEST_END_847531f7__
msh />[W/ftp] service go wrong, now wait restarting...
[W/ftp] service go wrong, now wait restarting...
[W/ftp] service go wrong, now wait restarting...
[W/ftp] service go wrong, now wait restarting...
[W/ftp] service go wrong, now wait restarting...
[W/ftp] service go wrong, now wait restarting...
[W/ftp] service go wrong, now wait restarting...
[W/ftp] service go wrong, now wait restarting...
[W/ftp] service go wrong, now wait restarting...
[W/ftp] service go wrong, now wait restarting...
[W/ftp] service go wrong, now wait restarting...
[W/ftp] service go wrong, now wait restarting...
[W/ftp] service go wrong, now wait restarting...
[W/ftp] service go wrong, now wait restarting...
[W/ftp] service go wrong, now wait restarting...
[W/ftp] service go wrong, now wait restarting...
[W/ftp] service go wrong, now wait restarting...
[W/ftp] service go wrong, now wait restarting...
[W/ftp] service go wrong, now wait restarting...
[W/ftp] service go wrong, now wait restarting...
[W/ftp] service go wrong, now wait restarting...
[W/ftp] service go wrong, now wait restarting...
[W/ftp] service go wrong, now wait restarting...
[W/ftp] service go wrong, now wait restarting...
[W/ftp] service go wrong, now wait restarting...
[W/ftp] service go wrong, now wait restarting...
[W/ftp] service go wrong, now wait restarting...
[W/ftp] service go wrong, now wait restarting...
[W/ftp] service go wrong, now wait restarting...
[W/ftp] service go wrong, now wait restarting...
[W/ftp] service go wrong, now wait restarting...
[W/ftp] service go wrong, now wait restarting...
[W/ftp] service go wrong, now wait restarting...
[W/ftp] service go wrong, now wait restarting...
[W/ftp] service go wrong, now wait restarting...
[W/ftp] service go wrong, now wait restarting...
[W/ftp] service go wrong, now wait restarting...
[W/ftp] service go wrong, now wait restarting...
[W/ftp] service go wrong, now wait restarting...
[W/ftp] service go wrong, now wait restarting...
[W/ftp] service go wrong, now wait restarting...
[W/ftp] service go wrong, now wait restarting...
[W/ftp] service go wrong, now wait restarting...
[W/ftp] service go wrong, now wait restarting...
[W/ftp] service go wrong, now wait restarting...
[W/ftp] service go wrong, now wait restarting...
[W/ftp] service go wrong, now wait restarting...
[W/ftp] service go wrong, now wait restarting...
[W/ftp] service go wrong, now wait restarting...
[W/ftp] service go wrong, now wait restarting...
[W/ftp] service go wrong, now wait restarting...
[W/ftp] service go wrong, now wait restarting...
[W/ftp] service go wrong, now wait restarting...
[W/ftp] service go wrong, now wait restarting...
[W/ftp] service go wrong, now wait restarting...
[W/ftp] service go wrong, now wait restarting...
[W/ftp] service go wrong, now wait restarting...
[W/ftp] service go wrong, now wait restarting...
[W/ftp] service go wrong, now wait restarting...
[W/ftp] service go wrong, now wait restarting...
[W/ftp] service go wrong, now wait restarting...
[W/ftp] service go wrong, now wait restarting...
[W/ftp] service go wrong, now wait restarting...
[W/ftp] service go wrong, now wait restarting...
[W/ftp] service go wrong, now wait restarting...
[W/ftp] service go wrong, now wait restarting...
[W/ftp] service go wrong, now wait restarting...
[W/ftp] service go wrong, now wait restarting...
[W/ftp] service go wrong, now wait restarting...
[W/ftp] service go wrong, now wait restarting...
[W/ftp] service go wrong, now wait restarting...
[W/ftp] service go wrong, now wait restarting...
[W/ftp] service go wrong, now wait restarting...
[W/ftp] service go wrong, now wait restarting...
[W/ftp] service go wrong, now wait restarting...
[W/ftp] service go wrong, now wait restarting...
[W/ftp] service go wrong, now wait restarting...
[W/ftp] service go wrong, now wait restarting...
[W/ftp] service go wrong, now wait restarting...
[W/ftp] service go wrong, now wait restarting...
[W/ftp] service go wrong, now wait restarting...
[W/ftp] service go wrong, now wait restarting...
[W/ftp] service go wrong, now wait restarting...
[W/ftp] service go wrong, now wait restarting...
[W/ftp] service go wrong, now wait restarting...
[W/ftp] service go wrong, now wait restarting...
[W/ftp] service go wrong, now wait restarting...
[W/ftp] service go wrong, now wait restarting...
[W/ftp] service go wrong, now wait restarting...
[W/ftp] service go wrong, now wait restarting...
[W/ftp] service go wrong, now wait restarting...
[W/ftp] service go wrong, now wait restarting...
[W/ftp] service go wrong, now wait restarting...
[W/ftp] service go wrong, now wait restarting...
[W/ftp] service go wrong, now wait restarting...
[W/ftp] service go wrong, now wait restarting...
[W/ftp] service go wrong, now wait restarting...
[W/ftp] service go wrong, now wait restarting...
[W/ftp] service go wrong, now wait restarting...
[W/ftp] service go wrong, now wait restarting...
[W/ftp] service go wrong, now wait restarting...
[W/ftp] service go wrong, now wait restarting...
[W/ftp] service go wrong, now wait restarting...
[W/ftp] service go wrong, now wait restarting...
[W/ftp] service go wrong, now wait restarting...
[W/ftp] service go wrong, now wait restarting...
[W/ftp] service go wrong, now wait restarting...
[W/ftp] service go wrong, now wait restarting...
[W/ftp] service go wrong, now wait restarting...
[W/ftp] service go wrong, now wait restarting...
[W/ftp] service go wrong, now wait restarting...
[W/ftp] service go wrong, now wait restarting...
[W/ftp] service go wrong, now wait restarting...
[W/ftp] service go wrong, now wait restarting...
[W/ftp] service go wrong, now wait restarting...
[W/ftp] service go wrong, now wait restarting...
[W/ftp] service go wrong, now wait restarting...
[W/ftp] service go wrong, now wait restarting...
[W/ftp] service go wrong, now wait restarting...
[W/ftp] service go wrong, now wait restarting...
[W/ftp] service go wrong, now wait restarting...
[W/ftp] service go wrong, now wait restarting...
[W/ftp] service go wrong, now wait restarting...
[W/ftp] service go wrong, now wait restarting...
[W/ftp] service go wrong, now wait restarting...
[W/ftp] service go wrong, now wait restarting...
[W/ftp] service go wrong, now wait restarting...
[W/ftp] service go wrong, now wait restarting...
[W/ftp] service go wrong, now wait restarting...
[W/ftp] service go wrong, now wait restarting...
[W/ftp] service go wrong, now wait restarting...
[W/ftp] service go wrong, now wait restarting...
[W/ftp] service go wrong, now wait restarting...
[W/ftp] service go wrong, now wait restarting...
[W/ftp] service go wrong, now wait restarting...
[W/ftp] service go wrong, now wait restarting...
[W/ftp] service go wrong, now wait restarting...
[W/ftp] service go wrong, now wait restarting...
[W/ftp] service go wrong, now wait restarting...
[W/ftp] service go wrong, now wait restarting...
[W/ftp] service go wrong, now wait restarting...
[W/ftp] service go wrong, now wait restarting...
[W/ftp] service go wrong, now wait restarting...
[W/ftp] service go wrong, now wait restarting...
[W/ftp] service go wrong, now wait restarting...
[W/ftp] service go wrong, now wait restarting...
[W/ftp] service go wrong, now wait restarting...
[W/ftp] se
[01:48:57.016] [WARN] WiFi 交互连接失败，将依赖 wifi_join 用例连接
[01:48:57.016] [INFO] 本次执行模块顺序: ['wifi_check', 'wifi_scan', 'wifi_join', 'emmc', 'ftp', 'photo', 'video', 'rtmp']
[01:48:57.016] >>> 执行模块: wifi_check
[01:48:57.660] [PASS] wifi_check (644ms) - 已联网，IP=10.1.90.71（跳过 wifi scan/join）
[01:48:57.660] >>> 执行模块: wifi_scan
[01:48:57.660] [SKIP] wifi_scan (0ms) - WiFi 已连接（IP=10.1.90.71），跳过扫描测试
[01:48:57.660] >>> 执行模块: wifi_join
[01:48:57.660] [SKIP] wifi_join (0ms) - WiFi 已连接 (G-Demo/10.1.90.71)，跳过 join 测试
[01:48:57.660] >>> 执行模块: emmc
[01:48:57.870] [PASS] emmc (209ms) - 已进入 /emmc（自动挂载）
[01:48:57.870] >>> 执行模块: ftp
[01:48:59.536] [DEBUG] FTP 已连接 10.1.90.71:21 (尝试 1)
[01:48:59.802] [PASS] ftp (1931ms) - FTP 已连接 10.1.90.71，/emmc 列出 4 项
[01:48:59.802] >>> 执行模块: photo
[01:49:00.535]   拍照测试: 模式 auto
[01:49:02.973] [DEBUG] 强制重连 FTP
[01:49:05.545] [DEBUG] FTP 已连接 10.1.90.71:21 (尝试 1)
[01:49:05.545] [INFO] FTP 已恢复
[01:49:23.549] [WARN] 下载异常(尝试1/2)，已传95KB: timed out
[01:49:26.629] [DEBUG] FTP 连接失败(尝试 1/3): [Errno 113] No route to host
[01:49:29.701] [DEBUG] FTP 连接失败(尝试 2/3): [Errno 113] No route to host
[01:49:30.845] [DEBUG] FTP 已连接 10.1.90.71:21 (尝试 3)
[01:49:35.041] [PASS] photo[auto] (34505ms) - JPEG OK 761KB | 拍照成功，保存到 /emmc/PIC/20260817_044901_4907 | 已下载到 logs/20260817_014805/photos/auto_20260817_044901_4907_Image_20260817_044901_4907_0.jpg
[01:49:35.041] >>> 执行模块: video
[01:49:35.408]   录像测试: 1080p / 2s
[01:49:39.296] [DEBUG] 强制重连 FTP
[01:49:41.514] [DEBUG] FTP 已连接 10.1.90.71:21 (尝试 1)
[01:49:41.515] [INFO] FTP 已恢复
[01:49:43.949] [PASS] video (8541ms) - 录像成功，文件 /emmc/VIDEO/20260817_044935_9787/V（大小校验跳过）
[01:49:43.950] [INFO] 自动检测到 PC IP: 10.1.90.128
[01:49:43.950] >>> 执行模块: rtmp
[01:49:43.950] [INFO] 检查 RTMP 服务端 (nginx-rtmp) 是否监听 :1935
[01:49:43.950] [INFO] nginx-rtmp 就绪，RTMP 监听 :1935
[01:49:43.950] [DEBUG] 强制重连 FTP
[01:49:46.338] [DEBUG] FTP 已连接 10.1.90.71:21 (尝试 1)
[01:49:46.338] [INFO] FTP 已恢复
[01:49:47.339]   RTMP 推流测试: rtmp://10.1.90.128/live/cam / 10s
[01:49:50.646] [INFO] ffplay 画面确认已启动 (pid=107887)
[01:49:50.647] [INFO] ffprobe 探测 RTMP 流: rtmp://10.1.90.128/live/cam
[01:49:53.986] [WARN] ffprobe 未探测到流(1/4): ffprobe 退出码 1: rtmp://10.1.90.128/live/cam: Input/output error，2.0s 后重试
[01:50:11.008] [WARN] ffprobe 探测超时(2/4)，2.0s 后重试
[01:50:16.346] [WARN] ffprobe 未探测到流(3/4): ffprobe 退出码 1: rtmp://10.1.90.128/live/cam: Input/output error，2.0s 后重试
[01:50:21.888] [FAIL] rtmp (34549ms) - 推流验证失败: ffprobe 退出码 1: rtmp://10.1.90.128/live/cam: Input/output error
[01:50:21.928] ==================================================
[01:50:21.928] 测试完成：共 8 项 | 通过 5 | 失败 1 | 跳过 2 | 错误 0 | 通过率 62.5% | 总耗时 80.4s
[01:50:21.928] ==================================================
[01:50:21.928] [INFO]   json 报告: reports/20260817_014805/result.json
[01:50:21.928] [INFO]   junit 报告: reports/20260817_014805/junit.xml
[01:50:21.928] [INFO]   html 报告: reports/20260817_014805/report.html
[01:50:21.971] [DEBUG] 串口已关闭
