[22:56:47.539] [INFO] VX100 EVB 自动化测试启动，运行时间戳: 20260812_225647
[22:56:47.539] [INFO] 启用模块: ['wifi_scan', 'wifi_join', 'emmc', 'ftp', 'photo', 'video']
[22:56:47.540] [INFO] 开始自动探测 EVB 串口，候选端口 ['/dev/ttyUSB0', '/dev/ttyUSB1', '/dev/ttyUSB2']，候选波特率 [2000000, 250000, 115200, 921600]
[22:56:47.540] [DEBUG] 探测 /dev/ttyUSB0 @ 2000000 ...
[22:56:50.283] [INFO]   命中 EVB 指纹: /dev/ttyUSB0 @ 2000000
[22:56:50.283] [DEBUG] 探测 /dev/ttyUSB1 @ 2000000 ...
[22:56:52.585] [DEBUG] 探测 /dev/ttyUSB1 @ 250000 ...
[22:56:54.889] [DEBUG] 探测 /dev/ttyUSB1 @ 115200 ...
[22:56:57.192] [DEBUG] 探测 /dev/ttyUSB1 @ 921600 ...
[22:56:59.496] [DEBUG] 探测 /dev/ttyUSB2 @ 2000000 ...
[22:57:01.799] [DEBUG] 探测 /dev/ttyUSB2 @ 250000 ...
[22:57:04.103] [DEBUG] 探测 /dev/ttyUSB2 @ 115200 ...
[22:57:06.405] [DEBUG] 探测 /dev/ttyUSB2 @ 921600 ...
[22:57:08.708] [INFO] 探测到 EVB: /dev/ttyUSB0 @ 2000000
[22:57:08.710] [INFO] 串口已打开: /dev/ttyUSB0 @ 2000000 bps
[22:57:09.275] [INFO] EVB 已就绪
[22:57:09.403] [DEBUG] 串口自检通过
[22:57:09.404] [INFO] 预清理板子状态...
[22:57:12.289] [INFO] 本次执行模块顺序: ['wifi_scan', 'wifi_join', 'emmc', 'ftp', 'photo', 'video']
[22:57:12.289] >>> 执行模块: wifi_scan
[22:57:15.247] [PASS] wifi_scan (2958ms) - 扫描到 16 个 AP（其中 2 个 RSSI<-70 信号弱）
[22:57:15.247] >>> 执行模块: wifi_join
[22:57:23.246] [PASS] wifi_join (7999ms) - 已连接 G-Demo，IP=10.1.90.71
[22:57:23.247] >>> 执行模块: emmc
[22:57:23.401] [PASS] emmc (154ms) - 已进入 /emmc（自动挂载）
[22:57:23.401] >>> 执行模块: ftp
[22:57:24.436] [DEBUG] FTP 已连接 10.1.90.71:21 (尝试 1)
[22:57:24.981] [PASS] ftp (1579ms) - FTP 已连接 10.1.90.71，/emmc 列出 3 项
[22:57:24.981] >>> 执行模块: photo
[22:57:25.451]   拍照测试: 模式 auto
[22:57:28.317] [DEBUG] 强制重连 FTP
[22:57:30.306] [DEBUG] FTP 已连接 10.1.90.71:21 (尝试 1)
[22:57:30.306] [INFO] FTP 已恢复
[22:57:32.317] [PASS] photo[auto] (6865ms) - 拍照成功，保存到 /emmc/PIC/20260813_01（未列出 jpg 辅助验证）
[22:57:32.318] >>> 执行模块: video
[22:57:32.758]   录像测试: 1080p / 5s
[22:57:38.591] [DEBUG] 强制重连 FTP
[22:57:40.960] [DEBUG] FTP 已连接 10.1.90.71:21 (尝试 1)
[22:57:40.960] [INFO] FTP 已恢复
[22:57:43.556] [PASS] video (10798ms) - 录像成功，文件 /emmc/VIDEO/20260813_015733_（大小校验跳过）
[22:57:43.598] ==================================================
[22:57:43.598] 测试完成：共 6 项 | 通过 6 | 失败 0 | 跳过 0 | 错误 0 | 通过率 100.0% | 总耗时 30.4s
[22:57:43.598] ==================================================
[22:57:43.598] [INFO]   json 报告: reports/20260812_225647/result.json
[22:57:43.598] [INFO]   junit 报告: reports/20260812_225647/junit.xml
[22:57:43.598] [INFO]   html 报告: reports/20260812_225647/report.html
[22:57:44.285] [DEBUG] 串口已关闭
