[23:17:14.234] [INFO] VX100 EVB 自动化测试启动，运行时间戳: 20260812_231714
[23:17:14.234] [INFO] 启用模块: ['wifi_check', 'wifi_scan', 'wifi_join', 'emmc', 'ftp', 'photo', 'video']
[23:17:14.235] [INFO] 开始自动探测 EVB 串口，候选端口 ['/dev/ttyUSB0', '/dev/ttyUSB1', '/dev/ttyUSB2']，候选波特率 [2000000, 250000, 115200, 921600]
[23:17:14.235] [DEBUG] 探测 /dev/ttyUSB0 @ 2000000 ...
[23:17:17.169] [INFO]   命中 EVB 指纹: /dev/ttyUSB0 @ 2000000
[23:17:17.169] [DEBUG] 探测 /dev/ttyUSB1 @ 2000000 ...
[23:17:19.473] [DEBUG] 探测 /dev/ttyUSB1 @ 250000 ...
[23:17:21.776] [DEBUG] 探测 /dev/ttyUSB1 @ 115200 ...
[23:17:24.080] [DEBUG] 探测 /dev/ttyUSB1 @ 921600 ...
[23:17:26.384] [DEBUG] 探测 /dev/ttyUSB2 @ 2000000 ...
[23:17:28.687] [DEBUG] 探测 /dev/ttyUSB2 @ 250000 ...
[23:17:30.991] [DEBUG] 探测 /dev/ttyUSB2 @ 115200 ...
[23:17:33.293] [DEBUG] 探测 /dev/ttyUSB2 @ 921600 ...
[23:17:35.596] [INFO] 探测到 EVB: /dev/ttyUSB0 @ 2000000
[23:17:35.598] [INFO] 串口已打开: /dev/ttyUSB0 @ 2000000 bps
[23:17:36.163] [INFO] EVB 已就绪
[23:17:36.228] [DEBUG] 串口自检通过
[23:17:36.229] [INFO] 预清理板子状态...
[23:17:37.409] [INFO] 本次执行模块顺序: ['wifi_check', 'wifi_scan', 'wifi_join', 'emmc', 'ftp', 'photo', 'video']
[23:17:37.409] >>> 执行模块: wifi_check
[23:17:37.512] [PASS] wifi_check (103ms) - 未联网，将继续 scan/join
[23:17:37.513] >>> 执行模块: wifi_scan
[23:17:40.130] [PASS] wifi_scan (2617ms) - 扫描到 12 个 AP
[23:17:40.130] >>> 执行模块: wifi_join
[23:17:48.129] [PASS] wifi_join (7999ms) - 已连接 G-Demo，IP=10.1.90.71
[23:17:48.129] >>> 执行模块: emmc
[23:17:48.163] [PASS] emmc (33ms) - 已进入 /emmc（自动挂载）
[23:17:48.163] >>> 执行模块: ftp
[23:17:48.518] [DEBUG] FTP 已连接 10.1.90.71:21 (尝试 1)
[23:17:49.204] [PASS] ftp (1040ms) - FTP 已连接 10.1.90.71，/emmc 列出 3 项
[23:17:49.205] >>> 执行模块: photo
[23:17:50.041]   拍照测试: 模式 auto
[23:17:52.307] [DEBUG] 强制重连 FTP
[23:17:54.024] [DEBUG] FTP 已连接 10.1.90.71:21 (尝试 1)
[23:17:54.024] [INFO] FTP 已恢复
[23:17:59.639] [PASS] photo[auto] (9598ms) - JPEG OK 734KB | 拍照成功，保存到 /emmc/PIC/20260813_021751_3143
[23:17:59.640] >>> 执行模块: video
[23:17:59.934]   录像测试: 1080p / 5s
[23:18:06.504] [DEBUG] 强制重连 FTP
[23:18:09.007] [DEBUG] FTP 已连接 10.1.90.71:21 (尝试 1)
[23:18:09.007] [INFO] FTP 已恢复
[23:18:11.948] [PASS] video (12013ms) - 录像成功，文件 /emmc/（大小校验跳过）
[23:18:11.988] ==================================================
[23:18:11.988] 测试完成：共 7 项 | 通过 7 | 失败 0 | 跳过 0 | 错误 0 | 通过率 100.0% | 总耗时 33.4s
[23:18:11.988] ==================================================
[23:18:11.988] [INFO]   json 报告: reports/20260812_231714/result.json
[23:18:11.988] [INFO]   junit 报告: reports/20260812_231714/junit.xml
[23:18:11.988] [INFO]   html 报告: reports/20260812_231714/report.html
[23:18:12.170] [DEBUG] 串口已关闭
