[22:28:47.446] [INFO] VX100 EVB 自动化测试启动，运行时间戳: 20260812_222847
[22:28:47.447] [INFO] 启用模块: ['wifi_scan', 'wifi_join', 'emmc', 'ftp', 'photo', 'video']
[22:28:47.447] [INFO] 开始自动探测 EVB 串口，候选端口 ['/dev/ttyUSB0', '/dev/ttyUSB1', '/dev/ttyUSB2']，候选波特率 [2000000, 250000, 115200, 921600]
[22:28:47.447] [DEBUG] 探测 /dev/ttyUSB0 @ 2000000 ...
[22:28:50.146] [INFO]   命中 EVB 指纹: /dev/ttyUSB0 @ 2000000
[22:28:50.146] [DEBUG] 探测 /dev/ttyUSB1 @ 2000000 ...
[22:28:52.453] [DEBUG] 探测 /dev/ttyUSB1 @ 250000 ...
[22:28:54.757] [DEBUG] 探测 /dev/ttyUSB1 @ 115200 ...
[22:28:57.061] [DEBUG] 探测 /dev/ttyUSB1 @ 921600 ...
[22:28:59.365] [DEBUG] 探测 /dev/ttyUSB2 @ 2000000 ...
[22:29:01.668] [DEBUG] 探测 /dev/ttyUSB2 @ 250000 ...
[22:29:03.972] [DEBUG] 探测 /dev/ttyUSB2 @ 115200 ...
[22:29:06.276] [DEBUG] 探测 /dev/ttyUSB2 @ 921600 ...
[22:29:08.580] [INFO] 探测到 EVB: /dev/ttyUSB0 @ 2000000
[22:29:08.581] [INFO] 串口已打开: /dev/ttyUSB0 @ 2000000 bps
[22:29:09.972] [INFO] EVB 已就绪
[22:29:10.972] [DEBUG] 串口自检通过
[22:29:10.973] [INFO] 预清理板子状态...
[22:29:23.470] [INFO] 使用默认 WiFi: G-Demo
[22:29:31.715] [INFO] WiFi 连接成功: G-Demo / IP=10.1.90.71
[22:29:31.715] [INFO] 本次执行模块顺序: ['wifi_scan', 'wifi_join', 'emmc', 'ftp', 'photo', 'video']
[22:29:31.715] >>> 执行模块: wifi_scan
[22:29:31.715] [SKIP] wifi_scan (0ms) - WiFi 已交互连接，跳过扫描测试
[22:29:31.715] [SKIP] wifi_join (0ms) - 依赖模块未通过: ['wifi_scan']
[22:29:31.715] >>> 执行模块: emmc
[22:29:32.121] [FAIL] emmc (0ms) - 无法进入 /emmc 目录
[22:29:32.121] [SKIP] ftp (0ms) - 依赖模块未通过: ['wifi_join']
[22:29:32.121] [SKIP] photo (0ms) - 依赖模块未通过: ['ftp']
[22:29:32.121] [SKIP] video (0ms) - 依赖模块未通过: ['ftp']
[22:29:32.162] ==================================================
[22:29:32.162] 测试完成：共 6 项 | 通过 0 | 失败 1 | 跳过 5 | 错误 0 | 通过率 0.0% | 总耗时 0.0s
[22:29:32.162] ==================================================
[22:29:32.162] [INFO]   json 报告: reports/20260812_222847/result.json
[22:29:32.162] [INFO]   junit 报告: reports/20260812_222847/junit.xml
[22:29:32.162] [INFO]   html 报告: reports/20260812_222847/report.html
[22:29:33.143] [DEBUG] 串口已关闭
