[07:59:34.644] [INFO] VX100 EVB 自动化测试启动，运行时间戳: 20260812_075934
[07:59:34.644] [INFO] 启用模块: ['wifi_scan', 'wifi_join', 'emmc', 'ftp', 'photo', 'video']
[07:59:34.645] [INFO] 开始自动探测 EVB 串口，候选端口 ['/dev/ttyUSB0', '/dev/ttyUSB1', '/dev/ttyUSB2']，候选波特率 [2000000, 250000, 115200, 921600]
[07:59:34.645] [DEBUG] 探测 /dev/ttyUSB0 @ 2000000 ...
[07:59:36.952] [INFO]   命中 EVB 指纹: /dev/ttyUSB0 @ 2000000
[07:59:36.952] [DEBUG] 探测 /dev/ttyUSB1 @ 2000000 ...
[07:59:39.256] [DEBUG] 探测 /dev/ttyUSB1 @ 250000 ...
[07:59:41.560] [DEBUG] 探测 /dev/ttyUSB1 @ 115200 ...
[07:59:43.864] [DEBUG] 探测 /dev/ttyUSB1 @ 921600 ...
[07:59:46.168] [DEBUG] 探测 /dev/ttyUSB2 @ 2000000 ...
[07:59:48.471] [DEBUG] 探测 /dev/ttyUSB2 @ 250000 ...
[07:59:50.773] [DEBUG] 探测 /dev/ttyUSB2 @ 115200 ...
[07:59:53.077] [DEBUG] 探测 /dev/ttyUSB2 @ 921600 ...
[07:59:55.380] [INFO] 探测到 EVB: /dev/ttyUSB0 @ 2000000
[07:59:55.382] [INFO] 串口已打开: /dev/ttyUSB0 @ 2000000 bps
[08:00:01.385] [INFO] EVB 已就绪
[08:00:03.386] [DEBUG] 串口自检通过
[08:00:03.399] [INFO] 本次执行模块顺序: ['wifi_scan', 'wifi_join', 'emmc', 'ftp', 'photo', 'video']
[08:00:03.399] >>> 执行模块: wifi_scan
[08:00:07.431] [PASS] wifi_scan (4031ms) - 扫描到 12 个 AP
[08:00:07.431] >>> 执行模块: wifi_join
[08:00:37.437] [FAIL] wifi_join (0ms) - 连接失败或未获取 IP (G-Demo)
[08:00:37.437] >>> 执行模块: emmc
[08:00:38.494] [PASS] emmc (1057ms) - 已进入 /emmc（自动挂载）
[08:00:38.495] [SKIP] ftp (0ms) - 依赖模块未通过: ['wifi_join']
[08:00:38.495] [SKIP] photo (0ms) - 依赖模块未通过: ['ftp']
[08:00:38.495] [SKIP] video (0ms) - 依赖模块未通过: ['ftp']
[08:00:38.544] ==================================================
[08:00:38.544] 测试完成：共 6 项 | 通过 2 | 失败 1 | 跳过 3 | 错误 0 | 通过率 33.3% | 总耗时 5.1s
[08:00:38.544] ==================================================
[08:00:38.545] [INFO]   json 报告: reports/20260812_075934/result.json
[08:00:38.545] [INFO]   junit 报告: reports/20260812_075934/junit.xml
[08:00:38.545] [INFO]   html 报告: reports/20260812_075934/report.html
[08:00:40.499] [DEBUG] 串口已关闭
