[01:09:28.293] [INFO] VX100 EVB 自动化测试启动，运行时间戳: 20260813_010928
[01:09:28.293] [INFO] 启用模块: ['wifi_check', 'wifi_scan', 'wifi_join', 'emmc', 'ftp', 'photo', 'video']
[01:09:28.294] [INFO] 开始自动探测 EVB 串口，候选端口 ['/dev/ttyUSB0', '/dev/ttyUSB1', '/dev/ttyUSB2']，候选波特率 [2000000, 250000, 115200, 921600]
[01:09:28.294] [DEBUG] 探测 /dev/ttyUSB0 @ 2000000 ...
[01:09:31.148] [INFO]   命中 EVB 指纹: /dev/ttyUSB0 @ 2000000
[01:09:31.148] [DEBUG] 探测 /dev/ttyUSB1 @ 2000000 ...
[01:09:33.452] [DEBUG] 探测 /dev/ttyUSB1 @ 250000 ...
[01:09:35.756] [DEBUG] 探测 /dev/ttyUSB1 @ 115200 ...
[01:09:38.060] [DEBUG] 探测 /dev/ttyUSB1 @ 921600 ...
[01:09:40.363] [DEBUG] 探测 /dev/ttyUSB2 @ 2000000 ...
[01:09:42.665] [DEBUG] 探测 /dev/ttyUSB2 @ 250000 ...
[01:09:44.969] [DEBUG] 探测 /dev/ttyUSB2 @ 115200 ...
[01:09:47.272] [DEBUG] 探测 /dev/ttyUSB2 @ 921600 ...
[01:09:49.576] [INFO] 探测到 EVB: /dev/ttyUSB0 @ 2000000
[01:09:49.577] [INFO] 串口已打开: /dev/ttyUSB0 @ 2000000 bps
[01:09:50.215] [INFO] EVB 已就绪
[01:09:50.265] [DEBUG] 串口自检通过
[01:09:50.265] [INFO] 预清理板子状态...
[01:09:51.432] [INFO] 本次执行模块顺序: ['wifi_check', 'wifi_scan', 'wifi_join', 'emmc', 'ftp', 'photo', 'video']
[01:09:51.432] >>> 执行模块: wifi_check
[01:09:51.500] [PASS] wifi_check (68ms) - 未联网，将继续 scan/join
[01:09:51.500] >>> 执行模块: wifi_scan
[01:09:54.216] [PASS] wifi_scan (2716ms) - 扫描到 7 个 AP
[01:09:54.217] >>> 执行模块: wifi_join
[01:10:02.164] [PASS] wifi_join (7947ms) - 已连接 G-Demo，IP=10.1.90.71
[01:10:02.164] >>> 执行模块: emmc
[01:10:02.200] [PASS] emmc (36ms) - 已进入 /emmc（自动挂载）
[01:10:02.201] >>> 执行模块: ftp
[01:10:02.693] [DEBUG] FTP 已连接 10.1.90.71:21 (尝试 1)
[01:10:03.681] [PASS] ftp (1480ms) - FTP 已连接 10.1.90.71，/emmc 列出 3 项
[01:10:03.681] >>> 执行模块: photo
[01:10:04.503]   拍照测试: 模式 auto
[01:10:07.284] [DEBUG] 强制重连 FTP
[01:10:09.162] [DEBUG] FTP 已连接 10.1.90.71:21 (尝试 1)
[01:10:09.162] [INFO] FTP 已恢复
[01:10:22.626] [PASS] photo[auto] (18123ms) - JPEG OK 700KB | 拍照成功，保存到 /emmc/PIC/20260813_041005_7965
[01:10:22.626] >>> 执行模块: video
[01:10:23.933]   录像测试: 1080p / 5s
[01:10:30.731] [DEBUG] 强制重连 FTP
[01:10:33.143] [DEBUG] FTP 已连接 10.1.90.71:21 (尝试 1)
[01:10:33.143] [INFO] FTP 已恢复
[01:10:37.250] [PASS] video (13316ms) - 录像成功，文件 /emmc/VIDEO/20260813_0（大小校验跳过）
[01:10:37.291] ==================================================
[01:10:37.291] 测试完成：共 7 项 | 通过 7 | 失败 0 | 跳过 0 | 错误 0 | 通过率 100.0% | 总耗时 43.7s
[01:10:37.291] ==================================================
[01:10:37.291] [INFO]   json 报告: reports/20260813_010928/result.json
[01:10:37.291] [INFO]   junit 报告: reports/20260813_010928/junit.xml
[01:10:37.291] [INFO]   html 报告: reports/20260813_010928/report.html
[01:10:37.357] [DEBUG] 串口已关闭
