[03:05:18.783] [INFO] VX100 EVB 自动化测试启动，运行时间戳: 20260818_030518
[03:05:18.783] [INFO] 启用模块: ['wifi_check', 'wifi_scan', 'wifi_join', 'emmc', 'ftp', 'photo', 'video', 'rtmp']
[03:05:18.783] [INFO] 开始自动探测 EVB 串口，候选端口 ['/dev/ttyUSB0']，候选波特率 [2000000, 250000, 115200, 921600]
[03:05:18.783] [DEBUG] 探测 /dev/ttyUSB0 @ 2000000 ...
[03:05:21.093] [INFO]   命中 EVB 指纹: /dev/ttyUSB0 @ 2000000
[03:05:21.093] [INFO] 探测到 EVB: /dev/ttyUSB0 @ 2000000
[03:05:21.096] [INFO] 串口已打开: /dev/ttyUSB0 @ 2000000 bps
[03:05:23.098] [INFO] EVB 已就绪
[03:05:25.101] [DEBUG] 串口自检通过
[03:05:25.101] [INFO] 预清理板子状态...
[03:05:33.325] [INFO] 扫描 WiFi 网络...
[03:05:41.740] [ERROR] SSID 为空
[03:05:41.740] [WARN] WiFi 交互连接失败，将依赖 wifi_join 用例连接
[03:05:41.741] [INFO] 本次执行模块顺序: ['wifi_check', 'wifi_scan', 'wifi_join', 'emmc', 'ftp', 'photo', 'video', 'rtmp']
[03:05:41.741] >>> 执行模块: wifi_check
[03:05:43.764] [PASS] wifi_check (2023ms) - 已联网，IP=192.168.1.101（跳过 wifi scan/join）
[03:05:43.764] >>> 执行模块: wifi_scan
[03:05:43.764] [SKIP] wifi_scan (0ms) - WiFi 已连接（IP=192.168.1.101），跳过扫描测试
[03:05:43.764] >>> 执行模块: wifi_join
[03:05:43.764] [SKIP] wifi_join (0ms) - WiFi 已连接 (未知SSID/192.168.1.101)，跳过 join 测试
[03:05:43.765] >>> 执行模块: emmc
[03:05:45.766] [PASS] emmc (2001ms) - 已进入 /emmc（自动挂载）
[03:05:45.767] >>> 执行模块: ftp
[03:06:00.970] [FAIL] ftp (0ms) - FTP 服务启动失败（未等到 service launched）
[03:06:00.970] [SKIP] photo (0ms) - 依赖模块未通过: ['ftp']
[03:06:00.970] [SKIP] video (0ms) - 依赖模块未通过: ['ftp']
[03:06:00.970] [INFO] 自动检测到 PC IP: 192.168.1.102
[03:06:00.971] >>> 执行模块: rtmp
[03:06:00.971] [INFO] 检查 RTMP 服务端 (nginx-rtmp) 是否监听 :1935
[03:06:00.971] [INFO] nginx-rtmp 就绪，RTMP 监听 :1935
[03:06:00.971]   RTMP 推流测试: rtmp://192.168.1.102/live/cam / 10s
[03:06:04.279] [INFO] 已在独立终端窗口启动 ffplay 画面确认 (/usr/bin/gnome-terminal)
[03:06:04.279] [INFO] ffprobe 探测 RTMP 流: rtmp://192.168.1.102/live/cam
[03:06:25.060] [INFO] ffplay 展示窗口保持 10s 供人眼确认画面...
[03:06:35.271] [PASS] rtmp (34299ms) - 推流验证通过: h264 1296x2304 (ffprobe 实时探测)
[03:06:35.290] ==================================================
[03:06:35.290] 测试完成：共 8 项 | 通过 3 | 失败 1 | 跳过 4 | 错误 0 | 通过率 37.5% | 总耗时 38.3s
[03:06:35.290] ==================================================
[03:06:35.290] [INFO]   json 报告: reports/20260818_030518/result.json
[03:06:35.290] [INFO]   junit 报告: reports/20260818_030518/junit.xml
[03:06:35.290] [INFO]   html 报告: reports/20260818_030518/report.html
[03:06:35.296] [DEBUG] 串口已关闭
