[03:00:53.850] [INFO] VX100 EVB 自动化测试启动，运行时间戳: 20260817_030053
[03:00:53.850] [INFO] 启用模块: ['wifi_join', 'rtmp']
[03:00:53.851] [INFO] 开始自动探测 EVB 串口，候选端口 ['/dev/ttyUSB0']，候选波特率 [2000000, 250000, 115200, 921600]
[03:00:53.851] [DEBUG] 探测 /dev/ttyUSB0 @ 2000000 ...
[03:00:56.161] [INFO]   命中 EVB 指纹: /dev/ttyUSB0 @ 2000000
[03:00:56.161] [INFO] 探测到 EVB: /dev/ttyUSB0 @ 2000000
[03:00:56.164] [INFO] 串口已打开: /dev/ttyUSB0 @ 2000000 bps
[03:01:00.168] [INFO] EVB 已就绪
[03:01:02.170] [DEBUG] 串口自检通过
[03:01:02.170] [INFO] 预清理板子状态...
[03:01:09.192] [INFO] 本次执行模块顺序: ['wifi_join', 'rtmp']
[03:01:09.192] >>> 执行模块: wifi_join
[03:01:39.393] [FAIL] wifi_join (0ms) - 连接失败或未获取 IP (G-Demo)
[03:01:39.394] [SKIP] rtmp (0ms) - 依赖模块未通过: ['wifi_join']
[03:01:39.443] ==================================================
[03:01:39.443] 测试完成：共 2 项 | 通过 0 | 失败 1 | 跳过 1 | 错误 0 | 通过率 0.0% | 总耗时 0.0s
[03:01:39.443] ==================================================
[03:01:39.443] [INFO]   json 报告: reports/20260817_030053/result.json
[03:01:39.443] [INFO]   junit 报告: reports/20260817_030053/junit.xml
[03:01:39.443] [INFO]   html 报告: reports/20260817_030053/report.html
[03:01:40.212] [DEBUG] 串口已关闭
