[03:00:56.164] TX> 
[03:00:57.165] TX> 
[03:00:58.165] RX< 
[03:00:58.165] RX< msh />
[03:00:58.165] RX< msh />
[03:00:58.166] TX> 
[03:00:59.167] TX> 
[03:01:00.167] TX> 
[03:01:00.168] RX< 
[03:01:00.168] RX< msh />
[03:01:00.168] RX< msh />
[03:01:00.369] TX> echo "EVBTEST_HELLO"
[03:01:00.369] TX> echo "__EVBTEST_END_f49e87f2__"
[03:01:02.170] RX< 
[03:01:02.170] RX< msh />echo "EVBTEST_HELLO"
[03:01:02.170] RX< EVBTEST_HELLO
[03:01:02.170] RX< msh />echo "__EVBTEST_END_f49e87f2__"
[03:01:02.170] RX< __EVBTEST_END_f49e87f2__
[03:01:02.170] RX< msh />
[03:01:02.372] TX> cd /
[03:01:02.372] TX> echo "__EVBTEST_END_3e74ee7f__"
[03:01:04.172] RX< cd /
[03:01:04.172] RX< msh />echo "__EVBTEST_END_3e74ee7f__"
[03:01:04.172] RX< __EVBTEST_END_3e74ee7f__
[03:01:04.172] RX< msh />
[03:01:04.373] TX> dfs_video_stop
[03:01:04.373] TX> echo "__EVBTEST_END_4a0ab827__"
[03:01:06.174] RX< dfs_video_stop
[03:01:06.174] RX< [6] [App Dfs] Please start recording the video first.
[03:01:06.174] RX< msh />echo "__EVBTEST_END_4a0ab827__"
[03:01:06.174] RX< __EVBTEST_END_4a0ab827__
[03:01:06.174] RX< msh />
[03:01:06.376] TX> ftp_server
[03:01:06.376] TX> echo "__EVBTEST_END_3ed463b6__"
[03:01:08.176] RX< ftp_server
[03:01:08.176] RX< 
[03:01:08.176] RX< [FTP] Ftp server init success!!!
[03:01:08.176] RX< msh />echo "__EVBTEST_END_3ed463b6__"
[03:01:08.176] RX< __EVBTEST_END_3ed463b6__
[03:01:08.176] RX< msh />
[03:01:09.393] TX> wifi join G-Demo Gdemo@123
[03:01:09.393] TX> echo "__EVBTEST_END_042b2d68__"
[03:01:10.178] RX< wifi join G-Demo Gdemo@123
[03:01:12.179] RX< [32m[I/ftp] service launched success.[0m
[03:01:12.179] RX< [33m[W/WLAN.mgnt] F:rt_wlan_connect L:935 not find ap! ssid:G-Demo,info.ssid.len=6[0m
[03:01:12.179] RX< msh />echo "__EVBTEST_END_042b2d68__"
[03:01:12.179] RX< __EVBTEST_END_042b2d68__
[03:01:12.179] RX< msh />
