[01:14:25.340] [INFO] VX100 EVB 自动化测试启动，运行时间戳: 20260813_011425
[01:14:25.340] [INFO] 启用模块: ['wifi_check', 'wifi_scan', 'wifi_join', 'emmc', 'ftp', 'photo', 'video']
[01:14:25.341] [INFO] 开始自动探测 EVB 串口，候选端口 ['/dev/ttyUSB0', '/dev/ttyUSB1', '/dev/ttyUSB2']，候选波特率 [2000000, 250000, 115200, 921600]
[01:14:25.341] [DEBUG] 探测 /dev/ttyUSB0 @ 2000000 ...
[01:14:28.197] [INFO]   命中 EVB 指纹: /dev/ttyUSB0 @ 2000000
[01:14:28.197] [DEBUG] 探测 /dev/ttyUSB1 @ 2000000 ...
[01:14:30.501] [DEBUG] 探测 /dev/ttyUSB1 @ 250000 ...
[01:14:32.805] [DEBUG] 探测 /dev/ttyUSB1 @ 115200 ...
[01:14:35.109] [DEBUG] 探测 /dev/ttyUSB1 @ 921600 ...
[01:14:37.413] [DEBUG] 探测 /dev/ttyUSB2 @ 2000000 ...
[01:14:39.716] [DEBUG] 探测 /dev/ttyUSB2 @ 250000 ...
[01:14:42.020] [DEBUG] 探测 /dev/ttyUSB2 @ 115200 ...
[01:14:44.324] [DEBUG] 探测 /dev/ttyUSB2 @ 921600 ...
[01:14:46.627] [INFO] 探测到 EVB: /dev/ttyUSB0 @ 2000000
[01:14:46.629] [INFO] 串口已打开: /dev/ttyUSB0 @ 2000000 bps
[01:14:47.232] [INFO] EVB 已就绪
[01:14:47.262] [DEBUG] 串口自检通过
[01:14:47.262] [INFO] 预清理板子状态...
[01:14:48.433] [INFO] 本次执行模块顺序: ['wifi_check', 'wifi_scan', 'wifi_join', 'emmc', 'ftp', 'photo', 'video']
[01:14:48.433] >>> 执行模块: wifi_check
[01:14:48.456] [PASS] wifi_check (22ms) - 已联网，IP=10.1.90.71（跳过 wifi scan/join）
[01:14:48.456] >>> 执行模块: wifi_scan
[01:14:48.456] [SKIP] wifi_scan (0ms) - WiFi 已连接（IP=10.1.90.71），跳过扫描测试
[01:14:48.456] >>> 执行模块: wifi_join
[01:14:48.456] [SKIP] wifi_join (0ms) - WiFi 已连接 (未知SSID/10.1.90.71)，跳过 join 测试
[01:14:48.456] >>> 执行模块: emmc
[01:14:48.496] [PASS] emmc (39ms) - 已进入 /emmc（自动挂载）
[01:14:48.496] >>> 执行模块: ftp
[01:14:48.827] [DEBUG] FTP 已连接 10.1.90.71:21 (尝试 1)
[01:14:49.429] [PASS] ftp (932ms) - FTP 已连接 10.1.90.71，/emmc 列出 3 项
[01:14:49.429] >>> 执行模块: photo
[01:14:49.995]   拍照测试: 模式 auto
[01:14:52.260] [DEBUG] 强制重连 FTP
[01:14:54.109] [DEBUG] FTP 已连接 10.1.90.71:21 (尝试 1)
[01:14:54.109] [INFO] FTP 已恢复
[01:15:00.477] [PASS] photo[auto] (10482ms) - JPEG OK 734KB | 拍照成功，保存到 /emmc/PIC/20260813_041450_2986
[01:15:00.477] >>> 执行模块: video
[01:15:00.905]   录像测试: 1080p / 5s
[01:15:06.886] [DEBUG] 强制重连 FTP
[01:15:08.909] [DEBUG] FTP 已连接 10.1.90.71:21 (尝试 1)
[01:15:08.909] [INFO] FTP 已恢复
[01:15:09.461] [PASS] video (8556ms) - 录像成功，文件 /emmc/VIDEO/20260813_041501_3228/Video_3228_0.h265，10212KB
[01:15:09.502] ==================================================
[01:15:09.502] 测试完成：共 7 项 | 通过 5 | 失败 0 | 跳过 2 | 错误 0 | 通过率 71.4% | 总耗时 20.0s
[01:15:09.502] ==================================================
[01:15:09.502] [INFO]   json 报告: reports/20260813_011425/result.json
[01:15:09.502] [INFO]   junit 报告: reports/20260813_011425/junit.xml
[01:15:09.502] [INFO]   html 报告: reports/20260813_011425/report.html
[01:15:09.581] [DEBUG] 串口已关闭
