[08:03:48.755] [INFO] VX100 EVB 自动化测试启动，运行时间戳: 20260812_080348
[08:03:48.755] [INFO] 启用模块: ['wifi_scan', 'wifi_join', 'emmc', 'ftp', 'photo', 'video']
[08:03:48.755] [INFO] 开始自动探测 EVB 串口，候选端口 ['/dev/ttyUSB0', '/dev/ttyUSB1', '/dev/ttyUSB2']，候选波特率 [2000000, 250000, 115200, 921600]
[08:03:48.755] [DEBUG] 探测 /dev/ttyUSB0 @ 2000000 ...
[08:03:51.064] [INFO]   命中 EVB 指纹: /dev/ttyUSB0 @ 2000000
[08:03:51.064] [DEBUG] 探测 /dev/ttyUSB1 @ 2000000 ...
[08:03:53.367] [DEBUG] 探测 /dev/ttyUSB1 @ 250000 ...
[08:03:55.671] [DEBUG] 探测 /dev/ttyUSB1 @ 115200 ...
[08:03:57.975] [DEBUG] 探测 /dev/ttyUSB1 @ 921600 ...
[08:04:00.277] [DEBUG] 探测 /dev/ttyUSB2 @ 2000000 ...
[08:04:02.581] [DEBUG] 探测 /dev/ttyUSB2 @ 250000 ...
[08:04:04.885] [DEBUG] 探测 /dev/ttyUSB2 @ 115200 ...
[08:04:07.188] [DEBUG] 探测 /dev/ttyUSB2 @ 921600 ...
[08:04:09.492] [INFO] 探测到 EVB: /dev/ttyUSB0 @ 2000000
[08:04:09.494] [INFO] 串口已打开: /dev/ttyUSB0 @ 2000000 bps
[08:04:11.495] [INFO] EVB 已就绪
[08:04:13.497] [DEBUG] 串口自检通过
[08:04:13.497] [INFO] 预清理板子状态...
[08:04:19.517] [INFO] 本次执行模块顺序: ['wifi_scan', 'wifi_join', 'emmc', 'ftp', 'photo', 'video']
[08:04:19.517] >>> 执行模块: wifi_scan
[08:04:23.326] [PASS] wifi_scan (3809ms) - 扫描到 15 个 AP（其中 1 个 RSSI<-70 信号弱）
[08:04:23.326] >>> 执行模块: wifi_join
[08:04:31.330] [PASS] wifi_join (8004ms) - 已连接 G-Demo，IP=10.1.90.71
[08:04:31.331] >>> 执行模块: emmc
[08:04:33.333] [PASS] emmc (2001ms) - 已进入 /emmc（自动挂载）
[08:04:33.333] >>> 执行模块: ftp
[08:04:35.472] [DEBUG] FTP 已连接 10.1.90.71:21 (尝试 1)
[08:04:35.752] [PASS] ftp (2419ms) - FTP 已连接 10.1.90.71，/emmc 列出 3 项
[08:04:35.752] >>> 执行模块: photo
[08:04:36.212]   拍照测试: 模式 auto
[08:04:41.428] [PASS] photo[auto] (5215ms) - 拍照成功，保存到 /emmc/PIC/20260812_110438_7596（未列出 jpg 辅助验证）
[08:04:41.428] >>> 执行模块: video
[08:04:41.428]   录像测试: 1080p / 5s
[08:04:48.724] [PASS] video (7295ms) - 录像成功，文件 /emmc/VIDEO/20260812_110442_2492/Video_2492_0.h265（大小校验跳过）
[08:04:48.769] ==================================================
[08:04:48.769] 测试完成：共 6 项 | 通过 6 | 失败 0 | 跳过 0 | 错误 0 | 通过率 100.0% | 总耗时 28.7s
[08:04:48.769] ==================================================
[08:04:48.769] [INFO]   json 报告: reports/20260812_080348/result.json
[08:04:48.769] [INFO]   junit 报告: reports/20260812_080348/junit.xml
[08:04:48.769] [INFO]   html 报告: reports/20260812_080348/report.html
[08:04:50.727] [DEBUG] 串口已关闭
