[08:04:09.494] TX> 
[08:04:10.495] TX> 
[08:04:11.495] TX> 
[08:04:11.495] RX< 
[08:04:11.495] RX< msh />
[08:04:11.495] RX< msh />
[08:04:11.501] TX> echo "EVBTEST_HELLO"
[08:04:11.501] TX> echo "__EVBTEST_END_439ec410__"
[08:04:13.497] RX< 
[08:04:13.497] RX< msh />echo "EVBTEST_HELLO"
[08:04:13.497] RX< EVBTEST_HELLO
[08:04:13.497] RX< msh />echo "__EVBTEST_END_439ec410__"
[08:04:13.497] RX< __EVBTEST_END_439ec410__
[08:04:13.497] RX< msh />
[08:04:13.505] TX> dfs_video_stop
[08:04:13.505] TX> echo "__EVBTEST_END_cce7ab08__"
[08:04:15.499] RX< dfs_video_stop
[08:04:15.499] RX< [6] [App Dfs] Please start recording the video first.
[08:04:15.499] RX< msh />echo "__EVBTEST_END_cce7ab08__"
[08:04:15.499] RX< __EVBTEST_END_cce7ab08__
[08:04:15.499] RX< msh />
[08:04:15.505] TX> wifi disc
[08:04:15.505] TX> echo "__EVBTEST_END_ea26827a__"
[08:04:17.501] RX< wifi disc
[08:04:17.501] RX< [32m[I/WLAN.mgnt] disconnect success![0m
[08:04:17.501] RX< msh />echo "__EVBTEST_END_ea26827a__"
[08:04:17.501] RX< __EVBTEST_END_ea26827a__
[08:04:17.501] RX< msh />
[08:04:17.509] TX> ftp_server
[08:04:17.509] TX> echo "__EVBTEST_END_4fc998c7__"
[08:04:19.503] RX< ftp_server
[08:04:19.503] RX< 
[08:04:19.503] RX< [FTP] Ftp server init success!!!
[08:04:19.503] RX< msh />echo "__EVBTEST_END_4fc998c7__"
[08:04:19.503] RX< __EVBTEST_END_4fc998c7__
[08:04:19.503] RX< msh />
[08:04:19.525] TX> wifi scan
[08:04:19.525] TX> echo "__EVBTEST_END_646fac46__"
[08:04:19.612] RX< wifi scan
[08:04:19.612] RX<              SSID                      MAC            security    rssi chn Mbps
[08:04:19.612] RX< ------------------------------- -----------------  -------------- ---- --- ----
[08:04:19.612] RX< ftp_hw_2_4g                     e2:19:01:17:87:d1  WPA2_AES_PSK   -33    1  144
[08:04:19.612] RX< HUAW
[08:04:19.813] RX< EI-AX2                      02:25:74:39:4e:47  WPA2_AES_PSK   -56    1  300
[08:04:19.813] RX< TP-LINK_5G_756B                 c2:45:86:39:8c:5f  WPA2_AES_PSK   -53    1  300
[08:04:19.813] RX< alk                             2c:97:b1:17:2e:a0  WPA2_AES_PSK   -55    6   72
[08:04:19.813] RX< alk_guest        
[08:04:20.105] RX<                2c:97:b1:17:2e:a1  WPA2_MIXED_PSK -58    6   72
[08:04:20.105] RX< G-Demo                          f4:e4:51:83:d5:82  WPA2_AES_PSK   -53    6  144
[08:04:20.105] RX< ftp_test_2_4G                   62:ed:11:f2:02:a7  WPA2_AES_PSK   -33    9  144
[08:04:20.105] RX< MTK_CHEETAH_AP_2.4G           
[08:04:20.842] RX<   e0:ef:02:71:f5:71  OPEN           -42   13  300
[08:04:20.842] RX< gravityXR                       f4:e4:51:83:d5:80  WPA2_AES_PSK   -55    6  144
[08:04:20.842] RX<  Gwireless                      f4:e4:51:83:d5:81  WPA2_AES_PSK   -51    6  144
[08:04:20.842] RX< ZJ-DBGT                         cc:20:8c:ae
[08:04:21.325] RX< :49:60  OPEN           -82    6  144
[08:04:21.325] RX< gravityXR                       f4:e4:51:83:e3:00  WPA2_AES_PSK   -62   11  144
[08:04:21.325] RX<  Gwireless                      f4:e4:51:83:e3:01  WPA2_AES_PSK   -63   11  144
[08:04:21.325] RX< G-Demo                          f4:e4:51:83:e3:02  WPA2_
[08:04:23.326] RX< AES_PSK   -63   11  144
[08:04:23.326] RX< alk                             2c:97:b1:17:46:40  WPA2_AES_PSK   -62   11   72
[08:04:23.326] RX< msh />echo "__EVBTEST_END_646fac46__"
[08:04:23.326] RX< __EVBTEST_END_646fac46__
[08:04:23.326] RX< msh />[32m[I/ftp] service launched success.[0m
[08:04:23.333] TX> wifi join G-Demo Gdemo@123
[08:04:23.333] TX> echo "__EVBTEST_END_35a49306__"
[08:04:25.328] RX< wifi join G-Demo Gdemo@123
[08:04:29.330] RX< [32m[I/WLAN.mgnt] wifi connect success ssid:G-Demo[0m
[08:04:29.330] RX< msh />echo "__EVBTEST_END_35a49306__"
[08:04:29.330] RX< __EVBTEST_END_35a49306__
[08:04:29.330] RX< msh />
[08:04:31.330] RX< [32m[I/WLAN.lwip] Got IP address : 10.1.90.71[0m
[08:04:31.337] TX> cd emmc
[08:04:31.337] TX> echo "__EVBTEST_END_dd223a61__"
[08:04:33.332] RX< cd emmc
[08:04:33.332] RX< msh /emmc>echo "__EVBTEST_END_dd223a61__"
[08:04:33.332] RX< __EVBTEST_END_dd223a61__
[08:04:33.332] RX< msh /emmc>[6] [SNTP] rtc synced: 2026-08-12 11:04:31 (tick=617826272)
[08:04:33.341] TX> ftp_server
[08:04:33.341] TX> echo "__EVBTEST_END_c6dedcff__"
[08:04:35.333] RX< ftp_server
[08:04:35.333] RX< 
[08:04:35.333] RX< [FTP] Ftp server init success!!!
[08:04:35.333] RX< msh /emmc>echo "__EVBTEST_END_c6dedcff__"
[08:04:35.333] RX< __EVBTEST_END_c6dedcff__
[08:04:35.333] RX< msh /emmc>
[08:04:36.221] TX> cam_set photo auto
[08:04:36.221] TX> echo "__EVBTEST_END_d1a4a4d8__"
[08:04:37.334] RX< cam_set photo auto
[08:04:37.334] RX< [6] [App Dfs] auto mode
[08:04:37.334] RX< msh /emmc>echo "__EVBTEST_END_d1a4a4d8__"
[08:04:37.334] RX< __EVBTEST_END_d1a4a4d8__
[08:04:37.334] RX< msh /emmc>
[08:04:38.341] TX> dfs_capture_start
[08:04:38.341] TX> echo "__EVBTEST_END_de9cf698__"
[08:04:38.351] RX< [33m[W/ftp] service go wrong, now wait restarting...[0m
[08:04:38.351] RX< dfs_capture_start
[08:04:38.351] RX< [7] [cam] [97480][tshell][cgm_parse_bin:105]total logical camera num: 1
[08:04:38.351] RX< [6] [cam] [97481][tshell][cam_prelude_create:187]E id, 0
[08:04:38.351] RX< [7] [cam] [97481][cpl0][cam_prelude_proc_routine:1
[08:04:38.354] RX< 01]thread start
[08:04:38.354] RX< [6] [cam] [97481][tshell][cam_prelude_create:214]X ctx size 124 addr 0x88482d18
[08:04:38.354] RX< [6] [cam] [97487][tshell][sensor_probe:418]sensor [1]: identifing 0 success.
[08:04:38.354] RX< [6] [cam] [97489][tshell][sensor_probe:441]sensor [1]: probe exit!
[08:04:38.354] RX< [6] [cam] [9748
[08:04:38.354] RX< 9][tshell][cam_prelude_fast_probe:251]cam: 0 probe result: 0
[08:04:38.354] RX< [6] [cam] [97489][tshell][cgm_parse_bin:215]cam(0) probe success
[08:04:38.354] RX< [6] [cam] [97490][tshell][cam_entry:435]entry ok
[08:04:38.354] RX< [34m[cam entry] perf=9625(us)!
[08:04:38.354] RX< [0m[6] [App Cam] cam entry success
[08:04:38.354] RX< [36mmem_l
[08:04:38.356] RX< aySolv: scenario=01 in=4032x3024, me_rotate=1 me_stripe=1 
[08:04:38.356] RX< [0m[36mmem_laySolv: me_rot 1, me_stripe 1, eis 0, be_rot 0
[08:04:38.356] RX< [0mscen1 type26 bufAdr 0x89d40b70 sz 0x1400000 reCfg for bound!
[08:04:38.356] RX< [36mmem_laySolv: scen01 20 entries solved OK!
[08:04:38.356] RX< [0m[7] [cam] [97492][
[08:04:38.356] RX< tshell][cam_solve_whole_layout:355]
[08:04:38.356] RX< scen1: vol 0x8c000000 rbuf 0x8a000000 sz 0x1400000 wbuf 0x8b400000 sz 0x200000
[08:04:38.356] RX< [36mmem_laySolv: scenario=02 in=2016x1512, me_rotate=0 me_stripe=0 
[08:04:38.356] RX< [0m[36mmem_laySolv: me_rot 0, me_stripe 0, eis 0, be_rot 0
[08:04:38.356] RX< [0mscen2 
[08:04:38.359] RX< type15 bufAdr 0x89ce3ef0 sz 0xd00000 reCfg for bound!
[08:04:38.359] RX< [36mmem_laySolv: scen02 14 entries solved OK!
[08:04:38.359] RX< [0m[36mmem_laySolv: scenario=03 in=4032x2268, me_rotate=1 me_stripe=0 
[08:04:38.359] RX< [0m[36mmem_laySolv: me_rot 1, me_stripe 0, eis 0, be_rot 0
[08:04:38.359] RX< [0m[36mmem_laySol
[08:04:38.359] RX< v: scen03 14 entries solved OK!
[08:04:38.359] RX< [0m[36mmem_laySolv: scenario=04 in=4032x3024, me_rotate=1 me_stripe=1 
[08:04:38.359] RX< [0m[36mmem_laySolv: me_rot 1, me_stripe 1, eis 0, be_rot 0
[08:04:38.359] RX< [0m[36mmem_laySolv: scen04 14 entries solved OK!
[08:04:38.359] RX< [0m[36mmem_laySolv: scenario=05 in=
[08:04:38.362] RX< 1008x0756, me_rotate=0 me_stripe=0 
[08:04:38.362] RX< [0m[36mmem_laySolv: me_rot 0, me_stripe 0, eis 0, be_rot 0
[08:04:38.362] RX< [0m[36mmem_laySolv: scen05 17 entries solved OK!
[08:04:38.362] RX< [0m[36mmem_laySolv: scenario=06 in=1008x0720, me_rotate=0 me_stripe=0 
[08:04:38.362] RX< [0m[36mmem_laySolv: me_rot 0, m
[08:04:38.362] RX< e_stripe 0, eis 0, be_rot 0
[08:04:38.362] RX< [0m[36mmem_laySolv: scen06 12 entries solved OK!
[08:04:38.362] RX< [0m[36mmem_laySolv: scenario=01 in=4032x3024, me_rotate=1 me_stripe=1 
[08:04:38.362] RX< [0mscen1 type26 bufAdr 0x89d40b70 sz 0x1400000 reCfg for bound!
[08:04:38.362] RX< [36mmem_laySolv: scen01 20 entries s
[08:04:38.364] RX< olved OK!
[08:04:38.364] RX< [0m[7] [cam] [97499][tshell][cam_solve_whole_layout:383]Solve Whole-layout Done!
[08:04:38.364] RX< [6] [cam] [97499][tshell][cgm_parse_media_para:271]phy cam num: 1
[08:04:38.364] RX< [7] [cam] [97500][cer0][cer_recovery_proc:343]thread start cid, 0
[08:04:38.364] RX< [6] [cam] [97500][tshell][csc_
[08:04:38.365] RX< open:443]SENSOR MCLK cal: 24MHz
[08:04:38.365] RX< [6] [cam] [97501][tshell][csc_isp_clk_cal:344]MIPI CLK cal: 346MHz
[08:04:38.365] RX< [6] [cam] [97501][tshell][csc_isp_clk_cal:371]LITE CLK cal: 28MHz
[08:04:38.365] RX< [7] [cam] [97501][tshell][cpc_csi_rx_power_on:633]E id: 2
[08:04:38.365] RX< [4] [cam] [97501][tshell][cpc_c
[08:04:38.371] RX< si_rx_power_on:644]csi_2 has already power on, STATUS: 1
[08:04:38.371] RX< [6] [cam] [97502][tshell][cpc_update_clock:603]actual SNS mclk: 24MHz
[08:04:38.371] RX< [6] [cam] [97502][tshell][cpc_update_clock:608]actual MIPI0: 500MHz
[08:04:38.371] RX< [6] [cam] [97503][tshell][cpc_update_clock:598]actual LITE 
[08:04:38.371] RX< clk: 50MHz
[08:04:38.371] RX< [7] [cam] [97503][tshell][cam_prelude_open:297][34msnsOpen camID1 csiID0 phyIdx0[0m
[08:04:38.371] RX< [6] [cam] [97508][tshell][sensor_expo_gain_match:48]sensor get sensor expo gain of imx681_vst
[08:04:38.371] RX< [6] [cam] [97508][tshell][sensor_open:684]sensor [1] open OK.
[08:04:38.371] RX< [
[08:04:38.374] RX< 6] [cam] [97508][tshell][cam_cpm_parse_media:280]photo scenario, media para[mfnr:0, hdr:0, capture_num:0]
[08:04:38.374] RX< [6] [cam] [97509][tshell][cam_cpm_parse_media:283]photo scenario, media para[iso:0, gain:0, wb_mode:0]
[08:04:38.374] RX< [6] [cam] [97510][tshell][csc_isp_clk_cal:353]
[08:04:38.374] RX< FE CLK cal: 426MHz, ME CLK cal: 462MHz, FE/ME CLK cal: 508MHz
[08:04:38.374] RX< [6] [cam] [97510][tshell][csc_isp_clk_cal:360]BE CLK cal: 401MHz
[08:04:38.374] RX< [4] [cam] [97511][tshell][cam_fe_core_power_on:269]fe pipe has already power on, STATUS: 1
[08:04:38.374] RX< [6] [cam] [97511][tshell][cpc_update_
[08:04:38.377] RX< clock:588]actual FE/ME clk: 550MHz
[08:04:38.377] RX< [4] [cam] [97512][tshell][cam_be_core_power_on:964]be pipe has already power on, STATUS: 1
[08:04:38.377] RX< [6] [cam] [97512][tshell][cpc_update_clock:593]actual BE clk: 500MHz
[08:04:38.377] RX< [7] [cam] [97512][tshell][cam_cpm_core_power_on:425]id,0 ty
[08:04:38.378] RX< pe,1 ret 0
[08:04:38.378] RX< [6] [cam] [97513][tshell][cam_cpm_core_init:914]E id,0 sensor type,1
[08:04:38.378] RX< [6] [cam] [97514][tshell][cpm_core_check_tuningbin:854]Tuning bin crc check PASS! sum 0xc9b121ad, xor 0x29d57d51
[08:04:38.378] RX< [6] [cam] [97514][tshell][qpc_tuning_check_iqbin_validness:396
[08:04:38.380] RX< ]IQ bin addr: 0x8869de60, project_name: capture_12M
[08:04:38.380] RX< [6] [cam] [97515][tshell][qpc_tuning_check_iqbin_validness:397]total_size: 107856
[08:04:38.380] RX< [6] [cam] [97515][tshell][qpc_tuning_check_iqbin_validness:398]id_count: 93. ID_TOTAL: 94
[08:04:38.380] RX< [6] [cam] [97516][tshell][qpc_
[08:04:38.380] RX< tuning_check_iqbin_validness:399]spinel tuning data ver: V1.30
[08:04:38.380] RX< [6] [cam] [97516][tshell][cpm_core_check_tuningbin:868]IQ bin check success!
[08:04:38.380] RX< [6] [cam] [97517][tshell][cam_bm_core_init:94]E
[08:04:38.380] RX< [6] [cam] [97517][tshell][bm_lab_init:174]X ctx size 4 addr 0x88455
[08:04:38.387] RX< 450
[08:04:38.387] RX< [6] [cam] [97518][tshell][cam_bm_core_init:114]X ctx size 180 addr 0x88485878
[08:04:38.387] RX< [6] [cam] [97518][tshell][qpc_core_init:1218]E id,0
[08:04:38.387] RX< [6] [cam] [97518][tshell][qpc_queue_init:65]QPC init qnodes 8, size 508, pool 0x88486828
[08:04:38.387] RX< [6] [cam] [97519][tshell][_qpc_
[08:04:38.387] RX< get_cap_cfg_para:892]preset capCfg 200 3 4
[08:04:38.387] RX< [7] [cam] [97519][tshell][_qpc_cfg_hdr_frms:840]hdr preset - gainThres 1600
[08:04:38.387] RX< FrmNB:	TNR	|EV-	|EV0	|EV+
[08:04:38.387] RX< LDR:	 3	| 5	| -	| 3
[08:04:38.387] RX< LLLDR:	 3	| 5	| -	| 3
[08:04:38.387] RX< HDR:	 3	| 5	| 3	| 1
[08:04:38.387] RX< LLHDR:	 3	| 5	| 3	| 1
[08:04:38.387] RX< 
[08:04:38.387] RX< [6] [cam] [97525][tshell]
[08:04:38.391] RX< [qpc_core_init:1264]X ctx size 3800 addr 0x88485940
[08:04:38.391] RX< [6] [cam] [97525][tshell][cpm_core_get_param:666]cpm para chk: tunBin-w 4000 h 3000 img-w 4032 h 3024
[08:04:38.391] RX< [6] [cam] [97526][tshell][cam_fe_core_init:436]E id,0
[08:04:38.391] RX< [6] [cam] [97526][tshell][cam_fe_core_init:490]
[08:04:38.392] RX< X ctx size 100 addr 0x884973b8
[08:04:38.392] RX< [7] [cam] [97527][tshell][qpc_core_fe_chords_init:1659][34mqpc fe init snsOut w 4032 h 3024, tbl w 28 h 20[0m
[08:04:38.392] RX< [6] [cam] [97527][tshell][cam_me_core_init:1474]X ctx size 1352 addr 0x88499770
[08:04:38.392] RX< [34m[ME SLICE CFG] perf=1436(u
[08:04:38.394] RX< s)!
[08:04:38.394] RX< [0m[6] [cam] [97529][tshell][cam_bayer_fe_3a_stats_core_init:445]fe 3a id,0
[08:04:38.394] RX< [6] [cam] [97530][tshell][cam_bayer_fe_3a_stats_core_init:490]X ctx size 132 addr 0x884a2190
[08:04:38.394] RX< [6] [cam] [97530][tshell][cam_be_core_init:618]E id,0
[08:04:38.394] RX< [7] [cam] [97531][be0][be_
[08:04:38.394] RX< core_irq_proc:267]thread start cid,0
[08:04:38.394] RX< [6] [cam] [97531][tshell][cam_be_core_init:710]X ctx size 464 addr 0x884a2520
[08:04:38.394] RX< [6] [cam] [97531][tshell][cam_lite_core_init:433]E id,0
[08:04:38.394] RX< [7] [cam] [97532][lite0][lite_core_irq_proc:152]thread start cid,0
[08:04:38.394] RX< [6] [cam] [97532
[08:04:38.398] RX< ][tshell][cam_lite_core_init:497]X ctx size 164 addr 0x884a4f70
[08:04:38.398] RX< [6] [cam] [97532][tshell][awb_wrapper_init:66]xxx awb_bin=0x88488f14, awb_bin_length=8068
[08:04:38.398] RX< [6] [cam] [97533][tshell][awb_wrapper_init:86]X algo_handle 0x884acfa8
[08:04:38.398] RX< [7] [cam] [97533][awb0][a5_cor
[08:04:38.399] RX< e_wrapper_task:252]thread start cid,0 algo type,2
[08:04:38.399] RX< [6] [cam] [97534][tshell][a5_core_init_task:426]thread created: awb0 mq=0x884af2a0 thread=0x884af3b8 sem=0x884af230 ret=0
[08:04:38.399] RX< [6] [cam] [97534][tshell][bayer_ae_wrapper_init:68]E id,0 proc mode 1 
[08:04:38.399] RX< 
[08:04:38.399] RX< [AEC Proc]
[08:04:38.401] RX<  @[allib_ae_set_debug_log_flag] Line:129:[DEBUG] debug level/to_file/to_terminal: 22/1/1
[08:04:38.401] RX< [AEC Proc] @[AeInit] Line:377:[INFO] AE ver: 2026_V2.269
[08:04:38.401] RX< 
[08:04:38.401] RX< [AEC Proc] @[allib_ae_loadfunc] Line:193:[INFO] camera ID: 0
[08:04:38.401] RX< [AEC Proc] @[AeInit] Line:404:[DEBUG] init imu 
[08:04:38.401] RX< detector sucessed!
[08:04:38.401] RX< [AEC Proc] @[AeInit] Line:406:[DEBUG] imu init errcode:0
[08:04:38.401] RX< [AEC Proc] @[alAE_set_param] Line:575:[DEBUG] sw_maxtime 66381 ,pertline 9444, after check sensor step sw_max_time 66375.00
[08:04:38.401] RX< [AEC Proc] @[alAE_set_param] Line:580:[DEBUG] sw_minti
[08:04:38.404] RX< me 37 ,pertline 9444, after check sensor step sw_min_time 36.00
[08:04:38.404] RX< [AEC Proc] @[alAE_set_param] Line:513:[DEBUG] DEBUG minbv exptime 9 gain 100, minExpBV 14098
[08:04:38.404] RX< [AEC Proc] @[AeTuningParseSet] Line:167:[DEBUG] aeparam version 2.268 60704
[08:04:38.404] RX< [AEC Proc] @[alAE_set_
[08:04:38.404] RX< param] Line:340:[DEBUG] INITEXP gain 100, shutter 8000, midtonegain 100, bv 4303
[08:04:38.404] RX< [6] [cam] [97541][tshell][bayer_ae_wrapper_init:119]X tline 9444 max_exp 66381 alg_hdl 0x884b1b68 
[08:04:38.404] RX< [7] [cam] [97541][b_ae0][a5_core_wrapper_task:252]thread start cid,0 algo t
[08:04:38.407] RX< ype,0
[08:04:38.407] RX< [6] [cam] [97542][tshell][a5_core_init_task:426]thread created: b_ae0 mq=0x884b8440 thread=0x884b8558 sem=0x884b83d0 ret=0
[08:04:38.407] RX< [6] [cam] [97542][tshell][atf_wrapper_init:67]E id,0
[08:04:38.407] RX< [6] [cam] [97543][tshell][atf_wrapper_init:107]X alg_ctx addr 0x884baa18
[08:04:38.415] RX< 
[08:04:38.415] RX< [7] [cam] [97543][atf0][a5_core_wrapper_task:252]thread start cid,0 algo type,1
[08:04:38.415] RX< [6] [cam] [97544][tshell][a5_core_init_task:426]thread created: atf0 mq=0x884bcd70 thread=0x884bce88 sem=0x884bcd00 ret=0
[08:04:38.415] RX< [6] [cam] [97544][tshell][cam_cpm_core_init:1030]X c
[08:04:38.415] RX< tx size 1064 addr 0x88485440
[08:04:38.415] RX< [6] [cam] [97545][tshell][csc_open:527]ok! phys_id[1], phys_num[1] 
[08:04:38.415] RX< [6] [cam] [97545][tshell][cam_open:699]open ok! camera_id[0]
[08:04:38.415] RX< [34m[cam open] perf=55608(us)!
[08:04:38.415] RX< [0m[6] [App Cam] cam open success
[08:04:38.415] RX< [6] [cam] [97551][tshell][cs
[08:04:38.417] RX< c_init:637]sensor info:size:4032x3024, formt: 0x2b, bps: 2496, tline: 9444
[08:04:38.417] RX< [6] [cam] [97551][tshell][cam_sif_mgr_init:261]E id,0
[08:04:38.417] RX< [7] [cam] [97552][sif0][sif_irq_proc:151]thread start cid,0
[08:04:38.417] RX< [6] [cam] [97552][tshell][cam_sif_mgr_init:293]X ctx size 52 addr 
[08:04:38.417] RX< 0x884d5f40
[08:04:38.417] RX< [7] [cam] [97553][tshell][sif_btm_paramSet:102]btm lite w4032 h4032 binEn1 binRatio2
[08:04:38.417] RX< [7] [cam] [97553][tshell][sif_btm_paramSet:106]cropSlct2 x0 y0 w4032 h4032
[08:04:38.417] RX< [6] [cam] [97554][tshell][cam_prelude_init_cfg:368]CSI ID is 0,  phy lanes is 2.
[08:04:38.417] RX< [7
[08:04:38.446] RX< ] [cam] [97554][tshell][check_phy_ready:96]MIPI_PHY[0] is ready
[08:04:38.446] RX< [6] [cam] [97555][tshell][sensor_init:348]sensor [1]: register ok
[08:04:38.446] RX< [6] [cam] [97555][tshell][sensor_set_mode:852]sensor [1]: SetMode -> mode = 0.
[08:04:38.446] RX< [6] [cam] [97555][tshell][sensor_send_reg_tab
[08:04:38.446] RX< _to_sensor:704]sensor [1]: send_reg_tab_to_sensor E.
[08:04:38.446] RX< [6] [cam] [97566][tshell][sensor_send_reg_tab_to_sensor:726]sensor [1]: reg_count = 77.
[08:04:38.446] RX< [6] [cam] [97568][tshell][sensor_init:361]sensor [1]: init success.
[08:04:38.446] RX< [6] [cam] [97568][tshell][sensor_set_mode:852]s
[08:04:38.448] RX< ensor [1]: SetMode -> mode = 1.
[08:04:38.448] RX< [6] [cam] [97569][tshell][sensor_send_reg_tab_to_sensor:704]sensor [1]: send_reg_tab_to_sensor E.
[08:04:38.448] RX< [6] [cam] [97584][tshell][sensor_send_reg_tab_to_sensor:726]sensor [1]: reg_count = 84.
[08:04:38.448] RX< [6] [cam] [97584][tshell][csc_init:64
[08:04:38.448] RX< 6]ok! phys_id[1], phys_num[1]
[08:04:38.448] RX< [6] [cam] [97584][tshell][csc_get_bayer_single_buffer:1038]scenario_type: 1
[08:04:38.448] RX< [6] [cam] [97584][tshell][csc_set_stats_fmt:98]index 0 w 1 h 1 bw 8 wcmp 255
[08:04:38.448] RX< [7] [cam] [97585][tshell][bm_ioctl:201]BMIOC_STATS_FMT
[08:04:38.448] RX< [6] [cam] [97585
[08:04:38.451] RX< ][tshell][csc_set_fe_fmt:47]index 1 w 4032 h 3024 bw 10 wcmp 0
[08:04:38.451] RX< [7] [cam] [97586][tshell][bm_ioctl:201]BMIOC_FE_FMT
[08:04:38.451] RX< [6] [cam] [97586][tshell][csc_set_lite_fmt:115]index 2 w 1008 h 720 bw 8 wcmp 255
[08:04:38.451] RX< [7] [cam] [97587][tshell][bm_ioctl:201]BMIOC_LITE_FMT
[08:04:38.451] RX< [6]
[08:04:38.451] RX<  [cam] [97587][tshell][csc_set_lite_fmt:115]index 21 w 1008 h 720 bw 8 wcmp 255
[08:04:38.451] RX< [7] [cam] [97587][tshell][bm_ioctl:201]BMIOC_LITE_FMT
[08:04:38.451] RX< [6] [cam] [97588][tshell][csc_set_be_fmt:81]index 25 w 0 h 0 bw 8 wcmp 255
[08:04:38.451] RX< [7] [cam] [97588][tshell][bm_ioctl:201]BMIOC_
[08:04:38.454] RX< BE_FMT
[08:04:38.454] RX< [6] [cam] [97588][tshell][csc_set_be_fmt:81]index 22 w 480 h 360 bw 8 wcmp 255
[08:04:38.454] RX< [7] [cam] [97589][tshell][bm_ioctl:201]BMIOC_BE_FMT
[08:04:38.454] RX< [6] [cam] [97589][tshell][csc_set_me_fmt:64]index 5 w 3024 h 4032 bw 10 wcmp 0, rdma_addr 0x8919f780, wdma_addr 0x891
[08:04:38.454] RX< 9f780
[08:04:38.454] RX< [7] [cam] [97590][tshell][bm_ioctl:201]BMIOC_ME_FMT
[08:04:38.454] RX< [6] [cam] [97590][tshell][csc_set_me_fmt:64]index 6 w 3024 h 4032 bw 8 wcmp 255, rdma_addr 0x88795200, wdma_addr 0x8c000000
[08:04:38.454] RX< [6] [cam] [97591][tshell][cam_me_core_buffer_cfg:1367]
[08:04:38.454] RX< ----ME PIPE INFO-
[08:04:38.457] RX< --
[08:04:38.457] RX<  wdma_buf_num:1, rotation_en: 1
[08:04:38.457] RX< [7] [cam] [97591][tshell][cam_me_core_buffer_cfg:1375]yuv wdma_addr 0:0x8c000000, meta_en: 0, 0x00000000
[08:04:38.457] RX< [7] [cam] [97592][tshell][bm_ioctl:201]BMIOC_ME_FMT
[08:04:38.457] RX< [6] [cam] [97592][tshell][csc_init:654]get otp ok! phys_id[1], 
[08:04:38.457] RX< phys_num[1]
[08:04:38.457] RX< [6] [cam] [97593][tshell][cam_init:789]init ok! logic_id[0]
[08:04:38.457] RX< [34m[cam init] perf=41474(us)!
[08:04:38.457] RX< [0m[6] [App Cam] cam init success
[08:04:38.457] RX< [7] [cam] [97593][tshell][cam_cpm_core_stream_on:541]id 0 sensor type 1
[08:04:38.457] RX< [6] [cam] [97594][tshell][sensor_stream_on
[08:04:38.459] RX< :979]sensor [1]: stream_on
[08:04:38.459] RX< [6] [cam] [97594][tshell][sensor_stream_on:1007]sensor [1]: REG: 0x100, W:0x1.
[08:04:38.459] RX< [6] [cam] [97595][tshell][sensor_stream_on:1009]sensor [1]: REG: 0x100, R:0x1.
[08:04:38.459] RX< [6] [cam] [97595][tshell][csc_prv_start:783]ok! phys_id[1], phys_num[1]
[08:04:38.459] RX< , cam_ids[1]
[08:04:38.459] RX< [6] [cam] [97596][tshell][cam_start:897]preview start ok! logic_id[0]
[08:04:38.459] RX< [34m[cam start] perf=2396(us)!
[08:04:38.459] RX< [0m[6] [App Cam] cam start success
[08:04:38.459] RX< [6] [App Dfs] Gravity_XR Capture Start
[08:04:38.459] RX< msh /emmc>echo "__EVBTEST_END_de9cf698__"
[08:04:38.459] RX< __EVBTEST_END_de9cf698
[08:04:38.516] RX< __
[08:04:38.516] RX< msh /emmc>[7] [cam] [97597][b_3a_sts][bayer_stats_core_irq_proc:164]thread start cid,0
[08:04:38.516] RX< [7] [cam] [97597][fe0][fe_core_irq_proc:98]thread start cid,0
[08:04:38.516] RX< [34m[AE] fid=0,exp=10746,adg=400,Y=995,mtg=100,shg=100,bgbv=1946,iso=400,cnv0,hdr0
[08:04:38.516] RX< [0m[34m[b_ae0 pro
[08:04:38.881] RX< c] perf=2691(us), max=2691(us)!
[08:04:38.881] RX< [0m[34m[awb0 proc] perf=1444(us), max=1444(us)!
[08:04:38.881] RX< [0m[34m[AE conv] fid=11,exp=13752,adg=400,Y=4680,mtg=355,shg=100,bgbv=1590,iso=400,cnv1,hdr1
[08:04:38.881] RX< [0m[7] [cam] [98002][fe0][_qpc_hdr_rslt_chk:1564]
[08:04:38.881] RX< ALG: EV0 t13752 g400 | EV+
[08:04:38.917] RX<  t13752 g400 | EV- t10134 g150
[08:04:38.917] RX< [6] [cam] [98003][fe0][qpc_core_hdr_mapExp_cfg:1632]evMapExp set OK, typ:2 1 FF num:3 5 0
[08:04:38.917] RX< [34m[cap] FE sync ME @fid11 as mod2 cfg0x01, cap 8frms @fid+3
[08:04:38.917] RX< [0m[7] [cam] [98039][qpc0][qpc_core_hdr_upd_sensor:558][HDRupd]: Sns 
[08:04:38.982] RX< cap-0 EV:0->2 st-13752 ag-400
[08:04:38.982] RX< [6] [cam] [98085][me0][cpm_cb_fe2me_tikChk:152]frm_length 33329us, fe2me delta 12
[08:04:38.982] RX< [7] [cam] [98085][qpc0][qpc_core_hdr_upd_me:605][HDRupd] ME cap-0 EV:0->2, dg-100
[08:04:38.982] RX< [7] [JPEG] frame num=8, pre frame=873813 Bytes
[08:04:38.982] RX< [exif] cap 0, 
[08:04:39.044] RX< bv 1586 exp 13752 iso 400 time 98091
[08:04:39.044] RX< [6] [cam] [98105][fe0][_cpm_cb_jpegInfo_proc:602]SnapStream E @ frm15!
[08:04:39.044] RX< [cap] oFrm15 Ym15380 bv1333 lux201
[08:04:39.044] RX< [32m[BE] fid=0, perf=1450(us), max=1450(us)!
[08:04:39.044] RX< [0m[7] [cam] [98142][qpc0][qpc_core_hdr_upd_sensor:558][HDRupd]:
[08:04:39.083] RX<  Sns cap-3 EV:2->1 st-10134 ag-150
[08:04:39.083] RX< [34m[cap] fid: me0 fe16, perf=556713(us)!
[08:04:39.083] RX< [0m[7] [cam] [98152][me0][me_core_thread:322]ME out fid 0
[08:04:39.083] RX< [cap] oFrm16 Ym16618 bv1171 lux180
[08:04:39.083] RX< [cap] oFrm17 Ym16621 bv1239 lux188
[08:04:39.083] RX< [exif] cap 3, bv 1586 exp 10134 iso 150 time 981
[08:04:39.262] RX< 95
[08:04:39.262] RX< [cap] oFrm18 Ym5700 bv-328 lux63
[08:04:39.262] RX< [cap] oFrm19 Ym6241 bv-254 lux67
[08:04:39.262] RX< [cap] oFrm20 Ym6393 bv-421 lux59
[08:04:39.262] RX< [cap] oFrm21 Ym6257 bv-335 lux63
[08:04:39.262] RX< [cap] oFrm22 Ym7437 bv-1952 lux20
[08:04:39.262] RX< [6] [cam] [98372][fe0][_cpm_cb_jpegInfo_proc:610]SnapStream X @ frm23!
[08:04:39.262] RX< [34m[cap] fid: 
[08:04:39.383] RX< me7 fe23, perf=29613(us)!
[08:04:39.383] RX< [0m[33m[W/ftp] service go wrong, now wait restarting...[0m
[08:04:39.383] RX< [6] [App Dfs] Gravity_XR Capture Stop Success: total frames = 8
[08:04:39.383] RX< [6] [cam] [98518][DfsSend][sensor_stream_off:1143]sensor [1]: stream_off
[08:04:39.383] RX< [6] [cam] [98519][DfsSend][sen
[08:04:39.383] RX< sor_stream_off:1172]sensor [1]: REG: 0x100, W:0x0.
[08:04:39.383] RX< [6] [cam] [98520][DfsSend][sensor_stream_off:1174]sensor [1]: REG: 0x100, R:0x0.
[08:04:39.383] RX< [6] [cam] [98520][DfsSend][csc_prv_stop:893]ok! phys_id[1], phys_num[1], stop_type = 0
[08:04:39.383] RX< [6] [cam] [98521][DfsSend][cam_stop:
[08:04:39.387] RX< 1017]preview stop ok! logic_id[0]
[08:04:39.387] RX< [34m[cam stop] perf=2440(us)!
[08:04:39.387] RX< [0m[6] [App Cam] cam stop success
[08:04:39.387] RX< [7] [cam] [98521][DfsSend][cam_cpm_core_power_off:457]id,0 type,1 ret 0
[08:04:39.387] RX< [6] [cam] [98522][sif0][sif_irq_proc:174]thread release cid,0
[08:04:39.387] RX< [6] [cam] [98522][Df
[08:04:39.387] RX< sSend][cam_sif_mgr_deinit:316]X
[08:04:39.387] RX< [6] [cam] [98522][DfsSend][cam_deinit:846]deinit ok! logic_id[0]
[08:04:39.387] RX< [34m[cam deinit] perf=1218(us)!
[08:04:39.387] RX< [0m[6] [App Cam] cam deinit success
[08:04:39.387] RX< [6] [cam] [98523][DfsSend][sensor_close:1247]sensor [1]: close!
[08:04:39.387] RX< [6] [cam] [98525][DfsS
[08:04:39.390] RX< end][cam_bm_core_deinit:136]X
[08:04:39.390] RX< [INFO]	cpm[0] snsType1 capMod2 cfg0x01 8frms
[08:04:39.390] RX< [head]  frmID ref 11 eff 15 sns 13 cdma 14 
[08:04:39.390] RX< [AErlt] flags fid 11 isWdr 1 isConv 1 sport 0 scen 1
[08:04:39.390] RX<         info  Lux 240 Ymean 4680 nxtBV -307 bgBV 1590
[08:04:39.390] RX< [exp]   norm  st13752 adg004
[08:04:39.390] RX< 00 ispg00100
[08:04:39.390] RX<         short st10134 adg00150 ispg00100
[08:04:39.390] RX<         long  st13752 adg00400 ispg00100
[08:04:39.390] RX< [head]  frmID ref 10 eff 14 sns 12 cdma 13 
[08:04:39.390] RX< [AErlt] flags fid 10 isWdr 0 isConv 2 sport 0 scen 0
[08:04:39.390] RX<         info  Lux 240 Ymean 4694 nxtBV 1519 bgBV 1586
[08:04:39.390] RX< [exp]  
[08:04:39.392] RX<  norm  st13788 adg00400 ispg00100
[08:04:39.392] RX<         short st00000 adg00000 ispg00100
[08:04:39.392] RX<         long  st00000 adg00000 ispg00100
[08:04:39.392] RX< [head]  frmID ref 9 eff 13 sns 11 cdma 12 
[08:04:39.392] RX< [AErlt] flags fid 9 isWdr 0 isConv 0 sport 0 scen 0
[08:04:39.392] RX<         info  Lux 240 Ymean 4634 nxtBV 151
[08:04:39.393] RX< 9 bgBV 1586
[08:04:39.393] RX< [exp]   norm  st13788 adg00400 ispg00100
[08:04:39.393] RX<         short st00000 adg00000 ispg00100
[08:04:39.393] RX<         long  st00000 adg00000 ispg00100
[08:04:39.393] RX< [head]  frmID ref 8 eff 12 sns 10 cdma 11 
[08:04:39.393] RX< [AErlt] flags fid 8 isWdr 0 isConv 0 sport 0 scen 0
[08:04:39.393] RX<         info  Lux 241 Y
[08:04:39.395] RX< mean 4978 nxtBV 1523 bgBV 1592
[08:04:39.395] RX< [exp]   norm  st13734 adg00400 ispg00100
[08:04:39.395] RX<         short st00000 adg00000 ispg00100
[08:04:39.395] RX<         long  st00000 adg00000 ispg00100
[08:04:39.395] RX< [head]  frmID ref 7 eff 11 sns 9 cdma 10 
[08:04:39.395] RX< [AErlt] flags fid 7 isWdr 0 isConv 0 sport 0 scen 0
[08:04:39.395] RX<      
[08:04:39.395] RX<    info  Lux 243 Ymean 3094 nxtBV 1539 bgBV 1605
[08:04:39.395] RX< [exp]   norm  st13608 adg00400 ispg00100
[08:04:39.395] RX<         short st00000 adg00000 ispg00100
[08:04:39.395] RX<         long  st00000 adg00000 ispg00100
[08:04:39.395] RX< [6] [cam] [98533][be0][be_core_irq_proc:326]thread release cid,0
[08:04:39.395] RX< [6] [cam] [98533]
[08:04:39.398] RX< [DfsSend][cam_be_core_deinit:787]X
[08:04:39.398] RX< [6] [cam] [98534][me0][me_core_thread:367]thread release cid,0
[08:04:39.398] RX< [6] [cam] [98534][DfsSend][cam_me_core_deinit:1502]X
[08:04:39.398] RX< [6] [cam] [98534][fe0][fe_core_irq_proc:121]thread release cid,0
[08:04:39.398] RX< [6] [cam] [98534][DfsSend][cam_fe_core
[08:04:39.401] RX< _deinit:536]X
[08:04:39.401] RX< [6] [cam] [98535][b_3a_sts][bayer_stats_core_irq_proc:193]thread release cid,0
[08:04:39.401] RX< [6] [cam] [98535][DfsSend][cam_bayer_stats_core_deinit:512]X
[08:04:39.401] RX< [6] [cam] [98536][lite0][lite_core_irq_proc:190]thread release cid,0
[08:04:39.401] RX< [6] [cam] [98536][DfsSend][cam_
[08:04:39.401] RX< lite_core_deinit:556]X
[08:04:39.401] RX< [6] [cam] [98536][b_ae0][a5_core_wrapper_task:315]thread release cid,0,algo,0
[08:04:39.401] RX< [6] [cam] [98537][DfsSend][bayer_ae_wrapper_deinit:204]X
[08:04:39.401] RX< [6] [cam] [98537][atf0][a5_core_wrapper_task:315]thread release cid,0,algo,1
[08:04:39.401] RX< [6] [cam] [98537][D
[08:04:39.403] RX< fsSend][atf_wrapper_deinit:153]X
[08:04:39.403] RX< [6] [cam] [98538][awb0][a5_core_wrapper_task:315]thread release cid,0,algo,2
[08:04:39.403] RX< [6] [cam] [98538][DfsSend][awb_wrapper_deinit:153]X
[08:04:39.403] RX< [6] [cam] [98539][DfsSend][cam_5a_core_deinit:555]X
[08:04:39.403] RX< [6] [cam] [98539][DfsSend][cam_5a_inf_de
[08:04:39.404] RX< init:149]X
[08:04:39.404] RX< [6] [cam] [98539][qpc0][qpc_core_msg_proc:697]thread release cid,0
[08:04:39.404] RX< [6] [cam] [98539][DfsSend][qpc_core_deinit:1330]X
[08:04:39.404] RX< [6] [cam] [98540][DfsSend][cam_cpm_core_deinit:1107]X
[08:04:39.404] RX< [6] [cam] [98540][DfsSend][csc_close:584]ok! phys_id[1], phys_num[1]
[08:04:39.404] RX< [7
[08:04:39.427] RX< ] [cam] [98541][cer0][cer_recovery_proc:352]msg type = 254
[08:04:39.427] RX< [6] [cam] [98541][cer0][cer_recovery_proc:454]thread release cid,0
[08:04:39.427] RX< [6] [cam] [98541][DfsSend][cer_deinit:560]X
[08:04:39.427] RX< [6] [cam] [98541][DfsSend][cam_close:750]close ok! logic_id[0]
[08:04:39.427] RX< [34m[cam close] perf
[08:04:39.427] RX< =18729(us)!
[08:04:39.427] RX< [0m[6] [App Cam] cam close success
[08:04:39.427] RX< [6] [cam] [98542][cpl0][cam_prelude_proc_routine:136]thread release
[08:04:39.427] RX< [6] [cam] [98542][DfsSend][cam_exit:551]exit ok!
[08:04:39.427] RX< [34m[cam exit] perf=652(us)!
[08:04:39.427] RX< [0m[6] [App Cam] cam exit success
[08:04:39.427] RX< [6] [App Cam] jpeg dein
[08:04:41.427] RX< it success
[08:04:41.427] RX< [6] [App Dfs] Save Photo Successful: /emmc/PIC/20260812_110438_7596/
[08:04:41.427] RX< [6] [App Dfs] Capture completed successfully.
[08:04:41.427] RX< [33m[W/ftp] service go wrong, now wait restarting...[0m
[08:04:41.427] RX< [33m[W/ftp] service go wrong, now wait restarting...[0m
[08:04:41.437] TX> cam_set video 1080p
[08:04:41.437] TX> echo "__EVBTEST_END_d08ea62d__"
[08:04:43.353] RX< cam_set video 1080p
[08:04:43.353] RX< [6] [App Dfs] w(1296) * h(2304) is 1080p, eis 0
[08:04:43.353] RX< msh /emmc>echo "__EVBTEST_END_d08ea62d__"
[08:04:43.353] RX< __EVBTEST_END_d08ea62d__
[08:04:43.353] RX< msh /emmc>[33m[W/ftp] service go wrong, now wait restarting...[0m
[08:04:43.353] RX< [33m[W/ftp] service go wrong, now wait restarting...
[08:04:43.361] TX> dfs_video_start
[08:04:43.361] TX> echo "__EVBTEST_END_eaf6b6a6__"
[08:04:43.446] RX< [0m
[08:04:43.446] RX< dfs_video_start
[08:04:43.446] RX< [7] [cam] [102575][tshell][cgm_parse_bin:105]total logical camera num: 1
[08:04:43.446] RX< [6] [cam] [102575][tshell][cam_prelude_create:187]E id, 0
[08:04:43.446] RX< [7] [cam] [102576][cpl0][cam_prelude_proc_routine:101]thread start
[08:04:43.446] RX< [6] [cam] [102576][tshell][cam_prelu
[08:04:43.446] RX< de_create:214]X ctx size 124 addr 0x8846e0f8
[08:04:43.446] RX< [6] [cam] [102582][tshell][sensor_probe:418]sensor [1]: identifing 0 success.
[08:04:43.446] RX< [6] [cam] [102584][tshell][sensor_probe:441]sensor [1]: probe exit!
[08:04:43.446] RX< [6] [cam] [102584][tshell][cam_prelude_fast_probe:251]cam: 0 pro
[08:04:43.449] RX< be result: 0
[08:04:43.449] RX< [6] [cam] [102584][tshell][cgm_parse_bin:215]cam(0) probe success
[08:04:43.449] RX< [6] [cam] [102584][tshell][cam_entry:435]entry ok
[08:04:43.449] RX< [34m[cam entry] perf=9852(us)!
[08:04:43.449] RX< [0m[6] [App Cam] cam entry success
[08:04:43.449] RX< [36mmem_laySolv: scenario=01 in=4032x3024, me_rotate=1 
[08:04:43.452] RX< me_stripe=1 
[08:04:43.452] RX< [0m[36mmem_laySolv: me_rot 1, me_stripe 1, eis 0, be_rot 0
[08:04:43.452] RX< [0mscen1 type26 bufAdr 0x89d40b70 sz 0x1400000 reCfg for bound!
[08:04:43.452] RX< [36mmem_laySolv: scen01 20 entries solved OK!
[08:04:43.452] RX< [0m[36mmem_laySolv: scenario=02 in=2016x1512, me_rotate=0 me_strip
[08:04:43.452] RX< e=0 
[08:04:43.452] RX< [0m[36mmem_laySolv: me_rot 0, me_stripe 0, eis 0, be_rot 0
[08:04:43.452] RX< [0mscen2 type15 bufAdr 0x89ce3ef0 sz 0xd00000 reCfg for bound!
[08:04:43.452] RX< [36mmem_laySolv: scen02 14 entries solved OK!
[08:04:43.452] RX< [0m[36mmem_laySolv: scenario=03 in=4032x2268, me_rotate=1 me_stripe=0 
[08:04:43.452] RX< [0m
[08:04:43.454] RX< [36mmem_laySolv: me_rot 1, me_stripe 0, eis 0, be_rot 0
[08:04:43.454] RX< [0m[36mmem_laySolv: scen03 14 entries solved OK!
[08:04:43.454] RX< [0m[7] [cam] [102589][tshell][cam_solve_whole_layout:355]
[08:04:43.454] RX< scen3: vol 0x8c000000 rbuf 0x89d6cdf0 sz 0xd00000 wbuf 0x8aa6cdf0 sz 0xd00000
[08:04:43.454] RX<        r
[08:04:43.455] RX< tmp txbuf 0x8bf80000 sz 0x80000 avcBuf 0x8bf00000 sz 0x80000
[08:04:43.455] RX< [36mmem_laySolv: scenario=04 in=4032x3024, me_rotate=1 me_stripe=1 
[08:04:43.455] RX< [0m[36mmem_laySolv: me_rot 1, me_stripe 1, eis 0, be_rot 0
[08:04:43.455] RX< [0m[36mmem_laySolv: scen04 14 entries solved OK!
[08:04:43.455] RX< [0m[36mmem
[08:04:43.457] RX< _laySolv: scenario=05 in=1008x0756, me_rotate=0 me_stripe=0 
[08:04:43.457] RX< [0m[36mmem_laySolv: me_rot 0, me_stripe 0, eis 0, be_rot 0
[08:04:43.457] RX< [0m[36mmem_laySolv: scen05 17 entries solved OK!
[08:04:43.457] RX< [0m[36mmem_laySolv: scenario=06 in=1008x0720, me_rotate=0 me_stripe=0 
[08:04:43.457] RX< [0m[36
[08:04:43.457] RX< mmem_laySolv: me_rot 0, me_stripe 0, eis 0, be_rot 0
[08:04:43.457] RX< [0m[36mmem_laySolv: scen06 12 entries solved OK!
[08:04:43.457] RX< [0m[36mmem_laySolv: scenario=01 in=4032x3024, me_rotate=1 me_stripe=1 
[08:04:43.457] RX< [0mscen1 type26 bufAdr 0x89d40b70 sz 0x1400000 reCfg for bound!
[08:04:43.457] RX< [36mmem_lay
[08:04:43.460] RX< Solv: scen01 20 entries solved OK!
[08:04:43.460] RX< [0m[7] [cam] [102594][tshell][cam_solve_whole_layout:383]Solve Whole-layout Done!
[08:04:43.460] RX< [6] [cam] [102595][tshell][cgm_parse_media_para:271]phy cam num: 1
[08:04:43.460] RX< [7] [cam] [102595][cer0][cer_recovery_proc:343]thread start cid, 0
[08:04:43.460] RX< [6
[08:04:43.460] RX< ] [cam] [102596][tshell][csc_open:443]SENSOR MCLK cal: 24MHz
[08:04:43.460] RX< [6] [cam] [102596][tshell][csc_isp_clk_cal:344]MIPI CLK cal: 277MHz
[08:04:43.460] RX< [6] [cam] [102596][tshell][csc_isp_clk_cal:371]LITE CLK cal: 25MHz
[08:04:43.460] RX< [7] [cam] [102596][tshell][cpc_csi_rx_power_on:633]E id: 2
[08:04:43.466] RX< 
[08:04:43.466] RX< [4] [cam] [102597][tshell][cpc_csi_rx_power_on:644]csi_2 has already power on, STATUS: 1
[08:04:43.466] RX< [6] [cam] [102597][tshell][cpc_update_clock:603]actual SNS mclk: 24MHz
[08:04:43.466] RX< [6] [cam] [102598][tshell][cpc_update_clock:608]actual MIPI0: 300MHz
[08:04:43.466] RX< [6] [cam] [102598][tshell
[08:04:43.466] RX< ][cpc_update_clock:598]actual LITE clk: 25MHz
[08:04:43.466] RX< [7] [cam] [102599][tshell][cam_prelude_open:297][34msnsOpen camID1 csiID0 phyIdx0[0m
[08:04:43.466] RX< [6] [cam] [102602][tshell][sensor_expo_gain_match:48]sensor get sensor expo gain of imx681_vst
[08:04:43.466] RX< [6] [cam] [102602][tshell][
[08:04:43.468] RX< sensor_open:684]sensor [1] open OK.
[08:04:43.468] RX< [6] [cam] [102603][tshell][cam_cpm_parse_media:298]video scenario:3, media para[fps:0, mirror_en:0, flip_en:0]
[08:04:43.468] RX< [6] [cam] [102603][tshell][cam_cpm_parse_media:301]video scenario, media para[iso:0, gain:0, wb_mode:0]
[08:04:43.468] RX< [6]
[08:04:43.469] RX<  [cam] [102604][tshell][csc_isp_clk_cal:353]FE CLK cal: 373MHz, ME CLK cal: 371MHz, FE/ME CLK cal: 410MHz
[08:04:43.469] RX< [6] [cam] [102605][tshell][csc_isp_clk_cal:360]BE CLK cal: 301MHz
[08:04:43.469] RX< [4] [cam] [102605][tshell][cam_fe_core_power_on:269]fe pipe has already power on, S
[08:04:43.473] RX< TATUS: 1
[08:04:43.473] RX< [6] [cam] [102605][tshell][cpc_update_clock:588]actual FE/ME clk: 500MHz
[08:04:43.473] RX< [7] [cam] [102606][tshell][cam_cpm_core_power_on:425]id,0 type,1 ret 0
[08:04:43.473] RX< [6] [cam] [102606][tshell][cam_cpm_core_init:914]E id,0 sensor type,1
[08:04:43.473] RX< [6] [cam] [102609][tshell][cpm_
[08:04:43.474] RX< core_check_tuningbin:854]Tuning bin crc check PASS! sum 0x7fb15f, xor 0x4e593f47
[08:04:43.474] RX< [6] [cam] [102609][tshell][qpc_tuning_check_iqbin_validness:396]IQ bin addr: 0x88646660, project_name: video_3M
[08:04:43.474] RX< [6] [cam] [102610][tshell][qpc_tuning_check_iqbin_validness:39
[08:04:43.476] RX< 7]total_size: 94208
[08:04:43.476] RX< [6] [cam] [102611][tshell][qpc_tuning_check_iqbin_validness:398]id_count: 93. ID_TOTAL: 94
[08:04:43.476] RX< [6] [cam] [102611][tshell][qpc_tuning_check_iqbin_validness:399]spinel tuning data ver: V1.30
[08:04:43.476] RX< [6] [cam] [102612][tshell][cpm_core_check_tuningbi
[08:04:43.476] RX< n:868]IQ bin check success!
[08:04:43.476] RX< [6] [cam] [102612][tshell][cam_bm_core_init:94]E
[08:04:43.476] RX< [6] [cam] [102613][tshell][bm_lab_init:174]X ctx size 4 addr 0x88455450
[08:04:43.476] RX< [6] [cam] [102613][tshell][cam_bm_core_init:114]X ctx size 180 addr 0x8846b020
[08:04:43.476] RX< [6] [cam] [102613][tshell]
[08:04:43.494] RX< [qpc_core_init:1218]E id,0
[08:04:43.494] RX< [6] [cam] [102614][tshell][qpc_queue_init:65]QPC init qnodes 8, size 508, pool 0x8846ee90
[08:04:43.494] RX< [7] [cam] [102614][tshell][_qpc_get_cap_cfg_para:888][fallback]preset capCfg 0 0 0 invalid, use default
[08:04:43.494] RX< [7] [cam] [102615][tshell][_qpc_c
[08:04:43.494] RX< fg_hdr_frms:832][fallback]preset hdrCfg 0 32 7 25600 148508608 invalid, use default
[08:04:43.494] RX< [6] [cam] [102630][tshell][qpc_core_init:1264]X ctx size 3800 addr 0x8846b0e8
[08:04:43.494] RX< [6] [cam] [102630][tshell][cpm_core_get_param:666]cpm para chk: tunBin-w 4032 h 2266 img-w 403
[08:04:43.499] RX< 2 h 2268
[08:04:43.499] RX< [6] [cam] [102631][tshell][cam_fe_core_init:436]E id,0
[08:04:43.499] RX< [6] [cam] [102632][tshell][cam_fe_core_init:490]X ctx size 100 addr 0x8847f810
[08:04:43.499] RX< [7] [cam] [102633][tshell][qpc_core_fe_chords_init:1659][34mqpc fe init snsOut w 4032 h 2268, tbl w 28 h 20[0
[08:04:43.500] RX< m
[08:04:43.500] RX< [6] [cam] [102633][tshell][cam_me_core_init:1474]X ctx size 1352 addr 0x88481bc8
[08:04:43.500] RX< [34m[ME SLICE CFG] perf=1314(us)!
[08:04:43.500] RX< [0m[6] [cam] [102637][tshell][cam_bayer_fe_3a_stats_core_init:445]fe 3a id,0
[08:04:43.500] RX< [6] [cam] [102637][tshell][cam_bayer_fe_3a_stats_core_init:
[08:04:43.507] RX< 490]X ctx size 132 addr 0x884a3678
[08:04:43.507] RX< [6] [cam] [102637][tshell][awb_wrapper_init:66]xxx awb_bin=0x8847136c, awb_bin_length=8068
[08:04:43.507] RX< [6] [cam] [102638][tshell][awb_wrapper_init:86]X algo_handle 0x884a92d8
[08:04:43.507] RX< [7] [cam] [102638][awb0][a5_core_wrapper_task:252]thread
[08:04:43.507] RX<  start cid,0 algo type,2
[08:04:43.507] RX< [6] [cam] [102638][tshell][a5_core_init_task:426]thread created: awb0 mq=0x884ab5a0 thread=0x884ab6b8 sem=0x884ab530 ret=0
[08:04:43.507] RX< [6] [cam] [102639][tshell][bayer_ae_wrapper_init:68]E id,0 proc mode 0 
[08:04:43.507] RX< 
[08:04:43.507] RX< [AEC Proc] @[allib_ae_set_debug_lo
[08:04:43.510] RX< g_flag] Line:129:[DEBUG] debug level/to_file/to_terminal: 22/1/1
[08:04:43.510] RX< [AEC Proc] @[AeInit] Line:377:[INFO] AE ver: 2026_V2.269
[08:04:43.510] RX< 
[08:04:43.510] RX< [AEC Proc] @[allib_ae_loadfunc] Line:193:[INFO] camera ID: 0
[08:04:43.510] RX< [AEC Proc] @[alAE_set_param] Line:575:[DEBUG] sw_maxtime 33004 ,pertlin
[08:04:43.510] RX< e 10800, after check sensor step sw_max_time 33000.00
[08:04:43.510] RX< [AEC Proc] @[alAE_set_param] Line:580:[DEBUG] sw_mintime 43 ,pertline 10800, after check sensor step sw_min_time 40.00
[08:04:43.510] RX< [AEC Proc] @[alAE_set_param] Line:513:[DEBUG] DEBUG minbv exptime 11 gain 100, min
[08:04:43.513] RX< ExpBV 13810
[08:04:43.513] RX< [AEC Proc] @[AeTuningParseSet] Line:167:[DEBUG] aeparam version 2.268 60530
[08:04:43.513] RX< [AEC Proc] @[alAE_set_param] Line:340:[DEBUG] INITEXP gain 100, shutter 33242, midtonegain 100, bv 2247
[08:04:43.513] RX< [6] [cam] [102649][tshell][bayer_ae_wrapper_init:119]X tline 1
[08:04:43.513] RX< 0800 max_exp 33004 alg_hdl 0x884ade68 
[08:04:43.513] RX< [7] [cam] [102649][b_ae0][a5_core_wrapper_task:252]thread start cid,0 algo type,0
[08:04:43.513] RX< [6] [cam] [102650][tshell][a5_core_init_task:426]thread created: b_ae0 mq=0x884aef18 thread=0x884af030 sem=0x884aeea8 ret=0
[08:04:43.513] RX< [6] [cam] 
[08:04:43.515] RX< [102650][tshell][atf_wrapper_init:67]E id,0
[08:04:43.515] RX< [6] [cam] [102651][tshell][atf_wrapper_init:107]X alg_ctx addr 0x884b14f0
[08:04:43.515] RX< [7] [cam] [102651][atf0][a5_core_wrapper_task:252]thread start cid,0 algo type,1
[08:04:43.515] RX< [6] [cam] [102652][tshell][a5_core_init_task:426]thread
[08:04:43.515] RX<  created: atf0 mq=0x884b1628 thread=0x884b1740 sem=0x884b15b8 ret=0
[08:04:43.515] RX< [6] [cam] [102652][tshell][cam_cpm_core_init:1030]X ctx size 1064 addr 0x8846abe8
[08:04:43.515] RX< [6] [cam] [102653][tshell][csc_open:527]ok! phys_id[1], phys_num[1] 
[08:04:43.515] RX< [6] [cam] [102653][tshell][cam_open:
[08:04:43.532] RX< 699]open ok! camera_id[0]
[08:04:43.532] RX< [34m[cam open] perf=68514(us)!
[08:04:43.532] RX< [0m[6] [App Cam] cam open success
[08:04:43.532] RX< [6] [App Cam] hevc init success
[08:04:43.532] RX< [6] [cam] [102667][tshell][csc_init:637]sensor info:size:4032x2268, formt: 0x2b, bps: 1968, tline: 10800
[08:04:43.532] RX< [6] [cam] [102668][tshe
[08:04:43.532] RX< ll][cam_sif_mgr_init:261]E id,0
[08:04:43.532] RX< [7] [cam] [102669][sif0][sif_irq_proc:151]thread start cid,0
[08:04:43.532] RX< [6] [cam] [102669][tshell][cam_sif_mgr_init:293]X ctx size 52 addr 0x884ea818
[08:04:43.532] RX< [6] [cam] [102669][tshell][cam_prelude_init_cfg:368]CSI ID is 0,  phy lanes is 2.
[08:04:43.532] RX< [
[08:04:43.546] RX< 7] [cam] [102670][tshell][check_phy_ready:96]MIPI_PHY[0] is ready
[08:04:43.546] RX< [6] [cam] [102670][tshell][sensor_init:348]sensor [1]: register ok
[08:04:43.546] RX< [6] [cam] [102671][tshell][sensor_set_mode:852]sensor [1]: SetMode -> mode = 0.
[08:04:43.546] RX< [6] [cam] [102671][tshell][sensor_send_reg
[08:04:43.563] RX< _tab_to_sensor:704]sensor [1]: send_reg_tab_to_sensor E.
[08:04:43.563] RX< [6] [cam] [102682][tshell][sensor_send_reg_tab_to_sensor:726]sensor [1]: reg_count = 77.
[08:04:43.563] RX< [6] [cam] [102684][tshell][sensor_init:361]sensor [1]: init success.
[08:04:43.563] RX< [6] [cam] [102684][tshell][sensor_set_mo
[08:04:43.563] RX< de:852]sensor [1]: SetMode -> mode = 3.
[08:04:43.563] RX< [6] [cam] [102685][tshell][sensor_send_reg_tab_to_sensor:704]sensor [1]: send_reg_tab_to_sensor E.
[08:04:43.563] RX< [6] [cam] [102700][tshell][sensor_send_reg_tab_to_sensor:726]sensor [1]: reg_count = 83.
[08:04:43.563] RX< [6] [cam] [102700][tshell][
[08:04:43.566] RX< csc_init:646]ok! phys_id[1], phys_num[1]
[08:04:43.566] RX< [6] [cam] [102700][tshell][csc_get_bayer_single_buffer:1038]scenario_type: 3
[08:04:43.566] RX< [6] [cam] [102700][tshell][csc_set_stats_fmt:98]index 0 w 1 h 1 bw 8 wcmp 255
[08:04:43.566] RX< [7] [cam] [102701][tshell][bm_ioctl:201]BMIOC_STATS_FMT
[08:04:43.566] RX< [6
[08:04:43.566] RX< ] [cam] [102701][tshell][csc_set_fe_fmt:47]index 1 w 4032 h 2268 bw 10 wcmp 0
[08:04:43.566] RX< [7] [cam] [102702][tshell][bm_ioctl:201]BMIOC_FE_FMT
[08:04:43.566] RX< [6] [cam] [102702][tshell][csc_set_me_fmt:64]index 5 w 2268 h 4032 bw 10 wcmp 0, rdma_addr 0x894afe00, wdma_addr 0x894afe00
[08:04:43.569] RX< 
[08:04:43.569] RX< [7] [cam] [102703][tshell][bm_ioctl:201]BMIOC_ME_FMT
[08:04:43.569] RX< [6] [cam] [102703][tshell][csc_set_video_fmt:966]meta_addr: 0x89d6c600
[08:04:43.569] RX< [6] [cam] [102704][tshell][csc_set_me_fmt:64]index 6 w 1296 h 2304 bw 8 wcmp 255, rdma_addr 0x88795200, wdma_addr 0x8c000000
[08:04:43.569] RX< [6] [
[08:04:43.569] RX< cam] [102704][tshell][cam_me_core_buffer_cfg:1367]
[08:04:43.569] RX< ----ME PIPE INFO---
[08:04:43.569] RX<  wdma_buf_num:1, rotation_en: 1
[08:04:43.569] RX< [7] [cam] [102705][tshell][cam_me_core_buffer_cfg:1375]yuv wdma_addr 0:0x8c000000, meta_en: 1, 0x89d6c600
[08:04:43.569] RX< [7] [cam] [102705][tshell][bm_ioctl:201]BMIO
[08:04:43.572] RX< C_ME_FMT
[08:04:43.572] RX< [6] [cam] [102706][tshell][csc_set_lite_fmt:115]index 13 w 400 h 400 bw 10 wcmp 255
[08:04:43.572] RX< [7] [cam] [102706][tshell][bm_ioctl:201]BMIOC_LITE_FMT
[08:04:43.572] RX< [6] [cam] [102707][tshell][csc_set_lite_fmt:115]index 14 w 400 h 400 bw 10 wcmp 255
[08:04:43.572] RX< [7] [cam] [102707][tsh
[08:04:43.572] RX< ell][bm_ioctl:201]BMIOC_LITE_FMT
[08:04:43.572] RX< [6] [cam] [102707][tshell][csc_init:654]get otp ok! phys_id[1], phys_num[1]
[08:04:43.572] RX< [6] [cam] [102708][tshell][cam_init:789]init ok! logic_id[0]
[08:04:43.572] RX< [34m[cam init] perf=40961(us)!
[08:04:43.572] RX< [0m[6] [App Cam] cam init success
[08:04:43.572] RX< [7] [cam] [10270
[08:04:43.575] RX< 9][tshell][cam_cpm_core_stream_on:541]id 0 sensor type 1
[08:04:43.575] RX< [6] [cam] [102709][tshell][sensor_stream_on:979]sensor [1]: stream_on
[08:04:43.575] RX< [6] [cam] [102710][tshell][sensor_stream_on:1007]sensor [1]: REG: 0x100, W:0x1.
[08:04:43.575] RX< [6] [cam] [102710][tshell][sensor_stream_on:1009
[08:04:43.575] RX< ]sensor [1]: REG: 0x100, R:0x1.
[08:04:43.575] RX< [6] [cam] [102710][tshell][csc_prv_start:783]ok! phys_id[1], phys_num[1], cam_ids[1]
[08:04:43.575] RX< [6] [cam] [102711][tshell][cam_start:897]preview start ok! logic_id[0]
[08:04:43.575] RX< [34m[cam start] perf=2640(us)!
[08:04:43.575] RX< [0m[6] [App Cam] cam start succes
[08:04:43.591] RX< s
[08:04:43.591] RX< [6] [App Dfs] Gravity_XR Record Start
[08:04:43.591] RX< msh /emmc>echo "__EVBTEST_END_eaf6b6a6__"
[08:04:43.591] RX< __EVBTEST_END_eaf6b6a6__
[08:04:43.591] RX< msh /emmc>[7] [cam] [102713][b_3a_sts][bayer_stats_core_irq_proc:164]thread start cid,0
[08:04:43.591] RX< [7] [cam] [102713][fe0][fe_core_irq_proc:98]thread start cid,
[08:04:43.882] RX< 0
[08:04:43.882] RX< [34m[AE] fid=0,exp=10170,adg=288,Y=5116,mtg=100,shg=100,bgbv=4261,iso=288,cnv0,hdr0
[08:04:43.882] RX< [0m[34m[b_ae0 proc] perf=8104(us), max=8104(us)!
[08:04:43.882] RX< [0m[34m[awb0 proc] perf=4384(us), max=4384(us)!
[08:04:43.882] RX< [0m[6] [cam] [103004][me0][cpm_cb_fe2me_tikChk:152]frm_length 885
[08:04:44.348] RX< 55us, fe2me delta 0
[08:04:44.348] RX< [34m[ME INTP]fid=0, shutter=10170, perf=2944(us), max=2944(us)!
[08:04:44.348] RX< [0m[7] [cam] [103182][me0][me_core_thread:322]ME out fid 0
[08:04:44.348] RX< [6] [App Dfs] f_index = 0, f_len = 130970, cur_total_len = 131058
[08:04:44.348] RX< [33m[W/ftp] service go wrong, now wait resta
[08:04:45.066] RX< rting...[0m
[08:04:45.066] RX< [34m[awb0 proc] perf=8240(us), max=8240(us)!
[08:04:45.066] RX< [0m[34m[AE] fid=30,exp=10210,adg=194,Y=3655,mtg=196,shg=100,bgbv=1537,iso=194,cnv2,hdr0
[08:04:45.066] RX< [0m[7] [cam] [104183][me0][me_core_thread:322]ME out fid 30
[08:04:45.066] RX< [34m[awb0 proc] perf=6212(us), max=8240(us)!
[08:04:46.056] RX< [0m[33m[W/ftp] service go wrong, now wait restarting...[0m
[08:04:46.056] RX< [34m[AE] fid=60,exp=10110,adg=269,Y=4079,mtg=180,shg=100,bgbv=1397,iso=269,cnv2,hdr0
[08:04:46.056] RX< [0m[34m[awb0 proc] perf=6024(us), max=6212(us)!
[08:04:46.056] RX< [0m[7] [cam] [105183][me0][me_core_thread:322]ME out fid 
[08:04:46.876] RX< 60
[08:04:46.876] RX< [34m[awb0 proc] perf=7070(us), max=7070(us)!
[08:04:46.876] RX< [0m[33m[W/ftp] service go wrong, now wait restarting...[0m
[08:04:46.876] RX< [34m[AE] fid=90,exp=10150,adg=269,Y=4155,mtg=180,shg=100,bgbv=1400,iso=269,cnv2,hdr0
[08:04:46.876] RX< [0m[34m[b_ae0 proc] perf=1143(us), max=8104(us)!
[08:04:46.876] RX< [0m[3
[08:04:47.810] RX< 4m[awb0 proc] perf=4705(us), max=7070(us)!
[08:04:47.810] RX< [0m[7] [cam] [106183][me0][me_core_thread:322]ME out fid 90
[08:04:47.810] RX< [6] [App Dfs] f_index = 90, f_len = 224111, cur_total_len = 6697645
[08:04:47.810] RX< [33m[W/ftp] service go wrong, now wait restarting...[0m
[08:04:47.810] RX< [34m[awb0 proc] perf=6374
[08:04:47.918] RX< (us), max=6374(us)!
[08:04:47.918] RX< [0m[34m[awb0 proc] perf=12069(us), max=12069(us)!
[08:04:47.918] RX< [0m[34m[AE] fid=120,exp=10150,adg=269,Y=4151,mtg=180,shg=100,bgbv=1400,iso=269,cnv2,hdr0
[08:04:47.918] RX< [0m[34m[awb0 proc] perf=11711(us), max=12069(us)!
[08:04:47.918] RX< [0m[34m[awb0 proc] perf=15352(us), max=
[08:04:48.051] RX< 15352(us)!
[08:04:48.051] RX< [0m[34m[ME INTP]fid=120, shutter=10150, perf=7(us), max=5918(us)!
[08:04:48.051] RX< [0m[34m[awb0 proc] perf=11654(us), max=15352(us)!
[08:04:48.051] RX< [0m[34m[awb0 proc] perf=11780(us), max=11780(us)!
[08:04:48.051] RX< [0m[34m[awb0 proc] perf=11648(us), max=11780(us)!
[08:04:48.051] RX< [0m[7] [cam] [107183
[08:04:48.179] RX< ][me0][me_core_thread:322]ME out fid 120
[08:04:48.179] RX< [34m[awb0 proc] perf=10765(us), max=11648(us)!
[08:04:48.179] RX< [0m[34m[b_ae0 proc] perf=12808(us), max=12808(us)!
[08:04:48.179] RX< [0m[34m[awb0 proc] perf=21176(us), max=21176(us)!
[08:04:48.179] RX< [0m[34m[awb0 proc] perf=12535(us), max=21176(us)!
[08:04:48.179] RX< [0m[34m[
[08:04:48.269] RX< b_ae0 proc] perf=11501(us), max=12808(us)!
[08:04:48.269] RX< [0m[34m[awb0 proc] perf=12895(us), max=12895(us)!
[08:04:48.269] RX< [0m[34m[awb0 proc] perf=10648(us), max=12895(us)!
[08:04:48.269] RX< [0m[4] [cam] [107359][qpc0][qpc_core_exception_check:404]discontinuous frame, now: 131, last: 129
[08:04:48.269] RX< [34m[awb0
[08:04:48.407] RX<  proc] perf=11124(us), max=11124(us)!
[08:04:48.407] RX< [0m[34m[awb0 proc] perf=11822(us), max=11822(us)!
[08:04:48.407] RX< [0m[34m[awb0 proc] perf=12365(us), max=12365(us)!
[08:04:48.407] RX< [0m[33m[W/ftp] service go wrong, now wait restarting...[0m
[08:04:48.407] RX< [34m[awb0 proc] perf=10116(us), max=12365(us)!
[08:04:48.407] RX< [0m
[08:04:48.601] TX> dfs_video_stop
[08:04:48.601] TX> echo "__EVBTEST_END_7e9f59f0__"
[08:04:48.620] RX< [34m[awb0 proc] perf=11674(us), max=11674(us)!
[08:04:48.620] RX< [0m[34m[awb0 proc] perf=11986(us), max=11986(us)!
[08:04:48.620] RX< [0m[34m[awb0 proc] perf=12060(us), max=12060(us)!
[08:04:48.620] RX< [0m[34m[awb0 proc] perf=10642(us), max=12060(us)!
[08:04:48.620] RX< [0m[34m[awb0 proc] perf=12211(us), max=12211(us)!
[08:04:48.664] RX< [0mdfs_video_stop
[08:04:48.664] RX< msh /emmc>echo "__EVBTEST_END_7e9f59f0__"
[08:04:48.664] RX< __EVBTEST_END_7e9f59f0__
[08:04:48.664] RX< msh /emmc>[34m[awb0 proc] perf=11531(us), max=12211(us)!
[08:04:48.664] RX< [0m[6] [App Dfs]  Gravity_XR Record Stop Success: total frames = 138
[08:04:48.664] RX< [6] [cam] [107786][DfsSend][sensor_stream_
[08:04:48.685] RX< off:1143]sensor [1]: stream_off
[08:04:48.685] RX< [6] [cam] [107786][DfsSend][sensor_stream_off:1172]sensor [1]: REG: 0x100, W:0x0.
[08:04:48.685] RX< [6] [cam] [107787][DfsSend][sensor_stream_off:1174]sensor [1]: REG: 0x100, R:0x0.
[08:04:48.685] RX< [6] [cam] [107817][DfsSend][csc_prv_stop:893]ok! phys_id[1],
[08:04:48.685] RX<  phys_num[1], stop_type = 0
[08:04:48.685] RX< [6] [cam] [107817][DfsSend][cam_stop:1017]preview stop ok! logic_id[0]
[08:04:48.685] RX< [34m[cam stop] perf=31782(us)!
[08:04:48.685] RX< [0m[6] [App Cam] cam stop success
[08:04:48.685] RX< Total of 140 frames encoded, 10280478 bytes, max_workbuffer_used: 4911104 bytes
[08:04:48.685] RX< [6] [App
[08:04:48.690] RX<  Cam] hevc_encoder_deinit success
[08:04:48.690] RX< [7] [cam] [107823][DfsSend][cam_cpm_core_power_off:457]id,0 type,1 ret 0
[08:04:48.690] RX< [6] [cam] [107823][sif0][sif_irq_proc:174]thread release cid,0
[08:04:48.690] RX< [6] [cam] [107823][DfsSend][cam_sif_mgr_deinit:316]X
[08:04:48.690] RX< [6] [cam] [107824][DfsSend][cam
[08:04:48.690] RX< _deinit:846]deinit ok! logic_id[0]
[08:04:48.690] RX< [34m[cam deinit] perf=1298(us)!
[08:04:48.690] RX< [0m[6] [App Cam] cam deinit success
[08:04:48.690] RX< [6] [cam] [107824][DfsSend][sensor_close:1247]sensor [1]: close!
[08:04:48.690] RX< [6] [cam] [107826][DfsSend][cam_bm_core_deinit:136]X
[08:04:48.690] RX< [6] [cam] [107826][me0][me_core
[08:04:48.693] RX< _thread:367]thread release cid,0
[08:04:48.693] RX< [6] [cam] [107827][DfsSend][cam_me_core_deinit:1502]X
[08:04:48.693] RX< [6] [cam] [107827][fe0][fe_core_irq_proc:121]thread release cid,0
[08:04:48.693] RX< [6] [cam] [107828][DfsSend][cam_fe_core_deinit:536]X
[08:04:48.693] RX< [6] [cam] [107828][b_3a_sts][bayer_stats_core_ir
[08:04:48.693] RX< q_proc:193]thread release cid,0
[08:04:48.693] RX< [6] [cam] [107829][DfsSend][cam_bayer_stats_core_deinit:512]X
[08:04:48.693] RX< [6] [cam] [107829][b_ae0][a5_core_wrapper_task:315]thread release cid,0,algo,0
[08:04:48.693] RX< [6] [cam] [107829][DfsSend][bayer_ae_wrapper_deinit:204]X
[08:04:48.693] RX< [6] [cam] [107830][atf0
[08:04:48.695] RX< ][a5_core_wrapper_task:315]thread release cid,0,algo,1
[08:04:48.695] RX< [6] [cam] [107830][DfsSend][atf_wrapper_deinit:153]X
[08:04:48.695] RX< [6] [cam] [107830][awb0][a5_core_wrapper_task:315]thread release cid,0,algo,2
[08:04:48.695] RX< [6] [cam] [107831][DfsSend][awb_wrapper_deinit:153]X
[08:04:48.695] RX< [6] [cam] [1078
[08:04:48.696] RX< 31][DfsSend][cam_5a_core_deinit:555]X
[08:04:48.696] RX< [6] [cam] [107832][DfsSend][cam_5a_inf_deinit:149]X
[08:04:48.696] RX< [6] [cam] [107832][qpc0][qpc_core_msg_proc:697]thread release cid,0
[08:04:48.696] RX< [6] [cam] [107832][DfsSend][qpc_core_deinit:1330]X
[08:04:48.696] RX< [6] [cam] [107832][DfsSend][cam_cpm_core_dein
[08:04:48.707] RX< it:1107]X
[08:04:48.707] RX< [6] [cam] [107833][DfsSend][csc_close:584]ok! phys_id[1], phys_num[1]
[08:04:48.707] RX< [7] [cam] [107833][cer0][cer_recovery_proc:352]msg type = 254
[08:04:48.707] RX< [6] [cam] [107834][cer0][cer_recovery_proc:454]thread release cid,0
[08:04:48.707] RX< [6] [cam] [107834][DfsSend][cer_deinit:560]X
[08:04:48.708] RX< 
[08:04:48.708] RX< [6] [cam] [107834][DfsSend][cam_close:750]close ok! logic_id[0]
[08:04:48.708] RX< [34m[cam close] perf=9974(us)!
[08:04:48.708] RX< [0m[6] [App Cam] cam close success
[08:04:48.708] RX< [6] [cam] [107835][cpl0][cam_prelude_proc_routine:136]thread release
[08:04:48.708] RX< [6] [cam] [107835][DfsSend][cam_exit:551]exit ok!
[08:04:48.708] RX< 
[08:04:48.723] RX< [34m[cam exit] perf=568(us)!
[08:04:48.723] RX< [0m[6] [App Cam] cam exit success
[08:04:48.723] RX< [6] [App Dfs] Save Video Successful: /emmc/VIDEO/20260812_110442_2492/Video_2492_0.h265
[08:04:48.723] RX< [6] [App Dfs] Save Imu Successful: /emmc/VIDEO/20260812_110442_2492/Imu_2492.bin
[08:04:48.723] RX< [6] [App Dfs] Video r
[08:04:50.724] RX< ecording completed successfully.
[08:04:50.724] RX< [33m[W/ftp] service go wrong, now wait restarting...[0m
[08:04:50.724] RX< [33m[W/ftp] service go wrong, now wait restarting...[0m
