[21:28:39.562] TX> 
[21:28:40.277] RX< 
[21:28:40.277] RX< msh />[RTMP] f_index = 5310, f_len = 9820
[21:28:40.277] RX< [RTMP] slow send frame 5327 len=13995 dt=58ms
[21:28:40.277] RX< [RTMP] slow send frame 5333 len=21562 dt=52ms
[21:28:40.277] RX< [34m[AE] fid=5370,exp=10110,adg=269,Y=4699,mtg=180,shg=100,bgbv=1572,iso=269,cnv2,hdr0
[21:28:40.277] RX< [0m[RTMP] slow send frame 5334 l
[21:28:40.481] TX> echo "EVBTEST_HELLO"
[21:28:40.481] TX> echo "__EVBTEST_END_ff30c29c__"
[21:28:41.204] RX< en=10076 dt=161ms
[21:28:41.204] RX< echo "EVBTEST_HELLO"
[21:28:41.204] RX< EVBTEST_HELLO
[21:28:41.204] RX< msh />echo "__EVB[RTMP] slow send frame 5335 len=14603 dt=79ms
[21:28:41.204] RX< TEST_END_ff30c29c__"
[21:28:41.204] RX< __EVBTEST_END_ff30c29c__
[21:28:41.204] RX< msh />[7] [cam] [257748][me0][me_core_thread:359]ME out fid 5370
[21:28:41.204] RX< [34m[AE] fid=5400,exp=9890,a
[21:28:41.300] RX< dg=275,Y=4680,mtg=180,shg=100,bgbv=1568,iso=275,cnv2,hdr0
[21:28:41.300] RX< [0m[34m[b_ae0 proc] perf=890(us), max=1492(us)!
[21:28:41.300] RX< [0m[34m[awb0 proc] perf=3874(us), max=4715(us)!
[21:28:41.300] RX< [0mcd /
[21:28:41.300] RX< msh />echo "__EVBTEST_END_b89f3a9[34m[ME INTP]fid=5400, shutter=9890, perf=1867(us), ma
[21:28:41.408] TX> cd /
[21:28:41.408] TX> echo "__EVBTEST_END_b89f3a92__"
[21:28:42.550] RX< x=1867(us)!
[21:28:42.550] RX< [0m2__"
[21:28:42.550] RX< __EVBTEST_END_b89f3a92__
[21:28:42.550] RX< msh />[7] [cam] [258747][me0][me_core_thread:359]ME out fid 5400
[21:28:42.550] RX< [34m[AE] fid=5430,exp=9890,adg=275,Y=4653,mtg=180,shg=100,bgbv=1561,iso=275,cnv2,hdr0
[21:28:42.550] RX< [0m[7] [cam] [259747][me0][me_core_thread:359]ME out fid 
[21:28:42.753] TX> dfs_video_stop
[21:28:42.753] TX> echo "__EVBTEST_END_357f2d70__"
[21:28:42.809] RX< 5430
[21:28:42.809] RX< dfs_video_stop
[21:28:42.809] RX< [6] [App Dfs] Please start recording the video first.
[21:28:42.809] RX< msh />echo "__EVBTEST_E[RTMP] slow send frame 5337 len=14826 dt=2220ms
[21:28:42.809] RX< ND_357f2d70__"
[21:28:42.809] RX< __EVBTEST_END_357f2d70__
[21:28:42.809] RX< msh />[RTMP] slow send frame 5341 len=54745 dt=90ms (IDR)
[21:28:42.809] RX< [RTMP] slow s
[21:28:44.202] RX< end frame 5342 len=20015 dt=73ms
[21:28:44.202] RX< [RTMP] slow send frame 5344 len=23205 dt=52ms
[21:28:44.202] RX< [34m[AE] fid=5460,exp=9930,adg=282,Y=4415,mtg=180,shg=100,bgbv=1480,iso=282,cnv2,hdr0
[21:28:44.202] RX< [0m[7] [cam] [260747][me0][me_core_thread:359]ME out fid 5460
[21:28:44.202] RX< [34m[AE] fid=5490,exp=9970
[21:28:44.954] RX< ,adg=294,Y=4574,mtg=180,shg=100,bgbv=1459,iso=294,cnv2,hdr0
[21:28:44.954] RX< [0m[34m[b_ae0 proc] perf=960(us), max=1014(us)!
[21:28:44.954] RX< [0m[34m[awb0 proc] perf=3903(us), max=3982(us)!
[21:28:44.954] RX< [0m[7] [cam] [261747][me0][me_core_thread:359]ME out fid 5490
[21:28:44.954] RX< [RTMP] slow send frame 5382 len=
[21:28:45.298] RX< 15212 dt=1330ms
[21:28:45.298] RX< [RTMP] slow send frame 5384 len=15998 dt=131ms
[21:28:45.298] RX< [34m[AE] fid=5520,exp=10070,adg=294,Y=4660,mtg=180,shg=100,bgbv=1465,iso=294,cnv2,hdr0
[21:28:45.298] RX< [0m[RTMP] slow send frame 5385 len=15235 dt=153ms
[21:28:45.298] RX< [34m[ME INTP]fid=5520, shutter=10070, perf=6(us), max
[21:28:46.197] RX< =2994(us)!
[21:28:46.197] RX< [0m[RTMP] slow send frame 5388 len=45788 dt=98ms
[21:28:46.197] RX< [7] [cam] [262747][me0][me_core_thread:359]ME out fid 5520
[21:28:46.197] RX< [RTMP] f_index = 5400, f_len = 15159
[21:28:46.197] RX< [RTMP] slow send frame 5401 len=56099 dt=69ms (IDR)
[21:28:46.197] RX< [34m[AE] fid=5550,exp=10000,adg=294,Y=4678,mtg
[21:28:46.552] RX< =180,shg=100,bgbv=1476,iso=294,cnv2,hdr0
[21:28:46.552] RX< [0m[RTMP] slow send frame 5431 len=56491 dt=84ms (IDR)
[21:28:46.552] RX< wifi scan
[21:28:46.552] RX<              SSID                      MAC            security    rssi chn Mbps
[21:28:46.552] RX< ------------------------------- -----------------  -------------- ---
[21:28:46.552] RX< - --- ----
[21:28:46.552] RX< alk                             2c:97:b1:17:2e:a0  WPA2_AES_PSK   -52    6   72
[21:28:46.552] RX< alk_guest                       2c:97:b1:17:2e:a1  WPA2_MIXED_PSK -53    6   72
[21:28:46.552] RX< G-Demo                          f4:e4:51:83:d5:82  WPA2_AES_PSK   -51    6  144
[21:28:46.552] RX< [
[21:28:46.689] RX< 7] [cam] [263747][me0][me_core_thread:359]ME out fid 5550
[21:28:46.689] RX< ftp_test_2_4G                   62:ed:11:f2:02:a7  WPA2_AES_PSK   -51    8  144
[21:28:46.689] RX< GTS_24G                         a4:a9:30:fb:94:34  WPA2_AES_PSK   -58   11  288
[21:28:46.689] RX< [RTMP] slow send frame 5436 len=1560
[21:28:46.714] TX> wifi scan
[21:28:46.714] TX> echo "__EVBTEST_END_361347e8__"
[21:28:46.973] RX< 2 dt=162ms
[21:28:46.973] RX< TP-LINK_5G_756B                 c2:45:86:39:8c:5f  WPA2_AES_PSK   -50    1  300
[21:28:46.973] RX< [RTMP] slow send frame 5439 len=15684 dt=135ms
[21:28:46.973] RX< gravityXR                       f4:e4:51:83:d5:80  WPA2_AES_PSK   -52    6  144
[21:28:46.973] RX<  Gwireless                      f4:e
[21:28:47.537] RX< 4:51:83:d5:81  WPA2_AES_PSK   -51    6  144
[21:28:47.537] RX< [34m[AE] fid=5580,exp=10000,adg=294,Y=4664,mtg=180,shg=100,bgbv=1473,iso=294,cnv2,hdr0
[21:28:47.537] RX< [0m[34m[b_ae0 proc] perf=894(us), max=1027(us)!
[21:28:47.537] RX< [0m[34m[awb0 proc] perf=3809(us), max=3937(us)!
[21:28:47.537] RX< [0m[7] [cam] [264747][
[21:28:47.958] RX< me0][me_core_thread:359]ME out fid 5580
[21:28:47.958] RX< MTK_CHEETAH_AP_2.4G             e0:ef:02:71:f5:71  OPEN           -46   13  300
[21:28:47.958] RX< 203                             cc:20:8c:ad:c5:80  OPEN           -68    1  144
[21:28:47.958] RX< HUAWEI-X1E3WU                   42:17:a3:f1:cf:49  WPA
[21:28:48.009] RX< 2_AES_PSK   -59    1  144
[21:28:48.009] RX< ftp_hw_2_4g                     e2:19:01:17:87:d1  WPA2_AES_PSK   -36    1  144
[21:28:48.009] RX< alk                             2c:97:b1:17:46:40  WPA2_AES_PSK   -67    1   72
[21:28:48.009] RX< alk_guest                       2c:97:b1:17:46:41  WPA2_MIXED_PSK -
[21:28:48.648] RX< 65    1   72
[21:28:48.648] RX< [34m[AE] fid=5610,exp=10000,adg=294,Y=4668,mtg=180,shg=100,bgbv=1473,iso=294,cnv2,hdr0
[21:28:48.648] RX< [0mmsh />echo "__EVBTEST_END_361347e8__"
[21:28:48.648] RX< __EVBTEST_END_361347e8__
[21:28:48.648] RX< msh />[7] [cam] [265747][me0][me_core_thread:359]ME out fid 5610
[21:28:48.648] RX< [RTMP] slow send frame
[21:28:49.196] RX<  5440 len=15428 dt=1795ms
[21:28:49.196] RX< [RTMP] slow send frame 5444 len=15396 dt=51ms
[21:28:49.196] RX< [RTMP] slow send frame 5447 len=69039 dt=121ms
[21:28:49.196] RX< [RTMP] slow send frame 5448 len=48011 dt=55ms
[21:28:49.196] RX< [RTMP] slow send frame 5449 len=33549 dt=57ms
[21:28:49.196] RX< [34m[AE] fid=5640,exp=10000,adg=294,Y=4666,m
[21:28:49.537] RX< tg=180,shg=100,bgbv=1473,iso=294,cnv2,hdr0
[21:28:49.537] RX< [0m[RTMP] slow send frame 5452 len=34131 dt=58ms
[21:28:49.537] RX< [34m[ME INTP]fid=5640, shutter=10000, perf=5(us), max=6365(us)!
[21:28:49.537] RX< [0m[RTMP] slow send frame 5454 len=36734 dt=87ms
[21:28:49.537] RX< [7] [cam] [266746][me0][me_core_thread:359]ME ou
[21:28:50.200] RX< t fid 5640
[21:28:50.200] RX< [RTMP] slow send frame 5461 len=66873 dt=62ms (IDR)
[21:28:50.200] RX< [RTMP] slow send frame 5465 len=22742 dt=56ms
[21:28:50.200] RX< [RTMP] slow send frame 5473 len=26254 dt=54ms
[21:28:50.200] RX< [RTMP] slow send frame 5476 len=18064 dt=57ms
[21:28:50.200] RX< [34m[AE] fid=5670,exp=10000,adg=294,Y=4659,mtg=180,shg
[21:28:50.546] RX< =100,bgbv=1469,iso=294,cnv2,hdr0
[21:28:50.546] RX< [0m[34m[b_ae0 proc] perf=904(us), max=1043(us)!
[21:28:50.546] RX< [0m[34m[awb0 proc] perf=3924(us), max=3928(us)!
[21:28:50.546] RX< [0m[RTMP] slow send frame 5490 len=20942 dt=53ms
[21:28:50.546] RX< [RTMP] f_index = 5490, f_len = 20942
[21:28:50.546] RX< [7] [cam] [267748][me0][me_core_th
[21:28:51.692] RX< read:359]ME out fid 5670
[21:28:51.692] RX< [34m[AE] fid=5700,exp=10000,adg=294,Y=4651,mtg=180,shg=100,bgbv=1469,iso=294,cnv2,hdr0
[21:28:51.692] RX< [0m[7] [cam] [268746][me0][me_core_thread:359]ME out fid 5700
[21:28:51.692] RX< [RTMP] slow send frame 5549 len=20546 dt=51ms
[21:28:51.692] RX< [RTMP] slow send frame 5551 len=59
[21:28:52.291] RX< 581 dt=59ms (IDR)
[21:28:52.291] RX< [RTMP] slow send frame 5559 len=10231 dt=51ms
[21:28:52.291] RX< [RTMP] f_index = 5580, f_len = 7442
[21:28:52.291] RX< [34m[AE] fid=5730,exp=10000,adg=294,Y=4654,mtg=180,shg=100,bgbv=1469,iso=294,cnv2,hdr0
[21:28:52.291] RX< [0m[RTMP] slow send frame 5581 len=59080 dt=54ms (IDR)
[21:28:52.291] RX< [RTMP] slow 
[21:28:53.200] RX< send frame 5582 len=32251 dt=68ms
[21:28:53.200] RX< [RTMP] slow send frame 5591 len=24769 dt=65ms
[21:28:53.200] RX< [7] [cam] [269746][me0][me_core_thread:359]ME out fid 5730
[21:28:53.200] RX< [RTMP] slow send frame 5596 len=16300 dt=54ms
[21:28:53.200] RX< [RTMP] slow send frame 5621 len=24954 dt=59ms
[21:28:53.200] RX< [34m[AE] fid=5760,exp=10
[21:28:53.552] RX< 000,adg=294,Y=4663,mtg=180,shg=100,bgbv=1473,iso=294,cnv2,hdr0
[21:28:53.552] RX< [0m[34m[b_ae0 proc] perf=926(us), max=1663(us)!
[21:28:53.552] RX< [0m[34m[awb0 proc] perf=3857(us), max=4121(us)!
[21:28:53.552] RX< [0m[34m[ME INTP]fid=5760, shutter=10000, perf=752(us), max=4963(us)!
[21:28:53.552] RX< [0m[7] [cam] [270756
[21:28:54.195] RX< ][me0][me_core_thread:359]ME out fid 5760
[21:28:54.195] RX< [RTMP] slow send frame 5666 len=24771 dt=101ms
[21:28:54.195] RX< [RTMP] f_index = 5670, f_len = 10688
[21:28:54.195] RX< [RTMP] slow send frame 5671 len=63514 dt=79ms (IDR)
[21:28:54.195] RX< [RTMP] slow send frame 5681 len=18290 dt=56ms
[21:28:54.195] RX< [34m[AE] fid=5790,exp=10000,adg
[21:28:54.659] RX< =294,Y=4666,mtg=180,shg=100,bgbv=1473,iso=294,cnv2,hdr0
[21:28:54.659] RX< [0m[RTMP] slow send frame 5701 len=59917 dt=92ms (IDR)
[21:28:54.659] RX< [RTMP] slow send frame 5702 len=23242 dt=85ms
[21:28:54.659] RX< [7] [cam] [271746][me0][me_core_thread:359]ME out fid 5790
[21:28:54.659] RX< [RTMP] slow send frame 5731 len=63620 d
[21:28:55.515] RX< t=68ms (IDR)
[21:28:55.515] RX< [RTMP] slow send frame 5756 len=16787 dt=90ms
[21:28:55.515] RX< [RTMP] f_index = 5760, f_len = 16460
[21:28:55.515] RX< [34m[AE] fid=5820,exp=10000,adg=294,Y=4668,mtg=180,shg=100,bgbv=1473,iso=294,cnv2,hdr0
[21:28:55.515] RX< [0m[RTMP] slow send frame 5765 len=17488 dt=69ms
[21:28:55.515] RX< [RTMP] slow send frame
[21:28:56.199] RX<  5777 len=16521 dt=86ms
[21:28:56.199] RX< [7] [cam] [272752][me0][me_core_thread:359]ME out fid 5820
[21:28:56.199] RX< [RTMP] slow send frame 5791 len=63717 dt=199ms (IDR)
[21:28:56.199] RX< [34m[AE] fid=5850,exp=10000,adg=294,Y=4670,mtg=180,shg=100,bgbv=1473,iso=294,cnv2,hdr0
[21:28:56.199] RX< [0m[34m[b_ae0 proc] perf=842(u
[21:28:57.196] RX< s), max=1847(us)!
[21:28:57.196] RX< [0m[34m[awb0 proc] perf=4020(us), max=4626(us)!
[21:28:57.196] RX< [0m[7] [cam] [273745][me0][me_core_thread:359]ME out fid 5850
[21:28:57.196] RX< [RTMP] f_index = 5850, f_len = 7876
[21:28:57.196] RX< [RTMP] slow send frame 5867 len=17411 dt=60ms
[21:28:57.196] RX< [34m[AE] fid=5880,exp=10000,adg=294,Y=466
[21:28:57.396] RX< 7,mtg=180,shg=100,bgbv=1473,iso=294,cnv2,hdr0
[21:28:57.396] RX< [0m[34m[ME INTP]fid=5880, shutter=10000, perf=6(us), max=827(us)!
[21:28:57.396] RX< [0mwifi join G-Demo Gdemo@123
[21:28:57.396] RX< [32m[I/WLAN.mgnt] wifi is connect ssid:G-Demo[0m
[21:28:57.396] RX< msh />echo "__EVBTEST_END_89455f89__"
[21:28:57.396] RX< __EVBTEST_END_89455f89
[21:28:57.484] TX> wifi join G-Demo Gdemo@123
[21:28:57.484] TX> echo "__EVBTEST_END_89455f89__"
[21:28:58.659] RX< __
[21:28:58.659] RX< msh />[7] [cam] [274745][me0][me_core_thread:359]ME out fid 5880
[21:28:58.659] RX< [34m[AE] fid=5910,exp=10000,adg=294,Y=4660,mtg=180,shg=100,bgbv=1469,iso=294,cnv2,hdr0
[21:28:58.659] RX< [0m[7] [cam] [275745][me0][me_core_thread:359]ME out fid 5910
[21:28:58.659] RX< [RTMP] slow send frame 5911 len=63131
[21:28:59.536] RX<  dt=119ms (IDR)
[21:28:59.536] RX< [34m[AE] fid=5940,exp=10000,adg=294,Y=4645,mtg=180,shg=100,bgbv=1465,iso=294,cnv2,hdr0
[21:28:59.536] RX< [0m[34m[b_ae0 proc] perf=1008(us), max=2236(us)!
[21:28:59.536] RX< [0m[34m[awb0 proc] perf=3918(us), max=4569(us)!
[21:28:59.536] RX< [0m[RTMP] f_index = 5940, f_len = 7032
[21:28:59.536] RX< [7] [cam] 
[21:29:00.195] RX< [276745][me0][me_core_thread:359]ME out fid 5940
[21:29:00.195] RX< [RTMP] slow send frame 5942 len=31493 dt=125ms
[21:29:00.195] RX< [RTMP] slow send frame 5951 len=24324 dt=55ms
[21:29:00.195] RX< [RTMP] slow send frame 5954 len=6897 dt=106ms
[21:29:00.195] RX< [34m[AE] fid=5970,exp=10030,adg=294,Y=4631,mtg=180,shg=100,bgbv=146
[21:29:00.963] RX< 1,iso=294,cnv2,hdr0
[21:29:00.963] RX< [0m[RTMP] slow send frame 5962 len=16366 dt=68ms
[21:29:00.963] RX< [RTMP] slow send frame 5969 len=24514 dt=53ms
[21:29:00.963] RX< [7] [cam] [277745][me0][me_core_thread:359]ME out fid 5970
[21:29:00.963] RX< [RTMP] slow send frame 5974 len=19005 dt=83ms
[21:29:00.963] RX< [RTMP] slow send frame 5981 len=165
[21:29:02.199] RX< 33 dt=87ms
[21:29:02.199] RX< [34m[AE] fid=6000,exp=10070,adg=294,Y=4611,mtg=180,shg=100,bgbv=1449,iso=294,cnv2,hdr0
[21:29:02.199] RX< [0m[34m[ME INTP]fid=6000, shutter=10070, perf=232(us), max=650(us)!
[21:29:02.199] RX< [0m[7] [cam] [278745][me0][me_core_thread:359]ME out fid 6000
[21:29:02.199] RX< [34m[AE] fid=6030,exp=1
[21:29:02.534] RX< 0070,adg=294,Y=4613,mtg=180,shg=100,bgbv=1453,iso=294,cnv2,hdr0
[21:29:02.534] RX< [0m[34m[b_ae0 proc] perf=955(us), max=1209(us)!
[21:29:02.534] RX< [0m[34m[awb0 proc] perf=3910(us), max=3937(us)!
[21:29:02.534] RX< [0m[RTMP] slow send frame 6019 len=16853 dt=74ms
[21:29:02.534] RX< [RTMP] f_index = 6030, f_len = 19296
[21:29:02.534] RX< [7] 
[21:29:03.194] RX< [cam] [279745][me0][me_core_thread:359]ME out fid 6030
[21:29:03.194] RX< [RTMP] slow send frame 6031 len=62917 dt=134ms (IDR)
[21:29:03.194] RX< [RTMP] slow send frame 6038 len=18312 dt=150ms
[21:29:03.194] RX< [RTMP] slow send frame 6045 len=16461 dt=125ms
[21:29:03.194] RX< [34m[AE] fid=6060,exp=10070,adg=294,Y=4642,mtg=180,sh
[21:29:04.546] RX< g=100,bgbv=1461,iso=294,cnv2,hdr0
[21:29:04.546] RX< [0m[7] [cam] [280744][me0][me_core_thread:359]ME out fid 6060
[21:29:04.546] RX< [34m[AE] fid=6090,exp=10070,adg=294,Y=4673,mtg=180,shg=100,bgbv=1469,iso=294,cnv2,hdr0
[21:29:04.546] RX< [0m[RTMP] slow send frame 6054 len=16516 dt=1206ms
[21:29:04.546] RX< [7] [cam] [281745][
[21:29:05.198] RX< me0][me_core_thread:359]ME out fid 6090
[21:29:05.198] RX< [RTMP] slow send frame 6058 len=24587 dt=59ms
[21:29:05.198] RX< [RTMP] slow send frame 6061 len=63544 dt=108ms (IDR)
[21:29:05.198] RX< [RTMP] slow send frame 6066 len=16525 dt=87ms
[21:29:05.198] RX< [34m[AE] fid=6120,exp=10030,adg=294,Y=4674,mtg=180,shg=100,bgbv=1473,i
[21:29:05.518] RX< so=294,cnv2,hdr0
[21:29:05.518] RX< [0m[34m[b_ae0 proc] perf=862(us), max=1996(us)!
[21:29:05.518] RX< [0m[34m[awb0 proc] perf=3832(us), max=3945(us)!
[21:29:05.518] RX< [0m[34m[ME INTP]fid=6120, shutter=10030, perf=6(us), max=651(us)!
[21:29:05.518] RX< [0m[RTMP] slow send frame 6091 len=63259 dt=69ms (IDR)
[21:29:05.518] RX< [RTMP] slow se
[21:29:06.193] RX< nd frame 6092 len=31006 dt=76ms
[21:29:06.193] RX< [7] [cam] [282747][me0][me_core_thread:359]ME out fid 6120
[21:29:06.193] RX< [RTMP] f_index = 6120, f_len = 6928
[21:29:06.193] RX< [RTMP] slow send frame 6121 len=60862 dt=71ms (IDR)
[21:29:06.193] RX< [RTMP] slow send frame 6122 len=31467 dt=78ms
[21:29:06.193] RX< [34m[AE] fid=6150,exp=10030,ad
[21:29:06.545] RX< g=294,Y=4680,mtg=180,shg=100,bgbv=1476,iso=294,cnv2,hdr0
[21:29:06.545] RX< [0m[RTMP] slow send frame 6124 len=18260 dt=51ms
[21:29:06.545] RX< [RTMP] slow send frame 6131 len=24344 dt=55ms
[21:29:06.545] RX< [RTMP] slow send frame 6133 len=24471 dt=53ms
[21:29:06.545] RX< [7] [cam] [283744][me0][me_core_thread:359]ME out fid 615
[21:29:08.198] RX< 0
[21:29:08.198] RX< [RTMP] slow send frame 6143 len=7016 dt=84ms
[21:29:08.198] RX< [RTMP] slow send frame 6147 len=16427 dt=62ms
[21:29:08.198] RX< [34m[AE] fid=6180,exp=10030,adg=294,Y=4683,mtg=180,shg=100,bgbv=1476,iso=294,cnv2,hdr0
[21:29:08.198] RX< [0m[7] [cam] [284744][me0][me_core_thread:359]ME out fid 6180
[21:29:08.198] RX< [34m[AE] fi
[21:29:09.126] RX< d=6210,exp=10000,adg=294,Y=4671,mtg=180,shg=100,bgbv=1473,iso=294,cnv2,hdr0
[21:29:09.126] RX< [0m[34m[b_ae0 proc] perf=1021(us), max=1050(us)!
[21:29:09.126] RX< [0m[34m[awb0 proc] perf=3923(us), max=3938(us)!
[21:29:09.126] RX< [0m[7] [cam] [285744][me0][me_core_thread:359]ME out fid 6210
[21:29:09.126] RX< [RTMP] slow sen
[21:29:09.436] RX< d frame 6150 len=16611 dt=2231ms
[21:29:09.436] RX< [34m[AE] fid=6240,exp=10000,adg=294,Y=4674,mtg=180,shg=100,bgbv=1473,iso=294,cnv2,hdr0
[21:29:09.436] RX< [0m[RTMP] slow send frame 6151 len=63424 dt=151ms (IDR)
[21:29:09.436] RX< [34m[ME INTP]fid=6240, shutter=10000, perf=248(us), max=344(us)!
[21:29:09.436] RX< [0m[RTMP] s
[21:29:10.448] RX< low send frame 6156 len=10738 dt=52ms
[21:29:10.448] RX< [7] [cam] [286744][me0][me_core_thread:359]ME out fid 6240
[21:29:10.448] RX< [RTMP] slow send frame 6181 len=63393 dt=101ms (IDR)
[21:29:10.448] RX< [34m[AE] fid=6270,exp=10000,adg=294,Y=4667,mtg=180,shg=100,bgbv=1473,iso=294,cnv2,hdr0
[21:29:10.448] RX< [0m[RTMP] f_index
[21:29:11.198] RX<  = 6210, f_len = 24042
[21:29:11.198] RX< [7] [cam] [287744][me0][me_core_thread:359]ME out fid 6270
[21:29:11.198] RX< [34m[AE] fid=6300,exp=10000,adg=294,Y=4670,mtg=180,shg=100,bgbv=1473,iso=294,cnv2,hdr0
[21:29:11.198] RX< [0m[34m[b_ae0 proc] perf=958(us), max=1026(us)!
[21:29:11.198] RX< [0m[34m[awb0 proc] perf=3909(us),
[21:29:12.193] RX<  max=3928(us)!
[21:29:12.193] RX< [0m[7] [cam] [288743][me0][me_core_thread:359]ME out fid 6300
[21:29:12.193] RX< [RTMP] slow send frame 6211 len=63530 dt=1541ms (IDR)
[21:29:12.193] RX< [RTMP] slow send frame 6213 len=19765 dt=58ms
[21:29:12.193] RX< [34m[AE] fid=6330,exp=10000,adg=294,Y=4669,mtg=180,shg=100,bgbv=1473,iso=294,
[21:29:12.961] RX< cnv2,hdr0
[21:29:12.961] RX< [0m[RTMP] slow send frame 6219 len=24418 dt=253ms
[21:29:12.961] RX< [7] [cam] [289743][me0][me_core_thread:359]ME out fid 6330
[21:29:12.961] RX< [RTMP] slow send frame 6221 len=24595 dt=79ms
[21:29:12.961] RX< [RTMP] slow send frame 6223 len=24577 dt=69ms
[21:29:12.961] RX< [RTMP] slow send frame 6230 len=24759 dt=135
[21:29:13.294] RX< ms
[21:29:13.294] RX< [RTMP] slow send frame 6233 len=16090 dt=52ms
[21:29:13.294] RX< [34m[AE] fid=6360,exp=10000,adg=294,Y=4663,mtg=180,shg=100,bgbv=1473,iso=294,cnv2,hdr0
[21:29:13.294] RX< [0m[RTMP] slow send frame 6237 len=24241 dt=61ms
[21:29:13.294] RX< [RTMP] slow send frame 6239 len=24282 dt=52ms
[21:29:13.294] RX< [34m[ME INTP]fid=6360,
[21:29:14.197] RX<  shutter=10000, perf=6(us), max=289(us)!
[21:29:14.197] RX< [0m[RTMP] slow send frame 6241 len=60184 dt=118ms (IDR)
[21:29:14.197] RX< [7] [cam] [290743][me0][me_core_thread:359]ME out fid 6360
[21:29:14.197] RX< [34m[AE] fid=6390,exp=10000,adg=294,Y=4658,mtg=180,shg=100,bgbv=1469,iso=294,cnv2,hdr0
[21:29:14.197] RX< [0m[34m[b
[21:29:15.528] RX< _ae0 proc] perf=862(us), max=1052(us)!
[21:29:15.528] RX< [0m[34m[awb0 proc] perf=3905(us), max=3932(us)!
[21:29:15.528] RX< [0m[7] [cam] [291743][me0][me_core_thread:359]ME out fid 6390
[21:29:15.528] RX< [34m[AE] fid=6420,exp=10000,adg=294,Y=4659,mtg=180,shg=100,bgbv=1469,iso=294,cnv2,hdr0
[21:29:15.528] RX< [0m[RTMP] slow
[21:29:16.545] RX<  send frame 6242 len=30323 dt=2107ms
[21:29:16.545] RX< [7] [cam] [292743][me0][me_core_thread:359]ME out fid 6420
[21:29:16.545] RX< [RTMP] slow send frame 6248 len=24659 dt=54ms
[21:29:16.545] RX< [34m[AE] fid=6450,exp=10000,adg=294,Y=4658,mtg=180,shg=100,bgbv=1469,iso=294,cnv2,hdr0
[21:29:16.545] RX< [0m[7] [cam] [293743][me0
[21:29:17.194] RX< ][me_core_thread:359]ME out fid 6450
[21:29:17.194] RX< [RTMP] slow send frame 6258 len=7042 dt=1134ms
[21:29:17.194] RX< [RTMP] slow send frame 6260 len=16594 dt=58ms
[21:29:17.194] RX< [34m[AE] fid=6480,exp=10000,adg=294,Y=4656,mtg=180,shg=100,bgbv=1469,iso=294,cnv2,hdr0
[21:29:17.194] RX< [0m[34m[b_ae0 proc] perf=1025(us), m
[21:29:17.548] RX< ax=1044(us)!
[21:29:17.548] RX< [0m[RTMP] slow send frame 6261 len=10280 dt=77ms
[21:29:17.548] RX< [34m[awb0 proc] perf=3824(us), max=3928(us)!
[21:29:17.548] RX< [0m[RTMP] slow send frame 6262 len=23803 dt=76ms
[21:29:17.548] RX< [34m[ME INTP]fid=6480, shutter=10000, perf=6(us), max=283(us)!
[21:29:17.548] RX< [0m[7] [cam] [294743][me0][me_c
[21:29:19.168] RX< ore_thread:359]ME out fid 6480
[21:29:19.168] RX< [34m[AE] fid=6510,exp=10000,adg=294,Y=4656,mtg=180,shg=100,bgbv=1469,iso=294,cnv2,hdr0
[21:29:19.168] RX< [0m[7] [cam] [295742][me0][me_core_thread:359]ME out fid 6510
[21:29:19.168] RX< [RTMP] slow send frame 6271 len=63282 dt=1526ms (IDR)
[21:29:19.168] RX< [RTMP] slow send fra
[21:29:19.543] RX< me 6277 len=10692 dt=57ms
[21:29:19.543] RX< [34m[AE] fid=6540,exp=10000,adg=294,Y=4655,mtg=180,shg=100,bgbv=1469,iso=294,cnv2,hdr0
[21:29:19.543] RX< [0m[RTMP] slow send frame 6285 len=24996 dt=51ms
[21:29:19.543] RX< [RTMP] slow send frame 6287 len=16820 dt=69ms
[21:29:19.543] RX< [7] [cam] [296745][me0][me_core_thread:359]ME 
[21:29:20.198] RX< out fid 6540
[21:29:20.198] RX< [RTMP] slow send frame 6291 len=16064 dt=61ms
[21:29:20.198] RX< [RTMP] f_index = 6300, f_len = 6686
[21:29:20.198] RX< [RTMP] slow send frame 6301 len=60940 dt=82ms (IDR)
[21:29:20.198] RX< [34m[AE] fid=6570,exp=10000,adg=294,Y=4658,mtg=180,shg=100,bgbv=1469,iso=294,cnv2,hdr0
[21:29:20.198] RX< [0m[34m[b_ae0 proc]
[21:29:20.678] RX<  perf=832(us), max=1048(us)!
[21:29:20.678] RX< [0m[34m[awb0 proc] perf=3821(us), max=3937(us)!
[21:29:20.678] RX< [0m[RTMP] slow send frame 6327 len=24565 dt=54ms
[21:29:20.678] RX< [7] [cam] [297742][me0][me_core_thread:359]ME out fid 6570
[21:29:20.678] RX< [RTMP] slow send frame 6331 len=60782 dt=86ms (IDR)
[21:29:20.678] RX< [RTMP] slow sen
[21:29:21.291] RX< d frame 6332 len=31889 dt=62ms
[21:29:21.291] RX< [RTMP] slow send frame 6339 len=14338 dt=98ms
[21:29:21.291] RX< [RTMP] slow send frame 6340 len=14319 dt=75ms
[21:29:21.291] RX< [34m[AE] fid=6600,exp=10000,adg=294,Y=4657,mtg=180,shg=100,bgbv=1469,iso=294,cnv2,hdr0
[21:29:21.291] RX< [0m[34m[ME INTP]fid=6600, shutter=10000, pe
[21:29:22.171] RX< rf=6(us), max=19(us)!
[21:29:22.171] RX< [0m[RTMP] slow send frame 6353 len=24890 dt=92ms
[21:29:22.171] RX< [7] [cam] [298742][me0][me_core_thread:359]ME out fid 6600
[21:29:22.171] RX< [RTMP] slow send frame 6361 len=62827 dt=71ms (IDR)
[21:29:22.171] RX< [RTMP] slow send frame 6376 len=24322 dt=55ms
[21:29:22.171] RX< [RTMP] f_index = 6390, f_le
[21:29:22.551] RX< n = 6784
[21:29:22.551] RX< [34m[AE] fid=6630,exp=10000,adg=294,Y=4660,mtg=180,shg=100,bgbv=1469,iso=294,cnv2,hdr0
[21:29:22.551] RX< [0m[RTMP] slow send frame 6391 len=60495 dt=138ms (IDR)
[21:29:22.551] RX< [7] [cam] [299742][me0][me_core_thread:359]ME out fid 6630
[21:29:22.551] RX< [RTMP] slow send frame 6400 len=25083 dt=86
[21:29:23.195] RX< ms
[21:29:23.195] RX< [RTMP] slow send frame 6412 len=10503 dt=55ms
[21:29:23.195] RX< [RTMP] slow send frame 6417 len=16242 dt=128ms
[21:29:23.195] RX< [34m[AE] fid=6660,exp=10000,adg=294,Y=4656,mtg=180,shg=100,bgbv=1469,iso=294,cnv2,hdr0
[21:29:23.195] RX< [0m[34m[b_ae0 proc] perf=866(us), max=1101(us)!
[21:29:23.195] RX< [0m[34m[awb0 proc] 
[21:29:24.191] RX< perf=3839(us), max=4156(us)!
[21:29:24.191] RX< [0m[7] [cam] [300742][me0][me_core_thread:359]ME out fid 6660
[21:29:24.191] RX< [RTMP] slow send frame 6445 len=16613 dt=57ms
[21:29:24.191] RX< [RTMP] slow send frame 6451 len=63356 dt=117ms (IDR)
[21:29:24.191] RX< [34m[AE] fid=6690,exp=10000,adg=294,Y=4657,mtg=180,shg=100,bgbv=
[21:29:24.670] RX< 1469,iso=294,cnv2,hdr0
[21:29:24.670] RX< [0m[RTMP] f_index = 6480, f_len = 10452
[21:29:24.670] RX< [RTMP] slow send frame 6481 len=62969 dt=51ms (IDR)
[21:29:24.670] RX< [7] [cam] [301744][me0][me_core_thread:359]ME out fid 6690
[21:29:24.670] RX< [RTMP] slow send frame 6495 len=24528 dt=52ms
[21:29:24.670] RX< [RTMP] slow send frame 6499 len=165
[21:29:25.291] RX< 06 dt=54ms
[21:29:25.291] RX< [RTMP] slow send frame 6502 len=24659 dt=75ms
[21:29:25.291] RX< [RTMP] slow send frame 6511 len=63443 dt=110ms (IDR)
[21:29:25.291] RX< [34m[AE] fid=6720,exp=10000,adg=294,Y=4662,mtg=180,shg=100,bgbv=1469,iso=294,cnv2,hdr0
[21:29:25.291] RX< [0m[34m[ME INTP]fid=6720, shutter=10000, perf=6(us), max
[21:29:26.196] RX< =967(us)!
[21:29:26.196] RX< [0m[7] [cam] [302741][me0][me_core_thread:359]ME out fid 6720
[21:29:26.196] RX< [34m[AE] fid=6750,exp=10000,adg=294,Y=4661,mtg=180,shg=100,bgbv=1469,iso=294,cnv2,hdr0
[21:29:26.196] RX< [0m[34m[b_ae0 proc] perf=901(us), max=1318(us)!
[21:29:26.196] RX< [0m[34m[awb0 proc] perf=3811(us), max=4228
[21:29:27.140] RX< (us)!
[21:29:27.140] RX< [0m[RTMP] slow send frame 6522 len=16442 dt=1282ms
[21:29:27.140] RX< [7] [cam] [303743][me0][me_core_thread:359]ME out fid 6750
[21:29:27.140] RX< [RTMP] slow send frame 6526 len=16585 dt=57ms
[21:29:27.140] RX< [RTMP] slow send frame 6527 len=16236 dt=57ms
[21:29:27.140] RX< [RTMP] slow send frame 6535 len=24804 dt=77ms
[21:29:27.140] RX< [
[21:29:27.494] RX< RTMP] slow send frame 6541 len=63334 dt=141ms (IDR)
[21:29:27.494] RX< [34m[AE] fid=6780,exp=10000,adg=294,Y=4708,mtg=180,shg=100,bgbv=1484,iso=294,cnv2,hdr0
[21:29:27.494] RX< [0mifconfig
[21:29:27.494] RX< network interface device: w0 (Default)
[21:29:27.494] RX< MTU: 1500
[21:29:27.494] RX< MAC: 8c ea 12 ba a8 2c 
[21:29:27.494] RX< FLAGS: UP LINK_UP INTERNET_U
[21:29:27.494] RX< P DHCP_ENABLE ETHARP BROADCAST IGMP
[21:29:27.494] RX< ip address: 10.1.90.71
[21:29:27.494] RX< gw address: 10.1.90.254
[21:29:27.494] RX< net mask  : 255.255.255.0
[21:29:27.494] RX< dns server #0: 10.10.252.1
[21:29:27.494] RX< dns server #1: 10.10.252.2
[21:29:27.494] RX< 
[21:29:27.494] RX< network interface device: w1
[21:29:27.494] RX< MTU: 1500
[21:29:27.494] RX< MAC: 8e ea 12 ba a8 2c 
[21:29:27.494] RX< FLAGS: UP LINK_DOWN INT
[21:29:27.591] RX< ERNET_DOWN DHCP_ENABLE ETHARP BROADCAST IGMP
[21:29:27.591] RX< ip address: 0.0.0.0
[21:29:27.591] RX< gw address: 0.0.0.0
[21:29:27.591] RX< net mask  : 0.0.0.0
[21:29:27.591] RX< dns server #0: 10.10.252.1
[21:29:27.591] RX< dns server #1: 10.10.252.2
[21:29:27.591] RX< msh />echo "__EVBTEST_END_4c0[7] [cam] [304741][me0][me_core_thread:359]ME out fid 6780
[21:29:27.591] RX< 05e42_
[21:29:27.688] TX> ifconfig
[21:29:27.688] TX> echo "__EVBTEST_END_4c005e42__"
[21:29:28.946] RX< _"
[21:29:28.946] RX< __EVBTEST_END_4c005e42__
[21:29:28.946] RX< msh />[34m[AE] fid=6810,exp=9970,adg=294,Y=4709,mtg=180,shg=100,bgbv=1488,iso=294,cnv2,hdr0
[21:29:28.946] RX< [0m[7] [cam] [305741][me0][me_core_thread:359]ME out fid 6810
[21:29:28.946] RX< [RTMP] slow send frame 6561 len=24290 dt=1425ms
[21:29:28.946] RX< [RTMP] dropped 540 p-fra
[21:29:29.150] TX> cd /emmc
[21:29:29.150] TX> echo "__EVBTEST_END_d2d62859__"
[21:29:29.194] RX< mes (backlog 55%)
[21:29:29.194] RX< [RTMP] f_index = 6570, f_len = 24185
[21:29:29.194] RX< cd /emmc
[21:29:29.194] RX< msh /emmc>echo "__EVBTEST_END_d2d62859__"
[21:29:29.194] RX< __EVBTEST_END_d2d62859__
[21:29:29.194] RX< msh /emmc>[34m[AE] fid=6840,exp=9970,adg=294,Y=4715,mtg=180,shg=100,bgbv=1492,iso=294,cnv2,hdr0
[21:29:29.194] RX< [0m[34m[b_ae0 proc] perf=
[21:29:29.290] RX< 946(us), max=1035(us)!
[21:29:29.290] RX< [0m[34m[awb0 proc] perf=3917(us), max=3935(us)!
[21:29:29.290] RX< [0mftp_server
[21:29:29.290] RX< 
[21:29:29.290] RX< [FTP] Ftp server init success!!!
[21:29:29.290] RX< msh /emmc>echo "__EVBTEST_END_5[RTMP] slow send frame 6571 len=63205 dt=306ms (IDR)
[21:29:29.290] RX< [RTMP] dropped 570 p-frames (backlog 52%)
[21:29:29.290] RX< [34m
[21:29:29.398] TX> ftp_server
[21:29:29.398] TX> echo "__EVBTEST_END_503d1818__"
[21:29:30.190] RX< [ME INTP]fid=6840, shutter=9970, perf=6(us), max=354(us)!
[21:29:30.190] RX< [0m03d1818__"
[21:29:30.190] RX< __EVBTEST_END_503d1818__
[21:29:30.190] RX< msh /emmc>[RTMP] slow send frame 6601 len=63385 dt=228ms (IDR)
[21:29:30.190] RX< [7] [cam] [306741][me0][me_core_thread:359]ME out fid 6840
[21:29:30.190] RX< [34m[AE] fid=6870,exp=9970,adg=294,
[21:29:31.190] RX< Y=4713,mtg=180,shg=100,bgbv=1492,iso=294,cnv2,hdr0
[21:29:31.190] RX< [0m[7] [cam] [307741][me0][me_core_thread:359]ME out fid 6870
[21:29:31.190] RX< [RTMP] slow send frame 6615 len=6859 dt=1475ms
[21:29:31.190] RX< [RTMP] dropped 600 p-frames (backlog 55%)
[21:29:31.190] RX< [34m[AE] fid=6900,exp=9970,adg=294,Y=4716,mtg=180,sh
[21:29:31.544] RX< g=100,bgbv=1492,iso=294,cnv2,hdr0
[21:29:31.544] RX< [0m[RTMP] slow send frame 6631 len=63180 dt=247ms (IDR)
[21:29:31.544] RX< [RTMP] dropped 630 p-frames (backlog 52%)
[21:29:31.544] RX< [RTMP] f_index = 6660, f_len = 7663
[21:29:31.544] RX< [RTMP] slow send frame 6661 len=59484 dt=230ms (IDR)
[21:29:31.544] RX< [7] [cam] [308741][me0][me_core_th
[21:29:32.194] RX< read:359]ME out fid 6900
[21:29:32.194] RX< [RTMP] slow send frame 6674 len=16672 dt=114ms
[21:29:32.194] RX< [RTMP] slow send frame 6681 len=24672 dt=60ms
[21:29:32.194] RX< [RTMP] slow send frame 6683 len=24455 dt=132ms
[21:29:32.194] RX< [RTMP] slow send frame 6687 len=24627 dt=59ms
[21:29:32.194] RX< [34m[AE] fid=6930,exp=9970,adg=294,Y=4714,mt
[21:29:33.190] RX< g=180,shg=100,bgbv=1492,iso=294,cnv2,hdr0
[21:29:33.190] RX< [0m[34m[b_ae0 proc] perf=956(us), max=1076(us)!
[21:29:33.190] RX< [0m[34m[awb0 proc] perf=3909(us), max=3948(us)!
[21:29:33.190] RX< [0m[7] [cam] [309741][me0][me_core_thread:359]ME out fid 6930
[21:29:33.190] RX< [34m[AE] fid=6960,exp=9970,adg=294,Y=4717,mtg=180
[21:29:33.882] RX< ,shg=100,bgbv=1492,iso=294,cnv2,hdr0
[21:29:33.882] RX< [0m[34m[ME INTP]fid=6960, shutter=9970, perf=5(us), max=355(us)!
[21:29:33.882] RX< [0m[RTMP] slow send frame 6690 len=16168 dt=1558ms
[21:29:33.882] RX< [7] [cam] [310740][me0][me_core_thread:359]ME out fid 6960
[21:29:33.882] RX< [RTMP] slow send frame 6691 len=62842 dt=
[21:29:34.189] RX< 439ms (IDR)
[21:29:34.189] RX< [RTMP] dropped 660 p-frames (backlog 57%)
[21:29:34.189] RX< [RTMP] slow send frame 6721 len=63356 dt=141ms (IDR)
[21:29:34.189] RX< [RTMP] dropped 690 p-frames (backlog 53%)
[21:29:34.189] RX< [RTMP] f_index = 6750, f_len = 17007
[21:29:34.189] RX< [RTMP] slow send frame 6751 len=63081 dt=121ms (IDR)
[21:29:34.189] RX< [34m[AE] fid=699
[21:29:35.193] RX< 0,exp=9970,adg=294,Y=4712,mtg=180,shg=100,bgbv=1488,iso=294,cnv2,hdr0
[21:29:35.193] RX< [0m[32m[I/ftp] service launched success.[0m
[21:29:35.193] RX< [RTMP] slow send frame 6758 len=24917 dt=53ms
[21:29:35.193] RX< [7] [cam] [311740][me0][me_core_thread:359]ME out fid 6990
[21:29:35.193] RX< [34m[AE] fid=7020,exp=9970,adg=29
[21:29:35.529] RX< 4,Y=4710,mtg=180,shg=100,bgbv=1488,iso=294,cnv2,hdr0
[21:29:35.529] RX< [0m[34m[b_ae0 proc] perf=902(us), max=1101(us)!
[21:29:35.529] RX< [0m[34m[awb0 proc] perf=3804(us), max=3932(us)!
[21:29:35.529] RX< [0m[RTMP] slow send frame 6760 len=24896 dt=1194ms
[21:29:35.529] RX< [RTMP] dropped 720 p-frames (backlog 54%)
[21:29:35.529] RX< [7] [cam
[21:29:36.188] RX< ] [312740][me0][me_core_thread:359]ME out fid 7020
[21:29:36.188] RX< [RTMP] slow send frame 6781 len=63529 dt=112ms (IDR)
[21:29:36.188] RX< [RTMP] dropped 750 p-frames (backlog 51%)
[21:29:36.188] RX< [RTMP] slow send frame 6802 len=16063 dt=96ms
[21:29:36.188] RX< [34m[AE] fid=7050,exp=9970,adg=294,Y=4709,mtg=180,shg=100,bgbv=
[21:29:36.407] TX> cam_set photo auto
[21:29:36.407] TX> echo "__EVBTEST_END_fa97a3df__"
[21:29:37.190] RX< 1488,iso=294,cnv2,hdr0
[21:29:37.190] RX< [0mcam_set photo auto
[21:29:37.190] RX< [6] [App Dfs] auto mode
[21:29:37.190] RX< msh /emmc>echo "__EVBTEST_END_fa97a3df__"
[21:29:37.190] RX< __EVBTEST_END_fa97a3df__
[21:29:37.190] RX< msh /emmc>[7] [cam] [313740][me0][me_core_thread:359]ME out fid 7050
[21:29:37.190] RX< [RTMP] slow send frame 6805 len=23707 dt=1262ms
[21:29:37.190] RX< [
[21:29:37.529] RX< 34m[AE] fid=7080,exp=9970,adg=294,Y=4708,mtg=180,shg=100,bgbv=1488,iso=294,cnv2,hdr0
[21:29:37.529] RX< [0m[RTMP] slow send frame 6811 len=60236 dt=79ms (IDR)
[21:29:37.529] RX< [34m[ME INTP]fid=7080, shutter=9970, perf=6(us), max=253(us)!
[21:29:37.529] RX< [0m[RTMP] slow send frame 6812 len=30771 dt=79ms
[21:29:37.529] RX< [7
[21:29:38.193] RX< ] [cam] [314740][me0][me_core_thread:359]ME out fid 7080
[21:29:38.193] RX< [RTMP] slow send frame 6824 len=24312 dt=129ms
[21:29:38.193] RX< [RTMP] f_index = 6840, f_len = 10214
[21:29:38.193] RX< [34m[AE] fid=7110,exp=9970,adg=294,Y=4709,mtg=180,shg=100,bgbv=1488,iso=294,cnv2,hdr0
[21:29:38.193] RX< [0m[34m[b_ae0 proc] perf=1
[21:29:38.208] RX< 005(us), max=1053(us)!
[21:29:38.208] RX< [0m[34m[awb0 proc] perf=3922(us), max=3966(us)!
[21:29:38.208] RX< [0mdfs_capture_start
[21:29:38.208] RX< [7] [cam] [315412][tshell][cgm_parse_bin:104]total logical camera num: 1
[21:29:38.208] RX< [6] [cam] [315412][tshell][cam_prelude_create:187]E id, 0
[21:29:38.208] RX< [7] [cam] [315413][cpl0][cam
[21:29:38.208] RX< _prelude_proc_routine:101]thread start
[21:29:38.208] RX< [6] [cam] [315413][tshell][cam_prelude_create:214]X ctx size 132 addr 0x88549868
[21:29:38.208] RX< [6] [cam] [315418][tshell][sensor_probe:418]sensor [1]: identifing 0 success.
[21:29:38.208] RX< [6] [cam] [315419][tshell][sensor_probe:441]sensor [1]: p
[21:29:38.211] RX< robe exit!
[21:29:38.211] RX< [6] [cam] [315419][tshell][cam_prelude_fast_probe:251]cam: 0 probe result: 0
[21:29:38.211] RX< [6] [cam] [315419][tshell][cgm_parse_bin:218]cam(0) probe success
[21:29:38.211] RX< [6] [cam] [315420][tshell][cam_entry:455]entry ok
[21:29:38.211] RX< [34m[cam entry] perf=8087(us)!
[21:29:38.211] RX< [0m[6] [App Cam]
[21:29:38.211] RX<  cam entry success
[21:29:38.211] RX< [7] [cam] [315420][tshell][cam_solve_layout:350][mLayout] param OK, scen1 iw4032 ih3024 ow4032 oh3024 gdc 0x0
[21:29:38.211] RX< [36m[mLayout] scen01 in=4032x3024,out=3024x4032 meRot1 stripe1 gdcOn0
[21:29:38.211] RX< [0m[36m[mLayout] scen00 20entries solved status=OK re
[21:29:38.213] RX< try=0 rtmp=enabled (cursor0=0x8a02d090 cursor1=0x89417400, ch0/1/2 cnt=7/2/1)
[21:29:38.213] RX< [0m[7] [cam] [315422][tshell][cam_solve_layout:377]
[21:29:38.213] RX< [mLayout] out vol 0x8c000000 rBuf 0x8ab00000 sz 0x1500000 wBuf 0x8a03da80 sz 0x100000
[21:29:38.213] RX< [7] [cam] [315422][tshell][cam_solve_l
[21:29:38.214] RX< ayout:394]Solve scen1 capType4 layout Done!
[21:29:38.214] RX< [6] [cam] [315423][tshell][cgm_parse_media_para:274]phy cam num: 1
[21:29:38.214] RX< [7] [cam] [315424][cer0][cer_recovery_proc:343]thread start cid, 0
[21:29:38.214] RX< [6] [cam] [315424][tshell][csc_open:499]SENSOR MCLK cal: 24MHz
[21:29:38.214] RX< [6] [cam] [31
[21:29:38.230] RX< 5424][tshell][csc_isp_clk_cal:344]MIPI CLK cal: 346MHz
[21:29:38.230] RX< [6] [cam] [315425][tshell][csc_isp_clk_cal:374]LITE CLK cal: 28MHz
[21:29:38.230] RX< [7] [cam] [315425][tshell][cpc_csi_rx_power_on:633]E id: 2
[21:29:38.230] RX< [4] [cam] [315426][tshell][cpc_csi_rx_power_on:644]csi_2 has already powe
[21:29:38.394] TX> dfs_capture_start
[21:29:38.394] TX> echo "__EVBTEST_END_84903c8a__"
[21:29:40.232] RX< r on, STATUS: 1
[21:30:34.806] TX> rtmp_video_start rtmp://10.1.90.128/live/cam
[21:30:34.806] TX> echo "__EVBTEST_END_8fec2bd1__"
[21:32:14.857] TX> rtmp_video_stop
[21:32:14.857] TX> echo "__EVBTEST_END_ad553850__"
