[01:19:50.794] [INFO] VX100 EVB 自动化测试启动，运行时间戳: 20260817_011950
[01:19:50.795] [INFO] 启用模块: ['wifi_check', 'wifi_scan', 'wifi_join', 'emmc', 'ftp', 'photo', 'video', 'rtmp']
[01:19:50.795] [INFO] 开始自动探测 EVB 串口，候选端口 ['/dev/ttyUSB0']，候选波特率 [2000000, 250000, 115200, 921600]
[01:19:50.796] [DEBUG] 探测 /dev/ttyUSB0 @ 2000000 ...
[01:19:53.103] [INFO]   命中 EVB 指纹: /dev/ttyUSB0 @ 2000000
[01:19:53.103] [INFO] 探测到 EVB: /dev/ttyUSB0 @ 2000000
[01:19:53.104] [INFO] 串口已打开: /dev/ttyUSB0 @ 2000000 bps
[01:19:55.105] [INFO] EVB 已就绪
[01:19:57.106] [DEBUG] 串口自检通过
[01:19:57.106] [INFO] 预清理板子状态...
[01:20:04.124] [INFO] 本次执行模块顺序: ['wifi_check', 'wifi_scan', 'wifi_join', 'emmc', 'ftp', 'photo', 'video', 'rtmp']
[01:20:04.124] >>> 执行模块: wifi_check
[01:20:06.111] [PASS] wifi_check (1987ms) - 未联网，将继续 scan/join
[01:20:06.112] >>> 执行模块: wifi_scan
[01:20:10.111] [PASS] wifi_scan (3999ms) - 扫描到 13 个 AP
[01:20:10.111] >>> 执行模块: wifi_join
[01:20:40.325] [FAIL] wifi_join (0ms) - 连接失败或未获取 IP (G-Demo)
[01:20:40.325] >>> 执行模块: emmc
[01:20:40.534] [PASS] emmc (208ms) - 已进入 /emmc（自动挂载）
[01:20:40.534] [SKIP] ftp (0ms) - 依赖模块未通过: ['wifi_join']
[01:20:40.534] >>> 执行模块: photo
[01:20:40.534] [SKIP] photo (0ms) - FTP 客户端不可用，跳过拍照
[01:20:40.534] >>> 执行模块: video
[01:20:40.534] [SKIP] video (0ms) - FTP 客户端不可用，跳过录像
[01:20:40.534] [SKIP] rtmp (0ms) - 依赖模块未通过: ['wifi_join']
[01:20:40.575] ==================================================
[01:20:40.575] 测试完成：共 8 项 | 通过 3 | 失败 1 | 跳过 4 | 错误 0 | 通过率 37.5% | 总耗时 6.2s
[01:20:40.575] ==================================================
[01:20:40.575] [INFO]   json 报告: reports/20260817_011950/result.json
[01:20:40.575] [INFO]   junit 报告: reports/20260817_011950/junit.xml
[01:20:40.575] [INFO]   html 报告: reports/20260817_011950/report.html
[01:20:42.448] [DEBUG] 串口已关闭
