[01:19:53.104] TX> 
[01:19:54.105] TX> 
[01:19:55.105] RX< 
[01:19:55.105] RX< msh /emmc>[33m[W/ftp] service go wrong, now wait restarting...[0m
[01:19:55.105] RX< 
[01:19:55.105] RX< msh /emmc>[33m[W/ftp] service go wrong, now wait restarting...[0m
[01:19:55.313] TX> echo "EVBTEST_HELLO"
[01:19:55.313] TX> echo "__EVBTEST_END_3aaec949__"
[01:19:57.105] RX< echo "EVBTEST_HELLO"
[01:19:57.105] RX< EVBTEST_HELLO
[01:19:57.105] RX< msh /emmc>echo "__EVBTEST_END_3aaec949__"
[01:19:57.105] RX< __EVBTEST_END_3aaec949__
[01:19:57.105] RX< msh /emmc>[33m[W/ftp] service go wrong, now wait restarting...[0m
[01:19:57.105] RX< [33m[W/ftp] service go wrong, now wait restarting...[0m
[01:19:57.313] TX> cd /
[01:19:57.313] TX> echo "__EVBTEST_END_f397cfb5__"
[01:19:59.106] RX< cd /
[01:19:59.106] RX< msh />echo "__EVBTEST_END_f397cfb5__"
[01:19:59.106] RX< __EVBTEST_END_f397cfb5__
[01:19:59.106] RX< msh />[33m[W/ftp] service go wrong, now wait restarting...[0m
[01:19:59.106] RX< [33m[W/ftp] service go wrong, now wait restarting...[0m
[01:19:59.308] TX> dfs_video_stop
[01:19:59.308] TX> echo "__EVBTEST_END_3fb734d0__"
[01:20:01.107] RX< dfs_video_stop
[01:20:01.107] RX< [6] [App Dfs] Please start recording the video first.
[01:20:01.107] RX< msh />echo "__EVBTEST_END_3fb734d0__"
[01:20:01.107] RX< __EVBTEST_END_3fb734d0__
[01:20:01.107] RX< msh />[33m[W/ftp] service go wrong, now wait restarting...[0m
[01:20:01.107] RX< [33m[W/ftp] service go wrong, now wait restarting...[0m
[01:20:01.313] TX> ftp_server
[01:20:01.313] TX> echo "__EVBTEST_END_949ec69c__"
[01:20:03.108] RX< ftp_server
[01:20:03.108] RX< 
[01:20:03.108] RX< [FTP] Ftp server init success!!!
[01:20:03.108] RX< msh />echo "__EVBTEST_END_949ec69c__"
[01:20:03.108] RX< __EVBTEST_END_949ec69c__
[01:20:03.108] RX< msh />[33m[W/ftp] service go wrong, now wait restarting...[0m
[01:20:03.108] RX< [33m[W/ftp] service go wrong, now wait restarting...[0m
[01:20:04.129] RX< [33m[W/ftp] service go wrong, now wait restarting...[0m
[01:20:04.129] RX< ifconfig
[01:20:04.129] RX< network interface device: w0 (Default)
[01:20:04.129] RX< MTU: 1500
[01:20:04.129] RX< MAC: 8c ea 12 ba a8 2c 
[01:20:04.129] RX< FLAGS: UP LINK_UP INTERNET_DOWN DHCP_ENABLE ETHARP BROADCAST IGMP
[01:20:04.129] RX< ip address: 0.0.0.0
[01:20:04.129] RX< gw address: 0.0.0.0
[01:20:04.129] RX< net ma
[01:20:04.129] RX< sk  : 0.0.0.0
[01:20:04.129] RX< dns server #0: 0.0.0.0
[01:20:04.129] RX< dns server #1: 0.0.0.0
[01:20:04.129] RX< 
[01:20:04.129] RX< network interface device: w1
[01:20:04.129] RX< MTU: 1500
[01:20:04.129] RX< MAC: 8e ea 12 ba a8 2c 
[01:20:04.129] RX< FLAGS: UP LINK_DOWN INTERNET_DOWN DHCP_ENABLE ETHARP BROADCAST IGMP
[01:20:04.129] RX< ip address: 0.0.0.0
[01:20:04.129] RX< gw address: 0.0.0.0
[01:20:04.129] RX< net mask  : 0.0.0.
[01:20:04.329] TX> ifconfig
[01:20:04.329] TX> echo "__EVBTEST_END_6cb2ac5c__"
[01:20:06.111] RX< 0
[01:20:06.111] RX< dns server #0: 0.0.0.0
[01:20:06.111] RX< dns server #1: 0.0.0.0
[01:20:06.111] RX< msh />echo "__EVBTEST_END_6cb2ac5c__"
[01:20:06.111] RX< __EVBTEST_END_6cb2ac5c__
[01:20:06.111] RX< msh />[33m[W/ftp] service go wrong, now wait restarting...[0m
[01:20:06.111] RX< [33m[W/ftp] service go wrong, now wait restarting...[0m
[01:20:06.111] RX< [33m[W/ftp] service g
[01:20:06.201] RX< o wrong, now wait restarting...[0m
[01:20:06.201] RX< wifi scan
[01:20:06.201] RX<              SSID                      MAC            security    rssi chn Mbps
[01:20:06.201] RX< ------------------------------- -----------------  -------------- ---- --- ----
[01:20:06.201] RX< ftp_hw_2_4g                     e2:19:01:17:87:d1
[01:20:06.317] TX> wifi scan
[01:20:06.317] TX> echo "__EVBTEST_END_09225549__"
[01:20:06.393] RX<   WPA2_AES_PSK   -37    1  144
[01:20:06.393] RX< HUAWEI-X1E3WU                   42:17:a3:f1:cf:49  WPA2_AES_PSK   -63    1  144
[01:20:06.393] RX< alk                             2c:97:b1:17:2e:a0  WPA2_AES_PSK   -52    6   72
[01:20:06.393] RX< alk_guest                       2c:97:b1:17:2e:a1  WPA2_MIXED_
[01:20:06.716] RX< PSK -51    6   72
[01:20:06.716] RX< G-Demo                          f4:e4:51:83:d5:82  WPA2_AES_PSK   -47    6  144
[01:20:06.716] RX<  Gwireless                      f4:e4:51:83:d5:81  WPA2_AES_PSK   -53    6  144
[01:20:06.716] RX< [33m[W/ftp] service go wrong, now wait restarting...[0m
[01:20:06.716] RX< MTK_CHEETAH_AP_2.
[01:20:06.874] RX< 4G             e0:ef:02:71:f5:71  OPEN           -39   13  300
[01:20:06.874] RX< ZJ-DBGT                         cc:20:8c:ae:49:60  OPEN           -66    1  144
[01:20:06.874] RX< HUAWEI-AX2                      02:25:74:39:4e:47  WPA2_AES_PSK   -53    1  300
[01:20:06.874] RX< TP-LINK_5G_756B               
[01:20:07.400] RX<   c2:45:86:39:8c:5f  WPA2_AES_PSK   -51    1  300
[01:20:07.400] RX< [33m[W/ftp] service go wrong, now wait restarting...[0m
[01:20:07.400] RX< gravityXR                       f4:e4:51:83:d5:80  WPA2_AES_PSK   -54    6  144
[01:20:07.400] RX< alk                             2c:97:b1:17:46:40  WPA2_AES_PSK   
[01:20:08.255] RX< -61    6   72
[01:20:08.255] RX< [33m[W/ftp] service go wrong, now wait restarting...[0m
[01:20:08.255] RX< G-Demo                          f4:e4:51:83:e3:02  WPA2_AES_PSK   -63    6  144
[01:20:08.255] RX< [33m[W/ftp] service go wrong, now wait restarting...[0m
[01:20:08.255] RX< msh />echo "__EVBTEST_END_09225549__"
[01:20:08.255] RX< __EVBT
[01:20:10.110] RX< EST_END_09225549__
[01:20:10.110] RX< msh />[33m[W/ftp] service go wrong, now wait restarting...[0m
[01:20:10.110] RX< [33m[W/ftp] service go wrong, now wait restarting...[0m
[01:20:10.110] RX< [33m[W/ftp] service go wrong, now wait restarting...[0m
[01:20:10.110] RX< [33m[W/ftp] service go wrong, now wait restarting...[0m
[01:20:10.325] TX> wifi join G-Demo Gdemo@123
[01:20:10.325] TX> echo "__EVBTEST_END_a5ceb88c__"
[01:20:12.110] RX< 
[01:20:12.110] RX< wifi join G-Demo Gdemo@123
[01:20:12.110] RX< [33m[W/ftp] service go wrong, now wait restarting...[0m
[01:20:12.110] RX< [33m[W/ftp] service go wrong, now wait restarting...[0m
[01:20:12.110] RX< [33m[W/ftp] service go wrong, now wait restarting...[0m
[01:20:12.110] RX< [33m[W/ftp] service go wrong, now wait restarting...
[01:20:13.120] RX< [0m
[01:20:13.120] RX< [33m[W/WLAN.mgnt] F:rt_wlan_connect L:935 not find ap! ssid:G-Demo,info.ssid.len=6[0m
[01:20:13.120] RX< msh />echo "__EVBTEST_END_a5ceb88c__"
[01:20:13.120] RX< __EVBTEST_END_a5ceb88c__
[01:20:13.120] RX< msh />[33m[W/ftp] service go wrong, now wait restarting...[0m
[01:20:13.120] RX< [33m[W/ftp] service go wrong, now wa
[01:20:15.121] RX< it restarting...[0m
[01:20:15.121] RX< [33m[W/ftp] service go wrong, now wait restarting...[0m
[01:20:15.121] RX< [33m[W/ftp] service go wrong, now wait restarting...[0m
[01:20:15.121] RX< [33m[W/ftp] service go wrong, now wait restarting...[0m
[01:20:15.121] RX< [33m[W/ftp] service go wrong, now wait restarting...[0m
[01:20:17.121] RX< [33m[W/ftp] service go wrong, now wait restarting...[0m
[01:20:17.121] RX< [33m[W/ftp] service go wrong, now wait restarting...[0m
[01:20:17.121] RX< [33m[W/ftp] service go wrong, now wait restarting...[0m
[01:20:17.121] RX< [33m[W/ftp] service go wrong, now wait restarting...[0m
[01:20:19.121] RX< [33m[W/ftp] service go wrong, now wait restarting...[0m
[01:20:19.121] RX< [33m[W/ftp] service go wrong, now wait restarting...[0m
[01:20:19.121] RX< [33m[W/ftp] service go wrong, now wait restarting...[0m
[01:20:19.121] RX< [33m[W/ftp] service go wrong, now wait restarting...[0m
[01:20:21.121] RX< [33m[W/ftp] service go wrong, now wait restarting...[0m
[01:20:21.121] RX< [33m[W/ftp] service go wrong, now wait restarting...[0m
[01:20:21.121] RX< [33m[W/ftp] service go wrong, now wait restarting...[0m
[01:20:21.121] RX< [33m[W/ftp] service go wrong, now wait restarting...[0m
[01:20:23.122] RX< [33m[W/ftp] service go wrong, now wait restarting...[0m
[01:20:23.122] RX< [33m[W/ftp] service go wrong, now wait restarting...[0m
[01:20:23.122] RX< [33m[W/ftp] service go wrong, now wait restarting...[0m
[01:20:23.122] RX< [33m[W/ftp] service go wrong, now wait restarting...[0m
[01:20:25.122] RX< [33m[W/ftp] service go wrong, now wait restarting...[0m
[01:20:25.122] RX< [33m[W/ftp] service go wrong, now wait restarting...[0m
[01:20:25.122] RX< [33m[W/ftp] service go wrong, now wait restarting...[0m
[01:20:25.122] RX< [33m[W/ftp] service go wrong, now wait restarting...[0m
[01:20:27.122] RX< [33m[W/ftp] service go wrong, now wait restarting...[0m
[01:20:27.122] RX< [33m[W/ftp] service go wrong, now wait restarting...[0m
[01:20:27.122] RX< [33m[W/ftp] service go wrong, now wait restarting...[0m
[01:20:27.122] RX< [33m[W/ftp] service go wrong, now wait restarting...[0m
[01:20:29.122] RX< [33m[W/ftp] service go wrong, now wait restarting...[0m
[01:20:29.122] RX< [33m[W/ftp] service go wrong, now wait restarting...[0m
[01:20:29.122] RX< [33m[W/ftp] service go wrong, now wait restarting...[0m
[01:20:29.122] RX< [33m[W/ftp] service go wrong, now wait restarting...[0m
[01:20:31.123] RX< [33m[W/ftp] service go wrong, now wait restarting...[0m
[01:20:31.123] RX< [33m[W/ftp] service go wrong, now wait restarting...[0m
[01:20:31.123] RX< [33m[W/ftp] service go wrong, now wait restarting...[0m
[01:20:31.123] RX< [33m[W/ftp] service go wrong, now wait restarting...[0m
[01:20:33.123] RX< [33m[W/ftp] service go wrong, now wait restarting...[0m
[01:20:33.123] RX< [33m[W/ftp] service go wrong, now wait restarting...[0m
[01:20:33.123] RX< [33m[W/ftp] service go wrong, now wait restarting...[0m
[01:20:33.123] RX< [33m[W/ftp] service go wrong, now wait restarting...[0m
[01:20:35.123] RX< [33m[W/ftp] service go wrong, now wait restarting...[0m
[01:20:35.123] RX< [33m[W/ftp] service go wrong, now wait restarting...[0m
[01:20:35.123] RX< [33m[W/ftp] service go wrong, now wait restarting...[0m
[01:20:35.123] RX< [33m[W/ftp] service go wrong, now wait restarting...[0m
[01:20:37.123] RX< [33m[W/ftp] service go wrong, now wait restarting...[0m
[01:20:37.123] RX< [33m[W/ftp] service go wrong, now wait restarting...[0m
[01:20:37.123] RX< [33m[W/ftp] service go wrong, now wait restarting...[0m
[01:20:37.123] RX< [33m[W/ftp] service go wrong, now wait restarting...[0m
[01:20:39.124] RX< [33m[W/ftp] service go wrong, now wait restarting...[0m
[01:20:39.124] RX< [33m[W/ftp] service go wrong, now wait restarting...[0m
[01:20:39.124] RX< [33m[W/ftp] service go wrong, now wait restarting...[0m
[01:20:39.124] RX< [33m[W/ftp] service go wrong, now wait restarting...[0m
[01:20:40.443] RX< [33m[W/ftp] service go wrong, now wait restarting...[0m
[01:20:40.443] RX< [33m[W/ftp] service go wrong, now wait restarting...[0m
[01:20:40.443] RX< cd /emmc
[01:20:40.443] RX< msh /emmc>echo "__EVBTEST_END_142[33m[W/ftp] service go wrong, now wait restarting...[0m
[01:20:40.443] RX< 7baca__"
[01:20:40.443] RX< __EVBTEST_END_1427baca__
[01:20:40.443] RX< msh /e
[01:20:40.533] TX> cd /emmc
[01:20:40.533] TX> echo "__EVBTEST_END_1427baca__"
[01:20:42.443] RX< mmc>[33m[W/ftp] service go wrong, now wait restarting...[0m
[01:20:42.443] RX< [33m[W/ftp] service go wrong, now wait restarting...[0m
[01:20:42.443] RX< [33m[W/ftp] service go wrong, now wait restarting...[0m
[01:20:42.443] RX< [33m[W/ftp] service go wrong, now wait restarting...[0m
