[02:19:17.832] [INFO] VX100 EVB 自动化测试启动，运行时间戳: 20260813_021917
[02:19:17.832] [INFO] 启用模块: ['wifi_check', 'wifi_scan', 'wifi_join', 'emmc', 'ftp', 'photo', 'video']
[02:19:17.833] [INFO] 开始自动探测 EVB 串口，候选端口 ['/dev/ttyUSB0', '/dev/ttyUSB1', '/dev/ttyUSB2']，候选波特率 [2000000, 250000, 115200, 921600]
[02:19:17.833] [DEBUG] 探测 /dev/ttyUSB0 @ 2000000 ...
[02:19:21.041] [INFO]   命中 EVB 指纹: /dev/ttyUSB0 @ 2000000
[02:19:21.041] [DEBUG] 探测 /dev/ttyUSB1 @ 2000000 ...
[02:19:23.344] [DEBUG] 探测 /dev/ttyUSB1 @ 250000 ...
[02:19:25.648] [DEBUG] 探测 /dev/ttyUSB1 @ 115200 ...
[02:19:27.952] [DEBUG] 探测 /dev/ttyUSB1 @ 921600 ...
[02:19:30.256] [DEBUG] 探测 /dev/ttyUSB2 @ 2000000 ...
[02:19:32.559] [DEBUG] 探测 /dev/ttyUSB2 @ 250000 ...
[02:19:34.861] [DEBUG] 探测 /dev/ttyUSB2 @ 115200 ...
[02:19:37.165] [DEBUG] 探测 /dev/ttyUSB2 @ 921600 ...
[02:19:39.468] [INFO] 探测到 EVB: /dev/ttyUSB0 @ 2000000
[02:19:39.470] [INFO] 串口已打开: /dev/ttyUSB0 @ 2000000 bps
[02:19:40.653] [INFO] EVB 已就绪
[02:19:40.927] [DEBUG] 串口自检通过
[02:19:40.927] [INFO] 预清理板子状态...
[02:19:43.932] [INFO] 本次执行模块顺序: ['wifi_check', 'wifi_scan', 'wifi_join', 'emmc', 'ftp', 'photo', 'video']
[02:19:43.932] >>> 执行模块: wifi_check
[02:19:44.737] [PASS] wifi_check (804ms) - 已联网，IP=10.1.90.71（跳过 wifi scan/join）
[02:19:44.737] >>> 执行模块: wifi_scan
[02:19:44.737] [SKIP] wifi_scan (0ms) - WiFi 已连接（IP=10.1.90.71），跳过扫描测试
[02:19:44.737] >>> 执行模块: wifi_join
[02:19:44.737] [SKIP] wifi_join (0ms) - WiFi 已连接 (未知SSID/10.1.90.71)，跳过 join 测试
[02:19:44.737] >>> 执行模块: emmc
[02:19:45.669] [PASS] emmc (931ms) - 已进入 /emmc（自动挂载）
[02:19:45.669] >>> 执行模块: ftp
[02:19:46.464] [DEBUG] FTP 已连接 10.1.90.71:21 (尝试 1)
[02:19:47.714] [PASS] ftp (2045ms) - FTP 已连接 10.1.90.71，/emmc 列出 3 项
[02:19:47.714] >>> 执行模块: photo
[02:19:48.581]   拍照测试: 模式 auto
[02:19:50.926] [DEBUG] 强制重连 FTP
[02:19:53.138] [DEBUG] FTP 已连接 10.1.90.71:21 (尝试 1)
[02:19:53.138] [INFO] FTP 已恢复
[02:20:27.369] [PASS] photo[auto] (38788ms) - JPEG OK 718KB | 拍照成功，保存到 /emmc/PIC/20260813_051949_5544 | 已下载到 logs/20260813_021917/photos/auto_20260813_051949_5544_Image_20260813_051949_5544_0.jpg
[02:20:27.369] >>> 执行模块: video
[02:20:29.799]   录像测试: 1080p / 2s
[02:20:37.023] [DEBUG] 强制重连 FTP
[02:20:38.674] [DEBUG] FTP 已连接 10.1.90.71:21 (尝试 1)
[02:20:38.674] [INFO] FTP 已恢复
