[03:21:49.996] [INFO] VX100 EVB 自动化测试启动，运行时间戳: 20260817_032149
[03:21:49.996] [INFO] 启用模块: ['rtmp']
[03:21:49.997] [INFO] 开始自动探测 EVB 串口，候选端口 ['/dev/ttyUSB0']，候选波特率 [2000000, 250000, 115200, 921600]
[03:21:49.997] [DEBUG] 探测 /dev/ttyUSB0 @ 2000000 ...
[03:21:52.304] [INFO]   命中 EVB 指纹: /dev/ttyUSB0 @ 2000000
[03:21:52.304] [INFO] 探测到 EVB: /dev/ttyUSB0 @ 2000000
[03:21:52.306] [INFO] 串口已打开: /dev/ttyUSB0 @ 2000000 bps
[03:21:54.308] [INFO] EVB 已就绪
[03:21:56.310] [DEBUG] 串口自检通过
[03:21:56.310] [INFO] 预清理板子状态...
[03:22:03.332] [INFO] 本次执行模块顺序: ['rtmp']
[03:22:03.332] [WARN] 未能确定 PC IP，RTMP 推流可能失败
[03:22:03.332] >>> 执行模块: rtmp
[03:22:03.332] [FAIL] rtmp (0ms) - 无法确定 PC IP，RTMP 推流目标未知
[03:22:03.374] ==================================================
[03:22:03.374] 测试完成：共 1 项 | 通过 0 | 失败 1 | 跳过 0 | 错误 0 | 通过率 0.0% | 总耗时 0.0s
[03:22:03.374] ==================================================
[03:22:03.374] [INFO]   json 报告: reports/20260817_032149/result.json
[03:22:03.374] [INFO]   junit 报告: reports/20260817_032149/junit.xml
[03:22:03.374] [INFO]   html 报告: reports/20260817_032149/report.html
[03:22:04.324] [DEBUG] 串口已关闭
