[03:21:52.307] TX> 
[03:21:53.307] TX> 
[03:21:54.307] RX< 
[03:21:54.307] RX< msh />
[03:21:54.307] RX< msh />
[03:21:54.509] TX> echo "EVBTEST_HELLO"
[03:21:54.509] TX> echo "__EVBTEST_END_4ee4d2f2__"
[03:21:56.310] RX< echo "EVBTEST_HELLO"
[03:21:56.310] RX< EVBTEST_HELLO
[03:21:56.310] RX< msh />echo "__EVBTEST_END_4ee4d2f2__"
[03:21:56.310] RX< __EVBTEST_END_4ee4d2f2__
[03:21:56.310] RX< msh />
[03:21:56.512] TX> cd /
[03:21:56.512] TX> echo "__EVBTEST_END_a649ff16__"
[03:21:58.312] RX< cd /
[03:21:58.312] RX< msh />echo "__EVBTEST_END_a649ff16__"
[03:21:58.312] RX< __EVBTEST_END_a649ff16__
[03:21:58.312] RX< msh />
[03:21:58.522] TX> dfs_video_stop
[03:21:58.522] TX> echo "__EVBTEST_END_56738085__"
[03:22:00.314] RX< dfs_video_stop
[03:22:00.314] RX< [6] [App Dfs] Please start recording the video first.
[03:22:00.314] RX< msh />echo "__EVBTEST_END_56738085__"
[03:22:00.314] RX< __EVBTEST_END_56738085__
[03:22:00.314] RX< msh />
[03:22:00.516] TX> ftp_server
[03:22:00.516] TX> echo "__EVBTEST_END_779a1818__"
[03:22:02.316] RX< ftp_server
[03:22:02.316] RX< 
[03:22:02.316] RX< [FTP] Ftp server init success!!!
[03:22:02.316] RX< msh />echo "__EVBTEST_END_779a1818__"
[03:22:02.316] RX< __EVBTEST_END_779a1818__
[03:22:02.316] RX< msh />
