[01:22:04.314] [INFO] VX100 EVB 自动化测试启动，运行时间戳: 20260817_012204
[01:22:04.314] [INFO] 启用模块: ['wifi_check', 'wifi_scan', 'wifi_join', 'emmc', 'ftp', 'photo', 'video', 'rtmp']
[01:22:04.315] [INFO] 开始自动探测 EVB 串口，候选端口 ['/dev/ttyUSB0']，候选波特率 [2000000, 250000, 115200, 921600]
[01:22:04.315] [DEBUG] 探测 /dev/ttyUSB0 @ 2000000 ...
[01:22:06.619] [INFO]   命中 EVB 指纹: /dev/ttyUSB0 @ 2000000
[01:22:06.619] [INFO] 探测到 EVB: /dev/ttyUSB0 @ 2000000
[01:22:06.620] [INFO] 串口已打开: /dev/ttyUSB0 @ 2000000 bps
[01:22:08.621] [INFO] EVB 已就绪
[01:22:10.623] [DEBUG] 串口自检通过
[01:22:10.623] [INFO] 预清理板子状态...
[01:22:17.644] [INFO] 本次执行模块顺序: ['wifi_check', 'wifi_scan', 'wifi_join', 'emmc', 'ftp', 'photo', 'video', 'rtmp']
[01:22:17.644] >>> 执行模块: wifi_check
[01:22:19.664] [PASS] wifi_check (2019ms) - 未联网，将继续 scan/join
[01:22:19.664] >>> 执行模块: wifi_scan
[01:22:23.813] [PASS] wifi_scan (4148ms) - 扫描到 9 个 AP
[01:22:23.813] >>> 执行模块: wifi_join
[01:22:54.014] [FAIL] wifi_join (0ms) - 连接失败或未获取 IP (G-Demo)
[01:22:54.015] >>> 执行模块: emmc
[01:22:55.841] [PASS] emmc (1826ms) - 已进入 /emmc（自动挂载）
[01:22:55.841] [SKIP] ftp (0ms) - 依赖模块未通过: ['wifi_join']
[01:22:55.841] >>> 执行模块: photo
[01:22:55.841] [SKIP] photo (0ms) - FTP 客户端不可用，跳过拍照
[01:22:55.841] >>> 执行模块: video
[01:22:55.841] [SKIP] video (0ms) - FTP 客户端不可用，跳过录像
[01:22:55.841] [SKIP] rtmp (0ms) - 依赖模块未通过: ['wifi_join']
[01:22:55.882] ==================================================
[01:22:55.882] 测试完成：共 8 项 | 通过 3 | 失败 1 | 跳过 4 | 错误 0 | 通过率 37.5% | 总耗时 8.0s
[01:22:55.882] ==================================================
[01:22:55.882] [INFO]   json 报告: reports/20260817_012204/result.json
[01:22:55.882] [INFO]   junit 报告: reports/20260817_012204/junit.xml
[01:22:55.882] [INFO]   html 报告: reports/20260817_012204/report.html
[01:22:57.847] [DEBUG] 串口已关闭
