[01:22:06.621] TX> 
[01:22:07.621] TX> 
[01:22:08.621] RX< 
[01:22:08.621] RX< msh />
[01:22:08.621] RX< msh />
[01:22:08.833] TX> echo "EVBTEST_HELLO"
[01:22:08.833] TX> echo "__EVBTEST_END_aad0b78e__"
[01:22:10.623] RX< echo "EVBTEST_HELLO"
[01:22:10.623] RX< EVBTEST_HELLO
[01:22:10.623] RX< msh />echo "__EVBTEST_END_aad0b78e__"
[01:22:10.623] RX< __EVBTEST_END_aad0b78e__
[01:22:10.623] RX< msh />
[01:22:10.829] TX> cd /
[01:22:10.829] TX> echo "__EVBTEST_END_b712266e__"
[01:22:12.625] RX< cd /
[01:22:12.625] RX< msh />echo "__EVBTEST_END_b712266e__"
[01:22:12.625] RX< __EVBTEST_END_b712266e__
[01:22:12.625] RX< msh />
[01:22:12.826] TX> dfs_video_stop
[01:22:12.826] TX> echo "__EVBTEST_END_6c8cf868__"
[01:22:14.627] RX< dfs_video_stop
[01:22:14.627] RX< [6] [App Dfs] Please start recording the video first.
[01:22:14.627] RX< msh />echo "__EVBTEST_END_6c8cf868__"
[01:22:14.627] RX< __EVBTEST_END_6c8cf868__
[01:22:14.627] RX< msh />
[01:22:14.833] TX> ftp_server
[01:22:14.833] TX> echo "__EVBTEST_END_df1e6d21__"
[01:22:16.629] RX< ftp_server
[01:22:16.629] RX< 
[01:22:16.629] RX< [FTP] Ftp server init success!!!
[01:22:16.629] RX< msh />echo "__EVBTEST_END_df1e6d21__"
[01:22:16.629] RX< __EVBTEST_END_df1e6d21__
[01:22:16.629] RX< msh />
[01:22:17.649] RX< ifconfig
[01:22:17.649] RX< network interface device: w0 (Default)
[01:22:17.649] RX< MTU: 1500
[01:22:17.649] RX< MAC: 8c ea 12 ba a8 2c 
[01:22:17.649] RX< FLAGS: UP LINK_DOWN INTERNET_DOWN DHCP_ENABLE ETHARP BROADCAST IGMP
[01:22:17.649] RX< ip address: 0.0.0.0
[01:22:17.649] RX< gw address: 0.0.0.0
[01:22:17.649] RX< net mask  : 0.0.0.0
[01:22:17.649] RX< dns server #0: 0.0.0.0
[01:22:17.649] RX< dns server #1: 0.0
[01:22:17.663] RX< .0.0
[01:22:17.663] RX< 
[01:22:17.663] RX< network interface device: w1
[01:22:17.663] RX< MTU: 1500
[01:22:17.663] RX< MAC: 8e ea 12 ba a8 2c 
[01:22:17.663] RX< FLAGS: UP LINK_DOWN INTERNET_DOWN DHCP_ENABLE ETHARP BROADCAST IGMP
[01:22:17.663] RX< ip address: 0.0.0.0
[01:22:17.663] RX< gw address: 0.0.0.0
[01:22:17.663] RX< net mask  : 0.0.0.0
[01:22:17.663] RX< dns server #0: 0.0.0.0
[01:22:17.663] RX< dns server #1: 0.0.0.0
[01:22:17.663] RX< msh />e
[01:22:17.849] TX> ifconfig
[01:22:17.849] TX> echo "__EVBTEST_END_42a6aa67__"
[01:22:19.663] RX< cho "__EVBTEST_END_42a6aa67__"
[01:22:19.663] RX< __EVBTEST_END_42a6aa67__
[01:22:19.663] RX< msh />[32m[I/ftp] service launched success.[0m
[01:22:19.865] TX> wifi scan
[01:22:19.865] TX> echo "__EVBTEST_END_668fef50__"
[01:22:19.974] RX< wifi scan
[01:22:19.974] RX<              SSID                      MAC            security    rssi chn Mbps
[01:22:19.974] RX< ------------------------------- -----------------  -------------- ---- --- ----
[01:22:19.974] RX< alk                             2c:97:b1:17:2e:a0  WPA2_AES_PSK   -49    6   72
[01:22:19.974] RX< alk_
[01:22:20.273] RX< guest                       2c:97:b1:17:2e:a1  WPA2_MIXED_PSK -48    6   72
[01:22:20.273] RX< GTS_24G                         a4:a9:30:fb:94:34  WPA2_AES_PSK   -55   11  288
[01:22:20.273] RX< MTK_CHEETAH_AP_2.4G             e0:ef:02:71:f5:71  OPEN           -40   13  300
[01:22:20.273] RX< SW-test-2.4G     
[01:22:20.729] RX<                f8:ce:21:8b:a6:fc  WPA2_AES_PSK   -45   13  600
[01:22:20.729] RX< ftp_hw_2_4g                     e2:19:01:17:87:d1  WPA2_AES_PSK   -39    1  144
[01:22:20.729] RX< ZJ-DBGT                         cc:20:8c:ae:49:60  OPEN           -67    1  144
[01:22:20.729] RX< realme GT Neo5 SE             
[01:22:21.812] RX<   6e:de:3b:69:a5:79  WPA2_AES_PSK   -52    4  144
[01:22:21.812] RX< gravityXR                       f4:e4:51:83:d5:80  WPA2_AES_PSK   -50    6  144
[01:22:21.812] RX< G-Demo                          f4:e4:51:83:d5:82  WPA2_AES_PSK   -51    6  144
[01:22:21.812] RX< msh />echo "__EVBTEST_END_668fef50__"
[01:22:21.812] RX< __EVB
[01:22:23.813] RX< TEST_END_668fef50__
[01:22:23.813] RX< msh />
[01:22:24.014] TX> wifi join G-Demo Gdemo@123
[01:22:24.014] TX> echo "__EVBTEST_END_d4a890ca__"
[01:22:25.815] RX< wifi join G-Demo Gdemo@123
[01:22:29.817] RX< [32m[I/WLAN.mgnt] wifi connect success ssid:G-Demo[0m
[01:22:35.821] RX< whd_wifi_join_wait_for_complete: not ready to transceive (err 33555457); left network
[01:22:35.821] RX< Function whd_wifi_join failed at line 2164 checkres = 33555457 
[01:22:35.821] RX< msh />echo "__EVBTEST_END_d4a890ca__"
[01:22:35.821] RX< __EVBTEST_END_d4a890ca__
[01:22:35.821] RX< msh />
[01:22:54.221] TX> cd /emmc
[01:22:54.221] TX> echo "__EVBTEST_END_677fd555__"
[01:22:55.840] RX< cd /emmc
[01:22:55.840] RX< msh /emmc>echo "__EVBTEST_END_677fd555__"
[01:22:55.840] RX< __EVBTEST_END_677fd555__
[01:22:55.840] RX< msh /emmc>
