[01:20:47.220] [INFO] VX100 EVB 自动化测试启动，运行时间戳: 20260817_012047
[01:20:47.220] [INFO] 启用模块: ['wifi_check', 'wifi_scan', 'wifi_join', 'emmc', 'ftp', 'photo', 'video', 'rtmp']
[01:20:47.221] [INFO] 开始自动探测 EVB 串口，候选端口 ['/dev/ttyUSB0']，候选波特率 [2000000, 250000, 115200, 921600]
[01:20:47.221] [DEBUG] 探测 /dev/ttyUSB0 @ 2000000 ...
[01:20:51.416] [INFO]   命中 EVB 指纹: /dev/ttyUSB0 @ 2000000
[01:20:51.416] [INFO] 探测到 EVB: /dev/ttyUSB0 @ 2000000
[01:20:51.418] [INFO] 串口已打开: /dev/ttyUSB0 @ 2000000 bps
[01:20:53.418] [INFO] EVB 已就绪
[01:20:55.123] [DEBUG] 串口自检通过
[01:20:55.123] [INFO] 预清理板子状态...
[01:21:00.137] [INFO] 本次执行模块顺序: ['wifi_check', 'wifi_scan', 'wifi_join', 'emmc', 'ftp', 'photo', 'video', 'rtmp']
[01:21:00.137] >>> 执行模块: wifi_check
[01:21:00.413] [PASS] wifi_check (275ms) - 未联网，将继续 scan/join
[01:21:00.413] >>> 执行模块: wifi_scan
[01:21:04.117] [PASS] wifi_scan (3703ms) - 扫描到 15 个 AP（其中 2 个 RSSI<-70 信号弱）
[01:21:04.117] >>> 执行模块: wifi_join
[01:21:34.333] [FAIL] wifi_join (0ms) - 连接失败或未获取 IP (G-Demo)
[01:21:34.333] >>> 执行模块: emmc
[01:21:36.411] [PASS] emmc (2078ms) - 已进入 /emmc（自动挂载）
[01:21:36.412] [SKIP] ftp (0ms) - 依赖模块未通过: ['wifi_join']
[01:21:36.412] >>> 执行模块: photo
[01:21:36.412] [SKIP] photo (0ms) - FTP 客户端不可用，跳过拍照
[01:21:36.412] >>> 执行模块: video
[01:21:36.412] [SKIP] video (0ms) - FTP 客户端不可用，跳过录像
[01:21:36.412] [SKIP] rtmp (0ms) - 依赖模块未通过: ['wifi_join']
[01:21:36.453] ==================================================
[01:21:36.453] 测试完成：共 8 项 | 通过 3 | 失败 1 | 跳过 4 | 错误 0 | 通过率 37.5% | 总耗时 6.1s
[01:21:36.453] ==================================================
[01:21:36.453] [INFO]   json 报告: reports/20260817_012047/result.json
[01:21:36.453] [INFO]   junit 报告: reports/20260817_012047/junit.xml
[01:21:36.453] [INFO]   html 报告: reports/20260817_012047/report.html
[01:21:37.424] [DEBUG] 串口已关闭
