[01:20:51.418] TX> 
[01:20:52.418] TX> 
[01:20:53.418] RX< 
[01:20:53.418] RX< msh /emmc>[33m[W/ftp] service go wrong, now wait restarting...[0m
[01:20:53.418] RX< [33m[W/ftp] service go wrong, now wait restarting...[0m
[01:20:53.418] RX< 
[01:20:53.418] RX< msh /emmc>[33m[W/ftp] service go wrong, now wait restarting...[0m
[01:20:53.418] RX< [33m[W/ftp] service go wrong, now wait restarting...[0m
[01:20:53.633] TX> echo "EVBTEST_HELLO"
[01:20:53.633] TX> echo "__EVBTEST_END_f8da966d__"
[01:20:55.123] RX< echo "EVBTEST_HELLO"
[01:20:55.123] RX< EVBTEST_HELLO
[01:20:55.123] RX< msh /emmc>echo "__EVBTEST_END_f8da966d__"
[01:20:55.123] RX< __EVBTEST_END_f8da966d__
[01:20:55.123] RX< msh /emmc>[33m[W/ftp] service go wrong, now wait restarting...[0m
[01:20:55.123] RX< [33m[W/ftp] service go wrong, now wait restarting...[0m
[01:20:55.123] RX< [33m[W/ftp] service go wron
[01:20:55.329] TX> cd /
[01:20:55.329] TX> echo "__EVBTEST_END_b55a9b00__"
[01:20:56.403] RX< g, now wait restarting...[0m
[01:20:56.403] RX< cd /
[01:20:56.403] RX< msh />echo "__EVBTEST_END_b55a9b00__"
[01:20:56.403] RX< __EVBTEST_END_b55a9b00__
[01:20:56.403] RX< msh />[33m[W/ftp] service go wrong, now wait restarting...[0m
[01:20:56.403] RX< [33m[W/ftp] service go wrong, now wait restarting...[0m
[01:20:56.403] RX< [33m[W/ftp] service go wrong, now w
[01:20:56.609] TX> dfs_video_stop
[01:20:56.609] TX> echo "__EVBTEST_END_c7161d20__"
[01:20:57.411] RX< ait restarting...[0m
[01:20:57.411] RX< dfs_video_stop
[01:20:57.411] RX< [6] [App Dfs] Please start recording the video first.
[01:20:57.411] RX< msh />echo "__EVBTEST_END_c7161d20__"
[01:20:57.411] RX< __EVBTEST_END_c7161d20__
[01:20:57.411] RX< msh />[33m[W/ftp] service go wrong, now wait restarting...[0m
[01:20:57.411] RX< [33m[W/ftp] service go wrong, now wai
[01:20:57.617] TX> ftp_server
[01:20:57.617] TX> echo "__EVBTEST_END_c5cf3246__"
[01:20:59.124] RX< t restarting...[0m
[01:20:59.124] RX< ftp_server
[01:20:59.124] RX< 
[01:20:59.124] RX< [FTP] Ftp server init success!!!
[01:20:59.124] RX< msh />echo "__EVBTEST_END_c5cf3246__"
[01:20:59.124] RX< __EVBTEST_END_c5cf3246__
[01:20:59.124] RX< msh />[33m[W/ftp] service go wrong, now wait restarting...[0m
[01:20:59.124] RX< [33m[W/ftp] service go wrong, now wait restarting...[0m
[01:20:59.124] RX< [33
[01:21:00.145] RX< m[W/ftp] service go wrong, now wait restarting...[0m
[01:21:00.145] RX< [33m[W/ftp] service go wrong, now wait restarting...[0m
[01:21:00.145] RX< [33m[W/ftp] service go wrong, now wait restarting...[0m
[01:21:00.145] RX< ifconfig
[01:21:00.145] RX< network interface device: w0 (Default)
[01:21:00.145] RX< MTU: 1500
[01:21:00.145] RX< MAC: 8c ea 12 ba a8 2c 
[01:21:00.145] RX< FL
[01:21:00.145] RX< AGS: UP LINK_UP INTERNET_DOWN DHCP_ENABLE ETHARP BROADCAST IGMP
[01:21:00.145] RX< ip address: 0.0.0.0
[01:21:00.145] RX< gw address: 0.0.0.0
[01:21:00.145] RX< net mask  : 0.0.0.0
[01:21:00.145] RX< dns server #0: 0.0.0.0
[01:21:00.145] RX< dns server #1: 0.0.0.0
[01:21:00.145] RX< 
[01:21:00.145] RX< network interface device: w1
[01:21:00.145] RX< MTU: 1500
[01:21:00.145] RX< MAC: 8e ea 12 ba a8 2c 
[01:21:00.145] RX< FLAGS: UP LINK_D
[01:21:00.345] TX> ifconfig
[01:21:00.345] TX> echo "__EVBTEST_END_7de1602d__"
[01:21:00.412] RX< OWN INTERNET_DOWN DHCP_ENABLE ETHARP BROADCAST IGMP
[01:21:00.412] RX< ip address: 0.0.0.0
[01:21:00.412] RX< gw address: 0.0.0.0
[01:21:00.412] RX< net mask  : 0.0.0.0
[01:21:00.412] RX< dns server #0: 0.0.0.0
[01:21:00.412] RX< dns server #1: 0.0.0.0
[01:21:00.412] RX< msh />echo "__EVBTEST_END_7de1602d__"
[01:21:00.412] RX< __EVBTEST_END_7de1602d__
[01:21:00.412] RX< msh />[33m[W/ftp] service go wr
[01:21:00.497] RX< ong, now wait restarting...[0m
[01:21:00.497] RX< wifi scan
[01:21:00.497] RX<              SSID                      MAC            security    rssi chn Mbps
[01:21:00.497] RX< ------------------------------- -----------------  -------------- ---- --- ----
[01:21:00.497] RX< HUAWEI-AX2                      02:25:74:39:4e:47  WP
[01:21:00.621] TX> wifi scan
[01:21:00.621] TX> echo "__EVBTEST_END_b5c733d0__"
[01:21:00.700] RX< A2_AES_PSK   -53    1  300
[01:21:00.700] RX< ftp_hw_2_4g                     e2:19:01:17:87:d1  WPA2_AES_PSK   -38    1  144
[01:21:00.700] RX< realme GT Neo5 SE               6e:de:3b:69:a5:79  WPA2_AES_PSK   -56    4  144
[01:21:00.700] RX< alk_guest                       2c:97:b1:17:2e:a1  WPA2_MIXED_PSK 
[01:21:00.701] RX< -53    6   72
[01:21:00.701] RX< gravityXR                       f4:e4:51:83:d5:80  WPA2_AES_PSK   -53    6  144
[01:21:00.701] RX<  Gwireless                      f4:e4:51:83:d5:81  WPA2_AES_PSK   -50    6  144
[01:21:00.701] RX< G-Demo                          f4:e4:51:83:d5:82  WPA2_AES_PSK   -51    6  144
[01:21:01.000] RX< 
[01:21:01.000] RX<  Gwireless                      f4:e4:51:83:e3:01  WPA2_AES_PSK   -72    6  144
[01:21:01.000] RX< alk                             2c:97:b1:17:2e:a0  WPA2_AES_PSK   -52    6   72
[01:21:01.000] RX< alk_guest                       2c:97:b1:17:30:61  WPA2_MIXED_PSK -60   11   72
[01:21:01.000] RX< MTK_CHEETAH
[01:21:01.110] RX< _AP_2.4G             e0:ef:02:71:f5:71  OPEN           -43   13  300
[01:21:01.110] RX< SW-test-2.4G                    f8:ce:21:8b:a6:fc  WPA2_AES_PSK   -51   13  600
[01:21:01.110] RX< HERERS                          4c:49:68:93:0b:24  WPA2_AES_PSK   -68    1  300
[01:21:01.110] RX< [33m[W/ftp] service go 
[01:21:02.108] RX< wrong, now wait restarting...[0m
[01:21:02.108] RX< ZJ-DBGT                         cc:20:8c:ae:49:60  OPEN           -67    1  144
[01:21:02.108] RX< TP-LINK_5G_756B                 c2:45:86:39:8c:5f  WPA2_AES_PSK   -49    1  300
[01:21:02.108] RX< [33m[W/ftp] service go wrong, now wait restarting...[0m
[01:21:02.108] RX< [
[01:21:02.536] RX< 33m[W/ftp] service go wrong, now wait restarting...[0m
[01:21:02.536] RX< 203                             cc:20:8c:ad:c5:80  OPEN           -74   11  144
[01:21:02.536] RX< [33m[W/ftp] service go wrong, now wait restarting...[0m
[01:21:02.536] RX< [33m[W/ftp] service go wrong, now wait restarting...[0m
[01:21:02.536] RX< msh
[01:21:04.116] RX<  />echo "__EVBTEST_END_b5c733d0__"
[01:21:04.116] RX< __EVBTEST_END_b5c733d0__
[01:21:04.116] RX< msh />[33m[W/ftp] service go wrong, now wait restarting...[0m
[01:21:04.116] RX< [33m[W/ftp] service go wrong, now wait restarting...[0m
[01:21:04.116] RX< [33m[W/ftp] service go wrong, now wait restarting...[0m
[01:21:04.116] RX< [33m[W/ftp] ser
[01:21:04.333] TX> wifi join G-Demo Gdemo@123
[01:21:04.333] TX> echo "__EVBTEST_END_4c898254__"
[01:21:05.412] RX< vice go wrong, now wait restarting...[0m
[01:21:05.412] RX< wifi join G-Demo Gdemo@123
[01:21:05.412] RX< [33m[W/ftp] service go wrong, now wait restarting...[0m
[01:21:05.412] RX< [33m[W/ftp] service go wrong, now wait restarting...[0m
[01:21:05.412] RX< [33m[W/ftp] service go wrong, now wait restarting...[0m
[01:21:05.412] RX< [33m[W/ftp] 
[01:21:06.239] RX< service go wrong, now wait restarting...[0m
[01:21:06.239] RX< [33m[W/ftp] service go wrong, now wait restarting...[0m
[01:21:06.239] RX< [33m[W/ftp] service go wrong, now wait restarting...[0m
[01:21:06.239] RX< [33m[W/WLAN.mgnt] F:rt_wlan_connect L:935 not find ap! ssid:G-Demo,info.ssid.len=6[0m
[01:21:06.239] RX< msh />e
[01:21:07.403] RX< cho "__EVBTEST_END_4c898254__"
[01:21:07.403] RX< __EVBTEST_END_4c898254__
[01:21:07.403] RX< msh />[33m[W/ftp] service go wrong, now wait restarting...[0m
[01:21:07.403] RX< [33m[W/ftp] service go wrong, now wait restarting...[0m
[01:21:07.403] RX< [33m[W/ftp] service go wrong, now wait restarting...[0m
[01:21:07.403] RX< [33m[W/ftp] service
[01:21:08.427] RX<  go wrong, now wait restarting...[0m
[01:21:08.427] RX< [33m[W/ftp] service go wrong, now wait restarting...[0m
[01:21:08.427] RX< [33m[W/ftp] service go wrong, now wait restarting...[0m
[01:21:08.427] RX< [33m[W/ftp] service go wrong, now wait restarting...[0m
[01:21:08.427] RX< [33m[W/ftp] service go wrong, now wait rest
[01:21:10.411] RX< arting...[0m
[01:21:10.411] RX< [33m[W/ftp] service go wrong, now wait restarting...[0m
[01:21:10.411] RX< [33m[W/ftp] service go wrong, now wait restarting...[0m
[01:21:10.411] RX< [33m[W/ftp] service go wrong, now wait restarting...[0m
[01:21:10.411] RX< [33m[W/ftp] service go wrong, now wait restarting...[0m
[01:21:10.411] RX< [33m[W/ft
[01:21:11.419] RX< p] service go wrong, now wait restarting...[0m
[01:21:11.419] RX< [33m[W/ftp] service go wrong, now wait restarting...[0m
[01:21:11.419] RX< [33m[W/ftp] service go wrong, now wait restarting...[0m
[01:21:11.419] RX< [33m[W/ftp] service go wrong, now wait restarting...[0m
[01:21:11.419] RX< [33m[W/ftp] service go wrong, now
[01:21:13.114] RX<  wait restarting...[0m
[01:21:13.114] RX< [33m[W/ftp] service go wrong, now wait restarting...[0m
[01:21:13.114] RX< [33m[W/ftp] service go wrong, now wait restarting...[0m
[01:21:13.114] RX< [33m[W/ftp] service go wrong, now wait restarting...[0m
[01:21:13.114] RX< [33m[W/ftp] service go wrong, now wait restarting...[0m
[01:21:14.426] RX< [33m[W/ftp] service go wrong, now wait restarting...[0m
[01:21:14.426] RX< [33m[W/ftp] service go wrong, now wait restarting...[0m
[01:21:14.426] RX< [33m[W/ftp] service go wrong, now wait restarting...[0m
[01:21:14.426] RX< [33m[W/ftp] service go wrong, now wait restarting...[0m
[01:21:14.426] RX< [33m[W/ftp] service go 
[01:21:16.122] RX< wrong, now wait restarting...[0m
[01:21:16.122] RX< [33m[W/ftp] service go wrong, now wait restarting...[0m
[01:21:16.122] RX< [33m[W/ftp] service go wrong, now wait restarting...[0m
[01:21:16.122] RX< [33m[W/ftp] service go wrong, now wait restarting...[0m
[01:21:16.122] RX< [33m[W/ftp] service go wrong, now wait restarti
[01:21:17.428] RX< ng...[0m
[01:21:17.428] RX< [33m[W/ftp] service go wrong, now wait restarting...[0m
[01:21:17.428] RX< [33m[W/ftp] service go wrong, now wait restarting...[0m
[01:21:17.428] RX< [33m[W/ftp] service go wrong, now wait restarting...[0m
[01:21:17.428] RX< [33m[W/ftp] service go wrong, now wait restarting...[0m
[01:21:17.428] RX< [33m[W/ftp] s
[01:21:19.124] RX< ervice go wrong, now wait restarting...[0m
[01:21:19.124] RX< [33m[W/ftp] service go wrong, now wait restarting...[0m
[01:21:19.124] RX< [33m[W/ftp] service go wrong, now wait restarting...[0m
[01:21:19.124] RX< [33m[W/ftp] service go wrong, now wait restarting...[0m
[01:21:19.124] RX< [33m[W/ftp] service go wrong, now wai
[01:21:20.420] RX< t restarting...[0m
[01:21:20.420] RX< [33m[W/ftp] service go wrong, now wait restarting...[0m
[01:21:20.420] RX< [33m[W/ftp] service go wrong, now wait restarting...[0m
[01:21:20.420] RX< [33m[W/ftp] service go wrong, now wait restarting...[0m
[01:21:20.420] RX< [33m[W/ftp] service go wrong, now wait restarting...[0m
[01:21:20.420] RX< [33
[01:21:22.115] RX< m[W/ftp] service go wrong, now wait restarting...[0m
[01:21:22.115] RX< [33m[W/ftp] service go wrong, now wait restarting...[0m
[01:21:22.115] RX< [33m[W/ftp] service go wrong, now wait restarting...[0m
[01:21:22.115] RX< [33m[W/ftp] service go wrong, now wait restarting...[0m
[01:21:22.115] RX< [33m[W/ftp] service go wron
[01:21:23.411] RX< g, now wait restarting...[0m
[01:21:23.411] RX< [33m[W/ftp] service go wrong, now wait restarting...[0m
[01:21:23.411] RX< [33m[W/ftp] service go wrong, now wait restarting...[0m
[01:21:23.411] RX< [33m[W/ftp] service go wrong, now wait restarting...[0m
[01:21:23.411] RX< [33m[W/ftp] service go wrong, now wait restarting..
[01:21:25.122] RX< .[0m
[01:21:25.122] RX< [33m[W/ftp] service go wrong, now wait restarting...[0m
[01:21:25.122] RX< [33m[W/ftp] service go wrong, now wait restarting...[0m
[01:21:25.122] RX< [33m[W/ftp] service go wrong, now wait restarting...[0m
[01:21:25.122] RX< [33m[W/ftp] service go wrong, now wait restarting...[0m
[01:21:25.122] RX< [33m[W/ftp] servi
[01:21:26.402] RX< ce go wrong, now wait restarting...[0m
[01:21:26.402] RX< [33m[W/ftp] service go wrong, now wait restarting...[0m
[01:21:26.402] RX< [33m[W/ftp] service go wrong, now wait restarting...[0m
[01:21:26.402] RX< [33m[W/ftp] service go wrong, now wait restarting...[0m
[01:21:26.402] RX< [33m[W/ftp] service go wrong, now wait re
[01:21:28.114] RX< starting...[0m
[01:21:28.114] RX< [33m[W/ftp] service go wrong, now wait restarting...[0m
[01:21:28.114] RX< [33m[W/ftp] service go wrong, now wait restarting...[0m
[01:21:28.114] RX< [33m[W/ftp] service go wrong, now wait restarting...[0m
[01:21:28.114] RX< [33m[W/ftp] service go wrong, now wait restarting...[0m
[01:21:28.114] RX< [33m[W/
[01:21:29.410] RX< ftp] service go wrong, now wait restarting...[0m
[01:21:29.410] RX< [33m[W/ftp] service go wrong, now wait restarting...[0m
[01:21:29.410] RX< [33m[W/ftp] service go wrong, now wait restarting...[0m
[01:21:29.410] RX< [33m[W/ftp] service go wrong, now wait restarting...[0m
[01:21:29.410] RX< [33m[W/ftp] service go wrong, n
[01:21:30.428] RX< ow wait restarting...[0m
[01:21:30.428] RX< [33m[W/ftp] service go wrong, now wait restarting...[0m
[01:21:30.428] RX< [33m[W/ftp] service go wrong, now wait restarting...[0m
[01:21:30.428] RX< [33m[W/ftp] service go wrong, now wait restarting...[0m
[01:21:30.428] RX< [33m[W/ftp] service go wrong, now wait restarting...[0
[01:21:32.412] RX< m
[01:21:32.412] RX< [33m[W/ftp] service go wrong, now wait restarting...[0m
[01:21:32.412] RX< [33m[W/ftp] service go wrong, now wait restarting...[0m
[01:21:32.412] RX< [33m[W/ftp] service go wrong, now wait restarting...[0m
[01:21:32.412] RX< [33m[W/ftp] service go wrong, now wait restarting...[0m
[01:21:32.412] RX< [33m[W/ftp] service g
[01:21:33.420] RX< o wrong, now wait restarting...[0m
[01:21:33.420] RX< [33m[W/ftp] service go wrong, now wait restarting...[0m
[01:21:33.420] RX< [33m[W/ftp] service go wrong, now wait restarting...[0m
[01:21:33.420] RX< [33m[W/ftp] service go wrong, now wait restarting...[0m
[01:21:33.420] RX< [33m[W/ftp] service go wrong, now wait restar
[01:21:34.443] RX< ting...[0m
[01:21:34.443] RX< [33m[W/ftp] service go wrong, now wait restarting...[0m
[01:21:34.443] RX< cd /emmc
[01:21:34.443] RX< msh /emmc>echo "__EVBTEST_END_a7f[33m[W/ftp] service go wrong, now wait restarting...[0m
[01:21:34.443] RX< [33m[W/ftp] service go wrong, now wait restarting...[0m
[01:21:34.443] RX< b008d__"
[01:21:34.443] RX< __EVBTEST_END_a7fb0
[01:21:34.541] TX> cd /emmc
[01:21:34.541] TX> echo "__EVBTEST_END_a7fb008d__"
[01:21:36.411] RX< 08d__
[01:21:36.411] RX< msh /emmc>[33m[W/ftp] service go wrong, now wait restarting...[0m
[01:21:36.411] RX< [33m[W/ftp] service go wrong, now wait restarting...[0m
[01:21:36.411] RX< [33m[W/ftp] service go wrong, now wait restarting...[0m
[01:21:36.411] RX< [33m[W/ftp] service go wrong, now wait restarting...[0m
[01:21:36.411] RX< [33m[W/
[01:21:37.419] RX< ftp] service go wrong, now wait restarting...[0m
[01:21:37.419] RX< [33m[W/ftp] service go wrong, now wait restarting...[0m
[01:21:37.419] RX< [33m[W/ftp] service go wrong, now wait restarting...[0m
[01:21:37.419] RX< [33m[W/ftp] service go wrong, now wait restarting...[0m
[01:21:37.419] RX< [33m[W/ftp] service go wrong, n
