[01:37:05.984] [INFO] VX100 EVB 自动化测试启动，运行时间戳: 20260820_013705
[01:37:05.984] [INFO] 启用模块: ['wifi_check', 'wifi_scan', 'wifi_join', 'emmc', 'ftp', 'photo', 'video', 'rtmp']
[01:37:05.984] [INFO] 开始自动探测 EVB 串口，候选端口 ['/dev/ttyUSB1']，候选波特率 [2000000, 250000, 115200, 921600]
[01:37:05.984] [DEBUG] 探测 /dev/ttyUSB1 @ 2000000 ...
[01:37:08.294] [INFO]   命中 EVB 指纹: /dev/ttyUSB1 @ 2000000
[01:37:08.294] [INFO] 探测到 EVB: /dev/ttyUSB1 @ 2000000
[01:37:08.297] [INFO] 串口已打开: /dev/ttyUSB1 @ 2000000 bps
[01:37:10.299] [INFO] EVB 已就绪
[01:37:12.303] [DEBUG] 串口自检通过
[01:37:12.303] [INFO] 预清理板子状态...
[01:37:22.077] [INFO] 使用默认 WiFi: SW-test-2.4G
[01:37:32.322] [INFO] WiFi 连接成功: SW-test-2.4G / IP=192.168.1.101
[01:37:37.328] [INFO] 本次执行模块顺序: ['wifi_check', 'wifi_scan', 'wifi_join', 'emmc', 'ftp', 'photo', 'video', 'rtmp']
[01:37:37.329] >>> 模块 [wifi_check] 开始执行
[01:37:37.329]     - 执行模块: wifi_check
[01:37:39.352] [PASS] wifi_check (2022ms) - 已联网，IP=192.168.1.101（跳过 wifi scan/join）
[01:37:39.352] <<< 模块 [wifi_check] 结束，耗时 2.0s（结果 PASS）
[01:37:39.352] >>> 模块 [wifi_scan] 开始执行
[01:37:39.352]     - 执行模块: wifi_scan
[01:37:39.352] [SKIP] wifi_scan (0ms) - WiFi 已连接（IP=192.168.1.101），跳过扫描测试
[01:37:39.352] <<< 模块 [wifi_scan] 结束，耗时 0.0s（结果 SKIP）
[01:37:39.352] >>> 模块 [wifi_join] 开始执行
[01:37:39.352]     - 执行模块: wifi_join
[01:37:39.352] [SKIP] wifi_join (0ms) - WiFi 已连接 (SW-test-2.4G/192.168.1.101)，跳过 join 测试
[01:37:39.352] <<< 模块 [wifi_join] 结束，耗时 0.0s（结果 SKIP）
[01:37:39.352] >>> 模块 [emmc] 开始执行
[01:37:39.353]     - 执行模块: emmc
[01:37:41.354] [PASS] emmc (2001ms) - 已进入 /emmc（自动挂载）
[01:37:41.354] <<< 模块 [emmc] 结束，耗时 2.0s（结果 PASS）
[01:37:41.354] >>> 模块 [ftp] 开始执行
[01:37:41.354]     - 执行模块: ftp
[01:37:47.550] [DEBUG] FTP 已连接 192.168.1.101:21 (尝试 1)
[01:37:47.832] [PASS] ftp (6477ms) - FTP 已连接 192.168.1.101，/emmc 列出 4 项
[01:37:47.832] <<< 模块 [ftp] 结束，耗时 6.5s（结果 PASS）
[01:37:47.832] >>> 模块 [photo] 开始执行
[01:37:47.832]     - 执行模块: photo
[01:37:47.960] [DEBUG] FTP 已连接 192.168.1.101:21 (尝试 1)
[01:37:47.960] [DEBUG] FTP 已重新连接
[01:37:47.961]   拍照测试: 模式 auto
[01:37:53.893] [DEBUG] FTP 已连接 192.168.1.101:21 (尝试 1)
[01:37:53.894] [DEBUG] FTP 已重新连接
[01:37:54.341] [DEBUG] FTP 已连接 192.168.1.101:21 (尝试 1)
[01:37:55.658] [PASS] photo[auto] (7697ms) - JPEG OK 1457KB | 拍照成功，保存到 /emmc/PIC/20260101_000058_8181 | 已下载到 logs/20260820_013705/photos/auto_20260101_000058_8181_Image_20260101_000058_8181_0.jpg
[01:37:55.658] <<< 模块 [photo] 结束，耗时 7.8s（结果 PASS）
[01:37:55.658] >>> 模块 [video] 开始执行
[01:37:55.658]     - 执行模块: video
[01:37:55.809] [DEBUG] FTP 已连接 192.168.1.101:21 (尝试 1)
[01:37:55.809] [DEBUG] FTP 已重新连接
[01:37:55.809]   录像测试: 1080p / 180s
[01:37:57.767] [INFO] 拍摄开始（1080p / 180s）...
[01:40:58.311] [INFO] 拍摄结束，耗时 180.5s
[01:40:58.428] [DEBUG] FTP 已连接 192.168.1.101:21 (尝试 1)
[01:40:58.428] [DEBUG] FTP 已重新连接
[01:40:58.739] [INFO] FTP 开始下载视频: /emmc/VIDEO/20260101_000105_5493/Video_5493_0.h265 (399054KB) -> logs/20260820_013705/videos/Video_5493_0.h265
[01:40:58.870] [DEBUG] FTP 已连接 192.168.1.101:21 (尝试 1)
[01:43:51.710] [INFO] FTP 下载完成，耗时 173.0s
[01:43:51.710] [PASS] video (355900ms) - 录像成功，文件 /emmc/VIDEO/20260101_000105_5493/Video_5493_0.h265，399054KB | 已下载到 logs/20260820_013705/videos/Video_5493_0.h265
[01:43:51.710] <<< 模块 [video] 结束，耗时 356.1s（结果 PASS）
[01:43:51.710] >>> 模块 [rtmp] 开始执行
[01:43:51.710] [INFO] 自动检测到 PC IP: 192.168.1.89
[01:43:51.710]     - 执行模块: rtmp
[01:43:51.711] [INFO] 检查 RTMP 服务端 (nginx-rtmp) 是否监听 :1935
[01:43:51.711] [INFO] nginx-rtmp 就绪，RTMP 监听 :1935
[01:43:51.711]   RTMP 推流测试: rtmp://192.168.1.89/live/cam / 600s
[01:43:52.016] [INFO] 推流命令已下发，等待 EVB 建连上线...
[01:43:55.023] [INFO] 已在独立终端窗口启动 ffplay 画面确认 (/usr/bin/gnome-terminal)
[01:43:55.023] [INFO] ffprobe 探测 RTMP 流: rtmp://192.168.1.89/live/cam
[01:44:01.541] [INFO] 推流保持 600s（ffplay 画面可手动关闭，不影响测试）...
[01:44:31.570] [INFO]   推流已保持 30/600s ...
[01:45:01.598] [INFO]   推流已保持 60/600s ...
[01:45:31.626] [INFO]   推流已保持 90/600s ...
[01:46:01.654] [INFO]   推流已保持 120/600s ...
[01:46:31.684] [INFO]   推流已保持 150/600s ...
[01:47:01.714] [INFO]   推流已保持 180/600s ...
[01:47:31.742] [INFO]   推流已保持 210/600s ...
[01:48:01.770] [INFO]   推流已保持 240/600s ...
[01:48:31.798] [INFO]   推流已保持 270/600s ...
[01:49:01.826] [INFO]   推流已保持 300/600s ...
[01:49:31.854] [INFO]   推流已保持 330/600s ...
[01:50:01.882] [INFO]   推流已保持 360/600s ...
[01:50:31.910] [INFO]   推流已保持 390/600s ...
[01:51:01.938] [INFO]   推流已保持 420/600s ...
[01:51:31.966] [INFO]   推流已保持 450/600s ...
[01:52:01.994] [INFO]   推流已保持 480/600s ...
[01:52:32.024] [INFO]   推流已保持 510/600s ...
[01:53:02.055] [INFO]   推流已保持 540/600s ...
[01:53:32.085] [INFO]   推流已保持 570/600s ...
[01:54:02.114] [INFO]   推流已保持 600/600s ...
[01:54:02.317] [PASS] rtmp (610606ms) - 推流验证通过: h264 1296x2304 (ffprobe 实时探测)
[01:54:02.317] <<< 模块 [rtmp] 结束，耗时 610.6s（结果 PASS）
[01:54:02.352] ==================================================
[01:54:02.352] 测试完成：共 8 项 | 通过 6 | 失败 0 | 跳过 2 | 错误 0 | 通过率 75.0% | 总耗时 984.7s
[01:54:02.352] ==================================================
[01:54:02.352] [INFO]   json 报告: reports/20260820_013705/result.json
[01:54:02.352] [INFO]   junit 报告: reports/20260820_013705/junit.xml
[01:54:02.352] [INFO]   html 报告: reports/20260820_013705/report.html
[01:55:36.285] [DEBUG] 串口已关闭
