[06:29:09.382] TX> 
[06:29:10.383] TX> 
[06:29:11.383] RX< 
[06:29:11.383] RX< msh />
[06:29:11.383] RX< msh />
[06:29:11.383] TX> 
[06:29:12.384] TX> 
[06:29:13.384] RX< 
[06:29:13.384] RX< msh />
[06:29:13.384] RX< msh />
[06:29:13.393] TX> echo "EVBTEST_HELLO"
[06:29:13.393] TX> echo "__EVBTEST_END_fa6ac794__"
[06:29:15.386] RX< echo "EVBTEST_HELLO"
[06:29:15.386] RX< EVBTEST_HELLO
[06:29:15.386] RX< msh />echo "__EVBTEST_END_fa6ac794__"
[06:29:15.386] RX< __EVBTEST_END_fa6ac794__
[06:29:15.386] RX< msh />
[06:29:15.393] TX> cd /
[06:29:15.393] TX> echo "__EVBTEST_END_dd23f5c1__"
[06:29:17.389] RX< cd /
[06:29:17.389] RX< msh />echo "__EVBTEST_END_dd23f5c1__"
[06:29:17.389] RX< __EVBTEST_END_dd23f5c1__
[06:29:17.389] RX< msh />
[06:29:17.397] TX> dfs_video_stop
[06:29:17.397] TX> echo "__EVBTEST_END_4e5870cf__"
[06:29:19.391] RX< dfs_video_stop
[06:29:19.391] RX< [6] [App Dfs] Please start recording the video first.
[06:29:19.391] RX< msh />echo "__EVBTEST_END_4e5870cf__"
[06:29:19.391] RX< __EVBTEST_END_4e5870cf__
[06:29:19.391] RX< msh />
[06:29:19.397] TX> ftp_server
[06:29:19.397] TX> echo "__EVBTEST_END_7b44572c__"
[06:29:21.393] RX< ftp_server
[06:29:21.393] RX< 
[06:29:21.393] RX< [FTP] Ftp server init success!!!
[06:29:21.393] RX< msh />echo "__EVBTEST_END_7b44572c__"
[06:29:21.393] RX< __EVBTEST_END_7b44572c__
[06:29:21.393] RX< msh />
[06:29:22.413] TX> ifconfig
[06:29:22.413] TX> echo "__EVBTEST_END_e232aebf__"
[06:29:22.413] RX< ifconfig
[06:29:22.413] RX< network interface device: w0 (Default)
[06:29:22.413] RX< MTU: 1500
[06:29:22.413] RX< MAC: 8c ea 12 ba a8 2c 
[06:29:22.413] RX< FLAGS: UP LINK_DOWN INTERNET_DOWN DHCP_ENABLE ETHARP BROADCAST IGMP
[06:29:22.413] RX< ip address: 0.0.0.0
[06:29:22.413] RX< gw address: 0.0.0.0
[06:29:22.413] RX< net mask  : 0.0.0.0
[06:29:22.413] RX< dns server #0: 0.0.0.0
[06:29:22.413] RX< dns server #1: 0.0
[06:29:22.427] RX< .0.0
[06:29:22.427] RX< 
[06:29:22.427] RX< network interface device: w1
[06:29:22.427] RX< MTU: 1500
[06:29:22.427] RX< MAC: 8e ea 12 ba a8 2c 
[06:29:22.427] RX< FLAGS: UP LINK_DOWN INTERNET_DOWN DHCP_ENABLE ETHARP BROADCAST IGMP
[06:29:22.427] RX< ip address: 0.0.0.0
[06:29:22.427] RX< gw address: 0.0.0.0
[06:29:22.427] RX< net mask  : 0.0.0.0
[06:29:22.427] RX< dns server #0: 0.0.0.0
[06:29:22.427] RX< dns server #1: 0.0.0.0
[06:29:22.427] RX< msh />e
[06:29:24.428] RX< cho "__EVBTEST_END_e232aebf__"
[06:29:24.428] RX< __EVBTEST_END_e232aebf__
[06:29:24.428] RX< msh />[32m[I/ftp] service launched success.[0m
[06:29:24.437] TX> wifi scan
[06:29:24.437] TX> echo "__EVBTEST_END_f2e9cba9__"
[06:29:24.494] RX< wifi scan
[06:29:24.494] RX<              SSID                      MAC            security    rssi chn Mbps
[06:29:24.494] RX< ------------------------------- -----------------  -------------- ---- --- ----
[06:29:24.494] RX< HUAWEI-AX2                      02:25:74:39:4e:47  WPA2_AES_PSK   -56    1  300
[06:29:24.494] RX< TP-L
[06:29:24.928] RX< INK_5G_756B                 c2:45:86:39:8c:5f  WPA2_AES_PSK   -57    1  300
[06:29:24.928] RX< ftp_hw_2_4g                     e2:19:01:17:87:d1  WPA2_AES_PSK   -28    1  144
[06:29:24.928] RX< gravityXR                       f4:e4:51:83:e3:00  WPA2_AES_PSK   -62    6  144
[06:29:24.928] RX< gravityXR        
[06:29:25.024] RX<                f4:e4:51:83:d5:80  WPA2_AES_PSK   -45   11  144
[06:29:25.024] RX<  Gwireless                      f4:e4:51:83:d5:81  WPA2_AES_PSK   -43   11  144
[06:29:25.024] RX< G-Demo                          f4:e4:51:83:d5:82  WPA2_AES_PSK   -45   11  144
[06:29:25.024] RX< MTK_CHEETAH_AP_2.4G           
[06:29:25.911] RX<   e0:ef:02:71:f5:71  OPEN           -45   13  300
[06:29:25.911] RX< HUAWEI-X1E3WU                   42:17:a3:f1:cf:49  WPA2_AES_PSK   -67    1  144
[06:29:25.911] RX< HERERS                          4c:49:68:93:0b:24  WPA2_AES_PSK   -72    1  300
[06:29:25.911] RX< ftp_test_2_4G                   62:ed:11:f2
[06:29:26.278] RX< :02:a7  WPA2_AES_PSK   -64    8  144
[06:29:26.278] RX< alk                             2c:97:b1:17:2e:a0  WPA2_AES_PSK   -54   11   72
[06:29:26.278] RX< TP-LINK_756B                    0c:4b:54:8c:75:6b  WPA2_AES_PSK   -67   11  300
[06:29:26.278] RX< YundSoft                        48:5f:08:fd:af:2d  WPA2_
[06:29:28.279] RX< AES_PSK   -58   11  300
[06:29:28.279] RX< msh />echo "__EVBTEST_END_f2e9cba9__"
[06:29:28.279] RX< __EVBTEST_END_f2e9cba9__
[06:29:28.279] RX< msh />
[06:29:28.285] TX> wifi join G-Demo Gdemo@123
[06:29:28.285] TX> echo "__EVBTEST_END_4b491a72__"
[06:29:30.281] RX< wifi join G-Demo Gdemo@123
[06:29:34.284] RX< [32m[I/WLAN.mgnt] wifi connect success ssid:G-Demo[0m
[06:29:34.284] RX< msh />echo "__EVBTEST_END_4b491a72__"
[06:29:34.284] RX< __EVBTEST_END_4b491a72__
[06:29:34.284] RX< msh />
[06:29:36.284] RX< [32m[I/WLAN.lwip] Got IP address : 10.1.90.71[0m
[06:29:36.293] TX> cd /emmc
[06:29:36.293] TX> echo "__EVBTEST_END_a8c8c1f2__"
[06:29:38.287] RX< cd /emmc
[06:29:38.287] RX< msh /emmc>echo "__EVBTEST_END_a8c8c1f2__"
[06:29:38.287] RX< __EVBTEST_END_a8c8c1f2__
[06:29:38.287] RX< msh /emmc>[6] [SNTP] rtc synced: 2026-08-14 09:29:36 (tick=623173632)
[06:29:38.293] TX> ftp_server
[06:29:38.293] TX> echo "__EVBTEST_END_63937194__"
[06:29:40.289] RX< ftp_server
[06:29:40.289] RX< 
[06:29:40.289] RX< [FTP] Ftp server init success!!!
[06:29:40.289] RX< msh /emmc>echo "__EVBTEST_END_63937194__"
[06:29:40.289] RX< __EVBTEST_END_63937194__
[06:29:40.289] RX< msh /emmc>
[06:29:44.291] RX< [33m[W/ftp] service go wrong, now wait restarting...[0m
[06:29:44.291] RX< [33m[W/ftp] service go wrong, now wait restarting...[0m
[06:29:46.257] TX> cam_set photo auto
[06:29:46.257] TX> echo "__EVBTEST_END_e98ac59e__"
[06:29:46.292] RX< [33m[W/ftp] service go wrong, now wait restarting...[0m
[06:29:46.292] RX< cam_set photo auto
[06:29:46.292] RX< [6] [App Dfs] auto mode
[06:29:46.292] RX< msh /emmc>echo "__EVBTEST_END_e98ac59e__"
[06:29:46.292] RX< __EVBTEST_END_e98ac59e__
[06:29:46.292] RX< msh /emmc>
[06:29:47.301] TX> dfs_capture_start
[06:29:47.301] TX> echo "__EVBTEST_END_394f3737__"
[06:29:47.309] RX< [33m[W/ftp] service go wrong, now wait restarting...[0m
[06:29:47.309] RX< [33m[W/ftp] service go wrong, now wait restarting...[0m
[06:29:47.309] RX< dfs_capture_start
[06:29:47.309] RX< [7] [cam] [54206][tshell][cgm_parse_bin:105]total logical camera num: 1
[06:29:47.309] RX< [6] [cam] [54206][tshell][cam_prelude_create:187]E
[06:29:47.309] RX<  id, 0
[06:29:47.309] RX< [7] [cam] [54206][cpl0][cam_prelude_proc_routine:101]thread start
[06:29:47.309] RX< [6] [cam] [54206][tshell][cam_prelude_create:214]X ctx size 124 addr 0x88482d18
[06:29:47.309] RX< [6] [cam] [54212][tshell][sensor_probe:418]sensor [1]: identifing 0 success.
[06:29:47.309] RX< [6] [cam] [54214][tshell
[06:29:47.311] RX< ][sensor_probe:441]sensor [1]: probe exit!
[06:29:47.311] RX< [6] [cam] [54214][tshell][cam_prelude_fast_probe:251]cam: 0 probe result: 0
[06:29:47.311] RX< [6] [cam] [54214][tshell][cgm_parse_bin:215]cam(0) probe success
[06:29:47.311] RX< [6] [cam] [54214][tshell][cam_entry:435]entry ok
[06:29:47.311] RX< [34m[cam entry] perf
[06:29:47.312] RX< =9471(us)!
[06:29:47.312] RX< [0m[6] [App Cam] cam entry success
[06:29:47.312] RX< [36mmem_laySolv: scenario=01 in=4032x3024, me_rotate=1 me_stripe=1 
[06:29:47.312] RX< [0m[36mmem_laySolv: me_rot 1, me_stripe 1, eis 0, be_rot 0
[06:29:47.312] RX< [0mscen1 type26 bufAdr 0x89d40b70 sz 0x1400000 reCfg for bound!
[06:29:47.312] RX< [36mmem_lay
[06:29:47.314] RX< Solv: scen01 20 entries solved OK!
[06:29:47.314] RX< [0m[7] [cam] [54217][tshell][cam_solve_whole_layout:355]
[06:29:47.314] RX< scen1: vol 0x8c000000 rbuf 0x8a000000 sz 0x1400000 wbuf 0x8b400000 sz 0x200000
[06:29:47.314] RX< [36mmem_laySolv: scenario=02 in=2016x1512, me_rotate=0 me_stripe=0 
[06:29:47.314] RX< [0m[36mmem_
[06:29:47.314] RX< laySolv: me_rot 0, me_stripe 0, eis 0, be_rot 0
[06:29:47.314] RX< [0mscen2 type15 bufAdr 0x89ce3ef0 sz 0xd00000 reCfg for bound!
[06:29:47.314] RX< [36mmem_laySolv: scen02 14 entries solved OK!
[06:29:47.314] RX< [0m[36mmem_laySolv: scenario=03 in=4032x2268, me_rotate=1 me_stripe=0 
[06:29:47.314] RX< [0m[36mmem_laySolv: 
[06:29:47.317] RX< me_rot 1, me_stripe 0, eis 0, be_rot 0
[06:29:47.317] RX< [0m[36mmem_laySolv: scen03 14 entries solved OK!
[06:29:47.317] RX< [0m[36mmem_laySolv: scenario=04 in=4032x3024, me_rotate=1 me_stripe=1 
[06:29:47.317] RX< [0m[36mmem_laySolv: me_rot 1, me_stripe 1, eis 0, be_rot 0
[06:29:47.317] RX< [0m[36mmem_laySolv: scen04 1
[06:29:47.317] RX< 4 entries solved OK!
[06:29:47.317] RX< [0m[36mmem_laySolv: scenario=05 in=1008x0756, me_rotate=0 me_stripe=0 
[06:29:47.317] RX< [0m[36mmem_laySolv: me_rot 0, me_stripe 0, eis 0, be_rot 0
[06:29:47.317] RX< [0m[36mmem_laySolv: scen05 17 entries solved OK!
[06:29:47.317] RX< [0m[36mmem_laySolv: scenario=06 in=1008x0720, 
[06:29:47.320] RX< me_rotate=0 me_stripe=0 
[06:29:47.320] RX< [0m[36mmem_laySolv: me_rot 0, me_stripe 0, eis 0, be_rot 0
[06:29:47.320] RX< [0m[36mmem_laySolv: scen06 12 entries solved OK!
[06:29:47.320] RX< [0m[36mmem_laySolv: scenario=01 in=4032x3024, me_rotate=1 me_stripe=1 
[06:29:47.320] RX< [0mscen1 type26 bufAdr 0x89d40b70 sz 0x1400
[06:29:47.320] RX< 000 reCfg for bound!
[06:29:47.320] RX< [36mmem_laySolv: scen01 20 entries solved OK!
[06:29:47.320] RX< [0m[7] [cam] [54224][tshell][cam_solve_whole_layout:383]Solve Whole-layout Done!
[06:29:47.320] RX< [6] [cam] [54224][tshell][cgm_parse_media_para:271]phy cam num: 1
[06:29:47.320] RX< [7] [cam] [54225][cer0][cer_recovery_p
[06:29:47.322] RX< roc:343]thread start cid, 0
[06:29:47.322] RX< [6] [cam] [54225][tshell][csc_open:443]SENSOR MCLK cal: 24MHz
[06:29:47.322] RX< [6] [cam] [54225][tshell][csc_isp_clk_cal:344]MIPI CLK cal: 346MHz
[06:29:47.322] RX< [6] [cam] [54226][tshell][csc_isp_clk_cal:371]LITE CLK cal: 28MHz
[06:29:47.322] RX< [7] [cam] [54226][tshell][cpc_c
[06:29:47.323] RX< si_rx_power_on:633]E id: 2
[06:29:47.323] RX< [4] [cam] [54226][tshell][cpc_csi_rx_power_on:644]csi_2 has already power on, STATUS: 1
[06:29:47.323] RX< [6] [cam] [54227][tshell][cpc_update_clock:603]actual SNS mclk: 24MHz
[06:29:47.323] RX< [6] [cam] [54227][tshell][cpc_update_clock:608]actual MIPI0: 500MHz
[06:29:47.323] RX< [
[06:29:47.329] RX< 6] [cam] [54228][tshell][cpc_update_clock:598]actual LITE clk: 50MHz
[06:29:47.329] RX< [7] [cam] [54228][tshell][cam_prelude_open:297][34msnsOpen camID1 csiID0 phyIdx0[0m
[06:29:47.329] RX< [6] [cam] [54233][tshell][sensor_expo_gain_match:48]sensor get sensor expo gain of imx681_vst
[06:29:47.329] RX< [6] [c
[06:29:47.329] RX< am] [54233][tshell][sensor_open:684]sensor [1] open OK.
[06:29:47.329] RX< [6] [cam] [54233][tshell][cam_cpm_parse_media:280]photo scenario, media para[mfnr:0, hdr:0, capture_num:0]
[06:29:47.329] RX< [6] [cam] [54234][tshell][cam_cpm_parse_media:283]photo scenario, media para[iso:0, gain:0, 
[06:29:47.332] RX< wb_mode:0]
[06:29:47.332] RX< [6] [cam] [54235][tshell][csc_isp_clk_cal:353]FE CLK cal: 426MHz, ME CLK cal: 462MHz, FE/ME CLK cal: 508MHz
[06:29:47.332] RX< [6] [cam] [54235][tshell][csc_isp_clk_cal:360]BE CLK cal: 401MHz
[06:29:47.332] RX< [4] [cam] [54236][tshell][cam_fe_core_power_on:269]fe pipe has already
[06:29:47.335] RX<  power on, STATUS: 1
[06:29:47.335] RX< [6] [cam] [54236][tshell][cpc_update_clock:588]actual FE/ME clk: 550MHz
[06:29:47.335] RX< [4] [cam] [54236][tshell][cam_be_core_power_on:964]be pipe has already power on, STATUS: 1
[06:29:47.335] RX< [6] [cam] [54237][tshell][cpc_update_clock:593]actual BE clk: 500MHz
[06:29:47.335] RX< [
[06:29:47.335] RX< 7] [cam] [54237][tshell][cam_cpm_core_power_on:425]id,0 type,1 ret 0
[06:29:47.335] RX< [6] [cam] [54238][tshell][cam_cpm_core_init:914]E id,0 sensor type,1
[06:29:47.335] RX< [6] [cam] [54239][tshell][cpm_core_check_tuningbin:854]Tuning bin crc check PASS! sum 0xc9b121ad, xor 0x29d57d51
[06:29:47.335] RX< [6] 
[06:29:47.338] RX< [cam] [54239][tshell][qpc_tuning_check_iqbin_validness:396]IQ bin addr: 0x8869de60, project_name: capture_12M
[06:29:47.338] RX< [6] [cam] [54240][tshell][qpc_tuning_check_iqbin_validness:397]total_size: 107856
[06:29:47.338] RX< [6] [cam] [54240][tshell][qpc_tuning_check_iqbin_validness:398]
[06:29:47.338] RX< id_count: 93. ID_TOTAL: 94
[06:29:47.338] RX< [6] [cam] [54241][tshell][qpc_tuning_check_iqbin_validness:399]spinel tuning data ver: V1.30
[06:29:47.338] RX< [6] [cam] [54241][tshell][cpm_core_check_tuningbin:868]IQ bin check success!
[06:29:47.338] RX< [6] [cam] [54242][tshell][cam_bm_core_init:94]E
[06:29:47.338] RX< [6] [cam]
[06:29:47.345] RX<  [54242][tshell][bm_lab_init:174]X ctx size 4 addr 0x88455450
[06:29:47.345] RX< [6] [cam] [54243][tshell][cam_bm_core_init:114]X ctx size 180 addr 0x88485878
[06:29:47.345] RX< [6] [cam] [54243][tshell][qpc_core_init:1218]E id,0
[06:29:47.345] RX< [6] [cam] [54243][tshell][qpc_queue_init:65]QPC init qnodes 8,
[06:29:47.345] RX<  size 508, pool 0x88486828
[06:29:47.345] RX< [6] [cam] [54244][tshell][_qpc_get_cap_cfg_para:892]preset capCfg 200 3 4
[06:29:47.345] RX< [7] [cam] [54244][tshell][_qpc_cfg_hdr_frms:840]hdr preset - gainThres 1600
[06:29:47.345] RX< FrmNB:	TNR	|EV-	|EV0	|EV+
[06:29:47.345] RX< LDR:	 3	| 5	| -	| 3
[06:29:47.345] RX< LLLDR:	 3	| 5	| -	| 3
[06:29:47.345] RX< HDR:	 3	| 
[06:29:47.349] RX< 5	| 3	| 1
[06:29:47.349] RX< LLHDR:	 3	| 5	| 3	| 1
[06:29:47.349] RX< 
[06:29:47.349] RX< [6] [cam] [54250][tshell][qpc_core_init:1264]X ctx size 3800 addr 0x88485940
[06:29:47.349] RX< [6] [cam] [54250][tshell][cpm_core_get_param:666]cpm para chk: tunBin-w 4000 h 3000 img-w 4032 h 3024
[06:29:47.349] RX< [6] [cam] [54250][tshell][cam_fe_core_init:
[06:29:47.350] RX< 436]E id,0
[06:29:47.350] RX< [6] [cam] [54251][tshell][cam_fe_core_init:490]X ctx size 100 addr 0x884973b8
[06:29:47.350] RX< [7] [cam] [54251][tshell][qpc_core_fe_chords_init:1659][34mqpc fe init snsOut w 4032 h 3024, tbl w 28 h 20[0m
[06:29:47.350] RX< [6] [cam] [54252][tshell][cam_me_core_init:1474]X ctx 
[06:29:47.352] RX< size 1352 addr 0x88499770
[06:29:47.352] RX< [34m[ME SLICE CFG] perf=1441(us)!
[06:29:47.352] RX< [0m[6] [cam] [54254][tshell][cam_bayer_fe_3a_stats_core_init:445]fe 3a id,0
[06:29:47.352] RX< [6] [cam] [54255][tshell][cam_bayer_fe_3a_stats_core_init:490]X ctx size 132 addr 0x884a2190
[06:29:47.352] RX< [6] [cam] [54255][tshel
[06:29:47.352] RX< l][cam_be_core_init:618]E id,0
[06:29:47.352] RX< [7] [cam] [54255][be0][be_core_irq_proc:267]thread start cid,0
[06:29:47.352] RX< [6] [cam] [54256][tshell][cam_be_core_init:710]X ctx size 464 addr 0x884a2520
[06:29:47.352] RX< [6] [cam] [54256][tshell][cam_lite_core_init:433]E id,0
[06:29:47.352] RX< [7] [cam] [54256][lite0][l
[06:29:47.356] RX< ite_core_irq_proc:152]thread start cid,0
[06:29:47.356] RX< [6] [cam] [54257][tshell][cam_lite_core_init:497]X ctx size 164 addr 0x884a4f70
[06:29:47.356] RX< [6] [cam] [54257][tshell][awb_wrapper_init:66]xxx awb_bin=0x88488f14, awb_bin_length=8068
[06:29:47.356] RX< [6] [cam] [54258][tshell][awb_wrapper_init:
[06:29:47.357] RX< 86]X algo_handle 0x884acfa8
[06:29:47.357] RX< [7] [cam] [54258][awb0][a5_core_wrapper_task:252]thread start cid,0 algo type,2
[06:29:47.357] RX< [6] [cam] [54259][tshell][a5_core_init_task:426]thread created: awb0 mq=0x884af2a0 thread=0x884af3b8 sem=0x884af230 ret=0
[06:29:47.357] RX< [6] [cam] [54259][tshell]
[06:29:47.359] RX< [bayer_ae_wrapper_init:68]E id,0 proc mode 1 
[06:29:47.359] RX< 
[06:29:47.359] RX< [AEC Proc] @[allib_ae_set_debug_log_flag] Line:129:[DEBUG] debug level/to_file/to_terminal: 22/1/1
[06:29:47.359] RX< [AEC Proc] @[AeInit] Line:377:[INFO] AE ver: 2026_V2.269
[06:29:47.359] RX< 
[06:29:47.359] RX< [AEC Proc] @[allib_ae_loadfunc] Line:193:[INFO] ca
[06:29:47.359] RX< mera ID: 0
[06:29:47.359] RX< [AEC Proc] @[AeInit] Line:404:[DEBUG] init imu detector sucessed!
[06:29:47.359] RX< [AEC Proc] @[AeInit] Line:406:[DEBUG] imu init errcode:0
[06:29:47.359] RX< [AEC Proc] @[alAE_set_param] Line:575:[DEBUG] sw_maxtime 66381 ,pertline 9444, after check sensor step sw_max_time 66375.
[06:29:47.362] RX< 00
[06:29:47.362] RX< [AEC Proc] @[alAE_set_param] Line:580:[DEBUG] sw_mintime 37 ,pertline 9444, after check sensor step sw_min_time 36.00
[06:29:47.362] RX< [AEC Proc] @[alAE_set_param] Line:513:[DEBUG] DEBUG minbv exptime 9 gain 100, minExpBV 14098
[06:29:47.362] RX< [AEC Proc] @[AeTuningParseSet] Line:167:
[06:29:47.362] RX< [DEBUG] aeparam version 2.268 60704
[06:29:47.362] RX< [AEC Proc] @[alAE_set_param] Line:340:[DEBUG] INITEXP gain 100, shutter 8000, midtonegain 100, bv 4303
[06:29:47.362] RX< [6] [cam] [54266][tshell][bayer_ae_wrapper_init:119]X tline 9444 max_exp 66381 alg_hdl 0x884b1b68 
[06:29:47.362] RX< [7] [cam] [54266]
[06:29:47.365] RX< [b_ae0][a5_core_wrapper_task:252]thread start cid,0 algo type,0
[06:29:47.365] RX< [6] [cam] [54267][tshell][a5_core_init_task:426]thread created: b_ae0 mq=0x884b8440 thread=0x884b8558 sem=0x884b83d0 ret=0
[06:29:47.365] RX< [6] [cam] [54267][tshell][atf_wrapper_init:67]E id,0
[06:29:47.365] RX< [6] [cam] [542
[06:29:47.365] RX< 68][tshell][atf_wrapper_init:107]X alg_ctx addr 0x884baa18
[06:29:47.365] RX< [7] [cam] [54268][atf0][a5_core_wrapper_task:252]thread start cid,0 algo type,1
[06:29:47.365] RX< [6] [cam] [54269][tshell][a5_core_init_task:426]thread created: atf0 mq=0x884bcd70 thread=0x884bce88 sem=0x884bcd00 
[06:29:47.373] RX< ret=0
[06:29:47.373] RX< [6] [cam] [54269][tshell][cam_cpm_core_init:1030]X ctx size 1064 addr 0x88485440
[06:29:47.373] RX< [6] [cam] [54270][tshell][csc_open:527]ok! phys_id[1], phys_num[1] 
[06:29:47.373] RX< [6] [cam] [54270][tshell][cam_open:699]open ok! camera_id[0]
[06:29:47.373] RX< [34m[cam open] perf=55619(us)!
[06:29:47.373] RX< [0m[6
[06:29:47.373] RX< ] [App Cam] cam open success
[06:29:47.373] RX< [6] [cam] [54276][tshell][csc_init:637]sensor info:size:4032x3024, formt: 0x2b, bps: 2496, tline: 9444
[06:29:47.373] RX< [6] [cam] [54276][tshell][cam_sif_mgr_init:261]E id,0
[06:29:47.373] RX< [7] [cam] [54277][sif0][sif_irq_proc:151]thread start cid,0
[06:29:47.373] RX< [6] [cam
[06:29:47.375] RX< ] [54277][tshell][cam_sif_mgr_init:293]X ctx size 52 addr 0x884d5f40
[06:29:47.375] RX< [7] [cam] [54278][tshell][sif_btm_paramSet:102]btm lite w4032 h4032 binEn1 binRatio2
[06:29:47.375] RX< [7] [cam] [54278][tshell][sif_btm_paramSet:106]cropSlct2 x0 y0 w4032 h4032
[06:29:47.375] RX< [6] [cam] [54279][tshell]
[06:29:47.375] RX< [cam_prelude_init_cfg:368]CSI ID is 0,  phy lanes is 2.
[06:29:47.375] RX< [7] [cam] [54279][tshell][check_phy_ready:96]MIPI_PHY[0] is ready
[06:29:47.375] RX< [6] [cam] [54280][tshell][sensor_init:348]sensor [1]: register ok
[06:29:47.375] RX< [6] [cam] [54280][tshell][sensor_set_mode:852]sensor [1]: SetMode -
[06:29:47.404] RX< > mode = 0.
[06:29:47.404] RX< [6] [cam] [54280][tshell][sensor_send_reg_tab_to_sensor:704]sensor [1]: send_reg_tab_to_sensor E.
[06:29:47.404] RX< [6] [cam] [54291][tshell][sensor_send_reg_tab_to_sensor:726]sensor [1]: reg_count = 77.
[06:29:47.404] RX< [6] [cam] [54293][tshell][sensor_init:361]sensor [1]: ini
[06:29:47.404] RX< t success.
[06:29:47.404] RX< [6] [cam] [54293][tshell][sensor_set_mode:852]sensor [1]: SetMode -> mode = 1.
[06:29:47.404] RX< [6] [cam] [54294][tshell][sensor_send_reg_tab_to_sensor:704]sensor [1]: send_reg_tab_to_sensor E.
[06:29:47.404] RX< [6] [cam] [54309][tshell][sensor_send_reg_tab_to_sensor:726]sensor 
[06:29:47.406] RX< [1]: reg_count = 84.
[06:29:47.406] RX< [6] [cam] [54309][tshell][csc_init:646]ok! phys_id[1], phys_num[1]
[06:29:47.406] RX< [6] [cam] [54309][tshell][csc_get_bayer_single_buffer:1038]scenario_type: 1
[06:29:47.406] RX< [6] [cam] [54309][tshell][csc_set_stats_fmt:98]index 0 w 1 h 1 bw 8 wcmp 255
[06:29:47.406] RX< [7] [cam] [54
[06:29:47.406] RX< 310][tshell][bm_ioctl:201]BMIOC_STATS_FMT
[06:29:47.406] RX< [6] [cam] [54310][tshell][csc_set_fe_fmt:47]index 1 w 4032 h 3024 bw 10 wcmp 0
[06:29:47.406] RX< [7] [cam] [54311][tshell][bm_ioctl:201]BMIOC_FE_FMT
[06:29:47.406] RX< [6] [cam] [54311][tshell][csc_set_lite_fmt:115]index 2 w 1008 h 720 bw 8 wcmp 255
[06:29:47.409] RX< 
[06:29:47.409] RX< [7] [cam] [54312][tshell][bm_ioctl:201]BMIOC_LITE_FMT
[06:29:47.409] RX< [6] [cam] [54312][tshell][csc_set_lite_fmt:115]index 21 w 1008 h 720 bw 8 wcmp 255
[06:29:47.409] RX< [7] [cam] [54312][tshell][bm_ioctl:201]BMIOC_LITE_FMT
[06:29:47.409] RX< [6] [cam] [54313][tshell][csc_set_be_fmt:81]index 25 w 0 h 0 bw
[06:29:47.409] RX<  8 wcmp 255
[06:29:47.409] RX< [7] [cam] [54313][tshell][bm_ioctl:201]BMIOC_BE_FMT
[06:29:47.409] RX< [6] [cam] [54313][tshell][csc_set_be_fmt:81]index 22 w 480 h 360 bw 8 wcmp 255
[06:29:47.409] RX< [7] [cam] [54314][tshell][bm_ioctl:201]BMIOC_BE_FMT
[06:29:47.409] RX< [6] [cam] [54314][tshell][csc_set_me_fmt:64]index 5 w 3024 
[06:29:47.412] RX< h 4032 bw 10 wcmp 0, rdma_addr 0x8919f780, wdma_addr 0x8919f780
[06:29:47.412] RX< [7] [cam] [54315][tshell][bm_ioctl:201]BMIOC_ME_FMT
[06:29:47.412] RX< [6] [cam] [54315][tshell][csc_set_me_fmt:64]index 6 w 3024 h 4032 bw 8 wcmp 255, rdma_addr 0x88795200, wdma_addr 0x8c000000
[06:29:47.412] RX< [6] [cam] [543
[06:29:47.412] RX< 16][tshell][cam_me_core_buffer_cfg:1367]
[06:29:47.412] RX< ----ME PIPE INFO---
[06:29:47.412] RX<  wdma_buf_num:1, rotation_en: 1
[06:29:47.412] RX< [7] [cam] [54316][tshell][cam_me_core_buffer_cfg:1375]yuv wdma_addr 0:0x8c000000, meta_en: 0, 0x00000000
[06:29:47.412] RX< [7] [cam] [54317][tshell][bm_ioctl:201]BMIOC_ME_FMT
[06:29:47.412] RX< [6] [
[06:29:47.415] RX< cam] [54317][tshell][csc_init:654]get otp ok! phys_id[1], phys_num[1]
[06:29:47.415] RX< [6] [cam] [54318][tshell][cam_init:789]init ok! logic_id[0]
[06:29:47.415] RX< [34m[cam init] perf=41469(us)!
[06:29:47.415] RX< [0m[6] [App Cam] cam init success
[06:29:47.415] RX< [7] [cam] [54318][tshell][cam_cpm_core_stream_on:541]id 0
[06:29:47.432] RX<  sensor type 1
[06:29:47.432] RX< [6] [cam] [54319][tshell][sensor_stream_on:979]sensor [1]: stream_on
[06:29:47.432] RX< [6] [cam] [54319][tshell][sensor_stream_on:1007]sensor [1]: REG: 0x100, W:0x1.
[06:29:47.432] RX< [6] [cam] [54320][tshell][sensor_stream_on:1009]sensor [1]: REG: 0x100, R:0x1.
[06:29:47.432] RX< [6] [cam] [54
[06:29:47.433] RX< 320][tshell][csc_prv_start:783]ok! phys_id[1], phys_num[1], cam_ids[1]
[06:29:47.433] RX< [6] [cam] [54321][tshell][cam_start:897]preview start ok! logic_id[0]
[06:29:47.433] RX< [34m[cam start] perf=2394(us)!
[06:29:47.433] RX< [0m[6] [App Cam] cam start success
[06:29:47.433] RX< [6] [App Dfs] Gravity_XR Capture Start
[06:29:47.433] RX< msh /e
[06:29:47.473] RX< mmc>echo "__EVBTEST_END_394f3737__"
[06:29:47.473] RX< __EVBTEST_END_394f3737__
[06:29:47.473] RX< msh /emmc>[7] [cam] [54322][b_3a_sts][bayer_stats_core_irq_proc:164]thread start cid,0
[06:29:47.473] RX< [7] [cam] [54322][fe0][fe_core_irq_proc:98]thread start cid,0
[06:29:47.473] RX< [34m[AE] fid=0,exp=10161,adg=400,Y=1051,mtg=
[06:29:47.838] RX< 100,shg=100,bgbv=2026,iso=400,cnv0,hdr0
[06:29:47.838] RX< [0m[34m[b_ae0 proc] perf=2695(us), max=2695(us)!
[06:29:47.838] RX< [0m[34m[awb0 proc] perf=1418(us), max=1418(us)!
[06:29:47.838] RX< [0m[34m[AE conv] fid=11,exp=14688,adg=400,Y=4548,mtg=350,shg=101,bgbv=1495,iso=400,cnv1,hdr1
[06:29:47.838] RX< [0m[7] [cam] [5472
[06:29:47.874] RX< 7][fe0][_qpc_hdr_rslt_chk:1564]
[06:29:47.874] RX< ALG: EV0 t14688 g400 | EV+ t14688 g400 | EV- t10386 g157
[06:29:47.874] RX< [6] [cam] [54728][fe0][qpc_core_hdr_mapExp_cfg:1632]evMapExp set OK, typ:2 1 FF num:3 5 0
[06:29:47.874] RX< [34m[cap] FE sync ME @fid11 as mod2 cfg0x01, cap 8frms @fid+3
[06:29:47.874] RX< [0m[7] [ca
[06:29:47.941] RX< m] [54763][qpc0][qpc_core_hdr_upd_sensor:558][HDRupd]: Sns cap-0 EV:0->2 st-14688 ag-400
[06:29:47.941] RX< [6] [cam] [54810][me0][cpm_cb_fe2me_tikChk:152]frm_length 33329us, fe2me delta 12
[06:29:47.941] RX< [7] [cam] [54810][qpc0][qpc_core_hdr_upd_me:605][HDRupd] ME cap-0 EV:0->2, dg-100
[06:29:47.941] RX< [7
[06:29:48.003] RX< ] [JPEG] frame num=8, pre frame=873813 Bytes
[06:29:48.003] RX< [exif] cap 0, bv 1495 exp 14688 iso 400 time 54815
[06:29:48.003] RX< [6] [cam] [54830][fe0][_cpm_cb_jpegInfo_proc:602]SnapStream E @ frm15!
[06:29:48.003] RX< [cap] oFrm15 Ym14555 bv1195 lux183
[06:29:48.003] RX< [32m[BE] fid=0, perf=1447(us), max=1447(us)!
[06:29:48.003] RX< [0m[7
[06:29:48.040] RX< ] [cam] [54867][qpc0][qpc_core_hdr_upd_sensor:558][HDRupd]: Sns cap-3 EV:2->1 st-10386 ag-157
[06:29:48.040] RX< [34m[cap] fid: me0 fe16, perf=556409(us)!
[06:29:48.040] RX< [0m[7] [cam] [54877][me0][me_core_thread:322]ME out fid 0
[06:29:48.040] RX< [cap] oFrm16 Ym15459 bv1050 lux165
[06:29:48.040] RX< [cap] oFrm17 Ym15738 bv1
[06:29:48.219] RX< 094 lux170
[06:29:48.219] RX< [exif] cap 3, bv 1495 exp 10386 iso 157 time 54919
[06:29:48.219] RX< [cap] oFrm18 Ym5350 bv-439 lux59
[06:29:48.219] RX< [cap] oFrm19 Ym6017 bv-430 lux59
[06:29:48.219] RX< [cap] oFrm20 Ym6119 bv-576 lux53
[06:29:48.219] RX< [cap] oFrm21 Ym6027 bv-518 lux55
[06:29:48.219] RX< [cap] oFrm22 Ym7163 bv-2111 lux18
[06:29:48.219] RX< [6] [cam] [55097][fe0][_cpm_
[06:29:48.344] RX< cb_jpegInfo_proc:610]SnapStream X @ frm23!
[06:29:48.344] RX< [34m[cap] fid: me7 fe23, perf=32847(us)!
[06:29:48.344] RX< [0m[33m[W/ftp] service go wrong, now wait restarting...[0m
[06:29:48.344] RX< [6] [App Dfs] Gravity_XR Capture Stop Success: total frames = 8
[06:29:48.344] RX< [6] [cam] [55247][DfsSend][sensor_stream_off:
[06:29:48.344] RX< 1143]sensor [1]: stream_off
[06:29:48.344] RX< [6] [cam] [55248][DfsSend][sensor_stream_off:1172]sensor [1]: REG: 0x100, W:0x0.
[06:29:48.344] RX< [6] [cam] [55248][DfsSend][sensor_stream_off:1174]sensor [1]: REG: 0x100, R:0x0.
[06:29:48.344] RX< [6] [cam] [55248][DfsSend][csc_prv_stop:893]ok! phys_id[1], phys_
[06:29:48.348] RX< num[1], stop_type = 0
[06:29:48.348] RX< [6] [cam] [55249][DfsSend][cam_stop:1017]preview stop ok! logic_id[0]
[06:29:48.348] RX< [34m[cam stop] perf=2429(us)!
[06:29:48.348] RX< [0m[6] [App Cam] cam stop success
[06:29:48.348] RX< [7] [cam] [55250][DfsSend][cam_cpm_core_power_off:457]id,0 type,1 ret 0
[06:29:48.348] RX< [6] [cam] [55250][sif0]
[06:29:48.348] RX< [sif_irq_proc:174]thread release cid,0
[06:29:48.348] RX< [6] [cam] [55250][DfsSend][cam_sif_mgr_deinit:316]X
[06:29:48.348] RX< [6] [cam] [55251][DfsSend][cam_deinit:846]deinit ok! logic_id[0]
[06:29:48.348] RX< [34m[cam deinit] perf=1220(us)!
[06:29:48.348] RX< [0m[6] [App Cam] cam deinit success
[06:29:48.348] RX< [6] [cam] [55251][DfsSend][s
[06:29:48.351] RX< ensor_close:1247]sensor [1]: close!
[06:29:48.351] RX< [6] [cam] [55253][DfsSend][cam_bm_core_deinit:136]X
[06:29:48.351] RX< [INFO]	cpm[0] snsType1 capMod2 cfg0x01 8frms
[06:29:48.351] RX< [head]  frmID ref 11 eff 15 sns 13 cdma 14 
[06:29:48.351] RX< [AErlt] flags fid 11 isWdr 1 isConv 1 sport 0 scen 1
[06:29:48.351] RX<         info  Lux 225 Y
[06:29:48.351] RX< mean 4548 nxtBV -386 bgBV 1495
[06:29:48.351] RX< [exp]   norm  st14688 adg00400 ispg00100
[06:29:48.351] RX<         short st10386 adg00157 ispg00100
[06:29:48.351] RX<         long  st14688 adg00400 ispg00100
[06:29:48.351] RX< [head]  frmID ref 10 eff 14 sns 12 cdma 13 
[06:29:48.351] RX< [AErlt] flags fid 10 isWdr 0 isConv 2 sport 0 scen 0
[06:29:48.351] RX<   
[06:29:48.354] RX<       info  Lux 225 Ymean 4569 nxtBV 1426 bgBV 1495
[06:29:48.354] RX< [exp]   norm  st14688 adg00400 ispg00100
[06:29:48.354] RX<         short st00000 adg00000 ispg00100
[06:29:48.354] RX<         long  st00000 adg00000 ispg00100
[06:29:48.354] RX< [head]  frmID ref 9 eff 13 sns 11 cdma 12 
[06:29:48.354] RX< [AErlt] flags fid 9 isWdr 0 isConv 0
[06:29:48.354] RX<  sport 0 scen 0
[06:29:48.354] RX<         info  Lux 225 Ymean 4486 nxtBV 1426 bgBV 1495
[06:29:48.354] RX< [exp]   norm  st14688 adg00400 ispg00100
[06:29:48.354] RX<         short st00000 adg00000 ispg00100
[06:29:48.354] RX<         long  st00000 adg00000 ispg00100
[06:29:48.354] RX< [head]  frmID ref 8 eff 12 sns 10 cdma 11 
[06:29:48.354] RX< [AErlt] flags fid
[06:29:48.356] RX<  8 isWdr 0 isConv 0 sport 0 scen 0
[06:29:48.356] RX<         info  Lux 223 Ymean 5009 nxtBV 1417 bgBV 1486
[06:29:48.356] RX< [exp]   norm  st14778 adg00400 ispg00100
[06:29:48.356] RX<         short st00000 adg00000 ispg00100
[06:29:48.356] RX<         long  st00000 adg00000 ispg00100
[06:29:48.356] RX< [head]  frmID ref 7 eff 11 sns 9 cdma 10 
[06:29:48.356] RX< 
[06:29:48.356] RX< [AErlt] flags fid 7 isWdr 0 isConv 0 sport 0 scen 0
[06:29:48.356] RX<         info  Lux 231 Ymean 2795 nxtBV 1467 bgBV 1535
[06:29:48.356] RX< [exp]   norm  st14283 adg00400 ispg00100
[06:29:48.356] RX<         short st00000 adg00000 ispg00100
[06:29:48.356] RX<         long  st00000 adg00000 ispg00100
[06:29:48.356] RX< [6] [cam] [55261][be0][
[06:29:48.359] RX< be_core_irq_proc:326]thread release cid,0
[06:29:48.359] RX< [6] [cam] [55261][DfsSend][cam_be_core_deinit:787]X
[06:29:48.359] RX< [6] [cam] [55262][me0][me_core_thread:367]thread release cid,0
[06:29:48.359] RX< [6] [cam] [55262][DfsSend][cam_me_core_deinit:1502]X
[06:29:48.359] RX< [6] [cam] [55263][fe0][fe_core_irq_proc:121]
[06:29:48.359] RX< thread release cid,0
[06:29:48.359] RX< [6] [cam] [55263][DfsSend][cam_fe_core_deinit:536]X
[06:29:48.359] RX< [6] [cam] [55263][b_3a_sts][bayer_stats_core_irq_proc:193]thread release cid,0
[06:29:48.359] RX< [6] [cam] [55263][DfsSend][cam_bayer_stats_core_deinit:512]X
[06:29:48.359] RX< [6] [cam] [55264][lite0][lite_core_irq_pr
[06:29:48.362] RX< oc:190]thread release cid,0
[06:29:48.362] RX< [6] [cam] [55264][DfsSend][cam_lite_core_deinit:556]X
[06:29:48.362] RX< [6] [cam] [55265][b_ae0][a5_core_wrapper_task:315]thread release cid,0,algo,0
[06:29:48.362] RX< [6] [cam] [55265][DfsSend][bayer_ae_wrapper_deinit:204]X
[06:29:48.362] RX< [6] [cam] [55265][atf0][a5_core_wrapp
[06:29:48.362] RX< er_task:315]thread release cid,0,algo,1
[06:29:48.362] RX< [6] [cam] [55266][DfsSend][atf_wrapper_deinit:153]X
[06:29:48.362] RX< [6] [cam] [55266][awb0][a5_core_wrapper_task:315]thread release cid,0,algo,2
[06:29:48.362] RX< [6] [cam] [55266][DfsSend][awb_wrapper_deinit:153]X
[06:29:48.362] RX< [6] [cam] [55267][DfsSend][cam_5a
[06:29:48.365] RX< _core_deinit:555]X
[06:29:48.365] RX< [6] [cam] [55267][DfsSend][cam_5a_inf_deinit:149]X
[06:29:48.365] RX< [6] [cam] [55267][qpc0][qpc_core_msg_proc:697]thread release cid,0
[06:29:48.365] RX< [6] [cam] [55268][DfsSend][qpc_core_deinit:1330]X
[06:29:48.365] RX< [6] [cam] [55268][DfsSend][cam_cpm_core_deinit:1107]X
[06:29:48.365] RX< [6] [cam] [55
[06:29:48.365] RX< 268][DfsSend][csc_close:584]ok! phys_id[1], phys_num[1]
[06:29:48.365] RX< [7] [cam] [55269][cer0][cer_recovery_proc:352]msg type = 254
[06:29:48.365] RX< [6] [cam] [55269][cer0][cer_recovery_proc:454]thread release cid,0
[06:29:48.365] RX< [6] [cam] [55270][DfsSend][cer_deinit:560]X
[06:29:48.365] RX< [6] [cam] [55270][DfsSend]
[06:29:48.388] RX< [cam_close:750]close ok! logic_id[0]
[06:29:48.388] RX< [34m[cam close] perf=18726(us)!
[06:29:48.388] RX< [0m[6] [App Cam] cam close success
[06:29:48.388] RX< [6] [cam] [55271][cpl0][cam_prelude_proc_routine:136]thread release
[06:29:48.388] RX< [6] [cam] [55271][DfsSend][cam_exit:551]exit ok!
[06:29:48.388] RX< [34m[cam exit] perf=652(us)!
[06:29:50.308] RX< [0m[6] [App Cam] cam exit success
[06:29:50.308] RX< [6] [App Cam] jpeg deinit success
[06:29:50.308] RX< [6] [App Dfs] Save Photo Successful: /emmc/PIC/20260814_092947_4321/
[06:29:50.308] RX< [6] [App Dfs] Capture completed successfully.
[06:29:50.308] RX< [33m[W/ftp] service go wrong, now wait restarting...[0m
[06:29:50.308] RX< [33m[W/ftp]
[06:29:50.317] TX> ftp_server
[06:29:50.317] TX> echo "__EVBTEST_END_606f7d78__"
[06:29:52.294] RX<  service go wrong, now wait restarting...[0m
[06:29:52.294] RX< ftp_server
[06:29:52.294] RX< 
[06:29:52.294] RX< [FTP] Ftp server init success!!!
[06:29:52.294] RX< msh /emmc>echo "__EVBTEST_END_606f7d78__"
[06:29:52.294] RX< __EVBTEST_END_606f7d78__
[06:29:52.294] RX< msh /emmc>[33m[W/ftp] service go wrong, now wait restarting...[0m
[06:29:52.294] RX< [33m[W/ftp] service go wron
[06:29:54.294] RX< g, now wait restarting...[0m
[06:29:54.294] RX< [33m[W/ftp] service go wrong, now wait restarting...[0m
[06:29:54.294] RX< [33m[W/ftp] service go wrong, now wait restarting...[0m
[06:29:56.294] RX< [33m[W/ftp] service go wrong, now wait restarting...[0m
[06:29:56.294] RX< [33m[W/ftp] service go wrong, now wait restarting...[0m
[06:29:56.294] RX< [33m[W/ftp] service go wrong, now wait restarting...[0m
[06:29:57.285] TX> cam_set video 1080p
[06:29:57.285] TX> echo "__EVBTEST_END_5c166d29__"
[06:29:57.308] RX< [33m[W/ftp] service go wrong, now wait restarting...[0m
[06:29:57.308] RX< cam_set video 1080p
[06:29:57.308] RX< [6] [App Dfs] w(1296) * h(2304) is 1080p, eis 0
[06:29:57.308] RX< msh /emmc>echo "__EVBTEST_END_5c166d29__"
[06:29:57.308] RX< __EVBTEST_END_5c166d29__
[06:29:57.308] RX< msh /emmc>[33m[W/ftp] service go wrong, now wait restarting...
[06:29:57.317] TX> dfs_video_start
[06:29:57.317] TX> echo "__EVBTEST_END_f0316254__"
[06:29:57.404] RX< [0m
[06:29:57.404] RX< dfs_video_start
[06:29:57.404] RX< [33m[W/ftp] service go wrong, now wait restarting...[0m
[06:29:57.404] RX< [7] [cam] [64300][tshell][cgm_parse_bin:105]total logical camera num: 1
[06:29:57.404] RX< [6] [cam] [64300][tshell][cam_prelude_create:187]E id, 0
[06:29:57.404] RX< [7] [cam] [64301][cpl0][cam_prelude_proc_routin
[06:29:57.404] RX< e:101]thread start
[06:29:57.404] RX< [6] [cam] [64301][tshell][cam_prelude_create:214]X ctx size 124 addr 0x884717e8
[06:29:57.404] RX< [6] [cam] [64307][tshell][sensor_probe:418]sensor [1]: identifing 0 success.
[06:29:57.404] RX< [6] [cam] [64309][tshell][sensor_probe:441]sensor [1]: probe exit!
[06:29:57.404] RX< [6] [cam] [6
[06:29:57.407] RX< 4309][tshell][cam_prelude_fast_probe:251]cam: 0 probe result: 0
[06:29:57.407] RX< [6] [cam] [64310][tshell][cgm_parse_bin:215]cam(0) probe success
[06:29:57.407] RX< [6] [cam] [64310][tshell][cam_entry:435]entry ok
[06:29:57.407] RX< [34m[cam entry] perf=10412(us)!
[06:29:57.407] RX< [0m[6] [App Cam] cam entry success
[06:29:57.407] RX< [36mm
[06:29:57.407] RX< em_laySolv: scenario=01 in=4032x3024, me_rotate=1 me_stripe=1 
[06:29:57.407] RX< [0m[36mmem_laySolv: me_rot 1, me_stripe 1, eis 0, be_rot 0
[06:29:57.407] RX< [0mscen1 type26 bufAdr 0x89d40b70 sz 0x1400000 reCfg for bound!
[06:29:57.407] RX< [36mmem_laySolv: scen01 20 entries solved OK!
[06:29:57.407] RX< [0m[36mmem_laySo
[06:29:57.409] RX< lv: scenario=02 in=2016x1512, me_rotate=0 me_stripe=0 
[06:29:57.409] RX< [0m[36mmem_laySolv: me_rot 0, me_stripe 0, eis 0, be_rot 0
[06:29:57.409] RX< [0mscen2 type15 bufAdr 0x89ce3ef0 sz 0xd00000 reCfg for bound!
[06:29:57.409] RX< [36mmem_laySolv: scen02 14 entries solved OK!
[06:29:57.409] RX< [0m[36mmem_laySolv: scena
[06:29:57.409] RX< rio=03 in=4032x2268, me_rotate=1 me_stripe=0 
[06:29:57.409] RX< [0m[36mmem_laySolv: me_rot 1, me_stripe 0, eis 0, be_rot 0
[06:29:57.409] RX< [0m[36mmem_laySolv: scen03 14 entries solved OK!
[06:29:57.409] RX< [0m[7] [cam] [64314][tshell][cam_solve_whole_layout:355]
[06:29:57.409] RX< scen3: vol 0x8c000000 rbuf 0x89d6cdf0 
[06:29:57.412] RX< sz 0xd00000 wbuf 0x8aa6cdf0 sz 0xd00000
[06:29:57.412] RX<        rtmp txbuf 0x8bf80000 sz 0x80000 avcBuf 0x8bf00000 sz 0x80000
[06:29:57.412] RX< [36mmem_laySolv: scenario=04 in=4032x3024, me_rotate=1 me_stripe=1 
[06:29:57.412] RX< [0m[36mmem_laySolv: me_rot 1, me_stripe 1, eis 0, be_rot 0
[06:29:57.412] RX< [0m[36mmem_la
[06:29:57.412] RX< ySolv: scen04 14 entries solved OK!
[06:29:57.412] RX< [0m[36mmem_laySolv: scenario=05 in=1008x0756, me_rotate=0 me_stripe=0 
[06:29:57.412] RX< [0m[36mmem_laySolv: me_rot 0, me_stripe 0, eis 0, be_rot 0
[06:29:57.412] RX< [0m[36mmem_laySolv: scen05 17 entries solved OK!
[06:29:57.412] RX< [0m[36mmem_laySolv: scenario=06
[06:29:57.415] RX<  in=1008x0720, me_rotate=0 me_stripe=0 
[06:29:57.415] RX< [0m[36mmem_laySolv: me_rot 0, me_stripe 0, eis 0, be_rot 0
[06:29:57.415] RX< [0m[36mmem_laySolv: scen06 12 entries solved OK!
[06:29:57.415] RX< [0m[36mmem_laySolv: scenario=01 in=4032x3024, me_rotate=1 me_stripe=1 
[06:29:57.415] RX< [0mscen1 type26 bufAdr 0x89d
[06:29:57.418] RX< 40b70 sz 0x1400000 reCfg for bound!
[06:29:57.418] RX< [36mmem_laySolv: scen01 20 entries solved OK!
[06:29:57.418] RX< [0m[7] [cam] [64320][tshell][cam_solve_whole_layout:383]Solve Whole-layout Done!
[06:29:57.418] RX< [6] [cam] [64320][tshell][cgm_parse_media_para:271]phy cam num: 1
[06:29:57.418] RX< [7] [cam] [64321][cer0]
[06:29:57.418] RX< [cer_recovery_proc:343]thread start cid, 0
[06:29:57.418] RX< [6] [cam] [64321][tshell][csc_open:443]SENSOR MCLK cal: 24MHz
[06:29:57.418] RX< [6] [cam] [64321][tshell][csc_isp_clk_cal:344]MIPI CLK cal: 277MHz
[06:29:57.418] RX< [6] [cam] [64322][tshell][csc_isp_clk_cal:371]LITE CLK cal: 25MHz
[06:29:57.418] RX< [7] [cam] [64322
[06:29:57.423] RX< ][tshell][cpc_csi_rx_power_on:633]E id: 2
[06:29:57.423] RX< [4] [cam] [64322][tshell][cpc_csi_rx_power_on:644]csi_2 has already power on, STATUS: 1
[06:29:57.423] RX< [6] [cam] [64323][tshell][cpc_update_clock:603]actual SNS mclk: 24MHz
[06:29:57.423] RX< [6] [cam] [64323][tshell][cpc_update_clock:608]actual 
[06:29:57.423] RX< MIPI0: 300MHz
[06:29:57.423] RX< [6] [cam] [64323][tshell][cpc_update_clock:598]actual LITE clk: 25MHz
[06:29:57.423] RX< [7] [cam] [64324][tshell][cam_prelude_open:297][34msnsOpen camID1 csiID0 phyIdx0[0m
[06:29:57.423] RX< [6] [cam] [64328][tshell][sensor_expo_gain_match:48]sensor get sensor expo gain of im
[06:29:57.426] RX< x681_vst
[06:29:57.426] RX< [6] [cam] [64328][tshell][sensor_open:684]sensor [1] open OK.
[06:29:57.426] RX< [6] [cam] [64328][tshell][cam_cpm_parse_media:298]video scenario:3, media para[fps:0, mirror_en:0, flip_en:0]
[06:29:57.426] RX< [6] [cam] [64329][tshell][cam_cpm_parse_media:301]video scenario, media pa
[06:29:57.426] RX< ra[iso:0, gain:0, wb_mode:0]
[06:29:57.426] RX< [6] [cam] [64330][tshell][csc_isp_clk_cal:353]FE CLK cal: 373MHz, ME CLK cal: 371MHz, FE/ME CLK cal: 410MHz
[06:29:57.426] RX< [6] [cam] [64330][tshell][csc_isp_clk_cal:360]BE CLK cal: 301MHz
[06:29:57.426] RX< [4] [cam] [64331][tshell][cam_fe_core_power_on:269]f
[06:29:57.431] RX< e pipe has already power on, STATUS: 1
[06:29:57.431] RX< [6] [cam] [64331][tshell][cpc_update_clock:588]actual FE/ME clk: 500MHz
[06:29:57.431] RX< [7] [cam] [64331][tshell][cam_cpm_core_power_on:425]id,0 type,1 ret 0
[06:29:57.431] RX< [6] [cam] [64332][tshell][cam_cpm_core_init:914]E id,0 sensor type,1
[06:29:57.431] RX< [6] 
[06:29:57.431] RX< [cam] [64335][tshell][cpm_core_check_tuningbin:854]Tuning bin crc check PASS! sum 0x7fb15f, xor 0x4e593f47
[06:29:57.431] RX< [6] [cam] [64335][tshell][qpc_tuning_check_iqbin_validness:396]IQ bin addr: 0x88646660, project_name: video_3M
[06:29:57.431] RX< [6] [cam] [64336][tshell][qpc_tuning_
[06:29:57.434] RX< check_iqbin_validness:397]total_size: 94208
[06:29:57.434] RX< [6] [cam] [64336][tshell][qpc_tuning_check_iqbin_validness:398]id_count: 93. ID_TOTAL: 94
[06:29:57.434] RX< [6] [cam] [64337][tshell][qpc_tuning_check_iqbin_validness:399]spinel tuning data ver: V1.30
[06:29:57.434] RX< [6] [cam] [64337][tshell][cp
[06:29:57.434] RX< m_core_check_tuningbin:868]IQ bin check success!
[06:29:57.434] RX< [6] [cam] [64338][tshell][cam_bm_core_init:94]E
[06:29:57.434] RX< [6] [cam] [64338][tshell][bm_lab_init:174]X ctx size 4 addr 0x88461d78
[06:29:57.434] RX< [6] [cam] [64338][tshell][cam_bm_core_init:114]X ctx size 180 addr 0x8846e650
[06:29:57.434] RX< [6] [cam
[06:29:57.452] RX< ] [64338][tshell][qpc_core_init:1218]E id,0
[06:29:57.452] RX< [6] [cam] [64339][tshell][qpc_queue_init:65]QPC init qnodes 8, size 508, pool 0x88472580
[06:29:57.452] RX< [7] [cam] [64339][tshell][_qpc_get_cap_cfg_para:888][fallback]preset capCfg 0 0 0 invalid, use default
[06:29:57.452] RX< [7] [cam] [64340][
[06:29:57.452] RX< tshell][_qpc_cfg_hdr_frms:832][fallback]preset hdrCfg 0 32 7 25600 148508608 invalid, use default
[06:29:57.452] RX< [6] [cam] [64356][tshell][qpc_core_init:1264]X ctx size 3800 addr 0x8846e718
[06:29:57.452] RX< [6] [cam] [64356][tshell][cpm_core_get_param:666]cpm para chk: tunBin-w 4032 h 22
[06:29:57.457] RX< 66 img-w 4032 h 2268
[06:29:57.457] RX< [6] [cam] [64357][tshell][cam_fe_core_init:436]E id,0
[06:29:57.457] RX< [6] [cam] [64357][tshell][cam_fe_core_init:490]X ctx size 100 addr 0x88481d60
[06:29:57.457] RX< [7] [cam] [64358][tshell][qpc_core_fe_chords_init:1659][34mqpc fe init snsOut w 4032 h 2268, tbl w 2
[06:29:57.457] RX< 8 h 20[0m
[06:29:57.457] RX< [6] [cam] [64358][tshell][cam_me_core_init:1474]X ctx size 1352 addr 0x8849e408
[06:29:57.457] RX< [34m[ME SLICE CFG] perf=1312(us)!
[06:29:57.457] RX< [0m[6] [cam] [64362][tshell][cam_bayer_fe_3a_stats_core_init:445]fe 3a id,0
[06:29:57.457] RX< [6] [cam] [64362][tshell][cam_bayer_fe_3a_stats_core
[06:29:57.465] RX< _init:490]X ctx size 132 addr 0x884a6d60
[06:29:57.465] RX< [6] [cam] [64363][tshell][awb_wrapper_init:66]xxx awb_bin=0x88474a5c, awb_bin_length=8068
[06:29:57.465] RX< [6] [cam] [64363][tshell][awb_wrapper_init:86]X algo_handle 0x884ac9c0
[06:29:57.465] RX< [7] [cam] [64364][awb0][a5_core_wrapper_task:252]thr
[06:29:57.465] RX< ead start cid,0 algo type,2
[06:29:57.465] RX< [6] [cam] [64364][tshell][a5_core_init_task:426]thread created: awb0 mq=0x884aec88 thread=0x884aeda0 sem=0x884aec18 ret=0
[06:29:57.465] RX< [6] [cam] [64365][tshell][bayer_ae_wrapper_init:68]E id,0 proc mode 0 
[06:29:57.465] RX< 
[06:29:57.465] RX< [AEC Proc] @[allib_ae_set_debug_l
[06:29:57.468] RX< og_flag] Line:129:[DEBUG] debug level/to_file/to_terminal: 22/1/1
[06:29:57.468] RX< [AEC Proc] @[AeInit] Line:377:[INFO] AE ver: 2026_V2.269
[06:29:57.468] RX< 
[06:29:57.468] RX< [AEC Proc] @[allib_ae_loadfunc] Line:193:[INFO] camera ID: 0
[06:29:57.468] RX< [AEC Proc] @[alAE_set_param] Line:575:[DEBUG] sw_maxtime 33004 ,pertli
[06:29:57.468] RX< ne 10800, after check sensor step sw_max_time 33000.00
[06:29:57.468] RX< [AEC Proc] @[alAE_set_param] Line:580:[DEBUG] sw_mintime 43 ,pertline 10800, after check sensor step sw_min_time 40.00
[06:29:57.468] RX< [AEC Proc] @[alAE_set_param] Line:513:[DEBUG] DEBUG minbv exptime 11 gain 100, mi
[06:29:57.471] RX< nExpBV 13810
[06:29:57.471] RX< [AEC Proc] @[AeTuningParseSet] Line:167:[DEBUG] aeparam version 2.268 60530
[06:29:57.471] RX< [AEC Proc] @[alAE_set_param] Line:340:[DEBUG] INITEXP gain 100, shutter 33242, midtonegain 100, bv 2247
[06:29:57.471] RX< [6] [cam] [64374][tshell][bayer_ae_wrapper_init:119]X tline 1
[06:29:57.471] RX< 0800 max_exp 33004 alg_hdl 0x884b1550 
[06:29:57.471] RX< [7] [cam] [64375][b_ae0][a5_core_wrapper_task:252]thread start cid,0 algo type,0
[06:29:57.471] RX< [6] [cam] [64375][tshell][a5_core_init_task:426]thread created: b_ae0 mq=0x884b2600 thread=0x884b2718 sem=0x884b2590 ret=0
[06:29:57.471] RX< [6] [cam] [6
[06:29:57.474] RX< 4375][tshell][atf_wrapper_init:67]E id,0
[06:29:57.474] RX< [6] [cam] [64376][tshell][atf_wrapper_init:107]X alg_ctx addr 0x884b2840
[06:29:57.474] RX< [7] [cam] [64377][atf0][a5_core_wrapper_task:252]thread start cid,0 algo type,1
[06:29:57.474] RX< [6] [cam] [64377][tshell][a5_core_init_task:426]thread creat
[06:29:57.474] RX< ed: atf0 mq=0x884bc770 thread=0x884bc888 sem=0x884b2908 ret=0
[06:29:57.474] RX< [6] [cam] [64377][tshell][cam_cpm_core_init:1030]X ctx size 1064 addr 0x8846e218
[06:29:57.474] RX< [6] [cam] [64378][tshell][csc_open:527]ok! phys_id[1], phys_num[1] 
[06:29:57.474] RX< [6] [cam] [64378][tshell][cam_open:699]open 
[06:29:57.490] RX< ok! camera_id[0]
[06:29:57.490] RX< [34m[cam open] perf=68259(us)!
[06:29:57.490] RX< [0m[6] [App Cam] cam open success
[06:29:57.490] RX< [6] [App Cam] hevc init success
[06:29:57.490] RX< [6] [cam] [64393][tshell][csc_init:637]sensor info:size:4032x2268, formt: 0x2b, bps: 1968, tline: 10800
[06:29:57.490] RX< [6] [cam] [64394][tshell][cam_sif
[06:29:57.490] RX< _mgr_init:261]E id,0
[06:29:57.490] RX< [7] [cam] [64394][sif0][sif_irq_proc:151]thread start cid,0
[06:29:57.490] RX< [6] [cam] [64394][tshell][cam_sif_mgr_init:293]X ctx size 52 addr 0x884edef0
[06:29:57.490] RX< [6] [cam] [64394][tshell][cam_prelude_init_cfg:368]CSI ID is 0,  phy lanes is 2.
[06:29:57.490] RX< [7] [cam] [6439
[06:29:57.504] RX< 5][tshell][check_phy_ready:96]MIPI_PHY[0] is ready
[06:29:57.504] RX< [6] [cam] [64395][tshell][sensor_init:348]sensor [1]: register ok
[06:29:57.504] RX< [6] [cam] [64396][tshell][sensor_set_mode:852]sensor [1]: SetMode -> mode = 0.
[06:29:57.504] RX< [6] [cam] [64396][tshell][sensor_send_reg_tab_to_sensor:704
[06:29:57.504] RX< ]sensor [1]: send_reg_tab_to_sensor E.
[06:29:57.504] RX< [6] [cam] [64408][tshell][sensor_send_reg_tab_to_sensor:726]sensor [1]: reg_count = 77.
[06:29:57.504] RX< [6] [cam] [64409][tshell][sensor_init:361]sensor [1]: init success.
[06:29:57.504] RX< [6] [cam] [64409][tshell][sensor_set_mode:852]sensor [1]: Se
[06:29:57.521] RX< tMode -> mode = 3.
[06:29:57.521] RX< [6] [cam] [64410][tshell][sensor_send_reg_tab_to_sensor:704]sensor [1]: send_reg_tab_to_sensor E.
[06:29:57.521] RX< [6] [cam] [64425][tshell][sensor_send_reg_tab_to_sensor:726]sensor [1]: reg_count = 83.
[06:29:57.521] RX< [6] [cam] [64425][tshell][csc_init:646]ok! phys_id
[06:29:57.521] RX< [1], phys_num[1]
[06:29:57.521] RX< [6] [cam] [64425][tshell][csc_get_bayer_single_buffer:1038]scenario_type: 3
[06:29:57.521] RX< [6] [cam] [64426][tshell][csc_set_stats_fmt:98]index 0 w 1 h 1 bw 8 wcmp 255
[06:29:57.521] RX< [7] [cam] [64426][tshell][bm_ioctl:201]BMIOC_STATS_FMT
[06:29:57.521] RX< [6] [cam] [64427][tshell][csc
[06:29:57.524] RX< _set_fe_fmt:47]index 1 w 4032 h 2268 bw 10 wcmp 0
[06:29:57.524] RX< [7] [cam] [64427][tshell][bm_ioctl:201]BMIOC_FE_FMT
[06:29:57.524] RX< [6] [cam] [64427][tshell][csc_set_me_fmt:64]index 5 w 2268 h 4032 bw 10 wcmp 0, rdma_addr 0x894afe00, wdma_addr 0x894afe00
[06:29:57.524] RX< [7] [cam] [64428][tshell][bm_
[06:29:57.524] RX< ioctl:201]BMIOC_ME_FMT
[06:29:57.524] RX< [6] [cam] [64428][tshell][csc_set_video_fmt:966]meta_addr: 0x89d6c600
[06:29:57.524] RX< [6] [cam] [64429][tshell][csc_set_me_fmt:64]index 6 w 1296 h 2304 bw 8 wcmp 255, rdma_addr 0x88795200, wdma_addr 0x8c000000
[06:29:57.524] RX< [6] [cam] [64429][tshell][cam_me_core_
[06:29:57.527] RX< buffer_cfg:1367]
[06:29:57.527] RX< ----ME PIPE INFO---
[06:29:57.527] RX<  wdma_buf_num:1, rotation_en: 1
[06:29:57.527] RX< [7] [cam] [64430][tshell][cam_me_core_buffer_cfg:1375]yuv wdma_addr 0:0x8c000000, meta_en: 1, 0x89d6c600
[06:29:57.527] RX< [7] [cam] [64430][tshell][bm_ioctl:201]BMIOC_ME_FMT
[06:29:57.527] RX< [6] [cam] [64431][tshell][
[06:29:57.530] RX< csc_set_lite_fmt:115]index 13 w 400 h 400 bw 10 wcmp 255
[06:29:57.530] RX< [7] [cam] [64431][tshell][bm_ioctl:201]BMIOC_LITE_FMT
[06:29:57.530] RX< [6] [cam] [64432][tshell][csc_set_lite_fmt:115]index 14 w 400 h 400 bw 10 wcmp 255
[06:29:57.530] RX< [7] [cam] [64432][tshell][bm_ioctl:201]BMIOC_LITE_FMT
[06:29:57.530] RX< [6] [c
[06:29:57.530] RX< am] [64433][tshell][csc_init:654]get otp ok! phys_id[1], phys_num[1]
[06:29:57.530] RX< [6] [cam] [64433][tshell][cam_init:789]init ok! logic_id[0]
[06:29:57.530] RX< [34m[cam init] perf=40811(us)!
[06:29:57.530] RX< [0m[6] [App Cam] cam init success
[06:29:57.530] RX< [7] [cam] [64434][tshell][cam_cpm_core_stream_on:541]id 0 
[06:29:57.548] RX< sensor type 1
[06:29:57.548] RX< [6] [cam] [64434][tshell][sensor_stream_on:979]sensor [1]: stream_on
[06:29:57.548] RX< [6] [cam] [64435][tshell][sensor_stream_on:1007]sensor [1]: REG: 0x100, W:0x1.
[06:29:57.548] RX< [6] [cam] [64435][tshell][sensor_stream_on:1009]sensor [1]: REG: 0x100, R:0x1.
[06:29:57.548] RX< [6] [cam] [644
[06:29:57.548] RX< 35][tshell][csc_prv_start:783]ok! phys_id[1], phys_num[1], cam_ids[1]
[06:29:57.548] RX< [6] [cam] [64436][tshell][cam_start:897]preview start ok! logic_id[0]
[06:29:57.548] RX< [34m[cam start] perf=2620(us)!
[06:29:57.548] RX< [0m[6] [App Cam] cam start success
[06:29:57.548] RX< [6] [App Dfs] Gravity_XR Record Start
[06:29:57.548] RX< msh /emm
[06:29:57.675] RX< c>echo "__EVBTEST_END_f0316254__"
[06:29:57.675] RX< __EVBTEST_END_f0316254__
[06:29:57.675] RX< msh /emmc>[7] [cam] [64438][b_3a_sts][bayer_stats_core_irq_proc:164]thread start cid,0
[06:29:57.675] RX< [7] [cam] [64438][fe0][fe_core_irq_proc:98]thread start cid,0
[06:29:57.675] RX< [34m[AE] fid=0,exp=10070,adg=294,Y=4428,mtg=10
[06:29:57.931] RX< 0,shg=100,bgbv=4053,iso=294,cnv0,hdr0
[06:29:57.931] RX< [0m[34m[b_ae0 proc] perf=8095(us), max=8095(us)!
[06:29:57.931] RX< [0m[34m[awb0 proc] perf=4433(us), max=4433(us)!
[06:29:57.931] RX< [0m[6] [cam] [64729][me0][cpm_cb_fe2me_tikChk:152]frm_length 88561us, fe2me delta 0
[06:29:57.931] RX< [34m[ME INTP]fid=0, shutter=10
[06:29:58.324] RX< 070, perf=2937(us), max=2937(us)!
[06:29:58.324] RX< [0m[7] [cam] [64908][me0][me_core_thread:322]ME out fid 0
[06:29:58.324] RX< [6] [App Dfs] f_index = 0, f_len = 123249, cur_total_len = 123337
[06:29:58.324] RX< [33m[W/ftp] service go wrong, now wait restarting...[0m
[06:29:58.324] RX< [33m[W/ftp] service go wrong, now wait
[06:29:59.004] RX<  restarting...[0m
[06:29:59.004] RX< [34m[awb0 proc] perf=6542(us), max=6542(us)!
[06:29:59.004] RX< [0m[34m[awb0 proc] perf=6204(us), max=6542(us)!
[06:29:59.004] RX< [0m[34m[AE] fid=30,exp=10140,adg=219,Y=3368,mtg=192,shg=137,bgbv=1329,iso=219,cnv2,hdr0
[06:29:59.004] RX< [0m[7] [cam] [65908][me0][me_core_thread:322]ME ou
[06:29:59.551] TX> dfs_video_stop
[06:29:59.551] TX> echo "__EVBTEST_END_682917ec__"
[06:29:59.597] RX< t fid 30
[06:29:59.597] RX< [33m[W/ftp] service go wrong, now wait restarting...[0m
[06:29:59.597] RX< [33m[W/ftp] service go wrong, now wait restarting...[0m
[06:29:59.597] RX< dfs_video_stop
[06:29:59.597] RX< msh /emmc>echo "__EVBTEST_END_682917ec__"
[06:29:59.597] RX< __EVBTEST_END_682917ec__
[06:29:59.597] RX< msh /emmc>[6] [App Dfs]  Gravity_XR Record Stop S
[06:29:59.597] RX< uccess: total frames = 48
[06:29:59.597] RX< [6] [cam] [66486][DfsSend][sensor_stream_off:1143]sensor [1]: stream_off
[06:29:59.597] RX< [6] [cam] [66487][DfsSend][sensor_stream_off:1172]sensor [1]: REG: 0x100, W:0x0.
[06:29:59.597] RX< [6] [cam] [66487][DfsSend][sensor_stream_off:1174]sensor [1]: REG: 0x100, R:
[06:29:59.613] RX< 0x0.
[06:29:59.613] RX< [6] [cam] [66512][DfsSend][csc_prv_stop:893]ok! phys_id[1], phys_num[1], stop_type = 0
[06:29:59.613] RX< [6] [cam] [66512][DfsSend][cam_stop:1017]preview stop ok! logic_id[0]
[06:29:59.613] RX< [34m[cam stop] perf=26148(us)!
[06:29:59.613] RX< [0m[6] [App Cam] cam stop success
[06:29:59.613] RX< Total of 49 frames encode
[06:29:59.617] RX< d, 3736562 bytes, max_workbuffer_used: 4911104 bytes
[06:29:59.617] RX< [6] [App Cam] hevc_encoder_deinit success
[06:29:59.617] RX< [7] [cam] [66518][DfsSend][cam_cpm_core_power_off:457]id,0 type,1 ret 0
[06:29:59.617] RX< [6] [cam] [66518][sif0][sif_irq_proc:174]thread release cid,0
[06:29:59.617] RX< [6] [cam] [66519][DfsSend]
[06:29:59.618] RX< [cam_sif_mgr_deinit:316]X
[06:29:59.618] RX< [6] [cam] [66519][DfsSend][cam_deinit:846]deinit ok! logic_id[0]
[06:29:59.618] RX< [34m[cam deinit] perf=1281(us)!
[06:29:59.618] RX< [0m[6] [App Cam] cam deinit success
[06:29:59.618] RX< [6] [cam] [66520][DfsSend][sensor_close:1247]sensor [1]: close!
[06:29:59.618] RX< [6] [cam] [66522][DfsSend][c
[06:29:59.620] RX< am_bm_core_deinit:136]X
[06:29:59.620] RX< [6] [cam] [66522][me0][me_core_thread:367]thread release cid,0
[06:29:59.620] RX< [6] [cam] [66523][DfsSend][cam_me_core_deinit:1502]X
[06:29:59.620] RX< [6] [cam] [66523][fe0][fe_core_irq_proc:121]thread release cid,0
[06:29:59.620] RX< [6] [cam] [66523][DfsSend][cam_fe_core_deinit:536
[06:29:59.620] RX< ]X
[06:29:59.620] RX< [6] [cam] [66523][b_3a_sts][bayer_stats_core_irq_proc:193]thread release cid,0
[06:29:59.620] RX< [6] [cam] [66524][DfsSend][cam_bayer_stats_core_deinit:512]X
[06:29:59.620] RX< [6] [cam] [66524][b_ae0][a5_core_wrapper_task:315]thread release cid,0,algo,0
[06:29:59.620] RX< [6] [cam] [66525][DfsSend][bayer_
[06:29:59.623] RX< ae_wrapper_deinit:204]X
[06:29:59.623] RX< [6] [cam] [66525][atf0][a5_core_wrapper_task:315]thread release cid,0,algo,1
[06:29:59.623] RX< [6] [cam] [66526][DfsSend][atf_wrapper_deinit:153]X
[06:29:59.623] RX< [6] [cam] [66526][awb0][a5_core_wrapper_task:315]thread release cid,0,algo,2
[06:29:59.623] RX< [6] [cam] [66526][DfsSen
[06:29:59.623] RX< d][awb_wrapper_deinit:153]X
[06:29:59.623] RX< [6] [cam] [66526][DfsSend][cam_5a_core_deinit:555]X
[06:29:59.623] RX< [6] [cam] [66527][DfsSend][cam_5a_inf_deinit:149]X
[06:29:59.623] RX< [6] [cam] [66527][qpc0][qpc_core_msg_proc:697]thread release cid,0
[06:29:59.623] RX< [6] [cam] [66528][DfsSend][qpc_core_deinit:1330]X
[06:29:59.623] RX< [6] [c
[06:29:59.629] RX< am] [66528][DfsSend][cam_cpm_core_deinit:1107]X
[06:29:59.629] RX< [6] [cam] [66528][DfsSend][csc_close:584]ok! phys_id[1], phys_num[1]
[06:29:59.629] RX< [7] [cam] [66528][cer0][cer_recovery_proc:352]msg type = 254
[06:29:59.629] RX< [6] [cam] [66529][cer0][cer_recovery_proc:454]thread release cid,0
[06:29:59.629] RX< [6] [cam]
[06:29:59.629] RX<  [66529][DfsSend][cer_deinit:560]X
[06:29:59.629] RX< [6] [cam] [66529][DfsSend][cam_close:750]close ok! logic_id[0]
[06:29:59.629] RX< [34m[cam close] perf=9880(us)!
[06:29:59.629] RX< [0m[6] [App Cam] cam close success
[06:29:59.629] RX< [6] [cam] [66530][cpl0][cam_prelude_proc_routine:136]thread release
[06:29:59.629] RX< [6] [cam] [66531][D
[06:29:59.646] RX< fsSend][cam_exit:551]exit ok!
[06:29:59.646] RX< [34m[cam exit] perf=562(us)!
[06:29:59.646] RX< [0m[6] [App Cam] cam exit success
[06:29:59.646] RX< [6] [App Dfs] Save Video Successful: /emmc/VIDEO/20260814_092957_4215/Video_4215_0.h265
[06:29:59.646] RX< [6] [App Dfs] Save Imu Successful: /emmc/VIDEO/20260814_092957_4215/Imu_
[06:29:59.652] TX> ftp_server
[06:29:59.652] TX> echo "__EVBTEST_END_bcdd4581__"
[06:30:00.320] RX< 4215.bin
[06:30:00.320] RX< [6] [App Dfs] Video recording completed successfully.
[06:30:00.320] RX< ftp_server
[06:30:00.320] RX< 
[06:30:00.320] RX< [FTP] Ftp server init success!!!
[06:30:00.320] RX< msh /emmc>echo "__EVBTEST_END_bcdd4581__"
[06:30:00.320] RX< __EVBTEST_END_bcdd4581__
[06:30:00.320] RX< msh /emmc>[33m[W/ftp] service go wrong, now wait restarting...[0m
[06:30:00.320] RX< [33m[W/ft
[06:30:02.320] RX< p] service go wrong, now wait restarting...[0m
[06:30:02.320] RX< [33m[W/ftp] service go wrong, now wait restarting...[0m
[06:30:02.320] RX< [33m[W/ftp] service go wrong, now wait restarting...[0m
[06:30:02.320] RX< [33m[W/ftp] service go wrong, now wait restarting...[0m
[06:30:02.320] RX< [33m[W/ftp] service go wrong, now
[06:30:04.320] RX<  wait restarting...[0m
[06:30:04.320] RX< [33m[W/ftp] service go wrong, now wait restarting...[0m
[06:30:04.320] RX< [33m[W/ftp] service go wrong, now wait restarting...[0m
[06:30:04.320] RX< [33m[W/ftp] service go wrong, now wait restarting...[0m
[06:30:04.320] RX< [33m[W/ftp] service go wrong, now wait restarting...[0m
[06:30:06.305] RX< [33m[W/ftp] service go wrong, now wait restarting...[0m
[06:30:06.305] RX< [33m[W/ftp] service go wrong, now wait restarting...[0m
[06:30:06.305] RX< [33m[W/ftp] service go wrong, now wait restarting...[0m
[06:30:06.305] RX< [33m[W/ftp] service go wrong, now wait restarting...[0m
[06:30:06.305] RX< [33m[W/ftp] service go 
[06:30:07.329] RX< wrong, now wait restarting...[0m
[06:30:07.329] RX< [33m[W/ftp] service go wrong, now wait restarting...[0m
[06:30:07.329] RX< [33m[W/ftp] service go wrong, now wait restarting...[0m
[06:30:07.329] RX< [33m[W/ftp] service go wrong, now wait restarting...[0m
[06:30:07.329] RX< [33m[W/ftp] service go wrong, now wait restarti
[06:30:09.296] RX< ng...[0m
[06:30:09.296] RX< [33m[W/ftp] service go wrong, now wait restarting...[0m
[06:30:09.296] RX< [33m[W/ftp] service go wrong, now wait restarting...[0m
[06:30:09.296] RX< [33m[W/ftp] service go wrong, now wait restarting...[0m
[06:30:09.296] RX< [33m[W/ftp] service go wrong, now wait restarting...[0m
[06:30:09.296] RX< [33m[W/ftp] s
[06:30:10.320] RX< ervice go wrong, now wait restarting...[0m
[06:30:10.320] RX< [33m[W/ftp] service go wrong, now wait restarting...[0m
[06:30:10.320] RX< [33m[W/ftp] service go wrong, now wait restarting...[0m
[06:30:10.320] RX< [33m[W/ftp] service go wrong, now wait restarting...[0m
[06:30:10.320] RX< [33m[W/ftp] service go wrong, now wai
[06:30:12.304] RX< t restarting...[0m
[06:30:12.304] RX< [33m[W/ftp] service go wrong, now wait restarting...[0m
[06:30:12.304] RX< [33m[W/ftp] service go wrong, now wait restarting...[0m
[06:30:12.304] RX< [33m[W/ftp] service go wrong, now wait restarting...[0m
[06:30:12.304] RX< [33m[W/ftp] service go wrong, now wait restarting...[0m
[06:30:12.304] RX< [33
[06:30:13.328] RX< m[W/ftp] service go wrong, now wait restarting...[0m
[06:30:13.328] RX< [33m[W/ftp] service go wrong, now wait restarting...[0m
[06:30:13.328] RX< [33m[W/ftp] service go wrong, now wait restarting...[0m
[06:30:13.328] RX< [33m[W/ftp] service go wrong, now wait restarting...[0m
[06:30:13.328] RX< [33m[W/ftp] service go wron
[06:30:14.656] RX< g, now wait restarting...[0m
[06:30:14.656] RX< [33m[W/ftp] service go wrong, now wait restarting...[0m
[06:30:14.656] RX< [33m[W/ftp] service go wrong, now wait restarting...[0m
[06:30:14.656] RX< [33m[W/ftp] service go wrong, now wait restarting...[0m
[06:30:14.656] RX< [33m[W/ftp] service go wrong, now wait restarting..
[06:30:16.320] RX< .[0m
[06:30:16.320] RX< [33m[W/ftp] service go wrong, now wait restarting...[0m
[06:30:16.320] RX< [33m[W/ftp] service go wrong, now wait restarting...[0m
[06:30:16.320] RX< [33m[W/ftp] service go wrong, now wait restarting...[0m
[06:30:16.320] RX< [33m[W/ftp] service go wrong, now wait restarting...[0m
[06:30:16.320] RX< [33m[W/ftp] servi
[06:30:17.664] RX< ce go wrong, now wait restarting...[0m
[06:30:17.664] RX< [33m[W/ftp] service go wrong, now wait restarting...[0m
[06:30:17.664] RX< [33m[W/ftp] service go wrong, now wait restarting...[0m
[06:30:17.664] RX< [33m[W/ftp] service go wrong, now wait restarting...[0m
[06:30:17.664] RX< [33m[W/ftp] service go wrong, now wait re
[06:30:18.421] TX> ftp_server
[06:30:18.421] TX> echo "__EVBTEST_END_8ec671ec__"
[06:30:18.433] RX< starting...[0m
[06:30:18.433] RX< [33m[W/ftp] service go wrong, now wait restarting...[0m
[06:30:18.433] RX< [33m[W/ftp] service go wrong, now wait restarting...[0m
[06:30:18.433] RX< ftp_server
[06:30:18.433] RX< 
[06:30:18.433] RX< [FTP] Ftp server init success!!!
[06:30:18.433] RX< msh /emmc>echo "__EVBTEST_END_8ec671ec__"
[06:30:18.433] RX< __EVBTEST_END_8ec671ec__
[06:30:18.433] RX< msh /emmc>
[06:30:20.305] RX< [33m[W/ftp] service go wrong, now wait restarting...[0m
[06:30:20.305] RX< [33m[W/ftp] service go wrong, now wait restarting...[0m
[06:30:20.305] RX< [33m[W/ftp] service go wrong, now wait restarting...[0m
[06:30:20.305] RX< [33m[W/ftp] service go wrong, now wait restarting...[0m
[06:30:20.305] RX< [33m[W/ftp] service go 
[06:30:21.330] RX< wrong, now wait restarting...[0m
[06:30:21.330] RX< [33m[W/ftp] service go wrong, now wait restarting...[0m
[06:30:21.330] RX< [33m[W/ftp] service go wrong, now wait restarting...[0m
[06:30:21.330] RX< [33m[W/ftp] service go wrong, now wait restarting...[0m
[06:30:21.330] RX< [33m[W/ftp] service go wrong, now wait restarti
[06:30:21.433] TX> rtmp_video_start rtmp://10.1.90.128/live/cam
[06:30:21.433] TX> echo "__EVBTEST_END_417684e9__"
[06:30:23.332] RX< ng...[0m
[06:30:23.332] RX< rtmp_vid
[06:30:51.813] TX> rtmp_video_stop
[06:30:51.813] TX> echo "__EVBTEST_END_cb96bf81__"
