[06:40:22.108] TX> 
[06:40:23.110] TX> 
[06:40:24.109] RX< 
[06:40:24.109] RX< msh />
[06:40:24.109] RX< msh />
[06:40:24.117] TX> wifi disc
[06:40:24.117] TX> echo "__EVBTEST_END_1d72f55c__"
[06:40:26.111] RX< wifi disc
[06:40:26.111] RX< [32m[I/WLAN.mgnt] disconnect success![0m
[06:40:26.111] RX< msh />echo "__EVBTEST_END_1d72f55c__"
[06:40:26.111] RX< __EVBTEST_END_1d72f55c__
[06:40:26.111] RX< msh />
[06:40:27.113] TX> wifi join G-Demo Gdemo@123
[06:40:28.113] RX< wifi join G-Demo Gdemo@123
[06:40:32.115] RX< [32m[I/WLAN.mgnt] wifi connect success ssid:G-Demo[0m
[06:40:34.117] RX< msh />
[06:40:36.118] RX< [32m[I/WLAN.lwip] Got IP address : 10.1.90.71[0m
[06:40:36.118] RX< [6] [SNTP] rtc synced: 2026-08-12 09:40:35 (tick=617665120)
[06:40:36.123] TX> wifi status
[06:40:36.123] TX> echo "__EVBTEST_END_8d6949a2__"
[06:40:38.120] RX< wifi status
[06:40:38.120] RX< Wi-Fi STA Info
[06:40:38.120] RX< SSID : G-Demo
[06:40:38.120] RX< MAC Addr: f4:e4:51:83:d5:82
[06:40:38.120] RX< Channel: 6
[06:40:38.120] RX< DataRate: 144Mbps
[06:40:38.120] RX< RSSI: -55
[06:40:38.120] RX< wifi ap not start!
[06:40:38.120] RX< Auto Connect status:Disable!
[06:40:38.120] RX< msh />echo "__EVBTEST_END_8d6949a2__"
[06:40:38.120] RX< __EVBTEST_END_8d6949a2__
[06:40:38.120] RX< msh />
