[05:44:09.976] [INFO] VX100 EVB 自动化测试启动，运行时间戳: 20260817_054409
[05:44:09.976] [INFO] 启用模块: ['wifi_check', 'wifi_scan', 'wifi_join', 'emmc', 'ftp', 'photo', 'video', 'rtmp']
[05:44:09.977] [INFO] 开始自动探测 EVB 串口，候选端口 ['/dev/ttyUSB0']，候选波特率 [2000000, 250000, 115200, 921600]
[05:44:09.977] [DEBUG] 探测 /dev/ttyUSB0 @ 2000000 ...
[05:44:12.285] [INFO]   命中 EVB 指纹: /dev/ttyUSB0 @ 2000000
[05:44:12.285] [INFO] 探测到 EVB: /dev/ttyUSB0 @ 2000000
[05:44:12.287] [INFO] 串口已打开: /dev/ttyUSB0 @ 2000000 bps
[05:44:14.288] [INFO] EVB 已就绪
[05:44:16.291] [DEBUG] 串口自检通过
[05:44:16.291] [INFO] 预清理板子状态...
[05:44:26.426] [INFO] 扫描 WiFi 网络...
[05:45:14.129] [ERROR] WiFi 连接失败: 期望结果未出现(30.0s): Got IP address\s*:\s*([0-9.]+)
[05:45:14.129] [ERROR] 输出: wifi join KhalilFong 12345678
[I/WLAN.mgnt] wifi is connect ssid:KhalilFong
msh />echo "__EVBTEST_END_b0e3f082__"
__EVBTEST_END_b0e3f082__
msh />
[05:45:14.129] [WARN] WiFi 交互连接失败，将依赖 wifi_join 用例连接
[05:45:14.130] [INFO] 本次执行模块顺序: ['wifi_check', 'wifi_scan', 'wifi_join', 'emmc', 'ftp', 'photo', 'video', 'rtmp']
[05:45:14.130] >>> 执行模块: wifi_check
[05:45:16.152] [PASS] wifi_check (2022ms) - 已联网，IP=172.20.10.3（跳过 wifi scan/join）
[05:45:16.152] >>> 执行模块: wifi_scan
[05:45:16.152] [SKIP] wifi_scan (0ms) - WiFi 已连接（IP=172.20.10.3），跳过扫描测试
[05:45:16.152] >>> 执行模块: wifi_join
[05:45:16.152] [SKIP] wifi_join (0ms) - WiFi 已连接 (KhalilFong/172.20.10.3)，跳过 join 测试
[05:45:16.152] >>> 执行模块: emmc
[05:45:18.154] [PASS] emmc (2001ms) - 已进入 /emmc（自动挂载）
[05:45:18.154] >>> 执行模块: ftp
[05:45:20.288] [DEBUG] FTP 已连接 172.20.10.3:21 (尝试 1)
[05:45:20.581] [PASS] ftp (2427ms) - FTP 已连接 172.20.10.3，/emmc 列出 4 项
[05:45:20.581] >>> 执行模块: photo
[05:45:20.817]   拍照测试: 模式 auto
[05:45:24.276] [DEBUG] 强制重连 FTP
[05:45:27.856] [DEBUG] FTP 已连接 172.20.10.3:21 (尝试 1)
[05:45:27.856] [INFO] FTP 已恢复
[05:45:30.716] [PASS] photo[auto] (9899ms) - JPEG OK 690KB | 拍照成功，保存到 /emmc/PIC/20260817_084522_1093 | 已下载到 logs/20260817_054409/photos/auto_20260817_084522_1093_Image_20260817_084522_1093_0.jpg
[05:45:30.716] >>> 执行模块: video
[05:45:30.961]   录像测试: 1080p / 2s
[05:45:36.181] [DEBUG] 强制重连 FTP
[05:45:38.777] [DEBUG] FTP 已连接 172.20.10.3:21 (尝试 1)
[05:45:38.777] [INFO] FTP 已恢复
[05:45:45.638] [PASS] video (14677ms) - 录像成功，文件 /emmc/VIDEO/20260817_084532_1091/Video_1091_0.h265，3594KB | 已下载到 logs/20260817_054409/videos/Video_1091_0.h265
[05:45:45.638] [INFO] 自动检测到 PC IP: 172.20.10.2
[05:45:45.638] >>> 执行模块: rtmp
[05:45:45.638] [INFO] 检查 RTMP 服务端 (nginx-rtmp) 是否监听 :1935
[05:45:45.638] [INFO] nginx-rtmp 就绪，RTMP 监听 :1935
[05:45:45.638]   RTMP 推流测试: rtmp://172.20.10.2/live/cam / 10s
[05:45:48.946] [INFO] 已在独立终端窗口启动 ffplay 画面确认 (/usr/bin/gnome-terminal)
[05:45:48.946] [INFO] ffprobe 探测 RTMP 流: rtmp://172.20.10.2/live/cam
[05:45:56.514] [INFO] ffplay 展示窗口保持 5s 供人眼确认画面...
[05:46:01.726] [PASS] rtmp (16087ms) - 推流验证通过: h264 1296x2304 (ffprobe 实时探测)
[05:46:01.770] ==================================================
[05:46:01.770] 测试完成：共 8 项 | 通过 6 | 失败 0 | 跳过 2 | 错误 0 | 通过率 75.0% | 总耗时 47.1s
[05:46:01.770] ==================================================
[05:46:01.770] [INFO]   json 报告: reports/20260817_054409/result.json
[05:46:01.770] [INFO]   junit 报告: reports/20260817_054409/junit.xml
[05:46:01.770] [INFO]   html 报告: reports/20260817_054409/report.html
[05:46:02.215] [DEBUG] 串口已关闭
