[05:44:12.287] TX> 
[05:44:13.288] TX> 
[05:44:14.288] RX< 
[05:44:14.288] RX< msh />
[05:44:14.288] RX< msh />
[05:44:14.489] TX> echo "EVBTEST_HELLO"
[05:44:14.489] TX> echo "__EVBTEST_END_00e026b6__"
[05:44:16.290] RX< echo "EVBTEST_HELLO"
[05:44:16.290] RX< EVBTEST_HELLO
[05:44:16.290] RX< msh />echo "__EVBTEST_END_00e026b6__"
[05:44:16.290] RX< __EVBTEST_END_00e026b6__
[05:44:16.290] RX< msh />
[05:44:16.492] TX> cd /
[05:44:16.492] TX> echo "__EVBTEST_END_41f21f88__"
[05:44:18.292] RX< cd /
[05:44:18.292] RX< msh />echo "__EVBTEST_END_41f21f88__"
[05:44:18.292] RX< __EVBTEST_END_41f21f88__
[05:44:18.292] RX< msh />
[05:44:18.494] TX> dfs_video_stop
[05:44:18.494] TX> echo "__EVBTEST_END_ff6b4ec1__"
[05:44:20.294] RX< dfs_video_stop
[05:44:20.294] RX< [6] [App Dfs] Please start recording the video first.
[05:44:20.294] RX< msh />echo "__EVBTEST_END_ff6b4ec1__"
[05:44:20.294] RX< __EVBTEST_END_ff6b4ec1__
[05:44:20.294] RX< msh />
[05:44:20.502] TX> ftp_server
[05:44:20.502] TX> echo "__EVBTEST_END_d22542d4__"
[05:44:22.297] RX< ftp_server
[05:44:22.297] RX< 
[05:44:22.297] RX< [FTP] Ftp server init success!!!
[05:44:22.297] RX< msh />echo "__EVBTEST_END_d22542d4__"
[05:44:22.297] RX< __EVBTEST_END_d22542d4__
[05:44:22.297] RX< msh />
[05:44:26.299] RX< [32m[I/ftp] service launched success.[0m
[05:44:26.646] TX> wifi scan
[05:44:26.646] TX> echo "__EVBTEST_END_b0e66d9e__"
[05:44:26.692] RX< wifi scan
[05:44:26.692] RX<              SSID                      MAC            security    rssi chn Mbps
[05:44:26.692] RX< ------------------------------- -----------------  -------------- ---- --- ----
[05:44:26.692] RX< KhalilFong                      fe:59:78:e3:7f:18  WPA2_AES_PSK   -47    6  144
[05:44:26.692] RX< MTK_
[05:44:26.839] RX< CHEETAH_AP_2.4G             e0:ef:02:71:f5:71  OPEN           -37   13  300
[05:44:26.839] RX< TP-LINK_5G_756B                 c2:45:86:39:8c:5f  WPA2_AES_PSK   -49    1  300
[05:44:26.839] RX< ftp_hw_2_4g                     e2:19:01:17:87:d1  WPA2_AES_PSK   -37    1  144
[05:44:26.839] RX< realme GT Neo5 SE
[05:44:28.453] RX<                6e:de:3b:69:a5:79  WPA2_AES_PSK   -46    4  144
[05:44:28.453] RX< G-Demo                          f4:e4:51:83:d5:82  WPA2_AES_PSK   -60    6  144
[05:44:28.453] RX< HUAWEI-AX2                      02:25:74:39:4e:47  WPA2_AES_PSK   -57    1  300
[05:44:28.453] RX< msh />echo "__EVBTEST_END_b0e6
[05:44:30.455] RX< 6d9e__"
[05:44:30.455] RX< __EVBTEST_END_b0e66d9e__
[05:44:30.455] RX< msh />
[05:44:44.129] TX> wifi join KhalilFong 12345678
[05:44:44.129] TX> echo "__EVBTEST_END_b0e3f082__"
[05:44:44.467] RX< wifi join KhalilFong 12345678
[05:44:44.467] RX< [32m[I/WLAN.mgnt] wifi is connect ssid:KhalilFong[0m
[05:44:44.467] RX< msh />echo "__EVBTEST_END_b0e3f082__"
[05:44:44.467] RX< __EVBTEST_END_b0e3f082__
[05:44:44.467] RX< msh />
[05:45:14.133] RX< ifconfig
[05:45:14.133] RX< network interface device: w0 (Default)
[05:45:14.133] RX< MTU: 1500
[05:45:14.133] RX< MAC: 8c ea 12 ba a8 2c 
[05:45:14.133] RX< FLAGS: UP LINK_UP INTERNET_UP DHCP_ENABLE ETHARP BROADCAST IGMP
[05:45:14.133] RX< ip address: 172.20.10.3
[05:45:14.133] RX< gw address: 172.20.10.1
[05:45:14.133] RX< net mask  : 255.255.255.240
[05:45:14.133] RX< dns server #0: 172.20.10.1
[05:45:14.133] RX< dn
[05:45:14.149] RX< s server #1: 0.0.0.0
[05:45:14.149] RX< 
[05:45:14.149] RX< network interface device: w1
[05:45:14.149] RX< MTU: 1500
[05:45:14.149] RX< MAC: 8e ea 12 ba a8 2c 
[05:45:14.149] RX< FLAGS: UP LINK_DOWN INTERNET_DOWN DHCP_ENABLE ETHARP BROADCAST IGMP
[05:45:14.149] RX< ip address: 0.0.0.0
[05:45:14.149] RX< gw address: 0.0.0.0
[05:45:14.149] RX< net mask  : 0.0.0.0
[05:45:14.149] RX< dns server #0: 172.20.10.1
[05:45:14.149] RX< dns server
[05:45:14.331] TX> ifconfig
[05:45:14.331] TX> echo "__EVBTEST_END_e34f9c4b__"
[05:45:16.151] RX<  #1: 0.0.0.0
[05:45:16.151] RX< msh />echo "__EVBTEST_END_e34f9c4b__"
[05:45:16.151] RX< __EVBTEST_END_e34f9c4b__
[05:45:16.151] RX< msh />
[05:45:16.362] TX> cd /emmc
[05:45:16.362] TX> echo "__EVBTEST_END_08e6b4cc__"
[05:45:18.154] RX< cd /emmc
[05:45:18.154] RX< msh /emmc>echo "__EVBTEST_END_08e6b4cc__"
[05:45:18.154] RX< __EVBTEST_END_08e6b4cc__
[05:45:18.154] RX< msh /emmc>
[05:45:18.361] TX> ftp_server
[05:45:18.361] TX> echo "__EVBTEST_END_cc6e2713__"
[05:45:20.156] RX< ftp_server
[05:45:20.156] RX< 
[05:45:20.156] RX< [FTP] Ftp server init success!!!
[05:45:20.156] RX< msh /emmc>echo "__EVBTEST_END_cc6e2713__"
[05:45:20.156] RX< __EVBTEST_END_cc6e2713__
[05:45:20.156] RX< msh /emmc>
[05:45:21.033] TX> cam_set photo auto
[05:45:21.033] TX> echo "__EVBTEST_END_5f99371b__"
[05:45:22.157] RX< cam_set photo auto
[05:45:22.157] RX< [6] [App Dfs] auto mode
[05:45:22.157] RX< msh /emmc>echo "__EVBTEST_END_5f99371b__"
[05:45:22.157] RX< __EVBTEST_END_5f99371b__
[05:45:22.157] RX< msh /emmc>
[05:45:23.174] RX< [33m[W/ftp] service go wrong, now wait restarting...[0m
[05:45:23.174] RX< dfs_capture_start
[05:45:23.174] RX< [7] [cam] [220976][tshell][cgm_parse_bin:105]total logical camera num: 1
[05:45:23.174] RX< [6] [cam] [220976][tshell][cam_prelude_create:187]E id, 0
[05:45:23.174] RX< [7] [cam] [220976][cpl0][cam_prelude_proc_routin
[05:45:23.176] RX< e:101]thread start
[05:45:23.176] RX< [6] [cam] [220976][tshell][cam_prelude_create:214]X ctx size 124 addr 0x88482d18
[05:45:23.176] RX< [6] [cam] [220982][tshell][sensor_probe:418]sensor [1]: identifing 0 success.
[05:45:23.176] RX< [6] [cam] [220984][tshell][sensor_probe:441]sensor [1]: probe exit!
[05:45:23.176] RX< [6] [cam]
[05:45:23.176] RX<  [220984][tshell][cam_prelude_fast_probe:251]cam: 0 probe result: 0
[05:45:23.176] RX< [6] [cam] [220984][tshell][cgm_parse_bin:215]cam(0) probe success
[05:45:23.176] RX< [6] [cam] [220985][tshell][cam_entry:435]entry ok
[05:45:23.176] RX< [34m[cam entry] perf=9537(us)!
[05:45:23.176] RX< [0m[6] [App Cam] cam entry success
[05:45:23.176] RX< 
[05:45:23.179] RX< [36mmem_laySolv: scenario=01 in=4032x3024, me_rotate=1 me_stripe=1 
[05:45:23.179] RX< [0m[36mmem_laySolv: me_rot 1, me_stripe 1, eis 0, be_rot 0
[05:45:23.179] RX< [0mscen1 type26 bufAdr 0x89d40b70 sz 0x1400000 reCfg for bound!
[05:45:23.179] RX< [36mmem_laySolv: scen01 20 entries solved OK!
[05:45:23.179] RX< [0m[7] [cam]
[05:45:23.179] RX<  [220987][tshell][cam_solve_whole_layout:355]
[05:45:23.179] RX< scen1: vol 0x8c000000 rbuf 0x8a000000 sz 0x1400000 wbuf 0x8b400000 sz 0x200000
[05:45:23.179] RX< [36mmem_laySolv: scenario=02 in=2016x1512, me_rotate=0 me_stripe=0 
[05:45:23.179] RX< [0m[36mmem_laySolv: me_rot 0, me_stripe 0, eis 0, be_rot 0
[05:45:23.182] RX< [0mscen2 type15 bufAdr 0x89ce3ef0 sz 0xd00000 reCfg for bound!
[05:45:23.182] RX< [36mmem_laySolv: scen02 14 entries solved OK!
[05:45:23.182] RX< [0m[36mmem_laySolv: scenario=03 in=4032x2268, me_rotate=1 me_stripe=0 
[05:45:23.182] RX< [0m[36mmem_laySolv: me_rot 1, me_stripe 0, eis 0, be_rot 0
[05:45:23.182] RX< [0m[36m
[05:45:23.182] RX< mem_laySolv: scen03 14 entries solved OK!
[05:45:23.182] RX< [0m[36mmem_laySolv: scenario=04 in=4032x3024, me_rotate=1 me_stripe=1 
[05:45:23.182] RX< [0m[36mmem_laySolv: me_rot 1, me_stripe 1, eis 0, be_rot 0
[05:45:23.182] RX< [0m[36mmem_laySolv: scen04 14 entries solved OK!
[05:45:23.182] RX< [0m[36mmem_laySolv: scena
[05:45:23.185] RX< rio=05 in=1008x0756, me_rotate=0 me_stripe=0 
[05:45:23.185] RX< [0m[36mmem_laySolv: me_rot 0, me_stripe 0, eis 0, be_rot 0
[05:45:23.185] RX< [0m[36mmem_laySolv: scen05 17 entries solved OK!
[05:45:23.185] RX< [0m[36mmem_laySolv: scenario=06 in=1008x0720, me_rotate=0 me_stripe=0 
[05:45:23.185] RX< [0m[36mmem_laySolv: m
[05:45:23.185] RX< e_rot 0, me_stripe 0, eis 0, be_rot 0
[05:45:23.185] RX< [0m[36mmem_laySolv: scen06 12 entries solved OK!
[05:45:23.185] RX< [0m[36mmem_laySolv: scenario=01 in=4032x3024, me_rotate=1 me_stripe=1 
[05:45:23.185] RX< [0mscen1 type26 bufAdr 0x89d40b70 sz 0x1400000 reCfg for bound!
[05:45:23.185] RX< [36mmem_laySolv: scen01 20
[05:45:23.187] RX<  entries solved OK!
[05:45:23.187] RX< [0m[7] [cam] [220994][tshell][cam_solve_whole_layout:383]Solve Whole-layout Done!
[05:45:23.187] RX< [6] [cam] [220994][tshell][cgm_parse_media_para:271]phy cam num: 1
[05:45:23.187] RX< [7] [cam] [220995][cer0][cer_recovery_proc:343]thread start cid, 0
[05:45:23.187] RX< [6] [cam] [220995
[05:45:23.187] RX< ][tshell][csc_open:443]SENSOR MCLK cal: 24MHz
[05:45:23.187] RX< [6] [cam] [220996][tshell][csc_isp_clk_cal:344]MIPI CLK cal: 346MHz
[05:45:23.187] RX< [6] [cam] [220996][tshell][csc_isp_clk_cal:371]LITE CLK cal: 28MHz
[05:45:23.187] RX< [7] [cam] [220996][tshell][cpc_csi_rx_power_on:633]E id: 2
[05:45:23.187] RX< [4] [cam] [220
[05:45:23.194] RX< 997][tshell][cpc_csi_rx_power_on:644]csi_2 has already power on, STATUS: 1
[05:45:23.194] RX< [6] [cam] [220997][tshell][cpc_update_clock:603]actual SNS mclk: 24MHz
[05:45:23.194] RX< [6] [cam] [220997][tshell][cpc_update_clock:608]actual MIPI0: 500MHz
[05:45:23.194] RX< [6] [cam] [220998][tshell][cpc_update_c
[05:45:23.194] RX< lock:598]actual LITE clk: 50MHz
[05:45:23.194] RX< [7] [cam] [220998][tshell][cam_prelude_open:297][34msnsOpen camID1 csiID0 phyIdx0[0m
[05:45:23.194] RX< [6] [cam] [221003][tshell][sensor_expo_gain_match:48]sensor get sensor expo gain of imx681_vst
[05:45:23.194] RX< [6] [cam] [221003][tshell][sensor_open:68
[05:45:23.197] RX< 4]sensor [1] open OK.
[05:45:23.197] RX< [6] [cam] [221004][tshell][cam_cpm_parse_media:280]photo scenario, media para[mfnr:0, hdr:0, capture_num:0]
[05:45:23.197] RX< [6] [cam] [221004][tshell][cam_cpm_parse_media:283]photo scenario, media para[iso:0, gain:0, wb_mode:0]
[05:45:23.197] RX< [6] [cam] [221005][t
[05:45:23.197] RX< shell][csc_isp_clk_cal:353]FE CLK cal: 426MHz, ME CLK cal: 462MHz, FE/ME CLK cal: 508MHz
[05:45:23.197] RX< [6] [cam] [221005][tshell][csc_isp_clk_cal:360]BE CLK cal: 401MHz
[05:45:23.197] RX< [4] [cam] [221006][tshell][cam_fe_core_power_on:269]fe pipe has already power on, STATUS: 1
[05:45:23.197] RX< [6] [cam
[05:45:23.200] RX< ] [221006][tshell][cpc_update_clock:588]actual FE/ME clk: 550MHz
[05:45:23.200] RX< [4] [cam] [221007][tshell][cam_be_core_power_on:964]be pipe has already power on, STATUS: 1
[05:45:23.200] RX< [6] [cam] [221007][tshell][cpc_update_clock:593]actual BE clk: 500MHz
[05:45:23.200] RX< [7] [cam] [221008][tshell][
[05:45:23.200] RX< cam_cpm_core_power_on:425]id,0 type,1 ret 0
[05:45:23.200] RX< [6] [cam] [221008][tshell][cam_cpm_core_init:914]E id,0 sensor type,1
[05:45:23.200] RX< [6] [cam] [221009][tshell][cpm_core_check_tuningbin:854]Tuning bin crc check PASS! sum 0xc9b121ad, xor 0x29d57d51
[05:45:23.200] RX< [6] [cam] [221009][tshell][
[05:45:23.203] RX< qpc_tuning_check_iqbin_validness:396]IQ bin addr: 0x8869de60, project_name: capture_12M
[05:45:23.203] RX< [6] [cam] [221010][tshell][qpc_tuning_check_iqbin_validness:397]total_size: 107856
[05:45:23.203] RX< [6] [cam] [221010][tshell][qpc_tuning_check_iqbin_validness:398]id_count: 93. ID_TOT
[05:45:23.203] RX< AL: 94
[05:45:23.203] RX< [6] [cam] [221011][tshell][qpc_tuning_check_iqbin_validness:399]spinel tuning data ver: V1.30
[05:45:23.203] RX< [6] [cam] [221011][tshell][cpm_core_check_tuningbin:868]IQ bin check success!
[05:45:23.203] RX< [6] [cam] [221012][tshell][cam_bm_core_init:94]E
[05:45:23.203] RX< [6] [cam] [221012][tshell]
[05:45:23.210] RX< [bm_lab_init:174]X ctx size 4 addr 0x88451900
[05:45:23.210] RX< [6] [cam] [221013][tshell][cam_bm_core_init:114]X ctx size 180 addr 0x88485878
[05:45:23.210] RX< [6] [cam] [221013][tshell][qpc_core_init:1218]E id,0
[05:45:23.210] RX< [6] [cam] [221014][tshell][qpc_queue_init:65]QPC init qnodes 8, size 508, po
[05:45:23.210] RX< ol 0x88486828
[05:45:23.210] RX< [6] [cam] [221014][tshell][_qpc_get_cap_cfg_para:892]preset capCfg 200 3 4
[05:45:23.210] RX< [7] [cam] [221015][tshell][_qpc_cfg_hdr_frms:840]hdr preset - gainThres 1600
[05:45:23.210] RX< FrmNB:	TNR	|EV-	|EV0	|EV+
[05:45:23.210] RX< LDR:	 3	| 5	| -	| 3
[05:45:23.210] RX< LLLDR:	 3	| 5	| -	| 3
[05:45:23.210] RX< HDR:	 3	| 5	| 3	| 1
[05:45:23.210] RX< L
[05:45:23.215] RX< LHDR:	 3	| 5	| 3	| 1
[05:45:23.215] RX< 
[05:45:23.215] RX< [6] [cam] [221020][tshell][qpc_core_init:1264]X ctx size 3800 addr 0x88485940
[05:45:23.215] RX< [6] [cam] [221020][tshell][cpm_core_get_param:666]cpm para chk: tunBin-w 4000 h 3000 img-w 4032 h 3024
[05:45:23.215] RX< [6] [cam] [221021][tshell][cam_fe_core_init:436]E id
[05:45:23.215] RX< ,0
[05:45:23.215] RX< [6] [cam] [221021][tshell][cam_fe_core_init:490]X ctx size 100 addr 0x884973b8
[05:45:23.215] RX< [7] [cam] [221022][tshell][qpc_core_fe_chords_init:1659][34mqpc fe init snsOut w 4032 h 3024, tbl w 28 h 20[0m
[05:45:23.215] RX< [6] [cam] [221022][tshell][cam_me_core_init:1474]X ctx size 
[05:45:23.217] RX< 1352 addr 0x88499770
[05:45:23.217] RX< [34m[ME SLICE CFG] perf=1539(us)!
[05:45:23.217] RX< [0m[6] [cam] [221025][tshell][cam_bayer_fe_3a_stats_core_init:445]fe 3a id,0
[05:45:23.217] RX< [6] [cam] [221025][tshell][cam_bayer_fe_3a_stats_core_init:490]X ctx size 132 addr 0x884a2190
[05:45:23.217] RX< [6] [cam] [221026][tshell]
[05:45:23.217] RX< [cam_be_core_init:618]E id,0
[05:45:23.217] RX< [7] [cam] [221026][be0][be_core_irq_proc:267]thread start cid,0
[05:45:23.217] RX< [6] [cam] [221027][tshell][cam_be_core_init:710]X ctx size 464 addr 0x884a2520
[05:45:23.217] RX< [6] [cam] [221027][tshell][cam_lite_core_init:433]E id,0
[05:45:23.217] RX< [7] [cam] [221027][lite0]
[05:45:23.220] RX< [lite_core_irq_proc:152]thread start cid,0
[05:45:23.220] RX< [6] [cam] [221027][tshell][cam_lite_core_init:497]X ctx size 164 addr 0x884a4f70
[05:45:23.220] RX< [6] [cam] [221028][tshell][awb_wrapper_init:66]xxx awb_bin=0x88488f14, awb_bin_length=8068
[05:45:23.220] RX< [6] [cam] [221028][tshell][awb_wrapper_i
[05:45:23.220] RX< nit:86]X algo_handle 0x884acfa8
[05:45:23.220] RX< [7] [cam] [221029][awb0][a5_core_wrapper_task:252]thread start cid,0 algo type,2
[05:45:23.220] RX< [6] [cam] [221029][tshell][a5_core_init_task:426]thread created: awb0 mq=0x884af2a0 thread=0x884af3b8 sem=0x884af230 ret=0
[05:45:23.220] RX< [6] [cam] [221030]
[05:45:23.224] RX< [tshell][bayer_ae_wrapper_init:68]E id,0 proc mode 1 
[05:45:23.224] RX< 
[05:45:23.224] RX< [AEC Proc] @[allib_ae_set_debug_log_flag] Line:129:[DEBUG] debug level/to_file/to_terminal: 22/1/1
[05:45:23.224] RX< [AEC Proc] @[AeInit] Line:377:[INFO] AE ver: 2026_V2.269
[05:45:23.224] RX< 
[05:45:23.224] RX< [AEC Proc] @[allib_ae_loadfunc] Line:193:[I
[05:45:23.224] RX< NFO] camera ID: 0
[05:45:23.224] RX< [AEC Proc] @[AeInit] Line:404:[DEBUG] init imu detector sucessed!
[05:45:23.224] RX< [AEC Proc] @[AeInit] Line:406:[DEBUG] imu init errcode:0
[05:45:23.224] RX< [AEC Proc] @[alAE_set_param] Line:575:[DEBUG] sw_maxtime 66381 ,pertline 9444, after check sensor step sw_max_time
[05:45:23.227] RX<  66375.00
[05:45:23.227] RX< [AEC Proc] @[alAE_set_param] Line:580:[DEBUG] sw_mintime 37 ,pertline 9444, after check sensor step sw_min_time 36.00
[05:45:23.227] RX< [AEC Proc] @[alAE_set_param] Line:513:[DEBUG] DEBUG minbv exptime 9 gain 100, minExpBV 14098
[05:45:23.227] RX< [AEC Proc] @[AeTuningParseSet] Li
[05:45:23.227] RX< ne:167:[DEBUG] aeparam version 2.268 60704
[05:45:23.227] RX< [AEC Proc] @[alAE_set_param] Line:340:[DEBUG] INITEXP gain 100, shutter 8000, midtonegain 100, bv 4303
[05:45:23.227] RX< [6] [cam] [221037][tshell][bayer_ae_wrapper_init:119]X tline 9444 max_exp 66381 alg_hdl 0x884b1b68 
[05:45:23.227] RX< [7] [cam]
[05:45:23.230] RX<  [221037][b_ae0][a5_core_wrapper_task:252]thread start cid,0 algo type,0
[05:45:23.230] RX< [6] [cam] [221038][tshell][a5_core_init_task:426]thread created: b_ae0 mq=0x884b8440 thread=0x884b8558 sem=0x884b83d0 ret=0
[05:45:23.230] RX< [6] [cam] [221038][tshell][atf_wrapper_init:67]E id,0
[05:45:23.230] RX< [6]
[05:45:23.238] RX<  [cam] [221039][tshell][atf_wrapper_init:107]X alg_ctx addr 0x884baa18
[05:45:23.238] RX< [7] [cam] [221039][atf0][a5_core_wrapper_task:252]thread start cid,0 algo type,1
[05:45:23.238] RX< [6] [cam] [221040][tshell][a5_core_init_task:426]thread created: atf0 mq=0x884bcd70 thread=0x884bce88 s
[05:45:23.238] RX< em=0x884bcd00 ret=0
[05:45:23.238] RX< [6] [cam] [221040][tshell][cam_cpm_core_init:1030]X ctx size 1064 addr 0x88485440
[05:45:23.238] RX< [6] [cam] [221041][tshell][csc_open:527]ok! phys_id[1], phys_num[1] 
[05:45:23.238] RX< [6] [cam] [221041][tshell][cam_open:699]open ok! camera_id[0]
[05:45:23.238] RX< [34m[cam open] perf=
[05:45:23.241] RX< 56283(us)!
[05:45:23.241] RX< [0m[6] [App Cam] cam open success
[05:45:23.241] RX< [6] [cam] [221047][tshell][csc_init:637]sensor info:size:4032x3024, formt: 0x2b, bps: 2496, tline: 9444
[05:45:23.241] RX< [6] [cam] [221047][tshell][cam_sif_mgr_init:261]E id,0
[05:45:23.241] RX< [7] [cam] [221048][sif0][sif_irq_proc:151]thread 
[05:45:23.241] RX< start cid,0
[05:45:23.241] RX< [6] [cam] [221048][tshell][cam_sif_mgr_init:293]X ctx size 52 addr 0x884d5f20
[05:45:23.241] RX< [7] [cam] [221049][tshell][sif_btm_paramSet:102]btm lite w4032 h4032 binEn1 binRatio2
[05:45:23.241] RX< [7] [cam] [221049][tshell][sif_btm_paramSet:106]cropSlct2 x0 y0 w4032 h4032
[05:45:23.241] RX< [6
[05:45:23.255] RX< ] [cam] [221050][tshell][cam_prelude_init_cfg:368]CSI ID is 0,  phy lanes is 2.
[05:45:23.255] RX< [7] [cam] [221050][tshell][check_phy_ready:96]MIPI_PHY[0] is ready
[05:45:23.255] RX< [6] [cam] [221051][tshell][sensor_init:348]sensor [1]: register ok
[05:45:23.255] RX< [6] [cam] [221051][tshell][sensor_set_mod
[05:45:23.255] RX< e:852]sensor [1]: SetMode -> mode = 0.
[05:45:23.255] RX< [6] [cam] [221052][tshell][sensor_send_reg_tab_to_sensor:704]sensor [1]: send_reg_tab_to_sensor E.
[05:45:23.255] RX< [6] [cam] [221062][tshell][sensor_send_reg_tab_to_sensor:726]sensor [1]: reg_count = 77.
[05:45:23.255] RX< [6] [cam] [221064][tshell][s
[05:45:23.272] RX< ensor_init:361]sensor [1]: init success.
[05:45:23.272] RX< [6] [cam] [221064][tshell][sensor_set_mode:852]sensor [1]: SetMode -> mode = 1.
[05:45:23.272] RX< [6] [cam] [221065][tshell][sensor_send_reg_tab_to_sensor:704]sensor [1]: send_reg_tab_to_sensor E.
[05:45:23.272] RX< [6] [cam] [221080][tshell][sensor_s
[05:45:23.272] RX< end_reg_tab_to_sensor:726]sensor [1]: reg_count = 84.
[05:45:23.272] RX< [6] [cam] [221080][tshell][csc_init:646]ok! phys_id[1], phys_num[1]
[05:45:23.272] RX< [6] [cam] [221080][tshell][csc_get_bayer_single_buffer:1038]scenario_type: 1
[05:45:23.272] RX< [6] [cam] [221081][tshell][csc_set_stats_fmt:98]index 0 
[05:45:23.274] RX< w 1 h 1 bw 8 wcmp 255
[05:45:23.274] RX< [7] [cam] [221081][tshell][bm_ioctl:201]BMIOC_STATS_FMT
[05:45:23.274] RX< [6] [cam] [221081][tshell][csc_set_fe_fmt:47]index 1 w 4032 h 3024 bw 10 wcmp 0
[05:45:23.274] RX< [7] [cam] [221082][tshell][bm_ioctl:201]BMIOC_FE_FMT
[05:45:23.274] RX< [6] [cam] [221082][tshell][csc_set_lite_fmt
[05:45:23.275] RX< :115]index 2 w 1008 h 720 bw 8 wcmp 255
[05:45:23.275] RX< [7] [cam] [221083][tshell][bm_ioctl:201]BMIOC_LITE_FMT
[05:45:23.275] RX< [6] [cam] [221083][tshell][csc_set_lite_fmt:115]index 21 w 1008 h 720 bw 8 wcmp 255
[05:45:23.275] RX< [7] [cam] [221084][tshell][bm_ioctl:201]BMIOC_LITE_FMT
[05:45:23.275] RX< [6] [cam] [221084][t
[05:45:23.277] RX< shell][csc_set_be_fmt:81]index 25 w 0 h 0 bw 8 wcmp 255
[05:45:23.277] RX< [7] [cam] [221084][tshell][bm_ioctl:201]BMIOC_BE_FMT
[05:45:23.277] RX< [6] [cam] [221084][tshell][csc_set_be_fmt:81]index 22 w 480 h 360 bw 8 wcmp 255
[05:45:23.277] RX< [7] [cam] [221085][tshell][bm_ioctl:201]BMIOC_BE_FMT
[05:45:23.277] RX< [6] [cam] [2
[05:45:23.277] RX< 21085][tshell][csc_set_me_fmt:64]index 5 w 3024 h 4032 bw 10 wcmp 0, rdma_addr 0x8919f780, wdma_addr 0x8919f780
[05:45:23.277] RX< [7] [cam] [221086][tshell][bm_ioctl:201]BMIOC_ME_FMT
[05:45:23.277] RX< [6] [cam] [221086][tshell][csc_set_me_fmt:64]index 6 w 3024 h 4032 bw 8 wcmp 255, rdma_add
[05:45:23.280] RX< r 0x88795200, wdma_addr 0x8c000000
[05:45:23.280] RX< [6] [cam] [221087][tshell][cam_me_core_buffer_cfg:1367]
[05:45:23.280] RX< ----ME PIPE INFO---
[05:45:23.280] RX<  wdma_buf_num:1, rotation_en: 1
[05:45:23.280] RX< [7] [cam] [221087][tshell][cam_me_core_buffer_cfg:1375]yuv wdma_addr 0:0x8c000000, meta_en: 0, 0x00000000
[05:45:23.280] RX< [7] [
[05:45:23.280] RX< cam] [221088][tshell][bm_ioctl:201]BMIOC_ME_FMT
[05:45:23.280] RX< [6] [cam] [221088][tshell][csc_init:654]get otp ok! phys_id[1], phys_num[1]
[05:45:23.280] RX< [6] [cam] [221089][tshell][cam_init:789]init ok! logic_id[0]
[05:45:23.280] RX< [34m[cam init] perf=41666(us)!
[05:45:23.280] RX< [0m[6] [App Cam] cam init success
[05:45:23.280] RX< [7
[05:45:23.283] RX< ] [cam] [221090][tshell][cam_cpm_core_stream_on:541]id 0 sensor type 1
[05:45:23.283] RX< [6] [cam] [221090][tshell][sensor_stream_on:979]sensor [1]: stream_on
[05:45:23.283] RX< [6] [cam] [221091][tshell][sensor_stream_on:1007]sensor [1]: REG: 0x100, W:0x1.
[05:45:23.283] RX< [6] [cam] [221091][tshell][sensor_
[05:45:23.283] RX< stream_on:1009]sensor [1]: REG: 0x100, R:0x1.
[05:45:23.283] RX< [6] [cam] [221091][tshell][csc_prv_start:783]ok! phys_id[1], phys_num[1], cam_ids[1]
[05:45:23.283] RX< [6] [cam] [221092][tshell][cam_start:897]preview start ok! logic_id[0]
[05:45:23.283] RX< [34m[cam start] perf=2410(us)!
[05:45:23.283] RX< [0m[6] [App Cam] ca
[05:45:23.299] RX< m start success
[05:45:23.299] RX< [6] [App Dfs] Gravity_XR Capture Start
[05:45:23.299] RX< msh /emmc>echo "__EVBTEST_END_96b67d29__"
[05:45:23.299] RX< __EVBTEST_END_96b67d29__
[05:45:23.299] RX< msh /emmc>[7] [cam] [221093][b_3a_sts][bayer_stats_core_irq_proc:164]thread start cid,0
[05:45:23.299] RX< [7] [cam] [221094][fe0][fe_core_irq_proc:98]th
[05:45:23.361] TX> dfs_capture_start
[05:45:23.361] TX> echo "__EVBTEST_END_96b67d29__"
[05:45:23.705] RX< read start cid,0
[05:45:23.705] RX< [34m[AE] fid=0,exp=10161,adg=319,Y=1320,mtg=100,shg=100,bgbv=2355,iso=319,cnv0,hdr0
[05:45:23.705] RX< [0m[34m[b_ae0 proc] perf=2693(us), max=2693(us)!
[05:45:23.705] RX< [0m[34m[awb0 proc] perf=1442(us), max=1442(us)!
[05:45:23.705] RX< [0m[34m[AE conv] fid=11,exp=13293,adg=400,Y=4509,
[05:45:23.705] RX< mtg=362,shg=100,bgbv=1639,iso=400,cnv1,hdr1
[05:45:23.705] RX< [0m[7] [cam] [221498][fe0][_qpc_hdr_rslt_chk:1564]
[05:45:23.705] RX< ALG: EV0 t13293 g400 | EV+ t13293 g400 | EV- t10440 g138
[05:45:23.705] RX< [6] [cam] [221499][fe0][qpc_core_hdr_mapExp_cfg:1632]evMapExp set OK, typ:2 1 FF num:3 5 0
[05:45:23.705] RX< [34m[cap]
[05:45:23.787] RX<  FE sync ME @fid11 as mod2 cfg0x01, cap 8frms @fid+3
[05:45:23.787] RX< [0m[7] [cam] [221536][qpc0][qpc_core_hdr_upd_sensor:558][HDRupd]: Sns cap-0 EV:0->2 st-13293 ag-400
[05:45:23.787] RX< [6] [cam] [221581][me0][cpm_cb_fe2me_tikChk:152]frm_length 33329us, fe2me delta 12
[05:45:23.787] RX< [7] [cam] [221581]
[05:45:23.869] RX< [qpc0][qpc_core_hdr_upd_me:605][HDRupd] ME cap-0 EV:0->2, dg-100
[05:45:23.869] RX< [7] [JPEG] frame num=8, pre frame=873813 Bytes
[05:45:23.869] RX< [exif] cap 0, bv 1640 exp 13293 iso 400 time 221588
[05:45:23.869] RX< [6] [cam] [221602][fe0][_cpm_cb_jpegInfo_proc:602]SnapStream E @ frm15!
[05:45:23.869] RX< [cap] oFrm15 Ym152
[05:45:23.869] RX< 99 bv1334 lux201
[05:45:23.869] RX< [32m[BE] fid=0, perf=1451(us), max=1451(us)!
[05:45:23.869] RX< [0m[7] [cam] [221638][qpc0][qpc_core_hdr_upd_sensor:558][HDRupd]: Sns cap-3 EV:2->1 st-10440 ag-138
[05:45:23.869] RX< [34m[cap] fid: me0 fe16, perf=556900(us)!
[05:45:23.869] RX< [0m[7] [cam] [221649][me0][me_core_thread:322]M
[05:45:24.034] RX< E out fid 0
[05:45:24.034] RX< [cap] oFrm16 Ym15970 bv1196 lux183
[05:45:24.034] RX< [cap] oFrm17 Ym15788 bv1261 lux191
[05:45:24.034] RX< [exif] cap 3, bv 1640 exp 10440 iso 138 time 221691
[05:45:24.034] RX< [cap] oFrm18 Ym5809 bv-209 lux69
[05:45:24.034] RX< [cap] oFrm19 Ym6530 bv-192 lux70
[05:45:24.034] RX< [cap] oFrm20 Ym6691 bv-340 lux63
[05:45:24.034] RX< [cap] oFrm21 Ym6575 bv
[05:45:24.231] RX< -261 lux66
[05:45:24.231] RX< [cap] oFrm22 Ym7716 bv-1796 lux23
[05:45:24.231] RX< [6] [cam] [221868][fe0][_cpm_cb_jpegInfo_proc:610]SnapStream X @ frm23!
[05:45:24.231] RX< [34m[cap] fid: me7 fe23, perf=33558(us)!
[05:45:24.231] RX< [0m[33m[W/ftp] service go wrong, now wait restarting...[0m
[05:45:24.231] RX< [6] [App Dfs] Gravity_XR Capture St
[05:45:24.231] RX< op Success: total frames = 8
[05:45:24.231] RX< [6] [cam] [222038][DfsSend][sensor_stream_off:1143]sensor [1]: stream_off
[05:45:24.231] RX< [6] [cam] [222039][DfsSend][sensor_stream_off:1172]sensor [1]: REG: 0x100, W:0x0.
[05:45:24.231] RX< [6] [cam] [222040][DfsSend][sensor_stream_off:1174]sensor [1]: REG: 0x
[05:45:24.240] RX< 100, R:0x0.
[05:45:24.240] RX< [6] [cam] [222040][DfsSend][csc_prv_stop:893]ok! phys_id[1], phys_num[1], stop_type = 0
[05:45:24.240] RX< [6] [cam] [222040][DfsSend][cam_stop:1017]preview stop ok! logic_id[0]
[05:45:24.240] RX< [34m[cam stop] perf=2444(us)!
[05:45:24.240] RX< [0m[6] [App Cam] cam stop success
[05:45:24.240] RX< [7] [cam] [222041
[05:45:24.240] RX< ][DfsSend][cam_cpm_core_power_off:457]id,0 type,1 ret 0
[05:45:24.240] RX< [6] [cam] [222042][sif0][sif_irq_proc:174]thread release cid,0
[05:45:24.240] RX< [6] [cam] [222042][DfsSend][cam_sif_mgr_deinit:316]X
[05:45:24.240] RX< [6] [cam] [222042][DfsSend][cam_deinit:846]deinit ok! logic_id[0]
[05:45:24.240] RX< [34m[cam deinit
[05:45:24.240] RX< ] perf=1235(us)!
[05:45:24.240] RX< [0m[6] [App Cam] cam deinit success
[05:45:24.240] RX< [6] [cam] [222043][DfsSend][sensor_close:1247]sensor [1]: close!
[05:45:24.240] RX< [6] [cam] [222045][DfsSend][cam_bm_core_deinit:136]X
[05:45:24.240] RX< [INFO]	cpm[0] snsType1 capMod2 cfg0x01 8frms
[05:45:24.240] RX< [head]  frmID ref 11 eff 15 sns 13 c
[05:45:24.240] RX< dma 14 
[05:45:24.240] RX< [AErlt] flags fid 11 isWdr 1 isConv 1 sport 0 scen 1
[05:45:24.240] RX<         info  Lux 249 Ymean 4509 nxtBV -286 bgBV 1639
[05:45:24.240] RX< [exp]   norm  st13293 adg00400 ispg00100
[05:45:24.240] RX<         short st10440 adg00138 ispg00100
[05:45:24.240] RX<         long  st13293 adg00400 ispg00100
[05:45:24.240] RX< [head]  frmID r
[05:45:24.241] RX< ef 10 eff 14 sns 12 cdma 13 
[05:45:24.241] RX< [AErlt] flags fid 10 isWdr 0 isConv 2 sport 0 scen 0
[05:45:24.241] RX<         info  Lux 248 Ymean 4532 nxtBV 1569 bgBV 1636
[05:45:24.241] RX< [exp]   norm  st13320 adg00400 ispg00100
[05:45:24.241] RX<         short st00000 adg00000 ispg00100
[05:45:24.241] RX<         long  st00000 adg00000 ispg0
[05:45:24.241] RX< 0100
[05:45:24.241] RX< [head]  frmID ref 9 eff 13 sns 11 cdma 12 
[05:45:24.241] RX< [AErlt] flags fid 9 isWdr 0 isConv 0 sport 0 scen 0
[05:45:24.241] RX<         info  Lux 249 Ymean 4431 nxtBV 1573 bgBV 1640
[05:45:24.241] RX< [exp]   norm  st13284 adg00400 ispg00100
[05:45:24.241] RX<         short st00000 adg00000 ispg00100
[05:45:24.241] RX<         long  st0
[05:45:24.243] RX< 0000 adg00000 ispg00100
[05:45:24.243] RX< [head]  frmID ref 8 eff 12 sns 10 cdma 11 
[05:45:24.243] RX< [AErlt] flags fid 8 isWdr 0 isConv 0 sport 0 scen 0
[05:45:24.243] RX<         info  Lux 246 Ymean 5017 nxtBV 1554 bgBV 1623
[05:45:24.243] RX< [exp]   norm  st13437 adg00400 ispg00100
[05:45:24.243] RX<         short st00000 adg00000 ispg0010
[05:45:24.243] RX< 0
[05:45:24.243] RX<         long  st00000 adg00000 ispg00100
[05:45:24.243] RX< [head]  frmID ref 7 eff 11 sns 9 cdma 10 
[05:45:24.243] RX< [AErlt] flags fid 7 isWdr 0 isConv 0 sport 0 scen 0
[05:45:24.243] RX<         info  Lux 263 Ymean 2640 nxtBV 1651 bgBV 1717
[05:45:24.243] RX< [exp]   norm  st12591 adg00400 ispg00100
[05:45:24.243] RX<         short st00000
[05:45:24.246] RX<  adg00000 ispg00100
[05:45:24.246] RX<         long  st00000 adg00000 ispg00100
[05:45:24.246] RX< [6] [cam] [222053][be0][be_core_irq_proc:326]thread release cid,0
[05:45:24.246] RX< [6] [cam] [222053][DfsSend][cam_be_core_deinit:787]X
[05:45:24.246] RX< [6] [cam] [222054][me0][me_core_thread:367]thread release cid,0
[05:45:24.246] RX< [6] [cam] 
[05:45:24.246] RX< [222054][DfsSend][cam_me_core_deinit:1502]X
[05:45:24.246] RX< [6] [cam] [222054][fe0][fe_core_irq_proc:121]thread release cid,0
[05:45:24.246] RX< [6] [cam] [222054][DfsSend][cam_fe_core_deinit:536]X
[05:45:24.246] RX< [6] [cam] [222055][b_3a_sts][bayer_stats_core_irq_proc:193]thread release cid,0
[05:45:24.246] RX< [6] [cam] [
[05:45:24.249] RX< 222055][DfsSend][cam_bayer_stats_core_deinit:512]X
[05:45:24.249] RX< [6] [cam] [222056][lite0][lite_core_irq_proc:190]thread release cid,0
[05:45:24.249] RX< [6] [cam] [222056][DfsSend][cam_lite_core_deinit:556]X
[05:45:24.249] RX< [6] [cam] [222056][b_ae0][a5_core_wrapper_task:315]thread release cid,0,algo,0
[05:45:24.249] RX< 
[05:45:24.249] RX< [6] [cam] [222057][DfsSend][bayer_ae_wrapper_deinit:204]X
[05:45:24.249] RX< [6] [cam] [222057][atf0][a5_core_wrapper_task:315]thread release cid,0,algo,1
[05:45:24.249] RX< [6] [cam] [222057][DfsSend][atf_wrapper_deinit:153]X
[05:45:24.249] RX< [6] [cam] [222058][awb0][a5_core_wrapper_task:315]thread release
[05:45:24.252] RX<  cid,0,algo,2
[05:45:24.252] RX< [6] [cam] [222058][DfsSend][awb_wrapper_deinit:153]X
[05:45:24.252] RX< [6] [cam] [222059][DfsSend][cam_5a_core_deinit:555]X
[05:45:24.252] RX< [6] [cam] [222059][DfsSend][cam_5a_inf_deinit:149]X
[05:45:24.252] RX< [6] [cam] [222059][qpc0][qpc_core_msg_proc:697]thread release cid,0
[05:45:24.252] RX< [6] [cam] [222
[05:45:24.252] RX< 059][DfsSend][qpc_core_deinit:1330]X
[05:45:24.252] RX< [6] [cam] [222060][DfsSend][cam_cpm_core_deinit:1107]X
[05:45:24.252] RX< [6] [cam] [222060][DfsSend][csc_close:584]ok! phys_id[1], phys_num[1]
[05:45:24.252] RX< [7] [cam] [222061][cer0][cer_recovery_proc:352]msg type = 254
[05:45:24.252] RX< [6] [cam] [222061][cer0][cer_r
[05:45:24.276] RX< ecovery_proc:454]thread release cid,0
[05:45:24.276] RX< [6] [cam] [222061][DfsSend][cer_deinit:560]X
[05:45:24.276] RX< [6] [cam] [222061][DfsSend][cam_close:750]close ok! logic_id[0]
[05:45:24.276] RX< [34m[cam close] perf=18890(us)!
[05:45:24.276] RX< [0m[6] [App Cam] cam close success
[05:45:24.276] RX< [6] [cam] [222062][cpl0][cam_prelude_
[05:45:24.276] RX< proc_routine:136]thread release
[05:45:24.276] RX< [6] [cam] [222062][DfsSend][cam_exit:551]exit ok!
[05:45:24.276] RX< [34m[cam exit] perf=662(us)!
[05:45:24.276] RX< [0m[6] [App Cam] cam exit success
[05:45:24.276] RX< [6] [App Cam] jpeg deinit success
[05:45:24.276] RX< [6] [App Dfs] Save Photo Successful: /emmc/PIC/20260817_084522_1093/
[05:45:24.276] RX< [6] 
[05:45:24.477] TX> ftp_server
[05:45:24.477] TX> echo "__EVBTEST_END_e34d0992__"
[05:45:26.166] RX< [App Dfs] Capture completed successfully.
[05:45:26.166] RX< ftp_server
[05:45:26.166] RX< 
[05:45:26.166] RX< [FTP] Ftp server init success!!!
[05:45:26.166] RX< msh /emmc>echo "__EVBTEST_END_e34d0992__"
[05:45:26.166] RX< __EVBTEST_END_e34d0992__
[05:45:26.166] RX< msh /emmc>[33m[W/ftp] service go wrong, now wait restarting...[0m
[05:45:26.166] RX< [33m[W/ftp] service go wrong, 
[05:45:28.166] RX< now wait restarting...[0m
[05:45:28.166] RX< [33m[W/ftp] service go wrong, now wait restarting...[0m
[05:45:28.166] RX< [33m[W/ftp] service go wrong, now wait restarting...[0m
[05:45:30.166] RX< [33m[W/ftp] service go wrong, now wait restarting...[0m
[05:45:30.166] RX< [33m[W/ftp] service go wrong, now wait restarting...[0m
[05:45:30.166] RX< [33m[W/ftp] service go wrong, now wait restarting...[0m
[05:45:31.714] RX< [33m[W/ftp] service go wrong, now wait restarting...[0m
[05:45:31.714] RX< [33m[W/ftp] service go wrong, now wait restarting...[0m
[05:45:31.714] RX< [33m[W/ftp] service go wrong, now wait restarting...[0m
[05:45:31.714] RX< cam_set video 1080p
[05:45:31.714] RX< [6] [App Dfs] w(1296) * h(2304) is 1080p, eis 0
[05:45:31.714] RX< msh /emmc>echo
[05:45:31.898] TX> cam_set video 1080p
[05:45:31.898] TX> echo "__EVBTEST_END_62f63227__"
[05:45:33.281] RX<  "__EVBTEST_END_62f63227__"
[05:45:33.281] RX< __EVBTEST_END_62f63227__
[05:45:33.281] RX< msh /emmc>[33m[W/ftp] service go wrong, now wait restarting...[0m
[05:45:33.281] RX< [33m[W/ftp] service go wrong, now wait restarting...[0m
[05:45:33.281] RX< [33m[W/ftp] service go wrong, now wait restarting...[0m
[05:45:33.281] RX< [33m[W/ftp] servic
[05:45:33.381] RX< e go wrong, now wait restarting...[0m
[05:45:33.381] RX< dfs_video_start
[05:45:33.381] RX< [7] [cam] [231180][tshell][cgm_parse_bin:105]total logical camera num: 1
[05:45:33.381] RX< [6] [cam] [231180][tshell][cam_prelude_create:187]E id, 0
[05:45:33.381] RX< [7] [cam] [231181][cpl0][cam_prelude_proc_routine:101]thread start
[05:45:33.381] RX< [6
[05:45:33.382] RX< ] [cam] [231181][tshell][cam_prelude_create:214]X ctx size 124 addr 0x884717c8
[05:45:33.382] RX< [6] [cam] [231187][tshell][sensor_probe:418]sensor [1]: identifing 0 success.
[05:45:33.382] RX< [6] [cam] [231189][tshell][sensor_probe:441]sensor [1]: probe exit!
[05:45:33.382] RX< [6] [cam] [231189][tshell][cam
[05:45:33.384] RX< _prelude_fast_probe:251]cam: 0 probe result: 0
[05:45:33.384] RX< [6] [cam] [231190][tshell][cgm_parse_bin:215]cam(0) probe success
[05:45:33.384] RX< [6] [cam] [231190][tshell][cam_entry:435]entry ok
[05:45:33.384] RX< [34m[cam entry] perf=10581(us)!
[05:45:33.384] RX< [0m[6] [App Cam] cam entry success
[05:45:33.384] RX< [36mmem_laySolv: sce
[05:45:33.384] RX< nario=01 in=4032x3024, me_rotate=1 me_stripe=1 
[05:45:33.384] RX< [0m[36mmem_laySolv: me_rot 1, me_stripe 1, eis 0, be_rot 0
[05:45:33.384] RX< [0mscen1 type26 bufAdr 0x89d40b70 sz 0x1400000 reCfg for bound!
[05:45:33.384] RX< [36mmem_laySolv: scen01 20 entries solved OK!
[05:45:33.384] RX< [0m[36mmem_laySolv: scenario=02
[05:45:33.387] RX<  in=2016x1512, me_rotate=0 me_stripe=0 
[05:45:33.387] RX< [0m[36mmem_laySolv: me_rot 0, me_stripe 0, eis 0, be_rot 0
[05:45:33.387] RX< [0mscen2 type15 bufAdr 0x89ce3ef0 sz 0xd00000 reCfg for bound!
[05:45:33.387] RX< [36mmem_laySolv: scen02 14 entries solved OK!
[05:45:33.387] RX< [0m[36mmem_laySolv: scenario=03 in=4032x
[05:45:33.387] RX< 2268, me_rotate=1 me_stripe=0 
[05:45:33.387] RX< [0m[36mmem_laySolv: me_rot 1, me_stripe 0, eis 0, be_rot 0
[05:45:33.387] RX< [0m[36mmem_laySolv: scen03 14 entries solved OK!
[05:45:33.387] RX< [0m[7] [cam] [231195][tshell][cam_solve_whole_layout:355]
[05:45:33.387] RX< scen3: vol 0x8c000000 rbuf 0x89d6cdf0 sz 0xd00000 wb
[05:45:33.390] RX< uf 0x8aa6cdf0 sz 0xd00000
[05:45:33.390] RX<        rtmp txbuf 0x8bf80000 sz 0x80000 avcBuf 0x8bf00000 sz 0x80000
[05:45:33.390] RX< [36mmem_laySolv: scenario=04 in=4032x3024, me_rotate=1 me_stripe=1 
[05:45:33.390] RX< [0m[36mmem_laySolv: me_rot 1, me_stripe 1, eis 0, be_rot 0
[05:45:33.390] RX< [0m[36mmem_laySolv: scen04 
[05:45:33.393] RX< 14 entries solved OK!
[05:45:33.393] RX< [0m[36mmem_laySolv: scenario=05 in=1008x0756, me_rotate=0 me_stripe=0 
[05:45:33.393] RX< [0m[36mmem_laySolv: me_rot 0, me_stripe 0, eis 0, be_rot 0
[05:45:33.393] RX< [0m[36mmem_laySolv: scen05 17 entries solved OK!
[05:45:33.393] RX< [0m[36mmem_laySolv: scenario=06 in=1008x0720,
[05:45:33.393] RX<  me_rotate=0 me_stripe=0 
[05:45:33.393] RX< [0m[36mmem_laySolv: me_rot 0, me_stripe 0, eis 0, be_rot 0
[05:45:33.393] RX< [0m[36mmem_laySolv: scen06 12 entries solved OK!
[05:45:33.393] RX< [0m[36mmem_laySolv: scenario=01 in=4032x3024, me_rotate=1 me_stripe=1 
[05:45:33.393] RX< [0mscen1 type26 bufAdr 0x89d40b70 sz 0x140
[05:45:33.395] RX< 0000 reCfg for bound!
[05:45:33.395] RX< [36mmem_laySolv: scen01 20 entries solved OK!
[05:45:33.395] RX< [0m[7] [cam] [231200][tshell][cam_solve_whole_layout:383]Solve Whole-layout Done!
[05:45:33.395] RX< [6] [cam] [231201][tshell][cgm_parse_media_para:271]phy cam num: 1
[05:45:33.395] RX< [7] [cam] [231201][cer0][cer_recove
[05:45:33.395] RX< ry_proc:343]thread start cid, 0
[05:45:33.395] RX< [6] [cam] [231201][tshell][csc_open:443]SENSOR MCLK cal: 24MHz
[05:45:33.395] RX< [6] [cam] [231201][tshell][csc_isp_clk_cal:344]MIPI CLK cal: 277MHz
[05:45:33.395] RX< [6] [cam] [231202][tshell][csc_isp_clk_cal:371]LITE CLK cal: 25MHz
[05:45:33.395] RX< [7] [cam] [231202][tshel
[05:45:33.402] RX< l][cpc_csi_rx_power_on:633]E id: 2
[05:45:33.402] RX< [4] [cam] [231203][tshell][cpc_csi_rx_power_on:644]csi_2 has already power on, STATUS: 1
[05:45:33.402] RX< [6] [cam] [231203][tshell][cpc_update_clock:603]actual SNS mclk: 24MHz
[05:45:33.402] RX< [6] [cam] [231204][tshell][cpc_update_clock:608]actual MIPI
[05:45:33.402] RX< 0: 300MHz
[05:45:33.402] RX< [6] [cam] [231204][tshell][cpc_update_clock:598]actual LITE clk: 25MHz
[05:45:33.402] RX< [7] [cam] [231204][tshell][cam_prelude_open:297][34msnsOpen camID1 csiID0 phyIdx0[0m
[05:45:33.402] RX< [6] [cam] [231209][tshell][sensor_expo_gain_match:48]sensor get sensor expo gain of imx
[05:45:33.404] RX< 681_vst
[05:45:33.404] RX< [6] [cam] [231209][tshell][sensor_open:684]sensor [1] open OK.
[05:45:33.404] RX< [6] [cam] [231209][tshell][cam_cpm_parse_media:298]video scenario:3, media para[fps:0, mirror_en:0, flip_en:0]
[05:45:33.404] RX< [6] [cam] [231210][tshell][cam_cpm_parse_media:301]video scenario, media 
[05:45:33.405] RX< para[iso:0, gain:0, wb_mode:0]
[05:45:33.405] RX< [6] [cam] [231211][tshell][csc_isp_clk_cal:353]FE CLK cal: 373MHz, ME CLK cal: 371MHz, FE/ME CLK cal: 410MHz
[05:45:33.405] RX< [6] [cam] [231211][tshell][csc_isp_clk_cal:360]BE CLK cal: 301MHz
[05:45:33.405] RX< [4] [cam] [231212][tshell][cam_fe_core_power_on:
[05:45:33.410] RX< 269]fe pipe has already power on, STATUS: 1
[05:45:33.410] RX< [6] [cam] [231212][tshell][cpc_update_clock:588]actual FE/ME clk: 500MHz
[05:45:33.410] RX< [7] [cam] [231212][tshell][cam_cpm_core_power_on:425]id,0 type,1 ret 0
[05:45:33.410] RX< [6] [cam] [231213][tshell][cam_cpm_core_init:914]E id,0 sensor type
[05:45:33.410] RX< ,1
[05:45:33.410] RX< [6] [cam] [231216][tshell][cpm_core_check_tuningbin:854]Tuning bin crc check PASS! sum 0x7fb15f, xor 0x4e593f47
[05:45:33.410] RX< [6] [cam] [231216][tshell][qpc_tuning_check_iqbin_validness:396]IQ bin addr: 0x88646660, project_name: video_3M
[05:45:33.410] RX< [6] [cam] [231217][tshell][
[05:45:33.412] RX< qpc_tuning_check_iqbin_validness:397]total_size: 94208
[05:45:33.412] RX< [6] [cam] [231217][tshell][qpc_tuning_check_iqbin_validness:398]id_count: 93. ID_TOTAL: 94
[05:45:33.412] RX< [6] [cam] [231218][tshell][qpc_tuning_check_iqbin_validness:399]spinel tuning data ver: V1.30
[05:45:33.412] RX< [6] [cam] [2312
[05:45:33.413] RX< 18][tshell][cpm_core_check_tuningbin:868]IQ bin check success!
[05:45:33.413] RX< [6] [cam] [231219][tshell][cam_bm_core_init:94]E
[05:45:33.413] RX< [6] [cam] [231219][tshell][bm_lab_init:174]X ctx size 4 addr 0x8845e320
[05:45:33.413] RX< [6] [cam] [231219][tshell][cam_bm_core_init:114]X ctx size 180 addr 0x
[05:45:33.430] RX< 8846e650
[05:45:33.430] RX< [6] [cam] [231220][tshell][qpc_core_init:1218]E id,0
[05:45:33.430] RX< [6] [cam] [231220][tshell][qpc_queue_init:65]QPC init qnodes 8, size 508, pool 0x88472560
[05:45:33.430] RX< [7] [cam] [231221][tshell][_qpc_get_cap_cfg_para:888][fallback]preset capCfg 0 0 0 invalid, use default
[05:45:33.430] RX< 
[05:45:33.430] RX< [7] [cam] [231221][tshell][_qpc_cfg_hdr_frms:832][fallback]preset hdrCfg 0 32 7 25600 148508608 invalid, use default
[05:45:33.430] RX< [6] [cam] [231237][tshell][qpc_core_init:1264]X ctx size 3800 addr 0x8846e718
[05:45:33.430] RX< [6] [cam] [231237][tshell][cpm_core_get_param:666]cpm para 
[05:45:33.436] RX< chk: tunBin-w 4032 h 2266 img-w 4032 h 2268
[05:45:33.436] RX< [6] [cam] [231238][tshell][cam_fe_core_init:436]E id,0
[05:45:33.436] RX< [6] [cam] [231238][tshell][cam_fe_core_init:490]X ctx size 100 addr 0x88481d40
[05:45:33.436] RX< [7] [cam] [231239][tshell][qpc_core_fe_chords_init:1659][34mqpc fe init sns
[05:45:33.436] RX< Out w 4032 h 2268, tbl w 28 h 20[0m
[05:45:33.436] RX< [6] [cam] [231240][tshell][cam_me_core_init:1474]X ctx size 1352 addr 0x8849e408
[05:45:33.436] RX< [34m[ME SLICE CFG] perf=1316(us)!
[05:45:33.436] RX< [0m[6] [cam] [231243][tshell][cam_bayer_fe_3a_stats_core_init:445]fe 3a id,0
[05:45:33.436] RX< [6] [cam] [231243][tshel
[05:45:33.444] RX< l][cam_bayer_fe_3a_stats_core_init:490]X ctx size 132 addr 0x884a6d18
[05:45:33.444] RX< [6] [cam] [231244][tshell][awb_wrapper_init:66]xxx awb_bin=0x88474a3c, awb_bin_length=8068
[05:45:33.444] RX< [6] [cam] [231244][tshell][awb_wrapper_init:86]X algo_handle 0x884ac978
[05:45:33.444] RX< [7] [cam] [231245][aw
[05:45:33.444] RX< b0][a5_core_wrapper_task:252]thread start cid,0 algo type,2
[05:45:33.444] RX< [6] [cam] [231245][tshell][a5_core_init_task:426]thread created: awb0 mq=0x884aec40 thread=0x884aed58 sem=0x884aebd0 ret=0
[05:45:33.444] RX< [6] [cam] [231246][tshell][bayer_ae_wrapper_init:68]E id,0 proc mode 0 
[05:45:33.446] RX< 
[05:45:33.446] RX< [AEC Proc] @[allib_ae_set_debug_log_flag] Line:129:[DEBUG] debug level/to_file/to_terminal: 22/1/1
[05:45:33.446] RX< [AEC Proc] @[AeInit] Line:377:[INFO] AE ver: 2026_V2.269
[05:45:33.446] RX< 
[05:45:33.446] RX< [AEC Proc] @[allib_ae_loadfunc] Line:193:[INFO] camera ID: 0
[05:45:33.446] RX< [AEC Proc] @[alAE_set_param] Line:57
[05:45:33.446] RX< 5:[DEBUG] sw_maxtime 33004 ,pertline 10800, after check sensor step sw_max_time 33000.00
[05:45:33.446] RX< [AEC Proc] @[alAE_set_param] Line:580:[DEBUG] sw_mintime 43 ,pertline 10800, after check sensor step sw_min_time 40.00
[05:45:33.446] RX< [AEC Proc] @[alAE_set_param] Line:513:[DEBUG] D
[05:45:33.449] RX< EBUG minbv exptime 11 gain 100, minExpBV 13810
[05:45:33.449] RX< [AEC Proc] @[AeTuningParseSet] Line:167:[DEBUG] aeparam version 2.268 60530
[05:45:33.449] RX< [AEC Proc] @[alAE_set_param] Line:340:[DEBUG] INITEXP gain 100, shutter 33242, midtonegain 100, bv 2247
[05:45:33.449] RX< [6] [cam] [231255][tshell][
[05:45:33.449] RX< bayer_ae_wrapper_init:119]X tline 10800 max_exp 33004 alg_hdl 0x884b1508 
[05:45:33.449] RX< [7] [cam] [231256][b_ae0][a5_core_wrapper_task:252]thread start cid,0 algo type,0
[05:45:33.449] RX< [6] [cam] [231257][tshell][a5_core_init_task:426]thread created: b_ae0 mq=0x884b25b8 thread=0x884b2
[05:45:33.452] RX< 6d0 sem=0x884b2548 ret=0
[05:45:33.452] RX< [6] [cam] [231257][tshell][atf_wrapper_init:67]E id,0
[05:45:33.452] RX< [6] [cam] [231258][tshell][atf_wrapper_init:107]X alg_ctx addr 0x884b27f8
[05:45:33.452] RX< [7] [cam] [231258][atf0][a5_core_wrapper_task:252]thread start cid,0 algo type,1
[05:45:33.452] RX< [6] [cam] [231258][t
[05:45:33.452] RX< shell][a5_core_init_task:426]thread created: atf0 mq=0x884bc770 thread=0x884bc888 sem=0x884b28c0 ret=0
[05:45:33.452] RX< [6] [cam] [231259][tshell][cam_cpm_core_init:1030]X ctx size 1064 addr 0x8846e218
[05:45:33.452] RX< [6] [cam] [231260][tshell][csc_open:527]ok! phys_id[1], phys_num[1] 
[05:45:33.452] RX< [
[05:45:33.468] RX< 6] [cam] [231260][tshell][cam_open:699]open ok! camera_id[0]
[05:45:33.468] RX< [34m[cam open] perf=69273(us)!
[05:45:33.468] RX< [0m[6] [App Cam] cam open success
[05:45:33.468] RX< [6] [App Cam] hevc init success
[05:45:33.468] RX< [6] [cam] [231274][tshell][csc_init:637]sensor info:size:4032x2268, formt: 0x2b, bps: 1968, tl
[05:45:33.468] RX< ine: 10800
[05:45:33.468] RX< [6] [cam] [231274][tshell][cam_sif_mgr_init:261]E id,0
[05:45:33.468] RX< [7] [cam] [231275][sif0][sif_irq_proc:151]thread start cid,0
[05:45:33.468] RX< [6] [cam] [231275][tshell][cam_sif_mgr_init:293]X ctx size 52 addr 0x884edd88
[05:45:33.468] RX< [6] [cam] [231276][tshell][cam_prelude_init_cfg:3
[05:45:33.482] RX< 68]CSI ID is 0,  phy lanes is 2.
[05:45:33.482] RX< [7] [cam] [231276][tshell][check_phy_ready:96]MIPI_PHY[0] is ready
[05:45:33.482] RX< [6] [cam] [231277][tshell][sensor_init:348]sensor [1]: register ok
[05:45:33.482] RX< [6] [cam] [231277][tshell][sensor_set_mode:852]sensor [1]: SetMode -> mode = 0.
[05:45:33.482] RX< [6] [ca
[05:45:33.482] RX< m] [231277][tshell][sensor_send_reg_tab_to_sensor:704]sensor [1]: send_reg_tab_to_sensor E.
[05:45:33.482] RX< [6] [cam] [231288][tshell][sensor_send_reg_tab_to_sensor:726]sensor [1]: reg_count = 77.
[05:45:33.482] RX< [6] [cam] [231290][tshell][sensor_init:361]sensor [1]: init success.
[05:45:33.482] RX< [6] [c
[05:45:33.483] TX> dfs_video_start
[05:45:33.483] TX> echo "__EVBTEST_END_d3f494fa__"
[05:45:33.499] RX< am] [231290][tshell][sensor_set_mode:852]sensor [1]: SetMode -> mode = 3.
[05:45:33.499] RX< [6] [cam] [231291][tshell][sensor_send_reg_tab_to_sensor:704]sensor [1]: send_reg_tab_to_sensor E.
[05:45:33.499] RX< [6] [cam] [231306][tshell][sensor_send_reg_tab_to_sensor:726]sensor [1]: reg_count
[05:45:33.499] RX<  = 83.
[05:45:33.499] RX< [6] [cam] [231306][tshell][csc_init:646]ok! phys_id[1], phys_num[1]
[05:45:33.499] RX< [6] [cam] [231306][tshell][csc_get_bayer_single_buffer:1038]scenario_type: 3
[05:45:33.499] RX< [6] [cam] [231306][tshell][csc_set_stats_fmt:98]index 0 w 1 h 1 bw 8 wcmp 255
[05:45:33.499] RX< [7] [cam] [231307][tshel
[05:45:33.502] RX< l][bm_ioctl:201]BMIOC_STATS_FMT
[05:45:33.502] RX< [6] [cam] [231307][tshell][csc_set_fe_fmt:47]index 1 w 4032 h 2268 bw 10 wcmp 0
[05:45:33.502] RX< [7] [cam] [231308][tshell][bm_ioctl:201]BMIOC_FE_FMT
[05:45:33.502] RX< [6] [cam] [231308][tshell][csc_set_me_fmt:64]index 5 w 2268 h 4032 bw 10 wcmp 0, rdma_addr
[05:45:33.504] RX<  0x894afe00, wdma_addr 0x894afe00
[05:45:33.504] RX< [7] [cam] [231309][tshell][bm_ioctl:201]BMIOC_ME_FMT
[05:45:33.504] RX< [6] [cam] [231309][tshell][csc_set_video_fmt:966]meta_addr: 0x89d6c600
[05:45:33.504] RX< [6] [cam] [231310][tshell][csc_set_me_fmt:64]index 6 w 1296 h 2304 bw 8 wcmp 255, rdma_addr 0x88
[05:45:33.505] RX< 795200, wdma_addr 0x8c000000
[05:45:33.505] RX< [6] [cam] [231310][tshell][cam_me_core_buffer_cfg:1367]
[05:45:33.505] RX< ----ME PIPE INFO---
[05:45:33.505] RX<  wdma_buf_num:1, rotation_en: 1
[05:45:33.505] RX< [7] [cam] [231311][tshell][cam_me_core_buffer_cfg:1375]yuv wdma_addr 0:0x8c000000, meta_en: 1, 0x89d6c600
[05:45:33.505] RX< [7] [cam] 
[05:45:33.507] RX< [231311][tshell][bm_ioctl:201]BMIOC_ME_FMT
[05:45:33.507] RX< [6] [cam] [231312][tshell][csc_set_lite_fmt:115]index 13 w 400 h 400 bw 10 wcmp 255
[05:45:33.507] RX< [7] [cam] [231312][tshell][bm_ioctl:201]BMIOC_LITE_FMT
[05:45:33.507] RX< [6] [cam] [231313][tshell][csc_set_lite_fmt:115]index 14 w 400 h 400 bw 
[05:45:33.508] RX< 10 wcmp 255
[05:45:33.508] RX< [7] [cam] [231313][tshell][bm_ioctl:201]BMIOC_LITE_FMT
[05:45:33.508] RX< [6] [cam] [231313][tshell][csc_init:654]get otp ok! phys_id[1], phys_num[1]
[05:45:33.508] RX< [6] [cam] [231314][tshell][cam_init:789]init ok! logic_id[0]
[05:45:33.508] RX< [34m[cam init] perf=40331(us)!
[05:45:33.508] RX< [0m[6] [App Cam] 
[05:45:33.511] RX< cam init success
[05:45:33.511] RX< [7] [cam] [231315][tshell][cam_cpm_core_stream_on:541]id 0 sensor type 1
[05:45:33.511] RX< [6] [cam] [231315][tshell][sensor_stream_on:979]sensor [1]: stream_on
[05:45:33.511] RX< [6] [cam] [231316][tshell][sensor_stream_on:1007]sensor [1]: REG: 0x100, W:0x1.
[05:45:33.511] RX< [6] [cam] [231
[05:45:33.511] RX< 316][tshell][sensor_stream_on:1009]sensor [1]: REG: 0x100, R:0x1.
[05:45:33.511] RX< [6] [cam] [231316][tshell][csc_prv_start:783]ok! phys_id[1], phys_num[1], cam_ids[1]
[05:45:33.511] RX< [6] [cam] [231317][tshell][cam_start:897]preview start ok! logic_id[0]
[05:45:33.511] RX< [34m[cam start] perf=2639(us)!
[05:45:33.527] RX< [0m[6] [App Cam] cam start success
[05:45:33.527] RX< [6] [App Dfs] Gravity_XR Record Start
[05:45:33.527] RX< msh /emmc>echo "__EVBTEST_END_d3f494fa__"
[05:45:33.527] RX< __EVBTEST_END_d3f494fa__
[05:45:33.527] RX< msh /emmc>[7] [cam] [231319][b_3a_sts][bayer_stats_core_irq_proc:164]thread start cid,0
[05:45:33.527] RX< [7] [cam] [231319][fe0][fe_
[05:45:33.818] RX< core_irq_proc:98]thread start cid,0
[05:45:33.818] RX< [34m[AE] fid=0,exp=10170,adg=288,Y=5095,mtg=100,shg=100,bgbv=4254,iso=288,cnv0,hdr0
[05:45:33.818] RX< [0m[34m[b_ae0 proc] perf=8126(us), max=8126(us)!
[05:45:33.818] RX< [0m[34m[awb0 proc] perf=4421(us), max=4421(us)!
[05:45:33.818] RX< [0m[6] [cam] [231610][me0][cpm_
[05:45:34.173] RX< cb_fe2me_tikChk:152]frm_length 88559us, fe2me delta 0
[05:45:34.173] RX< [34m[ME INTP]fid=0, shutter=10170, perf=2850(us), max=2850(us)!
[05:45:34.173] RX< [0m[7] [cam] [231788][me0][me_core_thread:322]ME out fid 0
[05:45:34.173] RX< [6] [App Dfs] f_index = 0, f_len = 138783, cur_total_len = 138871
[05:45:34.173] RX< [33m[W/ftp
[05:45:34.427] RX< ] service go wrong, now wait restarting...[0m
[05:45:34.427] RX< [33m[W/ftp] service go wrong, now wait restarting...[0m
[05:45:34.427] RX< [34m[awb0 proc] perf=6256(us), max=6256(us)!
[05:45:34.427] RX< [0m[34m[b_ae0 proc] perf=6127(us), max=8126(us)!
[05:45:34.427] RX< [0m[34m[awb0 proc] perf=10145(us), max=10145(us)!
[05:45:34.427] RX< [
[05:45:35.290] RX< 0m[34m[AE] fid=30,exp=10140,adg=213,Y=3573,mtg=189,shg=100,bgbv=1466,iso=213,cnv2,hdr0
[05:45:35.290] RX< [0m[7] [cam] [232788][me0][me_core_thread:322]ME out fid 30
[05:45:35.290] RX< [33m[W/ftp] service go wrong, now wait restarting...[0m
[05:45:35.290] RX< [33m[W/ftp] service go wrong, now wait restartin
[05:45:35.577] RX< g...[0m
[05:45:35.577] RX< dfs_video_stop
[05:45:35.577] RX< msh /emmc>echo "__EVBTEST_E[6] [App Dfs]  Gravity_XR Record Stop Success: total frames = 48
[05:45:35.577] RX< [6] [cam] [233368][DfsSend][sensor_stream_off:1143]sensor [1]: stream_off
[05:45:35.577] RX< [6] [cam] [233369][DfsSend][sensor_stream_off:1172]sensor [1]: REG
[05:45:35.588] RX< : 0x100, W:0x0.
[05:45:35.588] RX< [6] [cam] [233369][DfsSend][sensor_stream_off:1174]sensor [1]: REG: 0x100, R:0x0.
[05:45:35.588] RX< [6] [cam] [233389][DfsSend][csc_prv_stop:893]ok! phys_id[1], phys_num[1], stop_type = 0
[05:45:35.588] RX< [6] [cam] [233389][DfsSend][cam_stop:1017]preview stop ok! logic_id[0]
[05:45:35.588] RX< 
[05:45:35.588] RX< [34m[cam stop] perf=21067(us)!
[05:45:35.588] RX< [0m[6] [App Cam] cam stop success
[05:45:35.588] RX< Total of 49 frames encoded, 3750939 bytes, max_workbuffer_used: 4911104 bytes
[05:45:35.588] RX< [6] [App Cam] hevc_encoder_deinit success
[05:45:35.588] RX< [7] [cam] [233395][DfsSend][cam_cpm_core_power_off:457]id,0 type,1
[05:45:35.592] RX<  ret 0
[05:45:35.592] RX< [6] [cam] [233395][sif0][sif_irq_proc:174]thread release cid,0
[05:45:35.592] RX< [6] [cam] [233396][DfsSend][cam_sif_mgr_deinit:316]X
[05:45:35.592] RX< [6] [cam] [233396][DfsSend][cam_deinit:846]deinit ok! logic_id[0]
[05:45:35.592] RX< [34m[cam deinit] perf=1299(us)!
[05:45:35.592] RX< [0m[6] [App Cam] cam deinit su
[05:45:35.592] RX< ccess
[05:45:35.592] RX< [6] [cam] [233397][DfsSend][sensor_close:1247]sensor [1]: close!
[05:45:35.592] RX< [6] [cam] [233399][DfsSend][cam_bm_core_deinit:136]X
[05:45:35.592] RX< [6] [cam] [233399][me0][me_core_thread:367]thread release cid,0
[05:45:35.592] RX< [6] [cam] [233400][DfsSend][cam_me_core_deinit:1502]X
[05:45:35.592] RX< [6] [cam] [2
[05:45:35.595] RX< 33400][fe0][fe_core_irq_proc:121]thread release cid,0
[05:45:35.595] RX< [6] [cam] [233400][DfsSend][cam_fe_core_deinit:536]X
[05:45:35.595] RX< [6] [cam] [233400][b_3a_sts][bayer_stats_core_irq_proc:193]thread release cid,0
[05:45:35.595] RX< [6] [cam] [233401][DfsSend][cam_bayer_stats_core_deinit:512]X
[05:45:35.595] RX< [6] [
[05:45:35.595] RX< cam] [233401][b_ae0][a5_core_wrapper_task:315]thread release cid,0,algo,0
[05:45:35.595] RX< [6] [cam] [233402][DfsSend][bayer_ae_wrapper_deinit:204]X
[05:45:35.595] RX< [6] [cam] [233402][atf0][a5_core_wrapper_task:315]thread release cid,0,algo,1
[05:45:35.595] RX< [6] [cam] [233403][DfsSend][atf_wrapper_dein
[05:45:35.598] RX< it:153]X
[05:45:35.598] RX< [6] [cam] [233403][awb0][a5_core_wrapper_task:315]thread release cid,0,algo,2
[05:45:35.598] RX< [6] [cam] [233403][DfsSend][awb_wrapper_deinit:153]X
[05:45:35.598] RX< [6] [cam] [233404][DfsSend][cam_5a_core_deinit:555]X
[05:45:35.598] RX< [6] [cam] [233404][DfsSend][cam_5a_inf_deinit:149]X
[05:45:35.598] RX< [6] [cam]
[05:45:35.598] RX<  [233404][qpc0][qpc_core_msg_proc:697]thread release cid,0
[05:45:35.598] RX< [6] [cam] [233405][DfsSend][qpc_core_deinit:1330]X
[05:45:35.598] RX< [6] [cam] [233405][DfsSend][cam_cpm_core_deinit:1107]X
[05:45:35.598] RX< [6] [cam] [233405][DfsSend][csc_close:584]ok! phys_id[1], phys_num[1]
[05:45:35.598] RX< [7] [cam] [233405][
[05:45:35.604] RX< cer0][cer_recovery_proc:352]msg type = 254
[05:45:35.604] RX< [6] [cam] [233406][cer0][cer_recovery_proc:454]thread release cid,0
[05:45:35.604] RX< [6] [cam] [233406][DfsSend][cer_deinit:560]X
[05:45:35.604] RX< [6] [cam] [233407][DfsSend][cam_close:750]close ok! logic_id[0]
[05:45:35.604] RX< [34m[cam close] perf=9954(us)!
[05:45:35.604] RX< 
[05:45:35.604] RX< [0m[6] [App Cam] cam close success
[05:45:35.604] RX< [6] [cam] [233407][cpl0][cam_prelude_proc_routine:136]thread release
[05:45:35.604] RX< [6] [cam] [233408][DfsSend][cam_exit:551]exit ok!
[05:45:35.604] RX< [34m[cam exit] perf=568(us)!
[05:45:35.604] RX< [0m[6] [App Cam] cam exit success
[05:45:35.604] RX< [6] [App Dfs] Save Video Successful
[05:45:35.730] TX> dfs_video_stop
[05:45:35.730] TX> echo "__EVBTEST_END_a07fec12__"
[05:45:36.181] RX< : /emmc/VIDEO/20260817_084532_1091/Video_1091_0.h265
[05:45:36.181] RX< [6] [App Dfs] Save Imu Successful: /emmc/VIDEO/20260817_084532_1091/Imu_1091.bin
[05:45:36.181] RX< [6] [App Dfs] Video recording completed successfully.
[05:45:36.181] RX< ND_a07fec12__"
[05:45:36.181] RX< __EVBTEST_END_a07fec12__
[05:45:36.181] RX< msh /emmc>[33m[W/ftp] serv
[05:45:36.390] TX> ftp_server
[05:45:36.390] TX> echo "__EVBTEST_END_079bbc38__"
[05:45:37.169] RX< ice go wrong, now wait restarting...[0m
[05:45:37.169] RX< ftp_server
[05:45:37.169] RX< 
[05:45:37.169] RX< [FTP] Ftp server init success!!!
[05:45:37.169] RX< msh /emmc>echo "__EVBTEST_END_0[33m[W/ftp] service go wrong, now wait restarting...[0m
[05:45:37.169] RX< 79bbc38__"
[05:45:37.169] RX< __EVBTEST_END_079bbc38__
[05:45:37.169] RX< msh /emmc>[33m[W/ftp] service go wrong, no
[05:45:39.169] RX< w wait restarting...[0m
[05:45:39.169] RX< [33m[W/ftp] service go wrong, now wait restarting...[0m
[05:45:39.169] RX< [33m[W/ftp] service go wrong, now wait restarting...[0m
[05:45:39.169] RX< [33m[W/ftp] service go wrong, now wait restarting...[0m
[05:45:39.169] RX< [33m[W/ftp] service go wrong, now wait restarting...[0m
[05:45:41.169] RX< 
[05:45:41.169] RX< [33m[W/ftp] service go wrong, now wait restarting...[0m
[05:45:41.169] RX< [33m[W/ftp] service go wrong, now wait restarting...[0m
[05:45:41.169] RX< [33m[W/ftp] service go wrong, now wait restarting...[0m
[05:45:41.169] RX< [33m[W/ftp] service go wrong, now wait restarting...
[05:45:42.288] RX< [0m
[05:45:42.288] RX< [33m[W/ftp] service go wrong, now wait restarting...[0m
[05:45:42.288] RX< [33m[W/ftp] service go wrong, now wait restarting...[0m
[05:45:42.288] RX< [33m[W/ftp] service go wrong, now wait restarting...[0m
[05:45:42.288] RX< [33m[W/ftp] service go wrong, now wait restarting...[0m
[05:45:42.288] RX< [33m[W/ftp] service
[05:45:44.176] RX<  go wrong, now wait restarting...[0m
[05:45:44.176] RX< [33m[W/ftp] service go wrong, now wait restarting...[0m
[05:45:44.176] RX< [33m[W/ftp] service go wrong, now wait restarting...[0m
[05:45:44.176] RX< [33m[W/ftp] service go wrong, now wait restarting...[0m
[05:45:44.176] RX< [33m[W/ftp] service go wrong, now wait rest
[05:45:45.296] RX< arting...[0m
[05:45:45.296] RX< [33m[W/ftp] service go wrong, now wait restarting...[0m
[05:45:45.296] RX< [33m[W/ftp] service go wrong, now wait restarting...[0m
[05:45:45.296] RX< [33m[W/ftp] service go wrong, now wait restarting...[0m
[05:45:45.296] RX< [33m[W/ftp] service go wrong, now wait restarting...[0m
[05:45:45.296] RX< [33m[W/ft
[05:45:45.828] RX< p] service go wrong, now wait restarting...[0m
[05:45:45.828] RX< rtmp_video_start rtmp://172.20.10.2/live/cam
[05:45:45.828] RX< [7] [cam] [243625][tshell][cgm_parse_bin:105]total logical camera num: 1
[05:45:45.828] RX< [6] [cam] [243625][tshell][cam_prelude_create:187]E id, 0
[05:45:45.828] RX< [7] [cam] [243626][cpl0][cam_pr
[05:45:45.828] RX< elude_proc_routine:101]thread start
[05:45:45.828] RX< [6] [cam] [243626][tshell][cam_prelude_create:214]X ctx size 124 addr 0x88470948
[05:45:45.828] RX< [6] [cam] [243632][tshell][sensor_probe:418]sensor [1]: identifing 0 success.
[05:45:45.828] RX< [6] [cam] [243634][tshell][sensor_probe:441]sensor [1]: prob
[05:45:45.831] RX< e exit!
[05:45:45.831] RX< [6] [cam] [243634][tshell][cam_prelude_fast_probe:251]cam: 0 probe result: 0
[05:45:45.831] RX< [6] [cam] [243634][tshell][cgm_parse_bin:215]cam(0) probe success
[05:45:45.831] RX< [6] [cam] [243635][tshell][cam_entry:435]entry ok
[05:45:45.831] RX< [34m[cam entry] perf=10111(us)!
[05:45:45.831] RX< [0m[6] [App Cam] ca
[05:45:45.831] RX< m entry success
[05:45:45.831] RX< [36mmem_laySolv: scenario=01 in=4032x3024, me_rotate=1 me_stripe=1 
[05:45:45.831] RX< [0m[36mmem_laySolv: me_rot 1, me_stripe 1, eis 0, be_rot 0
[05:45:45.831] RX< [0mscen1 type26 bufAdr 0x89d40b70 sz 0x1400000 reCfg for bound!
[05:45:45.831] RX< [36mmem_laySolv: scen01 20 entries solved 
[05:45:45.834] RX< OK!
[05:45:45.834] RX< [0m[36mmem_laySolv: scenario=02 in=2016x1512, me_rotate=0 me_stripe=0 
[05:45:45.834] RX< [0m[36mmem_laySolv: me_rot 0, me_stripe 0, eis 0, be_rot 0
[05:45:45.834] RX< [0mscen2 type15 bufAdr 0x89ce3ef0 sz 0xd00000 reCfg for bound!
[05:45:45.834] RX< [36mmem_laySolv: scen02 14 entries solved OK!
[05:45:45.834] RX< [0m
[05:45:45.834] RX< [36mmem_laySolv: scenario=03 in=4032x2268, me_rotate=1 me_stripe=0 
[05:45:45.834] RX< [0m[36mmem_laySolv: me_rot 1, me_stripe 0, eis 0, be_rot 0
[05:45:45.834] RX< [0m[36mmem_laySolv: scen03 14 entries solved OK!
[05:45:45.834] RX< [0m[7] [cam] [243639][tshell][cam_solve_whole_layout:355]
[05:45:45.834] RX< scen3: vol 0x8
[05:45:45.837] RX< c000000 rbuf 0x89d6cdf0 sz 0xd00000 wbuf 0x8aa6cdf0 sz 0xd00000
[05:45:45.837] RX<        rtmp txbuf 0x8bf80000 sz 0x80000 avcBuf 0x8bf00000 sz 0x80000
[05:45:45.837] RX< [36mmem_laySolv: scenario=04 in=4032x3024, me_rotate=1 me_stripe=1 
[05:45:45.837] RX< [0m[36mmem_laySolv: me_rot 1, me_stripe 1, eis 0, 
[05:45:45.837] RX< be_rot 0
[05:45:45.837] RX< [0m[36mmem_laySolv: scen04 14 entries solved OK!
[05:45:45.837] RX< [0m[36mmem_laySolv: scenario=05 in=1008x0756, me_rotate=0 me_stripe=0 
[05:45:45.837] RX< [0m[36mmem_laySolv: me_rot 0, me_stripe 0, eis 0, be_rot 0
[05:45:45.837] RX< [0m[36mmem_laySolv: scen05 17 entries solved OK!
[05:45:45.837] RX< [0m[36m
[05:45:45.839] RX< mem_laySolv: scenario=06 in=1008x0720, me_rotate=0 me_stripe=0 
[05:45:45.839] RX< [0m[36mmem_laySolv: me_rot 0, me_stripe 0, eis 0, be_rot 0
[05:45:45.839] RX< [0m[36mmem_laySolv: scen06 12 entries solved OK!
[05:45:45.839] RX< [0m[36mmem_laySolv: scenario=01 in=4032x3024, me_rotate=1 me_stripe=1 
[05:45:45.839] RX< [0ms
[05:45:45.839] RX< cen1 type26 bufAdr 0x89d40b70 sz 0x1400000 reCfg for bound!
[05:45:45.839] RX< [36mmem_laySolv: scen01 20 entries solved OK!
[05:45:45.839] RX< [0m[7] [cam] [243645][tshell][cam_solve_whole_layout:383]Solve Whole-layout Done!
[05:45:45.839] RX< [6] [cam] [243645][tshell][cgm_parse_media_para:271]phy cam num:
[05:45:45.842] RX<  1
[05:45:45.842] RX< [7] [cam] [243646][cer0][cer_recovery_proc:343]thread start cid, 0
[05:45:45.842] RX< [6] [cam] [243646][tshell][csc_open:443]SENSOR MCLK cal: 24MHz
[05:45:45.842] RX< [6] [cam] [243646][tshell][csc_isp_clk_cal:344]MIPI CLK cal: 277MHz
[05:45:45.842] RX< [6] [cam] [243647][tshell][csc_isp_clk_cal:371]LITE C
[05:45:45.848] RX< LK cal: 25MHz
[05:45:45.848] RX< [7] [cam] [243647][tshell][cpc_csi_rx_power_on:633]E id: 2
[05:45:45.848] RX< [6] [cam] [243647][tshell][cpc_update_clock:603]actual SNS mclk: 24MHz
[05:45:45.848] RX< [6] [cam] [243648][tshell][cpc_update_clock:608]actual MIPI0: 300MHz
[05:45:45.848] RX< [6] [cam] [243648][tshell][cpc_update_clo
[05:45:45.848] RX< ck:598]actual LITE clk: 25MHz
[05:45:45.848] RX< [7] [cam] [243648][tshell][cam_prelude_open:297][34msnsOpen camID1 csiID0 phyIdx0[0m
[05:45:45.848] RX< [6] [cam] [243652][tshell][sensor_expo_gain_match:48]sensor get sensor expo gain of imx681_vst
[05:45:45.848] RX< [6] [cam] [243652][tshell][sensor_open:684]
[05:45:45.853] RX< sensor [1] open OK.
[05:45:45.853] RX< [6] [cam] [243653][tshell][cam_cpm_parse_media:298]video scenario:3, media para[fps:0, mirror_en:0, flip_en:0]
[05:45:45.853] RX< [6] [cam] [243653][tshell][cam_cpm_parse_media:301]video scenario, media para[iso:0, gain:0, wb_mode:0]
[05:45:45.853] RX< [6] [cam] [243654][
[05:45:45.853] RX< tshell][csc_isp_clk_cal:353]FE CLK cal: 373MHz, ME CLK cal: 371MHz, FE/ME CLK cal: 410MHz
[05:45:45.853] RX< [6] [cam] [243654][tshell][csc_isp_clk_cal:360]BE CLK cal: 301MHz
[05:45:45.853] RX< [6] [cam] [243655][tshell][cpc_update_clock:588]actual FE/ME clk: 500MHz
[05:45:45.853] RX< [7] [cam] [243655][tshell]
[05:45:45.855] RX< [cam_cpm_core_power_on:425]id,0 type,1 ret 0
[05:45:45.855] RX< [6] [cam] [243656][tshell][cam_cpm_core_init:914]E id,0 sensor type,1
[05:45:45.855] RX< [6] [cam] [243658][tshell][cpm_core_check_tuningbin:854]Tuning bin crc check PASS! sum 0x7fb15f, xor 0x4e593f47
[05:45:45.855] RX< [6] [cam] [243659][tshell][q
[05:45:45.855] RX< pc_tuning_check_iqbin_validness:396]IQ bin addr: 0x88646660, project_name: video_3M
[05:45:45.855] RX< [6] [cam] [243660][tshell][qpc_tuning_check_iqbin_validness:397]total_size: 94208
[05:45:45.855] RX< [6] [cam] [243660][tshell][qpc_tuning_check_iqbin_validness:398]id_count: 93. ID_TOTAL: 9
[05:45:45.858] RX< 4
[05:45:45.858] RX< [6] [cam] [243661][tshell][qpc_tuning_check_iqbin_validness:399]spinel tuning data ver: V1.30
[05:45:45.858] RX< [6] [cam] [243661][tshell][cpm_core_check_tuningbin:868]IQ bin check success!
[05:45:45.858] RX< [6] [cam] [243662][tshell][cam_bm_core_init:94]E
[05:45:45.858] RX< [6] [cam] [243662][tshell][bm_l
[05:45:45.858] RX< ab_init:174]X ctx size 4 addr 0x8845e320
[05:45:45.858] RX< [6] [cam] [243662][tshell][cam_bm_core_init:114]X ctx size 180 addr 0x884735c8
[05:45:45.858] RX< [6] [cam] [243662][tshell][qpc_core_init:1218]E id,0
[05:45:45.858] RX< [6] [cam] [243663][tshell][qpc_queue_init:65]QPC init qnodes 8, size 508, pool 0x
[05:45:45.876] RX< 88474578
[05:45:45.876] RX< [7] [cam] [243663][tshell][_qpc_get_cap_cfg_para:888][fallback]preset capCfg 0 0 0 invalid, use default
[05:45:45.876] RX< [7] [cam] [243664][tshell][_qpc_cfg_hdr_frms:832][fallback]preset hdrCfg 0 32 7 25600 148508608 invalid, use default
[05:45:45.876] RX< [6] [cam] [243680][tshell
[05:45:45.876] RX< ][qpc_core_init:1264]X ctx size 3800 addr 0x88473690
[05:45:45.876] RX< [6] [cam] [243680][tshell][cpm_core_get_param:666]cpm para chk: tunBin-w 4032 h 2266 img-w 4032 h 2268
[05:45:45.876] RX< [6] [cam] [243681][tshell][cam_fe_core_init:436]E id,0
[05:45:45.876] RX< [6] [cam] [243681][tshell][cam_fe_core_init:
[05:45:45.882] RX< 490]X ctx size 100 addr 0x88481bb8
[05:45:45.882] RX< [7] [cam] [243682][tshell][qpc_core_fe_chords_init:1659][34mqpc fe init snsOut w 4032 h 2268, tbl w 28 h 20[0m
[05:45:45.882] RX< [6] [cam] [243682][tshell][cam_me_core_init:1474]X ctx size 1352 addr 0x884a04e8
[05:45:45.882] RX< [34m[ME SLICE CFG] perf=
[05:45:45.882] RX< 1498(us)!
[05:45:45.882] RX< [0m[6] [cam] [243686][tshell][cam_bayer_fe_3a_stats_core_init:445]fe 3a id,0
[05:45:45.882] RX< [6] [cam] [243686][tshell][cam_bayer_fe_3a_stats_core_init:490]X ctx size 132 addr 0x884a8f08
[05:45:45.882] RX< [6] [cam] [243687][tshell][awb_wrapper_init:66]xxx awb_bin=0x88476bf4, aw
[05:45:45.890] RX< b_bin_length=8068
[05:45:45.890] RX< [6] [cam] [243687][tshell][awb_wrapper_init:86]X algo_handle 0x884aeb68
[05:45:45.890] RX< [7] [cam] [243688][awb0][a5_core_wrapper_task:252]thread start cid,0 algo type,2
[05:45:45.890] RX< [6] [cam] [243688][tshell][a5_core_init_task:426]thread created: awb0 mq=0x884b0e30 
[05:45:45.890] RX< thread=0x884b0f48 sem=0x884b0dc0 ret=0
[05:45:45.890] RX< [6] [cam] [243689][tshell][bayer_ae_wrapper_init:68]E id,0 proc mode 0 
[05:45:45.890] RX< 
[05:45:45.890] RX< [AEC Proc] @[allib_ae_set_debug_log_flag] Line:129:[DEBUG] debug level/to_file/to_terminal: 22/1/1
[05:45:45.890] RX< [AEC Proc] @[AeInit] Line:377:[INFO] AE ver:
[05:45:45.893] RX<  2026_V2.269
[05:45:45.893] RX< 
[05:45:45.893] RX< [AEC Proc] @[allib_ae_loadfunc] Line:193:[INFO] camera ID: 0
[05:45:45.893] RX< [AEC Proc] @[alAE_set_param] Line:575:[DEBUG] sw_maxtime 33004 ,pertline 10800, after check sensor step sw_max_time 33000.00
[05:45:45.893] RX< [AEC Proc] @[alAE_set_param] Line:580:[DEBUG] sw_minti
[05:45:45.893] RX< me 43 ,pertline 10800, after check sensor step sw_min_time 40.00
[05:45:45.893] RX< [AEC Proc] @[alAE_set_param] Line:513:[DEBUG] DEBUG minbv exptime 11 gain 100, minExpBV 13810
[05:45:45.893] RX< [AEC Proc] @[AeTuningParseSet] Line:167:[DEBUG] aeparam version 2.268 60530
[05:45:45.893] RX< [AEC Proc] @[alAE_se
[05:45:45.895] RX< t_param] Line:340:[DEBUG] INITEXP gain 100, shutter 33242, midtonegain 100, bv 2247
[05:45:45.895] RX< [6] [cam] [243698][tshell][bayer_ae_wrapper_init:119]X tline 10800 max_exp 33004 alg_hdl 0x884b3e48 
[05:45:45.895] RX< [7] [cam] [243699][b_ae0][a5_core_wrapper_task:252]thread start cid,0 
[05:45:45.895] RX< algo type,0
[05:45:45.895] RX< [6] [cam] [243700][tshell][a5_core_init_task:426]thread created: b_ae0 mq=0x884b25b8 thread=0x884b26d0 sem=0x884b2548 ret=0
[05:45:45.895] RX< [6] [cam] [243700][tshell][atf_wrapper_init:67]E id,0
[05:45:45.895] RX< [6] [cam] [243701][tshell][atf_wrapper_init:107]X alg_ctx addr 0
[05:45:45.911] RX< x884b27f8
[05:45:45.911] RX< [7] [cam] [243701][atf0][a5_core_wrapper_task:252]thread start cid,0 algo type,1
[05:45:45.911] RX< [6] [cam] [243701][tshell][a5_core_init_task:426]thread created: atf0 mq=0x884b7008 thread=0x884b7120 sem=0x884b28c0 ret=0
[05:45:45.911] RX< [6] [cam] [243702][tshell][cam_cpm_core_i
[05:45:45.912] RX< nit:1030]X ctx size 1064 addr 0x88473190
[05:45:45.912] RX< [6] [cam] [243703][tshell][csc_open:527]ok! phys_id[1], phys_num[1] 
[05:45:45.912] RX< [6] [cam] [243703][tshell][cam_open:699]open ok! camera_id[0]
[05:45:45.912] RX< [34m[cam open] perf=67596(us)!
[05:45:45.912] RX< [0m[6] [App Cam] cam open success
[05:45:45.912] RX< [6] [App Cam] 
[05:45:45.914] RX< hevc init success
[05:45:45.914] RX< [6] [cam] [243717][tshell][csc_init:637]sensor info:size:4032x2268, formt: 0x2b, bps: 1968, tline: 10800
[05:45:45.914] RX< [6] [cam] [243718][tshell][cam_sif_mgr_init:261]E id,0
[05:45:45.914] RX< [7] [cam] [243718][sif0][sif_irq_proc:151]thread start cid,0
[05:45:45.914] RX< [6] [cam] [2437
[05:45:45.914] RX< 19][tshell][cam_sif_mgr_init:293]X ctx size 52 addr 0x884f00d0
[05:45:45.914] RX< [6] [cam] [243719][tshell][cam_prelude_init_cfg:368]CSI ID is 0,  phy lanes is 2.
[05:45:45.914] RX< [7] [cam] [243719][tshell][check_phy_ready:96]MIPI_PHY[0] is ready
[05:45:45.914] RX< [6] [cam] [243720][tshell][sensor_init:348]
[05:45:45.940] TX> rtmp_video_start rtmp://172.20.10.2/live/cam
[05:45:45.940] TX> echo "__EVBTEST_END_ea9379b0__"
[05:45:45.943] RX< sensor [1]: register ok
[05:45:45.943] RX< [6] [cam] [243720][tshell][sensor_set_mode:852]sensor [1]: SetMode -> mode = 0.
[05:45:45.943] RX< [6] [cam] [243720][tshell][sensor_send_reg_tab_to_sensor:704]sensor [1]: send_reg_tab_to_sensor E.
[05:45:45.943] RX< [6] [cam] [243732][tshell][sensor_send_reg_tab_to_s
[05:45:45.943] RX< ensor:726]sensor [1]: reg_count = 77.
[05:45:45.943] RX< [6] [cam] [243734][tshell][sensor_init:361]sensor [1]: init success.
[05:45:45.943] RX< [6] [cam] [243734][tshell][sensor_set_mode:852]sensor [1]: SetMode -> mode = 3.
[05:45:45.943] RX< [6] [cam] [243734][tshell][sensor_send_reg_tab_to_sensor:704]sensor 
[05:45:45.946] RX< [1]: send_reg_tab_to_sensor E.
[05:45:45.946] RX< [6] [cam] [243749][tshell][sensor_send_reg_tab_to_sensor:726]sensor [1]: reg_count = 83.
[05:45:45.946] RX< [6] [cam] [243749][tshell][csc_init:646]ok! phys_id[1], phys_num[1]
[05:45:45.946] RX< [6] [cam] [243750][tshell][csc_get_bayer_single_buffer:1038]scenari
[05:45:45.946] RX< o_type: 3
[05:45:45.946] RX< [6] [cam] [243750][tshell][csc_set_stats_fmt:98]index 0 w 1 h 1 bw 8 wcmp 255
[05:45:45.946] RX< [7] [cam] [243751][tshell][bm_ioctl:201]BMIOC_STATS_FMT
[05:45:45.946] RX< [6] [cam] [243751][tshell][csc_set_fe_fmt:47]index 1 w 4032 h 2268 bw 10 wcmp 0
[05:45:45.946] RX< [7] [cam] [243751][tshell][bm_
[05:45:45.948] RX< ioctl:201]BMIOC_FE_FMT
[05:45:45.948] RX< [6] [cam] [243752][tshell][csc_set_me_fmt:64]index 5 w 2268 h 4032 bw 10 wcmp 0, rdma_addr 0x894afe00, wdma_addr 0x894afe00
[05:45:45.948] RX< [7] [cam] [243752][tshell][bm_ioctl:201]BMIOC_ME_FMT
[05:45:45.948] RX< [6] [cam] [243753][tshell][csc_set_video_fmt:966]meta_a
[05:45:45.948] RX< ddr: 0x89d6c600
[05:45:45.948] RX< [6] [cam] [243753][tshell][csc_set_me_fmt:64]index 6 w 1296 h 2304 bw 8 wcmp 255, rdma_addr 0x88795200, wdma_addr 0x8c000000
[05:45:45.948] RX< [6] [cam] [243753][tshell][cam_me_core_buffer_cfg:1367]
[05:45:45.948] RX< ----ME PIPE INFO---
[05:45:45.948] RX<  wdma_buf_num:1, rotation_en: 1
[05:45:45.948] RX< [7]
[05:45:45.951] RX<  [cam] [243754][tshell][cam_me_core_buffer_cfg:1375]yuv wdma_addr 0:0x8c000000, meta_en: 1, 0x89d6c600
[05:45:45.951] RX< [7] [cam] [243755][tshell][bm_ioctl:201]BMIOC_ME_FMT
[05:45:45.951] RX< [6] [cam] [243755][tshell][csc_set_lite_fmt:115]index 13 w 400 h 400 bw 10 wcmp 255
[05:45:45.951] RX< [7] [cam] [2437
[05:45:45.951] RX< 55][tshell][bm_ioctl:201]BMIOC_LITE_FMT
[05:45:45.951] RX< [6] [cam] [243756][tshell][csc_set_lite_fmt:115]index 14 w 400 h 400 bw 10 wcmp 255
[05:45:45.951] RX< [7] [cam] [243756][tshell][bm_ioctl:201]BMIOC_LITE_FMT
[05:45:45.951] RX< [6] [cam] [243757][tshell][csc_init:654]get otp ok! phys_id[1], phys_num[1]
[05:45:45.954] RX< 
[05:45:45.954] RX< [6] [cam] [243757][tshell][cam_init:789]init ok! logic_id[0]
[05:45:45.954] RX< [34m[cam init] perf=40693(us)!
[05:45:45.954] RX< [0m[6] [App Cam] cam init success
[05:45:45.954] RX< [7] [cam] [243758][tshell][cam_cpm_core_stream_on:541]id 0 sensor type 1
[05:45:45.954] RX< [6] [cam] [243758][tshell][sensor_stream_on:979]sens
[05:45:45.972] RX< or [1]: stream_on
[05:45:45.972] RX< [6] [cam] [243759][tshell][sensor_stream_on:1007]sensor [1]: REG: 0x100, W:0x1.
[05:45:45.972] RX< [6] [cam] [243760][tshell][sensor_stream_on:1009]sensor [1]: REG: 0x100, R:0x1.
[05:45:45.972] RX< [6] [cam] [243760][tshell][csc_prv_start:783]ok! phys_id[1], phys_num[1], cam
[05:45:45.972] RX< _ids[1]
[05:45:45.972] RX< [6] [cam] [243761][tshell][cam_start:897]preview start ok! logic_id[0]
[05:45:45.972] RX< [34m[cam start] perf=2668(us)!
[05:45:45.972] RX< [0m[6] [App Cam] cam start success
[05:45:45.972] RX< [RTMP] connecting rtmp://172.20.10.2/live/cam ...
[05:45:45.972] RX< [7] [cam] [243762][b_3a_sts][bayer_stats_core_irq_proc:1
[05:45:46.099] RX< 64]thread start cid,0
[05:45:46.099] RX< [7] [cam] [243762][fe0][fe_core_irq_proc:98]thread start cid,0
[05:45:46.099] RX< [RTMP] connected to 172.20.10.2:1935 (sock=6)
[05:45:46.099] RX< [RTMP] handshake (simple) ok
[05:45:46.099] RX< [34m[AE] fid=0,exp=10170,adg=288,Y=5149,mtg=100,shg=100,bgbv=4268,iso=288,cnv0,hdr0
[05:45:46.099] RX< [0m[34m[
[05:45:46.264] RX< b_ae0 proc] perf=7852(us), max=7852(us)!
[05:45:46.264] RX< [0m[34m[awb0 proc] perf=4305(us), max=4305(us)!
[05:45:46.264] RX< [0m[33m[W/ftp] service go wrong, now wait restarting...[0m
[05:45:46.264] RX< [33m[W/ftp] service go wrong, now wait restarting...[0m
[05:45:46.264] RX< [RTMP] connect _result ok
[05:45:46.264] RX< [RTMP] createStrea
[05:45:46.264] RX< m -> msid=1
[05:45:46.264] RX< [RTMP] publish ready on rtmp://172.20.10.2:1935/live
[05:45:46.264] RX< [RTMP] config sent (42 bytes)
[05:45:46.264] RX< [RTMP] f_index = 0, f_len = 39
[05:45:46.264] RX< [RTMP] Push Start -> rtmp://172.20.10.2/live/cam
[05:45:46.264] RX< msh /emmc>echo "__EVBTEST_END_ea9379b0__"
[05:45:46.264] RX< __EVBTEST_END_ea9379b0__
[05:45:46.264] RX< msh /emmc>[6]
[05:45:46.435] RX<  [cam] [244054][me0][cpm_cb_fe2me_tikChk:152]frm_length 88560us, fe2me delta 0
[05:45:46.435] RX< [33m[W/ftp] service go wrong, now wait restarting...[0m
[05:45:46.435] RX< [34m[ME INTP]fid=0, shutter=10170, perf=2953(us), max=2953(us)!
[05:45:46.435] RX< [0m[7] [cam] [244232][me0][me_core_thread:322]ME out 
[05:45:47.254] RX< fid 0
[05:45:47.254] RX< [RTMP] slow send frame 1 len=100484 dt=254ms (IDR)
[05:45:47.254] RX< [33m[W/ftp] service go wrong, now wait restarting...[0m
[05:45:47.254] RX< [33m[W/ftp] service go wrong, now wait restarting...[0m
[05:45:47.254] RX< [34m[AE] fid=30,exp=10200,adg=250,Y=3834,mtg=182,shg=100,bgbv=1372,iso=250,cnv2,hd
[05:45:48.198] RX< r0
[05:45:48.198] RX< [0m[33m[W/ftp] service go wrong, now wait restarting...[0m
[05:45:48.198] RX< [7] [cam] [245232][me0][me_core_thread:322]ME out fid 30
[05:45:48.198] RX< [RTMP] slow send frame 31 len=59484 dt=114ms (IDR)
[05:45:48.198] RX< [33m[W/ftp] service go wrong, now wait restarting...[0m
[05:45:48.198] RX< [33m[W/ftp] service go w
[05:45:48.428] RX< rong, now wait restarting...[0m
[05:45:48.428] RX< [34m[AE] fid=60,exp=10150,adg=269,Y=4136,mtg=180,shg=100,bgbv=1391,iso=269,cnv2,hdr0
[05:45:48.428] RX< [0m[33m[W/ftp] service go wrong, now wait restarting...[0m
[05:45:48.428] RX< [RTMP] slow send frame 56 len=13770 dt=51ms
[05:45:48.428] RX< [7] [cam] [246232][me0][me_core
[05:45:49.258] RX< _thread:322]ME out fid 60
[05:45:49.258] RX< [RTMP] slow send frame 61 len=81504 dt=128ms (IDR)
[05:45:49.258] RX< [RTMP] slow send frame 68 len=14110 dt=65ms
[05:45:49.258] RX< [33m[W/ftp] service go wrong, now wait restarting...[0m
[05:45:49.258] RX< [33m[W/ftp] service go wrong, now wait restarting...[0m
[05:45:49.258] RX< [34m[AE] fid=90,ex
[05:45:49.418] RX< p=10150,adg=269,Y=4135,mtg=180,shg=100,bgbv=1391,iso=269,cnv2,hdr0
[05:45:49.418] RX< [0m[34m[b_ae0 proc] perf=966(us), max=7852(us)!
[05:45:49.418] RX< [0m[34m[awb0 proc] perf=4381(us), max=4418(us)!
[05:45:49.418] RX< [0m[33m[W/ftp] service go wrong, now wait restarting...[0m
[05:45:49.418] RX< [RTMP] f_index = 90, f_len
[05:45:50.205] RX<  = 15030
[05:45:50.205] RX< [7] [cam] [247232][me0][me_core_thread:322]ME out fid 90
[05:45:50.205] RX< [RTMP] slow send frame 91 len=83199 dt=121ms (IDR)
[05:45:50.205] RX< [RTMP] slow send frame 112 len=13715 dt=51ms
[05:45:50.205] RX< [33m[W/ftp] service go wrong, now wait restarting...[0m
[05:45:50.205] RX< [33m[W/ftp] service go wrong, now w
[05:45:50.433] RX< ait restarting...[0m
[05:45:50.433] RX< [34m[AE] fid=120,exp=10150,adg=269,Y=4127,mtg=180,shg=100,bgbv=1391,iso=269,cnv2,hdr0
[05:45:50.433] RX< [0m[33m[W/ftp] service go wrong, now wait restarting...[0m
[05:45:50.433] RX< [34m[ME INTP]fid=120, shutter=10150, perf=5(us), max=6325(us)!
[05:45:50.433] RX< [0m[7] [cam] [248231
[05:45:51.252] RX< ][me0][me_core_thread:322]ME out fid 120
[05:45:51.252] RX< [RTMP] slow send frame 121 len=81323 dt=181ms (IDR)
[05:45:51.252] RX< [33m[W/ftp] service go wrong, now wait restarting...[0m
[05:45:51.252] RX< [33m[W/ftp] service go wrong, now wait restarting...[0m
[05:45:51.252] RX< [34m[AE] fid=150,exp=10150,adg=269,Y=4122,mtg=
[05:45:52.206] RX< 180,shg=100,bgbv=1386,iso=269,cnv2,hdr0
[05:45:52.206] RX< [0m[33m[W/ftp] service go wrong, now wait restarting...[0m
[05:45:52.206] RX< [7] [cam] [249231][me0][me_core_thread:322]ME out fid 150
[05:45:52.206] RX< [RTMP] slow send frame 151 len=77359 dt=223ms (IDR)
[05:45:52.206] RX< [33m[W/ftp] service go wrong, now wait rest
[05:45:52.259] RX< arting...[0m
[05:45:52.259] RX< [33m[W/ftp] service go wrong, now wait restarting...[0m
[05:45:52.259] RX< [34m[AE] fid=180,exp=10220,adg=269,Y=4138,mtg=180,shg=100,bgbv=1384,iso=269,cnv2,hdr0
[05:45:52.259] RX< [0m[34m[b_ae0 proc] perf=881(us), max=1063(us)!
[05:45:52.259] RX< [0m[34m[awb0 proc] perf=4257(us), max=4387(u
[05:45:52.611] RX< s)!
[05:45:52.611] RX< [0m[33m[W/ftp] service go wrong, now wait restarting...[0m
[05:45:52.611] RX< [RTMP] f_index = 180, f_len = 17382
[05:45:52.611] RX< [7] [cam] [250231][me0][me_core_thread:322]ME out fid 180
[05:45:52.611] RX< [RTMP] slow send frame 181 len=85606 dt=128ms (IDR)
[05:45:52.611] RX< [RTMP] slow send frame 182 len=18862 dt=52ms
[05:45:53.298] RX< 
[05:45:53.298] RX< [33m[W/ftp] service go wrong, now wait restarting...[0m
[05:45:53.298] RX< [33m[W/ftp] service go wrong, now wait restarting...[0m
[05:45:53.298] RX< [34m[AE] fid=210,exp=10220,adg=269,Y=4151,mtg=180,shg=100,bgbv=1389,iso=269,cnv2,hdr0
[05:45:53.298] RX< [0m[RTMP] slow send frame 204 len=16725 dt=56ms
[05:45:53.298] RX< [3
[05:45:54.018] RX< 3m[W/ftp] service go wrong, now wait restarting...[0m
[05:45:54.018] RX< [RTMP] slow send frame 207 len=15355 dt=57ms
[05:45:54.018] RX< [7] [cam] [251231][me0][me_core_thread:322]ME out fid 210
[05:45:54.018] RX< [RTMP] slow send frame 211 len=82277 dt=117ms (IDR)
[05:45:54.018] RX< [RTMP] slow send frame 222 len=10860 dt=66ms
[05:45:54.018] RX< [
[05:45:54.268] RX< RTMP] slow send frame 226 len=16940 dt=52ms
[05:45:54.268] RX< [33m[W/ftp] service go wrong, now wait restarting...[0m
[05:45:54.268] RX< [33m[W/ftp] service go wrong, now wait restarting...[0m
[05:45:54.268] RX< [34m[AE] fid=240,exp=10220,adg=269,Y=4169,mtg=180,shg=100,bgbv=1393,iso=269,cnv2,hdr0
[05:45:54.268] RX< [0m[RTMP
[05:45:54.448] RX< ] slow send frame 232 len=18024 dt=137ms
[05:45:54.448] RX< [33m[W/ftp] service go wrong, now wait restarting...[0m
[05:45:54.448] RX< [34m[ME INTP]fid=240, shutter=10220, perf=6(us), max=358(us)!
[05:45:54.448] RX< [0m[7] [cam] [252231][me0][me_core_thread:322]ME out fid 240
[05:45:54.448] RX< [RTMP] slow send frame 236 len=1
[05:45:55.200] RX< 2031 dt=103ms
[05:45:55.200] RX< [RTMP] slow send frame 241 len=84715 dt=200ms (IDR)
[05:45:55.200] RX< [RTMP] slow send frame 242 len=17693 dt=140ms
[05:45:55.200] RX< [RTMP] slow send frame 247 len=27949 dt=156ms
[05:45:55.200] RX< [33m[W/ftp] service go wrong, now wait restarting...[0m
[05:45:55.200] RX< [33m[W/ftp] service go wrong, now wait 
[05:45:55.303] RX< restarting...[0m
[05:45:55.303] RX< [34m[AE] fid=270,exp=10220,adg=269,Y=4184,mtg=180,shg=100,bgbv=1397,iso=269,cnv2,hdr0
[05:45:55.303] RX< [0m[34m[b_ae0 proc] perf=947(us), max=1070(us)!
[05:45:55.303] RX< [0m[34m[awb0 proc] perf=4351(us), max=4400(us)!
[05:45:55.303] RX< [0m[RTMP] slow send frame 250 len=7050 dt=148ms
[05:45:55.303] RX< 
[05:45:55.975] RX< [33m[W/ftp] service go wrong, now wait restarting...[0m
[05:45:55.975] RX< [7] [cam] [253231][me0][me_core_thread:322]ME out fid 270
[05:45:55.975] RX< [RTMP] slow send frame 255 len=26670 dt=119ms
[05:45:55.975] RX< [RTMP] slow send frame 261 len=17547 dt=114ms
[05:45:55.975] RX< [RTMP] slow send frame 265 len=17521 dt=155ms
[05:45:55.975] RX< [RT
[05:45:56.253] RX< MP] f_index = 270, f_len = 7142
[05:45:56.253] RX< [RTMP] slow send frame 271 len=68222 dt=211ms (IDR)
[05:45:56.253] RX< [33m[W/ftp] service go wrong, now wait restarting...[0m
[05:45:56.253] RX< [33m[W/ftp] service go wrong, now wait restarting...[0m
[05:45:56.253] RX< [34m[AE] fid=300,exp=10220,adg=269,Y=4206,mtg=180,shg=1
[05:45:56.749] RX< 00,bgbv=1406,iso=269,cnv2,hdr0
[05:45:56.749] RX< [0m[33m[W/ftp] service go wrong, now wait restarting...[0m
[05:45:56.749] RX< [RTMP] slow send frame 272 len=35457 dt=146ms
[05:45:56.749] RX< [7] [cam] [254231][me0][me_core_thread:322]ME out fid 300
[05:45:56.749] RX< [RTMP] slow send frame 276 len=8363 dt=140ms
[05:45:56.749] RX< [RTMP] slow se
[05:45:57.253] RX< nd frame 281 len=40379 dt=150ms
[05:45:57.253] RX< [RTMP] slow send frame 287 len=17407 dt=126ms
[05:45:57.253] RX< [RTMP] slow send frame 291 len=17450 dt=110ms
[05:45:57.253] RX< [33m[W/ftp] service go wrong, now wait restarting...[0m
[05:45:57.253] RX< [33m[W/ftp] service go wrong, now wait restarting...[0m
[05:45:57.253] RX< [34m[AE] fid=33
[05:45:57.573] RX< 0,exp=10220,adg=269,Y=4230,mtg=180,shg=100,bgbv=1414,iso=269,cnv2,hdr0
[05:45:57.573] RX< [0m[33m[W/ftp] service go wrong, now wait restarting...[0m
[05:45:57.573] RX< [RTMP] slow send frame 296 len=11016 dt=140ms
[05:45:57.573] RX< [7] [cam] [255230][me0][me_core_thread:322]ME out fid 330
[05:45:57.573] RX< [RTMP] slow send fr
[05:45:58.207] RX< ame 300 len=11104 dt=117ms
[05:45:58.207] RX< [RTMP] slow send frame 301 len=75801 dt=110ms (IDR)
[05:45:58.207] RX< [RTMP] slow send frame 302 len=24134 dt=146ms
[05:45:58.207] RX< [RTMP] slow send frame 304 len=19190 dt=55ms
[05:45:58.207] RX< [RTMP] slow send frame 306 len=26667 dt=177ms
[05:45:58.207] RX< [33m[W/ftp] service go wrong, now wait 
[05:45:58.258] RX< restarting...[0m
[05:45:58.258] RX< [33m[W/ftp] service go wrong, now wait restarting...[0m
[05:45:58.258] RX< [34m[AE] fid=360,exp=10220,adg=269,Y=4234,mtg=180,shg=100,bgbv=1414,iso=269,cnv2,hdr0
[05:45:58.258] RX< [0m[34m[b_ae0 proc] perf=1006(us), max=1096(us)!
[05:45:58.258] RX< [0m[34m[awb0 proc] perf=4345(us), max=4
[05:45:58.499] RX< 399(us)!
[05:45:58.499] RX< [0m[RTMP] slow send frame 310 len=17003 dt=144ms
[05:45:58.499] RX< [33m[W/ftp] service go wrong, now wait restarting...[0m
[05:45:58.499] RX< [34m[ME INTP]fid=360, shutter=10220, perf=6(us), max=4061(us)!
[05:45:58.499] RX< [0m[7] [cam] [256230][me0][me_core_thread:322]ME out fid 360
[05:45:58.499] RX< [RTMP] slow s
[05:45:59.203] RX< end frame 315 len=7054 dt=136ms
[05:45:59.203] RX< [RTMP] slow send frame 320 len=16918 dt=153ms
[05:45:59.203] RX< [RTMP] slow send frame 325 len=9550 dt=156ms
[05:45:59.203] RX< [RTMP] slow send frame 326 len=40935 dt=56ms
[05:45:59.203] RX< [33m[W/ftp] service go wrong, now wait restarting...[0m
[05:45:59.203] RX< [33m[W/ftp] service go wrong,
[05:45:59.429] RX<  now wait restarting...[0m
[05:45:59.429] RX< [RTMP] slow send frame 328 len=30121 dt=167ms
[05:45:59.429] RX< [34m[AE] fid=390,exp=10220,adg=269,Y=4237,mtg=180,shg=100,bgbv=1414,iso=269,cnv2,hdr0
[05:45:59.429] RX< [0m[33m[W/ftp] service go wrong, now wait restarting...[0m
[05:45:59.429] RX< [7] [cam] [257230][me0][me_core_t
[05:46:00.258] RX< hread:322]ME out fid 390
[05:46:00.258] RX< [RTMP] slow send frame 331 len=92364 dt=443ms (IDR)
[05:46:00.258] RX< [33m[W/ftp] service go wrong, now wait restarting...[0m
[05:46:00.258] RX< [33m[W/ftp] service go wrong, now wait restarting...[0m
[05:46:00.258] RX< [34m[AE] fid=420,exp=10220,adg=269,Y=4246,mtg=180,shg=100,bgbv
[05:46:00.434] RX< =1419,iso=269,cnv2,hdr0
[05:46:00.434] RX< [0m[RTMP] slow send frame 352 len=30394 dt=64ms
[05:46:00.434] RX< [33m[W/ftp] service go wrong, now wait restarting...[0m
[05:46:00.434] RX< [RTMP] slow send frame 354 len=29819 dt=61ms
[05:46:00.434] RX< [RTMP] slow send frame 356 len=28931 dt=54ms
[05:46:00.434] RX< [7] [cam] [258232][me0][me_core_thr
[05:46:01.258] RX< ead:322]ME out fid 420
[05:46:01.258] RX< [RTMP] f_index = 360, f_len = 18107
[05:46:01.258] RX< [RTMP] slow send frame 361 len=83578 dt=253ms (IDR)
[05:46:01.258] RX< [33m[W/ftp] service go wrong, now wait restarting...[0m
[05:46:01.258] RX< [33m[W/ftp] service go wrong, now wait restarting...[0m
[05:46:01.258] RX< [34m[AE] fid=450,exp=10220,a
[05:46:01.434] RX< dg=269,Y=4257,mtg=180,shg=100,bgbv=1423,iso=269,cnv2,hdr0
[05:46:01.434] RX< [0m[34m[b_ae0 proc] perf=1064(us), max=1074(us)!
[05:46:01.434] RX< [0m[34m[awb0 proc] perf=4258(us), max=4394(us)!
[05:46:01.434] RX< [0m[33m[W/ftp] service go wrong, now wait restarting...[0m
[05:46:01.434] RX< [7] [cam] [259233][me0][me_core_th
[05:46:01.683] RX< read:322]ME out fid 450
[05:46:01.683] RX< [RTMP] slow send frame 391 len=70322 dt=88ms (IDR)
[05:46:01.683] RX< rtmp_video_stop
[05:46:01.683] RX< [RTMP] Stop requested
[05:46:01.683] RX< msh /emmc>echo "__EVBTEST_END_aff79179__"
[05:46:01.683] RX< __EVBTEST_END_aff79179__
[05:46:01.683] RX< msh /emmc>[RTMP] slow send frame 392 len=33707 dt=178ms
[05:46:01.683] RX< [RTMP] Push Stop: to
[05:46:01.683] RX< tal frames = 393
[05:46:01.683] RX< [RTMP] disconnected
[05:46:01.683] RX< [RTMP] disconnected
[05:46:01.683] RX< [6] [cam] [259470][RtmpSend][sensor_stream_off:1143]sensor [1]: stream_off
[05:46:01.683] RX< [6] [cam] [259471][RtmpSend][sensor_stream_off:1172]sensor [1]: REG: 0x100, W:0x0.
[05:46:01.683] RX< [6] [cam] [259471][RtmpSend][sensor_str
[05:46:01.704] RX< eam_off:1174]sensor [1]: REG: 0x100, R:0x0.
[05:46:01.704] RX< [6] [cam] [259501][RtmpSend][csc_prv_stop:893]ok! phys_id[1], phys_num[1], stop_type = 0
[05:46:01.704] RX< [6] [cam] [259501][RtmpSend][cam_stop:1017]preview stop ok! logic_id[0]
[05:46:01.704] RX< [34m[cam stop] perf=31302(us)!
[05:46:01.704] RX< [0m[6] [App Cam] 
[05:46:01.704] RX< cam stop success
[05:46:01.704] RX< Total of 459 frames encoded, 7673417 bytes, max_workbuffer_used: 4960256 bytes
[05:46:01.704] RX< [6] [App Cam] hevc_encoder_deinit success
[05:46:01.704] RX< [7] [cam] [259507][RtmpSend][cam_cpm_core_power_off:457]id,0 type,1 ret 0
[05:46:01.704] RX< [6] [cam] [259507][sif0][sif_irq_proc:174]
[05:46:01.708] RX< thread release cid,0
[05:46:01.708] RX< [6] [cam] [259508][RtmpSend][cam_sif_mgr_deinit:316]X
[05:46:01.708] RX< [6] [cam] [259508][RtmpSend][cam_deinit:846]deinit ok! logic_id[0]
[05:46:01.708] RX< [34m[cam deinit] perf=1309(us)!
[05:46:01.708] RX< [0m[6] [App Cam] cam deinit success
[05:46:01.708] RX< [6] [cam] [259509][RtmpSend][sensor_close:
[05:46:01.708] RX< 1247]sensor [1]: close!
[05:46:01.708] RX< [6] [cam] [259511][RtmpSend][cam_bm_core_deinit:136]X
[05:46:01.708] RX< [6] [cam] [259511][me0][me_core_thread:367]thread release cid,0
[05:46:01.708] RX< [6] [cam] [259512][RtmpSend][cam_me_core_deinit:1502]X
[05:46:01.708] RX< [6] [cam] [259512][fe0][fe_core_irq_proc:121]thread relea
[05:46:01.711] RX< se cid,0
[05:46:01.711] RX< [6] [cam] [259512][RtmpSend][cam_fe_core_deinit:536]X
[05:46:01.711] RX< [6] [cam] [259512][b_3a_sts][bayer_stats_core_irq_proc:193]thread release cid,0
[05:46:01.711] RX< [6] [cam] [259513][RtmpSend][cam_bayer_stats_core_deinit:512]X
[05:46:01.711] RX< [6] [cam] [259513][b_ae0][a5_core_wrapper_task:3
[05:46:01.714] RX< 15]thread release cid,0,algo,0
[05:46:01.714] RX< [6] [cam] [259514][RtmpSend][bayer_ae_wrapper_deinit:204]X
[05:46:01.714] RX< [6] [cam] [259514][atf0][a5_core_wrapper_task:315]thread release cid,0,algo,1
[05:46:01.714] RX< [6] [cam] [259515][RtmpSend][atf_wrapper_deinit:153]X
[05:46:01.714] RX< [6] [cam] [259515][awb0][a5_core
[05:46:01.714] RX< _wrapper_task:315]thread release cid,0,algo,2
[05:46:01.714] RX< [6] [cam] [259515][RtmpSend][awb_wrapper_deinit:153]X
[05:46:01.714] RX< [6] [cam] [259515][RtmpSend][cam_5a_core_deinit:555]X
[05:46:01.714] RX< [6] [cam] [259516][RtmpSend][cam_5a_inf_deinit:149]X
[05:46:01.714] RX< [6] [cam] [259516][qpc0][qpc_core_msg_proc:697]
[05:46:01.725] TX> rtmp_video_stop
[05:46:01.725] TX> echo "__EVBTEST_END_aff79179__"
[05:46:01.732] RX< thread release cid,0
[05:46:01.732] RX< [6] [cam] [259517][RtmpSend][qpc_core_deinit:1330]X
[05:46:01.732] RX< [6] [cam] [259517][RtmpSend][cam_cpm_core_deinit:1107]X
[05:46:01.732] RX< [6] [cam] [259517][RtmpSend][csc_close:584]ok! phys_id[1], phys_num[1]
[05:46:01.732] RX< [7] [cam] [259517][cer0][cer_recovery_proc:352]msg typ
[05:46:01.735] RX< e = 254
[05:46:01.735] RX< [6] [cam] [259518][cer0][cer_recovery_proc:454]thread release cid,0
[05:46:01.735] RX< [6] [cam] [259518][RtmpSend][cer_deinit:560]X
[05:46:01.735] RX< [6] [cam] [259518][RtmpSend][cam_close:750]close ok! logic_id[0]
[05:46:01.735] RX< [34m[cam close] perf=9894(us)!
[05:46:01.735] RX< [0m[6] [App Cam] cam close succes
[05:46:02.210] RX< s
[05:46:02.210] RX< [6] [cam] [259519][cpl0][cam_prelude_proc_routine:136]thread release
[05:46:02.210] RX< [6] [cam] [259520][RtmpSend][cam_exit:551]exit ok!
[05:46:02.210] RX< [34m[cam exit] perf=618(us)!
[05:46:02.210] RX< [0m[6] [App Cam] cam exit success
[05:46:02.210] RX< [33m[W/ftp] service go wrong, now wait restarting...[0m
[05:46:02.210] RX< [33m[W/f
