[22:32:52.886] [INFO] VX100 EVB 自动化测试启动，运行时间戳: 20260812_223252
[22:32:52.886] [INFO] 启用模块: ['wifi_scan', 'wifi_join', 'emmc', 'ftp', 'photo', 'video']
[22:32:52.887] [INFO] 开始自动探测 EVB 串口，候选端口 ['/dev/ttyUSB0', '/dev/ttyUSB1', '/dev/ttyUSB2']，候选波特率 [2000000, 250000, 115200, 921600]
[22:32:52.887] [DEBUG] 探测 /dev/ttyUSB0 @ 2000000 ...
[22:32:55.195] [INFO]   命中 EVB 指纹: /dev/ttyUSB0 @ 2000000
[22:32:55.195] [DEBUG] 探测 /dev/ttyUSB1 @ 2000000 ...
[22:32:57.497] [DEBUG] 探测 /dev/ttyUSB1 @ 250000 ...
[22:32:59.801] [DEBUG] 探测 /dev/ttyUSB1 @ 115200 ...
[22:33:02.105] [DEBUG] 探测 /dev/ttyUSB1 @ 921600 ...
[22:33:04.408] [DEBUG] 探测 /dev/ttyUSB2 @ 2000000 ...
[22:33:06.712] [DEBUG] 探测 /dev/ttyUSB2 @ 250000 ...
[22:33:09.016] [DEBUG] 探测 /dev/ttyUSB2 @ 115200 ...
[22:33:11.320] [DEBUG] 探测 /dev/ttyUSB2 @ 921600 ...
[22:33:13.624] [INFO] 探测到 EVB: /dev/ttyUSB0 @ 2000000
[22:33:13.625] [INFO] 串口已打开: /dev/ttyUSB0 @ 2000000 bps
[22:33:15.626] [INFO] EVB 已就绪
[22:33:17.629] [DEBUG] 串口自检通过
[22:33:17.629] [INFO] 预清理板子状态...
[22:33:23.647] [INFO] 本次执行模块顺序: ['wifi_scan', 'wifi_join', 'emmc', 'ftp', 'photo', 'video']
[22:33:23.648] >>> 执行模块: wifi_scan
[22:33:25.770] [PASS] wifi_scan (2121ms) - 扫描到 15 个 AP（其中 1 个 RSSI<-70 信号弱）
[22:33:25.770] >>> 执行模块: wifi_join
[22:33:33.771] [PASS] wifi_join (8000ms) - 已连接 G-Demo，IP=10.1.90.71
[22:33:33.771] >>> 执行模块: emmc
[22:33:35.646] [FAIL] emmc (0ms) - 无法进入 /emmc 目录
[22:33:35.646] >>> 执行模块: ftp
[22:33:38.164] [DEBUG] FTP 已连接 10.1.90.71:21 (尝试 1)
[22:33:38.462] [PASS] ftp (2816ms) - FTP 已连接 10.1.90.71，/emmc 列出 3 项
[22:33:38.462] >>> 执行模块: photo
[22:33:39.203]   拍照测试: 模式 auto
[22:33:43.647] [DEBUG] 强制重连 FTP
[22:33:46.349] [DEBUG] FTP 已连接 10.1.90.71:21 (尝试 1)
[22:33:46.349] [INFO] FTP 已恢复
[22:34:08.265] [PASS] photo[auto] (29061ms) - JPEG OK 713KB | 拍照成功，保存到 /emmc/PIC/20260813_013339_4797
[22:34:08.265] >>> 执行模块: video
[22:34:09.361]   录像测试: 1080p / 5s
[22:34:17.648] [DEBUG] 强制重连 FTP
[22:34:19.562] [DEBUG] FTP 已连接 10.1.90.71:21 (尝试 1)
[22:34:19.562] [INFO] FTP 已恢复
[22:34:19.957] [PASS] video (10595ms) - 录像成功，文件 /emmc/VIDEO/20260813_013410_5713/Video_5713_0.h265，10177KB
[22:34:19.996] ==================================================
[22:34:19.997] 测试完成：共 6 项 | 通过 5 | 失败 1 | 跳过 0 | 错误 0 | 通过率 83.3% | 总耗时 52.6s
[22:34:19.997] ==================================================
[22:34:19.997] [INFO]   json 报告: reports/20260812_223252/result.json
[22:34:19.997] [INFO]   junit 报告: reports/20260812_223252/junit.xml
[22:34:19.997] [INFO]   html 报告: reports/20260812_223252/report.html
[22:34:20.678] [DEBUG] 串口已关闭
