[06:31:22.499] [INFO] VX100 EVB 自动化测试启动，运行时间戳: 20260817_063122
[06:31:22.499] [INFO] 启用模块: ['wifi_check', 'wifi_scan', 'wifi_join', 'emmc', 'ftp', 'photo', 'video', 'rtmp']
[06:31:22.500] [INFO] 开始自动探测 EVB 串口，候选端口 ['/dev/ttyUSB0']，候选波特率 [2000000, 250000, 115200, 921600]
[06:31:22.500] [DEBUG] 探测 /dev/ttyUSB0 @ 2000000 ...
[06:31:24.809] [INFO]   命中 EVB 指纹: /dev/ttyUSB0 @ 2000000
[06:31:24.810] [INFO] 探测到 EVB: /dev/ttyUSB0 @ 2000000
[06:31:24.811] [INFO] 串口已打开: /dev/ttyUSB0 @ 2000000 bps
[06:31:26.813] [INFO] EVB 已就绪
[06:31:28.815] [DEBUG] 串口自检通过
[06:31:28.815] [INFO] 预清理板子状态...
[06:31:44.550] [INFO] 使用默认 WiFi: KhalilFong
[06:31:52.836] [INFO] WiFi 连接成功: KhalilFong / IP=172.20.10.3
[06:31:57.841] [INFO] 本次执行模块顺序: ['wifi_check', 'wifi_scan', 'wifi_join', 'emmc', 'ftp', 'photo', 'video', 'rtmp']
[06:31:57.842] >>> 执行模块: wifi_check
[06:31:59.864] [PASS] wifi_check (2022ms) - 已联网，IP=172.20.10.3（跳过 wifi scan/join）
[06:31:59.864] >>> 执行模块: wifi_scan
[06:31:59.864] [SKIP] wifi_scan (0ms) - WiFi 已连接（IP=172.20.10.3），跳过扫描测试
[06:31:59.864] >>> 执行模块: wifi_join
[06:31:59.864] [SKIP] wifi_join (0ms) - WiFi 已连接 (KhalilFong/172.20.10.3)，跳过 join 测试
[06:31:59.864] >>> 执行模块: emmc
[06:32:01.865] [PASS] emmc (2000ms) - 已进入 /emmc（自动挂载）
[06:32:01.865] >>> 执行模块: ftp
[06:32:03.937] [DEBUG] FTP 连接失败(尝试 1/3): [Errno 111] Connection refused
[06:32:04.986] [DEBUG] FTP 连接失败(尝试 2/3): [Errno 111] Connection refused
[06:32:06.061] [DEBUG] FTP 连接失败(尝试 3/3): [Errno 111] Connection refused
[06:32:07.062] [FAIL] ftp (0ms) - FTP 客户端连接失败: FTP 连接失败（重试 3 次）: [Errno 111] Connection refused
[06:32:07.063] [SKIP] photo (0ms) - 依赖模块未通过: ['ftp']
[06:32:07.063] [SKIP] video (0ms) - 依赖模块未通过: ['ftp']
[06:32:07.063] [INFO] 自动检测到 PC IP: 172.20.10.2
[06:32:07.063] >>> 执行模块: rtmp
[06:32:07.063] [INFO] 检查 RTMP 服务端 (nginx-rtmp) 是否监听 :1935
[06:32:07.063] [INFO] nginx-rtmp 就绪，RTMP 监听 :1935
[06:32:07.063]   RTMP 推流测试: rtmp://172.20.10.2/live/cam / 10s
[06:32:10.374] [INFO] 已在独立终端窗口启动 ffplay 画面确认 (/usr/bin/gnome-terminal)
[06:32:10.375] [INFO] ffprobe 探测 RTMP 流: rtmp://172.20.10.2/live/cam
[06:32:20.052] [INFO] ffplay 展示窗口保持 10s 供人眼确认画面...
[06:32:30.274] [PASS] rtmp (23210ms) - 推流验证通过: h264 1296x2304 (ffprobe 实时探测)
[06:32:30.317] ==================================================
[06:32:30.317] 测试完成：共 8 项 | 通过 3 | 失败 1 | 跳过 4 | 错误 0 | 通过率 37.5% | 总耗时 27.2s
[06:32:30.317] ==================================================
[06:32:30.317] [INFO]   json 报告: reports/20260817_063122/result.json
[06:32:30.317] [INFO]   junit 报告: reports/20260817_063122/junit.xml
[06:32:30.317] [INFO]   html 报告: reports/20260817_063122/report.html
[06:32:30.323] [DEBUG] 串口已关闭
