[06:31:24.812] TX> 
[06:31:25.813] TX> 
[06:31:26.813] RX< 
[06:31:26.813] RX< msh />
[06:31:26.813] RX< msh />
[06:31:27.014] TX> echo "EVBTEST_HELLO"
[06:31:27.014] TX> echo "__EVBTEST_END_2609bd02__"
[06:31:28.815] RX< echo "EVBTEST_HELLO"
[06:31:28.815] RX< EVBTEST_HELLO
[06:31:28.815] RX< msh />echo "__EVBTEST_END_2609bd02__"
[06:31:28.815] RX< __EVBTEST_END_2609bd02__
[06:31:28.815] RX< msh />
[06:31:29.021] TX> cd /
[06:31:29.021] TX> echo "__EVBTEST_END_39054c65__"
[06:31:30.817] RX< cd /
[06:31:30.817] RX< msh />echo "__EVBTEST_END_39054c65__"
[06:31:30.817] RX< __EVBTEST_END_39054c65__
[06:31:30.817] RX< msh />
[06:31:31.025] TX> dfs_video_stop
[06:31:31.025] TX> echo "__EVBTEST_END_629097d5__"
[06:31:32.819] RX< dfs_video_stop
[06:31:32.819] RX< [6] [App Dfs] Please start recording the video first.
[06:31:32.819] RX< msh />echo "__EVBTEST_END_629097d5__"
[06:31:32.819] RX< __EVBTEST_END_629097d5__
[06:31:32.819] RX< msh />
[06:31:44.767] TX> wifi join KhalilFong 12345678
[06:31:44.767] TX> echo "__EVBTEST_END_f2bdd498__"
[06:31:44.830] RX< wifi join KhalilFong 12345678
[06:31:50.835] RX< [32m[I/WLAN.mgnt] wifi connect success ssid:KhalilFong[0m
[06:31:50.835] RX< msh />echo "__EVBTEST_END_f2bdd498__"
[06:31:50.835] RX< __EVBTEST_END_f2bdd498__
[06:31:50.835] RX< msh />
[06:31:52.836] RX< [32m[I/WLAN.lwip] Got IP address : 172.20.10.3[0m
[06:31:52.836] RX< [6] [SNTP] rtc synced: 2026-08-17 09:31:52 (tick=631472384)
[06:31:57.845] RX< ifconfig
[06:31:57.845] RX< network interface device: w0 (Default)
[06:31:57.845] RX< MTU: 1500
[06:31:57.845] RX< MAC: 8c ea 12 ba a8 2c 
[06:31:57.845] RX< FLAGS: UP LINK_UP INTERNET_UP DHCP_ENABLE ETHARP BROADCAST IGMP
[06:31:57.845] RX< ip address: 172.20.10.3
[06:31:57.845] RX< gw address: 172.20.10.1
[06:31:57.845] RX< net mask  : 255.255.255.240
[06:31:57.845] RX< dns server #0: 172.20.10.1
[06:31:57.845] RX< dn
[06:31:57.861] RX< s server #1: 0.0.0.0
[06:31:57.861] RX< 
[06:31:57.861] RX< network interface device: w1
[06:31:57.861] RX< MTU: 1500
[06:31:57.861] RX< MAC: 8e ea 12 ba a8 2c 
[06:31:57.861] RX< FLAGS: UP LINK_DOWN INTERNET_DOWN DHCP_ENABLE ETHARP BROADCAST IGMP
[06:31:57.861] RX< ip address: 0.0.0.0
[06:31:57.861] RX< gw address: 0.0.0.0
[06:31:57.861] RX< net mask  : 0.0.0.0
[06:31:57.861] RX< dns server #0: 172.20.10.1
[06:31:57.861] RX< dns server
[06:31:58.043] TX> ifconfig
[06:31:58.043] TX> echo "__EVBTEST_END_f0ef839a__"
[06:31:59.863] RX<  #1: 0.0.0.0
[06:31:59.863] RX< msh />echo "__EVBTEST_END_f0ef839a__"
[06:31:59.863] RX< __EVBTEST_END_f0ef839a__
[06:31:59.863] RX< msh />
[06:32:00.065] TX> cd /emmc
[06:32:00.065] TX> echo "__EVBTEST_END_ca4731cd__"
[06:32:01.865] RX< cd /emmc
[06:32:01.865] RX< msh /emmc>echo "__EVBTEST_END_ca4731cd__"
[06:32:01.865] RX< __EVBTEST_END_ca4731cd__
[06:32:01.865] RX< msh /emmc>
[06:32:02.073] TX> ftp_server
[06:32:02.073] TX> echo "__EVBTEST_END_929f05ef__"
[06:32:03.867] RX< ftp_server
[06:32:03.867] RX< 
[06:32:03.867] RX< [FTP] Ftp server init success!!!
[06:32:03.867] RX< msh /emmc>echo "__EVBTEST_END_929f05ef__"
[06:32:03.867] RX< __EVBTEST_END_929f05ef__
[06:32:03.867] RX< msh /emmc>
[06:32:07.283] RX< [32m[I/ftp] service launched success.[0m
[06:32:07.283] RX< rtmp_video_start rtmp://172.20.10.2/live/cam
[06:32:07.283] RX< [7] [cam] [60995][tshell][cgm_parse_bin:105]total logical camera num: 1
[06:32:07.283] RX< [6] [cam] [60995][tshell][cam_prelude_create:187]E id, 0
[06:32:07.283] RX< [7] [cam] [60996][cpl0][cam_prelude_pr
[06:32:07.283] RX< oc_routine:101]thread start
[06:32:07.283] RX< [6] [cam] [60996][tshell][cam_prelude_create:214]X ctx size 124 addr 0x88484ff0
[06:32:07.283] RX< [6] [cam] [61003][tshell][sensor_probe:418]sensor [1]: identifing 0 success.
[06:32:07.283] RX< [6] [cam] [61005][tshell][sensor_probe:441]sensor [1]: probe exit!
[06:32:07.283] RX< [6]
[06:32:07.286] RX<  [cam] [61005][tshell][cam_prelude_fast_probe:251]cam: 0 probe result: 0
[06:32:07.286] RX< [6] [cam] [61006][tshell][cgm_parse_bin:215]cam(0) probe success
[06:32:07.286] RX< [6] [cam] [61006][tshell][cam_entry:435]entry ok
[06:32:07.286] RX< [34m[cam entry] perf=11398(us)!
[06:32:07.286] RX< [0m[6] [App Cam] cam entry succes
[06:32:07.286] RX< s
[06:32:07.286] RX< [36mmem_laySolv: scenario=01 in=4032x3024, me_rotate=1 me_stripe=1 
[06:32:07.286] RX< [0m[36mmem_laySolv: me_rot 1, me_stripe 1, eis 0, be_rot 0
[06:32:07.286] RX< [0mscen1 type26 bufAdr 0x89d40b70 sz 0x1400000 reCfg for bound!
[06:32:07.286] RX< [36mmem_laySolv: scen01 20 entries solved OK!
[06:32:07.286] RX< [0m[36m
[06:32:07.289] RX< mem_laySolv: scenario=02 in=2016x1512, me_rotate=0 me_stripe=0 
[06:32:07.289] RX< [0m[36mmem_laySolv: me_rot 0, me_stripe 0, eis 0, be_rot 0
[06:32:07.289] RX< [0mscen2 type15 bufAdr 0x89ce3ef0 sz 0xd00000 reCfg for bound!
[06:32:07.289] RX< [36mmem_laySolv: scen02 14 entries solved OK!
[06:32:07.289] RX< [0m[36mmem_laySo
[06:32:07.289] RX< lv: scenario=03 in=4032x2268, me_rotate=1 me_stripe=0 
[06:32:07.289] RX< [0m[36mmem_laySolv: me_rot 1, me_stripe 0, eis 0, be_rot 0
[06:32:07.289] RX< [0m[36mmem_laySolv: scen03 14 entries solved OK!
[06:32:07.289] RX< [0m[7] [cam] [61010][tshell][cam_solve_whole_layout:355]
[06:32:07.289] RX< scen3: vol 0x8c000000 rbuf 0x
[06:32:07.291] RX< 89d6cdf0 sz 0xd00000 wbuf 0x8aa6cdf0 sz 0xd00000
[06:32:07.291] RX<        rtmp txbuf 0x8bf80000 sz 0x80000 avcBuf 0x8bf00000 sz 0x80000
[06:32:07.291] RX< [36mmem_laySolv: scenario=04 in=4032x3024, me_rotate=1 me_stripe=1 
[06:32:07.291] RX< [0m[36mmem_laySolv: me_rot 1, me_stripe 1, eis 0, be_rot 0
[06:32:07.291] RX< [0m[
[06:32:07.291] RX< 36mmem_laySolv: scen04 14 entries solved OK!
[06:32:07.291] RX< [0m[36mmem_laySolv: scenario=05 in=1008x0756, me_rotate=0 me_stripe=0 
[06:32:07.291] RX< [0m[36mmem_laySolv: me_rot 0, me_stripe 0, eis 0, be_rot 0
[06:32:07.291] RX< [0m[36mmem_laySolv: scen05 17 entries solved OK!
[06:32:07.291] RX< [0m[36mmem_laySolv: sc
[06:32:07.294] RX< enario=06 in=1008x0720, me_rotate=0 me_stripe=0 
[06:32:07.294] RX< [0m[36mmem_laySolv: me_rot 0, me_stripe 0, eis 0, be_rot 0
[06:32:07.294] RX< [0m[36mmem_laySolv: scen06 12 entries solved OK!
[06:32:07.294] RX< [0m[36mmem_laySolv: scenario=01 in=4032x3024, me_rotate=1 me_stripe=1 
[06:32:07.294] RX< [0mscen1 type26 buf
[06:32:07.294] RX< Adr 0x89d40b70 sz 0x1400000 reCfg for bound!
[06:32:07.294] RX< [36mmem_laySolv: scen01 20 entries solved OK!
[06:32:07.294] RX< [0m[7] [cam] [61016][tshell][cam_solve_whole_layout:383]Solve Whole-layout Done!
[06:32:07.294] RX< [6] [cam] [61016][tshell][cgm_parse_media_para:271]phy cam num: 1
[06:32:07.294] RX< [7] [cam] [610
[06:32:07.297] RX< 17][cer0][cer_recovery_proc:343]thread start cid, 0
[06:32:07.297] RX< [6] [cam] [61017][tshell][csc_open:443]SENSOR MCLK cal: 24MHz
[06:32:07.297] RX< [6] [cam] [61017][tshell][csc_isp_clk_cal:344]MIPI CLK cal: 277MHz
[06:32:07.297] RX< [6] [cam] [61018][tshell][csc_isp_clk_cal:371]LITE CLK cal: 25MHz
[06:32:07.297] RX< [7] [ca
[06:32:07.303] RX< m] [61018][tshell][cpc_csi_rx_power_on:633]E id: 2
[06:32:07.303] RX< [4] [cam] [61018][tshell][cpc_csi_rx_power_on:644]csi_2 has already power on, STATUS: 1
[06:32:07.303] RX< [6] [cam] [61019][tshell][cpc_update_clock:603]actual SNS mclk: 24MHz
[06:32:07.303] RX< [6] [cam] [61019][tshell][cpc_update_clock:60
[06:32:07.303] RX< 8]actual MIPI0: 300MHz
[06:32:07.303] RX< [6] [cam] [61020][tshell][cpc_update_clock:598]actual LITE clk: 25MHz
[06:32:07.303] RX< [7] [cam] [61020][tshell][cam_prelude_open:297][34msnsOpen camID1 csiID0 phyIdx0[0m
[06:32:07.303] RX< [6] [cam] [61024][tshell][sensor_expo_gain_match:48]sensor get sensor expo g
[06:32:07.306] RX< ain of imx681_vst
[06:32:07.306] RX< [6] [cam] [61024][tshell][sensor_open:684]sensor [1] open OK.
[06:32:07.306] RX< [6] [cam] [61025][tshell][cam_cpm_parse_media:298]video scenario:3, media para[fps:0, mirror_en:0, flip_en:0]
[06:32:07.306] RX< [6] [cam] [61025][tshell][cam_cpm_parse_media:301]video scenario,
[06:32:07.306] RX<  media para[iso:0, gain:0, wb_mode:0]
[06:32:07.306] RX< [6] [cam] [61026][tshell][csc_isp_clk_cal:353]FE CLK cal: 373MHz, ME CLK cal: 371MHz, FE/ME CLK cal: 410MHz
[06:32:07.306] RX< [6] [cam] [61026][tshell][csc_isp_clk_cal:360]BE CLK cal: 301MHz
[06:32:07.306] RX< [4] [cam] [61027][tshell][cam_fe_core_power
[06:32:07.311] RX< _on:269]fe pipe has already power on, STATUS: 1
[06:32:07.311] RX< [6] [cam] [61027][tshell][cpc_update_clock:588]actual FE/ME clk: 500MHz
[06:32:07.311] RX< [7] [cam] [61028][tshell][cam_cpm_core_power_on:425]id,0 type,1 ret 0
[06:32:07.311] RX< [6] [cam] [61028][tshell][cam_cpm_core_init:914]E id,0 sensor typ
[06:32:07.311] RX< e,1
[06:32:07.311] RX< [6] [cam] [61031][tshell][cpm_core_check_tuningbin:854]Tuning bin crc check PASS! sum 0x7fb15f, xor 0x4e593f47
[06:32:07.311] RX< [6] [cam] [61031][tshell][qpc_tuning_check_iqbin_validness:396]IQ bin addr: 0x88646660, project_name: video_3M
[06:32:07.311] RX< [6] [cam] [61032][tshell][qp
[06:32:07.314] RX< c_tuning_check_iqbin_validness:397]total_size: 94208
[06:32:07.314] RX< [6] [cam] [61033][tshell][qpc_tuning_check_iqbin_validness:398]id_count: 93. ID_TOTAL: 94
[06:32:07.314] RX< [6] [cam] [61033][tshell][qpc_tuning_check_iqbin_validness:399]spinel tuning data ver: V1.30
[06:32:07.314] RX< [6] [cam] [61034][t
[06:32:07.314] RX< shell][cpm_core_check_tuningbin:868]IQ bin check success!
[06:32:07.314] RX< [6] [cam] [61034][tshell][cam_bm_core_init:94]E
[06:32:07.314] RX< [6] [cam] [61035][tshell][bm_lab_init:174]X ctx size 4 addr 0x88455450
[06:32:07.314] RX< [6] [cam] [61035][tshell][cam_bm_core_init:114]X ctx size 180 addr 0x88468e98
[06:32:07.332] RX< 
[06:32:07.332] RX< [6] [cam] [61035][tshell][qpc_core_init:1218]E id,0
[06:32:07.332] RX< [6] [cam] [61036][tshell][qpc_queue_init:65]QPC init qnodes 8, size 508, pool 0x88485d88
[06:32:07.332] RX< [7] [cam] [61036][tshell][_qpc_get_cap_cfg_para:888][fallback]preset capCfg 0 0 0 invalid, use default
[06:32:07.332] RX< [7] [cam]
[06:32:07.332] RX<  [61037][tshell][_qpc_cfg_hdr_frms:832][fallback]preset hdrCfg 0 32 7 25600 148508608 invalid, use default
[06:32:07.332] RX< [6] [cam] [61053][tshell][qpc_core_init:1264]X ctx size 3800 addr 0x88468f60
[06:32:07.332] RX< [6] [cam] [61053][tshell][cpm_core_get_param:666]cpm para chk: tunBin-w 
[06:32:07.337] RX< 4032 h 2266 img-w 4032 h 2268
[06:32:07.337] RX< [6] [cam] [61053][tshell][cam_fe_core_init:436]E id,0
[06:32:07.337] RX< [6] [cam] [61054][tshell][cam_fe_core_init:490]X ctx size 100 addr 0x88496708
[06:32:07.337] RX< [7] [cam] [61055][tshell][qpc_core_fe_chords_init:1659][34mqpc fe init snsOut w 4032 h 2268
[06:32:07.337] RX< , tbl w 28 h 20[0m
[06:32:07.337] RX< [6] [cam] [61055][tshell][cam_me_core_init:1474]X ctx size 1352 addr 0x88498ac0
[06:32:07.337] RX< [34m[ME SLICE CFG] perf=1323(us)!
[06:32:07.337] RX< [0m[6] [cam] [61059][tshell][cam_bayer_fe_3a_stats_core_init:445]fe 3a id,0
[06:32:07.337] RX< [6] [cam] [61059][tshell][cam_bayer_fe_3a_s
[06:32:07.345] RX< tats_core_init:490]X ctx size 132 addr 0x884a14e0
[06:32:07.345] RX< [6] [cam] [61060][tshell][awb_wrapper_init:66]xxx awb_bin=0x88488264, awb_bin_length=8068
[06:32:07.345] RX< [6] [cam] [61060][tshell][awb_wrapper_init:86]X algo_handle 0x884a7140
[06:32:07.345] RX< [7] [cam] [61060][awb0][a5_core_wrapper_tas
[06:32:07.345] RX< k:252]thread start cid,0 algo type,2
[06:32:07.345] RX< [6] [cam] [61061][tshell][a5_core_init_task:426]thread created: awb0 mq=0x884a9408 thread=0x884a9520 sem=0x884a9398 ret=0
[06:32:07.345] RX< [6] [cam] [61062][tshell][bayer_ae_wrapper_init:68]E id,0 proc mode 0 
[06:32:07.345] RX< 
[06:32:07.345] RX< [AEC Proc] @[allib_ae_se
[06:32:07.348] RX< t_debug_log_flag] Line:129:[DEBUG] debug level/to_file/to_terminal: 22/1/1
[06:32:07.348] RX< [AEC Proc] @[AeInit] Line:377:[INFO] AE ver: 2026_V2.269
[06:32:07.348] RX< 
[06:32:07.348] RX< [AEC Proc] @[allib_ae_loadfunc] Line:193:[INFO] camera ID: 0
[06:32:07.348] RX< [AEC Proc] @[AeInit] Line:404:[DEBUG] init imu detector suces
[06:32:07.348] RX< sed!
[06:32:07.348] RX< [AEC Proc] @[AeInit] Line:406:[DEBUG] imu init errcode:0
[06:32:07.348] RX< [AEC Proc] @[alAE_set_param] Line:575:[DEBUG] sw_maxtime 33004 ,pertline 10800, after check sensor step sw_max_time 33000.00
[06:32:07.348] RX< [AEC Proc] @[alAE_set_param] Line:580:[DEBUG] sw_mintime 43 ,pertli
[06:32:07.351] RX< ne 10800, after check sensor step sw_min_time 40.00
[06:32:07.351] RX< [AEC Proc] @[alAE_set_param] Line:513:[DEBUG] DEBUG minbv exptime 11 gain 100, minExpBV 13810
[06:32:07.351] RX< [AEC Proc] @[AeTuningParseSet] Line:167:[DEBUG] aeparam version 2.268 60530
[06:32:07.351] RX< [AEC Proc] @[alAE_set_param] Line
[06:32:07.351] RX< :340:[DEBUG] INITEXP gain 100, shutter 33242, midtonegain 100, bv 2247
[06:32:07.351] RX< [6] [cam] [61072][tshell][bayer_ae_wrapper_init:119]X tline 10800 max_exp 33004 alg_hdl 0x884abcd0 
[06:32:07.351] RX< [7] [cam] [61072][b_ae0][a5_core_wrapper_task:252]thread start cid,0 algo type,0
[06:32:07.351] RX< [6
[06:32:07.354] RX< ] [cam] [61073][tshell][a5_core_init_task:426]thread created: b_ae0 mq=0x884b25a8 thread=0x884b26c0 sem=0x884b2538 ret=0
[06:32:07.354] RX< [6] [cam] [61073][tshell][atf_wrapper_init:67]E id,0
[06:32:07.354] RX< [6] [cam] [61074][tshell][atf_wrapper_init:107]X alg_ctx addr 0x884b4b80
[06:32:07.354] RX< [7] [cam
[06:32:07.354] RX< ] [61074][atf0][a5_core_wrapper_task:252]thread start cid,0 algo type,1
[06:32:07.354] RX< [6] [cam] [61075][tshell][a5_core_init_task:426]thread created: atf0 mq=0x884b6ed8 thread=0x884b6ff0 sem=0x884b6e68 ret=0
[06:32:07.354] RX< [6] [cam] [61075][tshell][cam_cpm_core_init:1030]X ctx size 1
[06:32:07.370] RX< 064 addr 0x88468a60
[06:32:07.370] RX< [6] [cam] [61076][tshell][csc_open:527]ok! phys_id[1], phys_num[1] 
[06:32:07.370] RX< [6] [cam] [61076][tshell][cam_open:699]open ok! camera_id[0]
[06:32:07.370] RX< [34m[cam open] perf=69809(us)!
[06:32:07.370] RX< [0m[6] [App Cam] cam open success
[06:32:07.370] RX< [6] [App Cam] hevc init success
[06:32:07.370] RX< [6] [
[06:32:07.370] RX< cam] [61091][tshell][csc_init:637]sensor info:size:4032x2268, formt: 0x2b, bps: 1968, tline: 10800
[06:32:07.370] RX< [6] [cam] [61091][tshell][cam_sif_mgr_init:261]E id,0
[06:32:07.370] RX< [7] [cam] [61092][sif0][sif_irq_proc:151]thread start cid,0
[06:32:07.370] RX< [6] [cam] [61092][tshell][cam_sif_mgr_ini
[06:32:07.370] TX> rtmp_video_start rtmp://172.20.10.2/live/cam
[06:32:07.370] TX> echo "__EVBTEST_END_748a17b9__"
[06:32:07.385] RX< t:293]X ctx size 52 addr 0x884e8658
[06:32:07.385] RX< [6] [cam] [61092][tshell][cam_prelude_init_cfg:368]CSI ID is 0,  phy lanes is 2.
[06:32:07.385] RX< [7] [cam] [61093][tshell][check_phy_ready:96]MIPI_PHY[0] is ready
[06:32:07.385] RX< [6] [cam] [61093][tshell][sensor_init:348]sensor [1]: register ok
[06:32:07.385] RX< [6] [
[06:32:07.385] RX< cam] [61094][tshell][sensor_set_mode:852]sensor [1]: SetMode -> mode = 0.
[06:32:07.385] RX< [6] [cam] [61094][tshell][sensor_send_reg_tab_to_sensor:704]sensor [1]: send_reg_tab_to_sensor E.
[06:32:07.385] RX< [6] [cam] [61105][tshell][sensor_send_reg_tab_to_sensor:726]sensor [1]: reg_count =
[06:32:07.401] RX<  77.
[06:32:07.401] RX< [6] [cam] [61107][tshell][sensor_init:361]sensor [1]: init success.
[06:32:07.401] RX< [6] [cam] [61107][tshell][sensor_set_mode:852]sensor [1]: SetMode -> mode = 3.
[06:32:07.401] RX< [6] [cam] [61108][tshell][sensor_send_reg_tab_to_sensor:704]sensor [1]: send_reg_tab_to_sensor E.
[06:32:07.401] RX< [6] [
[06:32:07.401] RX< cam] [61122][tshell][sensor_send_reg_tab_to_sensor:726]sensor [1]: reg_count = 83.
[06:32:07.401] RX< [6] [cam] [61122][tshell][csc_init:646]ok! phys_id[1], phys_num[1]
[06:32:07.401] RX< [6] [cam] [61123][tshell][csc_get_bayer_single_buffer:1038]scenario_type: 3
[06:32:07.401] RX< [6] [cam] [61123][tshell][csc
[06:32:07.404] RX< _set_stats_fmt:98]index 0 w 1 h 1 bw 8 wcmp 255
[06:32:07.404] RX< [7] [cam] [61124][tshell][bm_ioctl:201]BMIOC_STATS_FMT
[06:32:07.404] RX< [6] [cam] [61124][tshell][csc_set_fe_fmt:47]index 1 w 4032 h 2268 bw 10 wcmp 0
[06:32:07.404] RX< [7] [cam] [61125][tshell][bm_ioctl:201]BMIOC_FE_FMT
[06:32:07.404] RX< [6] [cam] [61125][ts
[06:32:07.404] RX< hell][csc_set_me_fmt:64]index 5 w 2268 h 4032 bw 10 wcmp 0, rdma_addr 0x894afe00, wdma_addr 0x894afe00
[06:32:07.404] RX< [7] [cam] [61126][tshell][bm_ioctl:201]BMIOC_ME_FMT
[06:32:07.404] RX< [6] [cam] [61126][tshell][csc_set_video_fmt:966]meta_addr: 0x89d6c600
[06:32:07.404] RX< [6] [cam] [61126][tshell][csc
[06:32:07.407] RX< _set_me_fmt:64]index 6 w 1296 h 2304 bw 8 wcmp 255, rdma_addr 0x88795200, wdma_addr 0x8c000000
[06:32:07.407] RX< [6] [cam] [61127][tshell][cam_me_core_buffer_cfg:1367]
[06:32:07.407] RX< ----ME PIPE INFO---
[06:32:07.407] RX<  wdma_buf_num:1, rotation_en: 1
[06:32:07.407] RX< [7] [cam] [61128][tshell][cam_me_core_buffer_cfg:13
[06:32:07.407] RX< 75]yuv wdma_addr 0:0x8c000000, meta_en: 1, 0x89d6c600
[06:32:07.407] RX< [7] [cam] [61128][tshell][bm_ioctl:201]BMIOC_ME_FMT
[06:32:07.407] RX< [6] [cam] [61129][tshell][csc_set_lite_fmt:115]index 13 w 400 h 400 bw 10 wcmp 255
[06:32:07.407] RX< [7] [cam] [61129][tshell][bm_ioctl:201]BMIOC_LITE_FMT
[06:32:07.407] RX< [6] [cam] [
[06:32:07.410] RX< 61129][tshell][csc_set_lite_fmt:115]index 14 w 400 h 400 bw 10 wcmp 255
[06:32:07.410] RX< [7] [cam] [61130][tshell][bm_ioctl:201]BMIOC_LITE_FMT
[06:32:07.410] RX< [6] [cam] [61130][tshell][csc_init:654]get otp ok! phys_id[1], phys_num[1]
[06:32:07.410] RX< [6] [cam] [61130][tshell][cam_init:789]init ok! logic_
[06:32:07.413] RX< id[0]
[06:32:07.413] RX< [34m[cam init] perf=40129(us)!
[06:32:07.413] RX< [0m[6] [App Cam] cam init success
[06:32:07.413] RX< [7] [cam] [61131][tshell][cam_cpm_core_stream_on:541]id 0 sensor type 1
[06:32:07.413] RX< [6] [cam] [61131][tshell][sensor_stream_on:979]sensor [1]: stream_on
[06:32:07.413] RX< [6] [cam] [61132][tshell][sensor_stream
[06:32:07.413] RX< _on:1007]sensor [1]: REG: 0x100, W:0x1.
[06:32:07.413] RX< [6] [cam] [61133][tshell][sensor_stream_on:1009]sensor [1]: REG: 0x100, R:0x1.
[06:32:07.413] RX< [6] [cam] [61133][tshell][csc_prv_start:783]ok! phys_id[1], phys_num[1], cam_ids[1]
[06:32:07.413] RX< [6] [cam] [61134][tshell][cam_start:897]preview star
[06:32:07.428] RX< t ok! logic_id[0]
[06:32:07.428] RX< [34m[cam start] perf=2612(us)!
[06:32:07.428] RX< [0m[6] [App Cam] cam start success
[06:32:07.428] RX< [RTMP] connecting rtmp://172.20.10.2/live/cam ...
[06:32:07.428] RX< [7] [cam] [61135][b_3a_sts][bayer_stats_core_irq_proc:164]thread start cid,0
[06:32:07.428] RX< [7] [cam] [61135][fe0][fe_core_irq_proc:9
[06:32:07.555] RX< 8]thread start cid,0
[06:32:07.555] RX< [34m[AE] fid=0,exp=10210,adg=288,Y=4952,mtg=100,shg=100,bgbv=4215,iso=288,cnv0,hdr0
[06:32:07.555] RX< [0m[34m[b_ae0 proc] perf=8074(us), max=8074(us)!
[06:32:07.555] RX< [0m[34m[awb0 proc] perf=4426(us), max=4426(us)!
[06:32:07.555] RX< [0m[RTMP] connected to 172.20.10.2:1935 (sock=
[06:32:07.727] RX< 5)
[06:32:07.727] RX< [RTMP] handshake (simple) ok
[06:32:07.727] RX< [RTMP] connect _result ok
[06:32:07.727] RX< [6] [cam] [61427][me0][cpm_cb_fe2me_tikChk:152]frm_length 88560us, fe2me delta 0
[06:32:07.727] RX< [RTMP] createStream -> msid=1
[06:32:07.727] RX< [RTMP] publish ready on rtmp://172.20.10.2:1935/live
[06:32:07.727] RX< [RTMP] config sent (42 bytes)
[06:32:07.727] RX< [RTM
[06:32:07.891] RX< P] f_index = 0, f_len = 39
[06:32:07.891] RX< [RTMP] Push Start -> rtmp://172.20.10.2/live/cam
[06:32:07.891] RX< msh /emmc>echo "__EVBTEST_END_748a17b9__"
[06:32:07.891] RX< __EVBTEST_END_748a17b9__
[06:32:07.891] RX< msh /emmc>[34m[ME INTP]fid=0, shutter=10210, perf=2947(us), max=2947(us)!
[06:32:07.891] RX< [0m[7] [cam] [61605][me0][me_core_th
[06:32:08.709] RX< read:322]ME out fid 0
[06:32:08.709] RX< [RTMP] slow send frame 1 len=98614 dt=237ms (IDR)
[06:32:08.709] RX< [RTMP] slow send frame 2 len=42057 dt=96ms
[06:32:08.709] RX< [RTMP] slow send frame 3 len=16402 dt=55ms
[06:32:08.709] RX< [RTMP] slow send frame 8 len=11810 dt=74ms
[06:32:08.709] RX< [RTMP] slow send frame 14 len=16374 dt=60ms
[06:32:08.709] RX< [34m[AE] f
[06:32:09.141] RX< id=30,exp=10040,adg=269,Y=3758,mtg=177,shg=100,bgbv=1314,iso=269,cnv2,hdr0
[06:32:09.141] RX< [0m[RTMP] slow send frame 15 len=13290 dt=134ms
[06:32:09.141] RX< [7] [cam] [62605][me0][me_core_thread:322]ME out fid 30
[06:32:09.141] RX< [RTMP] slow send frame 17 len=13926 dt=75ms
[06:32:09.141] RX< [RTMP] slow send frame 24 len=13
[06:32:09.741] RX< 982 dt=52ms
[06:32:09.741] RX< [RTMP] slow send frame 31 len=59553 dt=200ms (IDR)
[06:32:09.741] RX< [RTMP] slow send frame 32 len=15053 dt=54ms
[06:32:09.741] RX< [RTMP] slow send frame 33 len=12969 dt=53ms
[06:32:09.741] RX< [34m[AE] fid=60,exp=10000,adg=275,Y=3987,mtg=180,shg=100,bgbv=1326,iso=275,cnv2,hdr0
[06:32:09.741] RX< [0m[RTMP] slow sen
[06:32:10.525] RX< d frame 36 len=12511 dt=73ms
[06:32:10.525] RX< [7] [cam] [63605][me0][me_core_thread:322]ME out fid 60
[06:32:10.525] RX< [RTMP] slow send frame 41 len=12388 dt=165ms
[06:32:10.525] RX< [RTMP] slow send frame 48 len=15307 dt=80ms
[06:32:10.525] RX< [RTMP] slow send frame 52 len=12399 dt=67ms
[06:32:10.525] RX< [RTMP] slow send frame 55 len=12069 dt
[06:32:10.899] RX< =64ms
[06:32:10.899] RX< [34m[AE] fid=90,exp=10000,adg=275,Y=3988,mtg=180,shg=100,bgbv=1331,iso=275,cnv2,hdr0
[06:32:10.899] RX< [0m[34m[b_ae0 proc] perf=897(us), max=8074(us)!
[06:32:10.899] RX< [0m[34m[awb0 proc] perf=4252(us), max=4433(us)!
[06:32:10.899] RX< [0m[RTMP] slow send frame 61 len=80068 dt=213ms (IDR)
[06:32:10.899] RX< [7] [cam
[06:32:11.587] RX< ] [64606][me0][me_core_thread:322]ME out fid 90
[06:32:11.587] RX< [RTMP] slow send frame 62 len=24404 dt=51ms
[06:32:11.587] RX< [RTMP] slow send frame 65 len=15119 dt=63ms
[06:32:11.587] RX< [RTMP] slow send frame 74 len=15282 dt=60ms
[06:32:11.587] RX< [RTMP] slow send frame 76 len=14652 dt=88ms
[06:32:11.587] RX< [RTMP] slow send frame 78 len=14
[06:32:11.860] RX< 926 dt=131ms
[06:32:11.860] RX< [34m[AE] fid=120,exp=10000,adg=275,Y=3988,mtg=180,shg=100,bgbv=1331,iso=275,cnv2,hdr0
[06:32:11.860] RX< [0m[RTMP] slow send frame 81 len=12061 dt=102ms
[06:32:11.860] RX< [34m[ME INTP]fid=120, shutter=10000, perf=6(us), max=3355(us)!
[06:32:11.860] RX< [0m[RTMP] slow send frame 84 len=14539 dt=
[06:32:12.708] RX< 61ms
[06:32:12.708] RX< [7] [cam] [65605][me0][me_core_thread:322]ME out fid 120
[06:32:12.708] RX< [RTMP] f_index = 90, f_len = 14720
[06:32:12.708] RX< [RTMP] slow send frame 91 len=80923 dt=231ms (IDR)
[06:32:12.708] RX< [RTMP] slow send frame 102 len=12303 dt=56ms
[06:32:12.708] RX< [34m[AE] fid=150,exp=10000,adg=275,Y=3995,mtg=180,shg=100,bgbv
[06:32:13.396] RX< =1331,iso=275,cnv2,hdr0
[06:32:13.396] RX< [0m[RTMP] slow send frame 108 len=11627 dt=58ms
[06:32:13.396] RX< [7] [cam] [66604][me0][me_core_thread:322]ME out fid 150
[06:32:13.396] RX< [RTMP] slow send frame 111 len=15109 dt=87ms
[06:32:13.396] RX< [RTMP] slow send frame 115 len=14953 dt=51ms
[06:32:13.396] RX< [RTMP] slow send frame 120 len=12192
[06:32:13.729] RX<  dt=121ms
[06:32:13.729] RX< [RTMP] slow send frame 121 len=76935 dt=215ms (IDR)
[06:32:13.729] RX< [34m[AE] fid=180,exp=10000,adg=275,Y=3993,mtg=180,shg=100,bgbv=1331,iso=275,cnv2,hdr0
[06:32:13.729] RX< [0m[34m[b_ae0 proc] perf=810(us), max=1001(us)!
[06:32:13.729] RX< [0m[34m[awb0 proc] perf=4351(us), max=4367(us)!
[06:32:13.729] RX< [0m[R
[06:32:14.708] RX< TMP] slow send frame 122 len=22250 dt=118ms
[06:32:14.708] RX< [RTMP] slow send frame 124 len=10757 dt=70ms
[06:32:14.708] RX< [7] [cam] [67604][me0][me_core_thread:322]ME out fid 180
[06:32:14.708] RX< [RTMP] slow send frame 141 len=14789 dt=72ms
[06:32:14.708] RX< [RTMP] slow send frame 147 len=14715 dt=99ms
[06:32:14.708] RX< [34m[AE] fid=210,ex
[06:32:14.948] RX< p=10000,adg=275,Y=3996,mtg=180,shg=100,bgbv=1331,iso=275,cnv2,hdr0
[06:32:14.948] RX< [0m[RTMP] slow send frame 151 len=77020 dt=163ms (IDR)
[06:32:14.948] RX< [RTMP] slow send frame 152 len=22008 dt=51ms
[06:32:14.948] RX< [7] [cam] [68604][me0][me_core_thread:322]ME out fid 210
[06:32:14.948] RX< [RTMP] slow send frame 154 len=
[06:32:15.808] RX< 20865 dt=55ms
[06:32:15.808] RX< [RTMP] slow send frame 158 len=12014 dt=116ms
[06:32:15.808] RX< [RTMP] slow send frame 159 len=14595 dt=67ms
[06:32:15.808] RX< [RTMP] slow send frame 171 len=14886 dt=92ms
[06:32:15.808] RX< [34m[AE] fid=240,exp=10000,adg=275,Y=3994,mtg=180,shg=100,bgbv=1331,iso=275,cnv2,hdr0
[06:32:15.808] RX< [0m[34m[ME INTP]f
[06:32:16.128] RX< id=240, shutter=10000, perf=6(us), max=7(us)!
[06:32:16.128] RX< [0m[RTMP] slow send frame 177 len=14628 dt=55ms
[06:32:16.128] RX< [7] [cam] [69604][me0][me_core_thread:322]ME out fid 240
[06:32:16.128] RX< [RTMP] f_index = 180, f_len = 11651
[06:32:16.128] RX< [RTMP] slow send frame 181 len=77279 dt=147ms (IDR)
[06:32:16.128] RX< [RTMP] slow send
[06:32:16.713] RX<  frame 182 len=26602 dt=79ms
[06:32:16.713] RX< [RTMP] slow send frame 184 len=13319 dt=63ms
[06:32:16.713] RX< [RTMP] slow send frame 187 len=18634 dt=67ms
[06:32:16.713] RX< [RTMP] slow send frame 189 len=18667 dt=153ms
[06:32:16.713] RX< [34m[AE] fid=270,exp=10000,adg=275,Y=3982,mtg=180,shg=100,bgbv=1326,iso=275,cnv2,hdr0
[06:32:16.713] RX< [0m
[06:32:16.905] RX< [34m[b_ae0 proc] perf=962(us), max=991(us)!
[06:32:16.905] RX< [0m[34m[awb0 proc] perf=4346(us), max=4385(us)!
[06:32:16.905] RX< [0m[RTMP] slow send frame 191 len=12264 dt=158ms
[06:32:16.905] RX< [RTMP] slow send frame 194 len=18570 dt=98ms
[06:32:16.905] RX< [7] [cam] [70604][me0][me_core_thread:322]ME out fid 270
[06:32:16.905] RX< [RTMP] s
[06:32:17.513] RX< low send frame 195 len=7671 dt=55ms
[06:32:17.513] RX< [RTMP] slow send frame 199 len=18517 dt=95ms
[06:32:17.513] RX< [RTMP] slow send frame 201 len=18278 dt=67ms
[06:32:17.513] RX< [RTMP] slow send frame 205 len=11536 dt=73ms
[06:32:17.513] RX< [RTMP] slow send frame 206 len=18370 dt=53ms
[06:32:17.513] RX< [RTMP] slow send frame 208 len=18210 dt=
[06:32:18.476] RX< 69ms
[06:32:18.476] RX< [34m[AE] fid=300,exp=10000,adg=275,Y=3963,mtg=180,shg=100,bgbv=1322,iso=275,cnv2,hdr0
[06:32:18.476] RX< [0m[7] [cam] [71604][me0][me_core_thread:322]ME out fid 300
[06:32:18.476] RX< [RTMP] slow send frame 211 len=84404 dt=358ms (IDR)
[06:32:18.476] RX< [RTMP] slow send frame 212 len=19000 dt=468ms
[06:32:18.476] RX< [RTMP
[06:32:18.886] RX< ] slow send frame 214 len=20638 dt=55ms
[06:32:18.886] RX< [RTMP] slow send frame 215 len=8490 dt=61ms
[06:32:18.886] RX< [34m[AE] fid=330,exp=10000,adg=275,Y=3949,mtg=180,shg=100,bgbv=1316,iso=275,cnv2,hdr0
[06:32:18.886] RX< [0m[RTMP] slow send frame 222 len=18778 dt=66ms
[06:32:18.886] RX< [7] [cam] [72604][me0][me_core_threa
[06:32:19.494] RX< d:322]ME out fid 330
[06:32:19.494] RX< [RTMP] slow send frame 225 len=18496 dt=111ms
[06:32:19.494] RX< [RTMP] slow send frame 227 len=19097 dt=58ms
[06:32:19.494] RX< [RTMP] slow send frame 231 len=11933 dt=98ms
[06:32:19.494] RX< [RTMP] slow send frame 232 len=18616 dt=167ms
[06:32:19.494] RX< [RTMP] slow send frame 234 len=18667 dt=62ms
[06:32:19.494] RX< [RTMP] s
[06:32:19.712] RX< low send frame 237 len=18577 dt=51ms
[06:32:19.712] RX< [RTMP] slow send frame 239 len=18534 dt=78ms
[06:32:19.712] RX< [34m[AE] fid=360,exp=10070,adg=275,Y=3947,mtg=180,shg=100,bgbv=1306,iso=275,cnv2,hdr0
[06:32:19.712] RX< [0m[34m[b_ae0 proc] perf=904(us), max=988(us)!
[06:32:19.712] RX< [0m[34m[awb0 proc] perf=4317(us), m
[06:32:20.392] RX< ax=4376(us)!
[06:32:20.392] RX< [0m[34m[ME INTP]fid=360, shutter=10070, perf=6(us), max=403(us)!
[06:32:20.392] RX< [0m[RTMP] slow send frame 241 len=76866 dt=293ms (IDR)
[06:32:20.392] RX< [7] [cam] [73604][me0][me_core_thread:322]ME out fid 360
[06:32:20.392] RX< [RTMP] slow send frame 249 len=18827 dt=97ms
[06:32:20.392] RX< [RTMP] slow send f
[06:32:20.883] RX< rame 254 len=12356 dt=118ms
[06:32:20.883] RX< [RTMP] slow send frame 257 len=18904 dt=172ms
[06:32:20.883] RX< [34m[AE] fid=390,exp=10070,adg=275,Y=3950,mtg=180,shg=100,bgbv=1310,iso=275,cnv2,hdr0
[06:32:20.883] RX< [0m[RTMP] slow send frame 261 len=8090 dt=52ms
[06:32:20.883] RX< [7] [cam] [74603][me0][me_core_thread:322]ME ou
[06:32:21.708] RX< t fid 390
[06:32:21.708] RX< [RTMP] slow send frame 264 len=19167 dt=85ms
[06:32:21.708] RX< [RTMP] slow send frame 269 len=19259 dt=58ms
[06:32:21.708] RX< [RTMP] f_index = 270, f_len = 8124
[06:32:21.708] RX< [RTMP] slow send frame 271 len=70403 dt=365ms (IDR)
[06:32:21.708] RX< [RTMP] slow send frame 274 len=8938 dt=64ms
[06:32:21.708] RX< [34m[AE] fid=420,exp=100
[06:32:22.204] RX< 70,adg=275,Y=3979,mtg=180,shg=100,bgbv=1319,iso=275,cnv2,hdr0
[06:32:22.204] RX< [0m[RTMP] slow send frame 277 len=19225 dt=58ms
[06:32:22.204] RX< [7] [cam] [75603][me0][me_core_thread:322]ME out fid 420
[06:32:22.204] RX< [RTMP] slow send frame 278 len=12823 dt=217ms
[06:32:22.204] RX< [RTMP] slow send frame 283 len=12552 dt=73
[06:32:22.712] RX< ms
[06:32:22.712] RX< [RTMP] slow send frame 285 len=19608 dt=62ms
[06:32:22.712] RX< [RTMP] slow send frame 286 len=9503 dt=53ms
[06:32:22.712] RX< [RTMP] slow send frame 287 len=20105 dt=76ms
[06:32:22.712] RX< [RTMP] slow send frame 289 len=19481 dt=164ms
[06:32:22.712] RX< [RTMP] slow send frame 290 len=12871 dt=54ms
[06:32:22.712] RX< [34m[AE] fid=450,exp=10070,
[06:32:22.888] RX< adg=275,Y=3987,mtg=180,shg=100,bgbv=1319,iso=275,cnv2,hdr0
[06:32:22.888] RX< [0m[34m[b_ae0 proc] perf=811(us), max=994(us)!
[06:32:22.888] RX< [0m[34m[awb0 proc] perf=4343(us), max=4372(us)!
[06:32:22.888] RX< [0m[RTMP] slow send frame 291 len=12834 dt=78ms
[06:32:22.888] RX< [7] [cam] [76603][me0][me_core_thread:322]ME out
[06:32:23.707] RX<  fid 450
[06:32:23.707] RX< [RTMP] slow send frame 296 len=12093 dt=110ms
[06:32:23.707] RX< [RTMP] slow send frame 297 len=18732 dt=87ms
[06:32:23.707] RX< [RTMP] slow send frame 299 len=12252 dt=124ms
[06:32:23.707] RX< [RTMP] slow send frame 300 len=18993 dt=83ms
[06:32:23.707] RX< [34m[AE] fid=480,exp=18510,adg=400,Y=1860,mtg=180,shg=101,bgbv=-
[06:32:24.883] RX< 559,iso=400,cnv2,hdr0
[06:32:24.883] RX< [0m[34m[ME INTP]fid=480, shutter=18510, perf=2291(us), max=4509(us)!
[06:32:24.883] RX< [0m[7] [cam] [77603][me0][me_core_thread:322]ME out fid 480
[06:32:24.883] RX< [34m[AE] fid=510,exp=21900,adg=400,Y=2860,mtg=179,shg=100,bgbv=-127,iso=400,cnv2,hdr0
[06:32:24.883] RX< [0m[7] [cam] [
[06:32:25.713] RX< 78603][me0][me_core_thread:322]ME out fid 510
[06:32:25.713] RX< [RTMP] slow send frame 301 len=85262 dt=1893ms (IDR)
[06:32:25.713] RX< [RTMP] slow send frame 305 len=20131 dt=74ms
[06:32:25.713] RX< [RTMP] slow send frame 310 len=19114 dt=59ms
[06:32:25.713] RX< [RTMP] slow send frame 312 len=18906 dt=109ms
[06:32:25.713] RX< [34m[AE] fid=540,exp
[06:32:25.889] RX< =24920,adg=400,Y=2429,mtg=172,shg=100,bgbv=-431,iso=400,cnv2,hdr0
[06:32:25.889] RX< [0m[34m[b_ae0 proc] perf=861(us), max=974(us)!
[06:32:25.889] RX< [0m[34m[awb0 proc] perf=4286(us), max=4349(us)!
[06:32:25.889] RX< [0m[RTMP] slow send frame 315 len=19010 dt=126ms
[06:32:25.889] RX< [7] [cam] [79603][me0][me_core_thread:32
[06:32:26.497] RX< 2]ME out fid 540
[06:32:26.497] RX< [RTMP] slow send frame 321 len=19396 dt=65ms
[06:32:26.497] RX< [RTMP] slow send frame 323 len=29414 dt=109ms
[06:32:26.497] RX< [RTMP] slow send frame 325 len=19104 dt=66ms
[06:32:26.497] RX< [RTMP] slow send frame 327 len=12580 dt=91ms
[06:32:26.497] RX< [RTMP] slow send frame 328 len=19387 dt=97ms
[06:32:26.497] RX< [RTMP] slow s
[06:32:26.883] RX< end frame 330 len=19088 dt=58ms
[06:32:26.883] RX< [34m[AE] fid=570,exp=15080,adg=388,Y=3635,mtg=180,shg=100,bgbv=544,iso=388,cnv2,hdr0
[06:32:26.883] RX< [0m[RTMP] slow send frame 331 len=85279 dt=283ms (IDR)
[06:32:26.883] RX< [RTMP] slow send frame 332 len=19407 dt=73ms
[06:32:26.883] RX< [7] [cam] [80603][me0][me_core_thread
[06:32:27.683] RX< :322]ME out fid 570
[06:32:27.683] RX< [RTMP] slow send frame 334 len=20845 dt=112ms
[06:32:27.683] RX< [RTMP] slow send frame 336 len=19532 dt=85ms
[06:32:27.683] RX< [RTMP] slow send frame 345 len=19188 dt=59ms
[06:32:27.683] RX< [RTMP] slow send frame 348 len=19451 dt=61ms
[06:32:27.683] RX< [RTMP] slow send frame 350 len=20774 dt=59ms
[06:32:27.683] RX< [RTMP] slo
[06:32:27.889] RX< w send frame 352 len=19339 dt=93ms
[06:32:27.889] RX< [34m[AE] fid=600,exp=16700,adg=400,Y=5359,mtg=179,shg=100,bgbv=905,iso=400,cnv2,hdr0
[06:32:27.889] RX< [0m[RTMP] slow send frame 354 len=29641 dt=89ms
[06:32:27.889] RX< [34m[ME INTP]fid=600, shutter=16700, perf=2318(us), max=5290(us)!
[06:32:27.889] RX< [0m[7] [cam] [8160
[06:32:28.609] RX< 2][me0][me_core_thread:322]ME out fid 600
[06:32:28.609] RX< [RTMP] slow send frame 358 len=18942 dt=52ms
[06:32:28.609] RX< [RTMP] f_index = 360, f_len = 12419
[06:32:28.609] RX< [RTMP] slow send frame 361 len=76970 dt=479ms (IDR)
[06:32:28.609] RX< [RTMP] slow send frame 362 len=27552 dt=57ms
[06:32:28.609] RX< [RTMP] slow send frame 364 len=21272
[06:32:28.799] RX<  dt=80ms
[06:32:28.799] RX< [34m[AE] fid=630,exp=10250,adg=300,Y=4422,mtg=179,shg=100,bgbv=1317,iso=300,cnv2,hdr0
[06:32:28.799] RX< [0m[34m[b_ae0 proc] perf=850(us), max=983(us)!
[06:32:28.799] RX< [0m[34m[awb0 proc] perf=4322(us), max=4414(us)!
[06:32:28.799] RX< [0m[RTMP] slow send frame 391 len=63382 dt=164ms (IDR)
[06:32:28.799] RX< [RTM
[06:32:29.663] RX< P] dropped 30 p-frames (backlog 52%)
[06:32:29.663] RX< [7] [cam] [82602][me0][me_core_thread:322]ME out fid 630
[06:32:29.663] RX< [RTMP] slow send frame 419 len=28986 dt=171ms
[06:32:29.663] RX< [RTMP] slow send frame 421 len=64680 dt=458ms (IDR)
[06:32:29.663] RX< [RTMP] slow send frame 431 len=5945 dt=51ms
[06:32:29.663] RX< [RTMP] slow send fra
[06:32:29.882] RX< me 433 len=12617 dt=58ms
[06:32:29.882] RX< [RTMP] dropped 60 p-frames (backlog 51%)
[06:32:29.882] RX< [34m[AE] fid=660,exp=10210,adg=288,Y=4264,mtg=180,shg=100,bgbv=1346,iso=288,cnv2,hdr0
[06:32:29.882] RX< [0m[RTMP] slow send frame 435 len=12850 dt=52ms
[06:32:29.882] RX< [RTMP] slow send frame 439 len=19188 dt=60ms
[06:32:29.882] RX< [7] [cam]
[06:32:30.264] RX<  [83602][me0][me_core_thread:322]ME out fid 660
[06:32:30.264] RX< [RTMP] slow send frame 440 len=8100 dt=69ms
[06:32:30.264] RX< rtmp_video_stop
[06:32:30.264] RX< [RTMP] Stop requested
[06:32:30.264] RX< msh /emmc>echo "__EVBTEST_END_e8ce722d__"
[06:32:30.264] RX< __EVBTEST_END_e8ce722d__
[06:32:30.264] RX< msh /emmc>[RTMP] slow send frame 448 len=49443 dt=292ms
[06:32:30.264] RX< [RT
[06:32:30.265] RX< MP] Push Stop: total frames = 449
[06:32:30.265] RX< [RTMP] disconnected
[06:32:30.265] RX< [RTMP] disconnected
[06:32:30.265] RX< [6] [cam] [83971][RtmpSend][sensor_stream_off:1143]sensor [1]: stream_off
[06:32:30.265] RX< [6] [cam] [83971][RtmpSend][sensor_stream_off:1172]sensor [1]: REG: 0x100, W:0x0.
[06:32:30.265] RX< [6] [cam] [83972][RtmpSe
[06:32:30.274] TX> rtmp_video_stop
[06:32:30.274] TX> echo "__EVBTEST_END_e8ce722d__"
[06:32:30.291] RX< nd][sensor_stream_off:1174]sensor [1]: REG: 0x100, R:0x0.
[06:32:30.291] RX< [6] [cam] [84006][RtmpSend][csc_prv_stop:893]ok! phys_id[1], phys_num[1], stop_type = 0
[06:32:30.291] RX< [6] [cam] [84006][RtmpSend][cam_stop:1017]preview stop ok! logic_id[0]
[06:32:30.291] RX< [34m[cam stop] perf=35833(us)!
[06:32:30.291] RX< [0m[6
[06:32:30.292] RX< ] [App Cam] cam stop success
[06:32:30.292] RX< Total of 673 frames encoded, 11227154 bytes, max_workbuffer_used: 4960256 bytes
[06:32:30.292] RX< [6] [App Cam] hevc_encoder_deinit success
[06:32:30.292] RX< [7] [cam] [84012][RtmpSend][cam_cpm_core_power_off:457]id,0 type,1 ret 0
[06:32:30.292] RX< [6] [cam] [84012][sif0][sif_ir
[06:32:30.295] RX< q_proc:174]thread release cid,0
[06:32:30.295] RX< [6] [cam] [84013][RtmpSend][cam_sif_mgr_deinit:316]X
[06:32:30.295] RX< [6] [cam] [84013][RtmpSend][cam_deinit:846]deinit ok! logic_id[0]
[06:32:30.295] RX< [34m[cam deinit] perf=1293(us)!
[06:32:30.295] RX< [0m[6] [App Cam] cam deinit success
[06:32:30.295] RX< [6] [cam] [84014][RtmpSend][senso
[06:32:30.296] RX< r_close:1247]sensor [1]: close!
[06:32:30.296] RX< [6] [cam] [84016][RtmpSend][cam_bm_core_deinit:136]X
[06:32:30.296] RX< [6] [cam] [84016][me0][me_core_thread:367]thread release cid,0
[06:32:30.296] RX< [6] [cam] [84017][RtmpSend][cam_me_core_deinit:1502]X
[06:32:30.296] RX< [6] [cam] [84017][fe0][fe_core_irq_proc:121]thread r
[06:32:30.298] RX< elease cid,0
[06:32:30.298] RX< [6] [cam] [84017][RtmpSend][cam_fe_core_deinit:536]X
[06:32:30.298] RX< [6] [cam] [84017][b_3a_sts][bayer_stats_core_irq_proc:193]thread release cid,0
[06:32:30.298] RX< [6] [cam] [84018][RtmpSend][cam_bayer_stats_core_deinit:512]X
[06:32:30.298] RX< [6] [cam] [84018][b_ae0][a5_core_wrapper_task:3
[06:32:30.298] RX< 15]thread release cid,0,algo,0
[06:32:30.298] RX< [6] [cam] [84019][RtmpSend][bayer_ae_wrapper_deinit:204]X
[06:32:30.298] RX< [6] [cam] [84019][atf0][a5_core_wrapper_task:315]thread release cid,0,algo,1
[06:32:30.298] RX< [6] [cam] [84020][RtmpSend][atf_wrapper_deinit:153]X
[06:32:30.298] RX< [6] [cam] [84020][awb0][a5_core_wra
[06:32:30.301] RX< pper_task:315]thread release cid,0,algo,2
[06:32:30.301] RX< [6] [cam] [84020][RtmpSend][awb_wrapper_deinit:153]X
[06:32:30.301] RX< [6] [cam] [84020][RtmpSend][cam_5a_core_deinit:555]X
[06:32:30.301] RX< [6] [cam] [84021][RtmpSend][cam_5a_inf_deinit:149]X
[06:32:30.301] RX< [6] [cam] [84021][qpc0][qpc_core_msg_proc:697]thread r
[06:32:30.318] RX< elease cid,0
[06:32:30.318] RX< [6] [cam] [84022][RtmpSend][qpc_core_deinit:1330]X
[06:32:30.318] RX< [6] [cam] [84022][RtmpSend][cam_cpm_core_deinit:1107]X
[06:32:30.318] RX< [6] [cam] [84022][RtmpSend][csc_close:584]ok! phys_id[1], phys_num[1]
[06:32:30.318] RX< [7] [cam] [84022][cer0][cer_recovery_proc:352]msg type = 254
[06:32:30.318] RX< [6]
