[02:30:03.286] [INFO] VX100 EVB 自动化测试启动，运行时间戳: 20260813_023003
[02:30:03.286] [INFO] 启用模块: ['wifi_check', 'wifi_scan', 'wifi_join', 'emmc', 'ftp', 'photo', 'video']
[02:30:03.287] [INFO] 开始自动探测 EVB 串口，候选端口 ['/dev/ttyUSB0', '/dev/ttyUSB1', '/dev/ttyUSB2']，候选波特率 [2000000, 250000, 115200, 921600]
[02:30:03.287] [DEBUG] 探测 /dev/ttyUSB0 @ 2000000 ...
[02:30:05.660] [INFO]   命中 EVB 指纹: /dev/ttyUSB0 @ 2000000
[02:30:05.661] [DEBUG] 探测 /dev/ttyUSB1 @ 2000000 ...
[02:30:07.964] [DEBUG] 探测 /dev/ttyUSB1 @ 250000 ...
[02:30:10.268] [DEBUG] 探测 /dev/ttyUSB1 @ 115200 ...
[02:30:12.572] [DEBUG] 探测 /dev/ttyUSB1 @ 921600 ...
[02:30:14.876] [DEBUG] 探测 /dev/ttyUSB2 @ 2000000 ...
[02:30:17.179] [DEBUG] 探测 /dev/ttyUSB2 @ 250000 ...
[02:30:19.481] [DEBUG] 探测 /dev/ttyUSB2 @ 115200 ...
[02:30:21.785] [DEBUG] 探测 /dev/ttyUSB2 @ 921600 ...
[02:30:24.089] [INFO] 探测到 EVB: /dev/ttyUSB0 @ 2000000
[02:30:24.090] [INFO] 串口已打开: /dev/ttyUSB0 @ 2000000 bps
[02:30:24.921] [INFO] EVB 已就绪
[02:30:25.031] [DEBUG] 串口自检通过
[02:30:25.031] [INFO] 预清理板子状态...
[02:30:27.045] [INFO] 本次执行模块顺序: ['wifi_check', 'wifi_scan', 'wifi_join', 'emmc', 'ftp', 'photo', 'video']
[02:30:27.045] >>> 执行模块: wifi_check
[02:30:27.658] [PASS] wifi_check (612ms) - 已联网，IP=10.1.90.71（跳过 wifi scan/join）
[02:30:27.658] >>> 执行模块: wifi_scan
[02:30:27.658] [SKIP] wifi_scan (0ms) - WiFi 已连接（IP=10.1.90.71），跳过扫描测试
[02:30:27.658] >>> 执行模块: wifi_join
[02:30:27.658] [SKIP] wifi_join (0ms) - WiFi 已连接 (未知SSID/10.1.90.71)，跳过 join 测试
[02:30:27.658] >>> 执行模块: emmc
[02:30:27.917] [PASS] emmc (258ms) - 已进入 /emmc（自动挂载）
[02:30:27.917] >>> 执行模块: ftp
[02:30:28.182] [DEBUG] FTP 已连接 10.1.90.71:21 (尝试 1)
[02:30:28.526] [PASS] ftp (609ms) - FTP 已连接 10.1.90.71，/emmc 列出 3 项
[02:30:28.526] >>> 执行模块: photo
[02:30:28.945]   拍照测试: 模式 auto
[02:30:31.671] [DEBUG] 强制重连 FTP
[02:30:33.678] [DEBUG] FTP 已连接 10.1.90.71:21 (尝试 1)
[02:30:33.678] [INFO] FTP 已恢复
[02:30:55.180] [PASS] photo[auto] (26235ms) - JPEG OK 674KB | 拍照成功，保存到 /emmc/PIC/20260813_053029_5920 | 已下载到 logs/20260813_023003/photos/auto_20260813_053029_5920_Image_20260813_053029_5920_0.jpg
[02:30:55.180] >>> 执行模块: video
[02:30:55.638]   录像测试: 1080p / 2s
[02:30:59.034] [DEBUG] 强制重连 FTP
[02:31:01.377] [DEBUG] FTP 已连接 10.1.90.71:21 (尝试 1)
[02:31:01.377] [INFO] FTP 已恢复
[02:31:37.314] [WARN] 下载超时(30s，已传2622KB/3598KB)，重试 1/2
[02:31:37.783] [DEBUG] FTP 已连接 10.1.90.71:21 (尝试 1)
