[03:40:38.387] [INFO] VX100 EVB 自动化测试启动，运行时间戳: 20260819_034038
[03:40:38.387] [INFO] 启用模块: ['wifi_check', 'wifi_scan', 'wifi_join', 'emmc', 'ftp', 'photo', 'video', 'rtmp']
[03:40:38.388] [INFO] 开始自动探测 EVB 串口，候选端口 ['/dev/ttyUSB1']，候选波特率 [2000000, 250000, 115200, 921600]
[03:40:38.388] [DEBUG] 探测 /dev/ttyUSB1 @ 2000000 ...
[03:40:40.693] [INFO]   命中 EVB 指纹: /dev/ttyUSB1 @ 2000000
[03:40:40.693] [INFO] 探测到 EVB: /dev/ttyUSB1 @ 2000000
[03:40:40.696] [INFO] 串口已打开: /dev/ttyUSB1 @ 2000000 bps
[03:40:42.698] [INFO] EVB 已就绪
[03:40:44.699] [DEBUG] 串口自检通过
[03:40:44.699] [INFO] 预清理板子状态...
[03:41:01.492] [INFO] 使用默认 WiFi: SW-test-2.4G
[03:41:10.724] [INFO] WiFi 连接成功: SW-test-2.4G / IP=192.168.1.101
[03:41:15.726] [INFO] 本次执行模块顺序: ['wifi_check', 'wifi_scan', 'wifi_join', 'emmc', 'ftp', 'photo', 'video', 'rtmp']
[03:41:15.727] >>> 模块 [wifi_check] 开始执行
[03:41:15.727]     - 执行模块: wifi_check
[03:41:17.749] [PASS] wifi_check (2022ms) - 已联网，IP=192.168.1.101（跳过 wifi scan/join）
[03:41:17.750] <<< 模块 [wifi_check] 结束，耗时 2.0s（结果 PASS）
[03:41:17.750] >>> 模块 [wifi_scan] 开始执行
[03:41:17.750]     - 执行模块: wifi_scan
[03:41:17.750] [SKIP] wifi_scan (0ms) - WiFi 已连接（IP=192.168.1.101），跳过扫描测试
[03:41:17.750] <<< 模块 [wifi_scan] 结束，耗时 0.0s（结果 SKIP）
[03:41:17.750] >>> 模块 [wifi_join] 开始执行
[03:41:17.750]     - 执行模块: wifi_join
[03:41:17.750] [SKIP] wifi_join (0ms) - WiFi 已连接 (SW-test-2.4G/192.168.1.101)，跳过 join 测试
[03:41:17.750] <<< 模块 [wifi_join] 结束，耗时 0.0s（结果 SKIP）
[03:41:17.750] >>> 模块 [emmc] 开始执行
[03:41:17.750]     - 执行模块: emmc
[03:41:19.750] [PASS] emmc (1999ms) - 已进入 /emmc（自动挂载）
[03:41:19.750] <<< 模块 [emmc] 结束，耗时 2.0s（结果 PASS）
[03:41:19.750] >>> 模块 [ftp] 开始执行
[03:41:19.750]     - 执行模块: ftp
[03:41:25.871] [DEBUG] FTP 已连接 192.168.1.101:21 (尝试 1)
[03:41:26.111] [PASS] ftp (6360ms) - FTP 已连接 192.168.1.101，/emmc 列出 4 项
[03:41:26.111] <<< 模块 [ftp] 结束，耗时 6.4s（结果 PASS）
[03:41:26.111] >>> 模块 [photo] 开始执行
[03:41:26.111]     - 执行模块: photo
[03:41:26.246] [DEBUG] FTP 已连接 192.168.1.101:21 (尝试 1)
[03:41:26.246] [DEBUG] FTP 已重新连接
[03:41:26.246]   拍照测试: 模式 auto
[03:41:32.223] [DEBUG] FTP 已连接 192.168.1.101:21 (尝试 1)
[03:41:32.223] [DEBUG] FTP 已重新连接
[03:41:32.626] [DEBUG] FTP 已连接 192.168.1.101:21 (尝试 1)
[03:41:33.549] [PASS] photo[auto] (7303ms) - JPEG OK 1251KB | 拍照成功，保存到 /emmc/PIC/20260101_000121_1976 | 已下载到 logs/20260819_034038/photos/auto_20260101_000121_1976_Image_20260101_000121_1976_0.jpg
[03:41:33.550] <<< 模块 [photo] 结束，耗时 7.4s（结果 PASS）
[03:41:33.550] >>> 模块 [video] 开始执行
[03:41:33.550]     - 执行模块: video
[03:41:33.660] [DEBUG] FTP 已连接 192.168.1.101:21 (尝试 1)
[03:41:33.660] [DEBUG] FTP 已重新连接
[03:41:33.661]   录像测试: 1080p / 180s
[03:41:36.082] [INFO] 拍摄开始（1080p / 180s）...
[03:44:36.653] [INFO] 拍摄结束，耗时 180.6s
[03:44:36.760] [DEBUG] FTP 已连接 192.168.1.101:21 (尝试 1)
[03:44:36.761] [DEBUG] FTP 已重新连接
[03:44:37.056] [INFO] FTP 开始下载视频: /emmc/VIDEO/20260101_000129_9207/Video_9207_0.h265 (399073KB) -> logs/20260819_034038/videos/Video_9207_0.h265
[03:44:37.202] [DEBUG] FTP 已连接 192.168.1.101:21 (尝试 1)
[03:47:05.154] [INFO] FTP 下载完成，耗时 148.1s
[03:47:05.154] [PASS] video (331493ms) - 录像成功，文件 /emmc/VIDEO/20260101_000129_9207/Video_9207_0.h265，399073KB | 已下载到 logs/20260819_034038/videos/Video_9207_0.h265
[03:47:05.154] <<< 模块 [video] 结束，耗时 331.6s（结果 PASS）
[03:47:05.154] >>> 模块 [rtmp] 开始执行
[03:47:05.154] [INFO] 自动检测到 PC IP: 192.168.1.89
[03:47:05.155]     - 执行模块: rtmp
[03:47:05.155] [INFO] 检查 RTMP 服务端 (nginx-rtmp) 是否监听 :1935
[03:47:05.155] [INFO] nginx-rtmp 就绪，RTMP 监听 :1935
[03:47:05.155]   RTMP 推流测试: rtmp://192.168.1.89/live/cam / 600s
[03:47:05.459] [INFO] 推流命令已下发，等待 EVB 建连上线...
[03:47:08.467] [INFO] 已在独立终端窗口启动 ffplay 画面确认 (/usr/bin/gnome-terminal)
[03:47:08.467] [INFO] ffprobe 探测 RTMP 流: rtmp://192.168.1.89/live/cam
[03:47:15.095] [INFO] 推流保持 600s（ffplay 画面可手动关闭，不影响测试）...
[03:47:45.114] [INFO]   推流已保持 30/600s ...
[03:48:15.142] [INFO]   推流已保持 60/600s ...
[03:48:45.170] [INFO]   推流已保持 90/600s ...
[03:49:15.200] [INFO]   推流已保持 120/600s ...
[03:49:45.230] [INFO]   推流已保持 150/600s ...
[03:50:15.258] [INFO]   推流已保持 180/600s ...
[03:50:45.288] [INFO]   推流已保持 210/600s ...
[03:51:15.302] [INFO]   推流已保持 240/600s ...
[03:51:45.330] [INFO]   推流已保持 270/600s ...
[03:52:15.358] [INFO]   推流已保持 300/600s ...
[03:52:45.386] [INFO]   推流已保持 330/600s ...
[03:53:15.416] [INFO]   推流已保持 360/600s ...
[03:53:45.446] [INFO]   推流已保持 390/600s ...
[03:54:15.476] [INFO]   推流已保持 420/600s ...
[03:54:45.507] [INFO]   推流已保持 450/600s ...
[03:55:15.537] [INFO]   推流已保持 480/600s ...
[03:55:45.566] [INFO]   推流已保持 510/600s ...
[03:56:15.596] [INFO]   推流已保持 540/600s ...
[03:56:45.626] [INFO]   推流已保持 570/600s ...
[03:57:15.657] [INFO]   推流已保持 600/600s ...
[03:57:15.863] [PASS] rtmp (610707ms) - 推流验证通过: h264 1296x2304 (ffprobe 实时探测)
[03:57:15.863] <<< 模块 [rtmp] 结束，耗时 610.7s（结果 PASS）
[03:57:15.881] ==================================================
[03:57:15.881] 测试完成：共 8 项 | 通过 6 | 失败 0 | 跳过 2 | 错误 0 | 通过率 75.0% | 总耗时 959.9s
[03:57:15.881] ==================================================
[03:57:15.881] [INFO]   json 报告: reports/20260819_034038/result.json
[03:57:15.881] [INFO]   junit 报告: reports/20260819_034038/junit.xml
[03:57:15.881] [INFO]   html 报告: reports/20260819_034038/report.html
[03:57:17.757] [DEBUG] 串口已关闭
