[02:09:21.081] [INFO] VX100 EVB 自动化测试启动，运行时间戳: 20260820_020921
[02:09:21.081] [INFO] 启用模块: ['wifi_check', 'wifi_scan', 'wifi_join', 'emmc', 'ftp', 'photo', 'video', 'rtmp']
[02:09:21.081] [INFO] 开始自动探测 EVB 串口，候选端口 ['/dev/ttyUSB1']，候选波特率 [2000000, 250000, 115200, 921600]
[02:09:21.081] [DEBUG] 探测 /dev/ttyUSB1 @ 2000000 ...
[02:09:23.391] [INFO]   命中 EVB 指纹: /dev/ttyUSB1 @ 2000000
[02:09:23.391] [INFO] 探测到 EVB: /dev/ttyUSB1 @ 2000000
[02:09:23.394] [INFO] 串口已打开: /dev/ttyUSB1 @ 2000000 bps
[02:09:25.396] [INFO] EVB 已就绪
[02:09:27.399] [DEBUG] 串口自检通过
[02:09:27.399] [INFO] 预清理板子状态...
[02:09:35.677] [INFO] 使用默认 WiFi: SW-test-2.4G
[02:09:45.419] [INFO] WiFi 连接成功: SW-test-2.4G / IP=192.168.1.101
[02:09:50.424] [INFO] 本次执行模块顺序: ['wifi_check', 'wifi_scan', 'wifi_join', 'emmc', 'ftp', 'photo', 'video', 'rtmp']
[02:09:50.425] >>> 模块 [wifi_check] 开始执行
[02:09:50.425]     - 执行模块: wifi_check
[02:09:52.457] [PASS] wifi_check (2023ms) - 已联网，IP=192.168.1.101（跳过 wifi scan/join）
[02:09:52.457] <<< 模块 [wifi_check] 结束，耗时 2.0s（结果 PASS）
[02:09:52.457] >>> 模块 [wifi_scan] 开始执行
[02:09:52.457]     - 执行模块: wifi_scan
[02:09:52.457] [SKIP] wifi_scan (0ms) - WiFi 已连接（IP=192.168.1.101），跳过扫描测试
[02:09:52.457] <<< 模块 [wifi_scan] 结束，耗时 0.0s（结果 SKIP）
[02:09:52.457] >>> 模块 [wifi_join] 开始执行
[02:09:52.457]     - 执行模块: wifi_join
[02:09:52.457] [SKIP] wifi_join (0ms) - WiFi 已连接 (SW-test-2.4G/192.168.1.101)，跳过 join 测试
[02:09:52.457] <<< 模块 [wifi_join] 结束，耗时 0.0s（结果 SKIP）
[02:09:52.457] >>> 模块 [emmc] 开始执行
[02:09:52.457]     - 执行模块: emmc
[02:09:54.459] [PASS] emmc (2001ms) - 已进入 /emmc（自动挂载）
[02:09:54.459] <<< 模块 [emmc] 结束，耗时 2.0s（结果 PASS）
[02:09:54.459] >>> 模块 [ftp] 开始执行
[02:09:54.459]     - 执行模块: ftp
[02:10:00.583] [DEBUG] FTP 已连接 192.168.1.101:21 (尝试 1)
[02:10:00.798] [PASS] ftp (6338ms) - FTP 已连接 192.168.1.101，/emmc 列出 4 项
[02:10:00.798] <<< 模块 [ftp] 结束，耗时 6.3s（结果 PASS）
[02:10:00.798] >>> 模块 [photo] 开始执行
[02:10:00.798]     - 执行模块: photo
[02:10:00.930] [DEBUG] FTP 已连接 192.168.1.101:21 (尝试 1)
[02:10:00.930] [DEBUG] FTP 已重新连接
[02:10:00.931]   拍照测试: 模式 auto
[02:10:07.461] [DEBUG] FTP 已连接 192.168.1.101:21 (尝试 1)
[02:10:07.461] [DEBUG] FTP 已重新连接
[02:10:09.836] [DEBUG] FTP 已连接 192.168.1.101:21 (尝试 1)
[02:10:12.171] [PASS] photo[auto] (11240ms) - JPEG OK 1462KB | 拍照成功，保存到 /emmc/PIC/20260101_000043_3001 | 已下载到 logs/20260820_020921/photos/auto_20260101_000043_3001_Image_20260101_000043_3001_0.jpg
[02:10:12.171] <<< 模块 [photo] 结束，耗时 11.4s（结果 PASS）
[02:10:12.171] >>> 模块 [video] 开始执行
[02:10:12.171]     - 执行模块: video
[02:10:12.286] [DEBUG] FTP 已连接 192.168.1.101:21 (尝试 1)
[02:10:12.286] [DEBUG] FTP 已重新连接
[02:10:12.286]   录像测试: 1080p / 180s
[02:10:14.757] [INFO] 拍摄开始（1080p / 180s）...
[02:13:15.216] [INFO] 拍摄结束，耗时 180.5s
[02:13:15.321] [DEBUG] FTP 已连接 192.168.1.101:21 (尝试 1)
[02:13:15.321] [DEBUG] FTP 已重新连接
[02:13:17.420] [PASS] video (185134ms) - 录像成功，文件 /emmc/VIDEO/20260101_000054_4197/Video_4197_0.h（大小校验跳过）
[02:13:17.420] <<< 模块 [video] 结束，耗时 185.2s（结果 PASS）
[02:13:17.429] >>> 模块 [rtmp] 开始执行
[02:13:17.430] [INFO] 自动检测到 PC IP: 192.168.1.89
[02:13:17.430]     - 执行模块: rtmp
[02:13:17.430] [INFO] 检查 RTMP 服务端 (nginx-rtmp) 是否监听 :1935
[02:13:17.430] [INFO] nginx-rtmp 就绪，RTMP 监听 :1935
[02:13:17.430]   RTMP 推流测试: rtmp://192.168.1.89/live/cam / 600s
[02:13:18.001] [INFO] 推流命令已下发，等待 EVB 建连上线...
[02:13:21.009] [INFO] 已在独立终端窗口启动 ffplay 画面确认 (/usr/bin/gnome-terminal)
[02:13:21.009] [INFO] ffprobe 探测 RTMP 流: rtmp://192.168.1.89/live/cam
[02:13:27.591] [INFO] 推流保持 600s（ffplay 画面可手动关闭，不影响测试）...
[02:13:57.618] [INFO]   推流已保持 30/600s ...
[02:14:27.646] [INFO]   推流已保持 60/600s ...
[02:14:57.674] [INFO]   推流已保持 90/600s ...
[02:15:27.702] [INFO]   推流已保持 120/600s ...
[02:15:57.717] [INFO]   推流已保持 150/600s ...
[02:16:27.746] [INFO]   推流已保持 180/600s ...
[02:16:57.776] [INFO]   推流已保持 210/600s ...
[02:17:27.798] [INFO]   推流已保持 240/600s ...
[02:17:57.828] [INFO]   推流已保持 270/600s ...
[02:18:27.859] [INFO]   推流已保持 300/600s ...
[02:18:57.889] [INFO]   推流已保持 330/600s ...
[02:19:27.905] [INFO]   推流已保持 360/600s ...
[02:19:57.934] [INFO]   推流已保持 390/600s ...
[02:20:27.947] [INFO]   推流已保持 420/600s ...
[02:20:57.978] [INFO]   推流已保持 450/600s ...
[02:21:28.006] [INFO]   推流已保持 480/600s ...
[02:21:58.034] [INFO]   推流已保持 510/600s ...
[02:22:28.051] [INFO]   推流已保持 540/600s ...
[02:22:58.078] [INFO]   推流已保持 570/600s ...
[02:23:28.106] [INFO]   推流已保持 600/600s ...
[02:23:36.208] [PASS] rtmp (618777ms) - 推流验证通过: h264 1296x2304 (ffprobe 实时探测)
[02:23:36.208] <<< 模块 [rtmp] 结束，耗时 618.8s（结果 PASS）
[02:23:36.230] ==================================================
[02:23:36.230] 测试完成：共 8 项 | 通过 6 | 失败 0 | 跳过 2 | 错误 0 | 通过率 75.0% | 总耗时 825.5s
[02:23:36.230] ==================================================
[02:23:36.230] [INFO]   json 报告: reports/20260820_020921/result.json
[02:23:36.230] [INFO]   junit 报告: reports/20260820_020921/junit.xml
[02:23:36.230] [INFO]   html 报告: reports/20260820_020921/report.html
[02:23:58.244] [INFO] 已记录本次测试问题到: logs/problem/20260820_020921.log
[02:23:59.577] [DEBUG] 串口已关闭
