[22:57:44.390] [INFO] VX100 EVB 自动化测试启动，运行时间戳: 20260812_225744
[22:57:44.390] [INFO] 启用模块: ['wifi_scan', 'wifi_join', 'emmc', 'ftp', 'photo', 'video']
[22:57:44.391] [INFO] 开始自动探测 EVB 串口，候选端口 ['/dev/ttyUSB0', '/dev/ttyUSB1', '/dev/ttyUSB2']，候选波特率 [2000000, 250000, 115200, 921600]
[22:57:44.391] [DEBUG] 探测 /dev/ttyUSB0 @ 2000000 ...
[22:57:47.284] [INFO]   命中 EVB 指纹: /dev/ttyUSB0 @ 2000000
[22:57:47.284] [DEBUG] 探测 /dev/ttyUSB1 @ 2000000 ...
[22:57:49.588] [DEBUG] 探测 /dev/ttyUSB1 @ 250000 ...
[22:57:51.892] [DEBUG] 探测 /dev/ttyUSB1 @ 115200 ...
[22:57:54.196] [DEBUG] 探测 /dev/ttyUSB1 @ 921600 ...
[22:57:56.500] [DEBUG] 探测 /dev/ttyUSB2 @ 2000000 ...
[22:57:58.804] [DEBUG] 探测 /dev/ttyUSB2 @ 250000 ...
[22:58:01.107] [DEBUG] 探测 /dev/ttyUSB2 @ 115200 ...
[22:58:03.411] [DEBUG] 探测 /dev/ttyUSB2 @ 921600 ...
[22:58:05.713] [INFO] 探测到 EVB: /dev/ttyUSB0 @ 2000000
[22:58:05.715] [INFO] 串口已打开: /dev/ttyUSB0 @ 2000000 bps
[22:58:06.277] [INFO] EVB 已就绪
[22:58:06.326] [DEBUG] 串口自检通过
[22:58:06.326] [INFO] 预清理板子状态...
[22:58:08.451] [INFO] 本次执行模块顺序: ['wifi_scan', 'wifi_join', 'emmc', 'ftp', 'photo', 'video']
[22:58:08.451] >>> 执行模块: wifi_scan
[22:58:10.596] [PASS] wifi_scan (2144ms) - 扫描到 11 个 AP（其中 1 个 RSSI<-70 信号弱）
[22:58:10.596] >>> 执行模块: wifi_join
[22:58:19.275] [PASS] wifi_join (8678ms) - 已连接 G-Demo，IP=10.1.90.71
[22:58:19.275] >>> 执行模块: emmc
[22:58:19.418] [PASS] emmc (142ms) - 已进入 /emmc（自动挂载）
[22:58:19.418] >>> 执行模块: ftp
[22:58:19.730] [DEBUG] FTP 已连接 10.1.90.71:21 (尝试 1)
[22:58:20.256] [PASS] ftp (837ms) - FTP 已连接 10.1.90.71，/emmc 列出 3 项
[22:58:20.256] >>> 执行模块: photo
[22:58:20.572]   拍照测试: 模式 auto
[22:58:23.407] [DEBUG] 强制重连 FTP
[22:58:25.050] [DEBUG] FTP 已连接 10.1.90.71:21 (尝试 1)
[22:58:25.050] [INFO] FTP 已恢复
[22:58:28.360] [PASS] photo[auto] (7788ms) - JPEG OK 684KB | 拍照成功，保存到 /emmc/PIC/20260813_015821_4186
[22:58:28.360] >>> 执行模块: video
[22:58:28.667]   录像测试: 1080p / 5s
[22:58:34.513] [DEBUG] 强制重连 FTP
[22:58:36.877] [DEBUG] FTP 已连接 10.1.90.71:21 (尝试 1)
[22:58:36.877] [INFO] FTP 已恢复
[22:58:37.248] [PASS] video (8580ms) - 录像成功，文件 /emmc/VIDEO/20260813_015828_1013/Video_1013_0.h265，9991KB
[22:58:37.289] ==================================================
[22:58:37.289] 测试完成：共 6 项 | 通过 6 | 失败 0 | 跳过 0 | 错误 0 | 通过率 100.0% | 总耗时 28.2s
[22:58:37.289] ==================================================
[22:58:37.289] [INFO]   json 报告: reports/20260812_225744/result.json
[22:58:37.289] [INFO]   junit 报告: reports/20260812_225744/junit.xml
[22:58:37.289] [INFO]   html 报告: reports/20260812_225744/report.html
[22:58:37.450] [DEBUG] 串口已关闭
