[23:16:11.590] TX> 
[23:16:12.591] TX> 
[23:16:13.590] RX< 
[23:16:13.590] RX< msh />
[23:16:13.590] RX< msh />
[23:16:13.803] TX> echo "EVBTEST_HELLO"
[23:16:13.803] TX> echo "__EVBTEST_END_29659608__"
[23:16:15.591] RX< echo "EVBTEST_HELLO"
[23:16:15.591] RX< EVBTEST_HELLO
[23:16:15.591] RX< msh />echo "__EVBTEST_END_29659608__"
[23:16:15.591] RX< __EVBTEST_END_29659608__
[23:16:15.591] RX< msh />
[23:16:15.795] TX> cd /
[23:16:15.795] TX> echo "__EVBTEST_END_13e50613__"
[23:16:17.594] RX< cd /
[23:16:17.594] RX< msh />echo "__EVBTEST_END_13e50613__"
[23:16:17.594] RX< __EVBTEST_END_13e50613__
[23:16:17.594] RX< msh />
[23:16:17.797] TX> dfs_video_stop
[23:16:17.797] TX> echo "__EVBTEST_END_8029a788__"
[23:16:19.596] RX< dfs_video_stop
[23:16:19.596] RX< [6] [App Dfs] Please start recording the video first.
[23:16:19.596] RX< msh />echo "__EVBTEST_END_8029a788__"
[23:16:19.596] RX< __EVBTEST_END_8029a788__
[23:16:19.596] RX< msh />
[23:16:25.299] TX> wifi join SW-test-2.4G tuf@3600
[23:16:25.299] TX> echo "__EVBTEST_END_b9fd7bf3__"
[23:16:25.602] RX< wifi join SW-test-2.4G tuf@3600
[23:16:31.609] RX< [32m[I/WLAN.mgnt] wifi connect success ssid:SW-test-2.4G[0m
[23:16:31.609] RX< msh />echo "__EVBTEST_END_b9fd7bf3__"
[23:16:31.609] RX< __EVBTEST_END_b9fd7bf3__
[23:16:31.609] RX< msh />
[23:16:33.610] RX< [32m[I/WLAN.lwip] Got IP address : 192.168.1.101[0m
[23:16:38.621] RX< ifconfig
[23:16:38.621] RX< network interface device: w0 (Default)
[23:16:38.621] RX< MTU: 1500
[23:16:38.621] RX< MAC: 8c ea 12 ba a8 2c 
[23:16:38.621] RX< FLAGS: UP LINK_UP INTERNET_DOWN DHCP_ENABLE ETHARP BROADCAST IGMP
[23:16:38.621] RX< ip address: 192.168.1.101
[23:16:38.621] RX< gw address: 192.168.1.3
[23:16:38.621] RX< net mask  : 255.255.255.0
[23:16:38.621] RX< dns server #0: 192.168.1.3
[23:16:38.636] RX< dns server #1: 0.0.0.0
[23:16:38.636] RX< 
[23:16:38.636] RX< network interface device: w1
[23:16:38.636] RX< MTU: 1500
[23:16:38.636] RX< MAC: 8e ea 12 ba a8 2c 
[23:16:38.636] RX< FLAGS: UP LINK_DOWN INTERNET_DOWN DHCP_ENABLE ETHARP BROADCAST IGMP
[23:16:38.636] RX< ip address: 0.0.0.0
[23:16:38.636] RX< gw address: 0.0.0.0
[23:16:38.636] RX< net mask  : 0.0.0.0
[23:16:38.636] RX< dns server #0: 192.168.1.3
[23:16:38.636] RX< dns serv
[23:16:38.819] TX> ifconfig
[23:16:38.819] TX> echo "__EVBTEST_END_c495ed3f__"
[23:16:40.638] RX< er #1: 0.0.0.0
[23:16:40.638] RX< msh />echo "__EVBTEST_END_c495ed3f__"
[23:16:40.638] RX< __EVBTEST_END_c495ed3f__
[23:16:40.638] RX< msh />
[23:16:40.843] TX> cd /emmc
[23:16:40.843] TX> echo "__EVBTEST_END_a43d6b49__"
[23:16:42.641] RX< cd /emmc
[23:16:42.641] RX< msh /emmc>echo "__EVBTEST_END_a43d6b49__"
[23:16:42.641] RX< __EVBTEST_END_a43d6b49__
[23:16:42.641] RX< msh /emmc>
[23:16:42.844] TX> ftp_server
[23:16:42.844] TX> echo "__EVBTEST_END_37ec6fb1__"
[23:16:44.642] RX< ftp_server
[23:16:44.642] RX< 
[23:16:44.642] RX< [FTP] Ftp server init success!!!
[23:16:44.642] RX< msh /emmc>echo "__EVBTEST_END_37ec6fb1__"
[23:16:44.642] RX< __EVBTEST_END_37ec6fb1__
[23:16:44.642] RX< msh /emmc>
[23:16:48.645] RX< [32m[I/ftp] service launched success.[0m
[23:16:49.296] TX> cam_set photo auto
[23:16:49.296] TX> echo "__EVBTEST_END_83b3bda9__"
[23:16:50.647] RX< cam_set photo auto
[23:16:50.647] RX< [6] [App Dfs] auto mode
[23:16:50.647] RX< msh /emmc>echo "__EVBTEST_END_83b3bda9__"
[23:16:50.647] RX< __EVBTEST_END_83b3bda9__
[23:16:50.647] RX< msh /emmc>
[23:16:51.663] RX< dfs_capture_start
[23:16:51.663] RX< [7] [cam] [42644][tshell][cgm_parse_bin:104]total logical camera num: 1
[23:16:51.663] RX< [6] [cam] [42644][tshell][cam_prelude_create:187]E id, 0
[23:16:51.663] RX< [7] [cam] [42644][cpl0][cam_prelude_proc_routine:101]thread start
[23:16:51.663] RX< [6] [cam] [42644][tshell][cam_prelude_crea
[23:16:51.665] RX< te:214]X ctx size 132 addr 0x884b96f0
[23:16:51.665] RX< [6] [cam] [42649][tshell][sensor_probe:418]sensor [1]: identifing 0 success.
[23:16:51.665] RX< [6] [cam] [42649][tshell][sensor_probe:441]sensor [1]: probe exit!
[23:16:51.665] RX< [6] [cam] [42650][tshell][cam_prelude_fast_probe:251]cam: 0 probe result
[23:16:51.665] RX< : 0
[23:16:51.665] RX< [6] [cam] [42650][tshell][cgm_parse_bin:218]cam(0) probe success
[23:16:51.665] RX< [6] [cam] [42650][tshell][cam_entry:455]entry ok
[23:16:51.665] RX< [34m[cam entry] perf=7170(us)!
[23:16:51.665] RX< [0m[6] [App Cam] cam entry success
[23:16:51.665] RX< [7] [cam] [42651][tshell][cam_solve_layout:350][mLayout] param OK, s
[23:16:51.668] RX< cen1 iw4032 ih3024 ow4032 oh3024 gdc 0x0
[23:16:51.668] RX< [36m[mLayout] scen01 in=4032x3024,out=3024x4032 meRot1 stripe1 gdcOn0
[23:16:51.668] RX< [0m[36m[mLayout] scen00 20entries solved status=OK retry=0 rtmp=enabled (cursor0=0x8a02d090 cursor1=0x89417400, ch0/1/2 cnt=7/2/1)
[23:16:51.668] RX< [0m[7] [
[23:16:51.668] RX< cam] [42653][tshell][cam_solve_layout:377]
[23:16:51.668] RX< [mLayout] out vol 0x8c000000 rBuf 0x8ab00000 sz 0x1500000 wBuf 0x8a03da80 sz 0x100000
[23:16:51.668] RX< [7] [cam] [42653][tshell][cam_solve_layout:394]Solve scen1 capType4 layout Done!
[23:16:51.668] RX< [6] [cam] [42654][tshell][cgm_parse_media_par
[23:16:51.671] RX< a:274]phy cam num: 1
[23:16:51.671] RX< [7] [cam] [42654][cer0][cer_recovery_proc:343]thread start cid, 0
[23:16:51.671] RX< [6] [cam] [42655][tshell][csc_open:499]SENSOR MCLK cal: 24MHz
[23:16:51.671] RX< [6] [cam] [42655][tshell][csc_isp_clk_cal:344]MIPI CLK cal: 346MHz
[23:16:51.671] RX< [6] [cam] [42655][tshell][csc_isp_clk_
[23:16:51.671] RX< cal:374]LITE CLK cal: 28MHz
[23:16:51.671] RX< [7] [cam] [42656][tshell][cpc_csi_rx_power_on:633]E id: 2
[23:16:51.671] RX< [4] [cam] [42656][tshell][cpc_csi_rx_power_on:644]csi_2 has already power on, STATUS: 1
[23:16:51.671] RX< [6] [cam] [42656][tshell][cpc_update_clock:603]actual SNS mclk: 24MHz
[23:16:51.671] RX< [6] [cam] 
[23:16:51.677] RX< [42657][tshell][cpc_update_clock:608]actual MIPI0: 500MHz
[23:16:51.677] RX< [6] [cam] [42657][tshell][cpc_update_clock:598]actual LITE clk: 50MHz
[23:16:51.677] RX< [7] [cam] [42658][tshell][cam_prelude_open:297][34msnsOpen camID1 csiID0 phyIdx0[0m
[23:16:51.677] RX< [6] [cam] [42662][tshell][sensor_expo_gai
[23:16:51.677] RX< n_match:48]sensor get sensor expo gain of imx681_vst
[23:16:51.677] RX< [6] [cam] [42662][tshell][sensor_open:684]sensor [1] open OK.
[23:16:51.677] RX< [6] [cam] [42662][tshell][cam_cpm_parse_media:275]photo scenario, media para[mfnr:0, hdr:0, capture_num:0]
[23:16:51.677] RX< [6] [cam] [42662][tshell][cam_cpm
[23:16:51.679] RX< _parse_media:278]photo scenario, media para[iso:0, gain:0, wb_mode:0]
[23:16:51.679] RX< [6] [cam] [42663][tshell][csc_isp_clk_cal:355]FE CLK cal: 426MHz, ME CLK cal: 462MHz, FE/ME CLK cal: 508MHz
[23:16:51.679] RX< [6] [cam] [42664][tshell][csc_isp_clk_cal:364]BE CLK cal: 401MHz
[23:16:51.679] RX< [4] [cam] [
[23:16:51.680] RX< 42664][tshell][cam_fe_core_power_on:269]fe pipe has already power on, STATUS: 1
[23:16:51.680] RX< [6] [cam] [42665][tshell][cpc_update_clock:588]actual FE/ME clk: 550MHz
[23:16:51.680] RX< [4] [cam] [42665][tshell][cam_be_core_power_on:1028]be pipe has already power on, STATUS: 1
[23:16:51.680] RX< [6] [cam] [
[23:16:51.683] RX< 42665][tshell][cpc_update_clock:593]actual BE clk: 500MHz
[23:16:51.683] RX< [7] [cam] [42666][tshell][cam_cpm_core_power_on:435]id,0 type,1 ret 0
[23:16:51.683] RX< [6] [cam] [42666][tshell][cam_cpm_core_init:1017]E id,0 sensor type,1
[23:16:51.683] RX< [6] [cam] [42668][tshell][cpm_core_check_tuningbin:957]T
[23:16:51.683] RX< uning bin crc check PASS! sum 0xfa5abf97, xor 0x6a6c89c1
[23:16:51.683] RX< [6] [cam] [42668][tshell][qpc_tuning_check_iqbin_validness:396]IQ bin addr: 0x8869de60, project_name: capture_12M
[23:16:51.683] RX< [6] [cam] [42669][tshell][qpc_tuning_check_iqbin_validness:397]total_size: 108928
[23:16:51.683] RX< [6
[23:16:51.685] RX< ] [cam] [42669][tshell][qpc_tuning_check_iqbin_validness:398]id_count: 93. ID_TOTAL: 94
[23:16:51.685] RX< [6] [cam] [42670][tshell][qpc_tuning_check_iqbin_validness:399]spinel tuning data ver: V1.30
[23:16:51.685] RX< [6] [cam] [42670][tshell][cpm_core_check_tuningbin:971]IQ bin check succes
[23:16:51.686] RX< s!
[23:16:51.686] RX< [6] [cam] [42671][tshell][cam_bm_core_init:94]E
[23:16:51.686] RX< [6] [cam] [42671][tshell][bm_lab_init:174]X ctx size 4 addr 0x884b9958
[23:16:51.686] RX< [6] [cam] [42671][tshell][cam_bm_core_init:114]X ctx size 180 addr 0x884db8f0
[23:16:51.686] RX< [6] [cam] [42672][tshell][qpc_core_init:1299]E id,0
[23:16:51.686] RX< [
[23:16:51.692] RX< 6] [cam] [42672][tshell][qpc_queue_init:65]QPC init qnodes 8, size 508, pool 0x884dbf08
[23:16:51.692] RX< [6] [cam] [42672][tshell][_qpc_get_cap_cfg_para:900]preset capCfg 200 3 5
[23:16:51.692] RX< [7] [cam] [42673][tshell][_qpc_cfg_hdr_frms:848]hdr preset - gainThres 1600
[23:16:51.692] RX< FrmNB:	TNR	|EV-	|
[23:16:51.692] RX< EV0	|EV+
[23:16:51.692] RX< LDR:	 0	| 1	| -	| 5
[23:16:51.692] RX< LLLDR:	 0	| 1	| -	| 5
[23:16:51.692] RX< HDR:	 0	| 1	| 5	| 3
[23:16:51.692] RX< LLHDR:	 0	| 1	| 5	| 3
[23:16:51.692] RX< 
[23:16:51.692] RX< [6] [cam] [42679][tshell][qpc_core_init:1347]X ctx size 1288 addr 0x884db9b8
[23:16:51.692] RX< [6] [cam] [42679][tshell][cpm_core_get_param:764]cpm para chk: tunBin-w 4000 h 3000 i
[23:16:51.697] RX< mg-w 4032 h 3024
[23:16:51.697] RX< [6] [cam] [42679][tshell][cam_fe_core_init:436]E id,0
[23:16:51.697] RX< [6] [cam] [42680][tshell][cam_fe_core_init:490]X ctx size 96 addr 0x884ecc48
[23:16:51.697] RX< [7] [cam] [42680][tshell][qpc_core_fe_chords_init:1763][34mqpc fe init snsOut w 4032 h 3024, tbl w 28 h 2
[23:16:51.697] RX< 0[0m
[23:16:51.697] RX< [6] [cam] [42680][tshell][cam_me_core_init:1523]X ctx size 1352 addr 0x884eeff8
[23:16:51.697] RX< [34m[ME SLICE CFG] perf=1431(us)!
[23:16:51.697] RX< [0m[6] [cam] [42683][tshell][cam_bayer_fe_3a_stats_core_init:445]fe 3a id,0
[23:16:51.697] RX< [6] [cam] [42684][tshell][cam_bayer_fe_3a_stats_core_ini
[23:16:51.700] RX< t:490]X ctx size 132 addr 0x884f7a18
[23:16:51.700] RX< [6] [cam] [42684][tshell][cam_be_core_init:621]E id,0
[23:16:51.700] RX< [7] [cam] [42684][be0][be_core_irq_proc:270]thread start cid,0
[23:16:51.700] RX< [6] [cam] [42684][tshell][cam_be_core_init:716]X ctx size 472 addr 0x884f7da8
[23:16:51.700] RX< [6] [cam] [42685][tshe
[23:16:51.700] RX< ll][cam_lite_core_init:433]E id,0
[23:16:51.700] RX< [7] [cam] [42685][lite0][lite_core_irq_proc:152]thread start cid,0
[23:16:51.700] RX< [6] [cam] [42686][tshell][cam_lite_core_init:497]X ctx size 164 addr 0x884fa7f8
[23:16:51.700] RX< [6] [cam] [42686][tshell][awb_wrapper_init:66]xxx awb_bin=0x884de5f4, awb_
[23:16:51.704] RX< bin_length=8068
[23:16:51.704] RX< [6] [cam] [42687][tshell][awb_wrapper_init:86]X algo_handle 0x88502840
[23:16:51.704] RX< [7] [cam] [42687][awb0][a5_core_wrapper_task:252]thread start cid,0 algo type,2
[23:16:51.704] RX< [6] [cam] [42688][tshell][a5_core_init_task:426]thread created: awb0 mq=0x88504900 thre
[23:16:51.704] RX< ad=0x88504a18 sem=0x88504890 ret=0
[23:16:51.704] RX< [6] [cam] [42688][tshell][bayer_ae_wrapper_init:68]E id,0 proc mode 1 
[23:16:51.704] RX< 
[23:16:51.704] RX< [AEC Proc] @[allib_ae_set_debug_log_flag] Line:129:[DEBUG] debug level/to_file/to_terminal: 22/1/1
[23:16:51.704] RX< [AEC Proc] @[AeInit] Line:377:[INFO] AE ver: 2026
[23:16:51.707] RX< _V2.269
[23:16:51.707] RX< 
[23:16:51.707] RX< [AEC Proc] @[allib_ae_loadfunc] Line:193:[INFO] camera ID: 0
[23:16:51.707] RX< [AEC Proc] @[AeInit] Line:404:[DEBUG] init imu detector sucessed!
[23:16:51.707] RX< [AEC Proc] @[AeInit] Line:406:[DEBUG] imu init errcode:0
[23:16:51.707] RX< [AEC Proc] @[alAE_set_param] Line:576:[DEBUG] sw_maxtime 3304
[23:16:51.707] RX< 4 ,pertline 9444, after check sensor step sw_max_time 33039.00
[23:16:51.707] RX< [AEC Proc] @[alAE_set_param] Line:581:[DEBUG] sw_mintime 37 ,pertline 9444, after check sensor step sw_min_time 36.00
[23:16:51.707] RX< [AEC Proc] @[alAE_set_param] Line:514:[DEBUG] DEBUG minbv exptime 9 gain 1
[23:16:51.710] RX< 00, minExpBV 14098
[23:16:51.710] RX< [AEC Proc] @[AeTuningParseSet] Line:167:[DEBUG] aeparam version 2.268 60818
[23:16:51.710] RX< [AEC Proc] @[alAE_set_param] Line:341:[DEBUG] INITEXP gain 100, shutter 8000, midtonegain 100, bv 4303
[23:16:51.710] RX< [6] [cam] [42695][tshell][bayer_ae_wrapper_init:119]X tl
[23:16:51.710] RX< ine 9444 max_exp 33044 alg_hdl 0x885071c8 
[23:16:51.710] RX< [7] [cam] [42695][b_ae0][a5_core_wrapper_task:252]thread start cid,0 algo type,0
[23:16:51.710] RX< [6] [cam] [42696][tshell][a5_core_init_task:426]thread created: b_ae0 mq=0x8850e0e8 thread=0x8850e200 sem=0x8850e078 ret=0
[23:16:51.710] RX< [6] [cam
[23:16:51.713] RX< ] [42696][tshell][atf_wrapper_init:67]E id,0
[23:16:51.713] RX< [6] [cam] [42697][tshell][atf_wrapper_init:107]X alg_ctx addr 0x885106c0
[23:16:51.713] RX< [7] [cam] [42697][atf0][a5_core_wrapper_task:252]thread start cid,0 algo type,1
[23:16:51.713] RX< [6] [cam] [42698][tshell][a5_core_init_task:426]thread c
[23:16:51.713] RX< reated: atf0 mq=0x88512a18 thread=0x88512b30 sem=0x885129a8 ret=0
[23:16:51.713] RX< [6] [cam] [42698][tshell][cam_cpm_core_init:1149]X ctx size 1096 addr 0x884db498
[23:16:51.713] RX< [6] [cam] [42699][tshell][csc_open:599]ok! phys_id[1], phys_num[1] 
[23:16:51.713] RX< [6] [cam] [42699][tshell][cam_open:738]o
[23:16:51.720] RX< pen ok! camera_id[0]
[23:16:51.720] RX< [34m[cam open] perf=48913(us)!
[23:16:51.720] RX< [0m[6] [App Cam] cam open success
[23:16:51.720] RX< [6] [cam] [42706][tshell][csc_init:722]sensor info:size:4032x3024, formt: 0x2b, bps: 2496, tline: 9444
[23:16:51.720] RX< [6] [cam] [42706][tshell][cam_sif_mgr_init:261]E id,0
[23:16:51.720] RX< [7] [cam
[23:16:51.720] RX< ] [42706][sif0][sif_irq_proc:151]thread start cid,0
[23:16:51.720] RX< [6] [cam] [42706][tshell][cam_sif_mgr_init:293]X ctx size 52 addr 0x8852bc38
[23:16:51.720] RX< [7] [cam] [42707][tshell][sif_btm_paramSet:102]btm lite w4032 h3024 binEn1 binRatio2
[23:16:51.720] RX< [7] [cam] [42707][tshell][sif_btm_paramSe
[23:16:51.726] RX< t:106]cropSlct2 x0 y0 w4032 h4032
[23:16:51.726] RX< [6] [cam] [42708][tshell][cam_prelude_init_cfg:368]CSI ID is 0,  phy lanes is 2.
[23:16:51.726] RX< [7] [cam] [42708][tshell][check_phy_ready:96]MIPI_PHY[0] is ready
[23:16:51.726] RX< [6] [cam] [42709][tshell][sensor_init:348]sensor [1]: register ok
[23:16:51.726] RX< [6] [ca
[23:16:51.732] RX< m] [42709][tshell][sensor_set_mode:887]sensor [1]: SetMode -> mode = 0.
[23:16:51.732] RX< [6] [cam] [42710][tshell][sensor_send_reg_tab_to_sensor:705]sensor [1]: send_reg_tab_to_sensor E.
[23:16:51.732] RX< [6] [cam] [42713][tshell][sensor_send_reg_tab_to_sensor:751]sensor [1]: reg_count = 7
[23:16:51.732] RX< 7.
[23:16:51.732] RX< [6] [cam] [42713][tshell][sensor_init:361]sensor [1]: init success.
[23:16:51.732] RX< [6] [cam] [42713][tshell][sensor_set_mode:887]sensor [1]: SetMode -> mode = 1.
[23:16:51.732] RX< [6] [cam] [42714][tshell][sensor_send_reg_tab_to_sensor:705]sensor [1]: send_reg_tab_to_sensor E.
[23:16:51.732] RX< [6] [ca
[23:16:51.734] RX< m] [42718][tshell][sensor_send_reg_tab_to_sensor:751]sensor [1]: reg_count = 84.
[23:16:51.734] RX< [6] [cam] [42718][tshell][csc_init:731]ok! phys_id[1], phys_num[1]
[23:16:51.734] RX< [6] [cam] [42719][tshell][csc_get_bayer_single_buffer:1148]scenario_type: 1
[23:16:51.734] RX< [6] [cam] [42719][tshell][csc_s
[23:16:51.735] RX< et_stats_fmt:98]index 0 w 1 h 1 bw 8 wcmp 255
[23:16:51.735] RX< [7] [cam] [42720][tshell][bm_ioctl:201]BMIOC_STATS_FMT
[23:16:51.735] RX< [6] [cam] [42720][tshell][csc_set_fe_fmt:47]index 1 w 4032 h 3024 bw 10 wcmp 0
[23:16:51.735] RX< [7] [cam] [42720][tshell][bm_ioctl:201]BMIOC_FE_FMT
[23:16:51.735] RX< [6] [cam] [42721][tshe
[23:16:51.737] RX< ll][csc_set_lite_fmt:115]index 2 w 1008 h 720 bw 8 wcmp 255
[23:16:51.737] RX< [7] [cam] [42721][tshell][bm_ioctl:201]BMIOC_LITE_FMT
[23:16:51.737] RX< [6] [cam] [42721][tshell][csc_set_lite_fmt:115]index 21 w 1008 h 720 bw 8 wcmp 255
[23:16:51.737] RX< [7] [cam] [42722][tshell][bm_ioctl:201]BMIOC_LITE_FMT
[23:16:51.737] RX< [6]
[23:16:51.737] RX<  [cam] [42722][tshell][csc_set_be_fmt:81]index 25 w 0 h 0 bw 8 wcmp 255
[23:16:51.737] RX< [7] [cam] [42723][tshell][bm_ioctl:201]BMIOC_BE_FMT
[23:16:51.737] RX< [6] [cam] [42723][tshell][csc_set_be_fmt:81]index 22 w 480 h 360 bw 8 wcmp 255
[23:16:51.737] RX< [7] [cam] [42723][tshell][bm_ioctl:201]BMIOC_BE_FMT
[23:16:51.740] RX< 
[23:16:51.740] RX< [6] [cam] [42724][tshell][csc_set_me_fmt:64]index 5 w 3024 h 4032 bw 10 wcmp 0, rdma_addr 0x8945f400, wdma_addr 0x8945f400
[23:16:51.740] RX< [7] [cam] [42724][tshell][bm_ioctl:201]BMIOC_ME_FMT
[23:16:51.740] RX< [6] [cam] [42724][tshell][csc_set_me_fmt:64]index 6 w 3024 h 4032 bw 8 wcmp 255
[23:16:51.740] RX< , rdma_addr 0x8a247700, wdma_addr 0x8c000000
[23:16:51.740] RX< [6] [cam] [42725][tshell][cam_me_core_buffer_cfg:1416]
[23:16:51.740] RX< ----ME PIPE INFO---
[23:16:51.740] RX<  wdma_buf_num:1, rotation_en: 1
[23:16:51.740] RX< [7] [cam] [42725][tshell][cam_me_core_buffer_cfg:1424]yuv wdma_addr 0:0x8c000000, meta_en: 0, 0x0000000
[23:16:51.742] RX< 0
[23:16:51.742] RX< [7] [cam] [42726][tshell][bm_ioctl:201]BMIOC_ME_FMT
[23:16:51.742] RX< [6] [cam] [42727][tshell][csc_init:739]get otp ok! phys_id[1], phys_num[1]
[23:16:51.742] RX< [6] [cam] [42727][tshell][cam_init:828]init ok! logic_id[0]
[23:16:51.742] RX< [34m[cam init] perf=21807(us)!
[23:16:51.742] RX< [0m[6] [App Cam] cam init succe
[23:16:51.743] RX< ss
[23:16:51.743] RX< [7] [cam] [42728][tshell][cam_cpm_core_stream_on:560]id 0 sensor type 1
[23:16:51.743] RX< [6] [cam] [42728][tshell][sensor_stream_on:1024]sensor [1]: stream_on
[23:16:51.743] RX< [6] [cam] [42729][tshell][sensor_stream_on:1052]sensor [1]: REG: 0x100, W:0x1.
[23:16:51.743] RX< [6] [cam] [42729][tshell][sens
[23:16:51.761] RX< or_stream_on:1054]sensor [1]: REG: 0x100, R:0x1.
[23:16:51.761] RX< [6] [cam] [42729][tshell][csc_prv_start:873]ok! phys_id[1], phys_num[1], cam_ids[1]
[23:16:51.761] RX< [6] [cam] [42730][tshell][cam_start:938]preview start ok! logic_id[0]
[23:16:51.761] RX< [34m[cam start] perf=2326(us)!
[23:16:51.761] RX< [0m[6] [App Cam] c
[23:16:51.761] RX< am start success
[23:16:51.761] RX< [6] [App Dfs] Gravity_XR Capture Start
[23:16:51.761] RX< msh /emmc>echo "__EVBTES[7] [cam] [42731][b_3a_sts][bayer_stats_core_irq_proc:164]thread start cid,0
[23:16:51.761] RX< [7] [cam] [42731][fe0][fe_core_irq_proc:98]thread start cid,0
[23:16:51.761] RX< T_END_29770269__"
[23:16:51.761] RX< __EVBTEST_END_2977
[23:16:51.851] TX> dfs_capture_start
[23:16:51.851] TX> echo "__EVBTEST_END_29770269__"
[23:16:52.249] RX< 0269__
[23:16:52.249] RX< msh /emmc>[34m[AE] fid=0,exp=11439,adg=400,Y=1160,mtg=100,shg=100,bgbv=1856,iso=400,cnv0,hdr0
[23:16:52.249] RX< [0m[34m[b_ae0 proc] perf=2733(us), max=2733(us)!
[23:16:52.249] RX< [0m[34m[awb0 proc] perf=1300(us), max=1300(us)!
[23:16:52.249] RX< [0m[34m[AE conv] fid=14,exp=13977,adg=400,Y=5825,m
[23:16:52.268] RX< tg=516,shg=100,bgbv=1567,iso=400,cnv1,hdr1
[23:16:52.268] RX< [0m[7] [cam] [43236][fe0][_qpc_hdr_rslt_chk:1668]
[23:16:52.268] RX< ALG: EV0 t13977 g400 | EV+ t13977 g400 | EV- t10404 g100
[23:16:52.268] RX< [6] [cam] [43237][fe0][qpc_core_hdr_mapExp_cfg:1736]evMapExp set OK, typ:2 1 FF num:5 1 0
[23:16:52.268] RX< [34m[cap] FE
[23:16:52.348] RX<  sync ME @fid14 as mod2 cfg0x01, cap 6frms @fid+2
[23:16:52.348] RX< [0m[7] [cam] [43239][qpc0][qpc_core_hdr_upd_sensor:559][HDRupd]: Sns cap-0 EV:0->2 st-13977 ag-400
[23:16:52.348] RX< [7] [cam] [43286][qpc0][qpc_core_hdr_upd_me:613][HDRupd] ME cap-0 EV:0->2, dg-100
[23:16:52.348] RX< [7] [JPEG] frame num=6,
[23:16:52.364] RX<  pre frame=1106830 Bytes
[23:16:52.364] RX< [exif] oFrm 0 evP 0 evM -236 bv 1562 exp 13977 iso 400 time 43292
[23:16:52.364] RX< [6] [cam] [43306][fe0][_cpm_cb_jpegInfo_proc:618]SnapStream E @ frm17!
[23:16:52.364] RX< [6] [cam] [43319][me0][cpm_cb_fe2me_tikChk:152]frm_length 33329us, fe2me delta 15
[23:16:52.364] RX< [32m[BE] f
[23:16:52.505] RX< id=0, perf=5524(us), max=5524(us)!
[23:16:52.505] RX< [0m[34m[cap] fid: me0 fe18, perf=621350(us)!
[23:16:52.505] RX< [0m[7] [cam] [43352][me0][me_core_thread:359]ME out fid 0
[23:16:52.505] RX< [7] [cam] [43409][qpc0][qpc_core_hdr_upd_sensor:559][HDRupd]: Sns cap-5 EV:2->1 st-10404 ag-100
[23:16:52.505] RX< [exif] oFrm 5 evP 
[23:16:52.797] RX< 0 evM -236 bv 1562 exp 10404 iso 100 time 43462
[23:16:52.797] RX< [6] [cam] [43506][fe0][_cpm_cb_jpegInfo_proc:626]SnapStream X @ frm23!
[23:16:52.797] RX< [34m[cap] fid: me5 fe23, perf=33945(us)!
[23:16:52.797] RX< [0m[34m[AE] fid=30,exp=33039,adg=1600,Y=6406,mtg=350,shg=100,bgbv=-2960,iso=3894,cnv1,hdr1
[23:16:52.797] RX< [
[23:16:52.976] RX< 0m[6] [App Dfs] Gravity_XR Capture Stop Success: total frames = 6
[23:16:52.976] RX< [6] [cam] [43961][DfsSend][sensor_stream_off:1188]sensor [1]: stream_off
[23:16:52.976] RX< [6] [cam] [43962][DfsSend][sensor_stream_off:1217]sensor [1]: REG: 0x100, W:0x0.
[23:16:52.976] RX< [6] [cam] [43962][DfsSend][sensor_s
[23:16:52.979] RX< tream_off:1219]sensor [1]: REG: 0x100, R:0x0.
[23:16:52.979] RX< [6] [cam] [43963][DfsSend][csc_prv_stop:983]ok! phys_id[1], phys_num[1], stop_type = 0
[23:16:52.979] RX< [6] [cam] [43963][DfsSend][cam_stop:1058]preview stop ok! logic_id[0]
[23:16:52.979] RX< [34m[cam stop] perf=2369(us)!
[23:16:52.979] RX< [0m[6] [App Cam] ca
[23:16:52.980] RX< m stop success
[23:16:52.980] RX< [7] [cam] [43964][DfsSend][cam_cpm_core_power_off:467]id,0 type,1 ret 0
[23:16:52.980] RX< [6] [cam] [43964][sif0][sif_irq_proc:174]thread release cid,0
[23:16:52.980] RX< [6] [cam] [43965][DfsSend][cam_sif_mgr_deinit:316]X
[23:16:52.980] RX< [6] [cam] [43965][DfsSend][cam_deinit:887]deinit ok! 
[23:16:52.982] RX< logic_id[0]
[23:16:52.982] RX< [34m[cam deinit] perf=1397(us)!
[23:16:52.982] RX< [0m[6] [App Cam] cam deinit success
[23:16:52.982] RX< [6] [cam] [43966][DfsSend][sensor_close:1292]sensor [1]: close!
[23:16:52.982] RX< [6] [cam] [43966][DfsSend][cam_bm_core_deinit:136]X
[23:16:52.982] RX< [INFO]	cpm[0] snsType1 capMod2 cfg0x01 6frms
[23:16:52.982] RX< [6] [cam] 
[23:16:52.982] RX< [43967][be0][be_core_irq_proc:329]thread release cid,0
[23:16:52.982] RX< [6] [cam] [43967][DfsSend][cam_be_core_deinit:793]X
[23:16:52.982] RX< [6] [cam] [43967][me0][me_core_thread:404]thread release cid,0
[23:16:52.982] RX< [6] [cam] [43968][DfsSend][cam_me_core_deinit:1551]X
[23:16:52.982] RX< [6] [cam] [43968][fe0][fe_core_
[23:16:52.984] RX< irq_proc:121]thread release cid,0
[23:16:52.984] RX< [6] [cam] [43968][DfsSend][cam_fe_core_deinit:536]X
[23:16:52.984] RX< [6] [cam] [43969][b_3a_sts][bayer_stats_core_irq_proc:193]thread release cid,0
[23:16:52.984] RX< [6] [cam] [43969][DfsSend][cam_bayer_stats_core_deinit:512]X
[23:16:52.984] RX< [6] [cam] [43970][lite0][lit
[23:16:52.985] RX< e_core_irq_proc:190]thread release cid,0
[23:16:52.985] RX< [6] [cam] [43970][DfsSend][cam_lite_core_deinit:556]X
[23:16:52.985] RX< [6] [cam] [43970][b_ae0][a5_core_wrapper_task:315]thread release cid,0,algo,0
[23:16:52.985] RX< [6] [cam] [43970][DfsSend][bayer_ae_wrapper_deinit:204]X
[23:16:52.985] RX< [6] [cam] [43971][atf0][
[23:16:52.987] RX< a5_core_wrapper_task:315]thread release cid,0,algo,1
[23:16:52.987] RX< [6] [cam] [43971][DfsSend][atf_wrapper_deinit:153]X
[23:16:52.987] RX< [6] [cam] [43972][awb0][a5_core_wrapper_task:315]thread release cid,0,algo,2
[23:16:52.987] RX< [6] [cam] [43972][DfsSend][awb_wrapper_deinit:153]X
[23:16:52.987] RX< [6] [cam] [43972][Df
[23:16:52.987] RX< sSend][cam_5a_core_deinit:555]X
[23:16:52.987] RX< [6] [cam] [43973][DfsSend][cam_5a_inf_deinit:149]X
[23:16:52.987] RX< [6] [cam] [43973][qpc0][qpc_core_msg_proc:705]thread release cid,0
[23:16:52.987] RX< [6] [cam] [43973][DfsSend][qpc_core_deinit:1413]X
[23:16:52.987] RX< [6] [cam] [43974][DfsSend][cam_cpm_core_deinit:1248]X
[23:16:52.996] RX< [6] [cam] [43974][DfsSend][csc_close:656]ok! phys_id[1], phys_num[1]
[23:16:52.996] RX< [7] [cam] [43974][cer0][cer_recovery_proc:352]msg type = 254
[23:16:52.996] RX< [6] [cam] [43974][cer0][cer_recovery_proc:454]thread release cid,0
[23:16:52.996] RX< [6] [cam] [43975][DfsSend][cer_deinit:560]X
[23:16:52.996] RX< [6] [cam] [43
[23:16:52.996] RX< 975][DfsSend][cam_close:789]close ok! logic_id[0]
[23:16:52.996] RX< [34m[cam close] perf=9853(us)!
[23:16:52.996] RX< [0m[6] [App Cam] cam close success
[23:16:52.996] RX< [6] [cam] [43976][cpl0][cam_prelude_proc_routine:136]thread release
[23:16:52.996] RX< [6] [cam] [43976][DfsSend][cam_exit:571]exit ok!
[23:16:52.996] RX< [34m[cam exit] pe
[23:16:54.999] RX< rf=652(us)!
[23:16:54.999] RX< [0m[6] [App Cam] cam exit success
[23:16:54.999] RX< [6] [App Cam] jpeg deinit success
[23:16:54.999] RX< [6] [App Dfs] Save Photo Successful: /emmc/PIC/20260101_000042_2731/
[23:16:54.999] RX< [6] [App Dfs] Capture completed successfully.
[23:16:58.293] TX> cam_set video 1080p
[23:16:58.293] TX> echo "__EVBTEST_END_688f5e7d__"
[23:16:59.003] RX< cam_set video 1080p
[23:16:59.003] RX< [6] [App Dfs] w(1920) * h(1080) is 1080p, eis 1
[23:16:59.003] RX< msh /emmc>echo "__EVBTEST_END_688f5e7d__"
[23:16:59.003] RX< __EVBTEST_END_688f5e7d__
[23:16:59.003] RX< msh /emmc>
[23:16:59.134] RX< dfs_video_start
[23:16:59.134] RX< [7] [cam] [50116][tshell][cgm_parse_bin:104]total logical camera num: 1
[23:16:59.134] RX< [6] [cam] [50116][tshell][cam_prelude_create:187]E id, 0
[23:16:59.134] RX< [7] [cam] [50116][cpl0][cam_prelude_proc_routine:101]thread start
[23:16:59.134] RX< [6] [cam] [50116][tshell][cam_prelude_create
[23:16:59.134] RX< :214]X ctx size 132 addr 0x884de858
[23:16:59.134] RX< [6] [cam] [50120][tshell][sensor_probe:418]sensor [1]: identifing 0 success.
[23:16:59.134] RX< [6] [cam] [50120][tshell][sensor_probe:441]sensor [1]: probe exit!
[23:16:59.134] RX< [6] [cam] [50121][tshell][cam_prelude_fast_probe:251]cam: 0 probe result: 0
[23:16:59.137] RX< 
[23:16:59.137] RX< [6] [cam] [50121][tshell][cgm_parse_bin:218]cam(0) probe success
[23:16:59.137] RX< [6] [cam] [50121][tshell][cam_entry:455]entry ok
[23:16:59.137] RX< [34m[cam entry] perf=6283(us)!
[23:16:59.137] RX< [0m[6] [App Cam] cam entry success
[23:16:59.137] RX< [7] [cam] [50122][tshell][cam_solve_layout:350][mLayout] param OK, sce
[23:16:59.139] RX< n3 iw4032 ih2268 ow1920 oh1080 gdc 0x1
[23:16:59.139] RX< [36m[mLayout] scen03 in=4032x2268,out=1920x1080 meRot1 stripe0 gdcOn1
[23:16:59.139] RX< [0m[36m[mLayout] scen03 14entries solved status=OK retry=0 rtmp=enabled (cursor0=0x8a00f210 cursor1=0x88e20aa0, ch0/1/2 cnt=5/3/1)
[23:16:59.139] RX< [0m[7] [cam
[23:16:59.140] RX< ] [50123][tshell][cam_solve_layout:377]
[23:16:59.140] RX< [mLayout] out vol 0x8c000000 rBuf 0x8a5e5400 sz 0xd00000 wBuf 0x89700000 sz 0x900000
[23:16:59.140] RX<           rtmp tBuf 0x8a10f210 sz 0x80000 aBuf 0x8a08f210 sz 0x80000
[23:16:59.140] RX<        alg EIS buf 0x8a00f210
[23:16:59.140] RX< [7] [cam] [50125][tshell][cam
[23:16:59.142] RX< _solve_layout:397]Solve Scen3 layout Done!
[23:16:59.142] RX< [6] [cam] [50126][tshell][cgm_parse_media_para:274]phy cam num: 1
[23:16:59.142] RX< [7] [cam] [50126][cer0][cer_recovery_proc:343]thread start cid, 0
[23:16:59.142] RX< [6] [cam] [50126][tshell][csc_open:499]SENSOR MCLK cal: 24MHz
[23:16:59.142] RX< [6] [cam] [50127]
[23:16:59.142] RX< [tshell][csc_isp_clk_cal:344]MIPI CLK cal: 277MHz
[23:16:59.142] RX< [6] [cam] [50127][tshell][csc_isp_clk_cal:374]LITE CLK cal: 25MHz
[23:16:59.142] RX< [7] [cam] [50128][tshell][cpc_csi_rx_power_on:633]E id: 2
[23:16:59.142] RX< [4] [cam] [50128][tshell][cpc_csi_rx_power_on:644]csi_2 has already power on, STA
[23:16:59.148] RX< TUS: 1
[23:16:59.148] RX< [6] [cam] [50128][tshell][cpc_update_clock:603]actual SNS mclk: 24MHz
[23:16:59.148] RX< [6] [cam] [50129][tshell][cpc_update_clock:608]actual MIPI0: 300MHz
[23:16:59.148] RX< [6] [cam] [50129][tshell][cpc_update_clock:598]actual LITE clk: 25MHz
[23:16:59.148] RX< [7] [cam] [50129][tshell][cam_prelude_o
[23:16:59.148] RX< pen:297][34msnsOpen camID1 csiID0 phyIdx0[0m
[23:16:59.148] RX< [6] [cam] [50133][tshell][sensor_expo_gain_match:48]sensor get sensor expo gain of imx681_vst
[23:16:59.148] RX< [6] [cam] [50133][tshell][sensor_open:684]sensor [1] open OK.
[23:16:59.148] RX< [6] [cam] [50133][tshell][cam_cpm_parse_media:295]v
[23:16:59.150] RX< ideo scenario:3, media para[fps:0, mirror_en:0, flip_en:0]
[23:16:59.150] RX< [6] [cam] [50134][tshell][cam_cpm_parse_media:298]video scenario, media para[iso:0, gain:0, wb_mode:0]
[23:16:59.150] RX< [6] [cam] [50135][tshell][csc_isp_clk_cal:355]FE CLK cal: 373MHz, ME CLK cal: 371MHz, FE/ME C
[23:16:59.151] RX< LK cal: 410MHz
[23:16:59.151] RX< [6] [cam] [50135][tshell][csc_isp_clk_cal:364]BE CLK cal: 301MHz
[23:16:59.151] RX< [4] [cam] [50136][tshell][cam_fe_core_power_on:269]fe pipe has already power on, STATUS: 1
[23:16:59.151] RX< [6] [cam] [50136][tshell][cpc_update_clock:588]actual FE/ME clk: 500MHz
[23:16:59.151] RX< [4] [cam] [
[23:16:59.154] RX< 50136][tshell][cam_be_core_power_on:1028]be pipe has already power on, STATUS: 1
[23:16:59.154] RX< [6] [cam] [50137][tshell][cpc_update_clock:593]actual BE clk: 500MHz
[23:16:59.154] RX< [7] [cam] [50137][tshell][cam_cpm_core_power_on:435]id,0 type,1 ret 0
[23:16:59.154] RX< [6] [cam] [50138][tshell][cam_cpm_c
[23:16:59.154] RX< ore_init:1017]E id,0 sensor type,1
[23:16:59.154] RX< [6] [cam] [50139][tshell][cpm_core_check_tuningbin:957]Tuning bin crc check PASS! sum 0x17a5964, xor 0x87e82682
[23:16:59.154] RX< [6] [cam] [50139][tshell][qpc_tuning_check_iqbin_validness:396]IQ bin addr: 0x88646660, project_name: video_
[23:16:59.156] RX< 3M
[23:16:59.156] RX< [6] [cam] [50140][tshell][qpc_tuning_check_iqbin_validness:397]total_size: 94400
[23:16:59.156] RX< [6] [cam] [50140][tshell][qpc_tuning_check_iqbin_validness:398]id_count: 93. ID_TOTAL: 94
[23:16:59.156] RX< [6] [cam] [50141][tshell][qpc_tuning_check_iqbin_validness:399]spinel tuning dat
[23:16:59.157] RX< a ver: V1.30
[23:16:59.157] RX< [6] [cam] [50141][tshell][cpm_core_check_tuningbin:971]IQ bin check success!
[23:16:59.157] RX< [6] [cam] [50142][tshell][cam_bm_core_init:94]E
[23:16:59.157] RX< [6] [cam] [50142][tshell][bm_lab_init:174]X ctx size 4 addr 0x884b98e0
[23:16:59.157] RX< [6] [cam] [50143][tshell][cam_bm_core_init:11
[23:16:59.170] RX< 4]X ctx size 180 addr 0x884c2638
[23:16:59.170] RX< [6] [cam] [50143][tshell][qpc_core_init:1299]E id,0
[23:16:59.170] RX< [6] [cam] [50143][tshell][qpc_queue_init:65]QPC init qnodes 8, size 508, pool 0x884df5f8
[23:16:59.170] RX< [7] [cam] [50144][tshell][_qpc_get_cap_cfg_para:896][fallback]preset capCfg 200 0
[23:16:59.171] RX<  0 invalid, use default
[23:16:59.171] RX< [7] [cam] [50144][tshell][_qpc_cfg_hdr_frms:840][fallback]preset hdrCfg 0 0 0 0 0 invalid, use default
[23:16:59.171] RX< [6] [cam] [50156][tshell][qpc_core_init:1347]X ctx size 1288 addr 0x884c2700
[23:16:59.171] RX< [6] [cam] [50156][tshell][cpm_core_get_param:764]cp
[23:16:59.174] RX< m para chk: tunBin-w 4032 h 2266 img-w 4032 h 2268
[23:16:59.174] RX< [6] [cam] [50157][tshell][cam_fe_core_init:436]E id,0
[23:16:59.174] RX< [6] [cam] [50158][tshell][cam_fe_core_init:490]X ctx size 96 addr 0x884c33b0
[23:16:59.174] RX< [7] [cam] [50158][tshell][qpc_core_fe_chords_init:1763][34mqpc fe init 
[23:16:59.174] RX< snsOut w 4032 h 2268, tbl w 28 h 20[0m
[23:16:59.174] RX< [6] [cam] [50158][tshell][cam_me_core_init:1523]X ctx size 1352 addr 0x884f1ae8
[23:16:59.174] RX< [34m[ME SLICE CFG] perf=465(us)!
[23:16:59.174] RX< [0m[6] [cam] [50160][tshell][cam_bayer_fe_3a_stats_core_init:445]fe 3a id,0
[23:16:59.174] RX< [6] [cam] [50160][tshel
[23:16:59.177] RX< l][cam_bayer_fe_3a_stats_core_init:490]X ctx size 132 addr 0x884fa508
[23:16:59.177] RX< [6] [cam] [50161][tshell][cam_be_core_init:621]E id,0
[23:16:59.177] RX< [7] [cam] [50161][be0][be_core_irq_proc:270]thread start cid,0
[23:16:59.177] RX< [6] [cam] [50161][tshell][cam_be_core_init:716]X ctx size 472 addr 0
[23:16:59.177] RX< x884fa898
[23:16:59.177] RX< [6] [cam] [50162][tshell][awb_wrapper_init:66]xxx awb_bin=0x884e18bc, awb_bin_length=8068
[23:16:59.177] RX< [6] [cam] [50163][tshell][awb_wrapper_init:86]X algo_handle 0x885017c0
[23:16:59.177] RX< [7] [cam] [50163][awb0][a5_core_wrapper_task:252]thread start cid,0 algo type,2
[23:16:59.177] RX< [6]
[23:16:59.181] RX<  [cam] [50163][tshell][a5_core_init_task:426]thread created: awb0 mq=0x88503880 thread=0x88503998 sem=0x88503810 ret=0
[23:16:59.181] RX< [6] [cam] [50164][tshell][bayer_ae_wrapper_init:68]E id,0 proc mode 0 
[23:16:59.181] RX< 
[23:16:59.181] RX< [AEC Proc] @[allib_ae_set_debug_log_flag] Line:129:[DEBUG] debug
[23:16:59.181] RX<  level/to_file/to_terminal: 22/1/1
[23:16:59.181] RX< [AEC Proc] @[AeInit] Line:377:[INFO] AE ver: 2026_V2.269
[23:16:59.181] RX< 
[23:16:59.181] RX< [AEC Proc] @[allib_ae_loadfunc] Line:193:[INFO] camera ID: 0
[23:16:59.181] RX< [AEC Proc] @[alAE_set_param] Line:576:[DEBUG] sw_maxtime 33004 ,pertline 10800, after check sensor st
[23:16:59.184] RX< ep sw_max_time 33000.00
[23:16:59.184] RX< [AEC Proc] @[alAE_set_param] Line:581:[DEBUG] sw_mintime 43 ,pertline 10800, after check sensor step sw_min_time 40.00
[23:16:59.184] RX< [AEC Proc] @[alAE_set_param] Line:514:[DEBUG] DEBUG minbv exptime 11 gain 100, minExpBV 13810
[23:16:59.184] RX< [AEC Proc] @[AeTu
[23:16:59.184] RX< ningParseSet] Line:167:[DEBUG] aeparam version 2.268 60803
[23:16:59.184] RX< [AEC Proc] @[alAE_set_param] Line:341:[DEBUG] INITEXP gain 100, shutter 33242, midtonegain 100, bv 2247
[23:16:59.184] RX< [6] [cam] [50170][tshell][bayer_ae_wrapper_init:119]X tline 10800 max_exp 33004 alg_hdl 0x88
[23:16:59.186] RX< 506148 
[23:16:59.186] RX< [7] [cam] [50170][b_ae0][a5_core_wrapper_task:252]thread start cid,0 algo type,0
[23:16:59.186] RX< [6] [cam] [50171][tshell][a5_core_init_task:426]thread created: b_ae0 mq=0x885071f8 thread=0x88507310 sem=0x88507188 ret=0
[23:16:59.186] RX< [6] [cam] [50171][tshell][atf_wrapper_init:
[23:16:59.186] RX< 67]E id,0
[23:16:59.186] RX< [6] [cam] [50172][tshell][atf_wrapper_init:107]X alg_ctx addr 0x885076e8
[23:16:59.186] RX< [7] [cam] [50172][atf0][a5_core_wrapper_task:252]thread start cid,0 algo type,1
[23:16:59.186] RX< [6] [cam] [50173][tshell][a5_core_init_task:426]thread created: atf0 mq=0x88507820 thread=0
[23:16:59.197] RX< x88507938 sem=0x885077b0 ret=0
[23:16:59.197] RX< [6] [cam] [50173][tshell][cam_cpm_core_init:1101]GDC enabled: video_eis=1, photo_warp=0
[23:16:59.197] RX< [6] [cam] [50182][tshell][cam_dewarp_init:333]table reg: enable:1, blockw:5, inw:1296, inh:2304, mapw:61, maph:35, outw:1920, outh:1080
[23:16:59.198] RX< [6] [cam] [50182][tshell][cam_dewarp_init:354]dewarp init: real-IMU consumer registered, reader=0x88507c38
[23:16:59.198] RX< [6] [cam] [50183][dwp0][dewarp_thread_entry:164]dewarp thread start, id=0
[23:16:59.198] RX< [6] [cam] [50183][tshell][cam_dewarp_init:379]EIS: dewarp init ok: dwp0 ei
[23:16:59.204] RX< s_ctx=0x8a00f210 table_size=12810 reg=61x35x5
[23:16:59.204] RX< [6] [cam] [50184][tshell][cam_cpm_core_init:1131]EIS: dewarp enabled, eis_ctx=0x8a00f210, eis_cfg=0x884c2584
[23:16:59.204] RX< [6] [cam] [50185][tshell][cam_cpm_core_init:1149]X ctx size 1096 addr 0x884c21e0
[23:16:59.204] RX< [6] [cam] [50185][
[23:16:59.205] RX< tshell][csc_open:599]ok! phys_id[1], phys_num[1] 
[23:16:59.205] RX< [6] [cam] [50186][tshell][cam_open:738]open ok! camera_id[0]
[23:16:59.205] RX< [34m[cam open] perf=63933(us)!
[23:16:59.205] RX< [0m[6] [App Cam] cam open success
[23:16:59.205] RX< [6] [cam] [50191][tshell][csc_init:722]sensor info:size:4032x2268, formt: 0x
[23:16:59.205] TX> dfs_video_start
[23:16:59.205] TX> echo "__EVBTEST_END_ff9297f3__"
[23:16:59.207] RX< 2b, bps: 1968, tline: 10800
[23:16:59.207] RX< [6] [cam] [50191][tshell][cam_sif_mgr_init:261]E id,0
[23:16:59.207] RX< [7] [cam] [50192][sif0][sif_irq_proc:151]thread start cid,0
[23:16:59.207] RX< [6] [cam] [50192][tshell][cam_sif_mgr_init:293]X ctx size 52 addr 0x88544660
[23:16:59.207] RX< [6] [cam] [50193][tshell][cam_prelu
[23:16:59.207] RX< de_init_cfg:368]CSI ID is 0,  phy lanes is 2.
[23:16:59.207] RX< [7] [cam] [50193][tshell][check_phy_ready:96]MIPI_PHY[0] is ready
[23:16:59.207] RX< [6] [cam] [50194][tshell][sensor_init:348]sensor [1]: register ok
[23:16:59.207] RX< [6] [cam] [50194][tshell][sensor_set_mode:887]sensor [1]: SetMode -> mode = 0
[23:16:59.216] RX< .
[23:16:59.216] RX< [6] [cam] [50194][tshell][sensor_send_reg_tab_to_sensor:705]sensor [1]: send_reg_tab_to_sensor E.
[23:16:59.216] RX< [6] [cam] [50198][tshell][sensor_send_reg_tab_to_sensor:751]sensor [1]: reg_count = 77.
[23:16:59.216] RX< [6] [cam] [50198][tshell][sensor_init:361]sensor [1]: init success.
[23:16:59.218] RX< 
[23:16:59.218] RX< [6] [cam] [50198][tshell][sensor_set_mode:887]sensor [1]: SetMode -> mode = 3.
[23:16:59.218] RX< [6] [cam] [50199][tshell][sensor_send_reg_tab_to_sensor:705]sensor [1]: send_reg_tab_to_sensor E.
[23:16:59.218] RX< [6] [cam] [50203][tshell][sensor_send_reg_tab_to_sensor:751]sensor [1]: reg_c
[23:16:59.219] RX< ount = 83.
[23:16:59.219] RX< [6] [cam] [50203][tshell][csc_init:731]ok! phys_id[1], phys_num[1]
[23:16:59.219] RX< [6] [cam] [50203][tshell][csc_get_bayer_single_buffer:1148]scenario_type: 3
[23:16:59.219] RX< [6] [cam] [50204][tshell][csc_set_stats_fmt:98]index 0 w 1 h 1 bw 8 wcmp 255
[23:16:59.219] RX< [7] [cam] [50204][tshel
[23:16:59.221] RX< l][bm_ioctl:201]BMIOC_STATS_FMT
[23:16:59.221] RX< [6] [cam] [50205][tshell][csc_set_fe_fmt:47]index 1 w 4032 h 2268 bw 10 wcmp 0
[23:16:59.221] RX< [7] [cam] [50205][tshell][bm_ioctl:201]BMIOC_FE_FMT
[23:16:59.221] RX< [6] [cam] [50205][tshell][csc_set_me_fmt:64]index 5 w 2268 h 4032 bw 10 wcmp 0, rdma_addr 0x
[23:16:59.221] RX< 88e43800, wdma_addr 0x88e43800
[23:16:59.221] RX< [7] [cam] [50206][tshell][bm_ioctl:201]BMIOC_ME_FMT
[23:16:59.221] RX< [6] [cam] [50206][tshell][csc_set_video_fmt:1076]meta_addr: 0x8a18f240
[23:16:59.221] RX< [6] [cam] [50207][tshell][csc_set_me_fmt:64]index 6 w 1296 h 2304 bw 8 wcmp 0, rdma_addr 0x8b2e5400,
[23:16:59.224] RX<  wdma_addr 0x8a19fc00
[23:16:59.224] RX< [6] [cam] [50207][tshell][cam_me_core_buffer_cfg:1416]
[23:16:59.224] RX< ----ME PIPE INFO---
[23:16:59.224] RX<  wdma_buf_num:2, rotation_en: 1
[23:16:59.224] RX< [7] [cam] [50208][tshell][cam_me_core_buffer_cfg:1424]yuv wdma_addr 0:0x8a19fc00, meta_en: 1, 0x8a18f240
[23:16:59.224] RX< [7] [cam] [50208][t
[23:16:59.224] RX< shell][cam_me_core_buffer_cfg:1424]yuv wdma_addr 1:0x8a3c2800, meta_en: 1, 0x8a18f240
[23:16:59.224] RX< [7] [cam] [50209][tshell][bm_ioctl:201]BMIOC_ME_FMT
[23:16:59.224] RX< [6] [cam] [50209][tshell][csc_set_lite_fmt:115]index 13 w 400 h 400 bw 10 wcmp 255
[23:16:59.224] RX< [7] [cam] [50210][tshell][bm_ioct
[23:16:59.227] RX< l:201]BMIOC_LITE_FMT
[23:16:59.227] RX< [6] [cam] [50210][tshell][csc_set_lite_fmt:115]index 14 w 400 h 400 bw 10 wcmp 255
[23:16:59.227] RX< [7] [cam] [50211][tshell][bm_ioctl:201]BMIOC_LITE_FMT
[23:16:59.227] RX< [6] [cam] [50211][tshell][csc_set_be_fmt:81]index 7 w 1920 h 1080 bw 6 wcmp 0
[23:16:59.227] RX< [7] [cam] [50211][
[23:16:59.227] RX< tshell][bm_ioctl:201]BMIOC_BE_FMT
[23:16:59.227] RX< [6] [cam] [50212][tshell][csc_set_be_fmt:81]index 8 w 1920 h 1080 bw 8 wcmp 255
[23:16:59.227] RX< [7] [cam] [50212][tshell][bm_ioctl:201]BMIOC_BE_FMT
[23:16:59.227] RX< [6] [cam] [50212][tshell][cam_dewarp_set_table_base:480]dewarp table base updated: [0]=0x
[23:16:59.229] RX< 88e20aa0 [1]=0x88e32150
[23:16:59.229] RX< [6] [cam] [50213][tshell][cam_cpm_core_set_dewarp_table_base:1611]dewarp table base updated: [0]=0x88e20aa0 [1]=0x88e32150
[23:16:59.229] RX< [6] [cam] [50213][tshell][csc_init:739]get otp ok! phys_id[1], phys_num[1]
[23:16:59.229] RX< [6] [cam] [50214][tshell][cam_in
[23:16:59.230] RX< it:828]init ok! logic_id[0]
[23:16:59.230] RX< [34m[cam init] perf=23292(us)!
[23:16:59.230] RX< [0m[6] [App Cam] cam init success
[23:16:59.230] RX< [7] [cam] [50215][tshell][cam_cpm_core_stream_on:560]id 0 sensor type 1
[23:16:59.230] RX< [6] [cam] [50215][tshell][sensor_stream_on:1024]sensor [1]: stream_on
[23:16:59.230] RX< [6] [cam] [50216]
[23:16:59.248] RX< [tshell][sensor_stream_on:1052]sensor [1]: REG: 0x100, W:0x1.
[23:16:59.248] RX< [6] [cam] [50216][tshell][sensor_stream_on:1054]sensor [1]: REG: 0x100, R:0x1.
[23:16:59.248] RX< [6] [cam] [50216][tshell][csc_prv_start:873]ok! phys_id[1], phys_num[1], cam_ids[1]
[23:16:59.248] RX< [6] [cam] [50217][tshell][cam
[23:16:59.248] RX< _start:938]preview start ok! logic_id[0]
[23:16:59.248] RX< [34m[cam start] perf=2325(us)!
[23:16:59.248] RX< [0m[6] [App Cam] cam start success
[23:16:59.248] RX< [6] [App Dfs] Gravity_XR Record Start
[23:16:59.248] RX< msh /emmc>echo "__EVBTEST_END_ff9297f3__"
[23:16:59.248] RX< __EVBTEST_END_ff9297f3__
[23:16:59.248] RX< msh /emmc>[7] [cam] [50219][b_3a_sts][ba
[23:16:59.366] RX< yer_stats_core_irq_proc:164]thread start cid,0
[23:16:59.366] RX< [7] [cam] [50219][fe0][fe_core_irq_proc:98]thread start cid,0
[23:16:59.366] RX< [34m[AE] fid=0,exp=7930,adg=100,Y=5217,mtg=100,shg=100,bgbv=4289,iso=100,cnv0,hdr0
[23:16:59.366] RX< [0m[34m[b_ae0 proc] perf=2801(us), max=2801(us)!
[23:16:59.366] RX< [0m[34m[
[23:16:59.539] RX< awb0 proc] perf=1280(us), max=1280(us)!
[23:16:59.539] RX< [0m[7] [cam] [50351][me0][me_core_thread:359]ME out fid 0
[23:16:59.539] RX< [6] [cam] [50398][dwp0][cpm_cb_dewarp_handle:1411]EIS: dewarp done frm=0, buf_idx=0
[23:16:59.539] RX< [6] [cam] [50510][me0][cpm_cb_fe2me_tikChk:152]frm_length 88561us, fe2me 
[23:17:00.527] RX< delta 0
[23:17:00.527] RX< [34m[ME INTP]fid=0, shutter=7930, perf=844(us), max=844(us)!
[23:17:00.527] RX< [0m[32m[BE] fid=0, perf=6797(us), max=6797(us)!
[23:17:00.527] RX< [0m[6] [App Dfs] f_index = 0, f_len = 65082, cur_total_len = 65170
[23:17:00.527] RX< [34m[AE] fid=30,exp=11110,adg=300,Y=4512,mtg=180,shg=100,bgbv=1280,
[23:17:02.528] RX< iso=300,cnv2,hdr0
[23:17:02.528] RX< [0m[7] [cam] [51517][me0][me_core_thread:359]ME out fid 30
[23:17:02.528] RX< [34m[AE] fid=60,exp=11100,adg=300,Y=4527,mtg=180,shg=100,bgbv=1288,iso=300,cnv2,hdr0
[23:17:02.528] RX< [0m[7] [cam] [52517][me0][me_core_thread:359]ME out fid 60
[23:17:02.882] RX< [34m[AE] fid=90,exp=11100,adg=300,Y=4525,mtg=180,shg=100,bgbv=1288,iso=300,cnv2,hdr0
[23:17:02.882] RX< [0m[34m[b_ae0 proc] perf=404(us), max=2801(us)!
[23:17:02.882] RX< [0m[34m[awb0 proc] perf=1396(us), max=1494(us)!
[23:17:02.882] RX< [0m[7] [cam] [53517][me0][me_core_thread:359]ME out fid 90
[23:17:02.882] RX< [32m[BE]
[23:17:03.543] RX<  fid=90, perf=8411(us), max=8898(us)!
[23:17:03.543] RX< [0m[6] [App Dfs] f_index = 90, f_len = 159242, cur_total_len = 6708540
[23:17:03.543] RX< [34m[AE] fid=120,exp=11100,adg=300,Y=4527,mtg=180,shg=100,bgbv=1288,iso=300,cnv2,hdr0
[23:17:03.543] RX< [0m[7] [cam] [54516][me0][me_core_thread:359]ME out fid 12
[23:17:05.528] RX< 0
[23:17:05.528] RX< [34m[ME INTP]fid=120, shutter=11100, perf=4(us), max=3404(us)!
[23:17:05.528] RX< [0m[34m[AE] fid=150,exp=11110,adg=300,Y=4522,mtg=180,shg=100,bgbv=1284,iso=300,cnv2,hdr0
[23:17:05.528] RX< [0m[7] [cam] [55516][me0][me_core_thread:359]ME out fid 150
[23:17:05.528] RX< [34m[AE] fid=180,exp=11110,adg=300,Y=
[23:17:05.881] RX< 4509,mtg=180,shg=100,bgbv=1280,iso=300,cnv2,hdr0
[23:17:05.881] RX< [0m[34m[b_ae0 proc] perf=450(us), max=627(us)!
[23:17:05.881] RX< [0m[34m[awb0 proc] perf=1327(us), max=1581(us)!
[23:17:05.881] RX< [0m[7] [cam] [56516][me0][me_core_thread:359]ME out fid 180
[23:17:05.881] RX< [32m[BE] fid=180, perf=8719(us), max=8826(us)
[23:17:07.544] RX< !
[23:17:07.544] RX< [0m[6] [App Dfs] f_index = 180, f_len = 172589, cur_total_len = 7052833
[23:17:07.544] RX< [34m[AE] fid=210,exp=11110,adg=300,Y=4500,mtg=180,shg=100,bgbv=1280,iso=300,cnv2,hdr0
[23:17:07.544] RX< [0m[7] [cam] [57516][me0][me_core_thread:359]ME out fid 210
[23:17:07.544] RX< [34m[AE] fid=240,exp=11110,adg=3
[23:17:07.626] RX< 00,Y=4513,mtg=180,shg=100,bgbv=1284,iso=300,cnv2,hdr0
[23:17:07.626] RX< [0m[6] [cam] [58508][dwp0][cpm_cb_dewarp_handle:1411]EIS: dewarp done frm=240, buf_idx=0
[23:17:07.626] RX< [7] [cam] [58516][me0][me_core_thread:359]ME out fid 240
[23:17:07.626] RX< [34m[ME INTP]fid=240, shutter=11110, perf=3(us), max=2
[23:17:08.543] RX< 582(us)!
[23:17:08.543] RX< [0m[34m[AE] fid=270,exp=11110,adg=300,Y=4524,mtg=180,shg=100,bgbv=1284,iso=300,cnv2,hdr0
[23:17:08.543] RX< [0m[34m[b_ae0 proc] perf=404(us), max=798(us)!
[23:17:08.543] RX< [0m[34m[awb0 proc] perf=1288(us), max=1758(us)!
[23:17:08.543] RX< [0m[7] [cam] [59516][me0][me_core_thread:359]ME out fid
[23:17:09.297] RX<  270
[23:17:09.297] RX< [32m[BE] fid=270, perf=8446(us), max=8719(us)!
[23:17:09.297] RX< [0m[6] [App Dfs] f_index = 270, f_len = 160042, cur_total_len = 6811754
[23:17:09.297] RX< dfs_video_stop
[23:17:09.297] RX< msh /emmc>echo "__EVBTEST_E[6] [App Dfs]  Gravity_XR Record Stop Success: total frames = 283
[23:17:09.297] RX< [6] [cam] [60268][DfsS
[23:17:09.310] RX< end][sensor_stream_off:1188]sensor [1]: stream_off
[23:17:09.310] RX< [6] [cam] [60268][DfsSend][sensor_stream_off:1217]sensor [1]: REG: 0x100, W:0x0.
[23:17:09.310] RX< [6] [cam] [60268][DfsSend][sensor_stream_off:1219]sensor [1]: REG: 0x100, R:0x0.
[23:17:09.310] RX< [6] [cam] [60294][DfsSend][csc_prv_stop:98
[23:17:09.310] RX< 3]ok! phys_id[1], phys_num[1], stop_type = 0
[23:17:09.310] RX< [6] [cam] [60294][DfsSend][cam_stop:1058]preview stop ok! logic_id[0]
[23:17:09.310] RX< [34m[cam stop] perf=26587(us)!
[23:17:09.310] RX< [0m[6] [App Cam] cam stop success
[23:17:09.310] RX< Total of 284 frames encoded, 21591812 bytes, max_workbuffer_used: 349388
[23:17:09.313] RX< 8 bytes
[23:17:09.313] RX< [6] [App Cam] hevc_encoder_deinit success
[23:17:09.313] RX< [7] [cam] [60296][DfsSend][cam_cpm_core_power_off:467]id,0 type,1 ret 0
[23:17:09.313] RX< [6] [cam] [60297][sif0][sif_irq_proc:174]thread release cid,0
[23:17:09.313] RX< [6] [cam] [60297][DfsSend][cam_sif_mgr_deinit:316]X
[23:17:09.313] RX< [6] [cam] [60297][
[23:17:09.313] RX< DfsSend][cam_deinit:887]deinit ok! logic_id[0]
[23:17:09.313] RX< [34m[cam deinit] perf=1280(us)!
[23:17:09.313] RX< [0m[6] [App Cam] cam deinit success
[23:17:09.313] RX< [6] [cam] [60298][DfsSend][sensor_close:1292]sensor [1]: close!
[23:17:09.313] RX< [6] [cam] [60299][DfsSend][cam_dewarp_deinit:438]dewarp deinit, id=0
[23:17:09.313] RX< [6] 
[23:17:09.315] RX< [cam] [60299][dwp0][dewarp_thread_entry:174]dewarp thread exit signal, id=0
[23:17:09.315] RX< [6] [cam] [60300][dwp0][dewarp_thread_entry:276]dewarp thread exit, id=0
[23:17:09.315] RX< [6] [cam] [60300][DfsSend][cam_bm_core_deinit:136]X
[23:17:09.315] RX< [6] [cam] [60300][be0][be_core_irq_proc:329]thread re
[23:17:09.316] RX< lease cid,0
[23:17:09.316] RX< [6] [cam] [60301][DfsSend][cam_be_core_deinit:793]X
[23:17:09.316] RX< [6] [cam] [60301][me0][me_core_thread:404]thread release cid,0
[23:17:09.316] RX< [6] [cam] [60301][DfsSend][cam_me_core_deinit:1551]X
[23:17:09.316] RX< [6] [cam] [60302][fe0][fe_core_irq_proc:121]thread release cid,0
[23:17:09.316] RX< [6] [cam]
[23:17:09.318] RX<  [60302][DfsSend][cam_fe_core_deinit:536]X
[23:17:09.318] RX< [6] [cam] [60302][b_3a_sts][bayer_stats_core_irq_proc:193]thread release cid,0
[23:17:09.318] RX< [6] [cam] [60302][DfsSend][cam_bayer_stats_core_deinit:512]X
[23:17:09.318] RX< [6] [cam] [60303][b_ae0][a5_core_wrapper_task:315]thread release cid,0,
[23:17:09.319] RX< algo,0
[23:17:09.319] RX< [6] [cam] [60303][DfsSend][bayer_ae_wrapper_deinit:204]X
[23:17:09.319] RX< [6] [cam] [60304][atf0][a5_core_wrapper_task:315]thread release cid,0,algo,1
[23:17:09.319] RX< [6] [cam] [60304][DfsSend][atf_wrapper_deinit:153]X
[23:17:09.319] RX< [6] [cam] [60305][awb0][a5_core_wrapper_task:315]thread relea
[23:17:09.321] RX< se cid,0,algo,2
[23:17:09.321] RX< [6] [cam] [60305][DfsSend][awb_wrapper_deinit:153]X
[23:17:09.321] RX< [6] [cam] [60305][DfsSend][cam_5a_core_deinit:555]X
[23:17:09.321] RX< [6] [cam] [60305][DfsSend][cam_5a_inf_deinit:149]X
[23:17:09.321] RX< [6] [cam] [60306][qpc0][qpc_core_msg_proc:705]thread release cid,0
[23:17:09.321] RX< [6] [cam] [60306
[23:17:09.321] RX< ][DfsSend][qpc_core_deinit:1413]X
[23:17:09.321] RX< [6] [cam] [60306][DfsSend][cam_cpm_core_deinit:1248]X
[23:17:09.321] RX< [6] [cam] [60307][DfsSend][csc_close:656]ok! phys_id[1], phys_num[1]
[23:17:09.321] RX< [7] [cam] [60307][cer0][cer_recovery_proc:352]msg type = 254
[23:17:09.321] RX< [6] [cam] [60307][cer0][cer_recovery
[23:17:09.347] RX< _proc:454]thread release cid,0
[23:17:09.347] RX< [6] [cam] [60308][DfsSend][cer_deinit:560]X
[23:17:09.347] RX< [6] [cam] [60308][DfsSend][cam_close:789]close ok! logic_id[0]
[23:17:09.347] RX< [34m[cam close] perf=10331(us)!
[23:17:09.347] RX< [0m[6] [App Cam] cam close success
[23:17:09.347] RX< [6] [cam] [60309][cpl0][cam_prelude_proc_routi
[23:17:09.347] RX< ne:136]thread release
[23:17:09.347] RX< [6] [cam] [60309][DfsSend][cam_exit:571]exit ok!
[23:17:09.347] RX< [34m[cam exit] perf=652(us)!
[23:17:09.347] RX< [0m[6] [App Cam] cam exit success
[23:17:09.347] RX< [6] [App Dfs] Save Video Successful: /emmc/VIDEO/20260101_000049_9992/Video_9992_0.h265
[23:17:09.347] RX< [6] [App Dfs] Save Imu Success
[23:17:09.461] TX> dfs_video_stop
[23:17:09.461] TX> echo "__EVBTEST_END_b30c05a8__"
[23:17:11.350] RX< ful: /emmc/VIDEO/20260101_000049_9992/Imu_9992.bin
[23:17:11.350] RX< [6] [App Dfs] Video recording completed successfully.
[23:17:11.350] RX< ND_b30c05a8__"
[23:17:11.350] RX< __EVBTEST_END_b30c05a8__
[23:17:11.350] RX< msh /emmc>
[23:17:19.225] RX< rtmp_video_start rtmp://192.168.1.89/live/cam
[23:17:19.225] RX< [7] [cam] [70205][tshell][cgm_parse_bin:104]total logical camera num: 1
[23:17:19.225] RX< [6] [cam] [70206][tshell][cam_prelude_create:187]E id, 0
[23:17:19.225] RX< [7] [cam] [70206][cpl0][cam_prelude_proc_routine:101]thread start
[23:17:19.225] RX< [6] [cam] [702
[23:17:19.225] RX< 06][tshell][cam_prelude_create:214]X ctx size 132 addr 0x884de938
[23:17:19.225] RX< [6] [cam] [70211][tshell][sensor_probe:418]sensor [1]: identifing 0 success.
[23:17:19.225] RX< [6] [cam] [70212][tshell][sensor_probe:441]sensor [1]: probe exit!
[23:17:19.225] RX< [6] [cam] [70212][tshell][cam_prelude_fast_pr
[23:17:19.228] RX< obe:251]cam: 0 probe result: 0
[23:17:19.228] RX< [6] [cam] [70213][tshell][cgm_parse_bin:218]cam(0) probe success
[23:17:19.228] RX< [6] [cam] [70213][tshell][cam_entry:455]entry ok
[23:17:19.228] RX< [34m[cam entry] perf=8312(us)!
[23:17:19.228] RX< [0m[6] [App Cam] cam entry success
[23:17:19.228] RX< [7] [cam] [70214][tshell][cam_solve_layo
[23:17:19.229] RX< ut:350][mLayout] param OK, scen3 iw4032 ih2268 ow2304 oh1296 gdc 0x2
[23:17:19.229] RX< [36m[mLayout] scen03 in=4032x2268,out=1296x2304 meRot1 stripe0 gdcOn0
[23:17:19.229] RX< [0m[36m[mLayout] scen03 14entries solved status=OK retry=0 rtmp=enabled (cursor0=0x8a018210 cu sz 0xd00000 wBuf 0
[23:17:19.232] RX< x8a9e5400 sz 0x900000
[23:17:19.232] RX< [7] [cam] [70215][tshell][cam_solve_layout:377]
[23:17:19.232] RX< [mLayout] out vol 0x8c000000 rBuf 0x89300000 sz 0xd00000 wBuf 0x8a9e5400 sz 0x900000
[23:17:19.232] RX<           rtmp tBuf 0x8a098210 sz 0x80000 aBuf 0x8a018210 sz 0x80000
[23:17:19.232] RX< [7] [cam] [70217][tshell][cam_
[23:17:19.234] RX< solve_layout:397]Solve Scen3 layout Done!
[23:17:19.234] RX< [6] [cam] [70218][tshell][cgm_parse_media_para:274]phy cam num: 1
[23:17:19.234] RX< [7] [cam] [70218][cer0][cer_recovery_proc:343]thread start cid, 0
[23:17:19.234] RX< [6] [cam] [70218][tshell][csc_open:499]SENSOR MCLK cal: 24MHz
[23:17:19.234] RX< [6] [cam] [70219][
[23:17:19.234] RX< tshell][csc_isp_clk_cal:344]MIPI CLK cal: 277MHz
[23:17:19.234] RX< [6] [cam] [70219][tshell][csc_isp_clk_cal:374]LITE CLK cal: 25MHz
[23:17:19.234] RX< [7] [cam] [70220][tshell][cpc_csi_rx_power_on:633]E id: 2
[23:17:19.234] RX< [4] [cam] [70220][tshell][cpc_csi_rx_power_on:644]csi_2 has already power on, STAT
[23:17:19.240] RX< US: 1
[23:17:19.240] RX< [6] [cam] [70221][tshell][cpc_update_clock:603]actual SNS mclk: 24MHz
[23:17:19.240] RX< [6] [cam] [70221][tshell][cpc_update_clock:608]actual MIPI0: 300MHz
[23:17:19.240] RX< [6] [cam] [70221][tshell][cpc_update_clock:598]actual LITE clk: 25MHz
[23:17:19.240] RX< [7] [cam] [70222][tshell][cam_prelude_op
[23:17:19.240] RX< en:297][34msnsOpen camID1 csiID0 phyIdx0[0m
[23:17:19.240] RX< [6] [cam] [70225][tshell][sensor_expo_gain_match:48]sensor get sensor expo gain of imx681_vst
[23:17:19.240] RX< [6] [cam] [70225][tshell][sensor_open:684]sensor [1] open OK.
[23:17:19.240] RX< [6] [cam] [70226][tshell][cam_cpm_parse_media:295]vi
[23:17:19.245] RX< deo scenario:3, media para[fps:0, mirror_en:0, flip_en:0]
[23:17:19.245] RX< [6] [cam] [70226][tshell][cam_cpm_parse_media:298]video scenario, media para[iso:0, gain:0, wb_mode:0]
[23:17:19.245] RX< [6] [cam] [70227][tshell][csc_isp_clk_cal:355]FE CLK cal: 373MHz, ME CLK cal: 371MHz, FE/ME CL
[23:17:19.245] RX< K cal: 410MHz
[23:17:19.245] RX< [6] [cam] [70227][tshell][csc_isp_clk_cal:364]BE CLK cal: 301MHz
[23:17:19.245] RX< [4] [cam] [70228][tshell][cam_fe_core_power_on:269]fe pipe has already power on, STATUS: 1
[23:17:19.245] RX< [6] [cam] [70228][tshell][cpc_update_clock:588]actual FE/ME clk: 500MHz
[23:17:19.245] RX< [7] [cam] [7
[23:17:19.248] RX< 0229][tshell][cam_cpm_core_power_on:435]id,0 type,1 ret 0
[23:17:19.248] RX< [6] [cam] [70229][tshell][cam_cpm_core_init:1017]E id,0 sensor type,1
[23:17:19.248] RX< [6] [cam] [70232][tshell][cpm_core_check_tuningbin:957]Tuning bin crc check PASS! sum 0x17a5964, xor 0x87e82682
[23:17:19.248] RX< [6] [cam] [7023
[23:17:19.248] RX< 2][tshell][qpc_tuning_check_iqbin_validness:396]IQ bin addr: 0x88646660, project_name: video_3M
[23:17:19.248] RX< [6] [cam] [70233][tshell][qpc_tuning_check_iqbin_validness:397]total_size: 94400
[23:17:19.248] RX< [6] [cam] [70233][tshell][qpc_tuning_check_iqbin_validness:398]id_count: 93. I
[23:17:19.251] RX< D_TOTAL: 94
[23:17:19.251] RX< [6] [cam] [70234][tshell][qpc_tuning_check_iqbin_validness:399]spinel tuning data ver: V1.30
[23:17:19.251] RX< [6] [cam] [70234][tshell][cpm_core_check_tuningbin:971]IQ bin check success!
[23:17:19.251] RX< [6] [cam] [70235][tshell][cam_bm_core_init:94]E
[23:17:19.251] RX< [6] [cam] [70235][tshell
[23:17:19.251] RX< ][bm_lab_init:174]X ctx size 4 addr 0x884a9918
[23:17:19.251] RX< [6] [cam] [70236][tshell][cam_bm_core_init:114]X ctx size 180 addr 0x884c1bd0
[23:17:19.251] RX< [6] [cam] [70236][tshell][qpc_core_init:1299]E id,0
[23:17:19.251] RX< [6] [cam] [70237][tshell][qpc_queue_init:65]QPC init qnodes 8, size 508, pool
[23:17:19.269] RX<  0x884c21e8
[23:17:19.269] RX< [7] [cam] [70237][tshell][_qpc_get_cap_cfg_para:896][fallback]preset capCfg 200 0 0 invalid, use default
[23:17:19.269] RX< [7] [cam] [70238][tshell][_qpc_cfg_hdr_frms:840][fallback]preset hdrCfg 0 0 0 0 0 invalid, use default
[23:17:19.269] RX< [6] [cam] [70253][tshell][qpc_core_
[23:17:19.269] RX< init:1347]X ctx size 1288 addr 0x884c1c98
[23:17:19.269] RX< [6] [cam] [70253][tshell][cpm_core_get_param:764]cpm para chk: tunBin-w 4032 h 2266 img-w 4032 h 2268
[23:17:19.269] RX< [6] [cam] [70254][tshell][cam_fe_core_init:436]E id,0
[23:17:19.269] RX< [6] [cam] [70255][tshell][cam_fe_core_init:490]X ctx size
[23:17:19.275] RX<  96 addr 0x884c3600
[23:17:19.275] RX< [7] [cam] [70256][tshell][qpc_core_fe_chords_init:1763][34mqpc fe init snsOut w 4032 h 2268, tbl w 28 h 20[0m
[23:17:19.275] RX< [6] [cam] [70256][tshell][cam_me_core_init:1523]X ctx size 1352 addr 0x884f1ba8
[23:17:19.275] RX< [34m[ME SLICE CFG] perf=1609(us)!
[23:17:19.275] RX< [0m[6]
[23:17:19.276] RX<  [cam] [70260][tshell][cam_bayer_fe_3a_stats_core_init:445]fe 3a id,0
[23:17:19.276] RX< [6] [cam] [70260][tshell][cam_bayer_fe_3a_stats_core_init:490]X ctx size 132 addr 0x884fa5c8
[23:17:19.276] RX< [6] [cam] [70261][tshell][awb_wrapper_init:66]xxx awb_bin=0x884e1584, awb_bin_length=8068
[23:17:19.276] RX< [6
[23:17:19.283] RX< ] [cam] [70262][tshell][awb_wrapper_init:86]X algo_handle 0x88500228
[23:17:19.283] RX< [7] [cam] [70262][awb0][a5_core_wrapper_task:252]thread start cid,0 algo type,2
[23:17:19.283] RX< [6] [cam] [70263][tshell][a5_core_init_task:426]thread created: awb0 mq=0x885022b8 thread=0x885023d0 sem=0
[23:17:19.284] RX< x88502248 ret=0
[23:17:19.284] RX< [6] [cam] [70263][tshell][bayer_ae_wrapper_init:68]E id,0 proc mode 0 
[23:17:19.284] RX< 
[23:17:19.284] RX< [AEC Proc] @[allib_ae_set_debug_log_flag] Line:129:[DEBUG] debug level/to_file/to_terminal: 22/1/1
[23:17:19.284] RX< [AEC Proc] @[AeInit] Line:377:[INFO] AE ver: 2026_V2.269
[23:17:19.284] RX< 
[23:17:19.284] RX< [AEC Proc
[23:17:19.286] RX< ] @[allib_ae_loadfunc] Line:193:[INFO] camera ID: 0
[23:17:19.286] RX< [AEC Proc] @[alAE_set_param] Line:576:[DEBUG] sw_maxtime 33004 ,pertline 10800, after check sensor step sw_max_time 33000.00
[23:17:19.286] RX< [AEC Proc] @[alAE_set_param] Line:581:[DEBUG] sw_mintime 43 ,pertline 10800, a
[23:17:19.286] RX< fter check sensor step sw_min_time 40.00
[23:17:19.286] RX< [AEC Proc] @[alAE_set_param] Line:514:[DEBUG] DEBUG minbv exptime 11 gain 100, minExpBV 13810
[23:17:19.286] RX< [AEC Proc] @[AeTuningParseSet] Line:167:[DEBUG] aeparam version 2.268 60803
[23:17:19.286] RX< [AEC Proc] @[alAE_set_param] Line:341:[DEBUG
[23:17:19.289] RX< ] INITEXP gain 100, shutter 33242, midtonegain 100, bv 2247
[23:17:19.289] RX< [6] [cam] [70273][tshell][bayer_ae_wrapper_init:119]X tline 10800 max_exp 33004 alg_hdl 0x88504b80 
[23:17:19.289] RX< [7] [cam] [70274][b_ae0][a5_core_wrapper_task:252]thread start cid,0 algo type,0
[23:17:19.289] RX< [6] [cam] [70
[23:17:19.289] RX< 274][tshell][a5_core_init_task:426]thread created: b_ae0 mq=0x88505c30 thread=0x88505d48 sem=0x88505bc0 ret=0
[23:17:19.289] RX< [6] [cam] [70275][tshell][atf_wrapper_init:67]E id,0
[23:17:19.289] RX< [6] [cam] [70275][tshell][atf_wrapper_init:107]X alg_ctx addr 0x88507130
[23:17:19.289] RX< [7] [cam] [70276][a
[23:17:19.305] RX< tf0][a5_core_wrapper_task:252]thread start cid,0 algo type,1
[23:17:19.305] RX< [6] [cam] [70276][tshell][a5_core_init_task:426]thread created: atf0 mq=0x88507268 thread=0x88507380 sem=0x885071f8 ret=0
[23:17:19.305] RX< [6] [cam] [70276][tshell][cam_cpm_core_init:1149]X ctx size 1096 addr 0x
[23:17:19.306] RX< 884c1778
[23:17:19.306] RX< [6] [cam] [70277][tshell][csc_open:599]ok! phys_id[1], phys_num[1] 
[23:17:19.306] RX< [6] [cam] [70277][tshell][cam_open:738]open ok! camera_id[0]
[23:17:19.306] RX< [34m[cam open] perf=64195(us)!
[23:17:19.306] RX< [0m[6] [App Cam] cam open success
[23:17:19.306] RX< [6] [cam] [70292][tshell][csc_init:722]sensor in
[23:17:19.308] RX< fo:size:4032x2268, formt: 0x2b, bps: 1968, tline: 10800
[23:17:19.308] RX< [6] [cam] [70292][tshell][cam_sif_mgr_init:261]E id,0
[23:17:19.308] RX< [7] [cam] [70293][sif0][sif_irq_proc:151]thread start cid,0
[23:17:19.308] RX< [6] [cam] [70293][tshell][cam_sif_mgr_init:293]X ctx size 52 addr 0x88541b98
[23:17:19.308] RX< [6] [ca
[23:17:19.308] RX< m] [70294][tshell][cam_prelude_init_cfg:368]CSI ID is 0,  phy lanes is 2.
[23:17:19.308] RX< [7] [cam] [70294][tshell][check_phy_ready:96]MIPI_PHY[0] is ready
[23:17:19.308] RX< [6] [cam] [70294][tshell][sensor_init:348]sensor [1]: register ok
[23:17:19.308] RX< [6] [cam] [70294][tshell][sensor_set_mode:887]sen
[23:17:19.317] RX< sor [1]: SetMode -> mode = 0.
[23:17:19.317] RX< [6] [cam] [70295][tshell][sensor_send_reg_tab_to_sensor:705]sensor [1]: send_reg_tab_to_sensor E.
[23:17:19.317] RX< [6] [cam] [70298][tshell][sensor_send_reg_tab_to_sensor:751]sensor [1]: reg_count = 77.
[23:17:19.317] RX< [6] [cam] [70299][tshell][sensor_init:3
[23:17:19.317] RX< 61]sensor [1]: init success.
[23:17:19.317] RX< [6] [cam] [70299][tshell][sensor_set_mode:887]sensor [1]: SetMode -> mode = 3.
[23:17:19.317] RX< [6] [cam] [70300][tshell][sensor_send_reg_tab_to_sensor:705]sensor [1]: send_reg_tab_to_sensor E.
[23:17:19.317] RX< [6] [cam] [70304][tshell][sensor_send_reg_tab_to_
[23:17:19.318] TX> rtmp_video_start rtmp://192.168.1.89/live/cam
[23:17:19.318] TX> echo "__EVBTEST_END_6217f8da__"
[23:17:19.320] RX< sensor:751]sensor [1]: reg_count = 83.
[23:17:19.320] RX< [6] [cam] [70304][tshell][csc_init:731]ok! phys_id[1], phys_num[1]
[23:17:19.320] RX< [6] [cam] [70305][tshell][csc_get_bayer_single_buffer:1148]scenario_type: 3
[23:17:19.320] RX< [6] [cam] [70305][tshell][csc_set_stats_fmt:98]index 0 w 1 h 1 bw 8 wcmp 
[23:17:19.320] RX< 255
[23:17:19.320] RX< [7] [cam] [70305][tshell][bm_ioctl:201]BMIOC_STATS_FMT
[23:17:19.320] RX< [6] [cam] [70306][tshell][csc_set_fe_fmt:47]index 1 w 4032 h 2268 bw 10 wcmp 0
[23:17:19.320] RX< [7] [cam] [70306][tshell][bm_ioctl:201]BMIOC_FE_FMT
[23:17:19.320] RX< [6] [cam] [70306][tshell][csc_set_me_fmt:64]index 5 w 2268 h 403
[23:17:19.322] RX< 2 bw 10 wcmp 0, rdma_addr 0x8a128c00, wdma_addr 0x8a128c00
[23:17:19.322] RX< [7] [cam] [70307][tshell][bm_ioctl:201]BMIOC_ME_FMT
[23:17:19.322] RX< [6] [cam] [70307][tshell][csc_set_video_fmt:1076]meta_addr: 0x8a118240
[23:17:19.322] RX< [6] [cam] [70308][tshell][csc_set_me_fmt:64]index 6 w 1296 h 2304 bw 8 w
[23:17:19.322] RX< cmp 255, rdma_addr 0x8b2e5400, wdma_addr 0x8c000000
[23:17:19.322] RX< [6] [cam] [70308][tshell][cam_me_core_buffer_cfg:1416]
[23:17:19.322] RX< ----ME PIPE INFO---
[23:17:19.322] RX<  wdma_buf_num:1, rotation_en: 1
[23:17:19.322] RX< [7] [cam] [70309][tshell][cam_me_core_buffer_cfg:1424]yuv wdma_addr 0:0x8c000000, meta_en: 1, 
[23:17:19.325] RX< 0x8a118240
[23:17:19.325] RX< [7] [cam] [70309][tshell][bm_ioctl:201]BMIOC_ME_FMT
[23:17:19.325] RX< [6] [cam] [70310][tshell][csc_set_lite_fmt:115]index 13 w 400 h 400 bw 10 wcmp 255
[23:17:19.325] RX< [7] [cam] [70310][tshell][bm_ioctl:201]BMIOC_LITE_FMT
[23:17:19.325] RX< [6] [cam] [70311][tshell][csc_set_lite_fmt:115]index 1
[23:17:19.328] RX< 4 w 400 h 400 bw 10 wcmp 255
[23:17:19.328] RX< [7] [cam] [70311][tshell][bm_ioctl:201]BMIOC_LITE_FMT
[23:17:19.328] RX< [6] [cam] [70312][tshell][csc_init:739]get otp ok! phys_id[1], phys_num[1]
[23:17:19.328] RX< [6] [cam] [70312][tshell][cam_init:828]init ok! logic_id[0]
[23:17:19.328] RX< [34m[cam init] perf=20502(us)!
[23:17:19.328] RX< [0m
[23:17:19.328] RX< [6] [App Cam] cam init success
[23:17:19.328] RX< [7] [cam] [70313][tshell][cam_cpm_core_stream_on:560]id 0 sensor type 1
[23:17:19.328] RX< [6] [cam] [70313][tshell][sensor_stream_on:1024]sensor [1]: stream_on
[23:17:19.328] RX< [6] [cam] [70314][tshell][sensor_stream_on:1052]sensor [1]: REG: 0x100, W:0x1.
[23:17:19.328] RX< [6
[23:17:19.356] RX< ] [cam] [70314][tshell][sensor_stream_on:1054]sensor [1]: REG: 0x100, R:0x1.
[23:17:19.356] RX< [6] [cam] [70314][tshell][csc_prv_start:873]ok! phys_id[1], phys_num[1], cam_ids[1]
[23:17:19.356] RX< [6] [cam] [70315][tshell][cam_start:938]preview start ok! logic_id[0]
[23:17:19.356] RX< [34m[cam start] perf=2
[23:17:19.357] RX< 534(us)!
[23:17:19.357] RX< [0m[6] [App Cam] cam start success
[23:17:19.357] RX< [RTMP] connecting rtmp://192.168.1.89/live/cam ...
[23:17:19.357] RX< [7] [cam] [70316][b_3a_sts][bayer_stats_core_irq_proc:164]thread start cid,0
[23:17:19.357] RX< [7] [cam] [70316][fe0][fe_core_irq_proc:98]thread start cid,0
[23:17:19.357] RX< [RTMP] connected to
[23:17:19.450] RX<  192.168.1.89:1935 (sock=6)
[23:17:19.450] RX< [RTMP] handshake (simple) ok
[23:17:19.450] RX< [RTMP] connect _result ok
[23:17:19.450] RX< [RTMP] createStream -> msid=1
[23:17:19.450] RX< [RTMP] publish ready on rtmp://192.168.1.89:1935/live
[23:17:19.450] RX< [RTMP] config sent (42 bytes)
[23:17:19.450] RX< [RTMP] f_index = 0, f_len = 39
[23:17:19.450] RX< [RTMP] Push Start -> rtmp:/
[23:17:19.471] RX< /192.168.1.89/live/cam
[23:17:19.471] RX< msh /emmc>echo "__EVBTEST_END_6217f8da__"
[23:17:19.471] RX< __EVBTEST_END_6217f8da__
[23:17:19.471] RX< msh /emmc>[34m[AE] fid=0,exp=7740,adg=100,Y=5347,mtg=100,shg=100,bgbv=4324,iso=100,cnv0,hdr0
[23:17:19.471] RX< [0m[34m[b_ae0 proc] perf=8075(us), max=8075(us)!
[23:17:19.471] RX< [0m[34m[awb0 proc]
[23:17:20.625] RX<  perf=3896(us), max=3896(us)!
[23:17:20.625] RX< [0m[6] [cam] [70608][me0][cpm_cb_fe2me_tikChk:152]frm_length 88559us, fe2me delta 0
[23:17:20.625] RX< [34m[ME INTP]fid=0, shutter=7740, perf=2265(us), max=2265(us)!
[23:17:20.625] RX< [0m[7] [cam] [70953][me0][me_core_thread:359]ME out fid 0
[23:17:20.625] RX< [34m[AE] fid=30,e
[23:17:21.978] RX< xp=10820,adg=300,Y=4540,mtg=180,shg=100,bgbv=1319,iso=300,cnv2,hdr0
[23:17:21.978] RX< [0m[7] [cam] [71953][me0][me_core_thread:359]ME out fid 30
[23:17:21.978] RX< [34m[AE] fid=60,exp=10670,adg=300,Y=4553,mtg=180,shg=100,bgbv=1340,iso=300,cnv2,hdr0
[23:17:21.978] RX< [0m[7] [cam] [72953][me0][me_core_thread:
[23:17:22.965] RX< 359]ME out fid 60
[23:17:22.965] RX< [34m[AE] fid=90,exp=10670,adg=300,Y=4561,mtg=180,shg=100,bgbv=1340,iso=300,cnv2,hdr0
[23:17:22.965] RX< [0m[34m[b_ae0 proc] perf=968(us), max=8075(us)!
[23:17:22.965] RX< [0m[34m[awb0 proc] perf=3818(us), max=4208(us)!
[23:17:22.965] RX< [0m[RTMP] f_index = 90, f_len = 11965
[23:17:22.965] RX< [7] [cam] [7
[23:17:23.965] RX< 3953][me0][me_core_thread:359]ME out fid 90
[23:17:23.965] RX< [34m[AE] fid=120,exp=10660,adg=300,Y=4565,mtg=180,shg=100,bgbv=1344,iso=300,cnv2,hdr0
[23:17:23.965] RX< [0m[34m[ME INTP]fid=120, shutter=10660, perf=6(us), max=4830(us)!
[23:17:23.965] RX< [0m[7] [cam] [74952][me0][me_core_thread:359]ME out fid 
[23:17:25.629] RX< 120
[23:17:25.629] RX< [34m[AE] fid=150,exp=10550,adg=300,Y=4570,mtg=180,shg=100,bgbv=1356,iso=300,cnv2,hdr0
[23:17:25.629] RX< [0m[7] [cam] [75952][me0][me_core_thread:359]ME out fid 150
[23:17:25.629] RX< [34m[AE] fid=180,exp=10550,adg=300,Y=4551,mtg=180,shg=100,bgbv=1353,iso=300,cnv2,hdr0
[23:17:25.629] RX< [0m[34m[b_ae0 p
[23:17:26.625] RX< roc] perf=960(us), max=3208(us)!
[23:17:26.625] RX< [0m[34m[awb0 proc] perf=3820(us), max=4125(us)!
[23:17:26.625] RX< [0m[RTMP] f_index = 180, f_len = 18772
[23:17:26.625] RX< [7] [cam] [76952][me0][me_core_thread:359]ME out fid 180
[23:17:26.625] RX< [34m[AE] fid=210,exp=10540,adg=300,Y=4565,mtg=180,shg=100,bgbv=1357,iso=30
[23:17:27.965] RX< 0,cnv2,hdr0
[23:17:27.965] RX< [0m[7] [cam] [77952][me0][me_core_thread:359]ME out fid 210
[23:17:27.965] RX< [34m[AE] fid=240,exp=10540,adg=300,Y=4565,mtg=180,shg=100,bgbv=1357,iso=300,cnv2,hdr0
[23:17:27.965] RX< [0m[34m[ME INTP]fid=240, shutter=10540, perf=6(us), max=1656(us)!
[23:17:27.965] RX< [0m[7] [cam] [78952][me0][m
[23:17:28.629] RX< e_core_thread:359]ME out fid 240
[23:17:28.629] RX< [RTMP] slow send frame 241 len=64204 dt=63ms (IDR)
[23:17:28.629] RX< [34m[AE] fid=270,exp=10540,adg=300,Y=4572,mtg=180,shg=100,bgbv=1357,iso=300,cnv2,hdr0
[23:17:28.629] RX< [0m[34m[b_ae0 proc] perf=1062(us), max=2220(us)!
[23:17:28.629] RX< [0m[34m[awb0 proc] perf=3821(us
[23:17:29.976] RX< ), max=4133(us)!
[23:17:29.976] RX< [0m[RTMP] f_index = 270, f_len = 13952
[23:17:29.976] RX< [7] [cam] [79952][me0][me_core_thread:359]ME out fid 270
[23:17:29.976] RX< [34m[AE] fid=300,exp=10540,adg=300,Y=4567,mtg=180,shg=100,bgbv=1357,iso=300,cnv2,hdr0
[23:17:29.976] RX< [0m[7] [cam] [80952][me0][me_core_thread:359]ME out fi
[23:17:30.978] RX< d 300
[23:17:30.978] RX< [34m[awb0 proc] perf=6278(us), max=6278(us)!
[23:17:30.978] RX< [0m[4] [cam] [81029][qpc0][qpc_core_exception_check:405]discontinuous frame, now: 313, last: 311
[23:17:30.978] RX< [34m[AE] fid=330,exp=12430,adg=300,Y=4378,mtg=180,shg=100,bgbv=1122,iso=300,cnv2,hdr0
[23:17:30.978] RX< [0m[7] [cam] [8195
[23:17:31.709] RX< 1][me0][me_core_thread:359]ME out fid 330
[23:17:31.709] RX< [34m[AE] fid=360,exp=10760,adg=300,Y=4551,mtg=180,shg=100,bgbv=1331,iso=300,cnv2,hdr0
[23:17:31.709] RX< [0m[34m[b_ae0 proc] perf=998(us), max=3654(us)!
[23:17:31.709] RX< [0m[34m[awb0 proc] perf=3824(us), max=6278(us)!
[23:17:31.709] RX< [0m[34m[ME INTP]fid=360,
[23:17:32.976] RX<  shutter=10760, perf=7(us), max=5588(us)!
[23:17:32.976] RX< [0m[RTMP] f_index = 360, f_len = 14796
[23:17:32.976] RX< [7] [cam] [82951][me0][me_core_thread:359]ME out fid 360
[23:17:32.976] RX< [34m[AE] fid=390,exp=10760,adg=300,Y=4531,mtg=180,shg=100,bgbv=1323,iso=300,cnv2,hdr0
[23:17:32.976] RX< [0m[7] [cam] [83951][me0][me_
[23:17:33.975] RX< core_thread:359]ME out fid 390
[23:17:33.975] RX< [4] [cam] [84029][qpc0][qpc_core_exception_check:405]discontinuous frame, now: 403, last: 401
[23:17:33.975] RX< [34m[AE] fid=420,exp=10830,adg=300,Y=4509,mtg=180,shg=100,bgbv=1311,iso=300,cnv2,hdr0
[23:17:33.975] RX< [0m[7] [cam] [84951][me0][me_core_thread:35
[23:17:34.964] RX< 9]ME out fid 420
[23:17:34.964] RX< [34m[AE] fid=450,exp=10860,adg=300,Y=4509,mtg=180,shg=100,bgbv=1307,iso=300,cnv2,hdr0
[23:17:34.964] RX< [0m[34m[b_ae0 proc] perf=947(us), max=4115(us)!
[23:17:34.964] RX< [0m[34m[awb0 proc] perf=3816(us), max=4506(us)!
[23:17:34.964] RX< [0m[RTMP] f_index = 450, f_len = 13275
[23:17:34.964] RX< [7] [cam] [
[23:17:35.979] RX< 85951][me0][me_core_thread:359]ME out fid 450
[23:17:35.979] RX< [34m[AE] fid=480,exp=10870,adg=300,Y=4556,mtg=180,shg=100,bgbv=1319,iso=300,cnv2,hdr0
[23:17:35.979] RX< [0m[34m[ME INTP]fid=480, shutter=10870, perf=5(us), max=1601(us)!
[23:17:35.979] RX< [0m[7] [cam] [86951][me0][me_core_thread:359]ME out fi
