[02:51:51.548] TX> 
[02:51:52.549] TX> 
[02:51:53.549] RX< 
[02:51:53.549] RX< msh />
[02:51:53.549] RX< msh />
[02:51:53.757] TX> echo "EVBTEST_HELLO"
[02:51:53.757] TX> echo "__EVBTEST_END_16abc872__"
[02:51:55.551] RX< echo "EVBTEST_HELLO"
[02:51:55.551] RX< EVBTEST_HELLO
[02:51:55.551] RX< msh />echo "__EVBTEST_END_16abc872__"
[02:51:55.551] RX< __EVBTEST_END_16abc872__
[02:51:55.551] RX< msh />
[02:51:55.757] TX> cd /
[02:51:55.757] TX> echo "__EVBTEST_END_bcec7fe8__"
[02:51:57.553] RX< cd /
[02:51:57.553] RX< msh />echo "__EVBTEST_END_bcec7fe8__"
[02:51:57.553] RX< __EVBTEST_END_bcec7fe8__
[02:51:57.553] RX< msh />
[02:51:57.761] TX> dfs_video_stop
[02:51:57.761] TX> echo "__EVBTEST_END_543e8a55__"
[02:51:59.555] RX< dfs_video_stop
[02:51:59.555] RX< [6] [App Dfs] Please start recording the video first.
[02:51:59.555] RX< msh />echo "__EVBTEST_END_543e8a55__"
[02:51:59.555] RX< __EVBTEST_END_543e8a55__
[02:51:59.555] RX< msh />
