[03:44:01.992] [INFO] VX100 EVB 自动化测试启动，运行时间戳: 20260818_034401
[03:44:01.992] [INFO] 启用模块: ['rtmp']
[03:44:01.992] [INFO] 开始自动探测 EVB 串口，候选端口 ['/dev/ttyUSB1']，候选波特率 [2000000, 250000, 115200, 921600]
[03:44:01.992] [DEBUG] 探测 /dev/ttyUSB1 @ 2000000 ...
[03:44:04.304] [INFO]   命中 EVB 指纹: /dev/ttyUSB1 @ 2000000
[03:44:04.304] [INFO] 探测到 EVB: /dev/ttyUSB1 @ 2000000
[03:44:04.309] [INFO] 串口已打开: /dev/ttyUSB1 @ 2000000 bps
[03:44:06.310] [INFO] EVB 已就绪
[03:44:08.313] [DEBUG] 串口自检通过
[03:44:08.314] [INFO] 预清理板子状态...
[03:44:15.934] [INFO] 扫描 WiFi 网络...
[03:44:20.490] [ERROR] SSID 为空
[03:44:20.490] [WARN] WiFi 交互连接失败，将依赖 wifi_join 用例连接
[03:44:20.491] [INFO] 本次执行模块顺序: ['rtmp']
[03:44:20.491] [WARN] 未能确定 PC IP，RTMP 推流可能失败
[03:44:20.491] >>> 执行模块: rtmp
[03:44:20.491] [FAIL] rtmp (0ms) - 无法确定 PC IP，RTMP 推流目标未知
[03:44:20.510] ==================================================
[03:44:20.510] 测试完成：共 1 项 | 通过 0 | 失败 1 | 跳过 0 | 错误 0 | 通过率 0.0% | 总耗时 0.0s
[03:44:20.510] ==================================================
[03:44:20.510] [INFO]   json 报告: reports/20260818_034401/result.json
[03:44:20.510] [INFO]   junit 报告: reports/20260818_034401/junit.xml
[03:44:20.510] [INFO]   html 报告: reports/20260818_034401/report.html
[03:44:21.208] [DEBUG] 串口已关闭
