[03:44:04.309] TX> 
[03:44:05.311] TX> 
[03:44:06.310] RX< 
[03:44:06.310] RX< msh /emmc>
[03:44:06.310] RX< msh /emmc>
[03:44:06.513] TX> echo "EVBTEST_HELLO"
[03:44:06.513] TX> echo "__EVBTEST_END_0fb632ef__"
[03:44:08.312] RX< echo "EVBTEST_HELLO"
[03:44:08.312] RX< EVBTEST_HELLO
[03:44:08.312] RX< msh /emmc>echo "__EVBTEST_END_0fb632ef__"
[03:44:08.312] RX< __EVBTEST_END_0fb632ef__
[03:44:08.312] RX< msh /emmc>
[03:44:08.516] TX> cd /
[03:44:08.516] TX> echo "__EVBTEST_END_99e23206__"
[03:44:10.315] RX< cd /
[03:44:10.315] RX< msh />echo "__EVBTEST_END_99e23206__"
[03:44:10.315] RX< __EVBTEST_END_99e23206__
[03:44:10.315] RX< msh />
[03:44:10.518] TX> dfs_video_stop
[03:44:10.518] TX> echo "__EVBTEST_END_2fdecc6b__"
[03:44:12.317] RX< dfs_video_stop
[03:44:12.317] RX< [6] [App Dfs] Please start recording the video first.
[03:44:12.317] RX< msh />echo "__EVBTEST_END_2fdecc6b__"
[03:44:12.317] RX< __EVBTEST_END_2fdecc6b__
[03:44:12.317] RX< msh />
[03:44:15.973] RX< wifi scan
[03:44:15.973] RX<              SSID                      MAC            security    rssi chn Mbps
[03:44:15.973] RX< ------------------------------- -----------------  -------------- ---- --- ----
[03:44:15.973] RX< SW-test-2.4G                    f8:ce:21:8b:a6:fc  WPA2_AES_PSK   3     13  600
[03:44:15.973] RX< grav
[03:44:15.999] RX< ityXR                       f4:e4:51:83:d5:50  WPA2_AES_PSK   -51   13  144
[03:44:15.999] RX<  Gwireless                      f4:e4:51:83:d5:51  WPA2_AES_PSK   -56   13  144
[03:44:15.999] RX< G-Demo                          f4:e4:51:83:d5:52  WPA2_AES_PSK   -52   13  144
[03:44:15.999] RX< HUAWEI-X1E3WU    
[03:44:16.145] TX> wifi scan
[03:44:16.145] TX> echo "__EVBTEST_END_d1a8f59c__"
[03:44:16.341] RX<                42:17:a3:f1:cf:49  WPA2_AES_PSK   -50    1  144
[03:44:16.341] RX< ftp_test_2_4G                   62:ed:11:f2:02:a7  WPA2_AES_PSK   -40    5  144
[03:44:16.341] RX< DIRECT-9Q-客厅电视          66:6b:e7:66:5c:be  WPA2_AES_PSK   -54   11  144
[03:44:16.341] RX< GTS_24G                       
[03:44:16.341] RX<   a4:a9:30:fb:94:34  WPA2_AES_PSK   -54   11  288
[03:44:16.341] RX< gravityXR                       f4:e4:51:83:d3:10  WPA2_AES_PSK   -48   11  144
[03:44:16.341] RX<  Gwireless                      f4:e4:51:83:d3:11  WPA2_AES_PSK   -47   11  144
[03:44:16.341] RX< G-Demo                          f4:e4:51:83
[03:44:17.197] RX< :d3:12  WPA2_AES_PSK   -49   11  144
[03:44:17.197] RX< YundSoft                        48:5f:08:fd:af:2d  WPA2_AES_PSK   -58   11  300
[03:44:17.197] RX< TP-LINK_5G_756B                 c2:45:86:39:8c:5f  WPA2_AES_PSK   -60    1  300
[03:44:17.197] RX< alk                             04:bd:70:6f:de:60  WPA2_
[03:44:19.199] RX< AES_PSK   -63    6   72
[03:44:19.199] RX< msh />echo "__EVBTEST_END_d1a8f59c__"
[03:44:19.199] RX< __EVBTEST_END_d1a8f59c__
[03:44:19.199] RX< msh />
