[01:26:49.620] [INFO] VX100 EVB 自动化测试启动，运行时间戳: 20260813_012649
[01:26:49.620] [INFO] 启用模块: ['wifi_check', 'wifi_scan', 'wifi_join', 'emmc', 'ftp', 'photo', 'video']
[01:26:49.621] [INFO] 开始自动探测 EVB 串口，候选端口 ['/dev/ttyUSB0', '/dev/ttyUSB1', '/dev/ttyUSB2']，候选波特率 [2000000, 250000, 115200, 921600]
[01:26:49.621] [DEBUG] 探测 /dev/ttyUSB0 @ 2000000 ...
[01:26:52.227] [INFO]   命中 EVB 指纹: /dev/ttyUSB0 @ 2000000
[01:26:52.227] [DEBUG] 探测 /dev/ttyUSB1 @ 2000000 ...
[01:26:54.529] [DEBUG] 探测 /dev/ttyUSB1 @ 250000 ...
[01:26:56.832] [DEBUG] 探测 /dev/ttyUSB1 @ 115200 ...
[01:26:59.136] [DEBUG] 探测 /dev/ttyUSB1 @ 921600 ...
[01:27:01.440] [DEBUG] 探测 /dev/ttyUSB2 @ 2000000 ...
[01:27:03.744] [DEBUG] 探测 /dev/ttyUSB2 @ 250000 ...
[01:27:06.047] [DEBUG] 探测 /dev/ttyUSB2 @ 115200 ...
[01:27:08.349] [DEBUG] 探测 /dev/ttyUSB2 @ 921600 ...
[01:27:10.653] [INFO] 探测到 EVB: /dev/ttyUSB0 @ 2000000
[01:27:10.654] [INFO] 串口已打开: /dev/ttyUSB0 @ 2000000 bps
[01:27:11.075] [INFO] EVB 已就绪
[01:27:11.124] [DEBUG] 串口自检通过
[01:27:11.124] [INFO] 预清理板子状态...
[01:27:12.233] [INFO] 本次执行模块顺序: ['wifi_check', 'wifi_scan', 'wifi_join', 'emmc', 'ftp', 'photo', 'video']
[01:27:12.234] >>> 执行模块: wifi_check
[01:27:12.266] [PASS] wifi_check (32ms) - 已联网，IP=10.1.90.71（跳过 wifi scan/join）
[01:27:12.266] >>> 执行模块: wifi_scan
[01:27:12.266] [SKIP] wifi_scan (0ms) - WiFi 已连接（IP=10.1.90.71），跳过扫描测试
[01:27:12.266] >>> 执行模块: wifi_join
[01:27:12.266] [SKIP] wifi_join (0ms) - WiFi 已连接 (未知SSID/10.1.90.71)，跳过 join 测试
[01:27:12.266] >>> 执行模块: emmc
[01:27:12.287] [PASS] emmc (21ms) - 已进入 /emmc（自动挂载）
[01:27:12.288] >>> 执行模块: ftp
[01:27:12.510] [DEBUG] FTP 已连接 10.1.90.71:21 (尝试 1)
[01:27:12.922] [PASS] ftp (633ms) - FTP 已连接 10.1.90.71，/emmc 列出 3 项
[01:27:12.922] >>> 执行模块: photo
[01:27:13.493]   拍照测试: 模式 auto
[01:27:16.168] [DEBUG] 强制重连 FTP
[01:27:17.891] [DEBUG] FTP 已连接 10.1.90.71:21 (尝试 1)
[01:27:17.891] [INFO] FTP 已恢复
[01:27:34.270] [PASS] photo[auto] (20776ms) - JPEG OK 724KB | 拍照成功，保存到 /emmc/PIC/20260813_042714_6973 | 已下载到 logs/20260813_012649/photos/auto_20260813_042714_6973_Image_20260813_042714_6973_0.jpg
[01:27:34.270] >>> 执行模块: video
[01:27:34.749]   录像测试: 1080p / 5s
[01:28:05.706] [FAIL] video (30957ms) - 停止录像失败
[01:28:05.748] ==================================================
[01:28:05.748] 测试完成：共 7 项 | 通过 4 | 失败 1 | 跳过 2 | 错误 0 | 通过率 57.1% | 总耗时 52.4s
[01:28:05.748] ==================================================
[01:28:05.748] [INFO]   json 报告: reports/20260813_012649/result.json
[01:28:05.748] [INFO]   junit 报告: reports/20260813_012649/junit.xml
[01:28:05.748] [INFO]   html 报告: reports/20260813_012649/report.html
[01:28:06.002] [DEBUG] 串口已关闭
