[04:05:02.660] [INFO] VX100 EVB 自动化测试启动，运行时间戳: 20260813_040502
[04:05:02.660] [INFO] 启用模块: ['wifi_check', 'wifi_scan', 'wifi_join', 'emmc', 'ftp', 'photo', 'video', 'rtmp']
[04:05:02.661] [INFO] 开始自动探测 EVB 串口，候选端口 ['/dev/ttyUSB0', '/dev/ttyUSB1', '/dev/ttyUSB2']，候选波特率 [2000000, 250000, 115200, 921600]
[04:05:02.661] [DEBUG] 探测 /dev/ttyUSB0 @ 2000000 ...
[04:05:04.967] [INFO]   命中 EVB 指纹: /dev/ttyUSB0 @ 2000000
[04:05:04.967] [DEBUG] 探测 /dev/ttyUSB1 @ 2000000 ...
[04:05:07.269] [DEBUG] 探测 /dev/ttyUSB1 @ 250000 ...
[04:05:09.573] [DEBUG] 探测 /dev/ttyUSB1 @ 115200 ...
[04:05:11.877] [DEBUG] 探测 /dev/ttyUSB1 @ 921600 ...
[04:05:14.181] [DEBUG] 探测 /dev/ttyUSB2 @ 2000000 ...
[04:05:16.484] [DEBUG] 探测 /dev/ttyUSB2 @ 250000 ...
[04:05:18.789] [DEBUG] 探测 /dev/ttyUSB2 @ 115200 ...
[04:05:21.093] [DEBUG] 探测 /dev/ttyUSB2 @ 921600 ...
[04:05:23.396] [INFO] 探测到 EVB: /dev/ttyUSB0 @ 2000000
[04:05:23.398] [INFO] 串口已打开: /dev/ttyUSB0 @ 2000000 bps
[04:05:29.401] [INFO] EVB 已就绪
[04:05:31.403] [DEBUG] 串口自检通过
[04:05:31.403] [INFO] 预清理板子状态...
[04:05:38.424] [INFO] 本次执行模块顺序: ['wifi_check', 'wifi_scan', 'wifi_join', 'emmc', 'ftp', 'photo', 'video', 'rtmp']
[04:05:38.424] >>> 执行模块: wifi_check
[04:05:40.445] [PASS] wifi_check (2020ms) - 未联网，将继续 scan/join
[04:05:40.445] >>> 执行模块: wifi_scan
[04:05:44.579] [PASS] wifi_scan (4134ms) - 扫描到 10 个 AP（其中 1 个 RSSI<-70 信号弱）
[04:05:44.580] >>> 执行模块: wifi_join
[04:06:14.585] [FAIL] wifi_join (0ms) - 连接失败或未获取 IP (G-Demo)
[04:06:14.585] >>> 执行模块: emmc
[04:06:14.607] [PASS] emmc (21ms) - 已进入 /emmc（自动挂载）
[04:06:14.607] [SKIP] ftp (0ms) - 依赖模块未通过: ['wifi_join']
[04:06:14.607] >>> 执行模块: photo
[04:06:14.607] [SKIP] photo (0ms) - FTP 客户端不可用，跳过拍照
[04:06:14.607] >>> 执行模块: video
[04:06:14.607] [SKIP] video (0ms) - FTP 客户端不可用，跳过录像
[04:06:14.607] [SKIP] rtmp (0ms) - 依赖模块未通过: ['wifi_join']
[04:06:14.658] ==================================================
[04:06:14.658] 测试完成：共 8 项 | 通过 3 | 失败 1 | 跳过 4 | 错误 0 | 通过率 37.5% | 总耗时 6.2s
[04:06:14.658] ==================================================
[04:06:14.658] [INFO]   json 报告: reports/20260813_040502/result.json
[04:06:14.658] [INFO]   junit 报告: reports/20260813_040502/junit.xml
[04:06:14.658] [INFO]   html 报告: reports/20260813_040502/report.html
[04:06:16.613] [DEBUG] 串口已关闭
