[04:05:23.398] TX> 
[04:05:24.398] TX> 
[04:05:25.399] RX< 
[04:05:25.399] RX< msh />
[04:05:25.399] RX< msh />
[04:05:25.399] TX> 
[04:05:26.400] TX> 
[04:05:27.400] RX< 
[04:05:27.400] RX< msh />
[04:05:27.400] RX< msh />
[04:05:27.400] TX> 
[04:05:28.401] TX> 
[04:05:29.401] RX< 
[04:05:29.401] RX< msh />
[04:05:29.401] RX< msh />
[04:05:29.409] TX> echo "EVBTEST_HELLO"
[04:05:29.409] TX> echo "__EVBTEST_END_e5395700__"
[04:05:31.403] RX< echo "EVBTEST_HELLO"
[04:05:31.403] RX< EVBTEST_HELLO
[04:05:31.403] RX< msh />echo "__EVBTEST_END_e5395700__"
[04:05:31.403] RX< __EVBTEST_END_e5395700__
[04:05:31.403] RX< msh />
[04:05:31.409] TX> cd /
[04:05:31.409] TX> echo "__EVBTEST_END_7e068954__"
[04:05:33.405] RX< cd /
[04:05:33.405] RX< msh />echo "__EVBTEST_END_7e068954__"
[04:05:33.405] RX< __EVBTEST_END_7e068954__
[04:05:33.405] RX< msh />
[04:05:33.413] TX> dfs_video_stop
[04:05:33.413] TX> echo "__EVBTEST_END_11104af1__"
[04:05:35.407] RX< dfs_video_stop
[04:05:35.407] RX< [6] [App Dfs] Please start recording the video first.
[04:05:35.407] RX< msh />echo "__EVBTEST_END_11104af1__"
[04:05:35.407] RX< __EVBTEST_END_11104af1__
[04:05:35.407] RX< msh />
[04:05:35.413] TX> ftp_server
[04:05:35.413] TX> echo "__EVBTEST_END_0beaa037__"
[04:05:37.409] RX< ftp_server
[04:05:37.409] RX< 
[04:05:37.409] RX< [FTP] Ftp server init success!!!
[04:05:37.409] RX< msh />echo "__EVBTEST_END_0beaa037__"
[04:05:37.409] RX< __EVBTEST_END_0beaa037__
[04:05:37.409] RX< msh />
[04:05:38.433] TX> ifconfig
[04:05:38.433] TX> echo "__EVBTEST_END_339b6e15__"
[04:05:38.433] RX< ifconfig
[04:05:38.433] RX< network interface device: w0 (Default)
[04:05:38.433] RX< MTU: 1500
[04:05:38.433] RX< MAC: 8c ea 12 ba a8 2c 
[04:05:38.433] RX< FLAGS: UP LINK_DOWN INTERNET_DOWN DHCP_ENABLE ETHARP BROADCAST IGMP
[04:05:38.433] RX< ip address: 0.0.0.0
[04:05:38.433] RX< gw address: 0.0.0.0
[04:05:38.433] RX< net mask  : 0.0.0.0
[04:05:38.433] RX< dns server #0: 0.0.0.0
[04:05:38.433] RX< dns server #1: 0.0
[04:05:38.444] RX< .0.0
[04:05:38.444] RX< 
[04:05:38.444] RX< network interface device: w1
[04:05:38.444] RX< MTU: 1500
[04:05:38.444] RX< MAC: 8e ea 12 ba a8 2c 
[04:05:38.444] RX< FLAGS: UP LINK_DOWN INTERNET_DOWN DHCP_ENABLE ETHARP BROADCAST IGMP
[04:05:38.444] RX< ip address: 0.0.0.0
[04:05:38.444] RX< gw address: 0.0.0.0
[04:05:38.444] RX< net mask  : 0.0.0.0
[04:05:38.444] RX< dns server #0: 0.0.0.0
[04:05:38.444] RX< dns server #1: 0.0.0.0
[04:05:38.444] RX< msh />e
[04:05:40.444] RX< cho "__EVBTEST_END_339b6e15__"
[04:05:40.444] RX< __EVBTEST_END_339b6e15__
[04:05:40.444] RX< msh />[32m[I/ftp] service launched success.[0m
[04:05:40.453] TX> wifi scan
[04:05:40.453] TX> echo "__EVBTEST_END_9a1d7334__"
[04:05:40.785] RX< wifi scan
[04:05:40.785] RX<              SSID                      MAC            security    rssi chn Mbps
[04:05:40.785] RX< ------------------------------- -----------------  -------------- ---- --- ----
[04:05:40.785] RX< gravityXR                       f4:e4:51:83:d5:80  WPA2_AES_PSK   -50    1  144
[04:05:40.785] RX< ftp_
[04:05:41.127] RX< test_2_4G                   62:ed:11:f2:02:a7  WPA2_AES_PSK   -30    7  144
[04:05:41.127] RX< ftp_hw_2_4g                     e2:19:01:17:87:d1  WPA2_AES_PSK   -37    1  144
[04:05:41.127] RX<  Gwireless                      f4:e4:51:83:d5:81  WPA2_AES_PSK   -57    1  144
[04:05:41.127] RX< G-Demo           
[04:05:41.144] RX<                f4:e4:51:83:d5:82  WPA2_AES_PSK   -57    1  144
[04:05:41.144] RX< HUAWEI-X1E3WU                   42:17:a3:f1:cf:49  WPA2_AES_PSK   -59    1  144
[04:05:41.144] RX< alk_guest                       2c:97:b1:17:2e:a1  WPA2_MIXED_PSK -55    1   72
[04:05:41.144] RX< TP-LINK_5G_756B               
[04:05:42.577] RX<   c2:45:86:39:8c:5f  WPA2_AES_PSK   -55    1  300
[04:05:42.577] RX< ZJ-DBGT                         cc:20:8c:ae:49:60  OPEN           -79    1  144
[04:05:42.577] RX< MTK_CHEETAH_AP_2.4G             e0:ef:02:71:f5:71  OPEN           -49   13  300
[04:05:42.577] RX< msh />echo "__EVBTEST_END_9a1d7334__"
[04:05:42.577] RX< __EVB
[04:05:44.579] RX< TEST_END_9a1d7334__
[04:05:44.579] RX< msh />
[04:05:44.585] TX> wifi join G-Demo Gdemo@123
[04:05:44.585] TX> echo "__EVBTEST_END_c68e6b69__"
[04:05:46.581] RX< wifi join G-Demo Gdemo@123
[04:05:48.583] RX< [33m[W/WLAN.mgnt] F:rt_wlan_connect L:935 not find ap! ssid:G-Demo,info.ssid.len=6[0m
[04:05:48.583] RX< msh />echo "__EVBTEST_END_c68e6b69__"
[04:05:48.583] RX< __EVBTEST_END_c68e6b69__
[04:05:48.583] RX< msh />
[04:06:14.597] TX> cd /emmc
[04:06:14.597] TX> echo "__EVBTEST_END_680a4edb__"
[04:06:14.607] RX< cd /emmc
[04:06:14.607] RX< msh /emmc>echo "__EVBTEST_END_680a4edb__"
[04:06:14.607] RX< __EVBTEST_END_680a4edb__
[04:06:14.607] RX< msh /emmc>
