[23:03:26.088] [INFO] VX100 EVB 自动化测试启动，运行时间戳: 20260812_230326
[23:03:26.088] [INFO] 启用模块: ['wifi_scan', 'wifi_join', 'emmc', 'ftp', 'photo', 'video']
[23:03:26.089] [INFO] 开始自动探测 EVB 串口，候选端口 ['/dev/ttyUSB0', '/dev/ttyUSB1', '/dev/ttyUSB2']，候选波特率 [2000000, 250000, 115200, 921600]
[23:03:26.089] [DEBUG] 探测 /dev/ttyUSB0 @ 2000000 ...
[23:03:28.433] [INFO]   命中 EVB 指纹: /dev/ttyUSB0 @ 2000000
[23:03:28.433] [DEBUG] 探测 /dev/ttyUSB1 @ 2000000 ...
[23:03:30.737] [DEBUG] 探测 /dev/ttyUSB1 @ 250000 ...
[23:03:33.041] [DEBUG] 探测 /dev/ttyUSB1 @ 115200 ...
[23:03:35.344] [DEBUG] 探测 /dev/ttyUSB1 @ 921600 ...
[23:03:37.647] [DEBUG] 探测 /dev/ttyUSB2 @ 2000000 ...
[23:03:39.949] [DEBUG] 探测 /dev/ttyUSB2 @ 250000 ...
[23:03:42.253] [DEBUG] 探测 /dev/ttyUSB2 @ 115200 ...
[23:03:44.557] [DEBUG] 探测 /dev/ttyUSB2 @ 921600 ...
[23:03:46.861] [INFO] 探测到 EVB: /dev/ttyUSB0 @ 2000000
[23:03:46.862] [INFO] 串口已打开: /dev/ttyUSB0 @ 2000000 bps
[23:03:47.253] [INFO] EVB 已就绪
[23:03:47.303] [DEBUG] 串口自检通过
[23:03:47.303] [INFO] 预清理板子状态...
[23:03:48.580] [INFO] 本次执行模块顺序: ['wifi_scan', 'wifi_join', 'emmc', 'ftp', 'photo', 'video']
[23:03:48.580] >>> 执行模块: wifi_scan
[23:03:51.220] [PASS] wifi_scan (2639ms) - 扫描到 8 个 AP
[23:03:51.220] >>> 执行模块: wifi_join
[23:04:21.225] [FAIL] wifi_join (0ms) - 连接失败或未获取 IP (G-Demo)
[23:04:21.226] >>> 执行模块: emmc
[23:04:21.249] [PASS] emmc (23ms) - 已进入 /emmc（自动挂载）
[23:04:21.249] [SKIP] ftp (0ms) - 依赖模块未通过: ['wifi_join']
[23:04:21.249] [SKIP] photo (0ms) - 依赖模块未通过: ['ftp']
[23:04:21.249] [SKIP] video (0ms) - 依赖模块未通过: ['ftp']
[23:04:21.291] ==================================================
[23:04:21.291] 测试完成：共 6 项 | 通过 2 | 失败 1 | 跳过 3 | 错误 0 | 通过率 33.3% | 总耗时 2.7s
[23:04:21.291] ==================================================
[23:04:21.291] [INFO]   json 报告: reports/20260812_230326/result.json
[23:04:21.291] [INFO]   junit 报告: reports/20260812_230326/junit.xml
[23:04:21.291] [INFO]   html 报告: reports/20260812_230326/report.html
[23:04:21.427] [DEBUG] 串口已关闭
