[07:06:08.697] TX> 
[07:06:09.698] TX> 
[07:06:10.697] RX< 
[07:06:10.697] RX< msh />
[07:06:10.697] RX< msh />
[07:06:10.709] TX> ls /
[07:06:10.709] TX> echo "__EVBTEST_END_91d62a68__"
[07:06:12.699] RX< ls /
[07:06:12.699] RX< Directory /:
[07:06:12.699] RX< [34mdev                 [0m<DIR>                    
[07:06:12.699] RX< [34memmc                [0m<DIR>                    
[07:06:12.699] RX< msh />echo "__EVBTEST_END_91d62a68__"
[07:06:12.699] RX< __EVBTEST_END_91d62a68__
[07:06:12.699] RX< msh />
[07:06:12.709] TX> ls /emmc
[07:06:12.709] TX> echo "__EVBTEST_END_3337542e__"
[07:06:12.718] RX< ls /emmc
[07:06:12.718] RX< Directory /emmc:
[07:06:12.718] RX< [34mVIDEO               [0m<DIR>                    
[07:06:12.718] RX< [34mPIC                 [0m<DIR>                    
[07:06:12.718] RX< [34mDUMP                [0m<DIR>                    
[07:06:12.718] RX< msh />echo "__EVBTEST_END_3337542e__"
[07:06:12.718] RX< __EVBTEST_END_3337542e__
[07:06:12.719] TX> pwd
[07:06:12.719] TX> echo "__EVBTEST_END_2d3991c7__"
[07:06:14.721] RX< 
[07:06:14.721] RX< msh />pwd
[07:06:14.721] RX< /
[07:06:14.721] RX< msh />echo "__EVBTEST_END_2d3991c7__"
[07:06:14.721] RX< __EVBTEST_END_2d3991c7__
[07:06:14.721] RX< msh />
[07:06:14.721] TX> ls
[07:06:14.721] TX> echo "__EVBTEST_END_4afc979c__"
[07:06:16.723] RX< ls
[07:06:16.723] RX< Directory /:
[07:06:16.723] RX< [34mdev                 [0m<DIR>                    
[07:06:16.723] RX< [34memmc                [0m<DIR>                    
[07:06:16.723] RX< msh />echo "__EVBTEST_END_4afc979c__"
[07:06:16.723] RX< __EVBTEST_END_4afc979c__
[07:06:16.723] RX< msh />
[07:06:16.724] TX> df
[07:06:16.724] TX> echo "__EVBTEST_END_7d3fc3b5__"
[07:06:18.725] RX< df
[07:06:18.725] RX< msh />echo "__EVBTEST_END_7d3fc3b5__"
[07:06:18.725] RX< __EVBTEST_END_7d3fc3b5__
[07:06:18.725] RX< msh />
[07:06:18.733] TX> ls /emmc/pic
[07:06:18.733] TX> echo "__EVBTEST_END_ad44328b__"
[07:06:20.727] RX< ls /emmc/pic
[07:06:20.727] RX< Directory /emmc/pic:
[07:06:20.727] RX< [34m20260811_080225_0174[0m<DIR>                    
[07:06:20.727] RX< [34m20260812_021018_7220[0m<DIR>                    
[07:06:20.727] RX< msh />echo "__EVBTEST_END_ad44328b__"
[07:06:20.727] RX< __EVBTEST_END_ad44328b__
[07:06:20.727] RX< msh />
[07:06:20.737] TX> ls /emmc/video
[07:06:20.737] TX> echo "__EVBTEST_END_7cc9e868__"
[07:06:20.756] RX< ls /emmc/video
[07:06:20.756] RX< Directory /emmc/video:
[07:06:20.756] RX< [34m20260811_082134_9385[0m<DIR>                    
[07:06:20.756] RX< [34m20260811_083916_1765[0m<DIR>                    
[07:06:20.756] RX< [34m20260811_084221_6910[0m<DIR>                    
[07:06:20.756] RX< [34m20260811_084310_5356[0m<DIR>                
[07:06:22.759] RX<     
[07:06:22.759] RX< [34m20260811_084347_2787[0m<DIR>                    
[07:06:22.759] RX< [34m20260811_084827_3088[0m<DIR>                    
[07:06:22.759] RX< msh />echo "__EVBTEST_END_7cc9e868__"
[07:06:22.759] RX< __EVBTEST_END_7cc9e868__
[07:06:22.759] RX< msh />
