[05:25:17.980] [INFO] VX100 EVB 自动化测试启动，运行时间戳: 20260819_052517
[05:25:17.980] [INFO] 启用模块: ['wifi_check', 'wifi_scan', 'wifi_join', 'emmc', 'ftp', 'photo', 'video', 'rtmp']
[05:25:17.981] [INFO] 开始自动探测 EVB 串口，候选端口 ['/dev/ttyUSB1']，候选波特率 [2000000, 250000, 115200, 921600]
[05:25:17.981] [DEBUG] 探测 /dev/ttyUSB1 @ 2000000 ...
[05:25:20.292] [INFO]   命中 EVB 指纹: /dev/ttyUSB1 @ 2000000
[05:25:20.292] [INFO] 探测到 EVB: /dev/ttyUSB1 @ 2000000
[05:25:20.296] [INFO] 串口已打开: /dev/ttyUSB1 @ 2000000 bps
[05:25:22.298] [INFO] EVB 已就绪
[05:25:24.301] [DEBUG] 串口自检通过
[05:25:24.301] [INFO] 预清理板子状态...
[05:25:35.479] [INFO] 使用默认 WiFi: SW-test-2.4G
[05:25:44.323] [INFO] WiFi 连接成功: SW-test-2.4G / IP=192.168.1.101
[05:25:49.329] [INFO] 本次执行模块顺序: ['wifi_check', 'wifi_scan', 'wifi_join', 'emmc', 'ftp', 'photo', 'video', 'rtmp']
[05:25:49.329] >>> 模块 [wifi_check] 开始执行
[05:25:49.329]     - 执行模块: wifi_check
[05:25:51.352] [PASS] wifi_check (2022ms) - 已联网，IP=192.168.1.101（跳过 wifi scan/join）
[05:25:51.352] <<< 模块 [wifi_check] 结束，耗时 2.0s（结果 PASS）
[05:25:51.352] >>> 模块 [wifi_scan] 开始执行
[05:25:51.352]     - 执行模块: wifi_scan
[05:25:51.353] [SKIP] wifi_scan (0ms) - WiFi 已连接（IP=192.168.1.101），跳过扫描测试
[05:25:51.353] <<< 模块 [wifi_scan] 结束，耗时 0.0s（结果 SKIP）
[05:25:51.353] >>> 模块 [wifi_join] 开始执行
[05:25:51.353]     - 执行模块: wifi_join
[05:25:51.353] [SKIP] wifi_join (0ms) - WiFi 已连接 (SW-test-2.4G/192.168.1.101)，跳过 join 测试
[05:25:51.353] <<< 模块 [wifi_join] 结束，耗时 0.0s（结果 SKIP）
[05:25:51.353] >>> 模块 [emmc] 开始执行
[05:25:51.353]     - 执行模块: emmc
[05:25:53.354] [PASS] emmc (2000ms) - 已进入 /emmc（自动挂载）
[05:25:53.354] <<< 模块 [emmc] 结束，耗时 2.0s（结果 PASS）
[05:25:53.354] >>> 模块 [ftp] 开始执行
[05:25:53.355]     - 执行模块: ftp
[05:25:59.483] [DEBUG] FTP 已连接 192.168.1.101:21 (尝试 1)
[05:25:59.708] [PASS] ftp (6353ms) - FTP 已连接 192.168.1.101，/emmc 列出 4 项
[05:25:59.709] <<< 模块 [ftp] 结束，耗时 6.4s（结果 PASS）
[05:25:59.709] >>> 模块 [photo] 开始执行
[05:25:59.709]     - 执行模块: photo
[05:25:59.821] [DEBUG] FTP 已连接 192.168.1.101:21 (尝试 1)
[05:25:59.821] [DEBUG] FTP 已重新连接
[05:25:59.821]   拍照测试: 模式 auto
[05:26:05.819] [DEBUG] FTP 已连接 192.168.1.101:21 (尝试 1)
[05:26:05.819] [DEBUG] FTP 已重新连接
[05:26:06.237] [DEBUG] FTP 已连接 192.168.1.101:21 (尝试 1)
[05:26:07.576] [PASS] photo[auto] (7754ms) - JPEG OK 1274KB | 拍照成功，保存到 /emmc/PIC/20260101_000050_0508 | 已下载到 logs/20260819_052517/photos/auto_20260101_000050_0508_Image_20260101_000050_0508_0.jpg
[05:26:07.576] <<< 模块 [photo] 结束，耗时 7.9s（结果 PASS）
[05:26:07.576] >>> 模块 [video] 开始执行
[05:26:07.576]     - 执行模块: video
[05:26:07.737] [DEBUG] FTP 已连接 192.168.1.101:21 (尝试 1)
[05:26:07.738] [DEBUG] FTP 已重新连接
[05:26:07.738]   录像测试: 1080p / 180s
[05:26:09.698] [INFO] 拍摄开始（1080p / 180s）...
[05:29:10.234] [INFO] 拍摄结束，耗时 180.5s
[05:29:10.342] [DEBUG] FTP 已连接 192.168.1.101:21 (尝试 1)
[05:29:10.342] [DEBUG] FTP 已重新连接
[05:29:10.654] [INFO] FTP 开始下载视频: /emmc/VIDEO/20260101_000057_7750/Video_7750_0.h265 (399102KB) -> logs/20260819_052517/videos/Video_7750_0.h265
[05:29:10.761] [DEBUG] FTP 已连接 192.168.1.101:21 (尝试 1)
[05:32:27.432] [INFO] FTP 下载完成，耗时 196.8s
[05:32:27.432] [PASS] video (379694ms) - 录像成功，文件 /emmc/VIDEO/20260101_000057_7750/Video_7750_0.h265，399102KB | 已下载到 logs/20260819_052517/videos/Video_7750_0.h265
[05:32:27.432] <<< 模块 [video] 结束，耗时 379.9s（结果 PASS）
[05:32:27.432] >>> 模块 [rtmp] 开始执行
[05:32:27.432] [INFO] 自动检测到 PC IP: 192.168.1.89
[05:32:27.433]     - 执行模块: rtmp
[05:32:27.433] [INFO] 检查 RTMP 服务端 (nginx-rtmp) 是否监听 :1935
[05:32:27.433] [INFO] nginx-rtmp 就绪，RTMP 监听 :1935
[05:32:27.433]   RTMP 推流测试: rtmp://192.168.1.89/live/cam / 600s
[05:32:27.737] [INFO] 推流命令已下发，等待 EVB 建连上线...
[05:32:30.745] [INFO] 已在独立终端窗口启动 ffplay 画面确认 (/usr/bin/gnome-terminal)
[05:32:30.745] [INFO] ffprobe 探测 RTMP 流: rtmp://192.168.1.89/live/cam
[05:32:37.707] [INFO] 推流保持 600s（ffplay 画面可手动关闭，不影响测试）...
[05:33:07.734] [INFO]   推流已保持 30/600s ...
[05:33:37.764] [INFO]   推流已保持 60/600s ...
[05:34:07.795] [INFO]   推流已保持 90/600s ...
[05:34:37.825] [INFO]   推流已保持 120/600s ...
[05:35:07.854] [INFO]   推流已保持 150/600s ...
[05:35:37.882] [INFO]   推流已保持 180/600s ...
[05:36:07.910] [INFO]   推流已保持 210/600s ...
[05:36:37.940] [INFO]   推流已保持 240/600s ...
[05:37:07.970] [INFO]   推流已保持 270/600s ...
[05:37:37.998] [INFO]   推流已保持 300/600s ...
[05:38:08.026] [INFO]   推流已保持 330/600s ...
[05:38:38.054] [INFO]   推流已保持 360/600s ...
[05:39:08.082] [INFO]   推流已保持 390/600s ...
[05:39:38.113] [INFO]   推流已保持 420/600s ...
[05:40:08.142] [INFO]   推流已保持 450/600s ...
[05:40:38.170] [INFO]   推流已保持 480/600s ...
[05:41:08.198] [INFO]   推流已保持 510/600s ...
[05:41:38.226] [INFO]   推流已保持 540/600s ...
[05:42:08.254] [INFO]   推流已保持 570/600s ...
[05:42:38.282] [INFO]   推流已保持 600/600s ...
[05:42:38.493] [PASS] rtmp (611059ms) - 推流验证通过: h264 1296x2304 (ffprobe 实时探测)
[05:42:38.493] <<< 模块 [rtmp] 结束，耗时 611.1s（结果 PASS）
[05:42:38.518] ==================================================
[05:42:38.518] 测试完成：共 8 项 | 通过 6 | 失败 0 | 跳过 2 | 错误 0 | 通过率 75.0% | 总耗时 1008.9s
[05:42:38.518] ==================================================
[05:42:38.518] [INFO]   json 报告: reports/20260819_052517/result.json
[05:42:38.518] [INFO]   junit 报告: reports/20260819_052517/junit.xml
[05:42:38.518] [INFO]   html 报告: reports/20260819_052517/report.html
[05:42:52.367] [DEBUG] 串口已关闭
