[01:10:37.460] [INFO] VX100 EVB 自动化测试启动，运行时间戳: 20260813_011037
[01:10:37.460] [INFO] 启用模块: ['wifi_check', 'wifi_scan', 'wifi_join', 'emmc', 'ftp', 'photo', 'video']
[01:10:37.461] [INFO] 开始自动探测 EVB 串口，候选端口 ['/dev/ttyUSB0', '/dev/ttyUSB1', '/dev/ttyUSB2']，候选波特率 [2000000, 250000, 115200, 921600]
[01:10:37.461] [DEBUG] 探测 /dev/ttyUSB0 @ 2000000 ...
[01:10:40.179] [INFO]   命中 EVB 指纹: /dev/ttyUSB0 @ 2000000
[01:10:40.179] [DEBUG] 探测 /dev/ttyUSB1 @ 2000000 ...
[01:10:42.483] [DEBUG] 探测 /dev/ttyUSB1 @ 250000 ...
[01:10:44.787] [DEBUG] 探测 /dev/ttyUSB1 @ 115200 ...
[01:10:47.089] [DEBUG] 探测 /dev/ttyUSB1 @ 921600 ...
[01:10:49.393] [DEBUG] 探测 /dev/ttyUSB2 @ 2000000 ...
[01:10:51.697] [DEBUG] 探测 /dev/ttyUSB2 @ 250000 ...
[01:10:53.999] [DEBUG] 探测 /dev/ttyUSB2 @ 115200 ...
[01:10:56.303] [DEBUG] 探测 /dev/ttyUSB2 @ 921600 ...
[01:10:58.605] [INFO] 探测到 EVB: /dev/ttyUSB0 @ 2000000
[01:10:58.607] [INFO] 串口已打开: /dev/ttyUSB0 @ 2000000 bps
[01:10:59.226] [INFO] EVB 已就绪
[01:10:59.354] [DEBUG] 串口自检通过
[01:10:59.355] [INFO] 预清理板子状态...
[01:11:00.497] [INFO] 本次执行模块顺序: ['wifi_check', 'wifi_scan', 'wifi_join', 'emmc', 'ftp', 'photo', 'video']
[01:11:00.497] >>> 执行模块: wifi_check
[01:11:00.542] [PASS] wifi_check (44ms) - 已联网，IP=10.1.90.71（跳过 wifi scan/join）
[01:11:00.542] >>> 执行模块: wifi_scan
[01:11:00.542] [SKIP] wifi_scan (0ms) - WiFi 已连接（IP=10.1.90.71），跳过扫描测试
[01:11:00.542] >>> 执行模块: wifi_join
[01:11:00.542] [SKIP] wifi_join (0ms) - WiFi 已连接 (未知SSID/10.1.90.71)，跳过 join 测试
[01:11:00.542] >>> 执行模块: emmc
[01:11:00.576] [PASS] emmc (33ms) - 已进入 /emmc（自动挂载）
[01:11:00.576] >>> 执行模块: ftp
[01:11:02.072] [DEBUG] FTP 已连接 10.1.90.71:21 (尝试 1)
[01:11:02.837] [PASS] ftp (2260ms) - FTP 已连接 10.1.90.71，/emmc 列出 3 项
[01:11:02.837] >>> 执行模块: photo
[01:11:03.542]   拍照测试: 模式 auto
[01:11:05.581] [DEBUG] 强制重连 FTP
[01:11:07.244] [DEBUG] FTP 已连接 10.1.90.71:21 (尝试 1)
[01:11:07.244] [INFO] FTP 已恢复
[01:11:18.081] [PASS] photo[auto] (14538ms) - JPEG OK 680KB | 拍照成功，保存到 /emmc/PIC/20260813_041104_6384
[01:11:18.081] >>> 执行模块: video
[01:11:19.252]   录像测试: 1080p / 5s
[01:11:25.516] [DEBUG] 强制重连 FTP
[01:11:29.168] [DEBUG] FTP 已连接 10.1.90.71:21 (尝试 1)
[01:11:29.168] [INFO] FTP 已恢复
[01:11:32.416] [PASS] video (13164ms) - 录像成功，文件 /emmc/（大小校验跳过）
[01:11:32.458] ==================================================
[01:11:32.458] 测试完成：共 7 项 | 通过 5 | 失败 0 | 跳过 2 | 错误 0 | 通过率 71.4% | 总耗时 30.0s
[01:11:32.458] ==================================================
[01:11:32.458] [INFO]   json 报告: reports/20260813_011037/result.json
[01:11:32.458] [INFO]   junit 报告: reports/20260813_011037/junit.xml
[01:11:32.458] [INFO]   html 报告: reports/20260813_011037/report.html
[01:11:32.474] [DEBUG] 串口已关闭
