[04:55:54.205] [INFO] VX100 EVB 自动化测试启动，运行时间戳: 20260820_045554
[04:55:54.205] [INFO] 启用模块: ['wifi_check', 'wifi_scan', 'wifi_join', 'emmc', 'ftp', 'photo', 'video', 'rtmp']
[04:55:54.206] [INFO] 开始自动探测 EVB 串口，候选端口 ['/dev/ttyUSB1']，候选波特率 [2000000, 250000, 115200, 921600]
[04:55:54.206] [DEBUG] 探测 /dev/ttyUSB1 @ 2000000 ...
[04:55:56.516] [INFO]   命中 EVB 指纹: /dev/ttyUSB1 @ 2000000
[04:55:56.516] [INFO] 探测到 EVB: /dev/ttyUSB1 @ 2000000
[04:55:56.520] [INFO] 串口已打开: /dev/ttyUSB1 @ 2000000 bps
[04:55:58.521] [INFO] EVB 已就绪
[04:56:00.523] [DEBUG] 串口自检通过
[04:56:00.523] [INFO] 预清理板子状态...
[04:56:07.770] [INFO] 使用默认 WiFi: SW-test-2.4G
[04:56:16.540] [INFO] WiFi 连接成功: SW-test-2.4G / IP=192.168.1.100
[04:56:21.545] [INFO] 本次执行模块顺序: ['wifi_check', 'wifi_scan', 'wifi_join', 'emmc', 'ftp', 'photo', 'video', 'rtmp']
[04:56:21.546] >>> 模块 [wifi_check] 开始执行
[04:56:21.546]     - 执行模块: wifi_check
[04:56:23.568] [PASS] wifi_check (2022ms) - 已联网，IP=192.168.1.100（跳过 wifi scan/join）
[04:56:23.569] <<< 模块 [wifi_check] 结束，耗时 2.0s（结果 PASS）
[04:56:23.569] >>> 模块 [wifi_scan] 开始执行
[04:56:23.569]     - 执行模块: wifi_scan
[04:56:23.569] [SKIP] wifi_scan (0ms) - WiFi 已连接（IP=192.168.1.100），跳过扫描测试
[04:56:23.569] <<< 模块 [wifi_scan] 结束，耗时 0.0s（结果 SKIP）
[04:56:23.569] >>> 模块 [wifi_join] 开始执行
[04:56:23.569]     - 执行模块: wifi_join
[04:56:23.569] [SKIP] wifi_join (0ms) - WiFi 已连接 (SW-test-2.4G/192.168.1.100)，跳过 join 测试
[04:56:23.569] <<< 模块 [wifi_join] 结束，耗时 0.0s（结果 SKIP）
[04:56:23.569] >>> 模块 [emmc] 开始执行
[04:56:23.569]     - 执行模块: emmc
[04:56:25.571] [PASS] emmc (2001ms) - 已进入 /emmc（自动挂载）
[04:56:25.571] <<< 模块 [emmc] 结束，耗时 2.0s（结果 PASS）
[04:56:25.571] >>> 模块 [ftp] 开始执行
[04:56:25.571]     - 执行模块: ftp
[04:56:31.709] [DEBUG] FTP 已连接 192.168.1.100:21 (尝试 1)
[04:56:31.914] [PASS] ftp (6342ms) - FTP 已连接 192.168.1.100，/emmc 列出 3 项
[04:56:31.914] <<< 模块 [ftp] 结束，耗时 6.3s（结果 PASS）
[04:56:31.914] >>> 模块 [photo] 开始执行
[04:56:31.915]     - 执行模块: photo
[04:56:32.018] [DEBUG] FTP 已连接 192.168.1.100:21 (尝试 1)
[04:56:32.018] [DEBUG] FTP 已重新连接
[04:56:32.018]   拍照测试: 模式 auto
[04:56:37.899] [DEBUG] FTP 已连接 192.168.1.100:21 (尝试 1)
[04:56:37.899] [DEBUG] FTP 已重新连接
[04:56:38.291] [DEBUG] FTP 已连接 192.168.1.100:21 (尝试 1)
[04:56:39.163] [PASS] photo[auto] (7144ms) - JPEG OK 1405KB | 拍照成功，保存到 /emmc/PIC/20260101_000045_5710 | 已下载到 logs/20260820_045554/photos/auto_20260101_000045_5710_Image_20260101_000045_5710_0.jpg
[04:56:39.164] <<< 模块 [photo] 结束，耗时 7.2s（结果 PASS）
[04:56:39.164] >>> 模块 [video] 开始执行
[04:56:39.164]     - 执行模块: video
[04:56:39.274] [DEBUG] FTP 已连接 192.168.1.100:21 (尝试 1)
[04:56:39.274] [DEBUG] FTP 已重新连接
[04:56:39.274]   录像测试: 1080p / 180s
[04:56:39.804] [INFO] 拍摄开始（1080p / 180s）...
[04:59:40.141] [INFO] 拍摄结束，耗时 180.3s
[04:59:40.269] [DEBUG] FTP 已连接 192.168.1.100:21 (尝试 1)
[04:59:40.269] [DEBUG] FTP 已重新连接
[04:59:40.543] [INFO] FTP 开始下载视频: /emmc/VIDEO/20260101_000050_0842/Video_0842_0.h265 (398975KB) -> logs/20260820_045554/videos/Video_0842_0.h265
[04:59:40.670] [DEBUG] FTP 已连接 192.168.1.100:21 (尝试 1)
[05:02:41.679] [INFO] FTP 下载完成，耗时 181.1s
[05:02:41.679] [PASS] video (362405ms) - 录像成功，文件 /emmc/VIDEO/20260101_000050_0842/Video_0842_0.h265，398975KB | 已下载到 logs/20260820_045554/videos/Video_0842_0.h265
[05:02:41.679] <<< 模块 [video] 结束，耗时 362.5s（结果 PASS）
[05:02:41.679] >>> 模块 [rtmp] 开始执行
[05:02:41.680] [INFO] 自动检测到 PC IP: 192.168.1.89
[05:02:41.680]     - 执行模块: rtmp
[05:02:41.680] [INFO] 检查 RTMP 服务端 (nginx-rtmp) 是否监听 :1935
[05:02:41.680] [INFO] nginx-rtmp 就绪，RTMP 监听 :1935
[05:02:41.680]   RTMP 推流测试: rtmp://192.168.1.89/live/cam / 600s
[05:02:42.181] [INFO] 推流命令已下发，等待 EVB 建连上线...
[05:02:45.188] [INFO] 已在独立终端窗口启动 ffplay 画面确认 (/usr/bin/gnome-terminal)
[05:02:45.188] [INFO] ffprobe 探测 RTMP 流: rtmp://192.168.1.89/live/cam
[05:02:51.898] [INFO] 推流保持 600s（持续 heartbeat 检测，阈值 30s）...
[05:03:21.927] [INFO]   推流已保持 30/600s ...
[05:03:51.957] [INFO]   推流已保持 60/600s ...
[05:04:21.987] [INFO]   推流已保持 90/600s ...
[05:04:52.017] [INFO]   推流已保持 120/600s ...
[05:05:22.046] [INFO]   推流已保持 150/600s ...
[05:05:52.076] [INFO]   推流已保持 180/600s ...
[05:06:22.108] [INFO]   推流已保持 210/600s ...
[05:06:52.140] [INFO]   推流已保持 240/600s ...
[05:07:22.172] [INFO]   推流已保持 270/600s ...
[05:07:52.203] [INFO]   推流已保持 300/600s ...
[05:08:22.234] [INFO]   推流已保持 330/600s ...
[05:08:52.265] [INFO]   推流已保持 360/600s ...
[05:09:22.297] [INFO]   推流已保持 390/600s ...
[05:09:52.328] [INFO]   推流已保持 420/600s ...
[05:10:22.359] [INFO]   推流已保持 450/600s ...
[05:10:52.389] [INFO]   推流已保持 480/600s ...
[05:11:22.421] [INFO]   推流已保持 510/600s ...
[05:11:52.453] [INFO]   推流已保持 540/600s ...
[05:12:22.484] [INFO]   推流已保持 570/600s ...
[05:12:52.514] [INFO]   推流已保持 600/600s ...
[05:12:52.617] [PASS] rtmp (610936ms) - 推流验证通过: h264 1296x2304 (ffprobe 实时探测)，持续 0s 稳定
[05:12:52.617] <<< 模块 [rtmp] 结束，耗时 610.9s（结果 PASS）
[05:12:52.641] ==================================================
[05:12:52.641] 测试完成：共 8 项 | 通过 6 | 失败 0 | 跳过 2 | 错误 0 | 通过率 75.0% | 总耗时 990.9s
[05:12:52.641] ==================================================
[05:12:52.641] [INFO]   json 报告: reports/20260820_045554/result.json
[05:12:52.641] [INFO]   junit 报告: reports/20260820_045554/junit.xml
[05:12:52.641] [INFO]   html 报告: reports/20260820_045554/report.html
[05:13:08.625] [DEBUG] 串口已关闭
