[22:37:14.097] [INFO] VX100 EVB 自动化测试启动，运行时间戳: 20260812_223714
[22:37:14.097] [INFO] 启用模块: ['wifi_scan', 'wifi_join', 'emmc', 'ftp', 'photo', 'video']
[22:37:14.098] [INFO] 开始自动探测 EVB 串口，候选端口 ['/dev/ttyUSB0', '/dev/ttyUSB1', '/dev/ttyUSB2']，候选波特率 [2000000, 250000, 115200, 921600]
[22:37:14.098] [DEBUG] 探测 /dev/ttyUSB0 @ 2000000 ...
[22:37:16.516] [INFO]   命中 EVB 指纹: /dev/ttyUSB0 @ 2000000
[22:37:16.516] [DEBUG] 探测 /dev/ttyUSB1 @ 2000000 ...
[22:37:18.819] [DEBUG] 探测 /dev/ttyUSB1 @ 250000 ...
[22:37:21.121] [DEBUG] 探测 /dev/ttyUSB1 @ 115200 ...
[22:37:23.425] [DEBUG] 探测 /dev/ttyUSB1 @ 921600 ...
[22:37:25.729] [DEBUG] 探测 /dev/ttyUSB2 @ 2000000 ...
[22:37:28.032] [DEBUG] 探测 /dev/ttyUSB2 @ 250000 ...
[22:37:30.336] [DEBUG] 探测 /dev/ttyUSB2 @ 115200 ...
[22:37:32.640] [DEBUG] 探测 /dev/ttyUSB2 @ 921600 ...
[22:37:34.943] [INFO] 探测到 EVB: /dev/ttyUSB0 @ 2000000
[22:37:34.945] [INFO] 串口已打开: /dev/ttyUSB0 @ 2000000 bps
[22:37:36.382] [INFO] EVB 已就绪
[22:37:37.382] [DEBUG] 串口自检通过
[22:37:37.382] [INFO] 预清理板子状态...
[22:37:39.394] [INFO] 本次执行模块顺序: ['wifi_scan', 'wifi_join', 'emmc', 'ftp', 'photo', 'video']
[22:37:39.395] >>> 执行模块: wifi_scan
[22:37:42.381] [PASS] wifi_scan (2986ms) - 扫描到 9 个 AP
[22:37:42.381] >>> 执行模块: wifi_join
[22:37:50.381] [PASS] wifi_join (8000ms) - 已连接 G-Demo，IP=10.1.90.71
[22:37:50.381] >>> 执行模块: emmc
[22:37:50.514] [FAIL] emmc (0ms) - 无法进入 /emmc 目录
[22:37:50.514] >>> 执行模块: ftp
[22:37:53.442] [DEBUG] FTP 已连接 10.1.90.71:21 (尝试 1)
[22:37:54.159] [PASS] ftp (3644ms) - FTP 已连接 10.1.90.71，/emmc 列出 3 项
[22:37:54.159] >>> 执行模块: photo
[22:37:54.633]   拍照测试: 模式 auto
[22:37:58.385] [DEBUG] 强制重连 FTP
[22:38:00.808] [DEBUG] FTP 已连接 10.1.90.71:21 (尝试 1)
[22:38:00.808] [INFO] FTP 已恢复
[22:38:40.761] [PASS] photo[auto] (46128ms) - JPEG OK 722KB | 拍照成功，保存到 /emmc/PIC/20260813_013756_8177
[22:38:40.761] >>> 执行模块: video
[22:38:43.375]   录像测试: 1080p / 5s
[22:38:49.382] [DEBUG] 强制重连 FTP
[22:38:51.873] [DEBUG] FTP 已连接 10.1.90.71:21 (尝试 1)
[22:38:51.873] [INFO] FTP 已恢复
[22:38:53.177] [PASS] video (9801ms) - 录像成功，文件 /emmc/VIDEO/20260813_013843_5208/Video_5208_0.h265，10194KB
[22:38:53.217] ==================================================
[22:38:53.217] 测试完成：共 6 项 | 通过 5 | 失败 1 | 跳过 0 | 错误 0 | 通过率 83.3% | 总耗时 70.6s
[22:38:53.217] ==================================================
[22:38:53.217] [INFO]   json 报告: reports/20260812_223714/result.json
[22:38:53.217] [INFO]   junit 报告: reports/20260812_223714/junit.xml
[22:38:53.217] [INFO]   html 报告: reports/20260812_223714/report.html
[22:38:53.386] [DEBUG] 串口已关闭
