[23:18:48.761] [INFO] VX100 EVB 自动化测试启动，运行时间戳: 20260812_231848
[23:18:48.761] [INFO] 启用模块: ['wifi_check', 'wifi_scan', 'wifi_join', 'emmc', 'ftp', 'photo', 'video']
[23:18:48.762] [INFO] 开始自动探测 EVB 串口，候选端口 ['/dev/ttyUSB0', '/dev/ttyUSB1', '/dev/ttyUSB2']，候选波特率 [2000000, 250000, 115200, 921600]
[23:18:48.762] [DEBUG] 探测 /dev/ttyUSB0 @ 2000000 ...
[23:18:51.133] [INFO]   命中 EVB 指纹: /dev/ttyUSB0 @ 2000000
[23:18:51.133] [DEBUG] 探测 /dev/ttyUSB1 @ 2000000 ...
[23:18:53.437] [DEBUG] 探测 /dev/ttyUSB1 @ 250000 ...
[23:18:55.740] [DEBUG] 探测 /dev/ttyUSB1 @ 115200 ...
[23:18:58.044] [DEBUG] 探测 /dev/ttyUSB1 @ 921600 ...
[23:19:00.347] [DEBUG] 探测 /dev/ttyUSB2 @ 2000000 ...
[23:19:02.651] [DEBUG] 探测 /dev/ttyUSB2 @ 250000 ...
[23:19:04.953] [DEBUG] 探测 /dev/ttyUSB2 @ 115200 ...
[23:19:07.257] [DEBUG] 探测 /dev/ttyUSB2 @ 921600 ...
[23:19:09.561] [INFO] 探测到 EVB: /dev/ttyUSB0 @ 2000000
[23:19:09.562] [INFO] 串口已打开: /dev/ttyUSB0 @ 2000000 bps
[23:19:10.161] [INFO] EVB 已就绪
[23:19:10.187] [DEBUG] 串口自检通过
[23:19:10.187] [INFO] 预清理板子状态...
[23:19:11.448] [INFO] 本次执行模块顺序: ['wifi_check', 'wifi_scan', 'wifi_join', 'emmc', 'ftp', 'photo', 'video']
[23:19:11.448] >>> 执行模块: wifi_check
[23:19:12.127] [PASS] wifi_check (678ms) - 已联网，IP=10.1.90.71（跳过 wifi scan/join）
[23:19:12.127] >>> 执行模块: wifi_scan
[23:19:12.127] [SKIP] wifi_scan (0ms) - WiFi 已连接（IP=10.1.90.71），跳过扫描测试
[23:19:12.127] [SKIP] wifi_join (0ms) - 依赖模块未通过: ['wifi_scan']
[23:19:12.127] >>> 执行模块: emmc
[23:19:12.161] [PASS] emmc (33ms) - 已进入 /emmc（自动挂载）
[23:19:12.161] [SKIP] ftp (0ms) - 依赖模块未通过: ['wifi_join']
[23:19:12.161] [SKIP] photo (0ms) - 依赖模块未通过: ['ftp']
[23:19:12.161] [SKIP] video (0ms) - 依赖模块未通过: ['ftp']
[23:19:12.201] ==================================================
[23:19:12.202] 测试完成：共 7 项 | 通过 2 | 失败 0 | 跳过 5 | 错误 0 | 通过率 28.6% | 总耗时 0.7s
[23:19:12.202] ==================================================
[23:19:12.202] [INFO]   json 报告: reports/20260812_231848/result.json
[23:19:12.202] [INFO]   junit 报告: reports/20260812_231848/junit.xml
[23:19:12.202] [INFO]   html 报告: reports/20260812_231848/report.html
[23:19:12.229] [DEBUG] 串口已关闭
