[01:31:44.377] TX> 
[01:31:45.378] TX> 
[01:31:46.377] RX< 
[01:31:46.377] RX< msh />
[01:31:46.377] RX< msh />
[01:31:46.385] TX> wifi scan
[01:31:46.385] TX> echo "__EVBTEST_END_0487c86b__"
[01:31:46.441] RX< wifi scan
[01:31:46.441] RX<              SSID                      MAC            security    rssi chn Mbps
[01:31:46.441] RX< ------------------------------- -----------------  -------------- ---- --- ----
[01:31:46.441] RX< gravityXR                       f4:e4:51:83:d5:80  WPA2_AES_PSK   -48    1  144
[01:31:46.441] RX<  Gwi
[01:31:47.071] RX< reless                      f4:e4:51:83:d5:81  WPA2_AES_PSK   -49    1  144
[01:31:47.071] RX< G-Demo                          f4:e4:51:83:d5:82  WPA2_AES_PSK   -50    1  144
[01:31:47.071] RX< ftp_test_2_4G                   62:ed:11:f2:02:a7  WPA2_AES_PSK   -28    8  144
[01:31:47.071] RX< alk_guest        
[01:31:48.505] RX<                2c:97:b1:17:2e:a1  WPA2_MIXED_PSK -55    1   72
[01:31:48.505] RX< ftp_hw_2_4g                     e2:19:01:17:87:d1  WPA2_AES_PSK   -36    1  144
[01:31:48.505] RX< alk                             2c:97:b1:17:2e:a0  WPA2_AES_PSK   -53    1   72
[01:31:48.505] RX< msh />echo "__EVBTEST_END_0487
[01:31:50.507] RX< c86b__"
[01:31:50.507] RX< __EVBTEST_END_0487c86b__
[01:31:50.507] RX< msh />
[01:31:50.513] TX> wifi join G-Demo Gdemo@123
[01:31:50.513] TX> echo "__EVBTEST_END_d07fbf5d__"
[01:31:52.509] RX< wifi join G-Demo Gdemo@123
[01:31:54.511] RX< [33m[W/WLAN.mgnt] F:rt_wlan_connect L:935 not find ap! ssid:G-Demo,info.ssid.len=6[0m
[01:31:54.511] RX< msh />echo "__EVBTEST_END_d07fbf5d__"
[01:31:54.511] RX< __EVBTEST_END_d07fbf5d__
[01:31:54.511] RX< msh />
