[02:35:52.852] [INFO] VX100 EVB 自动化测试启动，运行时间戳: 20260819_023552
[02:35:52.852] [INFO] 启用模块: ['wifi_check', 'wifi_scan', 'wifi_join', 'emmc', 'ftp', 'photo', 'video', 'rtmp']
[02:35:52.853] [INFO] 开始自动探测 EVB 串口，候选端口 ['/dev/ttyUSB0']，候选波特率 [2000000, 250000, 115200, 921600]
[02:35:52.853] [DEBUG] 探测 /dev/ttyUSB0 @ 2000000 ...
[02:35:55.246] [INFO]   命中 EVB 指纹: /dev/ttyUSB0 @ 2000000
[02:35:55.246] [INFO] 探测到 EVB: /dev/ttyUSB0 @ 2000000
[02:35:55.249] [INFO] 串口已打开: /dev/ttyUSB0 @ 2000000 bps
[02:35:57.251] [INFO] EVB 已就绪
[02:35:59.254] [DEBUG] 串口自检通过
[02:35:59.254] [INFO] 预清理板子状态...
[02:36:06.678] [INFO] 使用默认 WiFi: SW-test-2.4G
[02:36:15.266] [INFO] WiFi 连接成功: SW-test-2.4G / IP=192.168.1.101
[02:36:20.271] [INFO] 本次执行模块顺序: ['wifi_check', 'wifi_scan', 'wifi_join', 'emmc', 'ftp', 'photo', 'video', 'rtmp']
[02:36:20.272] >>> 模块 [wifi_check] 开始执行
[02:36:20.272]     - 执行模块: wifi_check
[02:36:22.295] [PASS] wifi_check (2022ms) - 已联网，IP=192.168.1.101（跳过 wifi scan/join）
[02:36:22.295] <<< 模块 [wifi_check] 结束，耗时 2.0s（结果 PASS）
[02:36:22.295] >>> 模块 [wifi_scan] 开始执行
[02:36:22.295]     - 执行模块: wifi_scan
[02:36:22.295] [SKIP] wifi_scan (0ms) - WiFi 已连接（IP=192.168.1.101），跳过扫描测试
[02:36:22.295] <<< 模块 [wifi_scan] 结束，耗时 0.0s（结果 SKIP）
[02:36:22.296] >>> 模块 [wifi_join] 开始执行
[02:36:22.296]     - 执行模块: wifi_join
[02:36:22.296] [SKIP] wifi_join (0ms) - WiFi 已连接 (SW-test-2.4G/192.168.1.101)，跳过 join 测试
[02:36:22.296] <<< 模块 [wifi_join] 结束，耗时 0.0s（结果 SKIP）
[02:36:22.296] >>> 模块 [emmc] 开始执行
[02:36:22.296]     - 执行模块: emmc
[02:36:24.297] [PASS] emmc (2001ms) - 已进入 /emmc（自动挂载）
[02:36:24.297] <<< 模块 [emmc] 结束，耗时 2.0s（结果 PASS）
[02:36:24.297] >>> 模块 [ftp] 开始执行
[02:36:24.298]     - 执行模块: ftp
[02:36:30.473] [DEBUG] FTP 已连接 192.168.1.101:21 (尝试 1)
[02:36:30.692] [PASS] ftp (6393ms) - FTP 已连接 192.168.1.101，/emmc 列出 4 项
[02:36:30.692] <<< 模块 [ftp] 结束，耗时 6.4s（结果 PASS）
[02:36:30.692] >>> 模块 [photo] 开始执行
[02:36:30.692]     - 执行模块: photo
[02:36:30.823] [DEBUG] FTP 已连接 192.168.1.101:21 (尝试 1)
[02:36:30.823] [DEBUG] FTP 已重新连接
[02:36:30.824]   拍照测试: 模式 auto
[02:36:36.764] [DEBUG] FTP 已连接 192.168.1.101:21 (尝试 1)
[02:36:36.764] [DEBUG] FTP 已重新连接
[02:36:37.185] [DEBUG] FTP 已连接 192.168.1.101:21 (尝试 1)
[02:36:38.336] [PASS] photo[auto] (7512ms) - JPEG OK 1276KB | 拍照成功，保存到 /emmc/PIC/20260101_000040_0702 | 已下载到 logs/20260819_023552/photos/auto_20260101_000040_0702_Image_20260101_000040_0702_0.jpg
[02:36:38.336] <<< 模块 [photo] 结束，耗时 7.6s（结果 PASS）
[02:36:38.336] >>> 模块 [video] 开始执行
[02:36:38.336]     - 执行模块: video
[02:36:38.460] [DEBUG] FTP 已连接 192.168.1.101:21 (尝试 1)
[02:36:38.460] [DEBUG] FTP 已重新连接
[02:36:38.461]   录像测试: 1080p / 180s
[02:36:40.640] [INFO] 拍摄开始（1080p / 180s）...
[02:39:41.177] [INFO] 拍摄结束，耗时 180.5s
[02:39:41.427] [DEBUG] FTP 已连接 192.168.1.101:21 (尝试 1)
[02:39:41.427] [DEBUG] FTP 已重新连接
[02:39:41.847] [INFO] FTP 开始下载视频: /emmc/VIDEO/20260101_000047_7946/Video_7946_0.h265 (399069KB) -> logs/20260819_023552/videos/Video_7946_0.h265
[02:39:42.085] [DEBUG] FTP 已连接 192.168.1.101:21 (尝试 1)
[02:46:51.353] [INFO] FTP 下载完成，耗时 429.5s
[02:46:51.353] [PASS] video (612892ms) - 录像成功，文件 /emmc/VIDEO/20260101_000047_7946/Video_7946_0.h265，399069KB | 已下载到 logs/20260819_023552/videos/Video_7946_0.h265
[02:46:51.353] <<< 模块 [video] 结束，耗时 613.0s（结果 PASS）
[02:46:51.353] >>> 模块 [rtmp] 开始执行
[02:46:51.354] [INFO] 自动检测到 PC IP: 192.168.1.89
[02:46:51.354]     - 执行模块: rtmp
[02:46:51.354] [INFO] 检查 RTMP 服务端 (nginx-rtmp) 是否监听 :1935
[02:46:51.354] [INFO] nginx-rtmp 就绪，RTMP 监听 :1935
[02:46:51.354]   RTMP 推流测试: rtmp://192.168.1.89/live/cam / 600s
[02:46:51.659] [INFO] 推流命令已下发，等待 EVB 建连上线...
[02:46:54.666] [INFO] 已在独立终端窗口启动 ffplay 画面确认 (/usr/bin/gnome-terminal)
[02:46:54.666] [INFO] ffprobe 探测 RTMP 流: rtmp://192.168.1.89/live/cam
[02:47:01.488] [INFO] 推流保持 600s（ffplay 画面可手动关闭，不影响测试）...
[02:47:31.518] [INFO]   推流已保持 30/600s ...
[02:48:01.546] [INFO]   推流已保持 60/600s ...
[02:48:31.576] [INFO]   推流已保持 90/600s ...
[02:49:01.607] [INFO]   推流已保持 120/600s ...
[02:49:31.636] [INFO]   推流已保持 150/600s ...
[02:50:01.662] [INFO]   推流已保持 180/600s ...
[02:50:31.690] [INFO]   推流已保持 210/600s ...
[02:51:01.718] [INFO]   推流已保持 240/600s ...
[02:51:31.746] [INFO]   推流已保持 270/600s ...
[02:52:01.774] [INFO]   推流已保持 300/600s ...
[02:52:31.802] [INFO]   推流已保持 330/600s ...
[02:53:01.803] [INFO]   推流已保持 360/600s ...
[02:53:31.830] [INFO]   推流已保持 390/600s ...
[02:54:01.858] [INFO]   推流已保持 420/600s ...
[02:54:31.886] [INFO]   推流已保持 450/600s ...
[02:55:01.914] [INFO]   推流已保持 480/600s ...
[02:55:31.942] [INFO]   推流已保持 510/600s ...
[02:56:01.970] [INFO]   推流已保持 540/600s ...
[02:56:31.998] [INFO]   推流已保持 570/600s ...
[02:57:02.026] [INFO]   推流已保持 600/600s ...
[02:57:02.241] [PASS] rtmp (610886ms) - 推流验证通过: h264 1296x2304 (ffprobe 实时探测)
[02:57:02.241] <<< 模块 [rtmp] 结束，耗时 610.9s（结果 PASS）
[02:57:02.276] ==================================================
[02:57:02.276] 测试完成：共 8 项 | 通过 6 | 失败 0 | 跳过 2 | 错误 0 | 通过率 75.0% | 总耗时 1241.7s
[02:57:02.276] ==================================================
[02:57:02.276] [INFO]   json 报告: reports/20260819_023552/result.json
[02:57:02.276] [INFO]   junit 报告: reports/20260819_023552/junit.xml
[02:57:02.276] [INFO]   html 报告: reports/20260819_023552/report.html
[02:57:04.103] [DEBUG] 串口已关闭
