[07:50:35.335] TX> 
[07:50:36.335] TX> 
[07:50:37.335] RX< 
[07:50:37.335] RX< msh />
[07:50:37.335] RX< msh />
[07:50:37.336] TX> 
[07:50:38.336] TX> 
[07:50:39.337] RX< 
[07:50:39.337] RX< msh />
[07:50:39.337] RX< msh />
[07:50:39.345] TX> echo "EVBTEST_HELLO"
[07:50:39.345] TX> echo "__EVBTEST_END_0db6f4cc__"
[07:50:41.339] RX< echo "EVBTEST_HELLO"
[07:50:41.339] RX< EVBTEST_HELLO
[07:50:41.339] RX< msh />echo "__EVBTEST_END_0db6f4cc__"
[07:50:41.339] RX< __EVBTEST_END_0db6f4cc__
[07:50:41.339] RX< msh />
[07:50:41.345] TX> wifi disc
[07:50:41.345] TX> echo "__EVBTEST_END_0513a3ae__"
[07:50:43.341] RX< wifi disc
[07:50:43.341] RX< [32m[I/WLAN.mgnt] disconnect success![0m
[07:50:43.341] RX< msh />echo "__EVBTEST_END_0513a3ae__"
[07:50:43.341] RX< __EVBTEST_END_0513a3ae__
[07:50:43.341] RX< msh />
[07:50:44.349] TX> wifi join G-Demo Gdemo@123
[07:50:44.349] TX> echo "__EVBTEST_END_9ac1e840__"
[07:50:45.343] RX< wifi join G-Demo Gdemo@123
[07:50:51.349] RX< [32m[I/WLAN.mgnt] wifi connect success ssid:G-Demo[0m
[07:50:51.349] RX< msh />echo __EVBTEST_END_9ac1e840__"
[07:50:51.349] RX< __EVBTEST_END_9ac1e840__"
[07:50:51.349] RX< msh />
[07:50:53.350] RX< [32m[I/WLAN.lwip] Got IP address : 10.1.90.71[0m
[07:50:53.350] RX< [6] [SNTP] rtc synced: 2026-08-12 10:50:52 (tick=617800064)
[07:50:53.357] TX> ftp_server
[07:50:53.357] TX> echo "__EVBTEST_END_8f0ca1e9__"
[07:50:55.352] RX< ftp_server
[07:50:55.352] RX< 
[07:50:55.352] RX< [FTP] Ftp server init success!!!
[07:50:55.352] RX< msh />echo "__EVBTEST_END_8f0ca1e9__"
[07:50:55.352] RX< __EVBTEST_END_8f0ca1e9__
[07:50:55.352] RX< msh />
[07:50:59.353] RX< [32m[I/ftp] service launched success.[0m
[07:50:59.801] TX> cam_set photo auto
[07:50:59.801] TX> echo "__EVBTEST_END_2c14bf78__"
[07:51:01.355] RX< cam_set photo auto
[07:51:01.355] RX< [6] [App Dfs] auto mode
[07:51:01.355] RX< msh />echo "__EVBTEST_END_2c14bf78__"
[07:51:01.355] RX< __EVBTEST_END_2c14bf78__
[07:51:01.355] RX< msh />
[07:51:02.361] TX> dfs_capture_start
[07:51:02.361] TX> echo "__EVBTEST_END_2d57991b__"
[07:51:02.372] RX< dfs_capture_start
[07:51:02.372] RX< [7] [cam] [88308][tshell][cgm_parse_bin:105]total logical camera num: 1
[07:51:02.372] RX< [6] [cam] [88308][tshell][cam_prelude_create:187]E id, 0
[07:51:02.372] RX< [7] [cam] [88309][cpl0][cam_prelude_proc_routine:101]thread start
[07:51:02.372] RX< [6] [cam] [88309][tshell][cam_prelude_crea
[07:51:02.372] RX< te:214]X ctx size 124 addr 0x88480c28
[07:51:02.372] RX< [6] [cam] [88315][tshell][sensor_probe:418]sensor [1]: identifing 0 success.
[07:51:02.372] RX< [6] [cam] [88316][tshell][sensor_probe:441]sensor [1]: probe exit!
[07:51:02.372] RX< [6] [cam] [88316][tshell][cam_prelude_fast_probe:251]cam: 0 probe result:
[07:51:02.374] RX<  0
[07:51:02.374] RX< [6] [cam] [88317][tshell][cgm_parse_bin:215]cam(0) probe success
[07:51:02.374] RX< [6] [cam] [88317][tshell][cam_entry:435]entry ok
[07:51:02.374] RX< [34m[cam entry] perf=9437(us)!
[07:51:02.374] RX< [0m[6] [App Cam] cam entry success
[07:51:02.374] RX< [36mmem_laySolv: scenario=01 in=4032x3024, me_rotate=1 me_stripe=1 
[07:51:02.377] RX< 
[07:51:02.377] RX< [0m[36mmem_laySolv: me_rot 1, me_stripe 1, eis 0, be_rot 0
[07:51:02.377] RX< [0mscen1 type26 bufAdr 0x89d40b70 sz 0x1400000 reCfg for bound!
[07:51:02.377] RX< [36mmem_laySolv: scen01 20 entries solved OK!
[07:51:02.377] RX< [0m[7] [cam] [88319][tshell][cam_solve_whole_layout:355]
[07:51:02.377] RX< scen1: vol 0x8c000000 
[07:51:02.377] RX< rbuf 0x8a000000 sz 0x1400000 wbuf 0x8b400000 sz 0x200000
[07:51:02.377] RX< [36mmem_laySolv: scenario=02 in=2016x1512, me_rotate=0 me_stripe=0 
[07:51:02.377] RX< [0m[36mmem_laySolv: me_rot 0, me_stripe 0, eis 0, be_rot 0
[07:51:02.377] RX< [0mscen2 type15 bufAdr 0x89ce3ef0 sz 0xd00000 reCfg for bound!
[07:51:02.377] RX< [3
[07:51:02.380] RX< 6mmem_laySolv: scen02 14 entries solved OK!
[07:51:02.380] RX< [0m[36mmem_laySolv: scenario=03 in=4032x2268, me_rotate=1 me_stripe=0 
[07:51:02.380] RX< [0m[36mmem_laySolv: me_rot 1, me_stripe 0, eis 0, be_rot 0
[07:51:02.380] RX< [0m[36mmem_laySolv: scen03 14 entries solved OK!
[07:51:02.380] RX< [0m[36mmem_laySolv: sce
[07:51:02.380] RX< nario=04 in=4032x3024, me_rotate=1 me_stripe=1 
[07:51:02.380] RX< [0m[36mmem_laySolv: me_rot 1, me_stripe 1, eis 0, be_rot 0
[07:51:02.380] RX< [0m[36mmem_laySolv: scen04 14 entries solved OK!
[07:51:02.380] RX< [0m[36mmem_laySolv: scenario=05 in=1008x0756, me_rotate=0 me_stripe=0 
[07:51:02.380] RX< [0m[36mmem_laySolv:
[07:51:02.382] RX<  me_rot 0, me_stripe 0, eis 0, be_rot 0
[07:51:02.382] RX< [0m[36mmem_laySolv: scen05 17 entries solved OK!
[07:51:02.382] RX< [0m[36mmem_laySolv: scenario=06 in=1008x0720, me_rotate=0 me_stripe=0 
[07:51:02.382] RX< [0m[36mmem_laySolv: me_rot 0, me_stripe 0, eis 0, be_rot 0
[07:51:02.382] RX< [0m[36mmem_laySolv: scen06 
[07:51:02.383] RX< 12 entries solved OK!
[07:51:02.383] RX< [0m[36mmem_laySolv: scenario=01 in=4032x3024, me_rotate=1 me_stripe=1 
[07:51:02.383] RX< [0mscen1 type26 bufAdr 0x89d40b70 sz 0x1400000 reCfg for bound!
[07:51:02.383] RX< [36mmem_laySolv: scen01 20 entries solved OK!
[07:51:02.383] RX< [0m[7] [cam] [88326][tshell][cam_solve_whole_l
[07:51:02.385] RX< ayout:383]Solve Whole-layout Done!
[07:51:02.385] RX< [6] [cam] [88326][tshell][cgm_parse_media_para:271]phy cam num: 1
[07:51:02.385] RX< [7] [cam] [88327][cer0][cer_recovery_proc:343]thread start cid, 0
[07:51:02.385] RX< [6] [cam] [88327][tshell][csc_open:443]SENSOR MCLK cal: 24MHz
[07:51:02.385] RX< [6] [cam] [88328][tshell]
[07:51:02.386] RX< [csc_isp_clk_cal:344]MIPI CLK cal: 346MHz
[07:51:02.386] RX< [6] [cam] [88328][tshell][csc_isp_clk_cal:371]LITE CLK cal: 28MHz
[07:51:02.386] RX< [7] [cam] [88329][tshell][cpc_csi_rx_power_on:633]E id: 2
[07:51:02.386] RX< [4] [cam] [88329][tshell][cpc_csi_rx_power_on:644]csi_2 has already power on, STATUS: 1
[07:51:02.392] RX< [6] [cam] [88329][tshell][cpc_update_clock:603]actual SNS mclk: 24MHz
[07:51:02.392] RX< [6] [cam] [88330][tshell][cpc_update_clock:608]actual MIPI0: 500MHz
[07:51:02.392] RX< [6] [cam] [88330][tshell][cpc_update_clock:598]actual LITE clk: 50MHz
[07:51:02.392] RX< [7] [cam] [88330][tshell][cam_prelude_open:297]
[07:51:02.392] RX< [34msnsOpen camID1 csiID0 phyIdx0[0m
[07:51:02.392] RX< [6] [cam] [88335][tshell][sensor_expo_gain_match:48]sensor get sensor expo gain of imx681_vst
[07:51:02.392] RX< [6] [cam] [88335][tshell][sensor_open:684]sensor [1] open OK.
[07:51:02.392] RX< [6] [cam] [88336][tshell][cam_cpm_parse_media:280]photo sce
[07:51:02.395] RX< nario, media para[mfnr:0, hdr:0, capture_num:0]
[07:51:02.395] RX< [6] [cam] [88336][tshell][cam_cpm_parse_media:283]photo scenario, media para[iso:0, gain:0, wb_mode:0]
[07:51:02.395] RX< [6] [cam] [88337][tshell][csc_isp_clk_cal:353]FE CLK cal: 426MHz, ME CLK cal: 462MHz, FE/ME CLK cal: 508
[07:51:02.395] RX< MHz
[07:51:02.395] RX< [6] [cam] [88337][tshell][csc_isp_clk_cal:360]BE CLK cal: 401MHz
[07:51:02.395] RX< [4] [cam] [88338][tshell][cam_fe_core_power_on:269]fe pipe has already power on, STATUS: 1
[07:51:02.395] RX< [6] [cam] [88338][tshell][cpc_update_clock:588]actual FE/ME clk: 550MHz
[07:51:02.395] RX< [4] [cam] [88339][tshe
[07:51:02.398] RX< ll][cam_be_core_power_on:964]be pipe has already power on, STATUS: 1
[07:51:02.398] RX< [6] [cam] [88339][tshell][cpc_update_clock:593]actual BE clk: 500MHz
[07:51:02.398] RX< [7] [cam] [88340][tshell][cam_cpm_core_power_on:425]id,0 type,1 ret 0
[07:51:02.398] RX< [6] [cam] [88340][tshell][cam_cpm_core_init:914
[07:51:02.398] RX< ]E id,0 sensor type,1
[07:51:02.398] RX< [6] [cam] [88341][tshell][cpm_core_check_tuningbin:854]Tuning bin crc check PASS! sum 0xc9b121ad, xor 0x29d57d51
[07:51:02.398] RX< [6] [cam] [88341][tshell][qpc_tuning_check_iqbin_validness:396]IQ bin addr: 0x8869de60, project_name: capture_12M
[07:51:02.398] RX< [6] [
[07:51:02.401] RX< cam] [88342][tshell][qpc_tuning_check_iqbin_validness:397]total_size: 107856
[07:51:02.401] RX< [6] [cam] [88343][tshell][qpc_tuning_check_iqbin_validness:398]id_count: 93. ID_TOTAL: 94
[07:51:02.401] RX< [6] [cam] [88343][tshell][qpc_tuning_check_iqbin_validness:399]spinel tuning data ver: V
[07:51:02.401] RX< 1.30
[07:51:02.401] RX< [6] [cam] [88344][tshell][cpm_core_check_tuningbin:868]IQ bin check success!
[07:51:02.401] RX< [6] [cam] [88344][tshell][cam_bm_core_init:94]E
[07:51:02.401] RX< [6] [cam] [88345][tshell][bm_lab_init:174]X ctx size 4 addr 0x88451918
[07:51:02.401] RX< [6] [cam] [88345][tshell][cam_bm_core_init:114]X ctx 
[07:51:02.408] RX< size 180 addr 0x88483788
[07:51:02.408] RX< [6] [cam] [88345][tshell][qpc_core_init:1218]E id,0
[07:51:02.408] RX< [6] [cam] [88346][tshell][qpc_queue_init:65]QPC init qnodes apCfg 200 3 4
[07:51:02.408] RX<  ol 0x88484738
[07:51:02.408] RX< [6] [cam] [88346][tshell][_qpc_get_cap_cfg_para:892]preset capCfg 200 3 4
[07:51:02.408] RX< [7] [cam] [883
[07:51:02.408] RX< 47][tshell][_qpc_cfg_hdr_frms:840]hdr preset - gainThres 1600
[07:51:02.408] RX< FrmNB:	TNR	|EV-	|EV0	|EV+
[07:51:02.408] RX< LDR:	 3	| 5	| -	| 3
[07:51:02.408] RX< LLLDR:	 3	| 5	| -	| 3
[07:51:02.408] RX< HDR:	 3	| 5	| 3	| 1
[07:51:02.408] RX< LLHDR:	 3	| 5	| 3	| 1
[07:51:02.408] RX< 
[07:51:02.408] RX< [6] [cam] [88352][tshell][qpc_core_init:1264]X ctx size 3800 addr 0x88483850
[07:51:02.408] RX< [6] [c
[07:51:02.413] RX< am] [88352][tshell][cpm_core_get_param:666]cpm para chk: tunBin-w 4000 h 3000 img-w 4032 h 3024
[07:51:02.413] RX< [6] [cam] [88353][tshell][cam_fe_core_init:436]E id,0
[07:51:02.413] RX< [6] [cam] [88353][tshell][cam_fe_core_init:490]X ctx size 100 addr 0x884952c8
[07:51:02.413] RX< [7] [cam] [88354][tshell][
[07:51:02.413] RX< qpc_core_fe_chords_init:1659][34mqpc fe init snsOut w 4032 h 3024, tbl w 28 h 20[0m
[07:51:02.413] RX< [6] [cam] [88354][tshell][cam_me_core_init:1474]X ctx size 1352 addr 0x88497630
[07:51:02.413] RX< [34m[ME SLICE CFG] perf=1524(us)!
[07:51:02.413] RX< [0m[6] [cam] [88357][tshell][cam_bayer_fe_3a_stats_co
[07:51:02.415] RX< re_init:445]fe 3a id,0
[07:51:02.415] RX< [6] [cam] [88357][tshell][cam_bayer_fe_3a_stats_core_init:490]X ctx size 132 addr 0x884a0050
[07:51:02.415] RX< [6] [cam] [88358][tshell][cam_be_core_init:618]E id,0
[07:51:02.415] RX< [7] [cam] [88358][be0][be_core_irq_proc:267]thread start cid,0
[07:51:02.415] RX< [6] [cam] [88358][tsh
[07:51:02.416] RX< ell][cam_be_core_init:710]X ctx size 464 addr 0x884a03e0
[07:51:02.416] RX< [6] [cam] [88359][tshell][cam_lite_core_init:433]E id,0
[07:51:02.416] RX< [7] [cam] [88359][lite0][lite_core_irq_proc:152]thread start cid,0
[07:51:02.416] RX< [6] [cam] [88359][tshell][cam_lite_core_init:497]X ctx size 164 addr 0x884a
[07:51:02.420] RX< 2e30
[07:51:02.420] RX< [6] [cam] [88360][tshell][awb_wrapper_init:66]xxx awb_bin=0x88486e24, awb_bin_length=8068
[07:51:02.420] RX< [6] [cam] [88360][tshell][awb_wrapper_init:86]X algo_handle 0x884aae68
[07:51:02.420] RX< [7] [cam] [88361][awb0][a5_core_wrapper_task:252]thread start cid,0 algo type,2
[07:51:02.420] RX< [6] [cam
[07:51:02.420] RX< ] [88361][tshell][a5_core_init_task:426]thread created: awb0 mq=0x884ad160 thread=0x884ad278 sem=0x884ad0f0 ret=0
[07:51:02.420] RX< [6] [cam] [88362][tshell][bayer_ae_wrapper_init:68]E id,0 proc mode 1 
[07:51:02.420] RX< 
[07:51:02.420] RX< [AEC Proc] @[allib_ae_set_debug_log_flag] Line:129:[DEBUG] debug leve
[07:51:02.423] RX< l/to_file/to_terminal: 22/1/1
[07:51:02.423] RX< [AEC Proc] @[AeInit] Line:377:[INFO] AE ver: 2026_V2.269
[07:51:02.423] RX< 
[07:51:02.423] RX< [AEC Proc] @[allib_ae_loadfunc] Line:193:[INFO] camera ID: 0
[07:51:02.423] RX< [AEC Proc] @[AeInit] Line:404:[DEBUG] init imu detector sucessed!
[07:51:02.423] RX< [AEC Proc] @[AeInit] Line:406:[DEBUG] i
[07:51:02.423] RX< mu init errcode:0
[07:51:02.423] RX< [AEC Proc] @[alAE_set_param] Line:575:[DEBUG] sw_maxtime 66381 ,pertline 9444, after check sensor step sw_max_time 66375.00
[07:51:02.423] RX< [AEC Proc] @[alAE_set_param] Line:580:[DEBUG] sw_mintime 37 ,pertline 9444, after check sensor step sw_min_time 3
[07:51:02.425] RX< 6.00
[07:51:02.425] RX< [AEC Proc] @[alAE_set_param] Line:513:[DEBUG] DEBUG minbv exptime 9 gain 100, minExpBV 14098
[07:51:02.425] RX< [AEC Proc] @[AeTuningParseSet] Line:167:[DEBUG] aeparam version 2.268 60704
[07:51:02.425] RX< [AEC Proc] @[alAE_set_param] Line:340:[DEBUG] INITEXP gain 100, shutter 8000, mid
[07:51:02.425] RX< tonegain 100, bv 4303
[07:51:02.425] RX< [6] [cam] [88369][tshell][bayer_ae_wrapper_init:119]X tline 9444 max_exp 66381 alg_hdl 0x884afa28 
[07:51:02.425] RX< [7] [cam] [88369][b_ae0][a5_core_wrapper_task:252]thread start cid,0 algo type,0
[07:51:02.425] RX< [6] [cam] [88370][tshell][a5_core_init_task:426]thre
[07:51:02.428] RX< ad created: b_ae0 mq=0x884b6300 thread=0x884b6418 sem=0x884b6290 ret=0
[07:51:02.428] RX< [6] [cam] [88370][tshell][atf_wrapper_init:67]E id,0
[07:51:02.428] RX< [6] [cam] [88371][tshell][atf_wrapper_init:107]X alg_ctx addr 0x884b88d8
[07:51:02.428] RX< [7] [cam] [88371][atf0][a5_core_wrapper_task:252]thread st
[07:51:02.428] RX< art cid,0 algo type,1
[07:51:02.428] RX< [6] [cam] [88372][tshell][a5_core_init_task:426]thread created: atf0 mq=0x884bac30 thread=0x884bad48 sem=0x884babc0 ret=0
[07:51:02.428] RX< [6] [cam] [88372][tshell][cam_cpm_core_init:1030]X ctx size 1064 addr 0x88483350
[07:51:02.428] RX< [6] [cam] [88373][tshell][csc
[07:51:02.436] RX< _open:527]ok! phys_id[1], phys_num[1] 
[07:51:02.436] RX< [6] [cam] [88373][tshell][cam_open:699]open ok! camera_id[0]
[07:51:02.436] RX< [34m[cam open] perf=55914(us)!
[07:51:02.436] RX< [0m[6] [App Cam] cam open success
[07:51:02.436] RX< [6] [cam] [88379][tshell][csc_init:637]sensor info:size:4032x3024, formt: 0x2b, bps: 24
[07:51:02.439] RX< 96, tline: 9444
[07:51:02.439] RX< [6] [cam] [88379][tshell][cam_sif_mgr_init:261]E id,0
[07:51:02.439] RX< [7] [cam] [88380][sif0][sif_irq_proc:151]thread start cid,0
[07:51:02.439] RX< [6] [cam] [88380][tshell][cam_sif_mgr_init:293]X ctx size 52 addr 0x884d3de0
[07:51:02.439] RX< [7] [cam] [88381][tshell][sif_btm_paramSet:102]
[07:51:02.439] RX< btm lite w4032 h4032 binEn1 binRatio2
[07:51:02.439] RX< [7] [cam] [88381][tshell][sif_btm_paramSet:106]cropSlct2 x0 y0 w4032 h4032
[07:51:02.439] RX< [6] [cam] [88382][tshell][cam_prelude_init_cfg:368]CSI ID is 0,  phy lanes is 2.
[07:51:02.439] RX< [7] [cam] [88382][tshell][check_phy_ready:96]MIPI_PHY[0] is r
[07:51:02.467] RX< eady
[07:51:02.467] RX< [6] [cam] [88382][tshell][sensor_init:348]sensor [1]: register ok
[07:51:02.467] RX< [6] [cam] [88383][tshell][sensor_set_mode:852]sensor [1]: SetMode -> mode = 0.
[07:51:02.467] RX< [6] [cam] [88383][tshell][sensor_send_reg_tab_to_sensor:704]sensor [1]: send_reg_tab_to_sensor E.
[07:51:02.467] RX< [6] [c
[07:51:02.467] RX< am] [88394][tshell][sensor_send_reg_tab_to_sensor:726]sensor [1]: reg_count = 77.
[07:51:02.467] RX< [6] [cam] [88396][tshell][sensor_init:361]sensor [1]: init success.
[07:51:02.467] RX< [6] [cam] [88396][tshell][sensor_set_mode:852]sensor [1]: SetMode -> mode = 1.
[07:51:02.467] RX< [6] [cam] [88397][tshell][
[07:51:02.470] RX< sensor_send_reg_tab_to_sensor:704]sensor [1]: send_reg_tab_to_sensor E.
[07:51:02.470] RX< [6] [cam] [88411][tshell][sensor_send_reg_tab_to_sensor:726]sensor [1]: reg_count = 84.
[07:51:02.470] RX< [6] [cam] [88411][tshell][csc_init:646]ok! phys_id[1], phys_num[1]
[07:51:02.470] RX< [6] [cam] [88412][tshell][cs
[07:51:02.470] RX< c_get_bayer_single_buffer:1038]scenario_type: 1
[07:51:02.470] RX< [6] [cam] [88412][tshell][csc_set_stats_fmt:98]index 0 w 1 h 1 bw 8 wcmp 255
[07:51:02.470] RX< [7] [cam] [88413][tshell][bm_ioctl:201]BMIOC_STATS_FMT
[07:51:02.470] RX< [6] [cam] [88413][tshell][csc_set_fe_fmt:47]index 1 w 4032 h 3024 bw 10 wcm
[07:51:02.473] RX< p 0
[07:51:02.473] RX< [7] [cam] [88414][tshell][bm_ioctl:201]BMIOC_FE_FMT
[07:51:02.473] RX< [6] [cam] [88414][tshell][csc_set_lite_fmt:115]index 2 w 1008 h 720 bw 8 wcmp 255
[07:51:02.473] RX< [7] [cam] [88415][tshell][bm_ioctl:201]BMIOC_LITE_FMT
[07:51:02.473] RX< [6] [cam] [88415][tshell][csc_set_lite_fmt:115]index 21 w 1008
[07:51:02.473] RX<  h 720 bw 8 wcmp 255
[07:51:02.473] RX< [7] [cam] [88415][tshell][bm_ioctl:201]BMIOC_LITE_FMT
[07:51:02.473] RX< [6] [cam] [88415][tshell][csc_set_be_fmt:81]index 25 w 0 h 0 bw 8 wcmp 255
[07:51:02.473] RX< [7] [cam] [88416][tshell][bm_ioctl:201]BMIOC_BE_FMT
[07:51:02.473] RX< [6] [cam] [88416][tshell][csc_set_be_fmt:81]index 22
[07:51:02.475] RX<  w 480 h 360 bw 8 wcmp 255
[07:51:02.475] RX< [7] [cam] [88417][tshell][bm_ioctl:201]BMIOC_BE_FMT
[07:51:02.475] RX< [6] [cam] [88417][tshell][csc_set_me_fmt:64]index 5 w 3024 h 4032 bw 10 wcmp 0, rdma_addr 0x8919f780, wdma_addr 0x8919f780
[07:51:02.475] RX< [7] [cam] [88418][tshell][bm_ioctl:201]BMIOC_ME_FMT
[07:51:02.475] RX< [6] [cam] [88418][tshell][csc_set_me_fmt:64]index 6 w 3024 h 4032 bw 8 wcmp 255, rdma_addr 0x88795200, wdma_addr 0x8c000000
[07:51:02.475] RX< [6] [cam] [88419][tshell][cam_me_core_buffer_cfg:1367]
[07:51:02.475] RX< ----ME PIPE INFO---
[07:51:02.475] RX<  wdma_buf_num:1, rotation_en: 1
[07:51:02.475] RX< [7] [cam] [88419][tshell
[07:51:02.478] RX< ][cam_me_core_buffer_cfg:1375]yuv wdma_addr 0:0x8c000000, meta_en: 0, 0x00000000
[07:51:02.478] RX< [7] [cam] [88420][tshell][bm_ioctl:201]BMIOC_ME_FMT
[07:51:02.478] RX< [6] [cam] [88420][tshell][csc_init:654]get otp ok! phys_id[1], phys_num[1]
[07:51:02.478] RX< [6] [cam] [88421][tshell][cam_init:789]init ok
[07:51:02.478] RX< ! logic_id[0]
[07:51:02.478] RX< [34m[cam init] perf=41480(us)!
[07:51:02.478] RX< [0m[6] [App Cam] cam init success
[07:51:02.478] RX< [7] [cam] [88421][tshell][cam_cpm_core_stream_on:541]id 0 sensor type 1
[07:51:02.478] RX< [6] [cam] [88422][tshell][sensor_stream_on:979]sensor [1]: stream_on
[07:51:02.478] RX< [6] [cam] [88422][tshell][sensor
[07:51:02.496] RX< _stream_on:1007]sensor [1]: REG: 0x100, W:0x1.
[07:51:02.496] RX< [6] [cam] [88423][tshell][sensor_stream_on:1009]sensor [1]: REG: 0x100, R:0x1.
[07:51:02.496] RX< [6] [cam] [88423][tshell][csc_prv_start:783]ok! phys_id[1], phys_num[1], cam_ids[1]
[07:51:02.496] RX< [6] [cam] [88424][tshell][cam_start:897]previ
[07:51:02.497] RX< ew start ok! logic_id[0]
[07:51:02.497] RX< [34m[cam start] perf=2394(us)!
[07:51:02.497] RX< [0m[6] [App Cam] cam start success
[07:51:02.497] RX< [6] [App Dfs] Gravity_XR Capture Start
[07:51:02.497] RX< msh />echo "__EVBTEST_END_2d57991b__"
[07:51:02.497] RX< __EVBTEST_END_2d57991b__
[07:51:02.497] RX< msh />[7] [cam] [88425][b_3a_sts][bayer_stats_core_irq_proc:
[07:51:02.537] RX< 164]thread start cid,0
[07:51:02.537] RX< [7] [cam] [88425][fe0][fe_core_irq_proc:98]thread start cid,0
[07:51:02.537] RX< [34m[AE] fid=0,exp=14148,adg=400,Y=756,mtg=100,shg=100,bgbv=1549,iso=400,cnv0,hdr0
[07:51:02.537] RX< [0m[34m[b_ae0 proc] perf=2710(us), max=2710(us)!
[07:51:02.537] RX< [0m[34m[awb0 proc] perf=1447(us)
[07:51:02.902] RX< , max=1447(us)!
[07:51:02.902] RX< [0m[34m[AE conv] fid=11,exp=15930,adg=400,Y=4546,mtg=345,shg=100,bgbv=1378,iso=400,cnv1,hdr1
[07:51:02.902] RX< [0m[7] [cam] [88830][fe0][_qpc_hdr_rslt_chk:1564]
[07:51:02.902] RX< ALG: EV0 t15930 g400 | EV+ t15930 g400 | EV- t10170 g182
[07:51:02.902] RX< [6] [cam] [88831][fe0][qpc_core_hdr
[07:51:02.984] RX< _mapExp_cfg:1632]evMapExp set OK, typ:2 1 FF num:3 5 0
[07:51:02.984] RX< [34m[cap] FE sync ME @fid11 as mod2 cfg0x01, cap 8frms @fid+3
[07:51:02.984] RX< [0m[7] [cam] [88867][qpc0][qpc_core_hdr_upd_sensor:558][HDRupd]: Sns cap-0 EV:0->2 st-15930 ag-400
[07:51:02.984] RX< [6] [cam] [88913][me0][cpm_cb_fe2me_t
[07:51:03.004] RX< ikChk:152]frm_length 33330us, fe2me delta 12
[07:51:03.004] RX< [7] [cam] [88913][qpc0][qpc_core_hdr_upd_me:605][HDRupd] ME cap-0 EV:0->2, dg-100
[07:51:03.004] RX< [7] [JPEG] frame num=8, pre frame=873813 Bytes
[07:51:03.004] RX< [exif] cap 0, bv 1383 exp 15930 iso 400 time 88917
[07:51:03.004] RX< [6] [cam] [88933][fe0][_cpm_c
[07:51:03.066] RX< b_jpegInfo_proc:602]SnapStream E @ frm15!
[07:51:03.066] RX< [cap] oFrm15 Ym14812 bv1151 lux177
[07:51:03.066] RX< [32m[BE] fid=0, perf=1447(us), max=1447(us)!
[07:51:03.066] RX< [0m[7] [cam] [88969][qpc0][qpc_core_hdr_upd_sensor:558][HDRupd]: Sns cap-3 EV:2->1 st-10170 ag-182
[07:51:03.066] RX< [34m[cap] fid: me0 fe16, perf=5
[07:51:03.151] RX< 56744(us)!
[07:51:03.151] RX< [0m[7] [cam] [88980][me0][me_core_thread:322]ME out fid 0
[07:51:03.151] RX< [cap] oFrm16 Ym16002 bv991 lux159
[07:51:03.151] RX< [cap] oFrm17 Ym16109 bv1060 lux166
[07:51:03.151] RX< [exif] cap 3, bv 1383 exp 10170 iso 182 time 89023
[07:51:03.151] RX< [cap] oFrm18 Ym5308 bv-574 lux53
[07:51:03.151] RX< [cap] oFrm19 Ym5704 bv-472 lux57
[07:51:03.421] RX< 
[07:51:03.421] RX< [cap] oFrm20 Ym5692 bv-650 lux51
[07:51:03.421] RX< [cap] oFrm21 Ym5604 bv-544 lux54
[07:51:03.421] RX< [cap] oFrm22 Ym7173 bv-2240 lux16
[07:51:03.421] RX< [6] [cam] [89199][fe0][_cpm_cb_jpegInfo_proc:610]SnapStream X @ frm23!
[07:51:03.421] RX< [34m[cap] fid: me7 fe23, perf=33028(us)!
[07:51:03.421] RX< [0m[6] [App Dfs] Gravity_XR Capture Stop 
[07:51:03.422] RX< Success: total frames = 8
[07:51:03.422] RX< [6] [cam] [89364][DfsSend][sensor_stream_off:1143]sensor [1]: stream_off
[07:51:03.422] RX< [6] [cam] [89364][DfsSend][sensor_stream_off:1172]sensor [1]: REG: 0x100, W:0x0.
[07:51:03.422] RX< [6] [cam] [89365][DfsSend][sensor_stream_off:1174]sensor [1]: REG: 0x100, R
[07:51:03.426] RX< :0x0.
[07:51:03.426] RX< [6] [cam] [89365][DfsSend][csc_prv_stop:893]ok! phys_id[1], phys_num[1], stop_type = 0
[07:51:03.426] RX< [6] [cam] [89366][DfsSend][cam_stop:1017]preview stop ok! logic_id[0]
[07:51:03.426] RX< [34m[cam stop] perf=2428(us)!
[07:51:03.426] RX< [0m[6] [App Cam] cam stop success
[07:51:03.426] RX< [7] [cam] [89367][DfsSend
[07:51:03.426] RX< ][cam_cpm_core_power_off:457]id,0 type,1 ret 0
[07:51:03.426] RX< [6] [cam] [89367][sif0][sif_irq_proc:174]thread release cid,0
[07:51:03.426] RX< [6] [cam] [89367][DfsSend][cam_sif_mgr_deinit:316]X
[07:51:03.426] RX< [6] [cam] [89368][DfsSend][cam_deinit:846]deinit ok! logic_id[0]
[07:51:03.426] RX< [34m[cam deinit] perf=1431(
[07:51:03.428] RX< us)!
[07:51:03.428] RX< [0m[6] [App Cam] cam deinit success
[07:51:03.428] RX< [6] [cam] [89369][DfsSend][sensor_close:1247]sensor [1]: close!
[07:51:03.428] RX< [6] [cam] [89370][DfsSend][cam_bm_core_deinit:136]X
[07:51:03.428] RX< [INFO]	cpm[0] snsType1 capMod2 cfg0x01 8frms
[07:51:03.428] RX< [head]  frmID ref 11 eff 15 sns 13 cdma 14 
[07:51:03.428] RX< [AErlt
[07:51:03.428] RX< ] flags fid 11 isWdr 1 isConv 1 sport 0 scen 1
[07:51:03.428] RX<         info  Lux 208 Ymean 4546 nxtBV -477 bgBV 1378
[07:51:03.428] RX< [exp]   norm  st15930 adg00400 ispg00100
[07:51:03.428] RX<         short st10170 adg00182 ispg00100
[07:51:03.428] RX<         long  st15930 adg00400 ispg00100
[07:51:03.428] RX< [head]  frmID ref 10 eff 14 s
[07:51:03.431] RX< ns 12 cdma 13 
[07:51:03.431] RX< [AErlt] flags fid 10 isWdr 0 isConv 2 sport 0 scen 0
[07:51:03.431] RX<         info  Lux 208 Ymean 4565 nxtBV 1312 bgBV 1381
[07:51:03.431] RX< [exp]   norm  st15894 adg00400 ispg00100
[07:51:03.431] RX<         short st00000 adg00000 ispg00100
[07:51:03.431] RX<         long  st00000 adg00000 ispg00100
[07:51:03.431] RX< [head]  
[07:51:03.431] RX< frmID ref 9 eff 13 sns 11 cdma 12 
[07:51:03.431] RX< [AErlt] flags fid 9 isWdr 0 isConv 0 sport 0 scen 0
[07:51:03.431] RX<         info  Lux 208 Ymean 4506 nxtBV 1312 bgBV 1383
[07:51:03.431] RX< [exp]   norm  st15876 adg00400 ispg00100
[07:51:03.431] RX<         short st00000 adg00000 ispg00100
[07:51:03.431] RX<         long  st00000 adg00000 
[07:51:03.434] RX< ispg00100
[07:51:03.434] RX< [head]  frmID ref 8 eff 12 sns 10 cdma 11 
[07:51:03.434] RX< [AErlt] flags fid 8 isWdr 0 isConv 0 sport 0 scen 0
[07:51:03.434] RX<         info  Lux 206 Ymean 4749 nxtBV 1303 bgBV 1373
[07:51:03.434] RX< [exp]   norm  st15984 adg00400 ispg00100
[07:51:03.434] RX<         short st00000 adg00000 ispg00100
[07:51:03.434] RX<         long
[07:51:03.434] RX<   st00000 adg00000 ispg00100
[07:51:03.434] RX< [head]  frmID ref 7 eff 11 sns 9 cdma 10 
[07:51:03.434] RX< [AErlt] flags fid 7 isWdr 0 isConv 0 sport 0 scen 0
[07:51:03.434] RX<         info  Lux 210 Ymean 3307 nxtBV 1326 bgBV 1397
[07:51:03.434] RX< [exp]   norm  st15723 adg00400 ispg00100
[07:51:03.434] RX<         short st00000 adg00000 ispg
[07:51:03.437] RX< 00100
[07:51:03.437] RX<         long  st00000 adg00000 ispg00100
[07:51:03.437] RX< [6] [cam] [89378][be0][be_core_irq_proc:326]thread release cid,0
[07:51:03.437] RX< [6] [cam] [89379][DfsSend][cam_be_core_deinit:787]X
[07:51:03.437] RX< [6] [cam] [89379][me0][me_core_thread:367]thread release cid,0
[07:51:03.437] RX< [6] [cam] [89379][DfsSend][
[07:51:03.437] RX< cam_me_core_deinit:1502]X
[07:51:03.437] RX< [6] [cam] [89380][fe0][fe_core_irq_proc:121]thread release cid,0
[07:51:03.437] RX< [6] [cam] [89380][DfsSend][cam_fe_core_deinit:536]X
[07:51:03.437] RX< [6] [cam] [89380][b_3a_sts][bayer_stats_core_irq_proc:193]thread release cid,0
[07:51:03.437] RX< [6] [cam] [89381][DfsSend][cam_b
[07:51:03.439] RX< ayer_stats_core_deinit:512]X
[07:51:03.439] RX< [6] [cam] [89381][lite0][lite_core_irq_proc:190]thread release cid,0
[07:51:03.439] RX< [6] [cam] [89382][DfsSend][cam_lite_core_deinit:556]X
[07:51:03.439] RX< [6] [cam] [89382][b_ae0][a5_core_wrapper_task:315]thread release cid,0,algo,0
[07:51:03.439] RX< [6] [cam] [89382][DfsSen
[07:51:03.440] RX< d][bayer_ae_wrapper_deinit:204]X
[07:51:03.440] RX< [6] [cam] [89383][atf0][a5_core_wrapper_task:315]thread release cid,0,algo,1
[07:51:03.440] RX< [6] [cam] [89383][DfsSend][atf_wrapper_deinit:153]X
[07:51:03.440] RX< [6] [cam] [89384][awb0][a5_core_wrapper_task:315]thread release cid,0,algo,2
[07:51:03.440] RX< [6] [cam] [8938
[07:51:03.442] RX< 4][DfsSend][awb_wrapper_deinit:153]X
[07:51:03.442] RX< [6] [cam] [89384][DfsSend][cam_5a_core_deinit:555]X
[07:51:03.442] RX< [6] [cam] [89384][DfsSend][cam_5a_inf_deinit:149]X
[07:51:03.442] RX< [6] [cam] [89385][qpc0][qpc_core_msg_proc:697]thread release cid,0
[07:51:03.442] RX< [6] [cam] [89385][DfsSend][qpc_core_deinit:1330
[07:51:03.442] RX< ]X
[07:51:03.442] RX< [6] [cam] [89385][DfsSend][cam_cpm_core_deinit:1107]X
[07:51:03.442] RX< [6] [cam] [89386][DfsSend][csc_close:584]ok! phys_id[1], phys_num[1]
[07:51:03.442] RX< [7] [cam] [89386][cer0][cer_recovery_proc:352]msg type = 254
[07:51:03.442] RX< [6] [cam] [89386][cer0][cer_recovery_proc:454]thread release cid,0
[07:51:03.466] RX< 
[07:51:03.466] RX< [6] [cam] [89387][DfsSend][cer_deinit:560]X
[07:51:03.466] RX< [6] [cam] [89387][DfsSend][cam_close:750]close ok! logic_id[0]
[07:51:03.466] RX< [34m[cam close] perf=18934(us)!
[07:51:03.466] RX< [0m[6] [App Cam] cam close success
[07:51:03.466] RX< [6] [cam] [89388][cpl0][cam_prelude_proc_routine:136]thread release
[07:51:03.466] RX< [6] [cam]
[07:51:03.466] RX<  [89388][DfsSend][cam_exit:551]exit ok!
[07:51:03.466] RX< [34m[cam exit] perf=652(us)!
[07:51:03.466] RX< [0m[6] [App Cam] cam exit success
[07:51:03.466] RX< [6] [App Cam] jpeg deinit success
[07:51:03.466] RX< [6] [App Dfs] Save Photo Successful: /emmc/PIC/20260812_105102_8424/
[07:51:03.466] RX< [6] [App Dfs] Capture completed successfully.
[07:51:03.597] TX> cam_set video 1080p
[07:51:03.597] TX> echo "__EVBTEST_END_52311fde__"
[07:51:05.468] RX< 
[07:51:05.468] RX< cam_set video 1080p
[07:51:05.468] RX< [6] [App Dfs] w(1296) * h(2304) is 1080p, eis 0
[07:51:05.468] RX< msh />echo "__EVBTEST_END_52311fde__"
[07:51:05.468] RX< __EVBTEST_END_52311fde__
[07:51:05.468] RX< msh />
[07:51:05.473] TX> dfs_video_start
[07:51:05.473] TX> echo "__EVBTEST_END_5f181519__"
[07:51:05.555] RX< dfs_video_start
[07:51:05.555] RX< [7] [cam] [91490][tshell][cgm_parse_bin:105]total logical camera num: 1
[07:51:05.555] RX< [6] [cam] [91490][tshell][cam_prelude_create:187]E id, 0
[07:51:05.555] RX< [7] [cam] [91491][cpl0][cam_prelude_proc_routine:101]thread start
[07:51:05.555] RX< [6] [cam] [91491][tshell][cam_prelude_create
[07:51:05.555] RX< :214]X ctx size 124 addr 0x884865d0
[07:51:05.555] RX< [6] [cam] [91497][tshell][sensor_probe:418]sensor [1]: identifing 0 success.
[07:51:05.555] RX< [6] [cam] [91499][tshell][sensor_probe:441]sensor [1]: probe exit!
[07:51:05.555] RX< [6] [cam] [91499][tshell][cam_prelude_fast_probe:251]cam: 0 probe result: 0
[07:51:05.558] RX< 
[07:51:05.558] RX< [6] [cam] [91500][tshell][cgm_parse_bin:215]cam(0) probe success
[07:51:05.558] RX< [6] [cam] [91500][tshell][cam_entry:435]entry ok
[07:51:05.558] RX< [34m[cam entry] perf=10224(us)!
[07:51:05.558] RX< [0m[6] [App Cam] cam entry success
[07:51:05.558] RX< [36mmem_laySolv: scenario=01 in=4032x3024, me_rotate=1 me_stripe=1 
[07:51:05.560] RX< [0m[36mmem_laySolv: me_rot 1, me_stripe 1, eis 0, be_rot 0
[07:51:05.560] RX< [0mscen1 type26 bufAdr 0x89d40b70 sz 0x1400000 reCfg for bound!
[07:51:05.560] RX< [36mmem_laySolv: scen01 20 entries solved OK!
[07:51:05.560] RX< [0m[36mmem_laySolv: scenario=02 in=2016x1512, me_rotate=0 me_stripe=0 
[07:51:05.560] RX< [0m[36
[07:51:05.560] RX< mmem_laySolv: me_rot 0, me_stripe 0, eis 0, be_rot 0
[07:51:05.560] RX< [0mscen2 type15 bufAdr 0x89ce3ef0 sz 0xd00000 reCfg for bound!
[07:51:05.560] RX< [36mmem_laySolv: scen02 14 entries solved OK!
[07:51:05.560] RX< [0m[36mmem_laySolv: scenario=03 in=4032x2268, me_rotate=1 me_stripe=0 
[07:51:05.560] RX< [0m[36mmem_layS
[07:51:05.563] RX< olv: me_rot 1, me_stripe 0, eis 0, be_rot 0
[07:51:05.563] RX< [0m[36mmem_laySolv: scen03 14 entries solved OK!
[07:51:05.563] RX< [0m[7] [cam] [91504][tshell][cam_solve_whole_layout:355]
[07:51:05.563] RX< scen3: vol 0x8c000000 rbuf 0x89d6cdf0 sz 0xd00000 wbuf 0x8aa6cdf0 sz 0xd00000
[07:51:05.563] RX<        rtmp txbuf 0x8b
[07:51:05.563] RX< f80000 sz 0x80000 avcBuf 0x8bf00000 sz 0x80000
[07:51:05.563] RX< [36mmem_laySolv: scenario=04 in=4032x3024, me_rotate=1 me_stripe=1 
[07:51:05.563] RX< [0m[36mmem_laySolv: me_rot 1, me_stripe 1, eis 0, be_rot 0
[07:51:05.563] RX< [0m[36mmem_laySolv: scen04 14 entries solved OK!
[07:51:05.563] RX< [0m[36mmem_laySolv: scen
[07:51:05.566] RX< ario=05 in=1008x0756, me_rotate=0 me_stripe=0 
[07:51:05.566] RX< [0m[36mmem_laySolv: me_rot 0, me_stripe 0, eis 0, be_rot 0
[07:51:05.566] RX< [0m[36mmem_laySolv: scen05 17 entries solved OK!
[07:51:05.566] RX< [0m[36mmem_laySolv: scenario=06 in=1008x0720, me_rotate=0 me_stripe=0 
[07:51:05.566] RX< [0m[36mmem_laySolv: 
[07:51:05.566] RX< me_rot 0, me_stripe 0, eis 0, be_rot 0
[07:51:05.566] RX< [0m[36mmem_laySolv: scen06 12 entries solved OK!
[07:51:05.566] RX< [0m[36mmem_laySolv: scenario=01 in=4032x3024, me_rotate=1 me_stripe=1 
[07:51:05.566] RX< [0mscen1 type26 bufAdr 0x89d40b70 sz 0x1400000 reCfg for bound!
[07:51:05.566] RX< [36mmem_laySolv: scen01 2
[07:51:05.569] RX< 0 entries solved OK!
[07:51:05.569] RX< [0m[7] [cam] [91510][tshell][cam_solve_whole_layout:383]Solve Whole-layout Done!
[07:51:05.569] RX< [6] [cam] [91510][tshell][cgm_parse_media_para:271]phy cam num: 1
[07:51:05.569] RX< [7] [cam] [91510][cer0][cer_recovery_proc:343]thread start cid, 0
[07:51:05.569] RX< [6] [cam] [91511][t
[07:51:05.569] RX< shell][csc_open:443]SENSOR MCLK cal: 24MHz
[07:51:05.569] RX< [6] [cam] [91511][tshell][csc_isp_clk_cal:344]MIPI CLK cal: 277MHz
[07:51:05.569] RX< [6] [cam] [91512][tshell][csc_isp_clk_cal:371]LITE CLK cal: 25MHz
[07:51:05.569] RX< [7] [cam] [91512][tshell][cpc_csi_rx_power_on:633]E id: 2
[07:51:05.569] RX< [4] [cam] [91512][ts
[07:51:05.575] RX< hell][cpc_csi_rx_power_on:644]csi_2 has already power on, STATUS: 1
[07:51:05.575] RX< [6] [cam] [91513][tshell][cpc_update_clock:603]actual SNS mclk: 24MHz
[07:51:05.575] RX< [6] [cam] [91513][tshell][cpc_update_clock:608]actual MIPI0: 300MHz
[07:51:05.575] RX< [6] [cam] [91513][tshell][cpc_update_clock:598]ac
[07:51:05.575] RX< tual LITE clk: 25MHz
[07:51:05.575] RX< [7] [cam] [91514][tshell][cam_prelude_open:297][34msnsOpen camID1 csiID0 phyIdx0[0m
[07:51:05.575] RX< [6] [cam] [91518][tshell][sensor_expo_gain_match:48]sensor get sensor expo gain of imx681_vst
[07:51:05.575] RX< [6] [cam] [91518][tshell][sensor_open:684]sensor [1] o
[07:51:05.577] RX< pen OK.
[07:51:05.577] RX< [6] [cam] [91519][tshell][cam_cpm_parse_media:298]video scenario:3, media para[fps:0, mirror_en:0, flip_en:0]
[07:51:05.577] RX< [6] [cam] [91519][tshell][cam_cpm_parse_media:301]video scenario, media para[iso:0, gain:0, wb_mode:0]
[07:51:05.577] RX< [6] [cam] [91520][tshell][csc_isp
[07:51:05.577] RX< _clk_cal:353]FE CLK cal: 373MHz, ME CLK cal: 371MHz, FE/ME CLK cal: 410MHz
[07:51:05.577] RX< [6] [cam] [91520][tshell][csc_isp_clk_cal:360]BE CLK cal: 301MHz
[07:51:05.577] RX< [4] [cam] [91521][tshell][cam_fe_core_power_on:269]fe pipe has already power on, STATUS: 1
[07:51:05.577] RX< [6] [cam] [91521][tshell
[07:51:05.582] RX< ][cpc_update_clock:588]actual FE/ME clk: 500MHz
[07:51:05.582] RX< [7] [cam] [91522][tshell][cam_cpm_core_power_on:425]id,0 type,1 ret 0
[07:51:05.582] RX< [6] [cam] [91522][tshell][cam_cpm_core_init:914]E id,0 sensor type,1
[07:51:05.582] RX< [6] [cam] [91525][tshell][cpm_core_check_tuningbin:854]Tuning bin c
[07:51:05.583] RX< rc check PASS! sum 0x7fb15f, xor 0x4e593f47
[07:51:05.583] RX< [6] [cam] [91525][tshell][qpc_tuning_check_iqbin_validness:396]IQ bin addr: 0x88646660, project_name: video_3M
[07:51:05.583] RX< [6] [cam] [91526][tshell][qpc_tuning_check_iqbin_validness:397]total_size: 94208
[07:51:05.583] RX< [6] [cam] [91526][t
[07:51:05.585] RX< shell][qpc_tuning_check_iqbin_validness:398]id_count: 93. ID_TOTAL: 94
[07:51:05.585] RX< [6] [cam] [91527][tshell][qpc_tuning_check_iqbin_validness:399]spinel tuning data ver: V1.30
[07:51:05.585] RX< [6] [cam] [91527][tshell][cpm_core_check_tuningbin:868]IQ bin check success!
[07:51:05.585] RX< [6] [cam] [91
[07:51:05.585] RX< 528][tshell][cam_bm_core_init:94]E
[07:51:05.585] RX< [6] [cam] [91528][tshell][bm_lab_init:174]X ctx size 4 addr 0x8846a520
[07:51:05.585] RX< [6] [cam] [91529][tshell][cam_bm_core_init:114]X ctx size 180 addr 0x8846a458
[07:51:05.585] RX< [6] [cam] [91529][tshell][qpc_core_init:1218]E id,0
[07:51:05.585] RX< [6] [cam] [91529][
[07:51:05.603] RX< tshell][qpc_queue_init:65]QPC init qnodes 8, size 508, pool 0x88487368
[07:51:05.603] RX< [7] [cam] [91530][tshell][_qpc_get_cap_cfg_para:888][fallback]preset capCfg 0 0 0 invalid, use default
[07:51:05.603] RX< [7] [cam] [91530][tshell][_qpc_cfg_hdr_frms:832][fallback]preset hdrCfg 0 32 7 25
[07:51:05.603] RX< 600 148508608 invalid, use default
[07:51:05.603] RX< [6] [cam] [91546][tshell][qpc_core_init:1264]X ctx size 3800 addr 0x8846a540
[07:51:05.603] RX< [6] [cam] [91546][tshell][cpm_core_get_param:666]cpm para chk: tunBin-w 4032 h 2266 img-w 4032 h 2268
[07:51:05.603] RX< [6] [cam] [91547][tshell][cam_fe_core_ini
[07:51:05.608] RX< t:436]E id,0
[07:51:05.608] RX< [6] [cam] [91547][tshell][cam_fe_core_init:490]X ctx size 100 addr 0x88497ce8
[07:51:05.608] RX< [7] [cam] [91548][tshell][qpc_core_fe_chords_init:1659][34mqpc fe init snsOut w 4032 h 2268, tbl w 28 h 20[0m
[07:51:05.608] RX< [6] [cam] [91548][tshell][cam_me_core_init:1474]X ct
[07:51:05.608] RX< x size 1352 addr 0x8849a078
[07:51:05.608] RX< [34m[ME SLICE CFG] perf=1241(us)!
[07:51:05.608] RX< [0m[6] [cam] [91552][tshell][cam_bayer_fe_3a_stats_core_init:445]fe 3a id,0
[07:51:05.608] RX< [6] [cam] [91552][tshell][cam_bayer_fe_3a_stats_core_init:490]X ctx size 132 addr 0x884a2a98
[07:51:05.608] RX< [6] [cam] [91553][tsh
[07:51:05.616] RX< ell][awb_wrapper_init:66]xxx awb_bin=0x88489844, awb_bin_length=8068
[07:51:05.616] RX< [6] [cam] [91553][tshell][awb_wrapper_init:86]X algo_handle 0x884a86f8
[07:51:05.616] RX< [7] [cam] [91553][awb0][a5_core_wrapper_task:252]thread start cid,0 algo type,2
[07:51:05.616] RX< [6] [cam] [91554][tshell][a5_core_i
[07:51:05.616] RX< nit_task:426]thread created: awb0 mq=0x884aa9c0 thread=0x884aaad8 sem=0x884aa950 ret=0
[07:51:05.616] RX< [6] [cam] [91555][tshell][bayer_ae_wrapper_init:68]E id,0 proc mode 0 
[07:51:05.616] RX< 
[07:51:05.616] RX< [AEC Proc] @[allib_ae_set_debug_log_flag] Line:129:[DEBUG] debug level/to_file/to_terminal: 22/1
[07:51:05.619] RX< /1
[07:51:05.619] RX< [AEC Proc] @[AeInit] Line:377:[INFO] AE ver: 2026_V2.269
[07:51:05.619] RX< 
[07:51:05.619] RX< [AEC Proc] @[allib_ae_loadfunc] Line:193:[INFO] camera ID: 0
[07:51:05.619] RX< [AEC Proc] @[alAE_set_param] Line:575:[DEBUG] sw_maxtime 33004 ,pertline 10800, after check sensor step sw_max_time 33000.00
[07:51:05.619] RX< [AEC Pr
[07:51:05.619] RX< oc] @[alAE_set_param] Line:580:[DEBUG] sw_mintime 43 ,pertline 10800, after check sensor step sw_min_time 40.00
[07:51:05.619] RX< [AEC Proc] @[alAE_set_param] Line:513:[DEBUG] DEBUG minbv exptime 11 gain 100, minExpBV 13810
[07:51:05.619] RX< [AEC Proc] @[AeTuningParseSet] Line:167:[DEBUG] a
[07:51:05.621] RX< eparam version 2.268 60530
[07:51:05.621] RX< [AEC Proc] @[alAE_set_param] Line:340:[DEBUG] INITEXP gain 100, shutter 33242, midtonegain 100, bv 2247
[07:51:05.621] RX< [6] [cam] [91564][tshell][bayer_ae_wrapper_init:119]X tline 10800 max_exp 33004 alg_hdl 0x884ad288 
[07:51:05.621] RX< [7] [cam] [91564][b_ae0]
[07:51:05.622] RX< [a5_core_wrapper_task:252]thread start cid,0 algo type,0
[07:51:05.622] RX< [6] [cam] [91565][tshell][a5_core_init_task:426]thread created: b_ae0 mq=0x884ae338 thread=0x884ae450 sem=0x884ae2c8 ret=0
[07:51:05.622] RX< [6] [cam] [91565][tshell][atf_wrapper_init:67]E id,0
[07:51:05.622] RX< [6] [cam] [91566][tsh
[07:51:05.624] RX< ell][atf_wrapper_init:107]X alg_ctx addr 0x884af838
[07:51:05.624] RX< [7] [cam] [91566][atf0][a5_core_wrapper_task:252]thread start cid,0 algo type,1
[07:51:05.624] RX< [6] [cam] [91567][tshell][a5_core_init_task:426]thread created: atf0 mq=0x884af970 thread=0x884afa88 sem=0x884af900 ret=0
[07:51:05.624] RX< [
[07:51:05.625] RX< 6] [cam] [91567][tshell][cam_cpm_core_init:1030]X ctx size 1064 addr 0x8846a020
[07:51:05.625] RX< [6] [cam] [91568][tshell][csc_open:527]ok! phys_id[1], phys_num[1] 
[07:51:05.625] RX< [6] [cam] [91568][tshell][cam_open:699]open ok! camera_id[0]
[07:51:05.625] RX< [34m[cam open] perf=68287(us)!
[07:51:05.625] RX< [0m[6] [App 
[07:51:05.640] RX< Cam] cam open success
[07:51:05.640] RX< [6] [App Cam] hevc init success
[07:51:05.640] RX< [6] [cam] [91582][tshell][csc_init:637]sensor info:size:4032x2268, formt: 0x2b, bps: 1968, tline: 10800
[07:51:05.640] RX< [6] [cam] [91583][tshell][cam_sif_mgr_init:261]E id,0
[07:51:05.640] RX< [7] [cam] [91584][sif0][sif_irq_proc:151]t
[07:51:05.641] RX< hread start cid,0
[07:51:05.641] RX< [6] [cam] [91584][tshell][cam_sif_mgr_init:293]X ctx size 52 addr 0x884e9c50
[07:51:05.641] RX< [6] [cam] [91584][tshell][cam_prelude_init_cfg:368]CSI ID is 0,  phy lanes is 2.
[07:51:05.641] RX< [7] [cam] [91585][tshell][check_phy_ready:96]MIPI_PHY[0] is ready
[07:51:05.641] RX< [6] [cam] [9
[07:51:05.655] RX< 1585][tshell][sensor_init:348]sensor [1]: register ok
[07:51:05.655] RX< [6] [cam] [91586][tshell][sensor_set_mode:852]sensor [1]: SetMode -> mode = 0.
[07:51:05.655] RX< [6] [cam] [91586][tshell][sensor_send_reg_tab_to_sensor:704]sensor [1]: send_reg_tab_to_sensor E.
[07:51:05.655] RX< [6] [cam] [91597][tshel
[07:51:05.672] RX< l][sensor_send_reg_tab_to_sensor:726]sensor [1]: reg_count = 77.
[07:51:05.672] RX< [6] [cam] [91599][tshell][sensor_init:361]sensor [1]: init success.
[07:51:05.672] RX< [6] [cam] [91599][tshell][sensor_set_mode:852]sensor [1]: SetMode -> mode = 3.
[07:51:05.672] RX< [6] [cam] [91600][tshell][sensor_send_reg_t
[07:51:05.672] RX< ab_to_sensor:704]sensor [1]: send_reg_tab_to_sensor E.
[07:51:05.672] RX< [6] [cam] [91614][tshell][sensor_send_reg_tab_to_sensor:726]sensor [1]: reg_count = 83.
[07:51:05.672] RX< [6] [cam] [91614][tshell][csc_init:646]ok! phys_id[1], phys_num[1]
[07:51:05.672] RX< [6] [cam] [91615][tshell][csc_get_bayer_singl
[07:51:05.675] RX< e_buffer:1038]scenario_type: 3
[07:51:05.675] RX< [6] [cam] [91615][tshell][csc_set_stats_fmt:98]index 0 w 1 h 1 bw 8 wcmp 255
[07:51:05.675] RX< [7] [cam] [91616][tshell][bm_ioctl:201]BMIOC_STATS_FMT
[07:51:05.675] RX< [6] [cam] [91616][tshell][csc_set_fe_fmt:47]index 1 w 4032 h 2268 bw 10 wcmp 0
[07:51:05.675] RX< [7] [cam] [9
[07:51:05.675] RX< 1617][tshell][bm_ioctl:201]BMIOC_FE_FMT
[07:51:05.675] RX< [6] [cam] [91617][tshell][csc_set_me_fmt:64]index 5 w 2268 h 4032 bw 10 wcmp 0, rdma_addr 0x894afe00, wdma_addr 0x894afe00
[07:51:05.675] RX< [7] [cam] [91618][tshell][bm_ioctl:201]BMIOC_ME_FMT
[07:51:05.675] RX< [6] [cam] [91618][tshell][csc_set_video_
[07:51:05.677] RX< fmt:966]meta_addr: 0x89d6c600
[07:51:05.677] RX< [6] [cam] [91618][tshell][csc_set_me_fmt:64]index 6 w 1296 h 2304 bw 8 wcmp 255, rdma_addr 0x88795200, wdma_addr 0x8c000000
[07:51:05.677] RX< [6] [cam] [91619][tshell][cam_me_core_buffer_cfg:1367]
[07:51:05.677] RX< ----ME PIPE INFO---
[07:51:05.677] RX<  wdma_buf_num:1, rotatio
[07:51:05.677] RX< n_en: 1
[07:51:05.677] RX< [7] [cam] [91620][tshell][cam_me_core_buffer_cfg:1375]yuv wdma_addr 0:0x8c000000, meta_en: 1, 0x89d6c600
[07:51:05.677] RX< [7] [cam] [91620][tshell][bm_ioctl:201]BMIOC_ME_FMT
[07:51:05.677] RX< [6] [cam] [91621][tshell][csc_set_lite_fmt:115]index 13 w 400 h 400 bw 10 wcmp 255
[07:51:05.677] RX< [7] [c
[07:51:05.680] RX< am] [91621][tshell][bm_ioctl:201]BMIOC_LITE_FMT
[07:51:05.680] RX< [6] [cam] [91621][tshell][csc_set_lite_fmt:115]index 14 w 400 h 400 bw 10 wcmp 255
[07:51:05.680] RX< [7] [cam] [91622][tshell][bm_ioctl:201]BMIOC_LITE_FMT
[07:51:05.680] RX< [6] [cam] [91622][tshell][csc_init:654]get otp ok! phys_id[1], phys_n
[07:51:05.681] RX< um[1]
[07:51:05.681] RX< [6] [cam] [91622][tshell][cam_init:789]init ok! logic_id[0]
[07:51:05.681] RX< [34m[cam init] perf=40721(us)!
[07:51:05.681] RX< [0m[6] [App Cam] cam init success
[07:51:05.681] RX< [7] [cam] [91623][tshell][cam_cpm_core_stream_on:541]id 0 sensor type 1
[07:51:05.681] RX< [6] [cam] [91624][tshell][sensor_stream_on:979]se
[07:51:05.699] RX< nsor [1]: stream_on
[07:51:05.699] RX< [6] [cam] [91625][tshell][sensor_stream_on:1007]sensor [1]: REG: 0x100, W:0x1.
[07:51:05.699] RX< [6] [cam] [91625][tshell][sensor_stream_on:1009]sensor [1]: REG: 0x100, R:0x1.
[07:51:05.699] RX< [6] [cam] [91625][tshell][csc_prv_start:783]ok! phys_id[1], phys_num[1], cam_
[07:51:05.699] RX< ids[1]
[07:51:05.699] RX< [6] [cam] [91626][tshell][cam_start:897]preview start ok! logic_id[0]
[07:51:05.699] RX< [34m[cam start] perf=2617(us)!
[07:51:05.699] RX< [0m[6] [App Cam] cam start success
[07:51:05.699] RX< [6] [App Dfs] Gravity_XR Record Start
[07:51:05.699] RX< msh />echo "__EVBTEST_END_5f181519__"
[07:51:05.699] RX< __EVBTEST_END_5f181519__
[07:51:05.699] RX< msh />[7
[07:51:05.826] RX< ] [cam] [91628][b_3a_sts][bayer_stats_core_irq_proc:164]thread start cid,0
[07:51:05.826] RX< [7] [cam] [91628][fe0][fe_core_irq_proc:98]thread start cid,0
[07:51:05.826] RX< [34m[AE] fid=0,exp=10140,adg=294,Y=4167,mtg=100,shg=100,bgbv=3965,iso=294,cnv0,hdr0
[07:51:05.826] RX< [0m[34m[b_ae0 proc] perf=8074(u
[07:51:06.161] RX< s), max=8074(us)!
[07:51:06.161] RX< [0m[34m[awb0 proc] perf=4363(us), max=4363(us)!
[07:51:06.161] RX< [0m[6] [cam] [91919][me0][cpm_cb_fe2me_tikChk:152]frm_length 88558us, fe2me delta 0
[07:51:06.161] RX< [34m[ME INTP]fid=0, shutter=10140, perf=2952(us), max=2952(us)!
[07:51:06.161] RX< [0m[7] [cam] [92097][me0][me_core_th
[07:51:07.187] RX< read:322]ME out fid 0
[07:51:07.187] RX< [6] [App Dfs] f_index = 0, f_len = 128607, cur_total_len = 128695
[07:51:07.187] RX< [34m[AE] fid=30,exp=10070,adg=269,Y=3472,mtg=204,shg=100,bgbv=1054,iso=269,cnv2,hdr0
[07:51:07.187] RX< [0m[7] [cam] [93098][me0][me_core_thread:322]ME out fid 30
[07:51:07.187] RX< [34m[awb0 proc] perf=
[07:51:08.985] RX< 6198(us), max=6198(us)!
[07:51:08.985] RX< [0m[34m[AE] fid=60,exp=11260,adg=300,Y=3906,mtg=180,shg=100,bgbv=1065,iso=300,cnv2,hdr0
[07:51:08.985] RX< [0m[7] [cam] [94098][me0][me_core_thread:322]ME out fid 60
[07:51:08.985] RX< [34m[awb0 proc] perf=6501(us), max=6501(us)!
[07:51:08.985] RX< [0m[34m[AE] fid=90,exp=11360,adg=3
[07:51:09.177] RX< 00,Y=3909,mtg=180,shg=100,bgbv=1059,iso=300,cnv2,hdr0
[07:51:09.177] RX< [0m[34m[b_ae0 proc] perf=1539(us), max=8074(us)!
[07:51:09.177] RX< [0m[34m[awb0 proc] perf=4331(us), max=6501(us)!
[07:51:09.177] RX< [0m[7] [cam] [95098][me0][me_core_thread:322]ME out fid 90
[07:51:09.177] RX< [34m[awb0 proc] perf=6177(us), max=6177
[07:51:10.159] RX< (us)!
[07:51:10.159] RX< [0m[6] [App Dfs] f_index = 90, f_len = 213789, cur_total_len = 6708557
[07:51:10.159] RX< [34m[AE] fid=120,exp=11360,adg=300,Y=3921,mtg=180,shg=100,bgbv=1060,iso=300,cnv2,hdr0
[07:51:10.159] RX< [0m[34m[ME INTP]fid=120, shutter=11360, perf=6(us), max=11793(us)!
[07:51:10.159] RX< [0m[7] [cam] [96097][
[07:51:10.713] TX> dfs_video_stop
[07:51:10.713] TX> echo "__EVBTEST_END_3fec7a26__"
[07:51:10.750] RX< me0][me_core_thread:322]ME out fid 120
[07:51:10.750] RX< dfs_video_stop
[07:51:10.750] RX< msh />echo "__EVBTEST_END_3fec7a26__"
[07:51:10.750] RX< __EVBTEST_END_3fec7a26__
[07:51:10.750] RX< msh />[6] [App Dfs]  Gravity_XR Record Stop Success: total frames = 138
[07:51:10.750] RX< [6] [cam] [96678][DfsSend][sensor_stream_off:1143]sensor [1]: strea
[07:51:10.761] RX< m_off
[07:51:10.761] RX< [6] [cam] [96678][DfsSend][sensor_stream_off:1172]sensor [1]: REG: 0x100, W:0x0.
[07:51:10.761] RX< [6] [cam] [96679][DfsSend][sensor_stream_off:1174]sensor [1]: REG: 0x100, R:0x0.
[07:51:10.761] RX< [6] [cam] [96699][DfsSend][csc_prv_stop:893]ok! phys_id[1], phys_num[1], stop_type = 0
[07:51:10.761] RX< [
