[05:12:28.597] [INFO] VX100 EVB 自动化测试启动，运行时间戳: 20260813_051228
[05:12:28.597] [INFO] 启用模块: ['wifi_check', 'wifi_scan', 'wifi_join', 'emmc', 'ftp', 'photo', 'video', 'rtmp']
[05:12:28.598] [INFO] 开始自动探测 EVB 串口，候选端口 ['/dev/ttyUSB0', '/dev/ttyUSB1', '/dev/ttyUSB2']，候选波特率 [2000000, 250000, 115200, 921600]
[05:12:28.598] [DEBUG] 探测 /dev/ttyUSB0 @ 2000000 ...
[05:12:30.905] [INFO]   命中 EVB 指纹: /dev/ttyUSB0 @ 2000000
[05:12:30.905] [DEBUG] 探测 /dev/ttyUSB1 @ 2000000 ...
[05:12:33.209] [DEBUG] 探测 /dev/ttyUSB1 @ 250000 ...
[05:12:35.513] [DEBUG] 探测 /dev/ttyUSB1 @ 115200 ...
[05:12:37.817] [DEBUG] 探测 /dev/ttyUSB1 @ 921600 ...
[05:12:40.121] [DEBUG] 探测 /dev/ttyUSB2 @ 2000000 ...
[05:12:42.425] [DEBUG] 探测 /dev/ttyUSB2 @ 250000 ...
[05:12:44.729] [DEBUG] 探测 /dev/ttyUSB2 @ 115200 ...
[05:12:47.033] [DEBUG] 探测 /dev/ttyUSB2 @ 921600 ...
[05:12:49.337] [INFO] 探测到 EVB: /dev/ttyUSB0 @ 2000000
[05:12:49.338] [INFO] 串口已打开: /dev/ttyUSB0 @ 2000000 bps
[05:12:53.340] [INFO] EVB 已就绪
[05:12:55.341] [DEBUG] 串口自检通过
[05:12:55.341] [INFO] 预清理板子状态...
[05:13:02.363] [INFO] 本次执行模块顺序: ['wifi_check', 'wifi_scan', 'wifi_join', 'emmc', 'ftp', 'photo', 'video', 'rtmp']
[05:13:02.363] >>> 执行模块: wifi_check
[05:13:04.383] [PASS] wifi_check (2019ms) - 未联网，将继续 scan/join
[05:13:04.383] >>> 执行模块: wifi_scan
[05:13:08.521] [PASS] wifi_scan (4137ms) - 扫描到 9 个 AP（其中 1 个 RSSI<-70 信号弱）
[05:13:08.521] >>> 执行模块: wifi_join
[05:13:16.522] [PASS] wifi_join (8001ms) - 已连接 G-Demo，IP=10.1.90.71
[05:13:16.522] >>> 执行模块: emmc
[05:13:18.349] [PASS] emmc (1827ms) - 已进入 /emmc（自动挂载）
[05:13:18.350] >>> 执行模块: ftp
[05:13:20.749] [DEBUG] FTP 已连接 10.1.90.71:21 (尝试 1)
[05:13:22.909] [PASS] ftp (4559ms) - FTP 已连接 10.1.90.71，/emmc 列出 3 项
[05:13:22.909] >>> 执行模块: photo
[05:13:24.720]   拍照测试: 模式 auto
[05:13:29.378] [DEBUG] 强制重连 FTP
[05:13:32.464] [DEBUG] FTP 已连接 10.1.90.71:21 (尝试 1)
[05:13:32.464] [INFO] FTP 已恢复
[05:14:03.616] [PASS] photo[auto] (38895ms) - JPEG OK 766KB | 拍照成功，保存到 /emmc/PIC/20260813_081325_3507 | 已下载到 logs/20260813_051228/photos/auto_20260813_081325_3507_Image_20260813_081325_3507_0.jpg
[05:14:03.616] >>> 执行模块: video
[05:14:05.233]   录像测试: 1080p / 2s
[05:14:09.705] [DEBUG] 强制重连 FTP
[05:14:15.364] [DEBUG] FTP 已连接 10.1.90.71:21 (尝试 1)
[05:14:15.364] [INFO] FTP 已恢复
[05:14:24.364] [DEBUG] FTP list 失败(尝试 1): ，重连...
[05:14:25.065] [DEBUG] FTP 已连接 10.1.90.71:21 (尝试 1)
[05:14:47.041] [WARN] 下载异常(尝试1/6)，已传43KB: timed out
[05:14:47.961] [DEBUG] FTP 已连接 10.1.90.71:21 (尝试 1)
[05:14:53.315] [WARN] 下载异常(尝试2/6)，已传43KB: 
[05:14:53.873] [DEBUG] FTP 已连接 10.1.90.71:21 (尝试 1)
[05:16:22.005] [PASS] video (136771ms) - 录像成功，文件 /emmc/VIDEO/20260813_081406_4393/Video_4393_0.h265，3535KB | 已下载到 logs/20260813_051228/videos/Video_4393_0.h265
[05:16:22.005] [INFO] 自动检测到 PC IP: 10.1.64.35
[05:16:22.005] >>> 执行模块: rtmp
[05:16:22.005] [INFO] 启动 RTMP 服务端 MediaMTX: tools/mediamtx/mediamtx tools/mediamtx/mediamtx_min.yml
[05:16:22.207] [INFO] MediaMTX 就绪，RTMP 监听 :1935
[05:16:22.208] [DEBUG] 强制重连 FTP
[05:16:24.446] [DEBUG] FTP 已连接 10.1.90.71:21 (尝试 1)
[05:16:24.446] [INFO] FTP 已恢复
[05:16:25.447]   RTMP 推流测试: rtmp://10.1.64.35/live/cam1 / 10s
[05:16:30.393] [INFO] 启动 ffmpeg 拉流: tools/ffmpeg/ffmpeg -rw_timeout 15000000 -y -i rtmp://10.1.64.35/live/cam1 -t 10 -c copy -f flv /home/gravity/AutoTestScripts_JX009/logs/rtmp/stream_1786612590.flv
[05:16:50.437] [FAIL] rtmp (24974ms) - 推流验证失败: 拉流文件未生成
[05:16:50.481] ==================================================
[05:16:50.481] 测试完成：共 8 项 | 通过 7 | 失败 1 | 跳过 0 | 错误 0 | 通过率 87.5% | 总耗时 221.2s
[05:16:50.481] ==================================================
[05:16:50.481] [INFO]   json 报告: reports/20260813_051228/result.json
[05:16:50.481] [INFO]   junit 报告: reports/20260813_051228/junit.xml
[05:16:50.481] [INFO]   html 报告: reports/20260813_051228/report.html
[05:16:51.419] [DEBUG] 串口已关闭
