[04:09:53.047] [INFO] VX100 EVB 自动化测试启动，运行时间戳: 20260813_040953
[04:09:53.047] [INFO] 启用模块: ['wifi_check', 'wifi_scan', 'wifi_join', 'emmc', 'ftp', 'photo', 'video', 'rtmp']
[04:09:53.047] [INFO] 开始自动探测 EVB 串口，候选端口 ['/dev/ttyUSB0', '/dev/ttyUSB1', '/dev/ttyUSB2']，候选波特率 [2000000, 250000, 115200, 921600]
[04:09:53.047] [DEBUG] 探测 /dev/ttyUSB0 @ 2000000 ...
[04:09:55.354] [INFO]   命中 EVB 指纹: /dev/ttyUSB0 @ 2000000
[04:09:55.354] [DEBUG] 探测 /dev/ttyUSB1 @ 2000000 ...
[04:09:57.657] [DEBUG] 探测 /dev/ttyUSB1 @ 250000 ...
[04:09:59.961] [DEBUG] 探测 /dev/ttyUSB1 @ 115200 ...
[04:10:02.265] [DEBUG] 探测 /dev/ttyUSB1 @ 921600 ...
[04:10:04.568] [DEBUG] 探测 /dev/ttyUSB2 @ 2000000 ...
[04:10:06.872] [DEBUG] 探测 /dev/ttyUSB2 @ 250000 ...
[04:10:09.176] [DEBUG] 探测 /dev/ttyUSB2 @ 115200 ...
[04:10:11.479] [DEBUG] 探测 /dev/ttyUSB2 @ 921600 ...
[04:10:13.783] [INFO] 探测到 EVB: /dev/ttyUSB0 @ 2000000
[04:10:13.784] [INFO] 串口已打开: /dev/ttyUSB0 @ 2000000 bps
[04:10:15.401] [INFO] EVB 已就绪
[04:10:17.020] [DEBUG] 串口自检通过
[04:10:17.020] [INFO] 预清理板子状态...
[04:10:22.027] [INFO] 本次执行模块顺序: ['wifi_check', 'wifi_scan', 'wifi_join', 'emmc', 'ftp', 'photo', 'video', 'rtmp']
[04:10:22.027] >>> 执行模块: wifi_check
[04:10:22.400] [PASS] wifi_check (372ms) - 未联网，将继续 scan/join
[04:10:22.400] >>> 执行模块: wifi_scan
[04:10:25.416] [PASS] wifi_scan (3016ms) - 扫描到 10 个 AP
[04:10:25.416] >>> 执行模块: wifi_join
[04:10:55.425] [FAIL] wifi_join (0ms) - 连接失败或未获取 IP (G-Demo)
[04:10:55.425] >>> 执行模块: emmc
[04:10:56.003] [PASS] emmc (578ms) - 已进入 /emmc（自动挂载）
[04:10:56.004] [SKIP] ftp (0ms) - 依赖模块未通过: ['wifi_join']
[04:10:56.004] >>> 执行模块: photo
[04:10:56.004] [SKIP] photo (0ms) - FTP 客户端不可用，跳过拍照
[04:10:56.004] >>> 执行模块: video
[04:10:56.004] [SKIP] video (0ms) - FTP 客户端不可用，跳过录像
[04:10:56.004] [SKIP] rtmp (0ms) - 依赖模块未通过: ['wifi_join']
[04:10:56.045] ==================================================
[04:10:56.045] 测试完成：共 8 项 | 通过 3 | 失败 1 | 跳过 4 | 错误 0 | 通过率 37.5% | 总耗时 4.0s
[04:10:56.045] ==================================================
[04:10:56.045] [INFO]   json 报告: reports/20260813_040953/result.json
[04:10:56.046] [INFO]   junit 报告: reports/20260813_040953/junit.xml
[04:10:56.046] [INFO]   html 报告: reports/20260813_040953/report.html
[04:10:57.401] [DEBUG] 串口已关闭
