[22:31:09.251] [INFO] VX100 EVB 自动化测试启动，运行时间戳: 20260812_223109
[22:31:09.252] [INFO] 启用模块: ['wifi_scan', 'wifi_join', 'emmc', 'ftp', 'photo', 'video']
[22:31:09.252] [INFO] 开始自动探测 EVB 串口，候选端口 ['/dev/ttyUSB0', '/dev/ttyUSB1', '/dev/ttyUSB2']，候选波特率 [2000000, 250000, 115200, 921600]
[22:31:09.253] [DEBUG] 探测 /dev/ttyUSB0 @ 2000000 ...
[22:31:11.559] [INFO]   命中 EVB 指纹: /dev/ttyUSB0 @ 2000000
[22:31:11.559] [DEBUG] 探测 /dev/ttyUSB1 @ 2000000 ...
[22:31:13.862] [DEBUG] 探测 /dev/ttyUSB1 @ 250000 ...
[22:31:16.166] [DEBUG] 探测 /dev/ttyUSB1 @ 115200 ...
[22:31:18.469] [DEBUG] 探测 /dev/ttyUSB1 @ 921600 ...
[22:31:20.773] [DEBUG] 探测 /dev/ttyUSB2 @ 2000000 ...
[22:31:23.077] [DEBUG] 探测 /dev/ttyUSB2 @ 250000 ...
[22:31:25.381] [DEBUG] 探测 /dev/ttyUSB2 @ 115200 ...
[22:31:27.685] [DEBUG] 探测 /dev/ttyUSB2 @ 921600 ...
[22:31:29.988] [INFO] 探测到 EVB: /dev/ttyUSB0 @ 2000000
[22:31:29.989] [INFO] 串口已打开: /dev/ttyUSB0 @ 2000000 bps
[22:31:33.992] [INFO] EVB 已就绪
[22:31:35.993] [DEBUG] 串口自检通过
[22:31:35.993] [INFO] 预清理板子状态...
[22:31:45.441] [INFO] 使用默认 WiFi: G-Demo
[22:31:54.006] [INFO] WiFi 连接成功: G-Demo / IP=10.1.90.71
[22:31:54.007] [INFO] 本次执行模块顺序: ['wifi_scan', 'wifi_join', 'emmc', 'ftp', 'photo', 'video']
[22:31:54.007] >>> 执行模块: wifi_scan
[22:31:54.007] [SKIP] wifi_scan (0ms) - WiFi 已交互连接，跳过扫描测试
[22:31:54.007] [SKIP] wifi_join (0ms) - 依赖模块未通过: ['wifi_scan']
[22:31:54.007] >>> 执行模块: emmc
[22:31:56.008] [PASS] emmc (2001ms) - 已进入 /emmc（自动挂载）
[22:31:56.008] [SKIP] ftp (0ms) - 依赖模块未通过: ['wifi_join']
[22:31:56.008] [SKIP] photo (0ms) - 依赖模块未通过: ['ftp']
[22:31:56.008] [SKIP] video (0ms) - 依赖模块未通过: ['ftp']
[22:31:56.050] ==================================================
[22:31:56.050] 测试完成：共 6 项 | 通过 1 | 失败 0 | 跳过 5 | 错误 0 | 通过率 16.7% | 总耗时 2.0s
[22:31:56.050] ==================================================
[22:31:56.050] [INFO]   json 报告: reports/20260812_223109/result.json
[22:31:56.050] [INFO]   junit 报告: reports/20260812_223109/junit.xml
[22:31:56.050] [INFO]   html 报告: reports/20260812_223109/report.html
[22:31:58.013] [DEBUG] 串口已关闭
