[22:31:29.989] TX> 
[22:31:30.990] TX> 
[22:31:31.990] RX< 
[22:31:31.990] RX< msh />
[22:31:31.990] RX< msh />
[22:31:31.990] TX> 
[22:31:32.991] TX> 
[22:31:33.991] TX> 
[22:31:33.992] RX< 
[22:31:33.992] RX< msh />
[22:31:33.992] RX< msh />
[22:31:33.997] TX> echo "EVBTEST_HELLO"
[22:31:33.997] TX> echo "__EVBTEST_END_7294c980__"
[22:31:35.993] RX< 
[22:31:35.993] RX< msh />echo "EVBTEST_HELLO"
[22:31:35.993] RX< EVBTEST_HELLO
[22:31:35.993] RX< msh />echo "__EVBTEST_END_7294c980__"
[22:31:35.993] RX< __EVBTEST_END_7294c980__
[22:31:35.993] RX< msh />
[22:31:36.005] TX> dfs_video_stop
[22:31:36.005] TX> echo "__EVBTEST_END_f2c1b8f4__"
[22:31:37.995] RX< dfs_video_stop
[22:31:37.995] RX< [6] [App Dfs] Please start recording the video first.
[22:31:37.995] RX< msh />echo "__EVBTEST_END_f2c1b8f4__"
[22:31:37.995] RX< __EVBTEST_END_f2c1b8f4__
[22:31:37.995] RX< msh />
[22:31:38.001] TX> wifi disc
[22:31:38.001] TX> echo "__EVBTEST_END_6ebbf691__"
[22:31:39.997] RX< wifi disc
[22:31:39.997] RX< [32m[I/WLAN.mgnt] disconnect success![0m
[22:31:39.997] RX< msh />echo "__EVBTEST_END_6ebbf691__"
[22:31:39.997] RX< __EVBTEST_END_6ebbf691__
[22:31:39.997] RX< msh />
[22:31:40.005] TX> ftp_server
[22:31:40.005] TX> echo "__EVBTEST_END_4d0188a4__"
[22:31:41.999] RX< ftp_server
[22:31:41.999] RX< 
[22:31:41.999] RX< [FTP] Ftp server init success!!!
[22:31:41.999] RX< msh />echo "__EVBTEST_END_4d0188a4__"
[22:31:41.999] RX< __EVBTEST_END_4d0188a4__
[22:31:41.999] RX< msh />
[22:31:45.461] TX> wifi join G-Demo Gdemo@123
[22:31:45.461] TX> echo "__EVBTEST_END_c73574e5__"
[22:31:46.001] RX< [32m[I/ftp] service launched success.[0m
[22:31:46.001] RX< wifi join G-Demo Gdemo@123
[22:31:52.005] RX< [32m[I/WLAN.mgnt] wifi connect success ssid:G-Demo[0m
[22:31:52.005] RX< msh />echo "__EVBTEST_END_c73574e5__"
[22:31:52.005] RX< __EVBTEST_END_c73574e5__
[22:31:52.005] RX< msh />
[22:31:54.006] RX< [32m[I/WLAN.lwip] Got IP address : 10.1.90.71[0m
[22:31:54.012] TX> cd emmc
[22:31:54.012] TX> echo "__EVBTEST_END_1bb62fd2__"
[22:31:56.008] RX< cd emmc
[22:31:56.008] RX< msh /emmc>echo "__EVBTEST_END_1bb62fd2__"
[22:31:56.008] RX< __EVBTEST_END_1bb62fd2__
[22:31:56.008] RX< msh /emmc>[6] [SNTP] rtc synced: 2026-08-13 01:31:54 (tick=619491648)
