[05:10:33.680] [INFO] VX100 EVB 自动化测试启动，运行时间戳: 20260813_051033
[05:10:33.680] [INFO] 启用模块: ['wifi_check', 'wifi_scan', 'wifi_join', 'emmc', 'ftp', 'photo', 'video', 'rtmp']
[05:10:33.681] [INFO] 开始自动探测 EVB 串口，候选端口 ['/dev/ttyUSB0', '/dev/ttyUSB1', '/dev/ttyUSB2']，候选波特率 [2000000, 250000, 115200, 921600]
[05:10:33.681] [DEBUG] 探测 /dev/ttyUSB0 @ 2000000 ...
[05:10:35.987] [INFO]   命中 EVB 指纹: /dev/ttyUSB0 @ 2000000
[05:10:35.987] [DEBUG] 探测 /dev/ttyUSB1 @ 2000000 ...
[05:10:38.289] [DEBUG] 探测 /dev/ttyUSB1 @ 250000 ...
[05:10:40.593] [DEBUG] 探测 /dev/ttyUSB1 @ 115200 ...
[05:10:42.897] [DEBUG] 探测 /dev/ttyUSB1 @ 921600 ...
[05:10:45.200] [DEBUG] 探测 /dev/ttyUSB2 @ 2000000 ...
[05:10:47.504] [DEBUG] 探测 /dev/ttyUSB2 @ 250000 ...
[05:10:49.808] [DEBUG] 探测 /dev/ttyUSB2 @ 115200 ...
[05:10:52.112] [DEBUG] 探测 /dev/ttyUSB2 @ 921600 ...
[05:10:54.414] [INFO] 探测到 EVB: /dev/ttyUSB0 @ 2000000
[05:10:54.415] [INFO] 串口已打开: /dev/ttyUSB0 @ 2000000 bps
[05:10:58.418] [INFO] EVB 已就绪
[05:11:00.420] [DEBUG] 串口自检通过
[05:11:00.421] [INFO] 预清理板子状态...
[05:11:07.439] [INFO] 本次执行模块顺序: ['wifi_check', 'wifi_scan', 'wifi_join', 'emmc', 'ftp', 'photo', 'video', 'rtmp']
[05:11:07.439] >>> 执行模块: wifi_check
[05:11:09.460] [PASS] wifi_check (2020ms) - 未联网，将继续 scan/join
[05:11:09.460] >>> 执行模块: wifi_scan
[05:11:13.593] [PASS] wifi_scan (4132ms) - 扫描到 7 个 AP
[05:11:13.593] >>> 执行模块: wifi_join
[05:11:43.601] [FAIL] wifi_join (0ms) - 连接失败或未获取 IP (G-Demo)
[05:11:43.601] >>> 执行模块: emmc
[05:11:43.619] [PASS] emmc (17ms) - 已进入 /emmc（自动挂载）
[05:11:43.619] [SKIP] ftp (0ms) - 依赖模块未通过: ['wifi_join']
[05:11:43.619] >>> 执行模块: photo
[05:11:43.619] [SKIP] photo (0ms) - FTP 客户端不可用，跳过拍照
[05:11:43.619] >>> 执行模块: video
[05:11:43.619] [SKIP] video (0ms) - FTP 客户端不可用，跳过录像
[05:11:43.619] [SKIP] rtmp (0ms) - 依赖模块未通过: ['wifi_join']
[05:11:43.662] ==================================================
[05:11:43.662] 测试完成：共 8 项 | 通过 3 | 失败 1 | 跳过 4 | 错误 0 | 通过率 37.5% | 总耗时 6.2s
[05:11:43.662] ==================================================
[05:11:43.662] [INFO]   json 报告: reports/20260813_051033/result.json
[05:11:43.663] [INFO]   junit 报告: reports/20260813_051033/junit.xml
[05:11:43.663] [INFO]   html 报告: reports/20260813_051033/report.html
[05:11:45.625] [DEBUG] 串口已关闭
