[05:33:25.970] [INFO] VX100 EVB 自动化测试启动，运行时间戳: 20260820_053325
[05:33:25.970] [INFO] 启用模块: ['wifi_check', 'wifi_scan', 'wifi_join', 'emmc', 'ftp', 'photo', 'video', 'rtmp']
[05:33:25.971] [INFO] 开始自动探测 EVB 串口，候选端口 ['/dev/ttyUSB1']，候选波特率 [2000000, 250000, 115200, 921600]
[05:33:25.971] [DEBUG] 探测 /dev/ttyUSB1 @ 2000000 ...
[05:33:28.279] [INFO]   命中 EVB 指纹: /dev/ttyUSB1 @ 2000000
[05:33:28.280] [INFO] 探测到 EVB: /dev/ttyUSB1 @ 2000000
[05:33:28.283] [INFO] 串口已打开: /dev/ttyUSB1 @ 2000000 bps
[05:33:30.285] [INFO] EVB 已就绪
[05:33:32.288] [DEBUG] 串口自检通过
[05:33:32.288] [INFO] 预清理板子状态...
[05:33:39.169] [INFO] 使用默认 WiFi: SW-test-2.4G
[05:33:48.303] [INFO] WiFi 连接成功: SW-test-2.4G / IP=192.168.1.101
[05:33:53.309] [INFO] 本次执行模块顺序: ['wifi_check', 'wifi_scan', 'wifi_join', 'emmc', 'ftp', 'photo', 'video', 'rtmp']
[05:33:53.310] >>> 模块 [wifi_check] 开始执行
[05:33:53.318]     - 执行模块: wifi_check
[05:33:55.342] [PASS] wifi_check (2023ms) - 已联网，IP=192.168.1.101（跳过 wifi scan/join）
[05:33:55.343] <<< 模块 [wifi_check] 结束，耗时 2.0s（结果 PASS）
[05:33:55.343] >>> 模块 [wifi_scan] 开始执行
[05:33:55.343]     - 执行模块: wifi_scan
[05:33:55.343] [SKIP] wifi_scan (0ms) - WiFi 已连接（IP=192.168.1.101），跳过扫描测试
[05:33:55.343] <<< 模块 [wifi_scan] 结束，耗时 0.0s（结果 SKIP）
[05:33:55.343] >>> 模块 [wifi_join] 开始执行
[05:33:55.343]     - 执行模块: wifi_join
[05:33:55.343] [SKIP] wifi_join (0ms) - WiFi 已连接 (SW-test-2.4G/192.168.1.101)，跳过 join 测试
[05:33:55.343] <<< 模块 [wifi_join] 结束，耗时 0.0s（结果 SKIP）
[05:33:55.343] >>> 模块 [emmc] 开始执行
[05:33:55.343]     - 执行模块: emmc
[05:33:57.345] [PASS] emmc (2001ms) - 已进入 /emmc（自动挂载）
[05:33:57.345] <<< 模块 [emmc] 结束，耗时 2.0s（结果 PASS）
[05:33:57.345] >>> 模块 [ftp] 开始执行
[05:33:57.345]     - 执行模块: ftp
[05:34:03.478] [DEBUG] FTP 已连接 192.168.1.101:21 (尝试 1)
[05:34:03.709] [PASS] ftp (6363ms) - FTP 已连接 192.168.1.101，/emmc 列出 4 项
[05:34:03.709] <<< 模块 [ftp] 结束，耗时 6.4s（结果 PASS）
[05:34:03.709] >>> 模块 [photo] 开始执行
[05:34:03.709]     - 执行模块: photo
[05:34:03.818] [DEBUG] FTP 已连接 192.168.1.101:21 (尝试 1)
[05:34:03.818] [DEBUG] FTP 已重新连接
[05:34:03.818]   拍照测试: 模式 auto
[05:34:09.730] [DEBUG] FTP 已连接 192.168.1.101:21 (尝试 1)
[05:34:09.730] [DEBUG] FTP 已重新连接
[05:34:10.177] [DEBUG] FTP 已连接 192.168.1.101:21 (尝试 1)
[05:34:11.452] [PASS] photo[auto] (7633ms) - JPEG OK 1419KB | 拍照成功，保存到 /emmc/PIC/20260101_000040_0859 | 已下载到 logs/20260820_053325/photos/auto_20260101_000040_0859_Image_20260101_000040_0859_0.jpg
[05:34:11.452] <<< 模块 [photo] 结束，耗时 7.7s（结果 PASS）
[05:34:11.452] >>> 模块 [video] 开始执行
[05:34:11.452]     - 执行模块: video
[05:34:11.558] [DEBUG] FTP 已连接 192.168.1.101:21 (尝试 1)
[05:34:11.559] [DEBUG] FTP 已重新连接
[05:34:11.559]   录像测试: 1080p / 180s
[05:34:15.623] [INFO] 拍摄开始（1080p / 180s）...
[05:37:16.161] [INFO] 拍摄结束，耗时 180.5s
[05:37:16.325] [DEBUG] FTP 已连接 192.168.1.101:21 (尝试 1)
[05:37:16.325] [DEBUG] FTP 已重新连接
[05:37:16.647] [INFO] FTP 开始下载视频: /emmc/VIDEO/20260101_000050_0044/Video_0044_0.h265 (399144KB) -> logs/20260820_053325/videos/Video_0044_0.h265
[05:37:16.755] [DEBUG] FTP 已连接 192.168.1.101:21 (尝试 1)
[05:40:08.389] [INFO] FTP 下载完成，耗时 171.7s
[05:40:08.390] [PASS] video (356831ms) - 录像成功，文件 /emmc/VIDEO/20260101_000050_0044/Video_0044_0.h265，399144KB | 已下载到 logs/20260820_053325/videos/Video_0044_0.h265
[05:40:08.390] <<< 模块 [video] 结束，耗时 356.9s（结果 PASS）
[05:40:08.390] >>> 模块 [rtmp] 开始执行
[05:40:08.390] [INFO] 自动检测到 PC IP: 192.168.1.89
[05:40:08.390]     - 执行模块: rtmp
[05:40:08.390] [INFO] 检查 RTMP 服务端 (nginx-rtmp) 是否监听 :1935
[05:40:08.390] [INFO] nginx-rtmp 就绪，RTMP 监听 :1935
[05:40:08.390]   RTMP 推流测试: rtmp://192.168.1.89/live/cam / 600s
[05:40:08.960] [INFO] 推流命令已下发，等待 EVB 建连上线...
[05:40:11.966] [INFO] 已在独立终端窗口启动 ffplay 画面确认 (/usr/bin/gnome-terminal)
[05:40:11.966] [INFO] ffprobe 探测 RTMP 流: rtmp://192.168.1.89/live/cam
[05:40:18.604] [INFO] 推流保持 600s（持续 heartbeat 检测，阈值 30s）...
[05:40:48.634] [INFO]   推流已保持 30/600s ...
[05:41:18.665] [INFO]   推流已保持 60/600s ...
[05:41:48.695] [INFO]   推流已保持 90/600s ...
[05:42:18.726] [INFO]   推流已保持 120/600s ...
[05:42:48.757] [INFO]   推流已保持 150/600s ...
[05:43:18.785] [INFO]   推流已保持 180/600s ...
[05:43:48.817] [INFO]   推流已保持 210/600s ...
[05:44:18.849] [INFO]   推流已保持 240/600s ...
[05:44:48.879] [INFO]   推流已保持 270/600s ...
[05:45:18.910] [INFO]   推流已保持 300/600s ...
[05:45:48.942] [INFO]   推流已保持 330/600s ...
[05:46:18.973] [INFO]   推流已保持 360/600s ...
[05:46:49.002] [INFO]   推流已保持 390/600s ...
[05:47:19.032] [INFO]   推流已保持 420/600s ...
[05:47:49.063] [INFO]   推流已保持 450/600s ...
[05:48:19.094] [INFO]   推流已保持 480/600s ...
[05:48:49.126] [INFO]   推流已保持 510/600s ...
[05:49:19.156] [INFO]   推流已保持 540/600s ...
[05:49:49.187] [INFO]   推流已保持 570/600s ...
[05:50:19.219] [INFO]   推流已保持 600/600s ...
[05:50:19.323] [PASS] rtmp (610932ms) - 推流验证通过: h264 1296x2304 (ffprobe 实时探测)，持续 0s 稳定
[05:50:19.323] <<< 模块 [rtmp] 结束，耗时 610.9s（结果 PASS）
[05:50:19.348] ==================================================
[05:50:19.348] 测试完成：共 8 项 | 通过 6 | 失败 0 | 跳过 2 | 错误 0 | 通过率 75.0% | 总耗时 985.8s
[05:50:19.348] ==================================================
[05:50:19.348] [INFO]   json 报告: reports/20260820_053325/result.json
[05:50:19.348] [INFO]   junit 报告: reports/20260820_053325/junit.xml
[05:50:19.348] [INFO]   html 报告: reports/20260820_053325/report.html
[05:50:33.316] [DEBUG] 串口已关闭
