[01:25:58.099] [INFO] VX100 EVB 自动化测试启动，运行时间戳: 20260817_012558
[01:25:58.099] [INFO] 启用模块: ['wifi_check', 'wifi_scan', 'wifi_join', 'emmc', 'ftp', 'photo', 'video', 'rtmp']
[01:25:58.099] [INFO] 开始自动探测 EVB 串口，候选端口 ['/dev/ttyUSB0']，候选波特率 [2000000, 250000, 115200, 921600]
[01:25:58.099] [DEBUG] 探测 /dev/ttyUSB0 @ 2000000 ...
[01:26:00.408] [INFO]   命中 EVB 指纹: /dev/ttyUSB0 @ 2000000
[01:26:00.408] [INFO] 探测到 EVB: /dev/ttyUSB0 @ 2000000
[01:26:00.409] [INFO] 串口已打开: /dev/ttyUSB0 @ 2000000 bps
[01:26:02.411] [INFO] EVB 已就绪
[01:26:04.413] [DEBUG] 串口自检通过
[01:26:04.413] [INFO] 预清理板子状态...
[01:26:11.432] [INFO] 本次执行模块顺序: ['wifi_check', 'wifi_scan', 'wifi_join', 'emmc', 'ftp', 'photo', 'video', 'rtmp']
[01:26:11.432] >>> 执行模块: wifi_check
[01:26:13.452] [PASS] wifi_check (2019ms) - 未联网，将继续 scan/join
[01:26:13.452] >>> 执行模块: wifi_scan
[01:26:17.269] [PASS] wifi_scan (3816ms) - 扫描到 12 个 AP（其中 1 个 RSSI<-70 信号弱）
[01:26:17.269] >>> 执行模块: wifi_join
[01:26:27.277] [PASS] wifi_join (10007ms) - 已连接 G-Demo，IP=10.1.90.71
[01:26:27.277] >>> 执行模块: emmc
[01:26:29.279] [PASS] emmc (2001ms) - 已进入 /emmc（自动挂载）
[01:26:29.279] >>> 执行模块: ftp
[01:26:31.553] [DEBUG] FTP 已连接 10.1.90.71:21 (尝试 1)
[01:26:32.542] [PASS] ftp (3262ms) - FTP 已连接 10.1.90.71，/emmc 列出 4 项
[01:26:32.542] >>> 执行模块: photo
[01:26:33.029]   拍照测试: 模式 auto
[01:26:37.378] [DEBUG] 强制重连 FTP
[01:26:41.517] [DEBUG] FTP 已连接 10.1.90.71:21 (尝试 1)
[01:26:41.517] [INFO] FTP 已恢复
[01:26:58.715] [PASS] photo[auto] (25686ms) - JPEG OK 684KB | 拍照成功，保存到 /emmc/PIC/20260817_042633_0298 | 已下载到 logs/20260817_012558/photos/auto_20260817_042633_0298_Image_20260817_042633_0298_0.jpg
[01:26:58.715] >>> 执行模块: video
[01:26:58.716]   录像测试: 1080p / 2s
[01:27:02.834] [DEBUG] 强制重连 FTP
[01:27:05.138] [DEBUG] FTP 已连接 10.1.90.71:21 (尝试 1)
[01:27:05.138] [INFO] FTP 已恢复
[01:28:09.769] [PASS] video (71053ms) - 录像成功，文件 /emmc/VIDEO/20260817_042659_6274/Video_6274_0.h265，3563KB | 已下载到 logs/20260817_012558/videos/Video_6274_0.h265
[01:28:09.770] [INFO] 自动检测到 PC IP: 10.1.90.128
[01:28:09.770] >>> 执行模块: rtmp
[01:28:09.770] [INFO] 检查 RTMP 服务端 (nginx-rtmp) 是否监听 :1935
[01:28:09.770] [INFO] nginx-rtmp 就绪，RTMP 监听 :1935
[01:28:09.770] [DEBUG] 强制重连 FTP
[01:28:12.064] [DEBUG] FTP 已连接 10.1.90.71:21 (尝试 1)
[01:28:12.064] [INFO] FTP 已恢复
[01:28:13.065]   RTMP 推流测试: rtmp://10.1.90.128/live/cam / 10s
[01:28:16.385] [INFO] 无 DISPLAY 环境变量，跳过 ffplay 画面确认（无人值守/SSH 常见）
[01:28:16.385] [INFO] ffprobe 探测 RTMP 流: rtmp://10.1.90.128/live/cam
[01:28:19.743] [WARN] ffprobe 未探测到流(1/4): ffprobe 退出码 1: rtmp://10.1.90.128/live/cam: Input/output error，2.0s 后重试
[01:28:28.078] [PASS] rtmp (15013ms) - 推流验证通过: h264 1296x2304 (ffprobe 实时探测)
[01:28:28.120] ==================================================
[01:28:28.120] 测试完成：共 8 项 | 通过 8 | 失败 0 | 跳过 0 | 错误 0 | 通过率 100.0% | 总耗时 132.9s
[01:28:28.120] ==================================================
[01:28:28.120] [INFO]   json 报告: reports/20260817_012558/result.json
[01:28:28.120] [INFO]   junit 报告: reports/20260817_012558/junit.xml
[01:28:28.120] [INFO]   html 报告: reports/20260817_012558/report.html
[01:28:28.781] [DEBUG] 串口已关闭
