[04:06:46.650] [INFO] VX100 EVB 自动化测试启动，运行时间戳: 20260813_040646
[04:06:46.650] [INFO] 启用模块: ['wifi_check', 'wifi_scan', 'wifi_join', 'emmc', 'ftp', 'photo', 'video', 'rtmp']
[04:06:46.651] [INFO] 开始自动探测 EVB 串口，候选端口 ['/dev/ttyUSB0', '/dev/ttyUSB1', '/dev/ttyUSB2']，候选波特率 [2000000, 250000, 115200, 921600]
[04:06:46.651] [DEBUG] 探测 /dev/ttyUSB0 @ 2000000 ...
[04:06:48.959] [INFO]   命中 EVB 指纹: /dev/ttyUSB0 @ 2000000
[04:06:48.959] [DEBUG] 探测 /dev/ttyUSB1 @ 2000000 ...
[04:06:51.261] [DEBUG] 探测 /dev/ttyUSB1 @ 250000 ...
[04:06:53.565] [DEBUG] 探测 /dev/ttyUSB1 @ 115200 ...
[04:06:55.869] [DEBUG] 探测 /dev/ttyUSB1 @ 921600 ...
[04:06:58.173] [DEBUG] 探测 /dev/ttyUSB2 @ 2000000 ...
[04:07:00.477] [DEBUG] 探测 /dev/ttyUSB2 @ 250000 ...
[04:07:02.781] [DEBUG] 探测 /dev/ttyUSB2 @ 115200 ...
[04:07:05.085] [DEBUG] 探测 /dev/ttyUSB2 @ 921600 ...
[04:07:07.389] [INFO] 探测到 EVB: /dev/ttyUSB0 @ 2000000
[04:07:07.390] [INFO] 串口已打开: /dev/ttyUSB0 @ 2000000 bps
[04:07:15.395] [INFO] EVB 已就绪
[04:07:17.397] [DEBUG] 串口自检通过
[04:07:17.397] [INFO] 预清理板子状态...
[04:07:24.418] [INFO] 本次执行模块顺序: ['wifi_check', 'wifi_scan', 'wifi_join', 'emmc', 'ftp', 'photo', 'video', 'rtmp']
[04:07:24.418] >>> 执行模块: wifi_check
[04:07:26.439] [PASS] wifi_check (2020ms) - 未联网，将继续 scan/join
[04:07:26.439] >>> 执行模块: wifi_scan
[04:07:30.406] [PASS] wifi_scan (3967ms) - 扫描到 7 个 AP
[04:07:30.406] >>> 执行模块: wifi_join
[04:08:00.413] [FAIL] wifi_join (0ms) - 连接失败或未获取 IP (G-Demo)
[04:08:00.413] >>> 执行模块: emmc
[04:08:01.418] [PASS] emmc (1004ms) - 已进入 /emmc（自动挂载）
[04:08:01.418] [SKIP] ftp (0ms) - 依赖模块未通过: ['wifi_join']
[04:08:01.418] >>> 执行模块: photo
[04:08:01.418] [SKIP] photo (0ms) - FTP 客户端不可用，跳过拍照
[04:08:01.418] >>> 执行模块: video
[04:08:01.419] [SKIP] video (0ms) - FTP 客户端不可用，跳过录像
[04:08:01.419] [SKIP] rtmp (0ms) - 依赖模块未通过: ['wifi_join']
[04:08:01.462] ==================================================
[04:08:01.462] 测试完成：共 8 项 | 通过 3 | 失败 1 | 跳过 4 | 错误 0 | 通过率 37.5% | 总耗时 7.0s
[04:08:01.462] ==================================================
[04:08:01.462] [INFO]   json 报告: reports/20260813_040646/result.json
[04:08:01.462] [INFO]   junit 报告: reports/20260813_040646/junit.xml
[04:08:01.462] [INFO]   html 报告: reports/20260813_040646/report.html
[04:08:03.423] [DEBUG] 串口已关闭
