[05:50:40.642] [INFO] VX100 EVB 自动化测试启动，运行时间戳: 20260820_055040
[05:50:40.642] [INFO] 启用模块: ['wifi_check', 'wifi_scan', 'wifi_join', 'emmc', 'ftp', 'photo', 'video', 'rtmp']
[05:50:40.642] [INFO] 开始自动探测 EVB 串口，候选端口 ['/dev/ttyUSB1']，候选波特率 [2000000, 250000, 115200, 921600]
[05:50:40.642] [DEBUG] 探测 /dev/ttyUSB1 @ 2000000 ...
[05:50:42.952] [INFO]   命中 EVB 指纹: /dev/ttyUSB1 @ 2000000
[05:50:42.952] [INFO] 探测到 EVB: /dev/ttyUSB1 @ 2000000
[05:50:42.956] [INFO] 串口已打开: /dev/ttyUSB1 @ 2000000 bps
[05:50:44.957] [INFO] EVB 已就绪
[05:50:46.961] [DEBUG] 串口自检通过
[05:50:46.961] [INFO] 预清理板子状态...
[05:50:54.108] [INFO] 使用默认 WiFi: SW-test-2.4G
[05:51:02.979] [INFO] WiFi 连接成功: SW-test-2.4G / IP=192.168.1.101
[05:51:07.985] [INFO] 本次执行模块顺序: ['wifi_check', 'wifi_scan', 'wifi_join', 'emmc', 'ftp', 'photo', 'video', 'rtmp']
[05:51:07.985] >>> 模块 [wifi_check] 开始执行
[05:51:07.985]     - 执行模块: wifi_check
[05:51:10.009] [PASS] wifi_check (2023ms) - 已联网，IP=192.168.1.101（跳过 wifi scan/join）
[05:51:10.009] <<< 模块 [wifi_check] 结束，耗时 2.0s（结果 PASS）
[05:51:10.009] >>> 模块 [wifi_scan] 开始执行
[05:51:10.009]     - 执行模块: wifi_scan
[05:51:10.009] [SKIP] wifi_scan (0ms) - WiFi 已连接（IP=192.168.1.101），跳过扫描测试
[05:51:10.009] <<< 模块 [wifi_scan] 结束，耗时 0.0s（结果 SKIP）
[05:51:10.010] >>> 模块 [wifi_join] 开始执行
[05:51:10.010]     - 执行模块: wifi_join
[05:51:10.010] [SKIP] wifi_join (0ms) - WiFi 已连接 (SW-test-2.4G/192.168.1.101)，跳过 join 测试
[05:51:10.010] <<< 模块 [wifi_join] 结束，耗时 0.0s（结果 SKIP）
[05:51:10.010] >>> 模块 [emmc] 开始执行
[05:51:10.010]     - 执行模块: emmc
[05:51:12.011] [PASS] emmc (2001ms) - 已进入 /emmc（自动挂载）
[05:51:12.011] <<< 模块 [emmc] 结束，耗时 2.0s（结果 PASS）
[05:51:12.011] >>> 模块 [ftp] 开始执行
[05:51:12.011]     - 执行模块: ftp
[05:51:18.131] [DEBUG] FTP 已连接 192.168.1.101:21 (尝试 1)
[05:51:18.357] [PASS] ftp (6344ms) - FTP 已连接 192.168.1.101，/emmc 列出 4 项
[05:51:18.357] <<< 模块 [ftp] 结束，耗时 6.3s（结果 PASS）
[05:51:18.357] >>> 模块 [photo] 开始执行
[05:51:18.357]     - 执行模块: photo
[05:51:18.471] [DEBUG] FTP 已连接 192.168.1.101:21 (尝试 1)
[05:51:18.471] [DEBUG] FTP 已重新连接
[05:51:18.472]   拍照测试: 模式 auto
[05:51:25.880] [DEBUG] FTP 已连接 192.168.1.101:21 (尝试 1)
[05:51:25.880] [DEBUG] FTP 已重新连接
[05:51:26.293] [DEBUG] FTP 已连接 192.168.1.101:21 (尝试 1)
[05:51:27.506] [PASS] photo[auto] (9034ms) - JPEG OK 1363KB | 拍照成功，保存到 /emmc/PIC/20260101_000041_1138 | 已下载到 logs/20260820_055040/photos/auto_20260101_000041_1138_Image_20260101_000041_1138_0.jpg
[05:51:27.506] <<< 模块 [photo] 结束，耗时 9.1s（结果 PASS）
[05:51:27.506] >>> 模块 [video] 开始执行
[05:51:27.506]     - 执行模块: video
[05:51:27.636] [DEBUG] FTP 已连接 192.168.1.101:21 (尝试 1)
[05:51:27.636] [DEBUG] FTP 已重新连接
[05:51:27.636]   录像测试: 1080p / 180s
[05:51:31.746] [INFO] 拍摄开始（1080p / 180s）...
[05:54:34.457] [INFO] 拍摄结束，耗时 182.7s
[05:54:34.592] [DEBUG] FTP 已连接 192.168.1.101:21 (尝试 1)
[05:54:34.592] [DEBUG] FTP 已重新连接
[05:54:34.904] [INFO] FTP 开始下载视频: /emmc/VIDEO/20260101_000051_1770/Video_1770_0.h265 (398858KB) -> logs/20260820_055040/videos/Video_1770_0.h265
[05:54:35.019] [DEBUG] FTP 已连接 192.168.1.101:21 (尝试 1)
[05:57:28.520] [INFO] FTP 下载完成，耗时 173.6s
[05:57:28.521] [PASS] video (360884ms) - 录像成功，文件 /emmc/VIDEO/20260101_000051_1770/Video_1770_0.h265，398858KB | 已下载到 logs/20260820_055040/videos/Video_1770_0.h265
[05:57:28.521] <<< 模块 [video] 结束，耗时 361.0s（结果 PASS）
[05:57:28.521] >>> 模块 [rtmp] 开始执行
[05:57:28.521] [INFO] 自动检测到 PC IP: 192.168.1.89
[05:57:28.521]     - 执行模块: rtmp
[05:57:28.521] [INFO] 检查 RTMP 服务端 (nginx-rtmp) 是否监听 :1935
[05:57:28.522] [INFO] nginx-rtmp 就绪，RTMP 监听 :1935
[05:57:28.522]   RTMP 推流测试: rtmp://192.168.1.89/live/cam / 600s
[05:57:29.055] [INFO] 推流命令已下发，等待 EVB 建连上线...
[05:57:32.062] [INFO] 已在独立终端窗口启动 ffplay 画面确认 (/usr/bin/gnome-terminal)
[05:57:32.062] [INFO] ffprobe 探测 RTMP 流: rtmp://192.168.1.89/live/cam
[05:57:38.709] [INFO] 推流保持 600s（持续 heartbeat 检测，阈值 30s）...
[05:58:08.739] [INFO]   推流已保持 30/600s ...
[05:58:38.769] [INFO]   推流已保持 60/600s ...
[05:59:08.799] [INFO]   推流已保持 90/600s ...
[05:59:38.829] [INFO]   推流已保持 120/600s ...
[06:00:08.860] [INFO]   推流已保持 150/600s ...
[06:00:38.890] [INFO]   推流已保持 180/600s ...
[06:01:08.921] [INFO]   推流已保持 210/600s ...
[06:01:38.951] [INFO]   推流已保持 240/600s ...
[06:02:08.979] [INFO]   推流已保持 270/600s ...
[06:02:39.012] [INFO]   推流已保持 300/600s ...
[06:03:09.044] [INFO]   推流已保持 330/600s ...
[06:03:39.076] [INFO]   推流已保持 360/600s ...
[06:04:09.107] [INFO]   推流已保持 390/600s ...
[06:04:39.139] [INFO]   推流已保持 420/600s ...
[06:05:09.170] [INFO]   推流已保持 450/600s ...
[06:05:39.200] [INFO]   推流已保持 480/600s ...
[06:06:09.229] [INFO]   推流已保持 510/600s ...
[06:06:39.258] [INFO]   推流已保持 540/600s ...
[06:07:09.288] [INFO]   推流已保持 570/600s ...
[06:07:39.319] [INFO]   推流已保持 600/600s ...
[06:07:39.422] [PASS] rtmp (610899ms) - 推流验证通过: h264 1296x2304 (ffprobe 实时探测)，持续 0s 稳定
[06:07:39.422] <<< 模块 [rtmp] 结束，耗时 610.9s（结果 PASS）
[06:07:39.454] ==================================================
[06:07:39.454] 测试完成：共 8 项 | 通过 6 | 失败 0 | 跳过 2 | 错误 0 | 通过率 75.0% | 总耗时 991.2s
[06:07:39.454] ==================================================
[06:07:39.454] [INFO]   json 报告: reports/20260820_055040/result.json
[06:07:39.454] [INFO]   junit 报告: reports/20260820_055040/junit.xml
[06:07:39.454] [INFO]   html 报告: reports/20260820_055040/report.html
[06:07:51.417] [DEBUG] 串口已关闭
