[07:33:48.644] TX> 
[07:33:49.644] TX> 
[07:33:50.645] RX< 
[07:33:50.645] RX< msh />
[07:33:50.645] RX< msh />
[07:33:50.645] TX> 
[07:33:51.646] TX> 
[07:33:52.646] RX< 
[07:33:52.646] RX< msh />
[07:33:52.646] RX< msh />
[07:33:52.653] TX> echo "EVBTEST_HELLO"
[07:33:52.653] TX> echo "__EVBTEST_END_31a01ba5__"
[07:33:54.648] RX< echo "EVBTEST_HELLO"
[07:33:54.648] RX< EVBTEST_HELLO
[07:33:54.648] RX< msh />echo "__EVBTEST_END_31a01ba5__"
[07:33:54.648] RX< __EVBTEST_END_31a01ba5__
[07:33:54.648] RX< msh />
[07:33:54.657] TX> wifi disc
[07:33:54.657] TX> echo "__EVBTEST_END_4e6ec636__"
[07:33:56.650] RX< wifi disc
[07:33:56.650] RX< [32m[I/WLAN.mgnt] disconnect success![0m
[07:33:56.650] RX< msh />echo "__EVBTEST_END_4e6ec636__"
[07:33:56.650] RX< __EVBTEST_END_4e6ec636__
[07:33:56.650] RX< msh />
[07:33:57.657] TX> wifi join G-Demo Gdemo@123
[07:33:57.657] TX> echo "__EVBTEST_END_52155692__"
[07:33:58.651] RX< wifi join G-Demo Gdemo@123
[07:34:02.653] RX< [32m[I/WLAN.mgnt] wifi connect success ssid:G-Demo[0m
[07:34:04.655] RX< msh />echo "__EVBTEST_END_52155692__"
[07:34:04.655] RX< __EVBTEST_END_52155692__
[07:34:04.655] RX< msh />
[07:34:06.656] RX< [32m[I/WLAN.lwip] Got IP address : 10.1.90.71[0m
[07:34:06.665] TX> cd emmc
[07:34:06.665] TX> echo "__EVBTEST_END_fb084451__"
[07:34:08.657] RX< cd emmc
[07:34:08.657] RX< msh /emmc>echo "__EVBTEST_END_fb084451__"
[07:34:08.657] RX< __EVBTEST_END_fb084451__
[07:34:08.657] RX< msh /emmc>
[07:34:08.665] TX> ftp_server
[07:34:08.665] TX> echo "__EVBTEST_END_8f2be8f7__"
[07:34:10.659] RX< ftp_server
[07:34:10.659] RX< 
[07:34:10.659] RX< [FTP] Ftp server init success!!!
[07:34:10.659] RX< msh /emmc>echo "__EVBTEST_END_8f2be8f7__"
[07:34:10.659] RX< __EVBTEST_END_8f2be8f7__
[07:34:10.659] RX< msh /emmc>
[07:34:14.662] RX< [33m[W/ftp] service go wrong, now wait restarting...[0m
