[22:55:47.535] [INFO] VX100 EVB 自动化测试启动，运行时间戳: 20260817_225547
[22:55:47.535] [INFO] 启用模块: ['wifi_check', 'wifi_scan', 'wifi_join', 'emmc', 'ftp', 'photo', 'video', 'rtmp']
[22:55:47.536] [INFO] 开始自动探测 EVB 串口，候选端口 ['/dev/ttyUSB0']，候选波特率 [2000000, 250000, 115200, 921600]
[22:55:47.536] [DEBUG] 探测 /dev/ttyUSB0 @ 2000000 ...
[22:55:49.846] [INFO]   命中 EVB 指纹: /dev/ttyUSB0 @ 2000000
[22:55:49.846] [INFO] 探测到 EVB: /dev/ttyUSB0 @ 2000000
[22:55:49.848] [INFO] 串口已打开: /dev/ttyUSB0 @ 2000000 bps
[22:55:51.849] [INFO] EVB 已就绪
[22:55:53.852] [DEBUG] 串口自检通过
[22:55:53.852] [INFO] 预清理板子状态...
[22:56:46.057] [INFO] 使用默认 WiFi: KhalilFong
[22:56:59.916] [INFO] WiFi 连接成功: KhalilFong / IP=172.20.10.3
[22:57:04.921] [INFO] 本次执行模块顺序: ['wifi_check', 'wifi_scan', 'wifi_join', 'emmc', 'ftp', 'photo', 'video', 'rtmp']
[22:57:04.921] >>> 执行模块: wifi_check
[22:57:06.943] [PASS] wifi_check (2021ms) - 已联网，IP=172.20.10.3（跳过 wifi scan/join）
[22:57:06.943] >>> 执行模块: wifi_scan
[22:57:06.943] [SKIP] wifi_scan (0ms) - WiFi 已连接（IP=172.20.10.3），跳过扫描测试
[22:57:06.943] >>> 执行模块: wifi_join
[22:57:06.943] [SKIP] wifi_join (0ms) - WiFi 已连接 (KhalilFong/172.20.10.3)，跳过 join 测试
[22:57:06.944] >>> 执行模块: emmc
[22:57:08.945] [PASS] emmc (2000ms) - 已进入 /emmc（自动挂载）
[22:57:08.945] >>> 执行模块: ftp
[22:57:11.035] [DEBUG] FTP 连接失败(尝试 1/3): [Errno 111] Connection refused
[22:57:12.088] [DEBUG] FTP 连接失败(尝试 2/3): [Errno 111] Connection refused
[22:57:13.130] [DEBUG] FTP 连接失败(尝试 3/3): [Errno 111] Connection refused
[22:57:14.131] [FAIL] ftp (0ms) - FTP 客户端连接失败: FTP 连接失败（重试 3 次）: [Errno 111] Connection refused
[22:57:14.131] [SKIP] photo (0ms) - 依赖模块未通过: ['ftp']
[22:57:14.131] [SKIP] video (0ms) - 依赖模块未通过: ['ftp']
[22:57:14.132] [INFO] 自动检测到 PC IP: 172.20.10.2
[22:57:14.132] >>> 执行模块: rtmp
[22:57:14.132] [INFO] 检查 RTMP 服务端 (nginx-rtmp) 是否监听 :1935
[22:57:14.132] [INFO] nginx-rtmp 就绪，RTMP 监听 :1935
[22:57:14.132]   RTMP 推流测试: rtmp://172.20.10.2/live/cam / 10s
[22:57:17.448] [INFO] 已在独立终端窗口启动 ffplay 画面确认 (/usr/bin/gnome-terminal)
[22:57:17.449] [INFO] ffprobe 探测 RTMP 流: rtmp://172.20.10.2/live/cam
[22:57:26.887] [INFO] ffplay 展示窗口保持 10s 供人眼确认画面...
[22:57:37.099] [PASS] rtmp (22966ms) - 推流验证通过: h264 1296x2304 (ffprobe 实时探测)
[22:57:37.153] ==================================================
[22:57:37.153] 测试完成：共 8 项 | 通过 3 | 失败 1 | 跳过 4 | 错误 0 | 通过率 37.5% | 总耗时 27.0s
[22:57:37.153] ==================================================
[22:57:37.154] [INFO]   json 报告: reports/20260817_225547/result.json
[22:57:37.154] [INFO]   junit 报告: reports/20260817_225547/junit.xml
[22:57:37.154] [INFO]   html 报告: reports/20260817_225547/report.html
[22:57:38.956] [DEBUG] 串口已关闭
