[23:21:10.096] [INFO] VX100 EVB 自动化测试启动，运行时间戳: 20260812_232110
[23:21:10.096] [INFO] 启用模块: ['wifi_check', 'wifi_scan', 'wifi_join', 'emmc', 'ftp', 'photo', 'video']
[23:21:10.097] [INFO] 开始自动探测 EVB 串口，候选端口 ['/dev/ttyUSB0', '/dev/ttyUSB1', '/dev/ttyUSB2']，候选波特率 [2000000, 250000, 115200, 921600]
[23:21:10.097] [DEBUG] 探测 /dev/ttyUSB0 @ 2000000 ...
[23:21:12.427] [INFO]   命中 EVB 指纹: /dev/ttyUSB0 @ 2000000
[23:21:12.427] [DEBUG] 探测 /dev/ttyUSB1 @ 2000000 ...
[23:21:14.729] [DEBUG] 探测 /dev/ttyUSB1 @ 250000 ...
[23:21:17.033] [DEBUG] 探测 /dev/ttyUSB1 @ 115200 ...
[23:21:19.337] [DEBUG] 探测 /dev/ttyUSB1 @ 921600 ...
[23:21:21.640] [DEBUG] 探测 /dev/ttyUSB2 @ 2000000 ...
[23:21:23.944] [DEBUG] 探测 /dev/ttyUSB2 @ 250000 ...
[23:21:26.248] [DEBUG] 探测 /dev/ttyUSB2 @ 115200 ...
[23:21:28.552] [DEBUG] 探测 /dev/ttyUSB2 @ 921600 ...
[23:21:30.855] [INFO] 探测到 EVB: /dev/ttyUSB0 @ 2000000
[23:21:30.857] [INFO] 串口已打开: /dev/ttyUSB0 @ 2000000 bps
[23:21:31.147] [INFO] EVB 已就绪
[23:21:31.173] [DEBUG] 串口自检通过
[23:21:31.173] [INFO] 预清理板子状态...
[23:21:32.391] [INFO] 本次执行模块顺序: ['wifi_check', 'wifi_scan', 'wifi_join', 'emmc', 'ftp', 'photo', 'video']
[23:21:32.391] >>> 执行模块: wifi_check
[23:21:32.508] [PASS] wifi_check (116ms) - 已联网，IP=10.1.90.71（跳过 wifi scan/join）
[23:21:32.508] >>> 执行模块: wifi_scan
[23:21:32.508] [SKIP] wifi_scan (0ms) - WiFi 已连接（IP=10.1.90.71），跳过扫描测试
[23:21:32.508] [SKIP] wifi_join (0ms) - 依赖模块未通过: ['wifi_scan']
[23:21:32.508] >>> 执行模块: emmc
[23:21:33.113] [PASS] emmc (605ms) - 已进入 /emmc（自动挂载）
[23:21:33.113] >>> 执行模块: ftp
[23:21:33.347] [DEBUG] FTP 已连接 10.1.90.71:21 (尝试 1)
[23:21:33.682] [PASS] ftp (568ms) - FTP 已连接 10.1.90.71，/emmc 列出 3 项
[23:21:33.682] >>> 执行模块: photo
[23:21:34.064]   拍照测试: 模式 auto
[23:21:36.299] [DEBUG] 强制重连 FTP
[23:21:37.951] [DEBUG] FTP 已连接 10.1.90.71:21 (尝试 1)
[23:21:37.951] [INFO] FTP 已恢复
[23:22:05.642] [PASS] photo[auto] (31577ms) - JPEG OK 735KB | 拍照成功，保存到 /emmc/PIC/20260813_022135_7175
[23:22:05.643] >>> 执行模块: video
[23:22:06.317]   录像测试: 1080p / 5s
[23:22:12.447] [DEBUG] 强制重连 FTP
[23:22:14.489] [DEBUG] FTP 已连接 10.1.90.71:21 (尝试 1)
[23:22:14.489] [INFO] FTP 已恢复
[23:22:16.282] [PASS] video (9965ms) - 录像成功，文件 /emmc/VIDEO/20260813_022207_9022/Video_9022_0.h265，9994KB
[23:22:16.323] ==================================================
[23:22:16.323] 测试完成：共 7 项 | 通过 5 | 失败 0 | 跳过 2 | 错误 0 | 通过率 71.4% | 总耗时 42.8s
[23:22:16.323] ==================================================
[23:22:16.323] [INFO]   json 报告: reports/20260812_232110/result.json
[23:22:16.323] [INFO]   junit 报告: reports/20260812_232110/junit.xml
[23:22:16.323] [INFO]   html 报告: reports/20260812_232110/report.html
[23:22:16.344] [DEBUG] 串口已关闭
