[03:44:26.722] [INFO] VX100 EVB 自动化测试启动，运行时间戳: 20260818_034426
[03:44:26.722] [INFO] 启用模块: ['rtmp']
[03:44:26.722] [INFO] 开始自动探测 EVB 串口，候选端口 ['/dev/ttyUSB1']，候选波特率 [2000000, 250000, 115200, 921600]
[03:44:26.730] [DEBUG] 探测 /dev/ttyUSB1 @ 2000000 ...
[03:44:29.042] [INFO]   命中 EVB 指纹: /dev/ttyUSB1 @ 2000000
[03:44:29.042] [INFO] 探测到 EVB: /dev/ttyUSB1 @ 2000000
[03:44:29.046] [INFO] 串口已打开: /dev/ttyUSB1 @ 2000000 bps
[03:44:31.047] [INFO] EVB 已就绪
[03:44:33.050] [DEBUG] 串口自检通过
[03:44:33.050] [INFO] 预清理板子状态...
[03:44:38.835] [INFO] 扫描 WiFi 网络...
[03:45:26.259] [ERROR] WiFi 连接失败: 期望结果未出现(30.0s): Got IP address\s*:\s*([0-9.]+)
[03:45:26.260] [ERROR] 输出: wifi join SW-test-2.4G tuf@3600
[I/WLAN.mgnt] wifi is connect ssid:SW-test-2.4G
msh />echo "__EVBTEST_END_5f9e020c__"
__EVBTEST_END_5f9e020c__
msh />
[03:45:26.260] [WARN] WiFi 交互连接失败，将依赖 wifi_join 用例连接
[03:45:26.260] [INFO] 本次执行模块顺序: ['rtmp']
[03:45:26.260] [WARN] 未能确定 PC IP，RTMP 推流可能失败
[03:45:26.261] >>> 执行模块: rtmp
[03:45:26.261] [FAIL] rtmp (0ms) - 无法确定 PC IP，RTMP 推流目标未知
[03:45:26.279] ==================================================
[03:45:26.279] 测试完成：共 1 项 | 通过 0 | 失败 1 | 跳过 0 | 错误 0 | 通过率 0.0% | 总耗时 0.0s
[03:45:26.279] ==================================================
[03:45:26.279] [INFO]   json 报告: reports/20260818_034426/result.json
[03:45:26.279] [INFO]   junit 报告: reports/20260818_034426/junit.xml
[03:45:26.279] [INFO]   html 报告: reports/20260818_034426/report.html
[03:45:26.748] [DEBUG] 串口已关闭
