[06:07:58.441] [INFO] VX100 EVB 自动化测试启动，运行时间戳: 20260820_060758
[06:07:58.441] [INFO] 启用模块: ['wifi_check', 'wifi_scan', 'wifi_join', 'emmc', 'ftp', 'photo', 'video', 'rtmp']
[06:07:58.441] [INFO] 开始自动探测 EVB 串口，候选端口 ['/dev/ttyUSB1']，候选波特率 [2000000, 250000, 115200, 921600]
[06:07:58.441] [DEBUG] 探测 /dev/ttyUSB1 @ 2000000 ...
[06:08:00.752] [INFO]   命中 EVB 指纹: /dev/ttyUSB1 @ 2000000
[06:08:00.753] [INFO] 探测到 EVB: /dev/ttyUSB1 @ 2000000
[06:08:00.757] [INFO] 串口已打开: /dev/ttyUSB1 @ 2000000 bps
[06:08:02.759] [INFO] EVB 已就绪
[06:08:04.762] [DEBUG] 串口自检通过
[06:08:04.762] [INFO] 预清理板子状态...
[06:08:11.933] [INFO] 使用默认 WiFi: SW-test-2.4G
[06:08:20.779] [INFO] WiFi 连接成功: SW-test-2.4G / IP=192.168.1.101
[06:08:25.785] [INFO] 本次执行模块顺序: ['wifi_check', 'wifi_scan', 'wifi_join', 'emmc', 'ftp', 'photo', 'video', 'rtmp']
[06:08:25.785] >>> 模块 [wifi_check] 开始执行
[06:08:25.785]     - 执行模块: wifi_check
[06:08:27.808] [PASS] wifi_check (2022ms) - 已联网，IP=192.168.1.101（跳过 wifi scan/join）
[06:08:27.808] <<< 模块 [wifi_check] 结束，耗时 2.0s（结果 PASS）
[06:08:27.808] >>> 模块 [wifi_scan] 开始执行
[06:08:27.809]     - 执行模块: wifi_scan
[06:08:27.809] [SKIP] wifi_scan (0ms) - WiFi 已连接（IP=192.168.1.101），跳过扫描测试
[06:08:27.809] <<< 模块 [wifi_scan] 结束，耗时 0.0s（结果 SKIP）
[06:08:27.809] >>> 模块 [wifi_join] 开始执行
[06:08:27.809]     - 执行模块: wifi_join
[06:08:27.809] [SKIP] wifi_join (0ms) - WiFi 已连接 (SW-test-2.4G/192.168.1.101)，跳过 join 测试
[06:08:27.809] <<< 模块 [wifi_join] 结束，耗时 0.0s（结果 SKIP）
[06:08:27.809] >>> 模块 [emmc] 开始执行
[06:08:27.809]     - 执行模块: emmc
[06:08:29.811] [PASS] emmc (2001ms) - 已进入 /emmc（自动挂载）
[06:08:29.811] <<< 模块 [emmc] 结束，耗时 2.0s（结果 PASS）
[06:08:29.811] >>> 模块 [ftp] 开始执行
[06:08:29.811]     - 执行模块: ftp
[06:08:35.954] [DEBUG] FTP 已连接 192.168.1.101:21 (尝试 1)
[06:08:36.219] [PASS] ftp (6407ms) - FTP 已连接 192.168.1.101，/emmc 列出 4 项
[06:08:36.219] <<< 模块 [ftp] 结束，耗时 6.4s（结果 PASS）
[06:08:36.219] >>> 模块 [photo] 开始执行
[06:08:36.219]     - 执行模块: photo
[06:08:36.342] [DEBUG] FTP 已连接 192.168.1.101:21 (尝试 1)
[06:08:36.342] [DEBUG] FTP 已重新连接
[06:08:36.342]   拍照测试: 模式 auto
[06:08:42.294] [DEBUG] FTP 已连接 192.168.1.101:21 (尝试 1)
[06:08:42.295] [DEBUG] FTP 已重新连接
[06:08:42.729] [DEBUG] FTP 已连接 192.168.1.101:21 (尝试 1)
[06:08:43.772] [PASS] photo[auto] (7429ms) - JPEG OK 1365KB | 拍照成功，保存到 /emmc/PIC/20260101_000041_1103 | 已下载到 logs/20260820_060758/photos/auto_20260101_000041_1103_Image_20260101_000041_1103_0.jpg
[06:08:43.772] <<< 模块 [photo] 结束，耗时 7.6s（结果 PASS）
[06:08:43.772] >>> 模块 [video] 开始执行
[06:08:43.772]     - 执行模块: video
[06:08:43.879] [DEBUG] FTP 已连接 192.168.1.101:21 (尝试 1)
[06:08:43.880] [DEBUG] FTP 已重新连接
[06:08:43.880]   录像测试: 1080p / 180s
[06:08:46.247] [INFO] 拍摄开始（1080p / 180s）...
[06:11:48.686] [INFO] 拍摄结束，耗时 182.4s
[06:11:48.794] [DEBUG] FTP 已连接 192.168.1.101:21 (尝试 1)
[06:11:48.794] [DEBUG] FTP 已重新连接
[06:11:49.109] [INFO] FTP 开始下载视频: /emmc/VIDEO/20260101_000048_8438/Video_8438_0.h265 (399047KB) -> logs/20260820_060758/videos/Video_8438_0.h265
[06:11:49.214] [DEBUG] FTP 已连接 192.168.1.101:21 (尝试 1)
[06:14:55.760] [INFO] FTP 下载完成，耗时 186.7s
[06:14:55.760] [PASS] video (371880ms) - 录像成功，文件 /emmc/VIDEO/20260101_000048_8438/Video_8438_0.h265，399047KB | 已下载到 logs/20260820_060758/videos/Video_8438_0.h265
[06:14:55.761] <<< 模块 [video] 结束，耗时 372.0s（结果 PASS）
[06:14:55.761] >>> 模块 [rtmp] 开始执行
[06:14:55.761] [INFO] 自动检测到 PC IP: 192.168.1.89
[06:14:55.761]     - 执行模块: rtmp
[06:14:55.761] [INFO] 检查 RTMP 服务端 (nginx-rtmp) 是否监听 :1935
[06:14:55.761] [INFO] nginx-rtmp 就绪，RTMP 监听 :1935
[06:14:55.762]   RTMP 推流测试: rtmp://192.168.1.89/live/cam / 600s
[06:14:56.270] [INFO] 推流命令已下发，等待 EVB 建连上线...
[06:14:59.277] [INFO] 已在独立终端窗口启动 ffplay 画面确认 (/usr/bin/gnome-terminal)
[06:14:59.277] [INFO] ffprobe 探测 RTMP 流: rtmp://192.168.1.89/live/cam
[06:15:05.994] [INFO] 推流保持 600s（持续 heartbeat 检测，阈值 30s）...
[06:15:36.023] [INFO]   推流已保持 30/600s ...
[06:16:06.052] [INFO]   推流已保持 60/600s ...
[06:16:36.082] [INFO]   推流已保持 90/600s ...
[06:17:06.112] [INFO]   推流已保持 120/600s ...
[06:17:36.142] [INFO]   推流已保持 150/600s ...
[06:18:06.173] [INFO]   推流已保持 180/600s ...
[06:18:36.204] [INFO]   推流已保持 210/600s ...
[06:19:06.236] [INFO]   推流已保持 240/600s ...
[06:19:31.260] [ERROR] RTMP heartbeat 超时（>30s 无 [RTMP] f_index），推流异常停止，提前结束等待
[06:19:39.363] [FAIL] rtmp (283600ms) - RTMP 推流中途异常停止（heartbeat timeout）
[06:19:39.363] <<< 模块 [rtmp] 结束，耗时 283.6s（结果 FAIL）
[06:19:39.386] ==================================================
[06:19:39.386] 测试完成：共 8 项 | 通过 5 | 失败 1 | 跳过 2 | 错误 0 | 通过率 62.5% | 总耗时 673.3s
[06:19:39.386] ==================================================
[06:19:39.386] [INFO]   json 报告: reports/20260820_060758/result.json
[06:19:39.386] [INFO]   junit 报告: reports/20260820_060758/junit.xml
[06:19:39.386] [INFO]   html 报告: reports/20260820_060758/report.html
[06:20:50.474] [INFO] 已记录本次测试问题到: logs/problem/20260820_060758.log
[06:20:51.325] [DEBUG] 串口已关闭
