[01:21:23.645] [INFO] VX100 EVB 自动化测试启动，运行时间戳: 20260813_012123
[01:21:23.645] [INFO] 启用模块: ['wifi_check', 'wifi_scan', 'wifi_join', 'emmc', 'ftp', 'photo', 'video']
[01:21:23.646] [INFO] 开始自动探测 EVB 串口，候选端口 ['/dev/ttyUSB0', '/dev/ttyUSB1', '/dev/ttyUSB2']，候选波特率 [2000000, 250000, 115200, 921600]
[01:21:23.646] [DEBUG] 探测 /dev/ttyUSB0 @ 2000000 ...
[01:21:26.209] [INFO]   命中 EVB 指纹: /dev/ttyUSB0 @ 2000000
[01:21:26.209] [DEBUG] 探测 /dev/ttyUSB1 @ 2000000 ...
[01:21:28.513] [DEBUG] 探测 /dev/ttyUSB1 @ 250000 ...
[01:21:30.816] [DEBUG] 探测 /dev/ttyUSB1 @ 115200 ...
[01:21:33.120] [DEBUG] 探测 /dev/ttyUSB1 @ 921600 ...
[01:21:35.424] [DEBUG] 探测 /dev/ttyUSB2 @ 2000000 ...
[01:21:37.728] [DEBUG] 探测 /dev/ttyUSB2 @ 250000 ...
[01:21:40.031] [DEBUG] 探测 /dev/ttyUSB2 @ 115200 ...
[01:21:42.335] [DEBUG] 探测 /dev/ttyUSB2 @ 921600 ...
[01:21:44.639] [INFO] 探测到 EVB: /dev/ttyUSB0 @ 2000000
[01:21:44.641] [INFO] 串口已打开: /dev/ttyUSB0 @ 2000000 bps
[01:21:45.222] [INFO] EVB 已就绪
[01:21:45.271] [DEBUG] 串口自检通过
[01:21:45.271] [INFO] 预清理板子状态...
[01:21:46.417] [INFO] 本次执行模块顺序: ['wifi_check', 'wifi_scan', 'wifi_join', 'emmc', 'ftp', 'photo', 'video']
[01:21:46.417] >>> 执行模块: wifi_check
[01:21:46.459] [PASS] wifi_check (41ms) - 已联网，IP=10.1.90.71（跳过 wifi scan/join）
[01:21:46.459] >>> 执行模块: wifi_scan
[01:21:46.459] [SKIP] wifi_scan (0ms) - WiFi 已连接（IP=10.1.90.71），跳过扫描测试
[01:21:46.459] >>> 执行模块: wifi_join
[01:21:46.459] [SKIP] wifi_join (0ms) - WiFi 已连接 (未知SSID/10.1.90.71)，跳过 join 测试
[01:21:46.459] >>> 执行模块: emmc
[01:21:46.498] [PASS] emmc (38ms) - 已进入 /emmc（自动挂载）
[01:21:46.498] >>> 执行模块: ftp
[01:21:46.759] [DEBUG] FTP 已连接 10.1.90.71:21 (尝试 1)
[01:21:47.071] [PASS] ftp (573ms) - FTP 已连接 10.1.90.71，/emmc 列出 3 项
[01:21:47.071] >>> 执行模块: photo
[01:21:47.355]   拍照测试: 模式 auto
[01:21:49.409] [DEBUG] 强制重连 FTP
[01:21:51.273] [DEBUG] FTP 已连接 10.1.90.71:21 (尝试 1)
[01:21:51.273] [INFO] FTP 已恢复
[01:22:05.132] [PASS] photo[auto] (17777ms) - JPEG OK 685KB | 拍照成功，保存到 /emmc/PIC/20260813_042148_0174 | 已下载到 logs/20260813_012123/photos/auto_20260813_042148_0174_Image_20260813_042148_0174_0.jpg
[01:22:05.132] >>> 执行模块: video
[01:22:05.517]   录像测试: 1080p / 5s
[01:22:11.596] [DEBUG] 强制重连 FTP
[01:22:13.427] [DEBUG] FTP 已连接 10.1.90.71:21 (尝试 1)
[01:22:13.427] [INFO] FTP 已恢复
