[02:36:30.654] [INFO] VX100 EVB 自动化测试启动，运行时间戳: 20260813_023630
[02:36:30.654] [INFO] 启用模块: ['wifi_check', 'wifi_scan', 'wifi_join', 'emmc', 'ftp', 'photo', 'video']
[02:36:30.655] [INFO] 开始自动探测 EVB 串口，候选端口 ['/dev/ttyUSB0', '/dev/ttyUSB1', '/dev/ttyUSB2']，候选波特率 [2000000, 250000, 115200, 921600]
[02:36:30.655] [DEBUG] 探测 /dev/ttyUSB0 @ 2000000 ...
[02:36:33.027] [INFO]   命中 EVB 指纹: /dev/ttyUSB0 @ 2000000
[02:36:33.027] [DEBUG] 探测 /dev/ttyUSB1 @ 2000000 ...
[02:36:35.331] [DEBUG] 探测 /dev/ttyUSB1 @ 250000 ...
[02:36:37.635] [DEBUG] 探测 /dev/ttyUSB1 @ 115200 ...
[02:36:39.937] [DEBUG] 探测 /dev/ttyUSB1 @ 921600 ...
[02:36:42.241] [DEBUG] 探测 /dev/ttyUSB2 @ 2000000 ...
[02:36:44.545] [DEBUG] 探测 /dev/ttyUSB2 @ 250000 ...
[02:36:46.848] [DEBUG] 探测 /dev/ttyUSB2 @ 115200 ...
[02:36:49.152] [DEBUG] 探测 /dev/ttyUSB2 @ 921600 ...
[02:36:51.456] [INFO] 探测到 EVB: /dev/ttyUSB0 @ 2000000
[02:36:51.457] [INFO] 串口已打开: /dev/ttyUSB0 @ 2000000 bps
[02:36:51.917] [INFO] EVB 已就绪
[02:36:52.038] [DEBUG] 串口自检通过
[02:36:52.038] [INFO] 预清理板子状态...
[02:36:54.052] [INFO] 本次执行模块顺序: ['wifi_check', 'wifi_scan', 'wifi_join', 'emmc', 'ftp', 'photo', 'video']
[02:36:54.052] >>> 执行模块: wifi_check
[02:36:54.744] [PASS] wifi_check (691ms) - 已联网，IP=10.1.90.71（跳过 wifi scan/join）
[02:36:54.744] >>> 执行模块: wifi_scan
[02:36:54.744] [SKIP] wifi_scan (0ms) - WiFi 已连接（IP=10.1.90.71），跳过扫描测试
[02:36:54.744] >>> 执行模块: wifi_join
[02:36:54.744] [SKIP] wifi_join (0ms) - WiFi 已连接 (未知SSID/10.1.90.71)，跳过 join 测试
[02:36:54.744] >>> 执行模块: emmc
[02:36:54.917] [PASS] emmc (172ms) - 已进入 /emmc（自动挂载）
[02:36:54.917] >>> 执行模块: ftp
[02:36:55.180] [DEBUG] FTP 已连接 10.1.90.71:21 (尝试 1)
[02:36:55.627] [PASS] ftp (709ms) - FTP 已连接 10.1.90.71，/emmc 列出 3 项
[02:36:55.627] >>> 执行模块: photo
[02:36:56.070]   拍照测试: 模式 auto
[02:36:58.923] [DEBUG] 强制重连 FTP
[02:37:00.677] [DEBUG] FTP 已连接 10.1.90.71:21 (尝试 1)
[02:37:00.677] [INFO] FTP 已恢复
[02:37:12.941] [PASS] photo[auto] (16870ms) - JPEG OK 666KB | 拍照成功，保存到 /emmc/PIC/20260813_053657_3524 | 已下载到 logs/20260813_023630/photos/auto_20260813_053657_3524_Image_20260813_053657_3524_0.jpg
[02:37:12.941] >>> 执行模块: video
[02:37:13.385]   录像测试: 1080p / 2s
[02:37:16.642] [DEBUG] 强制重连 FTP
[02:37:18.568] [DEBUG] FTP 已连接 10.1.90.71:21 (尝试 1)
[02:37:18.568] [INFO] FTP 已恢复
[02:37:54.654] [WARN] 下载超时(30s，已传2361KB/3593KB)，重试 1/1
[02:37:54.654] [PASS] video (41269ms) - 录像成功，文件 /emmc/VIDEO/20260813_053713_9690/Video_9690_0.h265，3593KB | 下载不完整(2361KB/3593KB)
[02:37:54.694] ==================================================
[02:37:54.694] 测试完成：共 7 项 | 通过 5 | 失败 0 | 跳过 2 | 错误 0 | 通过率 71.4% | 总耗时 59.7s
[02:37:54.694] ==================================================
[02:37:54.694] [INFO]   json 报告: reports/20260813_023630/result.json
[02:37:54.694] [INFO]   junit 报告: reports/20260813_023630/junit.xml
[02:37:54.694] [INFO]   html 报告: reports/20260813_023630/report.html
[02:37:54.759] [DEBUG] 串口已关闭
