[23:12:45.467] [INFO] VX100 EVB 自动化测试启动，运行时间戳: 20260817_231245
[23:12:45.467] [INFO] 启用模块: ['wifi_check', 'wifi_scan', 'wifi_join', 'emmc', 'ftp', 'photo', 'video', 'rtmp']
[23:12:45.468] [INFO] 开始自动探测 EVB 串口，候选端口 ['/dev/ttyUSB0']，候选波特率 [2000000, 250000, 115200, 921600]
[23:12:45.468] [DEBUG] 探测 /dev/ttyUSB0 @ 2000000 ...
[23:12:47.777] [INFO]   命中 EVB 指纹: /dev/ttyUSB0 @ 2000000
[23:12:47.777] [INFO] 探测到 EVB: /dev/ttyUSB0 @ 2000000
[23:12:47.779] [INFO] 串口已打开: /dev/ttyUSB0 @ 2000000 bps
[23:12:49.780] [INFO] EVB 已就绪
[23:12:51.782] [DEBUG] 串口自检通过
[23:12:51.782] [INFO] 预清理板子状态...
[23:13:07.148] [INFO] 扫描 WiFi 网络...
[23:13:53.554] [ERROR] WiFi 连接失败: 期望结果未出现(30.0s): Got IP address\s*:\s*([0-9.]+)
[23:13:53.554] [ERROR] 输出: wifi join G-Demo Gdemo@123
[W/WLAN.mgnt] F:rt_wlan_connect L:935 not find ap! ssid:G-Demo,info.ssid.len=6
msh />echo "__EVBTEST_END_b9520c6c__"
__EVBTEST_END_b9520c6c__
msh />
[23:13:53.554] [WARN] WiFi 交互连接失败，将依赖 wifi_join 用例连接
[23:13:53.554] [INFO] 本次执行模块顺序: ['wifi_check', 'wifi_scan', 'wifi_join', 'emmc', 'ftp', 'photo', 'video', 'rtmp']
[23:13:53.554] >>> 执行模块: wifi_check
[23:13:55.576] [PASS] wifi_check (2021ms) - 未联网，将继续 scan/join
[23:13:55.576] >>> 执行模块: wifi_scan
[23:13:59.372] [PASS] wifi_scan (3796ms) - 扫描到 11 个 AP
[23:13:59.381] >>> 执行模块: wifi_join
[23:14:12.383] [PASS] wifi_join (13002ms) - 已连接 G-Demo，IP=10.1.90.71
[23:14:12.384] >>> 执行模块: emmc
[23:14:13.384] [PASS] emmc (1000ms) - 已进入 /emmc（自动挂载）
[23:14:13.384] >>> 执行模块: ftp
[23:14:19.709] [DEBUG] FTP 已连接 10.1.90.71:21 (尝试 1)
[23:14:20.012] [PASS] ftp (6627ms) - FTP 已连接 10.1.90.71，/emmc 列出 4 项
[23:14:20.012] >>> 执行模块: photo
[23:14:20.160] [DEBUG] FTP 已连接 10.1.90.71:21 (尝试 1)
[23:14:20.160] [DEBUG] FTP 已重新连接
[23:14:20.160]   拍照测试: 模式 auto
[23:14:23.690] [DEBUG] FTP 已连接 10.1.90.71:21 (尝试 1)
[23:14:23.690] [DEBUG] FTP 已重新连接
[23:14:24.515] [DEBUG] FTP 已连接 10.1.90.71:21 (尝试 1)
[23:14:37.516] [PASS] photo[auto] (17355ms) - JPEG OK 656KB | 拍照成功，保存到 /emmc/PIC/20260818_021422_8741 | 已下载到 logs/20260817_231245/photos/auto_20260818_021422_8741_Image_20260818_021422_8741_0.jpg
[23:14:37.516] >>> 执行模块: video
[23:14:37.687] [DEBUG] FTP 已连接 10.1.90.71:21 (尝试 1)
[23:14:37.687] [DEBUG] FTP 已重新连接
[23:14:37.688]   录像测试: 1080p / 10s
[23:14:50.484] [DEBUG] FTP 已连接 10.1.90.71:21 (尝试 1)
[23:14:50.484] [DEBUG] FTP 已重新连接
[23:14:51.073] [DEBUG] FTP 已连接 10.1.90.71:21 (尝试 1)
[23:22:00.199] [PASS] video (442511ms) - 录像成功，文件 /emmc/VIDEO/20260818_021439_5731/Video_5731_0.h265，20812KB | 已下载到 logs/20260817_231245/videos/Video_5731_0.h265
[23:22:00.199] [INFO] 自动检测到 PC IP: 10.1.90.128
[23:22:00.199] >>> 执行模块: rtmp
[23:22:00.199] [INFO] 检查 RTMP 服务端 (nginx-rtmp) 是否监听 :1935
[23:22:00.199] [INFO] nginx-rtmp 就绪，RTMP 监听 :1935
[23:22:00.199]   RTMP 推流测试: rtmp://10.1.90.128/live/cam / 10s
[23:22:03.507] [INFO] 已在独立终端窗口启动 ffplay 画面确认 (/usr/bin/gnome-terminal)
[23:22:03.507] [INFO] ffprobe 探测 RTMP 流: rtmp://10.1.90.128/live/cam
[23:22:48.564] [WARN] ffprobe 探测超时(1/5)，3.0s 后重试
[23:23:36.603] [WARN] ffprobe 探测超时(2/5)，3.0s 后重试
[23:24:24.652] [WARN] ffprobe 探测超时(3/5)，3.0s 后重试
[23:25:12.700] [WARN] ffprobe 探测超时(4/5)，3.0s 后重试
[23:25:58.768] [INFO] ffplay 展示窗口保持 10s 供人眼确认画面...
[23:26:08.986] [PASS] rtmp (248786ms) - 推流验证通过: h264 1296x2304 (ffprobe 实时探测)
[23:26:09.027] ==================================================
[23:26:09.027] 测试完成：共 8 项 | 通过 8 | 失败 0 | 跳过 0 | 错误 0 | 通过率 100.0% | 总耗时 735.1s
[23:26:09.027] ==================================================
[23:26:09.027] [INFO]   json 报告: reports/20260817_231245/result.json
[23:26:09.027] [INFO]   junit 报告: reports/20260817_231245/junit.xml
[23:26:09.027] [INFO]   html 报告: reports/20260817_231245/report.html
[23:26:10.909] [DEBUG] 串口已关闭
