[22:04:30.887] TX> 
[22:04:31.889] TX> 
[22:04:32.888] RX< 
[22:04:32.888] RX< msh />
[22:04:32.888] RX< msh />
[22:04:33.091] TX> echo "EVBTEST_HELLO"
[22:04:33.091] TX> echo "__EVBTEST_END_467303b9__"
[22:04:34.890] RX< echo "EVBTEST_HELLO"
[22:04:34.890] RX< EVBTEST_HELLO
[22:04:34.890] RX< msh />echo "__EVBTEST_END_467303b9__"
[22:04:34.890] RX< __EVBTEST_END_467303b9__
[22:04:34.890] RX< msh />
[22:04:35.101] TX> cd /
[22:04:35.101] TX> echo "__EVBTEST_END_8592a565__"
[22:04:36.893] RX< cd /
[22:04:36.893] RX< msh />echo "__EVBTEST_END_8592a565__"
[22:04:36.893] RX< __EVBTEST_END_8592a565__
[22:04:36.893] RX< msh />
[22:04:37.095] TX> dfs_video_stop
[22:04:37.095] TX> echo "__EVBTEST_END_a732a2c1__"
[22:04:38.895] RX< dfs_video_stop
[22:04:38.895] RX< [6] [App Dfs] Please start recording the video first.
[22:04:38.895] RX< msh />echo "__EVBTEST_END_a732a2c1__"
[22:04:38.895] RX< __EVBTEST_END_a732a2c1__
[22:04:38.895] RX< msh />
[22:04:43.829] TX> wifi scan
[22:04:43.829] TX> echo "__EVBTEST_END_2596e673__"
[22:04:43.923] RX< wifi scan
[22:04:43.923] RX<              SSID                      MAC            security    rssi chn Mbps
[22:04:43.923] RX< ------------------------------- -----------------  -------------- ---- --- ----
[22:04:43.923] RX< realme GT Neo5 SE               6e:de:3b:69:a5:79  WPA2_AES_PSK   -54    4  144
[22:04:43.923] RX< grav
[22:04:44.312] RX< ityXR                       f4:e4:51:83:d5:80  WPA2_AES_PSK   -48    6  144
[22:04:44.312] RX< G-Demo                          f4:e4:51:83:d5:82  WPA2_AES_PSK   -50    6  144
[22:04:44.312] RX< MTK_CHEETAH_AP_2.4G             e0:ef:02:71:f5:71  OPEN           -41   13  300
[22:04:44.312] RX< TP-LINK_5G_756B  
[22:04:45.761] RX<                c2:45:86:39:8c:5f  WPA2_AES_PSK   -52    1  300
[22:04:45.761] RX< ZJ-DBGT                         cc:20:8c:ae:49:60  OPEN           -67    6  144
[22:04:45.761] RX< gravityXR                       f4:e4:51:83:e3:00  WPA2_AES_PSK   -65   11  144
[22:04:45.761] RX< msh />echo "__EVBTEST_END_2596
[22:04:47.764] RX< e673__"
[22:04:47.764] RX< __EVBTEST_END_2596e673__
[22:04:47.764] RX< msh />
[22:04:56.795] TX> wifi join G-Demo Gdemo@123
[22:04:56.795] TX> echo "__EVBTEST_END_edd20b4f__"
[22:04:57.773] RX< wifi join G-Demo Gdemo@123
[22:05:01.775] RX< [32m[I/WLAN.mgnt] wifi connect success ssid:G-Demo[0m
[22:05:01.775] RX< msh />echo "__EVBTEST_END_edd20b4f__"
[22:05:01.775] RX< __EVBTEST_END_edd20b4f__
[22:05:01.775] RX< msh />
[22:05:05.778] RX< [32m[I/WLAN.lwip] Got IP address : 10.1.90.71[0m
[22:05:07.779] RX< [6] [SNTP] rtc synced: 2026-08-19 01:05:06 (tick=636028992)
[22:05:10.798] RX< ifconfig
[22:05:10.798] RX< network interface device: w0 (Default)
[22:05:10.798] RX< MTU: 1500
[22:05:10.798] RX< MAC: 8c ea 12 ba a8 2c 
[22:05:10.798] RX< FLAGS: UP LINK_UP INTERNET_UP DHCP_ENABLE ETHARP BROADCAST IGMP
[22:05:10.798] RX< ip address: 10.1.90.71
[22:05:10.798] RX< gw address: 10.1.90.254
[22:05:10.798] RX< net mask  : 255.255.255.0
[22:05:10.798] RX< dns server #0: 10.10.252.1
[22:05:10.798] RX< dns s
[22:05:10.814] RX< erver #1: 10.10.252.2
[22:05:10.814] RX< 
[22:05:10.814] RX< network interface device: w1
[22:05:10.814] RX< MTU: 1500
[22:05:10.814] RX< MAC: 8e ea 12 ba a8 2c 
[22:05:10.814] RX< FLAGS: UP LINK_DOWN INTERNET_DOWN DHCP_ENABLE ETHARP BROADCAST IGMP
[22:05:10.814] RX< ip address: 0.0.0.0
[22:05:10.814] RX< gw address: 0.0.0.0
[22:05:10.814] RX< net mask  : 0.0.0.0
[22:05:10.814] RX< dns server #0: 10.10.252.1
[22:05:10.814] RX< dns serve
[22:05:10.996] TX> ifconfig
[22:05:10.996] TX> echo "__EVBTEST_END_2d2b9b8c__"
[22:05:12.816] RX< r #1: 10.10.252.2
[22:05:12.816] RX< msh />echo "__EVBTEST_END_2d2b9b8c__"
[22:05:12.816] RX< __EVBTEST_END_2d2b9b8c__
[22:05:12.816] RX< msh />
[22:05:13.020] TX> cd /emmc
[22:05:13.020] TX> echo "__EVBTEST_END_1fe0af00__"
[22:05:14.819] RX< cd /emmc
[22:05:14.819] RX< msh /emmc>echo "__EVBTEST_END_1fe0af00__"
[22:05:14.819] RX< __EVBTEST_END_1fe0af00__
[22:05:14.819] RX< msh /emmc>
[22:05:15.021] TX> ftp_server
[22:05:15.021] TX> echo "__EVBTEST_END_f4978889__"
[22:05:16.821] RX< ftp_server
[22:05:16.821] RX< 
[22:05:16.821] RX< [FTP] Ftp server init success!!!
[22:05:16.821] RX< msh /emmc>echo "__EVBTEST_END_f4978889__"
[22:05:16.821] RX< __EVBTEST_END_f4978889__
[22:05:16.821] RX< msh /emmc>
[22:05:20.824] RX< [32m[I/ftp] service launched success.[0m
[22:05:21.797] TX> cam_set photo auto
[22:05:21.797] TX> echo "__EVBTEST_END_c64c81c0__"
[22:05:22.826] RX< cam_set photo auto
[22:05:22.826] RX< [6] [App Dfs] auto mode
[22:05:22.826] RX< msh /emmc>echo "__EVBTEST_END_c64c81c0__"
[22:05:22.826] RX< __EVBTEST_END_c64c81c0__
[22:05:22.826] RX< msh /emmc>
[22:05:23.840] RX< dfs_capture_start
[22:05:23.840] RX< [7] [cam] [72322][tshell][cgm_parse_bin:104]total logical camera num: 1
[22:05:23.840] RX< [6] [cam] [72322][tshell][cam_prelude_create:187]E id, 0
[22:05:23.840] RX< [7] [cam] [72323][cpl0][cam_prelude_proc_routine:101]thread start
[22:05:23.840] RX< [6] [cam] [72323][tshell][cam_prelude_crea
[22:05:23.843] RX< te:214]X ctx size 132 addr 0x884b97c8
[22:05:23.843] RX< [6] [cam] [72327][tshell][sensor_probe:418]sensor [1]: identifing 0 success.
[22:05:23.843] RX< [6] [cam] [72327][tshell][sensor_probe:441]sensor [1]: probe exit!
[22:05:23.843] RX< [6] [cam] [72327][tshell][cam_prelude_fast_probe:251]cam: 0 probe result
[22:05:23.844] RX< : 0
[22:05:23.844] RX< [6] [cam] [72328][tshell][cgm_parse_bin:218]cam(0) probe success
[22:05:23.844] RX< [6] [cam] [72328][tshell][cam_entry:455]entry ok
[22:05:23.844] RX< [34m[cam entry] perf=6470(us)!
[22:05:23.844] RX< [0m[6] [App Cam] cam entry success
[22:05:23.844] RX< [7] [cam] [72329][tshell][cam_solve_layout:350][mLayout] param OK, s
[22:05:23.846] RX< cen1 iw4032 ih3024 ow4032 oh3024 gdc 0x0
[22:05:23.846] RX< [36m[mLayout] scen01 in=4032x3024,out=3024x4032 meRot1 stripe1 gdcOn0
[22:05:23.846] RX< [0m[36m[mLayout] scen00 20entries solved status=OK retry=0 rtmp=enabled (cursor0=0x8a02d090 cursor1=0x89417400, ch0/1/2 cnt=7/2/1)
[22:05:23.846] RX< [0m[7] [
[22:05:23.846] RX< cam] [72331][tshell][cam_solve_layout:377]
[22:05:23.846] RX< [mLayout] out vol 0x8c000000 rBuf 0x8ab00000 sz 0x1500000 wBuf 0x8a03da80 sz 0x100000
[22:05:23.846] RX< [7] [cam] [72331][tshell][cam_solve_layout:394]Solve scen1 capType4 layout Done!
[22:05:23.846] RX< [6] [cam] [72332][tshell][cgm_parse_media_par
[22:05:23.849] RX< a:274]phy cam num: 1
[22:05:23.849] RX< [7] [cam] [72332][cer0][cer_recovery_proc:343]thread start cid, 0
[22:05:23.849] RX< [6] [cam] [72332][tshell][csc_open:499]SENSOR MCLK cal: 24MHz
[22:05:23.849] RX< [6] [cam] [72333][tshell][csc_isp_clk_cal:344]MIPI CLK cal: 346MHz
[22:05:23.849] RX< [6] [cam] [72333][tshell][csc_isp_clk_
[22:05:23.849] RX< cal:374]LITE CLK cal: 28MHz
[22:05:23.849] RX< [7] [cam] [72333][tshell][cpc_csi_rx_power_on:633]E id: 2
[22:05:23.849] RX< [4] [cam] [72334][tshell][cpc_csi_rx_power_on:644]csi_2 has already power on, STATUS: 1
[22:05:23.849] RX< [6] [cam] [72334][tshell][cpc_update_clock:603]actual SNS mclk: 24MHz
[22:05:23.849] RX< [6] [cam] 
[22:05:23.854] RX< [72335][tshell][cpc_update_clock:608]actual MIPI0: 500MHz
[22:05:23.854] RX< [6] [cam] [72335][tshell][cpc_update_clock:598]actual LITE clk: 50MHz
[22:05:23.854] RX< [7] [cam] [72336][tshell][cam_prelude_open:297][34msnsOpen camID1 csiID0 phyIdx0[0m
[22:05:23.854] RX< [6] [cam] [72339][tshell][sensor_expo_gai
[22:05:23.855] RX< n_match:48]sensor get sensor expo gain of imx681_vst
[22:05:23.855] RX< [6] [cam] [72339][tshell][sensor_open:684]sensor [1] open OK.
[22:05:23.855] RX< [6] [cam] [72340][tshell][cam_cpm_parse_media:275]photo scenario, media para[mfnr:0, hdr:0, capture_num:0]
[22:05:23.855] RX< [6] [cam] [72340][tshell][cam_cpm
[22:05:23.857] RX< _parse_media:278]photo scenario, media para[iso:0, gain:0, wb_mode:0]
[22:05:23.857] RX< [6] [cam] [72341][tshell][csc_isp_clk_cal:355]FE CLK cal: 426MHz, ME CLK cal: 462MHz, FE/ME CLK cal: 508MHz
[22:05:23.857] RX< [6] [cam] [72341][tshell][csc_isp_clk_cal:364]BE CLK cal: 401MHz
[22:05:23.857] RX< [4] [cam] [
[22:05:23.857] RX< 72342][tshell][cam_fe_core_power_on:269]fe pipe has already power on, STATUS: 1
[22:05:23.857] RX< [6] [cam] [72342][tshell][cpc_update_clock:588]actual FE/ME clk: 550MHz
[22:05:23.857] RX< [4] [cam] [72343][tshell][cam_be_core_power_on:1028]be pipe has already power on, STATUS: 1
[22:05:23.857] RX< [6] [cam] [
[22:05:23.861] RX< 72343][tshell][cpc_update_clock:593]actual BE clk: 500MHz
[22:05:23.861] RX< [7] [cam] [72344][tshell][cam_cpm_core_power_on:435]id,0 type,1 ret 0
[22:05:23.861] RX< [6] [cam] [72344][tshell][cam_cpm_core_init:1017]E id,0 sensor type,1
[22:05:23.861] RX< [6] [cam] [72346][tshell][cpm_core_check_tuningbin:957]T
[22:05:23.861] RX< uning bin crc check PASS! sum 0xfa5abf97, xor 0x6a6c89c1
[22:05:23.861] RX< [6] [cam] [72346][tshell][qpc_tuning_check_iqbin_validness:396]IQ bin addr: 0x8869de60, project_name: capture_12M
[22:05:23.861] RX< [6] [cam] [72347][tshell][qpc_tuning_check_iqbin_validness:397]total_size: 108928
[22:05:23.861] RX< [6
[22:05:23.863] RX< ] [cam] [72347][tshell][qpc_tuning_check_iqbin_validness:398]id_count: 93. ID_TOTAL: 94
[22:05:23.863] RX< [6] [cam] [72348][tshell][qpc_tuning_check_iqbin_validness:399]spinel tuning data ver: V1.30
[22:05:23.863] RX< [6] [cam] [72348][tshell][cpm_core_check_tuningbin:971]IQ bin check succes
[22:05:23.864] RX< s!
[22:05:23.864] RX< [6] [cam] [72349][tshell][cam_bm_core_init:94]E
[22:05:23.864] RX< [6] [cam] [72349][tshell][bm_lab_init:174]X ctx size 4 addr 0x884a96c8
[22:05:23.864] RX< [6] [cam] [72349][tshell][cam_bm_core_init:114]X ctx size 180 addr 0x884db980
[22:05:23.864] RX< [6] [cam] [72349][tshell][qpc_core_init:1299]E id,0
[22:05:23.864] RX< [
[22:05:23.870] RX< 6] [cam] [72350][tshell][qpc_queue_init:65]QPC init qnodes 8, size 508, pool 0x884dbf60
[22:05:23.870] RX< [6] [cam] [72350][tshell][_qpc_get_cap_cfg_para:900]preset capCfg 200 3 5
[22:05:23.870] RX< [7] [cam] [72351][tshell][_qpc_cfg_hdr_frms:848]hdr preset - gainThres 1600
[22:05:23.870] RX< FrmNB:	TNR	|EV-	|
[22:05:23.871] RX< EV0	|EV+
[22:05:23.871] RX< LDR:	 0	| 1	| -	| 5
[22:05:23.871] RX< LLLDR:	 0	| 1	| -	| 5
[22:05:23.871] RX< HDR:	 0	| 1	| 5	| 3
[22:05:23.871] RX< LLHDR:	 0	| 1	| 5	| 3
[22:05:23.871] RX< 
[22:05:23.871] RX< [6] [cam] [72356][tshell][qpc_core_init:1347]X ctx size 1288 addr 0x884dba48
[22:05:23.871] RX< [6] [cam] [72356][tshell][cpm_core_get_param:764]cpm para chk: tunBin-w 4000 h 3000 i
[22:05:23.875] RX< mg-w 4032 h 3024
[22:05:23.875] RX< [6] [cam] [72357][tshell][cam_fe_core_init:436]E id,0
[22:05:23.875] RX< [6] [cam] [72357][tshell][cam_fe_core_init:490]X ctx size 96 addr 0x884ecca0
[22:05:23.875] RX< [7] [cam] [72358][tshell][qpc_core_fe_chords_init:1763][34mqpc fe init snsOut w 4032 h 3024, tbl w 28 h 2
[22:05:23.875] RX< 0[0m
[22:05:23.875] RX< [6] [cam] [72358][tshell][cam_me_core_init:1523]X ctx size 1352 addr 0x884ef050
[22:05:23.875] RX< [34m[ME SLICE CFG] perf=1505(us)!
[22:05:23.875] RX< [0m[6] [cam] [72361][tshell][cam_bayer_fe_3a_stats_core_init:445]fe 3a id,0
[22:05:23.875] RX< [6] [cam] [72361][tshell][cam_bayer_fe_3a_stats_core_init
[22:05:23.878] RX< :490]X ctx size 132 addr 0x884f7a70
[22:05:23.878] RX< [6] [cam] [72362][tshell][cam_be_core_init:621]E id,0
[22:05:23.878] RX< [7] [cam] [72362][be0][be_core_irq_proc:270]thread start cid,0
[22:05:23.878] RX< [6] [cam] [72363][tshell][cam_be_core_init:716]X ctx size 472 addr 0x884f7e00
[22:05:23.878] RX< [6] [cam] [72363][tshel
[22:05:23.878] RX< l][cam_lite_core_init:433]E id,0
[22:05:23.878] RX< [7] [cam] [72364][lite0][lite_core_irq_proc:152]thread start cid,0
[22:05:23.878] RX< [6] [cam] [72364][tshell][cam_lite_core_init:497]X ctx size 164 addr 0x884fa850
[22:05:23.878] RX< [6] [cam] [72364][tshell][awb_wrapper_init:66]xxx awb_bin=0x884de64c, awb_
[22:05:23.882] RX< bin_length=8068
[22:05:23.882] RX< [6] [cam] [72365][tshell][awb_wrapper_init:86]X algo_handle 0x88502898
[22:05:23.882] RX< [7] [cam] [72365][awb0][a5_core_wrapper_task:252]thread start cid,0 algo type,2
[22:05:23.882] RX< [6] [cam] [72365][tshell][a5_core_init_task:426]thread created: awb0 mq=0x88504958 threa
[22:05:23.882] RX< d=0x88504a70 sem=0x885048e8 ret=0
[22:05:23.882] RX< [6] [cam] [72366][tshell][bayer_ae_wrapper_init:68]E id,0 proc mode 1 
[22:05:23.882] RX< 
[22:05:23.882] RX< [AEC Proc] @[allib_ae_set_debug_log_flag] Line:129:[DEBUG] debug level/to_file/to_terminal: 22/1/1
[22:05:23.882] RX< [AEC Proc] @[AeInit] Line:377:[INFO] AE ver: 2026_
[22:05:23.885] RX< V2.269
[22:05:23.885] RX< 
[22:05:23.885] RX< [AEC Proc] @[allib_ae_loadfunc] Line:193:[INFO] camera ID: 0
[22:05:23.885] RX< [AEC Proc] @[AeInit] Line:404:[DEBUG] init imu detector sucessed!
[22:05:23.885] RX< [AEC Proc] @[AeInit] Line:406:[DEBUG] imu init errcode:0
[22:05:23.885] RX< [AEC Proc] @[alAE_set_param] Line:576:[DEBUG] sw_maxtime 33044
[22:05:23.885] RX<  ,pertline 9444, after check sensor step sw_max_time 33039.00
[22:05:23.885] RX< [AEC Proc] @[alAE_set_param] Line:581:[DEBUG] sw_mintime 37 ,pertline 9444, after check sensor step sw_min_time 36.00
[22:05:23.885] RX< [AEC Proc] @[alAE_set_param] Line:514:[DEBUG] DEBUG minbv exptime 9 gain 10
[22:05:23.888] RX< 0, minExpBV 14098
[22:05:23.888] RX< [AEC Proc] @[AeTuningParseSet] Line:167:[DEBUG] aeparam version 2.268 60818
[22:05:23.888] RX< [AEC Proc] @[alAE_set_param] Line:341:[DEBUG] INITEXP gain 100, shutter 8000, midtonegain 100, bv 4303
[22:05:23.888] RX< [6] [cam] [72373][tshell][bayer_ae_wrapper_init:119]X tli
[22:05:23.888] RX< ne 9444 max_exp 33044 alg_hdl 0x88507220 
[22:05:23.888] RX< [7] [cam] [72373][b_ae0][a5_core_wrapper_task:252]thread start cid,0 algo type,0
[22:05:23.888] RX< [6] [cam] [72374][tshell][a5_core_init_task:426]thread created: b_ae0 mq=0x8850e140 thread=0x8850e258 sem=0x8850e0d0 ret=0
[22:05:23.888] RX< [6] [cam]
[22:05:23.890] RX<  [72374][tshell][atf_wrapper_init:67]E id,0
[22:05:23.890] RX< [6] [cam] [72375][tshell][atf_wrapper_init:107]X alg_ctx addr 0x88510718
[22:05:23.890] RX< [7] [cam] [72375][atf0][a5_core_wrapper_task:252]thread start cid,0 algo type,1
[22:05:23.890] RX< [6] [cam] [72376][tshell][a5_core_init_task:426]thread cr
[22:05:23.890] RX< eated: atf0 mq=0x88512a70 thread=0x88512b88 sem=0x88512a00 ret=0
[22:05:23.890] RX< [6] [cam] [72376][tshell][cam_cpm_core_init:1149]X ctx size 1096 addr 0x884db528
[22:05:23.890] RX< [6] [cam] [72377][tshell][csc_open:599]ok! phys_id[1], phys_num[1] 
[22:05:23.890] RX< [6] [cam] [72377][tshell][cam_open:738]op
[22:05:23.899] RX< en ok! camera_id[0]
[22:05:23.899] RX< [34m[cam open] perf=49000(us)!
[22:05:23.899] RX< [0m[6] [App Cam] cam open success
[22:05:23.899] RX< [6] [cam] [72384][tshell][csc_init:722]sensor info:size:4032x3024, formt: 0x2b, bps: 2496, tline: 9444
[22:05:23.899] RX< [6] [cam] [72384][tshell][cam_sif_mgr_init:261]E id,0
[22:05:23.899] RX< [7] [cam]
[22:05:23.899] RX<  [72385][sif0][sif_irq_proc:151]thread start cid,0
[22:05:23.899] RX< [6] [cam] [72385][tshell][cam_sif_mgr_init:293]X ctx size 52 addr 0x8852bc50
[22:05:23.899] RX< [7] [cam] [72385][tshell][sif_btm_paramSet:102]btm lite w4032 h3024 binEn1 binRatio2
[22:05:23.899] RX< [7] [cam] [72385][tshell][sif_btm_paramSet
[22:05:23.904] RX< :106]cropSlct2 x0 y0 w4032 h4032
[22:05:23.904] RX< [6] [cam] [72386][tshell][cam_prelude_init_cfg:368]CSI ID is 0,  phy lanes is 2.
[22:05:23.904] RX< [7] [cam] [72386][tshell][check_phy_ready:96]MIPI_PHY[0] is ready
[22:05:23.904] RX< [6] [cam] [72387][tshell][sensor_init:348]sensor [1]: register ok
[22:05:23.904] RX< [6] [cam
[22:05:23.910] RX< ] [72387][tshell][sensor_set_mode:887]sensor [1]: SetMode -> mode = 0.
[22:05:23.910] RX< [6] [cam] [72388][tshell][sensor_send_reg_tab_to_sensor:705]sensor [1]: send_reg_tab_to_sensor E.
[22:05:23.910] RX< [6] [cam] [72391][tshell][sensor_send_reg_tab_to_sensor:751]sensor [1]: reg_count = 77
[22:05:23.910] RX< .
[22:05:23.910] RX< [6] [cam] [72391][tshell][sensor_init:361]sensor [1]: init success.
[22:05:23.910] RX< [6] [cam] [72391][tshell][sensor_set_mode:887]sensor [1]: SetMode -> mode = 1.
[22:05:23.910] RX< [6] [cam] [72392][tshell][sensor_send_reg_tab_to_sensor:705]sensor [1]: send_reg_tab_to_sensor E.
[22:05:23.910] RX< [6] [cam
[22:05:23.913] RX< ] [72396][tshell][sensor_send_reg_tab_to_sensor:751]sensor [1]: reg_count = 84.
[22:05:23.913] RX< [6] [cam] [72396][tshell][csc_init:731]ok! phys_id[1], phys_num[1]
[22:05:23.913] RX< [6] [cam] [72397][tshell][csc_get_bayer_single_buffer:1148]scenario_type: 1
[22:05:23.913] RX< [6] [cam] [72397][tshell][csc_se
[22:05:23.913] RX< t_stats_fmt:98]index 0 w 1 h 1 bw 8 wcmp 255
[22:05:23.913] RX< [7] [cam] [72398][tshell][bm_ioctl:201]BMIOC_STATS_FMT
[22:05:23.913] RX< [6] [cam] [72398][tshell][csc_set_fe_fmt:47]index 1 w 4032 h 3024 bw 10 wcmp 0
[22:05:23.913] RX< [7] [cam] [72399][tshell][bm_ioctl:201]BMIOC_FE_FMT
[22:05:23.913] RX< [6] [cam] [72399][tshel
[22:05:23.916] RX< l][csc_set_lite_fmt:115]index 2 w 1008 h 720 bw 8 wcmp 255
[22:05:23.916] RX< [7] [cam] [72399][tshell][bm_ioctl:201]BMIOC_LITE_FMT
[22:05:23.916] RX< [6] [cam] [72399][tshell][csc_set_lite_fmt:115]index 21 w 1008 h 720 bw 8 wcmp 255
[22:05:23.916] RX< [7] [cam] [72400][tshell][bm_ioctl:201]BMIOC_LITE_FMT
[22:05:23.916] RX< [6] 
[22:05:23.916] RX< [cam] [72400][tshell][csc_set_be_fmt:81]index 25 w 0 h 0 bw 8 wcmp 255
[22:05:23.916] RX< [7] [cam] [72401][tshell][bm_ioctl:201]BMIOC_BE_FMT
[22:05:23.916] RX< [6] [cam] [72401][tshell][csc_set_be_fmt:81]index 22 w 480 h 360 bw 8 wcmp 255
[22:05:23.916] RX< [7] [cam] [72401][tshell][bm_ioctl:201]BMIOC_BE_FMT
[22:05:23.918] RX< [6] [cam] [72402][tshell][csc_set_me_fmt:64]index 5 w 3024 h 4032 bw 10 wcmp 0, rdma_addr 0x8945f400, wdma_addr 0x8945f400
[22:05:23.918] RX< [7] [cam] [72402][tshell][bm_ioctl:201]BMIOC_ME_FMT
[22:05:23.918] RX< [6] [cam] [72403][tshell][csc_set_me_fmt:64]index 6 w 3024 h 4032 bw 8 wcmp 255,
[22:05:23.919] RX<  rdma_addr 0x8a247700, wdma_addr 0x8c000000
[22:05:23.919] RX< [6] [cam] [72403][tshell][cam_me_core_buffer_cfg:1416]
[22:05:23.919] RX< ----ME PIPE INFO---
[22:05:23.919] RX<  wdma_buf_num:1, rotation_en: 1
[22:05:23.919] RX< [7] [cam] [72404][tshell][cam_me_core_buffer_cfg:1424]yuv wdma_addr 0:0x8c000000, meta_en: 0, 0x00000000
[22:05:23.921] RX< 
[22:05:23.921] RX< [7] [cam] [72405][tshell][bm_ioctl:201]BMIOC_ME_FMT
[22:05:23.921] RX< [6] [cam] [72405][tshell][csc_init:739]get otp ok! phys_id[1], phys_num[1]
[22:05:23.921] RX< [6] [cam] [72405][tshell][cam_init:828]init ok! logic_id[0]
[22:05:23.921] RX< [34m[cam init] perf=21815(us)!
[22:05:23.921] RX< [0m[6] [App Cam] cam init succes
[22:05:23.921] RX< s
[22:05:23.921] RX< [7] [cam] [72406][tshell][cam_cpm_core_stream_on:560]id 0 sensor type 1
[22:05:23.921] RX< [6] [cam] [72406][tshell][sensor_stream_on:1024]sensor [1]: stream_on
[22:05:23.921] RX< [6] [cam] [72407][tshell][sensor_stream_on:1052]sensor [1]: REG: 0x100, W:0x1.
[22:05:23.921] RX< [6] [cam] [72407][tshell][senso
[22:05:23.938] RX< r_stream_on:1054]sensor [1]: REG: 0x100, R:0x1.
[22:05:23.938] RX< [6] [cam] [72407][tshell][csc_prv_start:873]ok! phys_id[1], phys_num[1], cam_ids[1]
[22:05:23.938] RX< [6] [cam] [72408][tshell][cam_start:938]preview start ok! logic_id[0]
[22:05:23.938] RX< [34m[cam start] perf=2326(us)!
[22:05:23.938] RX< [0m[6] [App Cam] ca
[22:05:23.938] RX< m start success
[22:05:23.938] RX< [6] [App Dfs] Gravity_XR Capture Start
[22:05:23.938] RX< msh /emmc>echo "__EVBTES[7] [cam] [72410][b_3a_sts][bayer_stats_core_irq_proc:164]thread start cid,0
[22:05:23.938] RX< [7] [cam] [72410][fe0][fe_core_irq_proc:98]thread start cid,0
[22:05:23.938] RX< T_END_35f2cff1__"
[22:05:23.938] RX< __EVBTEST_END_35f2c
[22:05:24.037] TX> dfs_capture_start
[22:05:24.037] TX> echo "__EVBTEST_END_35f2cff1__"
[22:05:24.446] RX< ff1__
[22:05:24.446] RX< msh /emmc>[34m[AE] fid=0,exp=10026,adg=382,Y=1388,mtg=100,shg=100,bgbv=2115,iso=382,cnv0,hdr0
[22:05:24.446] RX< [0m[34m[b_ae0 proc] perf=2786(us), max=2786(us)!
[22:05:24.446] RX< [0m[34m[awb0 proc] perf=1300(us), max=1300(us)!
[22:05:24.446] RX< [0m[34m[AE conv] fid=14,exp=13617,adg=400,Y=5837,mt
[22:05:24.447] RX< g=426,shg=100,bgbv=1604,iso=400,cnv1,hdr1
[22:05:24.447] RX< [0m[7] [cam] [72914][fe0][_qpc_hdr_rslt_chk:1668]
[22:05:24.447] RX< ALG: EV0 t13617 g400 | EV+ t13617 g400 | EV- t10422 g119
[22:05:24.447] RX< [6] [cam] [72915][fe0][qpc_core_hdr_mapExp_cfg:1736]evMapExp set OK, typ:2 1 FF num:5 1 0
[22:05:24.447] RX< [34m[cap] FE 
[22:05:24.526] RX< sync ME @fid14 as mod2 cfg0x01, cap 6frms @fid+2
[22:05:24.526] RX< [0m[7] [cam] [72917][qpc0][qpc_core_hdr_upd_sensor:559][HDRupd]: Sns cap-0 EV:0->2 st-13617 ag-400
[22:05:24.526] RX< [7] [cam] [72964][qpc0][qpc_core_hdr_upd_me:613][HDRupd] ME cap-0 EV:0->2, dg-100
[22:05:24.526] RX< [7] [JPEG] frame num=6, 
[22:05:24.542] RX< pre frame=1106830 Bytes
[22:05:24.542] RX< [exif] oFrm 0 evP 0 evM -209 bv 1604 exp 13617 iso 400 time 72970
[22:05:24.542] RX< [6] [cam] [72984][fe0][_cpm_cb_jpegInfo_proc:618]SnapStream E @ frm17!
[22:05:24.542] RX< [6] [cam] [72997][me0][cpm_cb_fe2me_tikChk:152]frm_length 33329us, fe2me delta 15
[22:05:24.542] RX< [32m[BE] fi
[22:05:24.679] RX< d=0, perf=5523(us), max=5523(us)!
[22:05:24.679] RX< [0m[34m[cap] fid: me0 fe18, perf=621658(us)!
[22:05:24.679] RX< [0m[7] [cam] [73030][me0][me_core_thread:359]ME out fid 0
[22:05:24.679] RX< [7] [cam] [73087][qpc0][qpc_core_hdr_upd_sensor:559][HDRupd]: Sns cap-5 EV:2->1 st-10422 ag-119
[22:05:24.679] RX< [exif] oFrm 5 evP 0
[22:05:24.975] RX<  evM -209 bv 1604 exp 10422 iso 119 time 73140
[22:05:24.975] RX< [6] [cam] [73184][fe0][_cpm_cb_jpegInfo_proc:626]SnapStream X @ frm23!
[22:05:24.975] RX< [34m[cap] fid: me5 fe23, perf=33448(us)!
[22:05:24.975] RX< [0m[34m[AE] fid=30,exp=33039,adg=1600,Y=7433,mtg=420,shg=100,bgbv=-2161,iso=2238,cnv1,hdr1
[22:05:24.975] RX< [0
[22:05:25.149] RX< m[6] [App Dfs] Gravity_XR Capture Stop Success: total frames = 6
[22:05:25.149] RX< [6] [cam] [73634][DfsSend][sensor_stream_off:1188]sensor [1]: stream_off
[22:05:25.149] RX< [6] [cam] [73635][DfsSend][sensor_stream_off:1217]sensor [1]: REG: 0x100, W:0x0.
[22:05:25.149] RX< [6] [cam] [73635][DfsSend][sensor_st
[22:05:25.152] RX< ream_off:1219]sensor [1]: REG: 0x100, R:0x0.
[22:05:25.152] RX< [6] [cam] [73636][DfsSend][csc_prv_stop:983]ok! phys_id[1], phys_num[1], stop_type = 0
[22:05:25.152] RX< [6] [cam] [73636][DfsSend][cam_stop:1058]preview stop ok! logic_id[0]
[22:05:25.152] RX< [34m[cam stop] perf=2370(us)!
[22:05:25.152] RX< [0m[6] [App Cam] cam
[22:05:25.152] RX<  stop success
[22:05:25.152] RX< [7] [cam] [73637][DfsSend][cam_cpm_core_power_off:467]id,0 type,1 ret 0
[22:05:25.152] RX< [6] [cam] [73637][sif0][sif_irq_proc:174]thread release cid,0
[22:05:25.152] RX< [6] [cam] [73638][DfsSend][cam_sif_mgr_deinit:316]X
[22:05:25.152] RX< [6] [cam] [73638][DfsSend][cam_deinit:887]deinit ok! l
[22:05:25.155] RX< ogic_id[0]
[22:05:25.155] RX< [34m[cam deinit] perf=1398(us)!
[22:05:25.155] RX< [0m[6] [App Cam] cam deinit success
[22:05:25.155] RX< [6] [cam] [73639][DfsSend][sensor_close:1292]sensor [1]: close!
[22:05:25.155] RX< [6] [cam] [73639][DfsSend][cam_bm_core_deinit:136]X
[22:05:25.155] RX< [INFO]	cpm[0] snsType1 capMod2 cfg0x01 6frms
[22:05:25.155] RX< [6] [cam] [
[22:05:25.155] RX< 73640][be0][be_core_irq_proc:329]thread release cid,0
[22:05:25.155] RX< [6] [cam] [73640][DfsSend][cam_be_core_deinit:793]X
[22:05:25.155] RX< [6] [cam] [73640][me0][me_core_thread:404]thread release cid,0
[22:05:25.155] RX< [6] [cam] [73641][DfsSend][cam_me_core_deinit:1551]X
[22:05:25.155] RX< [6] [cam] [73641][fe0][fe_core_i
[22:05:25.158] RX< rq_proc:121]thread release cid,0
[22:05:25.158] RX< [6] [cam] [73641][DfsSend][cam_fe_core_deinit:536]X
[22:05:25.158] RX< [6] [cam] [73642][b_3a_sts][bayer_stats_core_irq_proc:193]thread release cid,0
[22:05:25.158] RX< [6] [cam] [73642][DfsSend][cam_bayer_stats_core_deinit:512]X
[22:05:25.158] RX< [6] [cam] [73642][lite0][lite
[22:05:25.158] RX< _core_irq_proc:190]thread release cid,0
[22:05:25.158] RX< [6] [cam] [73643][DfsSend][cam_lite_core_deinit:556]X
[22:05:25.158] RX< [6] [cam] [73643][b_ae0][a5_core_wrapper_task:315]thread release cid,0,algo,0
[22:05:25.158] RX< [6] [cam] [73643][DfsSend][bayer_ae_wrapper_deinit:204]X
[22:05:25.158] RX< [6] [cam] [73644][atf0][a
[22:05:25.160] RX< 5_core_wrapper_task:315]thread release cid,0,algo,1
[22:05:25.160] RX< [6] [cam] [73644][DfsSend][atf_wrapper_deinit:153]X
[22:05:25.160] RX< [6] [cam] [73645][awb0][a5_core_wrapper_task:315]thread release cid,0,algo,2
[22:05:25.160] RX< [6] [cam] [73645][DfsSend][awb_wrapper_deinit:153]X
[22:05:25.160] RX< [6] [cam] [73645][Dfs
[22:05:25.161] RX< Send][cam_5a_core_deinit:555]X
[22:05:25.161] RX< [6] [cam] [73645][DfsSend][cam_5a_inf_deinit:149]X
[22:05:25.161] RX< [6] [cam] [73646][qpc0][qpc_core_msg_proc:705]thread release cid,0
[22:05:25.161] RX< [6] [cam] [73646][DfsSend][qpc_core_deinit:1413]X
[22:05:25.161] RX< [6] [cam] [73647][DfsSend][cam_cpm_core_deinit:1248]X
[22:05:25.161] RX< [
[22:05:25.169] RX< 6] [cam] [73647][DfsSend][csc_close:656]ok! phys_id[1], phys_num[1]
[22:05:25.169] RX< [7] [cam] [73647][cer0][cer_recovery_proc:352]msg type = 254
[22:05:25.169] RX< [6] [cam] [73647][cer0][cer_recovery_proc:454]thread release cid,0
[22:05:25.169] RX< [6] [cam] [73648][DfsSend][cer_deinit:560]X
[22:05:25.169] RX< [6] [cam] [736
[22:05:25.169] RX< 48][DfsSend][cam_close:789]close ok! logic_id[0]
[22:05:25.169] RX< [34m[cam close] perf=9868(us)!
[22:05:25.169] RX< [0m[6] [App Cam] cam close success
[22:05:25.169] RX< [6] [cam] [73649][cpl0][cam_prelude_proc_routine:136]thread release
[22:05:25.169] RX< [6] [cam] [73649][DfsSend][cam_exit:571]exit ok!
[22:05:25.169] RX< [34m[cam exit] per
[22:05:27.172] RX< f=652(us)!
[22:05:27.172] RX< [0m[6] [App Cam] cam exit success
[22:05:27.172] RX< [6] [App Cam] jpeg deinit success
[22:05:27.172] RX< [6] [App Dfs] Save Photo Successful: /emmc/PIC/20260819_010522_2409/
[22:05:27.172] RX< [6] [App Dfs] Capture completed successfully.
[22:05:53.074] TX> cam_set video 1080p
[22:05:53.074] TX> echo "__EVBTEST_END_b8e47f1c__"
[22:05:53.200] RX< cam_set video 1080p
[22:05:53.200] RX< [6] [App Dfs] w(1920) * h(1080) is 1080p, eis 1
[22:05:53.200] RX< msh /emmc>echo "__EVBTEST_END_b8e47f1c__"
[22:05:53.200] RX< __EVBTEST_END_b8e47f1c__
[22:05:53.200] RX< msh /emmc>
[22:05:53.314] RX< dfs_video_start
[22:05:53.314] RX< [7] [cam] [101796][tshell][cgm_parse_bin:104]total logical camera num: 1
[22:05:53.314] RX< [6] [cam] [101796][tshell][cam_prelude_create:187]E id, 0
[22:05:53.314] RX< [7] [cam] [101796][cpl0][cam_prelude_proc_routine:101]thread start
[22:05:53.314] RX< [6] [cam] [101796][tshell][cam_prelude_cr
[22:05:53.314] RX< eate:214]X ctx size 132 addr 0x884de850
[22:05:53.314] RX< [6] [cam] [101801][tshell][sensor_probe:418]sensor [1]: identifing 0 success.
[22:05:53.314] RX< [6] [cam] [101801][tshell][sensor_probe:441]sensor [1]: probe exit!
[22:05:53.314] RX< [6] [cam] [101801][tshell][cam_prelude_fast_probe:251]cam: 0 probe re
[22:05:53.316] RX< sult: 0
[22:05:53.316] RX< [6] [cam] [101802][tshell][cgm_parse_bin:218]cam(0) probe success
[22:05:53.316] RX< [6] [cam] [101802][tshell][cam_entry:455]entry ok
[22:05:53.316] RX< [34m[cam entry] perf=7192(us)!
[22:05:53.316] RX< [0m[6] [App Cam] cam entry success
[22:05:53.316] RX< [7] [cam] [101803][tshell][cam_solve_layout:350][mLayout] par
[22:05:53.319] RX< am OK, scen3 iw4032 ih2268 ow1920 oh1080 gdc 0x1
[22:05:53.319] RX< [36m[mLayout] scen03 in=4032x2268,out=1920x1080 meRot1 stripe0 gdcOn1
[22:05:53.319] RX< [0m[36m[mLayout] scen03 14entries solved status=OK retry=0 rtmp=enabled (cursor0=0x8a00f210 cursor1=0x88e20aa0, ch0/1/2 cnt=5/3/1)
[22:05:53.319] RX< [
[22:05:53.319] RX< 0m[7] [cam] [101804][tshell][cam_solve_layout:377]
[22:05:53.319] RX< [mLayout] out vol 0x8c000000 rBuf 0x8a5e5400 sz 0xd00000 wBuf 0x89700000 sz 0x900000
[22:05:53.319] RX<           rtmp tBuf 0x8a10f210 sz 0x80000 aBuf 0x8a08f210 sz 0x80000
[22:05:53.319] RX<        alg EIS buf 0x8a00f210
[22:05:53.319] RX< [7] [cam] [101806]
[22:05:53.322] RX< [tshell][cam_solve_layout:397]Solve Scen3 layout Done!
[22:05:53.322] RX< [6] [cam] [101806][tshell][cgm_parse_media_para:274]phy cam num: 1
[22:05:53.322] RX< [7] [cam] [101807][cer0][cer_recovery_proc:343]thread start cid, 0
[22:05:53.322] RX< [6] [cam] [101807][tshell][csc_open:499]SENSOR MCLK cal: 24MHz
[22:05:53.322] RX< [6
[22:05:53.322] RX< ] [cam] [101808][tshell][csc_isp_clk_cal:344]MIPI CLK cal: 277MHz
[22:05:53.322] RX< [6] [cam] [101808][tshell][csc_isp_clk_cal:374]LITE CLK cal: 25MHz
[22:05:53.322] RX< [7] [cam] [101808][tshell][cpc_csi_rx_power_on:633]E id: 2
[22:05:53.322] RX< [4] [cam] [101809][tshell][cpc_csi_rx_power_on:644]csi_2 has al
[22:05:53.328] RX< ready power on, STATUS: 1
[22:05:53.328] RX< [6] [cam] [101809][tshell][cpc_update_clock:603]actual SNS mclk: 24MHz
[22:05:53.328] RX< [6] [cam] [101809][tshell][cpc_update_clock:608]actual MIPI0: 300MHz
[22:05:53.328] RX< [6] [cam] [101810][tshell][cpc_update_clock:598]actual LITE clk: 25MHz
[22:05:53.328] RX< [7] [cam] [101810
[22:05:53.328] RX< ][tshell][cam_prelude_open:297][34msnsOpen camID1 csiID0 phyIdx0[0m
[22:05:53.328] RX< [6] [cam] [101815][tshell][sensor_expo_gain_match:48]sensor get sensor expo gain of imx681_vst
[22:05:53.328] RX< [6] [cam] [101815][tshell][sensor_open:684]sensor [1] open OK.
[22:05:53.328] RX< [6] [cam] [101815][tshell]
[22:05:53.331] RX< [cam_cpm_parse_media:295]video scenario:3, media para[fps:0, mirror_en:0, flip_en:0]
[22:05:53.331] RX< [6] [cam] [101815][tshell][cam_cpm_parse_media:298]video scenario, media para[iso:0, gain:0, wb_mode:0]
[22:05:53.331] RX< [6] [cam] [101816][tshell][csc_isp_clk_cal:355]FE CLK cal: 373MHz,
[22:05:53.331] RX<  ME CLK cal: 371MHz, FE/ME CLK cal: 410MHz
[22:05:53.331] RX< [6] [cam] [101817][tshell][csc_isp_clk_cal:364]BE CLK cal: 301MHz
[22:05:53.331] RX< [4] [cam] [101817][tshell][cam_fe_core_power_on:269]fe pipe has already power on, STATUS: 1
[22:05:53.331] RX< [6] [cam] [101818][tshell][cpc_update_clock:588]actual
[22:05:53.334] RX<  FE/ME clk: 500MHz
[22:05:53.334] RX< [4] [cam] [101818][tshell][cam_be_core_power_on:1028]be pipe has already power on, STATUS: 1
[22:05:53.334] RX< [6] [cam] [101819][tshell][cpc_update_clock:593]actual BE clk: 500MHz
[22:05:53.334] RX< [7] [cam] [101819][tshell][cam_cpm_core_power_on:435]id,0 type,1 ret 0
[22:05:53.334] RX< [
[22:05:53.335] RX< 6] [cam] [101819][tshell][cam_cpm_core_init:1017]E id,0 sensor type,1
[22:05:53.335] RX< [6] [cam] [101821][tshell][cpm_core_check_tuningbin:957]Tuning bin crc check PASS! sum 0x17a5964, xor 0x87e82682
[22:05:53.335] RX< [6] [cam] [101821][tshell][qpc_tuning_check_iqbin_validness:396]IQ bin a
[22:05:53.337] RX< ddr: 0x88646660, project_name: video_3M
[22:05:53.337] RX< [6] [cam] [101822][tshell][qpc_tuning_check_iqbin_validness:397]total_size: 94400
[22:05:53.337] RX< [6] [cam] [101822][tshell][qpc_tuning_check_iqbin_validness:398]id_count: 93. ID_TOTAL: 94
[22:05:53.337] RX< [6] [cam] [101823][tshell][qpc_tuning_che
[22:05:53.337] RX< ck_iqbin_validness:399]spinel tuning data ver: V1.30
[22:05:53.337] RX< [6] [cam] [101823][tshell][cpm_core_check_tuningbin:971]IQ bin check success!
[22:05:53.337] RX< [6] [cam] [101824][tshell][cam_bm_core_init:94]E
[22:05:53.337] RX< [6] [cam] [101824][tshell][bm_lab_init:174]X ctx size 4 addr 0x884c2728
[22:05:53.337] RX< [6
[22:05:53.352] RX< ] [cam] [101825][tshell][cam_bm_core_init:114]X ctx size 180 addr 0x884c2660
[22:05:53.352] RX< [6] [cam] [101825][tshell][qpc_core_init:1299]E id,0
[22:05:53.352] RX< [6] [cam] [101825][tshell][qpc_queue_init:65]QPC init qnodes 8, size 508, pool 0x884df5f0
[22:05:53.352] RX< [7] [cam] [101826][tshell][_qpc_get
[22:05:53.352] RX< _cap_cfg_para:896][fallback]preset capCfg 200 0 0 invalid, use default
[22:05:53.352] RX< [7] [cam] [101826][tshell][_qpc_cfg_hdr_frms:840][fallback]preset hdrCfg 0 0 0 0 0 invalid, use default
[22:05:53.352] RX< [6] [cam] [101838][tshell][qpc_core_init:1347]X ctx size 1288 addr 0x884c2748
[22:05:53.352] RX< [6
[22:05:53.355] RX< ] [cam] [101838][tshell][cpm_core_get_param:764]cpm para chk: tunBin-w 4032 h 2266 img-w 4032 h 2268
[22:05:53.355] RX< [6] [cam] [101839][tshell][cam_fe_core_init:436]E id,0
[22:05:53.355] RX< [6] [cam] [101839][tshell][cam_fe_core_init:490]X ctx size 96 addr 0x884c33f8
[22:05:53.355] RX< [7] [cam] [101840][t
[22:05:53.355] RX< shell][qpc_core_fe_chords_init:1763][34mqpc fe init snsOut w 4032 h 2268, tbl w 28 h 20[0m
[22:05:53.355] RX< [6] [cam] [101840][tshell][cam_me_core_init:1523]X ctx size 1352 addr 0x884f1b08
[22:05:53.355] RX< [34m[ME SLICE CFG] perf=463(us)!
[22:05:53.355] RX< [0m[6] [cam] [101842][tshell][cam_bayer_fe_3a_
[22:05:53.357] RX< stats_core_init:445]fe 3a id,0
[22:05:53.357] RX< [6] [cam] [101842][tshell][cam_bayer_fe_3a_stats_core_init:490]X ctx size 132 addr 0x884fa528
[22:05:53.357] RX< [6] [cam] [101843][tshell][cam_be_core_init:621]E id,0
[22:05:53.357] RX< [7] [cam] [101843][be0][be_core_irq_proc:270]thread start cid,0
[22:05:53.357] RX< [6] [cam] 
[22:05:53.358] RX< [101843][tshell][cam_be_core_init:716]X ctx size 472 addr 0x884fa8b8
[22:05:53.358] RX< [6] [cam] [101844][tshell][awb_wrapper_init:66]xxx awb_bin=0x884e18b4, awb_bin_length=8068
[22:05:53.358] RX< [6] [cam] [101844][tshell][awb_wrapper_init:86]X algo_handle 0x885017e0
[22:05:53.358] RX< [7] [cam] [101845][awb
[22:05:53.362] RX< 0][a5_core_wrapper_task:252]thread start cid,0 algo type,2
[22:05:53.362] RX< [6] [cam] [101845][tshell][a5_core_init_task:426]thread created: awb0 mq=0x885038a0 thread=0x885039b8 sem=0x88503830 ret=0
[22:05:53.362] RX< [6] [cam] [101846][tshell][bayer_ae_wrapper_init:68]E id,0 proc mode 0 
[22:05:53.362] RX< 
[22:05:53.362] RX< [AEC Proc] @[allib_ae_set_debug_log_flag] Line:129:[DEBUG] debug level/to_file/to_terminal: 22/1/1
[22:05:53.362] RX< [AEC Proc] @[AeInit] Line:377:[INFO] AE ver: 2026_V2.269
[22:05:53.362] RX< 
[22:05:53.362] RX< [AEC Proc] @[allib_ae_loadfunc] Line:193:[INFO] camera ID: 0
[22:05:53.362] RX< [AEC Proc] @[alAE_set_param] Line:576
[22:05:53.364] RX< :[DEBUG] sw_maxtime 33004 ,pertline 10800, after check sensor step sw_max_time 33000.00
[22:05:53.364] RX< [AEC Proc] @[alAE_set_param] Line:581:[DEBUG] sw_mintime 43 ,pertline 10800, after check sensor step sw_min_time 40.00
[22:05:53.364] RX< [AEC Proc] @[alAE_set_param] Line:514:[DEBUG] DE
[22:05:53.365] RX< BUG minbv exptime 11 gain 100, minExpBV 13810
[22:05:53.365] RX< [AEC Proc] @[AeTuningParseSet] Line:167:[DEBUG] aeparam version 2.268 60803
[22:05:53.365] RX< [AEC Proc] @[alAE_set_param] Line:341:[DEBUG] INITEXP gain 100, shutter 33242, midtonegain 100, bv 2247
[22:05:53.365] RX< [6] [cam] [101852][tshell][b
[22:05:53.367] RX< ayer_ae_wrapper_init:119]X tline 10800 max_exp 33004 alg_hdl 0x88506168 
[22:05:53.367] RX< [7] [cam] [101852][b_ae0][a5_core_wrapper_task:252]thread start cid,0 algo type,0
[22:05:53.367] RX< [6] [cam] [101853][tshell][a5_core_init_task:426]thread created: b_ae0 mq=0x88507218 thread=0x885073
[22:05:53.367] RX< 30 sem=0x885071a8 ret=0
[22:05:53.367] RX< [6] [cam] [101853][tshell][atf_wrapper_init:67]E id,0
[22:05:53.367] RX< [6] [cam] [101854][tshell][atf_wrapper_init:107]X alg_ctx addr 0x88507708
[22:05:53.367] RX< [7] [cam] [101854][atf0][a5_core_wrapper_task:252]thread start cid,0 algo type,1
[22:05:53.367] RX< [6] [cam] [101855][ts
[22:05:53.378] RX< hell][a5_core_init_task:426]thread created: atf0 mq=0x88507840 thread=0x88507958 sem=0x885077d0 ret=0
[22:05:53.378] RX< [6] [cam] [101855][tshell][cam_cpm_core_init:1101]GDC enabled: video_eis=1, photo_warp=0
[22:05:53.378] RX< [6] [cam] [101864][tshell][cam_dewarp_init:333]table reg: enable
[22:05:53.378] RX< :1, blockw:5, inw:1296, inh:2304, mapw:61, maph:35, outw:1920, outh:1080
[22:05:53.378] RX< [6] [cam] [101864][tshell][cam_dewarp_init:354]dewarp init: real-IMU consumer registered, reader=0x88507c58
[22:05:53.378] RX< [6] [cam] [101865][dwp0][dewarp_thread_entry:164]dewarp thread start, id=0
[22:05:53.385] RX< 
[22:05:53.385] RX< [6] [cam] [101865][tshell][cam_dewarp_init:379]EIS: dewarp init ok: dwp0 eis_ctx=0x8a00f210 table_size=12810 reg=61x35x5
[22:05:53.385] RX< [6] [cam] [101866][tshell][cam_cpm_core_init:1131]EIS: dewarp enabled, eis_ctx=0x8a00f210, eis_cfg=0x884c25ac
[22:05:53.385] RX< [6] [cam] [101867][tshe
[22:05:53.385] RX< ll][cam_cpm_core_init:1149]X ctx size 1096 addr 0x884c2208
[22:05:53.385] RX< [6] [cam] [101867][tshell][csc_open:599]ok! phys_id[1], phys_num[1] 
[22:05:53.385] RX< [6] [cam] [101868][tshell][cam_open:738]open ok! camera_id[0]
[22:05:53.385] RX< [34m[cam open] perf=65141(us)!
[22:05:53.385] RX< [0m[6] [App Cam] cam open succe
[22:05:53.387] RX< ss
[22:05:53.387] RX< [6] [cam] [101873][tshell][csc_init:722]sensor info:size:4032x2268, formt: 0x2b, bps: 1968, tline: 10800
[22:05:53.387] RX< [6] [cam] [101873][tshell][cam_sif_mgr_init:261]E id,0
[22:05:53.387] RX< [7] [cam] [101874][sif0][sif_irq_proc:151]thread start cid,0
[22:05:53.387] RX< [6] [cam] [101874][tshell][cam
[22:05:53.388] RX< _sif_mgr_init:293]X ctx size 52 addr 0x88544678
[22:05:53.388] RX< [6] [cam] [101875][tshell][cam_prelude_init_cfg:368]CSI ID is 0,  phy lanes is 2.
[22:05:53.388] RX< [7] [cam] [101875][tshell][check_phy_ready:96]MIPI_PHY[0] is ready
[22:05:53.388] RX< [6] [cam] [101876][tshell][sensor_init:348]sensor [1]: re
[22:05:53.392] RX< gister ok
[22:05:53.392] RX< [6] [cam] [101876][tshell][sensor_set_mode:887]sensor [1]: SetMode -> mode = 0.
[22:05:53.392] RX< [6] [cam] [101876][tshell][sensor_send_reg_tab_to_sensor:705]sensor [1]: send_reg_tab_to_sensor E.
[22:05:53.392] RX< [6] [cam] [101880][tshell][sensor_send_reg_tab_to_sensor:751]senso
[22:05:53.399] RX< r [1]: reg_count = 77.
[22:05:53.399] RX< [6] [cam] [101880][tshell][sensor_init:361]sensor [1]: init success.
[22:05:53.399] RX< [6] [cam] [101880][tshell][sensor_set_mode:887]sensor [1]: SetMode -> mode = 3.
[22:05:53.399] RX< [6] [cam] [101880][tshell][sensor_send_reg_tab_to_sensor:705]sensor [1]: send_reg_t
[22:05:53.400] RX< ab_to_sensor E.
[22:05:53.400] RX< [6] [cam] [101885][tshell][sensor_send_reg_tab_to_sensor:751]sensor [1]: reg_count = 83.
[22:05:53.400] RX< [6] [cam] [101885][tshell][csc_init:731]ok! phys_id[1], phys_num[1]
[22:05:53.400] RX< [6] [cam] [101886][tshell][csc_get_bayer_single_buffer:1148]scenario_type: 3
[22:05:53.400] RX< [6] 
[22:05:53.402] RX< [cam] [101886][tshell][csc_set_stats_fmt:98]index 0 w 1 h 1 bw 8 wcmp 255
[22:05:53.402] RX< [7] [cam] [101887][tshell][bm_ioctl:201]BMIOC_STATS_FMT
[22:05:53.402] RX< [6] [cam] [101887][tshell][csc_set_fe_fmt:47]index 1 w 4032 h 2268 bw 10 wcmp 0
[22:05:53.402] RX< [7] [cam] [101887][tshell][bm_ioctl:201]BMIO
[22:05:53.402] RX< C_FE_FMT
[22:05:53.402] RX< [6] [cam] [101888][tshell][csc_set_me_fmt:64]index 5 w 2268 h 4032 bw 10 wcmp 0, rdma_addr 0x88e43800, wdma_addr 0x88e43800
[22:05:53.402] RX< [7] [cam] [101888][tshell][bm_ioctl:201]BMIOC_ME_FMT
[22:05:53.402] RX< [6] [cam] [101889][tshell][csc_set_video_fmt:1076]meta_addr: 0x8a18f2
[22:05:53.403] TX> dfs_video_start
[22:05:53.403] TX> echo "__EVBTEST_END_2a4a1abd__"
[22:05:53.405] RX< 40
[22:05:53.405] RX< [6] [cam] [101889][tshell][csc_set_me_fmt:64]index 6 w 1296 h 2304 bw 8 wcmp 0, rdma_addr 0x8b2e5400, wdma_addr 0x8a19fc00
[22:05:53.405] RX< [6] [cam] [101889][tshell][cam_me_core_buffer_cfg:1416]
[22:05:53.405] RX< ----ME PIPE INFO---
[22:05:53.405] RX<  wdma_buf_num:2, rotation_en: 1
[22:05:53.405] RX< [7] [cam] [101890]
[22:05:53.405] RX< [tshell][cam_me_core_buffer_cfg:1424]yuv wdma_addr 0:0x8a19fc00, meta_en: 1, 0x8a18f240
[22:05:53.405] RX< [7] [cam] [101891][tshell][cam_me_core_buffer_cfg:1424]yuv wdma_addr 1:0x8a3c2800, meta_en: 1, 0x8a18f240
[22:05:53.405] RX< [7] [cam] [101892][tshell][bm_ioctl:201]BMIOC_ME_FMT
[22:05:53.405] RX< [6] [cam
[22:05:53.407] RX< ] [101892][tshell][csc_set_lite_fmt:115]index 13 w 400 h 400 bw 10 wcmp 255
[22:05:53.407] RX< [7] [cam] [101892][tshell][bm_ioctl:201]BMIOC_LITE_FMT
[22:05:53.407] RX< [6] [cam] [101893][tshell][csc_set_lite_fmt:115]index 14 w 400 h 400 bw 10 wcmp 255
[22:05:53.407] RX< [7] [cam] [101893][tshell][bm_ioctl:201
[22:05:53.407] RX< ]BMIOC_LITE_FMT
[22:05:53.407] RX< [6] [cam] [101893][tshell][csc_set_be_fmt:81]index 7 w 1920 h 1080 bw 6 wcmp 0
[22:05:53.407] RX< [7] [cam] [101894][tshell][bm_ioctl:201]BMIOC_BE_FMT
[22:05:53.407] RX< [6] [cam] [101894][tshell][csc_set_be_fmt:81]index 8 w 1920 h 1080 bw 8 wcmp 255
[22:05:53.407] RX< [7] [cam] [101895][tshell
[22:05:53.410] RX< ][bm_ioctl:201]BMIOC_BE_FMT
[22:05:53.410] RX< [6] [cam] [101895][tshell][cam_dewarp_set_table_base:480]dewarp table base updated: [0]=0x88e20aa0 [1]=0x88e32150
[22:05:53.410] RX< [6] [cam] [101896][tshell][cam_cpm_core_set_dewarp_table_base:1611]dewarp table base updated: [0]=0x88e20aa0 [1]=
[22:05:53.410] RX< 0x88e32150
[22:05:53.410] RX< [6] [cam] [101896][tshell][csc_init:739]get otp ok! phys_id[1], phys_num[1]
[22:05:53.410] RX< [6] [cam] [101897][tshell][cam_init:828]init ok! logic_id[0]
[22:05:53.410] RX< [34m[cam init] perf=23688(us)!
[22:05:53.410] RX< [0m[6] [App Cam] cam init success
[22:05:53.410] RX< [7] [cam] [101897][tshell][cam_cpm_core
[22:05:53.413] RX< _stream_on:560]id 0 sensor type 1
[22:05:53.413] RX< [6] [cam] [101898][tshell][sensor_stream_on:1024]sensor [1]: stream_on
[22:05:53.413] RX< [6] [cam] [101898][tshell][sensor_stream_on:1052]sensor [1]: REG: 0x100, W:0x1.
[22:05:53.413] RX< [6] [cam] [101899][tshell][sensor_stream_on:1054]sensor [1]: REG: 0x1
[22:05:53.413] RX< 00, R:0x1.
[22:05:53.413] RX< [6] [cam] [101899][tshell][csc_prv_start:873]ok! phys_id[1], phys_num[1], cam_ids[1]
[22:05:53.413] RX< [6] [cam] [101900][tshell][cam_start:938]preview start ok! logic_id[0]
[22:05:53.413] RX< [34m[cam start] perf=2353(us)!
[22:05:53.413] RX< [0m[6] [App Cam] cam start success
[22:05:53.413] RX< [6] [App Dfs] Gravi
[22:05:53.547] RX< ty_XR Record Start
[22:05:53.547] RX< msh /emmc>echo "__EVBTEST_END_2a4a1abd__"
[22:05:53.547] RX< __EVBTEST_END_2a4a1abd__
[22:05:53.547] RX< msh /emmc>[7] [cam] [101901][b_3a_sts][bayer_stats_core_irq_proc:164]thread start cid,0
[22:05:53.547] RX< [7] [cam] [101901][fe0][fe_core_irq_proc:98]thread start cid,0
[22:05:53.547] RX< [34m[AE] fid=0,e
[22:05:53.608] RX< xp=6010,adg=100,Y=6883,mtg=100,shg=100,bgbv=4689,iso=100,cnv0,hdr0
[22:05:53.608] RX< [0m[34m[b_ae0 proc] perf=2806(us), max=2806(us)!
[22:05:53.608] RX< [0m[34m[awb0 proc] perf=1287(us), max=1287(us)!
[22:05:53.608] RX< [0m[7] [cam] [102034][me0][me_core_thread:359]ME out fid 0
[22:05:53.608] RX< [6] [cam] [102081][dwp0][cp
[22:05:54.072] RX< m_cb_dewarp_handle:1411]EIS: dewarp done frm=0, buf_idx=0
[22:05:54.072] RX< [6] [cam] [102192][me0][cpm_cb_fe2me_tikChk:152]frm_length 88559us, fe2me delta 0
[22:05:54.072] RX< [34m[ME INTP]fid=0, shutter=6010, perf=792(us), max=792(us)!
[22:05:54.072] RX< [0m[32m[BE] fid=0, perf=6424(us), max=6424(us)!
[22:05:54.072] RX< [0m
[22:05:55.709] RX< [6] [App Dfs] f_index = 0, f_len = 30750, cur_total_len = 30838
[22:05:55.709] RX< [34m[AE] fid=30,exp=10080,adg=250,Y=4699,mtg=180,shg=100,bgbv=1660,iso=250,cnv2,hdr0
[22:05:55.709] RX< [0m[7] [cam] [103199][me0][me_core_thread:359]ME out fid 30
[22:05:55.709] RX< [34m[AE] fid=60,exp=10080,adg=250,Y=4703,mtg
[22:05:56.711] RX< =180,shg=100,bgbv=1664,iso=250,cnv2,hdr0
[22:05:56.711] RX< [0m[7] [cam] [104199][me0][me_core_thread:359]ME out fid 60
[22:05:56.711] RX< [34m[AE] fid=90,exp=10080,adg=250,Y=4707,mtg=180,shg=100,bgbv=1664,iso=250,cnv2,hdr0
[22:05:56.711] RX< [0m[34m[b_ae0 proc] perf=572(us), max=2806(us)!
[22:05:56.711] RX< [0m[34m[awb0 pr
[22:05:57.087] RX< oc] perf=1503(us), max=1518(us)!
[22:05:57.087] RX< [0m[7] [cam] [105199][me0][me_core_thread:359]ME out fid 90
[22:05:57.087] RX< [34m[awb0 proc] perf=6281(us), max=6281(us)!
[22:05:57.087] RX< [0m[32m[BE] fid=90, perf=8725(us), max=8937(us)!
[22:05:57.087] RX< [0m[6] [App Dfs] f_index = 90, f_len = 171055, cur_total_len = 6
[22:05:58.708] RX< 801814
[22:05:58.708] RX< [34m[AE] fid=120,exp=10080,adg=250,Y=4715,mtg=180,shg=100,bgbv=1668,iso=250,cnv2,hdr0
[22:05:58.708] RX< [0m[7] [cam] [106199][me0][me_core_thread:359]ME out fid 120
[22:05:58.708] RX< [34m[ME INTP]fid=120, shutter=10080, perf=4(us), max=5437(us)!
[22:05:58.708] RX< [0m[34m[AE] fid=150,exp=10080,adg=
[22:05:59.710] RX< 250,Y=4716,mtg=180,shg=100,bgbv=1668,iso=250,cnv2,hdr0
[22:05:59.710] RX< [0m[7] [cam] [107199][me0][me_core_thread:359]ME out fid 150
[22:05:59.710] RX< [34m[AE] fid=180,exp=10080,adg=250,Y=4718,mtg=180,shg=100,bgbv=1668,iso=250,cnv2,hdr0
[22:05:59.710] RX< [0m[34m[b_ae0 proc] perf=390(us), max=623(us)!
[22:05:59.710] RX< [
[22:06:00.707] RX< 0m[34m[awb0 proc] perf=1348(us), max=6281(us)!
[22:06:00.707] RX< [0m[7] [cam] [108199][me0][me_core_thread:359]ME out fid 180
[22:06:00.707] RX< [32m[BE] fid=180, perf=8702(us), max=8725(us)!
[22:06:00.707] RX< [0m[6] [App Dfs] f_index = 180, f_len = 169955, cur_total_len = 6707013
[22:06:00.707] RX< [34m[AE] fid=210,exp=100
[22:06:01.725] RX< 80,adg=250,Y=4719,mtg=180,shg=100,bgbv=1668,iso=250,cnv2,hdr0
[22:06:01.725] RX< [0m[7] [cam] [109199][me0][me_core_thread:359]ME out fid 210
[22:06:01.725] RX< [34m[AE] fid=240,exp=10080,adg=250,Y=4721,mtg=180,shg=100,bgbv=1668,iso=250,cnv2,hdr0
[22:06:01.725] RX< [0m[6] [cam] [110190][dwp0][cpm_cb_dewarp_ha
[22:06:02.709] RX< ndle:1411]EIS: dewarp done frm=240, buf_idx=0
[22:06:02.709] RX< [7] [cam] [110198][me0][me_core_thread:359]ME out fid 240
[22:06:02.709] RX< [34m[ME INTP]fid=240, shutter=10080, perf=4(us), max=4(us)!
[22:06:02.709] RX< [0m[34m[AE] fid=270,exp=10080,adg=250,Y=4716,mtg=180,shg=100,bgbv=1668,iso=250,cnv2,hdr0
[22:06:03.085] RX< [0m[34m[b_ae0 proc] perf=392(us), max=608(us)!
[22:06:03.085] RX< [0m[34m[awb0 proc] perf=1297(us), max=1649(us)!
[22:06:03.085] RX< [0m[7] [cam] [111198][me0][me_core_thread:359]ME out fid 270
[22:06:03.085] RX< [32m[BE] fid=270, perf=8683(us), max=8710(us)!
[22:06:03.085] RX< [0m[6] [App Dfs] f_index = 270, f_len = 17023
[22:06:03.579] RX< 0, cur_total_len = 6695047
[22:06:03.579] RX< dfs_video_stop
[22:06:03.579] RX< msh /emmc>echo "__EVBTEST_E[6] [App Dfs]  Gravity_XR Record Stop Success: total frames = 286
[22:06:03.579] RX< [6] [cam] [112051][DfsSend][sensor_stream_off:1188]sensor [1]: stream_off
[22:06:03.579] RX< [6] [cam] [112051][DfsSend][sensor_stream_off:1
[22:06:03.591] RX< 217]sensor [1]: REG: 0x100, W:0x0.
[22:06:03.591] RX< [6] [cam] [112052][DfsSend][sensor_stream_off:1219]sensor [1]: REG: 0x100, R:0x0.
[22:06:03.591] RX< [6] [cam] [112076][DfsSend][csc_prv_stop:983]ok! phys_id[1], phys_num[1], stop_type = 0
[22:06:03.591] RX< [6] [cam] [112076][DfsSend][cam_stop:1058]preview 
[22:06:03.592] RX< stop ok! logic_id[0]
[22:06:03.592] RX< [34m[cam stop] perf=26273(us)!
[22:06:03.592] RX< [0m[6] [App Cam] cam stop success
[22:06:03.592] RX< Total of 287 frames encoded, 21373536 bytes, max_workbuffer_used: 3493888 bytes
[22:06:03.592] RX< [6] [App Cam] hevc_encoder_deinit success
[22:06:03.592] RX< [7] [cam] [112079][DfsSend][cam_cpm_core_pow
[22:06:03.594] RX< er_off:467]id,0 type,1 ret 0
[22:06:03.594] RX< [6] [cam] [112079][sif0][sif_irq_proc:174]thread release cid,0
[22:06:03.594] RX< [6] [cam] [112080][DfsSend][cam_sif_mgr_deinit:316]X
[22:06:03.594] RX< [6] [cam] [112080][DfsSend][cam_deinit:887]deinit ok! logic_id[0]
[22:06:03.594] RX< [34m[cam deinit] perf=1296(us)!
[22:06:03.594] RX< [0m[6] [
[22:06:03.595] RX< App Cam] cam deinit success
[22:06:03.595] RX< [6] [cam] [112081][DfsSend][sensor_close:1292]sensor [1]: close!
[22:06:03.595] RX< [6] [cam] [112082][DfsSend][cam_dewarp_deinit:438]dewarp deinit, id=0
[22:06:03.595] RX< [6] [cam] [112082][dwp0][dewarp_thread_entry:174]dewarp thread exit signal, id=0
[22:06:03.595] RX< [6] [cam] 
[22:06:03.597] RX< [112082][dwp0][dewarp_thread_entry:276]dewarp thread exit, id=0
[22:06:03.597] RX< [6] [cam] [112083][DfsSend][cam_bm_core_deinit:136]X
[22:06:03.597] RX< [6] [cam] [112083][be0][be_core_irq_proc:329]thread release cid,0
[22:06:03.597] RX< [6] [cam] [112083][DfsSend][cam_be_core_deinit:793]X
[22:06:03.597] RX< [6] [cam] [112084]
[22:06:03.597] RX< [me0][me_core_thread:404]thread release cid,0
[22:06:03.597] RX< [6] [cam] [112084][DfsSend][cam_me_core_deinit:1551]X
[22:06:03.597] RX< [6] [cam] [112084][fe0][fe_core_irq_proc:121]thread release cid,0
[22:06:03.597] RX< [6] [cam] [112085][DfsSend][cam_fe_core_deinit:536]X
[22:06:03.597] RX< [6] [cam] [112085][b_3a_sts][bayer_
[22:06:03.600] RX< stats_core_irq_proc:193]thread release cid,0
[22:06:03.600] RX< [6] [cam] [112085][DfsSend][cam_bayer_stats_core_deinit:512]X
[22:06:03.600] RX< [6] [cam] [112086][b_ae0][a5_core_wrapper_task:315]thread release cid,0,algo,0
[22:06:03.600] RX< [6] [cam] [112086][DfsSend][bayer_ae_wrapper_deinit:204]X
[22:06:03.600] RX< [6] [cam] 
[22:06:03.600] RX< [112087][atf0][a5_core_wrapper_task:315]thread release cid,0,algo,1
[22:06:03.600] RX< [6] [cam] [112087][DfsSend][atf_wrapper_deinit:153]X
[22:06:03.600] RX< [6] [cam] [112087][awb0][a5_core_wrapper_task:315]thread release cid,0,algo,2
[22:06:03.600] RX< [6] [cam] [112088][DfsSend][awb_wrapper_deinit:153]X
[22:06:03.600] RX< [6
[22:06:03.603] RX< ] [cam] [112088][DfsSend][cam_5a_core_deinit:555]X
[22:06:03.603] RX< [6] [cam] [112088][DfsSend][cam_5a_inf_deinit:149]X
[22:06:03.603] RX< [6] [cam] [112089][qpc0][qpc_core_msg_proc:705]thread release cid,0
[22:06:03.603] RX< [6] [cam] [112089][DfsSend][qpc_core_deinit:1413]X
[22:06:03.603] RX< [6] [cam] [112089][DfsSend][cam_
[22:06:03.603] RX< cpm_core_deinit:1248]X
[22:06:03.603] RX< [6] [cam] [112090][DfsSend][csc_close:656]ok! phys_id[1], phys_num[1]
[22:06:03.603] RX< [7] [cam] [112090][cer0][cer_recovery_proc:352]msg type = 254
[22:06:03.603] RX< [6] [cam] [112090][cer0][cer_recovery_proc:454]thread release cid,0
[22:06:03.603] RX< [6] [cam] [112091][DfsSend][cer
[22:06:03.615] RX< _deinit:560]X
[22:06:03.615] RX< [6] [cam] [112091][DfsSend][cam_close:789]close ok! logic_id[0]
[22:06:03.615] RX< [34m[cam close] perf=10492(us)!
[22:06:03.615] RX< [0m[6] [App Cam] cam close success
[22:06:03.615] RX< [6] [cam] [112092][cpl0][cam_prelude_proc_routine:136]thread release
[22:06:03.615] RX< [6] [cam] [112092][DfsSend][cam_exit:5
[22:06:03.615] RX< 71]exit ok!
[22:06:03.615] RX< [34m[cam exit] perf=662(us)!
[22:06:03.615] RX< [0m[6] [App Cam] cam exit success
[22:06:03.615] RX< [6] [App Dfs] Save Video Successful: /emmc/VIDEO/20260819_010552_1691/Video_1691_0.h265
[22:06:03.615] RX< [6] [App Dfs] Save Imu Successful: /emmc/VIDEO/20260819_010552_1691/Imu_1691.bin
[22:06:03.615] RX< [6] [Ap
[22:06:03.760] TX> dfs_video_stop
[22:06:03.760] TX> echo "__EVBTEST_END_75aa2c91__"
[22:06:05.617] RX< p Dfs] Video recording completed successfully.
[22:06:05.617] RX< ND_75aa2c91__"
[22:06:05.617] RX< __EVBTEST_END_75aa2c91__
[22:06:05.617] RX< msh /emmc>
[22:11:47.856] RX< rtmp_video_start rtmp://10.1.90.128/live/cam
[22:11:47.856] RX< [7] [cam] [456350][tshell][cgm_parse_bin:104]total logical camera num: 1
[22:11:47.856] RX< [6] [cam] [456350][tshell][cam_prelude_create:187]E id, 0
[22:11:47.856] RX< [7] [cam] [456351][cpl0][cam_prelude_proc_routine:101]thread start
[22:11:47.856] RX< [6] [cam] [4
[22:11:47.856] RX< 56351][tshell][cam_prelude_create:214]X ctx size 132 addr 0x884de8c0
[22:11:47.856] RX< [6] [cam] [456355][tshell][sensor_probe:418]sensor [1]: identifing 0 success.
[22:11:47.856] RX< [6] [cam] [456356][tshell][sensor_probe:441]sensor [1]: probe exit!
[22:11:47.856] RX< [6] [cam] [456356][tshell][cam_prelude_f
[22:11:47.859] RX< ast_probe:251]cam: 0 probe result: 0
[22:11:47.859] RX< [6] [cam] [456357][tshell][cgm_parse_bin:218]cam(0) probe success
[22:11:47.859] RX< [6] [cam] [456357][tshell][cam_entry:455]entry ok
[22:11:47.859] RX< [34m[cam entry] perf=7567(us)!
[22:11:47.859] RX< [0m[6] [App Cam] cam entry success
[22:11:47.859] RX< [7] [cam] [456358][tshell][cam_s
[22:11:47.859] RX< olve_layout:350][mLayout] param OK, scen3 iw4032 ih2268 ow2304 oh1296 gdc 0x2
[22:11:47.859] RX< [36m[mLayout] scen03 in=4032x2268,out=1296x2304 meRot1 stripe0 gdcOn0
[22:11:47.859] RX< [0m[36m[mLayout] scen03 14entries solved status=OK retry=0 rtmp=enabled (cursor0=0x8a018210 cursor1=0x89
[22:11:47.862] RX< 300000, ch0/1/2 cnt=5/1/1)
[22:11:47.862] RX< [0m[7] [cam] [456360][tshell][cam_solve_layout:377]
[22:11:47.862] RX< [mLayout] out vol 0x8c000000 rBuf 0x89300000 sz 0xd00000 wBuf 0x8a9e5400 sz 0x900000
[22:11:47.862] RX<           rtmp tBuf 0x8a098210 sz 0x80000 aBuf 0x8a018210 sz 0x80000
[22:11:47.862] RX< [7] [cam] [456361][t
[22:11:47.864] RX< shell][cam_solve_layout:397]Solve Scen3 layout Done!
[22:11:47.864] RX< [6] [cam] [456362][tshell][cgm_parse_media_para:274]phy cam num: 1
[22:11:47.864] RX< [7] [cam] [456363][cer0][cer_recovery_proc:343]thread start cid, 0
[22:11:47.864] RX< [6] [cam] [456363][tshell][csc_open:499]SENSOR MCLK cal: 24MHz
[22:11:47.864] RX< [6] 
[22:11:47.865] RX< [cam] [456363][tshell][csc_isp_clk_cal:344]MIPI CLK cal: 277MHz
[22:11:47.865] RX< [6] [cam] [456363][tshell][csc_isp_clk_cal:374]LITE CLK cal: 25MHz
[22:11:47.865] RX< [7] [cam] [456364][tshell][cpc_csi_rx_power_on:633]E id: 2
[22:11:47.865] RX< [4] [cam] [456364][tshell][cpc_csi_rx_power_on:644]csi_2 has alre
[22:11:47.870] RX< ady power on, STATUS: 1
[22:11:47.870] RX< [6] [cam] [456365][tshell][cpc_update_clock:603]actual SNS mclk: 24MHz
[22:11:47.870] RX< [6] [cam] [456365][tshell][cpc_update_clock:608]actual MIPI0: 300MHz
[22:11:47.870] RX< [6] [cam] [456366][tshell][cpc_update_clock:598]actual LITE clk: 25MHz
[22:11:47.870] RX< [7] [cam] [456366][
[22:11:47.870] RX< tshell][cam_prelude_open:297][34msnsOpen camID1 csiID0 phyIdx0[0m
[22:11:47.870] RX< [6] [cam] [456369][tshell][sensor_expo_gain_match:48]sensor get sensor expo gain of imx681_vst
[22:11:47.870] RX< [6] [cam] [456369][tshell][sensor_open:684]sensor [1] open OK.
[22:11:47.870] RX< [6] [cam] [456370][tshell][c
[22:11:47.875] RX< am_cpm_parse_media:295]video scenario:3, media para[fps:0, mirror_en:0, flip_en:0]
[22:11:47.875] RX< [6] [cam] [456370][tshell][cam_cpm_parse_media:298]video scenario, media para[iso:0, gain:0, wb_mode:0]
[22:11:47.875] RX< [6] [cam] [456371][tshell][csc_isp_clk_cal:355]FE CLK cal: 373MHz, M
[22:11:47.876] RX< E CLK cal: 371MHz, FE/ME CLK cal: 410MHz
[22:11:47.876] RX< [6] [cam] [456371][tshell][csc_isp_clk_cal:364]BE CLK cal: 301MHz
[22:11:47.876] RX< [4] [cam] [456372][tshell][cam_fe_core_power_on:269]fe pipe has already power on, STATUS: 1
[22:11:47.876] RX< [6] [cam] [456372][tshell][cpc_update_clock:588]actual F
[22:11:47.878] RX< E/ME clk: 500MHz
[22:11:47.878] RX< [7] [cam] [456373][tshell][cam_cpm_core_power_on:435]id,0 type,1 ret 0
[22:11:47.878] RX< [6] [cam] [456373][tshell][cam_cpm_core_init:1017]E id,0 sensor type,1
[22:11:47.878] RX< [6] [cam] [456376][tshell][cpm_core_check_tuningbin:957]Tuning bin crc check PASS! sum 0x17a596
[22:11:47.878] RX< 4, xor 0x87e82682
[22:11:47.878] RX< [6] [cam] [456376][tshell][qpc_tuning_check_iqbin_validness:396]IQ bin addr: 0x88646660, project_name: video_3M
[22:11:47.878] RX< [6] [cam] [456378][tshell][qpc_tuning_check_iqbin_validness:397]total_size: 94400
[22:11:47.878] RX< [6] [cam] [456378][tshell][qpc_tuning_check
[22:11:47.881] RX< _iqbin_validness:398]id_count: 93. ID_TOTAL: 94
[22:11:47.881] RX< [6] [cam] [456378][tshell][qpc_tuning_check_iqbin_validness:399]spinel tuning data ver: V1.30
[22:11:47.881] RX< [6] [cam] [456379][tshell][cpm_core_check_tuningbin:971]IQ bin check success!
[22:11:47.881] RX< [6] [cam] [456379][tshell][cam_bm_
[22:11:47.881] RX< core_init:94]E
[22:11:47.881] RX< [6] [cam] [456380][tshell][bm_lab_init:174]X ctx size 4 addr 0x884b9350
[22:11:47.881] RX< [6] [cam] [456380][tshell][cam_bm_core_init:114]X ctx size 180 addr 0x884c1b58
[22:11:47.881] RX< [6] [cam] [456380][tshell][qpc_core_init:1299]E id,0
[22:11:47.881] RX< [6] [cam] [456381][tshell][qpc_queu
[22:11:47.899] RX< e_init:65]QPC init qnodes 8, size 508, pool 0x884c2170
[22:11:47.899] RX< [7] [cam] [456381][tshell][_qpc_get_cap_cfg_para:896][fallback]preset capCfg 200 0 0 invalid, use default
[22:11:47.899] RX< [7] [cam] [456382][tshell][_qpc_cfg_hdr_frms:840][fallback]preset hdrCfg 0 0 0 0 0 invalid, us
[22:11:47.899] RX< e default
[22:11:47.899] RX< [6] [cam] [456398][tshell][qpc_core_init:1347]X ctx size 1288 addr 0x884c1c20
[22:11:47.899] RX< [6] [cam] [456398][tshell][cpm_core_get_param:764]cpm para chk: tunBin-w 4032 h 2266 img-w 4032 h 2268
[22:11:47.899] RX< [6] [cam] [456399][tshell][cam_fe_core_init:436]E id,0
[22:11:47.899] RX< [6] [cam]
[22:11:47.905] RX<  [456399][tshell][cam_fe_core_init:490]X ctx size 96 addr 0x884c3588
[22:11:47.905] RX< [7] [cam] [456400][tshell][qpc_core_fe_chords_init:1763][34mqpc fe init snsOut w 4032 h 2268, tbl w 28 h 20[0m
[22:11:47.905] RX< [6] [cam] [456400][tshell][cam_me_core_init:1523]X ctx size 1352 addr 0x8
[22:11:47.905] RX< 84f1c98
[22:11:47.905] RX< [34m[ME SLICE CFG] perf=1367(us)!
[22:11:47.905] RX< [0m[6] [cam] [456404][tshell][cam_bayer_fe_3a_stats_core_init:445]fe 3a id,0
[22:11:47.905] RX< [6] [cam] [456404][tshell][cam_bayer_fe_3a_stats_core_init:490]X ctx size 132 addr 0x884fa5f0
[22:11:47.905] RX< [6] [cam] [456405][tshell][awb_wrapper_
[22:11:47.913] RX< init:66]xxx awb_bin=0x884e1674, awb_bin_length=8068
[22:11:47.913] RX< [6] [cam] [456406][tshell][awb_wrapper_init:86]X algo_handle 0x88500250
[22:11:47.913] RX< [7] [cam] [456406][awb0][a5_core_wrapper_task:252]thread start cid,0 algo type,2
[22:11:47.913] RX< [6] [cam] [456406][tshell][a5_core_init_task:426]t
[22:11:47.913] RX< hread created: awb0 mq=0x885022e0 thread=0x885023f8 sem=0x88502270 ret=0
[22:11:47.913] RX< [6] [cam] [456407][tshell][bayer_ae_wrapper_init:68]E id,0 proc mode 0 
[22:11:47.913] RX< 
[22:11:47.913] RX< [AEC Proc] @[allib_ae_set_debug_log_flag] Line:129:[DEBUG] debug level/to_file/to_terminal: 22/1/1
[22:11:47.913] RX< [AEC Proc]
[22:11:47.915] RX<  @[AeInit] Line:377:[INFO] AE ver: 2026_V2.269
[22:11:47.915] RX< 
[22:11:47.915] RX< [AEC Proc] @[allib_ae_loadfunc] Line:193:[INFO] camera ID: 0
[22:11:47.915] RX< [AEC Proc] @[alAE_set_param] Line:576:[DEBUG] sw_maxtime 33004 ,pertline 10800, after check sensor step sw_max_time 33000.00
[22:11:47.915] RX< [AEC Proc] @[alAE_se
[22:11:47.916] RX< t_param] Line:581:[DEBUG] sw_mintime 43 ,pertline 10800, after check sensor step sw_min_time 40.00
[22:11:47.916] RX< [AEC Proc] @[alAE_set_param] Line:514:[DEBUG] DEBUG minbv exptime 11 gain 100, minExpBV 13810
[22:11:47.916] RX< [AEC Proc] @[AeTuningParseSet] Line:167:[DEBUG] aeparam versio
[22:11:47.918] RX< n 2.268 60803
[22:11:47.918] RX< [AEC Proc] @[alAE_set_param] Line:341:[DEBUG] INITEXP gain 100, shutter 33242, midtonegain 100, bv 2247
[22:11:47.918] RX< [6] [cam] [456417][tshell][bayer_ae_wrapper_init:119]X tline 10800 max_exp 33004 alg_hdl 0x88504ba8 
[22:11:47.918] RX< [7] [cam] [456417][b_ae0][a5_core_wr
[22:11:47.919] RX< apper_task:252]thread start cid,0 algo type,0
[22:11:47.919] RX< [6] [cam] [456418][tshell][a5_core_init_task:426]thread created: b_ae0 mq=0x88505c58 thread=0x88505d70 sem=0x88505be8 ret=0
[22:11:47.919] RX< [6] [cam] [456418][tshell][atf_wrapper_init:67]E id,0
[22:11:47.919] RX< [6] [cam] [456419][tshell][atf
[22:11:47.922] TX> rtmp_video_start rtmp://10.1.90.128/live/cam
[22:11:47.922] TX> echo "__EVBTEST_END_5b188b63__"
[22:11:47.934] RX< _wrapper_init:107]X alg_ctx addr 0x88507158
[22:11:47.934] RX< [7] [cam] [456419][atf0][a5_core_wrapper_task:252]thread start cid,0 algo type,1
[22:11:47.934] RX< [6] [cam] [456420][tshell][a5_core_init_task:426]thread created: atf0 mq=0x88507290 thread=0x885073a8 sem=0x88507220 ret=0
[22:11:47.934] RX< [6] [ca
[22:11:47.934] RX< m] [456420][tshell][cam_cpm_core_init:1149]X ctx size 1096 addr 0x884c1700
[22:11:47.934] RX< [6] [cam] [456421][tshell][csc_open:599]ok! phys_id[1], phys_num[1] 
[22:11:47.934] RX< [6] [cam] [456421][tshell][cam_open:738]open ok! camera_id[0]
[22:11:47.934] RX< [34m[cam open] perf=63700(us)!
[22:11:47.934] RX< [0m[6] [App Cam
[22:11:47.937] RX< ] cam open success
[22:11:47.937] RX< [6] [cam] [456435][tshell][csc_init:722]sensor info:size:4032x2268, formt: 0x2b, bps: 1968, tline: 10800
[22:11:47.937] RX< [6] [cam] [456435][tshell][cam_sif_mgr_init:261]E id,0
[22:11:47.937] RX< [7] [cam] [456436][sif0][sif_irq_proc:151]thread start cid,0
[22:11:47.937] RX< [6] [cam] [456
[22:11:47.937] RX< 437][tshell][cam_sif_mgr_init:293]X ctx size 52 addr 0x88541a88
[22:11:47.937] RX< [6] [cam] [456437][tshell][cam_prelude_init_cfg:368]CSI ID is 0,  phy lanes is 2.
[22:11:47.937] RX< [7] [cam] [456438][tshell][check_phy_ready:96]MIPI_PHY[0] is ready
[22:11:47.937] RX< [6] [cam] [456438][tshell][sensor_init:34
[22:11:47.946] RX< 8]sensor [1]: register ok
[22:11:47.946] RX< [6] [cam] [456439][tshell][sensor_set_mode:887]sensor [1]: SetMode -> mode = 0.
[22:11:47.946] RX< [6] [cam] [456439][tshell][sensor_send_reg_tab_to_sensor:705]sensor [1]: send_reg_tab_to_sensor E.
[22:11:47.946] RX< [6] [cam] [456442][tshell][sensor_send_reg_tab_to_
[22:11:47.946] RX< sensor:751]sensor [1]: reg_count = 77.
[22:11:47.946] RX< [6] [cam] [456443][tshell][sensor_init:361]sensor [1]: init success.
[22:11:47.946] RX< [6] [cam] [456443][tshell][sensor_set_mode:887]sensor [1]: SetMode -> mode = 3.
[22:11:47.946] RX< [6] [cam] [456444][tshell][sensor_send_reg_tab_to_sensor:705]sensor
[22:11:47.949] RX<  [1]: send_reg_tab_to_sensor E.
[22:11:47.949] RX< [6] [cam] [456448][tshell][sensor_send_reg_tab_to_sensor:751]sensor [1]: reg_count = 83.
[22:11:47.949] RX< [6] [cam] [456448][tshell][csc_init:731]ok! phys_id[1], phys_num[1]
[22:11:47.949] RX< [6] [cam] [456449][tshell][csc_get_bayer_single_buffer:1148]scenar
[22:11:47.949] RX< io_type: 3
[22:11:47.949] RX< [6] [cam] [456449][tshell][csc_set_stats_fmt:98]index 0 w 1 h 1 bw 8 wcmp 255
[22:11:47.949] RX< [7] [cam] [456449][tshell][bm_ioctl:201]BMIOC_STATS_FMT
[22:11:47.949] RX< [6] [cam] [456450][tshell][csc_set_fe_fmt:47]index 1 w 4032 h 2268 bw 10 wcmp 0
[22:11:47.949] RX< [7] [cam] [456450][tshell][bm
[22:11:47.952] RX< _ioctl:201]BMIOC_FE_FMT
[22:11:47.952] RX< [6] [cam] [456450][tshell][csc_set_me_fmt:64]index 5 w 2268 h 4032 bw 10 wcmp 0, rdma_addr 0x8a128c00, wdma_addr 0x8a128c00
[22:11:47.952] RX< [7] [cam] [456451][tshell][bm_ioctl:201]BMIOC_ME_FMT
[22:11:47.952] RX< [6] [cam] [456451][tshell][csc_set_video_fmt:1076]meta
[22:11:47.952] RX< _addr: 0x8a118240
[22:11:47.952] RX< [6] [cam] [456452][tshell][csc_set_me_fmt:64]index 6 w 1296 h 2304 bw 8 wcmp 255, rdma_addr 0x8b2e5400, wdma_addr 0x8c000000
[22:11:47.952] RX< [6] [cam] [456452][tshell][cam_me_core_buffer_cfg:1416]
[22:11:47.952] RX< ----ME PIPE INFO---
[22:11:47.952] RX<  wdma_buf_num:1, rotation_en: 1
[22:11:47.952] RX< [
[22:11:47.954] RX< 7] [cam] [456453][tshell][cam_me_core_buffer_cfg:1424]yuv wdma_addr 0:0x8c000000, meta_en: 1, 0x8a118240
[22:11:47.954] RX< [7] [cam] [456453][tshell][bm_ioctl:201]BMIOC_ME_FMT
[22:11:47.954] RX< [6] [cam] [456454][tshell][csc_set_lite_fmt:115]index 13 w 400 h 400 bw 10 wcmp 255
[22:11:47.954] RX< [7] [cam] [45
[22:11:47.957] RX< 6454][tshell][bm_ioctl:201]BMIOC_LITE_FMT
[22:11:47.957] RX< [6] [cam] [456455][tshell][csc_set_lite_fmt:115]index 14 w 400 h 400 bw 10 wcmp 255
[22:11:47.957] RX< [7] [cam] [456455][tshell][bm_ioctl:201]BMIOC_LITE_FMT
[22:11:47.957] RX< [6] [cam] [456456][tshell][csc_init:739]get otp ok! phys_id[1], phys_num[
[22:11:47.957] RX< 1]
[22:11:47.957] RX< [6] [cam] [456456][tshell][cam_init:828]init ok! logic_id[0]
[22:11:47.957] RX< [34m[cam init] perf=21005(us)!
[22:11:47.957] RX< [0m[6] [App Cam] cam init success
[22:11:47.957] RX< [7] [cam] [456457][tshell][cam_cpm_core_stream_on:560]id 0 sensor type 1
[22:11:47.957] RX< [6] [cam] [456457][tshell][sensor_stream_on:1024]s
[22:11:47.975] RX< ensor [1]: stream_on
[22:11:47.975] RX< [6] [cam] [456458][tshell][sensor_stream_on:1052]sensor [1]: REG: 0x100, W:0x1.
[22:11:47.975] RX< [6] [cam] [456458][tshell][sensor_stream_on:1054]sensor [1]: REG: 0x100, R:0x1.
[22:11:47.975] RX< [6] [cam] [456458][tshell][csc_prv_start:873]ok! phys_id[1], phys_num[1],
[22:11:47.975] RX<  cam_ids[1]
[22:11:47.975] RX< [6] [cam] [456459][tshell][cam_start:938]preview start ok! logic_id[0]
[22:11:47.975] RX< [34m[cam start] perf=2555(us)!
[22:11:47.975] RX< [0m[6] [App Cam] cam start success
[22:11:47.975] RX< [RTMP] connecting rtmp://10.1.90.128/live/cam ...
[22:11:47.975] RX< [7] [cam] [456460][b_3a_sts][bayer_stats_core_irq_pro
[22:11:48.103] RX< c:164]thread start cid,0
[22:11:48.103] RX< [7] [cam] [456460][fe0][fe_core_irq_proc:98]thread start cid,0
[22:11:48.103] RX< [RTMP] connected to 10.1.90.128:1935 (sock=6)
[22:11:48.103] RX< [34m[AE] fid=0,exp=6970,adg=100,Y=5944,mtg=100,shg=100,bgbv=4477,iso=100,cnv0,hdr0
[22:11:48.103] RX< [0m[34m[b_ae0 proc] perf=8209(us), 
[22:11:48.387] RX< max=8209(us)!
[22:11:48.387] RX< [0m[34m[awb0 proc] perf=3674(us), max=3674(us)!
[22:11:48.387] RX< [0m[RTMP] handshake (simple) ok
[22:11:48.387] RX< [6] [cam] [456752][me0][cpm_cb_fe2me_tikChk:152]frm_length 88560us, fe2me delta 0
[22:11:48.387] RX< [34m[ME INTP]fid=0, shutter=6970, perf=2154(us), max=2154(us)!
[22:11:48.387] RX< [0m[RTMP] c
[22:11:48.387] RX< onnect _result ok
[22:11:48.387] RX< [RTMP] createStream -> msid=1
[22:11:48.387] RX< [RTMP] publish ready on rtmp://10.1.90.128:1935/live
[22:11:48.387] RX< [RTMP] config sent (42 bytes)
[22:11:48.387] RX< [RTMP] f_index = 0, f_len = 39
[22:11:48.387] RX< [RTMP] Push Start -> rtmp://10.1.90.128/live/cam
[22:11:48.387] RX< msh /emmc>echo "__EVBTEST_END_5b188b63__"
[22:11:48.387] RX< __
[22:11:50.255] RX< EVBTEST_END_5b188b63__
[22:11:50.255] RX< msh /emmc>[7] [cam] [457097][me0][me_core_thread:359]ME out fid 0
[22:11:50.255] RX< [34m[AE] fid=30,exp=10100,adg=288,Y=4641,mtg=180,shg=100,bgbv=1480,iso=288,cnv2,hdr0
[22:11:50.255] RX< [0m[7] [cam] [458097][me0][me_core_thread:359]ME out fid 30
[22:11:50.255] RX< [34m[AE] fid=60,exp
[22:11:51.255] RX< =10070,adg=288,Y=4681,mtg=180,shg=100,bgbv=1494,iso=288,cnv2,hdr0
[22:11:51.255] RX< [0m[7] [cam] [459097][me0][me_core_thread:359]ME out fid 60
[22:11:51.255] RX< [RTMP] slow send frame 31 len=60289 dt=1633ms (IDR)
[22:11:51.255] RX< [34m[AE] fid=90,exp=10000,adg=288,Y=4716,mtg=180,shg=100,bgbv=1510,iso=288,c
[22:11:51.607] RX< nv2,hdr0
[22:11:51.607] RX< [0m[34m[b_ae0 proc] perf=960(us), max=8209(us)!
[22:11:51.607] RX< [0m[34m[awb0 proc] perf=3800(us), max=4188(us)!
[22:11:51.607] RX< [0m[RTMP] slow send frame 35 len=14832 dt=93ms
[22:11:51.607] RX< [RTMP] slow send frame 36 len=15610 dt=207ms
[22:11:51.607] RX< [7] [cam] [460097][me0][me_core_thread:359]ME out fid
[22:11:52.255] RX<  90
[22:11:52.255] RX< [RTMP] slow send frame 37 len=10357 dt=64ms
[22:11:52.255] RX< [RTMP] slow send frame 38 len=15791 dt=173ms
[22:11:52.255] RX< [RTMP] slow send frame 39 len=16124 dt=275ms
[22:11:52.255] RX< [RTMP] slow send frame 40 len=10004 dt=158ms
[22:11:52.255] RX< [34m[AE] fid=120,exp=10070,adg=282,Y=4711,mtg=180,shg=100,bgbv=1525,iso=
[22:11:52.647] RX< 282,cnv2,hdr0
[22:11:52.647] RX< [0m[RTMP] slow send frame 42 len=16336 dt=55ms
[22:11:52.647] RX< [34m[ME INTP]fid=120, shutter=10070, perf=237(us), max=11208(us)!
[22:11:52.647] RX< [0m[RTMP] slow send frame 44 len=15688 dt=94ms
[22:11:52.647] RX< [7] [cam] [461097][me0][me_core_thread:359]ME out fid 120
[22:11:52.647] RX< [RTMP] slow send fram
[22:11:53.607] RX< e 48 len=16228 dt=85ms
[22:11:53.607] RX< [RTMP] slow send frame 59 len=15255 dt=270ms
[22:11:53.607] RX< [34m[AE] fid=150,exp=10040,adg=282,Y=4735,mtg=180,shg=100,bgbv=1536,iso=282,cnv2,hdr0
[22:11:53.607] RX< [0m[RTMP] slow send frame 60 len=15580 dt=120ms
[22:11:53.607] RX< [RTMP] slow send frame 61 len=62504 dt=229ms (IDR)
[22:11:53.607] RX< [
[22:11:54.259] RX< 7] [cam] [462096][me0][me_core_thread:359]ME out fid 150
[22:11:54.259] RX< [RTMP] slow send frame 64 len=14019 dt=84ms
[22:11:54.259] RX< [RTMP] slow send frame 65 len=11828 dt=506ms
[22:11:54.259] RX< [34m[AE] fid=180,exp=10040,adg=275,Y=4666,mtg=180,shg=100,bgbv=1546,iso=275,cnv2,hdr0
[22:11:54.259] RX< [0m[34m[b_ae0 proc] p
[22:11:54.659] RX< erf=1035(us), max=1119(us)!
[22:11:54.659] RX< [0m[34m[awb0 proc] perf=3887(us), max=3893(us)!
[22:11:54.659] RX< [0m[RTMP] slow send frame 67 len=16624 dt=61ms
[22:11:54.659] RX< [RTMP] slow send frame 69 len=13209 dt=204ms
[22:11:54.659] RX< [7] [cam] [463096][me0][me_core_thread:359]ME out fid 180
[22:11:54.659] RX< [RTMP] slow send frame 70 
[22:11:55.254] RX< len=17063 dt=130ms
[22:11:55.254] RX< [RTMP] slow send frame 71 len=14341 dt=100ms
[22:11:55.254] RX< [RTMP] slow send frame 72 len=14853 dt=128ms
[22:11:55.254] RX< [RTMP] slow send frame 73 len=15164 dt=72ms
[22:11:55.254] RX< [RTMP] slow send frame 76 len=12992 dt=52ms
[22:11:55.254] RX< [34m[AE] fid=210,exp=9960,adg=275,Y=4687,mtg=180,shg=100,b
[22:11:56.595] RX< gbv=1560,iso=275,cnv2,hdr0
[22:11:56.595] RX< [0m[7] [cam] [464096][me0][me_core_thread:359]ME out fid 210
[22:11:56.595] RX< [34m[AE] fid=240,exp=9930,adg=275,Y=4714,mtg=180,shg=100,bgbv=1575,iso=275,cnv2,hdr0
[22:11:56.595] RX< [0m[34m[ME INTP]fid=240, shutter=9930, perf=234(us), max=1726(us)!
[22:11:56.595] RX< [0m[7] [cam
[22:11:57.259] RX< ] [465096][me0][me_core_thread:359]ME out fid 240
[22:11:57.259] RX< [RTMP] slow send frame 78 len=12898 dt=2029ms
[22:11:57.259] RX< [34m[AE] fid=270,exp=10110,adg=269,Y=4728,mtg=180,shg=100,bgbv=1584,iso=269,cnv2,hdr0
[22:11:57.259] RX< [0m[34m[b_ae0 proc] perf=970(us), max=1136(us)!
[22:11:57.259] RX< [0m[34m[awb0 proc] p
[22:11:57.803] RX< erf=3775(us), max=3904(us)!
[22:11:57.803] RX< [0m[RTMP] slow send frame 80 len=13017 dt=178ms
[22:11:57.803] RX< [RTMP] slow send frame 82 len=11669 dt=100ms
[22:11:57.803] RX< [7] [cam] [466096][me0][me_core_thread:359]ME out fid 270
[22:11:57.803] RX< [RTMP] slow send frame 83 len=13359 dt=168ms
[22:11:57.803] RX< [RTMP] slow send frame 85 len=1
[22:11:59.253] RX< 6149 dt=76ms
[22:11:59.253] RX< [RTMP] slow send frame 89 len=14506 dt=51ms
[22:11:59.253] RX< [RTMP] f_index = 90, f_len = 14942
[22:11:59.253] RX< [34m[AE] fid=300,exp=10110,adg=269,Y=4747,mtg=180,shg=100,bgbv=1588,iso=269,cnv2,hdr0
[22:11:59.253] RX< [0m[7] [cam] [467096][me0][me_core_thread:359]ME out fid 300
[22:11:59.253] RX< [34m[AE] fid=3
[22:12:00.258] RX< 30,exp=10110,adg=269,Y=4752,mtg=180,shg=100,bgbv=1591,iso=269,cnv2,hdr0
[22:12:00.258] RX< [0m[7] [cam] [468096][me0][me_core_thread:359]ME out fid 330
[22:12:00.258] RX< [34m[AE] fid=360,exp=10110,adg=269,Y=4756,mtg=180,shg=100,bgbv=1591,iso=269,cnv2,hdr0
[22:12:00.258] RX< [0m[34m[b_ae0 proc] perf=987(us),
[22:12:01.074] RX<  max=1127(us)!
[22:12:01.074] RX< [0m[34m[awb0 proc] perf=3908(us), max=3908(us)!
[22:12:01.074] RX< [0m[34m[ME INTP]fid=360, shutter=10110, perf=6(us), max=1526(us)!
[22:12:01.074] RX< [0m[7] [cam] [469095][me0][me_core_thread:359]ME out fid 360
[22:12:01.074] RX< [RTMP] slow send frame 91 len=63246 dt=2855ms (IDR)
[22:12:01.074] RX< [RTMP] s
[22:12:01.509] RX< low send frame 92 len=21022 dt=213ms
[22:12:01.509] RX< [34m[AE] fid=390,exp=10110,adg=269,Y=4760,mtg=180,shg=100,bgbv=1591,iso=269,cnv2,hdr0
[22:12:01.509] RX< [0m[RTMP] slow send frame 93 len=7909 dt=221ms
[22:12:01.509] RX< [RTMP] slow send frame 94 len=11456 dt=74ms
[22:12:01.509] RX< [RTMP] slow send frame 95 len=16951 dt=1
[22:12:02.214] RX< 43ms
[22:12:02.214] RX< [RTMP] slow send frame 96 len=10715 dt=52ms
[22:12:02.214] RX< [7] [cam] [470095][me0][me_core_thread:359]ME out fid 390
[22:12:02.214] RX< [RTMP] slow send frame 97 len=13401 dt=167ms
[22:12:02.214] RX< [RTMP] slow send frame 100 len=14644 dt=168ms
[22:12:02.214] RX< [RTMP] slow send frame 101 len=17468 dt=53ms
[22:12:02.214] RX< [RTMP] slow s
[22:12:02.685] RX< end frame 102 len=10718 dt=184ms
[22:12:02.685] RX< [34m[AE] fid=420,exp=10110,adg=269,Y=4764,mtg=180,shg=100,bgbv=1595,iso=269,cnv2,hdr0
[22:12:02.685] RX< [0m[RTMP] slow send frame 104 len=14316 dt=166ms
[22:12:02.685] RX< [7] [cam] [471095][me0][me_core_thread:359]ME out fid 420
[22:12:02.685] RX< [RTMP] slow send frame 106 l
[22:12:03.258] RX< en=15371 dt=225ms
[22:12:03.258] RX< [RTMP] slow send frame 107 len=10221 dt=57ms
[22:12:03.258] RX< [RTMP] slow send frame 108 len=15755 dt=131ms
[22:12:03.258] RX< [RTMP] slow send frame 109 len=16157 dt=86ms
[22:12:03.258] RX< [RTMP] slow send frame 110 len=10241 dt=149ms
[22:12:03.258] RX< [34m[AE] fid=450,exp=10110,adg=269,Y=4777,mtg=180,shg=1
[22:12:03.608] RX< 00,bgbv=1599,iso=269,cnv2,hdr0
[22:12:03.608] RX< [0m[34m[b_ae0 proc] perf=1038(us), max=1143(us)!
[22:12:03.608] RX< [0m[34m[awb0 proc] perf=3888(us), max=3917(us)!
[22:12:03.608] RX< [0m[RTMP] slow send frame 111 len=17312 dt=224ms
[22:12:03.608] RX< [RTMP] slow send frame 112 len=12227 dt=63ms
[22:12:03.608] RX< [RTMP] slow send frame 114 l
[22:12:04.253] RX< en=13978 dt=171ms
[22:12:04.253] RX< [7] [cam] [472095][me0][me_core_thread:359]ME out fid 450
[22:12:04.253] RX< [RTMP] slow send frame 115 len=15016 dt=439ms
[22:12:04.253] RX< [RTMP] slow send frame 117 len=15532 dt=59ms
[22:12:04.253] RX< [RTMP] slow send frame 118 len=9721 dt=121ms
[22:12:04.253] RX< [34m[AE] fid=480,exp=10110,adg=269,Y=4774,m
[22:12:04.737] RX< tg=180,shg=100,bgbv=1595,iso=269,cnv2,hdr0
[22:12:04.737] RX< [0m[RTMP] slow send frame 119 len=14945 dt=106ms
[22:12:04.737] RX< [34m[ME INTP]fid=480, shutter=10110, perf=6(us), max=384(us)!
[22:12:04.737] RX< [0m[7] [cam] [473095][me0][me_core_thread:359]ME out fid 480
[22:12:04.737] RX< [RTMP] slow send frame 121 len=62307 d
[22:12:06.256] RX< t=357ms (IDR)
[22:12:06.256] RX< [RTMP] slow send frame 123 len=7841 dt=58ms
[22:12:06.256] RX< [RTMP] slow send frame 126 len=14490 dt=108ms
[22:12:06.256] RX< [34m[AE] fid=510,exp=10110,adg=269,Y=4778,mtg=180,shg=100,bgbv=1599,iso=269,cnv2,hdr0
[22:12:06.256] RX< [0m[7] [cam] [474095][me0][me_core_thread:359]ME out fid 510
[22:12:06.256] RX< [3
[22:12:06.737] RX< 4m[AE] fid=540,exp=10110,adg=269,Y=4782,mtg=180,shg=100,bgbv=1599,iso=269,cnv2,hdr0
[22:12:06.737] RX< [0m[34m[b_ae0 proc] perf=942(us), max=1158(us)!
[22:12:06.737] RX< [0m[34m[awb0 proc] perf=3772(us), max=3911(us)!
[22:12:06.737] RX< [0m[7] [cam] [475095][me0][me_core_thread:359]ME out fid 540
[22:12:06.737] RX< [RTMP] sl
[22:12:07.252] RX< ow send frame 128 len=15212 dt=1756ms
[22:12:07.252] RX< [RTMP] slow send frame 129 len=15158 dt=59ms
[22:12:07.252] RX< [RTMP] slow send frame 131 len=16303 dt=153ms
[22:12:07.252] RX< [RTMP] slow send frame 132 len=16035 dt=85ms
[22:12:07.252] RX< [34m[AE] fid=570,exp=10110,adg=269,Y=4787,mtg=180,shg=100,bgbv=1599,iso=269,cnv2,
[22:12:07.727] RX< hdr0
[22:12:07.727] RX< [0m[RTMP] slow send frame 135 len=15332 dt=204ms
[22:12:07.727] RX< [RTMP] slow send frame 137 len=9844 dt=66ms
[22:12:07.727] RX< [RTMP] slow send frame 138 len=15429 dt=51ms
[22:12:07.727] RX< [7] [cam] [476094][me0][me_core_thread:359]ME out fid 570
[22:12:07.727] RX< [RTMP] slow send frame 143 len=15747 dt=62ms
[22:12:07.727] RX< [RTMP] sl
[22:12:08.252] RX< ow send frame 149 len=15357 dt=78ms
[22:12:08.252] RX< [RTMP] slow send frame 151 len=62123 dt=211ms (IDR)
[22:12:08.252] RX< [RTMP] slow send frame 157 len=9840 dt=54ms
[22:12:08.252] RX< [RTMP] slow send frame 160 len=15015 dt=131ms
[22:12:08.252] RX< [34m[AE] fid=600,exp=10040,adg=269,Y=4758,mtg=180,shg=100,bgbv=1597,iso=269,c
[22:12:08.679] RX< nv2,hdr0
[22:12:08.679] RX< [0m[34m[ME INTP]fid=600, shutter=10040, perf=6(us), max=391(us)!
[22:12:08.679] RX< [0m[RTMP] slow send frame 164 len=12595 dt=212ms
[22:12:08.679] RX< [RTMP] slow send frame 171 len=14950 dt=63ms
[22:12:08.679] RX< [7] [cam] [477094][me0][me_core_thread:359]ME out fid 600
[22:12:08.679] RX< [RTMP] slow send frame 175 
[22:12:09.593] RX< len=15367 dt=98ms
[22:12:09.593] RX< [RTMP] f_index = 180, f_len = 15385
[22:12:09.593] RX< [34m[AE] fid=630,exp=10040,adg=269,Y=4761,mtg=180,shg=100,bgbv=1597,iso=269,cnv2,hdr0
[22:12:09.593] RX< [0m[34m[b_ae0 proc] perf=1076(us), max=1128(us)!
[22:12:09.593] RX< [0m[34m[awb0 proc] perf=3910(us), max=3910(us)!
[22:12:09.593] RX< [0m[7] [cam]
[22:12:10.604] RX<  [478094][me0][me_core_thread:359]ME out fid 630
[22:12:10.604] RX< [RTMP] slow send frame 181 len=61466 dt=1145ms (IDR)
[22:12:10.604] RX< [RTMP] dropped 30 p-frames (backlog 53%)
[22:12:10.604] RX< [34m[AE] fid=660,exp=10040,adg=269,Y=4761,mtg=180,shg=100,bgbv=1597,iso=269,cnv2,hdr0
[22:12:10.604] RX< [0m[7] [cam] [479094][me0
[22:12:12.256] RX< ][me_core_thread:359]ME out fid 660
[22:12:12.256] RX< [34m[AE] fid=690,exp=10040,adg=269,Y=4748,mtg=180,shg=100,bgbv=1594,iso=269,cnv2,hdr0
[22:12:12.256] RX< [0m[7] [cam] [480094][me0][me_core_thread:359]ME out fid 690
[22:12:12.256] RX< [34m[AE] fid=720,exp=10040,adg=269,Y=4742,mtg=180,shg=100,bgbv=1594,is
[22:12:13.251] RX< o=269,cnv2,hdr0
[22:12:13.251] RX< [0m[34m[b_ae0 proc] perf=1030(us), max=1130(us)!
[22:12:13.251] RX< [0m[34m[awb0 proc] perf=3876(us), max=3910(us)!
[22:12:13.251] RX< [0m[34m[ME INTP]fid=720, shutter=10040, perf=6(us), max=354(us)!
[22:12:13.251] RX< [0m[7] [cam] [481094][me0][me_core_thread:359]ME out fid 720
[22:12:13.251] RX< [34m[AE]
[22:12:14.148] RX<  fid=750,exp=10040,adg=269,Y=4728,mtg=180,shg=100,bgbv=1590,iso=269,cnv2,hdr0
[22:12:14.148] RX< [0m[7] [cam] [482094][me0][me_core_thread:359]ME out fid 750
[22:12:14.148] RX< [RTMP] slow send frame 211 len=61828 dt=3846ms (IDR)
[22:12:14.148] RX< [RTMP] dropped 60 p-frames (backlog 87%)
[22:12:14.148] RX< [RTMP] slow send frame
[22:12:14.571] RX<  241 len=61239 dt=469ms (IDR)
[22:12:14.571] RX< [RTMP] dropped 90 p-frames (backlog 85%)
[22:12:14.571] RX< [RTMP] f_index = 270, f_len = 14476
[22:12:14.571] RX< [34m[AE] fid=780,exp=10070,adg=269,Y=4718,mtg=180,shg=100,bgbv=1586,iso=269,cnv2,hdr0
[22:12:14.571] RX< [0m[RTMP] slow send frame 271 len=60705 dt=395ms (IDR)
[22:12:14.571] RX< [RTMP]
[22:12:15.138] RX<  dropped 120 p-frames (backlog 83%)
[22:12:15.138] RX< [7] [cam] [483094][me0][me_core_thread:359]ME out fid 780
[22:12:15.138] RX< [RTMP] slow send frame 301 len=60435 dt=183ms (IDR)
[22:12:15.138] RX< [RTMP] dropped 150 p-frames (backlog 80%)
[22:12:15.138] RX< [RTMP] slow send frame 331 len=60468 dt=354ms (IDR)
[22:12:15.138] RX< [RTMP] dropped 1
[22:12:15.422] RX< 80 p-frames (backlog 78%)
[22:12:15.422] RX< [RTMP] f_index = 360, f_len = 14723
[22:12:15.422] RX< [34m[AE] fid=810,exp=10110,adg=269,Y=4690,mtg=180,shg=100,bgbv=1572,iso=269,cnv2,hdr0
[22:12:15.422] RX< [0m[34m[b_ae0 proc] perf=1027(us), max=1157(us)!
[22:12:15.422] RX< [0m[34m[awb0 proc] perf=3877(us), max=3906(us)!
[22:12:15.422] RX< [0m[
[22:12:15.720] RX< RTMP] slow send frame 361 len=60848 dt=278ms (IDR)
[22:12:15.720] RX< [RTMP] dropped 210 p-frames (backlog 75%)
[22:12:15.720] RX< [RTMP] slow send frame 391 len=60789 dt=129ms (IDR)
[22:12:15.720] RX< [RTMP] dropped 240 p-frames (backlog 72%)
[22:12:15.720] RX< [7] [cam] [484093][me0][me_core_thread:359]ME out fid 810
[22:12:15.720] RX< [RTMP] slow
[22:12:16.025] RX<  send frame 421 len=60785 dt=140ms (IDR)
[22:12:16.025] RX< [RTMP] dropped 270 p-frames (backlog 69%)
[22:12:16.025] RX< [RTMP] f_index = 450, f_len = 15338
[22:12:16.025] RX< [RTMP] slow send frame 451 len=60484 dt=122ms (IDR)
[22:12:16.025] RX< [RTMP] dropped 300 p-frames (backlog 65%)
[22:12:16.025] RX< [RTMP] slow send frame 481 len=60339 dt=180
[22:12:16.259] RX< ms (IDR)
[22:12:16.259] RX< [RTMP] dropped 330 p-frames (backlog 62%)
[22:12:16.259] RX< [RTMP] slow send frame 511 len=60262 dt=121ms (IDR)
[22:12:16.259] RX< [RTMP] dropped 360 p-frames (backlog 59%)
[22:12:16.259] RX< [RTMP] f_index = 540, f_len = 14325
[22:12:16.259] RX< [34m[AE] fid=840,exp=9890,adg=275,Y=4625,mtg=180,shg=100,bgbv=1553,iso=275
[22:12:16.367] RX< ,cnv2,hdr0
[22:12:16.367] RX< [0m[RTMP] slow send frame 541 len=60756 dt=78ms (IDR)
[22:12:16.367] RX< [RTMP] dropped 390 p-frames (backlog 56%)
[22:12:16.367] RX< [34m[ME INTP]fid=840, shutter=9890, perf=6(us), max=2037(us)!
[22:12:16.367] RX< [0m[RTMP] slow send frame 571 len=60661 dt=89ms (IDR)
[22:12:16.367] RX< [RTMP] dropped 420 p-frames (b
[22:12:16.719] RX< acklog 52%)
[22:12:16.719] RX< [RTMP] slow send frame 601 len=60689 dt=85ms (IDR)
[22:12:16.719] RX< [RTMP] slow send frame 609 len=14831 dt=70ms
[22:12:16.719] RX< [7] [cam] [485093][me0][me_core_thread:359]ME out fid 840
[22:12:16.719] RX< [RTMP] slow send frame 612 len=16168 dt=62ms
[22:12:16.719] RX< [RTMP] slow send frame 616 len=15065 dt=88ms
[22:12:17.251] RX< [RTMP] slow send frame 620 len=15516 dt=109ms
[22:12:17.251] RX< [RTMP] slow send frame 623 len=15228 dt=52ms
[22:12:17.251] RX< [RTMP] slow send frame 626 len=16881 dt=113ms
[22:12:17.251] RX< [RTMP] slow send frame 628 len=16184 dt=55ms
[22:12:17.251] RX< [RTMP] f_index = 630, f_len = 15650
[22:12:17.251] RX< [34m[AE] fid=870,exp=10070,adg=275,Y=
[22:12:17.859] RX< 4594,mtg=180,shg=100,bgbv=1519,iso=275,cnv2,hdr0
[22:12:17.859] RX< [0m[RTMP] slow send frame 631 len=60751 dt=155ms (IDR)
[22:12:17.859] RX< [RTMP] slow send frame 636 len=15304 dt=59ms
[22:12:17.859] RX< [7] [cam] [486093][me0][me_core_thread:359]ME out fid 870
[22:12:17.859] RX< [RTMP] slow send frame 642 len=14760 dt=97ms
[22:12:17.859] RX< [RT
[22:12:18.368] RX< MP] slow send frame 649 len=15129 dt=125ms
[22:12:18.368] RX< [34m[AE] fid=900,exp=10110,adg=282,Y=4631,mtg=180,shg=100,bgbv=1502,iso=282,cnv2,hdr0
[22:12:18.368] RX< [0m[34m[b_ae0 proc] perf=1168(us), max=1168(us)!
[22:12:18.368] RX< [0m[34m[awb0 proc] perf=4122(us), max=4601(us)!
[22:12:18.368] RX< [0m[RTMP] slow send fra
[22:12:19.104] RX< me 651 len=9031 dt=503ms
[22:12:19.104] RX< [RTMP] slow send frame 654 len=16705 dt=62ms
[22:12:19.104] RX< [7] [cam] [487093][me0][me_core_thread:359]ME out fid 900
[22:12:19.104] RX< [RTMP] slow send frame 661 len=59448 dt=105ms (IDR)
[22:12:19.104] RX< [RTMP] slow send frame 664 len=40063 dt=155ms
[22:12:19.104] RX< [RTMP] slow send frame 676 len
[22:12:19.606] RX< =15000 dt=59ms
[22:12:19.606] RX< [34m[AE] fid=930,exp=10070,adg=288,Y=4645,mtg=180,shg=100,bgbv=1483,iso=288,cnv2,hdr0
[22:12:19.606] RX< [0m[RTMP] slow send frame 691 len=60800 dt=160ms (IDR)
[22:12:19.606] RX< [RTMP] slow send frame 695 len=13989 dt=63ms
[22:12:19.606] RX< [7] [cam] [488103][me0][me_core_thread:359]ME out fid
[22:12:20.592] RX<  930
[22:12:20.592] RX< [RTMP] slow send frame 698 len=14612 dt=53ms
[22:12:20.592] RX< [34m[AE] fid=960,exp=13020,adg=300,Y=5045,mtg=180,shg=100,bgbv=1212,iso=300,cnv2,hdr0
[22:12:20.592] RX< [0m[34m[ME INTP]fid=960, shutter=13020, perf=2144(us), max=5372(us)!
[22:12:20.592] RX< [0m[7] [cam] [489093][me0][me_core_thread:359]M
[22:12:21.338] RX< E out fid 960
[22:12:21.338] RX< [34m[AE] fid=990,exp=9930,adg=300,Y=4675,mtg=180,shg=100,bgbv=1449,iso=300,cnv2,hdr0
[22:12:21.338] RX< [0m[34m[b_ae0 proc] perf=1046(us), max=1792(us)!
[22:12:21.338] RX< [0m[34m[awb0 proc] perf=3700(us), max=4186(us)!
[22:12:21.338] RX< [0m[RTMP] slow send frame 709 len=14735 dt=1418ms
[22:12:21.338] RX< [RT
[22:12:21.851] RX< MP] slow send frame 712 len=15347 dt=81ms
[22:12:21.851] RX< [RTMP] slow send frame 718 len=14838 dt=83ms
[22:12:21.851] RX< [7] [cam] [490093][me0][me_core_thread:359]ME out fid 990
[22:12:21.851] RX< [RTMP] f_index = 720, f_len = 14912
[22:12:21.851] RX< [RTMP] slow send frame 721 len=60926 dt=156ms (IDR)
[22:12:21.851] RX< [RTMP] slow send frame 
[22:12:22.587] RX< 722 len=19841 dt=68ms
[22:12:22.587] RX< [RTMP] slow send frame 726 len=14919 dt=125ms
[22:12:22.587] RX< [RTMP] slow send frame 727 len=14609 dt=143ms
[22:12:22.587] RX< [34m[AE] fid=1020,exp=10070,adg=294,Y=4625,mtg=180,shg=100,bgbv=1457,iso=294,cnv2,hdr0
[22:12:22.587] RX< [0m[RTMP] slow send frame 731 len=15445 dt=236ms
[22:12:22.587] RX< [RTM
[22:12:23.250] RX< P] slow send frame 733 len=15165 dt=83ms
[22:12:23.250] RX< [7] [cam] [491092][me0][me_core_thread:359]ME out fid 1020
[22:12:23.250] RX< [RTMP] slow send frame 734 len=15138 dt=56ms
[22:12:23.250] RX< [RTMP] slow send frame 737 len=14890 dt=141ms
[22:12:23.250] RX< [34m[AE] fid=1050,exp=10070,adg=294,Y=4605,mtg=180,shg=100,bgbv=
[22:12:24.254] RX< 1449,iso=294,cnv2,hdr0
[22:12:24.254] RX< [0m[7] [cam] [492092][me0][me_core_thread:359]ME out fid 1050
[22:12:24.254] RX< [34m[AE] fid=1080,exp=10070,adg=294,Y=4595,mtg=180,shg=100,bgbv=1445,iso=294,cnv2,hdr0
[22:12:24.254] RX< [0m[34m[b_ae0 proc] perf=1034(us), max=1128(us)!
[22:12:24.254] RX< [0m[34m[awb0 proc] perf=3886
[22:12:24.525] RX< (us), max=3903(us)!
[22:12:24.525] RX< [0m[RTMP] slow send frame 738 len=15388 dt=1427ms
[22:12:24.525] RX< [RTMP] slow send frame 740 len=14904 dt=54ms
[22:12:24.525] RX< [34m[ME INTP]fid=1080, shutter=10070, perf=6(us), max=7705(us)!
[22:12:24.525] RX< [0m[RTMP] slow send frame 741 len=15236 dt=104ms
[22:12:24.525] RX< [RTMP] slow send frame 74
[22:12:24.909] RX< 3 len=15231 dt=71ms
[22:12:24.909] RX< [7] [cam] [493092][me0][me_core_thread:359]ME out fid 1080
[22:12:24.909] RX< [RTMP] slow send frame 744 len=14952 dt=127ms
[22:12:24.909] RX< [RTMP] slow send frame 745 len=15139 dt=68ms
[22:12:24.909] RX< [RTMP] slow send frame 746 len=15214 dt=83ms
[22:12:24.909] RX< [RTMP] slow send frame 748 len=15062 dt=6
[22:12:25.538] RX< 2ms
[22:12:25.538] RX< [RTMP] slow send frame 750 len=15192 dt=67ms
[22:12:25.538] RX< [34m[AE] fid=1110,exp=10070,adg=294,Y=4628,mtg=180,shg=100,bgbv=1457,iso=294,cnv2,hdr0
[22:12:25.538] RX< [0m[RTMP] slow send frame 751 len=61014 dt=328ms (IDR)
[22:12:25.538] RX< [RTMP] slow send frame 752 len=19615 dt=56ms
[22:12:25.538] RX< [RTMP] slow send f
[22:12:26.249] RX< rame 753 len=11557 dt=132ms
[22:12:26.249] RX< [7] [cam] [494092][me0][me_core_thread:359]ME out fid 1110
[22:12:26.249] RX< [RTMP] slow send frame 755 len=13816 dt=55ms
[22:12:26.249] RX< [RTMP] slow send frame 759 len=14747 dt=84ms
[22:12:26.249] RX< [34m[AE] fid=1140,exp=10070,adg=294,Y=4674,mtg=180,shg=100,bgbv=1469,iso=294,c
[22:12:27.253] RX< nv2,hdr0
[22:12:27.253] RX< [0m[7] [cam] [495092][me0][me_core_thread:359]ME out fid 1140
[22:12:27.253] RX< [34m[AE] fid=1170,exp=10030,adg=294,Y=4675,mtg=180,shg=100,bgbv=1476,iso=294,cnv2,hdr0
[22:12:27.253] RX< [0m[34m[b_ae0 proc] perf=984(us), max=1130(us)!
[22:12:27.253] RX< [0m[34m[awb0 proc] perf=3771(us), max=3913(
[22:12:27.758] RX< us)!
[22:12:27.758] RX< [0m[RTMP] slow send frame 760 len=15128 dt=1465ms
[22:12:27.758] RX< [RTMP] dropped 450 p-frames (backlog 51%)
[22:12:27.758] RX< [RTMP] slow send frame 769 len=14965 dt=58ms
[22:12:27.758] RX< [RTMP] slow send frame 770 len=15321 dt=54ms
[22:12:27.758] RX< [7] [cam] [496092][me0][me_core_thread:359]ME out fid 1170
[22:12:27.758] RX< [RTMP] sl
[22:12:28.297] RX< ow send frame 781 len=61147 dt=129ms (IDR)
[22:12:28.297] RX< [RTMP] slow send frame 782 len=20370 dt=58ms
[22:12:28.297] RX< [RTMP] slow send frame 793 len=9991 dt=120ms
[22:12:28.297] RX< [34m[AE] fid=1200,exp=10000,adg=294,Y=4675,mtg=180,shg=100,bgbv=1476,iso=294,cnv2,hdr0
[22:12:28.297] RX< [0m[RTMP] slow send frame 794 len=
[22:12:29.249] RX< 15356 dt=125ms
[22:12:29.249] RX< [34m[ME INTP]fid=1200, shutter=10000, perf=237(us), max=354(us)!
[22:12:29.249] RX< [0m[RTMP] slow send frame 797 len=16105 dt=135ms
[22:12:29.249] RX< [7] [cam] [497092][me0][me_core_thread:359]ME out fid 1200
[22:12:29.249] RX< [34m[AE] fid=1230,exp=10000,adg=294,Y=4689,mtg=180,shg=100,bgbv=1
[22:12:29.792] RX< 480,iso=294,cnv2,hdr0
[22:12:29.792] RX< [0m[RTMP] slow send frame 802 len=15416 dt=860ms
[22:12:29.792] RX< [RTMP] f_index = 810, f_len = 6848
[22:12:29.792] RX< [7] [cam] [498091][me0][me_core_thread:359]ME out fid 1230
[22:12:29.792] RX< [RTMP] slow send frame 811 len=60740 dt=434ms (IDR)
[22:12:29.792] RX< [RTMP] dropped 480 p-frames (backlog 5
[22:12:30.589] RX< 3%)
[22:12:30.589] RX< [34m[AE] fid=1260,exp=10000,adg=294,Y=4688,mtg=180,shg=100,bgbv=1480,iso=294,cnv2,hdr0
[22:12:30.589] RX< [0m[34m[b_ae0 proc] perf=1025(us), max=1147(us)!
[22:12:30.589] RX< [0m[34m[awb0 proc] perf=3894(us), max=3915(us)!
[22:12:30.589] RX< [0m[7] [cam] [499091][me0][me_core_thread:359]ME out fid 1260
[22:12:32.348] RX< 
[22:12:32.348] RX< [34m[AE] fid=1290,exp=10000,adg=294,Y=4679,mtg=180,shg=100,bgbv=1476,iso=294,cnv2,hdr0
[22:12:32.348] RX< [0m[7] [cam] [500091][me0][me_core_thread:359]ME out fid 1290
[22:12:32.348] RX< [34m[AE] fid=1320,exp=10000,adg=294,Y=4670,mtg=180,shg=100,bgbv=1473,iso=294,cnv2,hdr0
[22:12:32.348] RX< [0m[34m[ME INT
[22:12:33.252] RX< P]fid=1320, shutter=10000, perf=6(us), max=354(us)!
[22:12:33.252] RX< [0m[7] [cam] [501091][me0][me_core_thread:359]ME out fid 1320
[22:12:33.252] RX< [34m[AE] fid=1350,exp=10000,adg=294,Y=4644,mtg=180,shg=100,bgbv=1465,iso=294,cnv2,hdr0
[22:12:33.252] RX< [0m[34m[b_ae0 proc] perf=1037(us), max=1149(us)!
[22:12:33.252] RX< 
[22:12:34.042] RX< [0m[34m[awb0 proc] perf=3885(us), max=3911(us)!
[22:12:34.042] RX< [0m[RTMP] slow send frame 841 len=61739 dt=3565ms (IDR)
[22:12:34.042] RX< [RTMP] dropped 510 p-frames (backlog 84%)
[22:12:34.042] RX< [7] [cam] [502091][me0][me_core_thread:359]ME out fid 1350
[22:12:34.042] RX< [RTMP] slow send frame 871 len=60085 dt=677ms (ID
[22:12:34.248] RX< R)
[22:12:34.248] RX< [RTMP] dropped 540 p-frames (backlog 83%)
[22:12:34.248] RX< [RTMP] f_index = 900, f_len = 6895
[22:12:34.248] RX< [RTMP] slow send frame 901 len=59595 dt=127ms (IDR)
[22:12:34.248] RX< [RTMP] dropped 570 p-frames (backlog 80%)
[22:12:34.248] RX< [34m[AE] fid=1380,exp=10030,adg=294,Y=4630,mtg=180,shg=100,bgbv=1461,iso=294,cnv2
[22:12:35.600] RX< ,hdr0
[22:12:35.600] RX< [0m[RTMP] slow send frame 931 len=94804 dt=218ms (IDR)
[22:12:35.600] RX< [RTMP] dropped 600 p-frames (backlog 74%)
[22:12:35.600] RX< [7] [cam] [503091][me0][me_core_thread:359]ME out fid 1380
[22:12:35.600] RX< [34m[AE] fid=1410,exp=10030,adg=294,Y=4616,mtg=180,shg=100,bgbv=1457,iso=294,cnv2,hdr0
[22:12:35.600] RX< [0m[
[22:12:36.252] RX< 7] [cam] [504091][me0][me_core_thread:359]ME out fid 1410
[22:12:36.252] RX< [RTMP] slow send frame 961 len=41944 dt=1457ms (IDR)
[22:12:36.252] RX< [RTMP] dropped 630 p-frames (backlog 75%)
[22:12:36.252] RX< [RTMP] f_index = 990, f_len = 17769
[22:12:36.252] RX< [34m[AE] fid=1440,exp=10070,adg=294,Y=4632,mtg=180,shg=100,bgbv=14
[22:12:36.534] RX< 57,iso=294,cnv2,hdr0
[22:12:36.534] RX< [0m[34m[b_ae0 proc] perf=981(us), max=1163(us)!
[22:12:36.534] RX< [0m[34m[awb0 proc] perf=3775(us), max=3912(us)!
[22:12:36.534] RX< [0m[34m[ME INTP]fid=1440, shutter=10070, perf=6(us), max=284(us)!
[22:12:36.534] RX< [0m[RTMP] slow send frame 991 len=61237 dt=610ms (IDR)
[22:12:36.534] RX< [RTMP] dro
[22:12:36.952] RX< pped 660 p-frames (backlog 73%)
[22:12:36.952] RX< [7] [cam] [505091][me0][me_core_thread:359]ME out fid 1440
[22:12:36.952] RX< [RTMP] slow send frame 1021 len=64063 dt=171ms (IDR)
[22:12:36.952] RX< [RTMP] dropped 690 p-frames (backlog 70%)
[22:12:36.952] RX< [RTMP] slow send frame 1051 len=64081 dt=221ms (IDR)
[22:12:36.952] RX< [RTMP] dropped 72
[22:12:37.247] RX< 0 p-frames (backlog 67%)
[22:12:37.247] RX< [RTMP] f_index = 1080, f_len = 14645
[22:12:37.247] RX< [RTMP] slow send frame 1081 len=64205 dt=106ms (IDR)
[22:12:37.247] RX< [RTMP] dropped 750 p-frames (backlog 64%)
[22:12:37.247] RX< [RTMP] slow send frame 1111 len=63564 dt=118ms (IDR)
[22:12:37.247] RX< [RTMP] dropped 780 p-frames (backlog 61%)
[22:12:37.247] RX< [34
[22:12:37.543] RX< m[AE] fid=1470,exp=10070,adg=294,Y=4630,mtg=180,shg=100,bgbv=1457,iso=294,cnv2,hdr0
[22:12:37.543] RX< [0m[RTMP] slow send frame 1141 len=63767 dt=126ms (IDR)
[22:12:37.543] RX< [RTMP] dropped 810 p-frames (backlog 58%)
[22:12:37.543] RX< [RTMP] f_index = 1170, f_len = 16416
[22:12:37.543] RX< [RTMP] slow send frame 1171 len=6349
[22:12:37.826] RX< 5 dt=218ms (IDR)
[22:12:37.826] RX< [RTMP] dropped 840 p-frames (backlog 55%)
[22:12:37.826] RX< [7] [cam] [506090][me0][me_core_thread:359]ME out fid 1470
[22:12:37.826] RX< [RTMP] slow send frame 1201 len=63282 dt=157ms (IDR)
[22:12:37.826] RX< [RTMP] dropped 870 p-frames (backlog 52%)
[22:12:37.826] RX< [RTMP] slow send frame 1231 len=63020 dt=94
[22:12:38.247] RX< ms (IDR)
[22:12:38.247] RX< [RTMP] slow send frame 1244 len=14617 dt=52ms
[22:12:38.247] RX< [RTMP] slow send frame 1247 len=15556 dt=101ms
[22:12:38.247] RX< [RTMP] slow send frame 1250 len=13094 dt=55ms
[22:12:38.247] RX< [RTMP] slow send frame 1253 len=15316 dt=59ms
[22:12:38.247] RX< [34m[AE] fid=1500,exp=10070,adg=294,Y=4635,mtg=180,shg=100,bg
[22:12:38.856] RX< bv=1457,iso=294,cnv2,hdr0
[22:12:38.856] RX< [0m[RTMP] f_index = 1260, f_len = 14444
[22:12:38.856] RX< [RTMP] slow send frame 1261 len=63673 dt=180ms (IDR)
[22:12:38.856] RX< [7] [cam] [507090][me0][me_core_thread:359]ME out fid 1500
[22:12:38.856] RX< [RTMP] slow send frame 1262 len=20761 dt=135ms
[22:12:38.856] RX< [RTMP] slow send frame 1270 le
[22:12:39.252] RX< n=14439 dt=54ms
[22:12:39.252] RX< [RTMP] slow send frame 1272 len=15097 dt=69ms
[22:12:39.252] RX< [RTMP] slow send frame 1275 len=16336 dt=83ms
[22:12:39.252] RX< [RTMP] slow send frame 1280 len=14366 dt=63ms
[22:12:39.252] RX< [34m[AE] fid=1530,exp=10070,adg=294,Y=4638,mtg=180,shg=100,bgbv=1461,iso=294,cnv2,hdr0
[22:12:39.252] RX< [0m[34m[b_ae
[22:12:39.748] RX< 0 proc] perf=968(us), max=1117(us)!
[22:12:39.748] RX< [0m[34m[awb0 proc] perf=3898(us), max=4105(us)!
[22:12:39.748] RX< [0m[RTMP] slow send frame 1282 len=15819 dt=54ms
[22:12:39.748] RX< [RTMP] slow send frame 1291 len=63493 dt=127ms (IDR)
[22:12:39.748] RX< [7] [cam] [508090][me0][me_core_thread:359]ME out fid 1530
[22:12:39.748] RX< [RTMP] 
[22:12:40.380] RX< slow send frame 1299 len=10535 dt=75ms
[22:12:40.380] RX< [34m[AE] fid=1560,exp=10070,adg=294,Y=4648,mtg=180,shg=100,bgbv=1461,iso=294,cnv2,hdr0
[22:12:40.380] RX< [0m[RTMP] slow send frame 1321 len=63767 dt=127ms (IDR)
[22:12:40.380] RX< [34m[ME INTP]fid=1560, shutter=10070, perf=6(us), max=285(us)!
[22:12:40.380] RX< [0m[RTM
[22:12:41.020] RX< P] slow send frame 1322 len=21880 dt=84ms
[22:12:41.020] RX< [RTMP] slow send frame 1323 len=8423 dt=114ms
[22:12:41.020] RX< [RTMP] slow send frame 1324 len=19045 dt=61ms
[22:12:41.020] RX< [7] [cam] [509094][me0][me_core_thread:359]ME out fid 1560
[22:12:41.020] RX< [RTMP] slow send frame 1336 len=15075 dt=78ms
[22:12:41.020] RX< [RTMP] slow send 
[22:12:41.310] RX< frame 1342 len=13229 dt=115ms
[22:12:41.310] RX< [RTMP] slow send frame 1345 len=10542 dt=60ms
[22:12:41.310] RX< [RTMP] f_index = 1350, f_len = 16392
[22:12:41.310] RX< [34m[AE] fid=1590,exp=10070,adg=294,Y=4660,mtg=180,shg=100,bgbv=1465,iso=294,cnv2,hdr0
[22:12:41.310] RX< [0m[RTMP] slow send frame 1351 len=63718 dt=172ms (IDR
[22:12:42.251] RX< )
[22:12:42.251] RX< [7] [cam] [510090][me0][me_core_thread:359]ME out fid 1590
[22:12:42.251] RX< [RTMP] slow send frame 1381 len=63979 dt=76ms (IDR)
[22:12:42.251] RX< [34m[AE] fid=1620,exp=10030,adg=294,Y=4664,mtg=180,shg=100,bgbv=1473,iso=294,cnv2,hdr0
[22:12:42.251] RX< [0m[34m[b_ae0 proc] perf=1031(us), max=1741(us)!
[22:12:42.251] RX< [0
[22:12:43.036] RX< m[34m[awb0 proc] perf=3889(us), max=4443(us)!
[22:12:43.036] RX< [0m[RTMP] slow send frame 1411 len=64095 dt=89ms (IDR)
[22:12:43.036] RX< [7] [cam] [511090][me0][me_core_thread:359]ME out fid 1620
[22:12:43.036] RX< [RTMP] slow send frame 1423 len=16581 dt=59ms
[22:12:43.036] RX< [RTMP] slow send frame 1425 len=16285 dt=216ms
[22:12:43.036] RX< [
[22:12:43.278] RX< RTMP] slow send frame 1430 len=10800 dt=130ms
[22:12:43.278] RX< [RTMP] slow send frame 1439 len=7009 dt=55ms
[22:12:43.278] RX< [RTMP] f_index = 1440, f_len = 16904
[22:12:43.278] RX< [34m[AE] fid=1650,exp=10030,adg=294,Y=4686,mtg=180,shg=100,bgbv=1476,iso=294,cnv2,hdr0
[22:12:43.278] RX< [0m[RTMP] slow send frame 1441 len=6377
[22:12:44.347] RX< 4 dt=59ms (IDR)
[22:12:44.347] RX< [RTMP] slow send frame 1448 len=10939 dt=79ms
[22:12:44.347] RX< [7] [cam] [512090][me0][me_core_thread:359]ME out fid 1650
[22:12:44.347] RX< [34m[AE] fid=1680,exp=10000,adg=294,Y=4680,mtg=180,shg=100,bgbv=1476,iso=294,cnv2,hdr0
[22:12:44.347] RX< [0m[34m[ME INTP]fid=1680, shutter=10000, perf
