[03:12:15.232] [INFO] VX100 EVB 自动化测试启动，运行时间戳: 20260817_031215
[03:12:15.232] [INFO] 启用模块: ['wifi_join', 'rtmp']
[03:12:15.233] [INFO] 开始自动探测 EVB 串口，候选端口 ['/dev/ttyUSB0']，候选波特率 [2000000, 250000, 115200, 921600]
[03:12:15.233] [DEBUG] 探测 /dev/ttyUSB0 @ 2000000 ...
[03:12:17.543] [INFO]   命中 EVB 指纹: /dev/ttyUSB0 @ 2000000
[03:12:17.543] [INFO] 探测到 EVB: /dev/ttyUSB0 @ 2000000
[03:12:17.545] [INFO] 串口已打开: /dev/ttyUSB0 @ 2000000 bps
[03:12:19.546] [INFO] EVB 已就绪
[03:12:21.548] [DEBUG] 串口自检通过
[03:12:21.548] [INFO] 预清理板子状态...
[03:12:28.571] [INFO] 本次执行模块顺序: ['wifi_join', 'rtmp']
[03:12:28.571] >>> 执行模块: wifi_join
[03:12:58.773] [FAIL] wifi_join (0ms) - 连接失败或未获取 IP (G-Demo)
[03:12:58.773] [SKIP] rtmp (0ms) - 依赖模块未通过: ['wifi_join']
[03:12:58.815] ==================================================
[03:12:58.815] 测试完成：共 2 项 | 通过 0 | 失败 1 | 跳过 1 | 错误 0 | 通过率 0.0% | 总耗时 0.0s
[03:12:58.815] ==================================================
[03:12:58.815] [INFO]   json 报告: reports/20260817_031215/result.json
[03:12:58.815] [INFO]   junit 报告: reports/20260817_031215/junit.xml
[03:12:58.815] [INFO]   html 报告: reports/20260817_031215/report.html
[03:12:59.588] [DEBUG] 串口已关闭
