[03:12:17.545] TX> 
[03:12:18.546] TX> 
[03:12:19.546] RX< 
[03:12:19.546] RX< msh />
[03:12:19.546] RX< msh />
[03:12:19.748] TX> echo "EVBTEST_HELLO"
[03:12:19.748] TX> echo "__EVBTEST_END_556a97cf__"
[03:12:21.548] RX< echo "EVBTEST_HELLO"
[03:12:21.548] RX< EVBTEST_HELLO
[03:12:21.548] RX< msh />echo "__EVBTEST_END_556a97cf__"
[03:12:21.548] RX< __EVBTEST_END_556a97cf__
[03:12:21.548] RX< msh />
[03:12:21.750] TX> cd /
[03:12:21.750] TX> echo "__EVBTEST_END_d2987600__"
[03:12:23.549] RX< cd /
[03:12:23.549] RX< msh />echo "__EVBTEST_END_d2987600__"
[03:12:23.549] RX< __EVBTEST_END_d2987600__
[03:12:23.549] RX< msh />
[03:12:23.750] TX> dfs_video_stop
[03:12:23.750] TX> echo "__EVBTEST_END_989b96d2__"
[03:12:25.551] RX< dfs_video_stop
[03:12:25.551] RX< [6] [App Dfs] Please start recording the video first.
[03:12:25.551] RX< msh />echo "__EVBTEST_END_989b96d2__"
[03:12:25.551] RX< __EVBTEST_END_989b96d2__
[03:12:25.551] RX< msh />
[03:12:25.752] TX> ftp_server
[03:12:25.752] TX> echo "__EVBTEST_END_722d4331__"
[03:12:27.552] RX< ftp_server
[03:12:27.552] RX< 
[03:12:27.552] RX< [FTP] Ftp server init success!!!
[03:12:27.552] RX< msh />echo "__EVBTEST_END_722d4331__"
[03:12:27.552] RX< __EVBTEST_END_722d4331__
[03:12:27.552] RX< msh />
[03:12:28.772] TX> wifi join G-Demo Gdemo@123
[03:12:28.772] TX> echo "__EVBTEST_END_2c237496__"
[03:12:29.553] RX< wifi join G-Demo Gdemo@123
[03:12:31.554] RX< [32m[I/ftp] service launched success.[0m
[03:12:31.554] RX< [33m[W/WLAN.mgnt] F:rt_wlan_connect L:935 not find ap! ssid:G-Demo,info.ssid.len=6[0m
[03:12:31.554] RX< msh />echo "__EVBTEST_END_2c237496__"
[03:12:31.554] RX< __EVBTEST_END_2c237496__
[03:12:31.554] RX< msh />
