[23:19:21.184] TX> 
[23:19:22.186] TX> 
[23:19:23.185] RX< 
[23:19:23.185] RX< msh />
[23:19:23.185] RX< msh />
[23:19:23.388] TX> echo "EVBTEST_HELLO"
[23:19:23.388] TX> echo "__EVBTEST_END_ebe67a97__"
[23:19:25.187] RX< echo "EVBTEST_HELLO"
[23:19:25.187] RX< EVBTEST_HELLO
[23:19:25.187] RX< msh />echo "__EVBTEST_END_ebe67a97__"
[23:19:25.187] RX< __EVBTEST_END_ebe67a97__
[23:19:25.187] RX< msh />
[23:19:25.391] TX> cd /
[23:19:25.391] TX> echo "__EVBTEST_END_3b1a3255__"
[23:19:27.190] RX< cd /
[23:19:27.190] RX< msh />echo "__EVBTEST_END_3b1a3255__"
[23:19:27.190] RX< __EVBTEST_END_3b1a3255__
[23:19:27.190] RX< msh />
[23:19:27.393] TX> dfs_video_stop
[23:19:27.393] TX> echo "__EVBTEST_END_7c9fe8f8__"
[23:19:29.192] RX< dfs_video_stop
[23:19:29.192] RX< [6] [App Dfs] Please start recording the video first.
[23:19:29.192] RX< msh />echo "__EVBTEST_END_7c9fe8f8__"
[23:19:29.192] RX< __EVBTEST_END_7c9fe8f8__
[23:19:29.192] RX< msh />
[23:19:33.000] TX> wifi join SW-test-2.4G tuf@3600
[23:19:33.000] TX> echo "__EVBTEST_END_0bdc4e7e__"
[23:19:33.196] RX< wifi join SW-test-2.4G tuf@3600
[23:19:39.202] RX< [32m[I/WLAN.mgnt] wifi connect success ssid:SW-test-2.4G[0m
[23:19:39.202] RX< msh />echo "__EVBTEST_END_0bdc4e7e__"
[23:19:39.202] RX< __EVBTEST_END_0bdc4e7e__
[23:19:39.202] RX< msh />
[23:19:41.203] RX< [32m[I/WLAN.lwip] Got IP address : 192.168.1.101[0m
[23:19:46.215] RX< ifconfig
[23:19:46.215] RX< network interface device: w0 (Default)
[23:19:46.215] RX< MTU: 1500
[23:19:46.215] RX< MAC: 8c ea 12 ba a8 2c 
[23:19:46.215] RX< FLAGS: UP LINK_UP INTERNET_DOWN DHCP_ENABLE ETHARP BROADCAST IGMP
[23:19:46.215] RX< ip address: 192.168.1.101
[23:19:46.215] RX< gw address: 192.168.1.3
[23:19:46.215] RX< net mask  : 255.255.255.0
[23:19:46.215] RX< dns server #0: 192.168.1.3
[23:19:46.230] RX< dns server #1: 0.0.0.0
[23:19:46.230] RX< 
[23:19:46.230] RX< network interface device: w1
[23:19:46.230] RX< MTU: 1500
[23:19:46.230] RX< MAC: 8e ea 12 ba a8 2c 
[23:19:46.230] RX< FLAGS: UP LINK_DOWN INTERNET_DOWN DHCP_ENABLE ETHARP BROADCAST IGMP
[23:19:46.230] RX< ip address: 0.0.0.0
[23:19:46.230] RX< gw address: 0.0.0.0
[23:19:46.230] RX< net mask  : 0.0.0.0
[23:19:46.230] RX< dns server #0: 192.168.1.3
[23:19:46.230] RX< dns serv
[23:19:46.413] TX> ifconfig
[23:19:46.413] TX> echo "__EVBTEST_END_29a669c1__"
[23:19:48.232] RX< er #1: 0.0.0.0
[23:19:48.232] RX< msh />echo "__EVBTEST_END_29a669c1__"
[23:19:48.232] RX< __EVBTEST_END_29a669c1__
[23:19:48.232] RX< msh />
[23:19:48.437] TX> cd /emmc
[23:19:48.437] TX> echo "__EVBTEST_END_7157d277__"
[23:19:50.235] RX< cd /emmc
[23:19:50.235] RX< msh /emmc>echo "__EVBTEST_END_7157d277__"
[23:19:50.235] RX< __EVBTEST_END_7157d277__
[23:19:50.235] RX< msh /emmc>
[23:19:50.439] TX> ftp_server
[23:19:50.439] TX> echo "__EVBTEST_END_aec99ccf__"
[23:19:52.237] RX< ftp_server
[23:19:52.237] RX< 
[23:19:52.237] RX< [FTP] Ftp server init success!!!
[23:19:52.237] RX< msh /emmc>echo "__EVBTEST_END_aec99ccf__"
[23:19:52.237] RX< __EVBTEST_END_aec99ccf__
[23:19:52.237] RX< msh /emmc>
[23:19:56.241] RX< [32m[I/ftp] service launched success.[0m
[23:19:56.973] TX> cam_set photo auto
[23:19:56.973] TX> echo "__EVBTEST_END_8d99ba23__"
[23:19:58.243] RX< cam_set photo auto
[23:19:58.243] RX< [6] [App Dfs] auto mode
[23:19:58.243] RX< msh /emmc>echo "__EVBTEST_END_8d99ba23__"
[23:19:58.243] RX< __EVBTEST_END_8d99ba23__
[23:19:58.243] RX< msh /emmc>
[23:19:59.258] RX< dfs_capture_start
[23:19:59.258] RX< [7] [cam] [41051][tshell][cgm_parse_bin:104]total logical camera num: 1
[23:19:59.258] RX< [6] [cam] [41051][tshell][cam_prelude_create:187]E id, 0
[23:19:59.258] RX< [7] [cam] [41052][cpl0][cam_prelude_proc_routine:101]thread start
[23:19:59.258] RX< [6] [cam] [41052][tshell][cam_prelude_crea
[23:19:59.260] RX< te:214]X ctx size 132 addr 0x884b9758
[23:19:59.260] RX< [6] [cam] [41056][tshell][sensor_probe:418]sensor [1]: identifing 0 success.
[23:19:59.260] RX< [6] [cam] [41056][tshell][sensor_probe:441]sensor [1]: probe exit!
[23:19:59.260] RX< [6] [cam] [41056][tshell][cam_prelude_fast_probe:251]cam: 0 probe result
[23:19:59.261] RX< : 0
[23:19:59.261] RX< [6] [cam] [41057][tshell][cgm_parse_bin:218]cam(0) probe success
[23:19:59.261] RX< [6] [cam] [41057][tshell][cam_entry:455]entry ok
[23:19:59.261] RX< [34m[cam entry] perf=6433(us)!
[23:19:59.261] RX< [0m[6] [App Cam] cam entry success
[23:19:59.261] RX< [7] [cam] [41058][tshell][cam_solve_layout:350][mLayout] param OK, s
[23:19:59.263] RX< cen1 iw4032 ih3024 ow4032 oh3024 gdc 0x0
[23:19:59.263] RX< [36m[mLayout] scen01 in=4032x3024,out=3024x4032 meRot1 stripe1 gdcOn0
[23:19:59.263] RX< [0m[36m[mLayout] scen00 20entries solved status=OK retry=0 rtmp=enabled (cursor0=0x8a02d090 cursor1=0x89417400, ch0/1/2 cnt=7/2/1)
[23:19:59.263] RX< [0m[7] [
[23:19:59.263] RX< cam] [41060][tshell][cam_solve_layout:377]
[23:19:59.263] RX< [mLayout] out vol 0x8c000000 rBuf 0x8ab00000 sz 0x1500000 wBuf 0x8a03da80 sz 0x100000
[23:19:59.263] RX< [7] [cam] [41060][tshell][cam_solve_layout:394]Solve scen1 capType4 layout Done!
[23:19:59.263] RX< [6] [cam] [41061][tshell][cgm_parse_media_par
[23:19:59.266] RX< a:274]phy cam num: 1
[23:19:59.266] RX< [7] [cam] [41061][cer0][cer_recovery_proc:343]thread start cid, 0
[23:19:59.266] RX< [6] [cam] [41061][tshell][csc_open:499]SENSOR MCLK cal: 24MHz
[23:19:59.266] RX< [6] [cam] [41062][tshell][csc_isp_clk_cal:344]MIPI CLK cal: 346MHz
[23:19:59.266] RX< [6] [cam] [41062][tshell][csc_isp_clk_
[23:19:59.266] RX< cal:374]LITE CLK cal: 28MHz
[23:19:59.266] RX< [7] [cam] [41062][tshell][cpc_csi_rx_power_on:633]E id: 2
[23:19:59.266] RX< [4] [cam] [41063][tshell][cpc_csi_rx_power_on:644]csi_2 has already power on, STATUS: 1
[23:19:59.266] RX< [6] [cam] [41063][tshell][cpc_update_clock:603]actual SNS mclk: 24MHz
[23:19:59.266] RX< [6] [cam] 
[23:19:59.272] RX< [41064][tshell][cpc_update_clock:608]actual MIPI0: 500MHz
[23:19:59.272] RX< [6] [cam] [41064][tshell][cpc_update_clock:598]actual LITE clk: 50MHz
[23:19:59.272] RX< [7] [cam] [41065][tshell][cam_prelude_open:297][34msnsOpen camID1 csiID0 phyIdx0[0m
[23:19:59.272] RX< [6] [cam] [41068][tshell][sensor_expo_gai
[23:19:59.272] RX< n_match:48]sensor get sensor expo gain of imx681_vst
[23:19:59.272] RX< [6] [cam] [41068][tshell][sensor_open:684]sensor [1] open OK.
[23:19:59.272] RX< [6] [cam] [41069][tshell][cam_cpm_parse_media:275]photo scenario, media para[mfnr:0, hdr:0, capture_num:0]
[23:19:59.272] RX< [6] [cam] [41069][tshell][cam_cpm
[23:19:59.275] RX< _parse_media:278]photo scenario, media para[iso:0, gain:0, wb_mode:0]
[23:19:59.275] RX< [6] [cam] [41070][tshell][csc_isp_clk_cal:355]FE CLK cal: 426MHz, ME CLK cal: 462MHz, FE/ME CLK cal: 508MHz
[23:19:59.275] RX< [6] [cam] [41070][tshell][csc_isp_clk_cal:364]BE CLK cal: 401MHz
[23:19:59.275] RX< [4] [cam] [
[23:19:59.275] RX< 41071][tshell][cam_fe_core_power_on:269]fe pipe has already power on, STATUS: 1
[23:19:59.275] RX< [6] [cam] [41071][tshell][cpc_update_clock:588]actual FE/ME clk: 550MHz
[23:19:59.275] RX< [4] [cam] [41072][tshell][cam_be_core_power_on:1028]be pipe has already power on, STATUS: 1
[23:19:59.275] RX< [6] [cam] [
[23:19:59.278] RX< 41072][tshell][cpc_update_clock:593]actual BE clk: 500MHz
[23:19:59.278] RX< [7] [cam] [41073][tshell][cam_cpm_core_power_on:435]id,0 type,1 ret 0
[23:19:59.278] RX< [6] [cam] [41073][tshell][cam_cpm_core_init:1017]E id,0 sensor type,1
[23:19:59.278] RX< [6] [cam] [41075][tshell][cpm_core_check_tuningbin:957]T
[23:19:59.278] RX< uning bin crc check PASS! sum 0xfa5abf97, xor 0x6a6c89c1
[23:19:59.278] RX< [6] [cam] [41075][tshell][qpc_tuning_check_iqbin_validness:396]IQ bin addr: 0x8869de60, project_name: capture_12M
[23:19:59.278] RX< [6] [cam] [41076][tshell][qpc_tuning_check_iqbin_validness:397]total_size: 108928
[23:19:59.278] RX< [6
[23:19:59.281] RX< ] [cam] [41076][tshell][qpc_tuning_check_iqbin_validness:398]id_count: 93. ID_TOTAL: 94
[23:19:59.281] RX< [6] [cam] [41077][tshell][qpc_tuning_check_iqbin_validness:399]spinel tuning data ver: V1.30
[23:19:59.281] RX< [6] [cam] [41077][tshell][cpm_core_check_tuningbin:971]IQ bin check succes
[23:19:59.281] RX< s!
[23:19:59.281] RX< [6] [cam] [41078][tshell][cam_bm_core_init:94]E
[23:19:59.281] RX< [6] [cam] [41078][tshell][bm_lab_init:174]X ctx size 4 addr 0x884a96b8
[23:19:59.281] RX< [6] [cam] [41078][tshell][cam_bm_core_init:114]X ctx size 180 addr 0x884db930
[23:19:59.281] RX< [6] [cam] [41078][tshell][qpc_core_init:1299]E id,0
[23:19:59.281] RX< [
[23:19:59.288] RX< 6] [cam] [41079][tshell][qpc_queue_init:65]QPC init qnodes 8, size 508, pool 0x884dbf10
[23:19:59.288] RX< [6] [cam] [41079][tshell][_qpc_get_cap_cfg_para:900]preset capCfg 200 3 5
[23:19:59.288] RX< [7] [cam] [41080][tshell][_qpc_cfg_hdr_frms:848]hdr preset - gainThres 1600
[23:19:59.288] RX< FrmNB:	TNR	|EV-	|
[23:19:59.288] RX< EV0	|EV+
[23:19:59.288] RX< LDR:	 0	| 1	| -	| 5
[23:19:59.288] RX< LLLDR:	 0	| 1	| -	| 5
[23:19:59.288] RX< HDR:	 0	| 1	| 5	| 3
[23:19:59.288] RX< LLHDR:	 0	| 1	| 5	| 3
[23:19:59.288] RX< 
[23:19:59.288] RX< [6] [cam] [41085][tshell][qpc_core_init:1347]X ctx size 1288 addr 0x884db9f8
[23:19:59.288] RX< [6] [cam] [41085][tshell][cpm_core_get_param:764]cpm para chk: tunBin-w 4000 h 3000 i
[23:19:59.293] RX< mg-w 4032 h 3024
[23:19:59.293] RX< [6] [cam] [41086][tshell][cam_fe_core_init:436]E id,0
[23:19:59.293] RX< [6] [cam] [41086][tshell][cam_fe_core_init:490]X ctx size 96 addr 0x884ecc50
[23:19:59.293] RX< [7] [cam] [41087][tshell][qpc_core_fe_chords_init:1763][34mqpc fe init snsOut w 4032 h 3024, tbl w 28 h 2
[23:19:59.293] RX< 0[0m
[23:19:59.293] RX< [6] [cam] [41087][tshell][cam_me_core_init:1523]X ctx size 1352 addr 0x884ef000
[23:19:59.293] RX< [34m[ME SLICE CFG] perf=1515(us)!
[23:19:59.293] RX< [0m[6] [cam] [41090][tshell][cam_bayer_fe_3a_stats_core_init:445]fe 3a id,0
[23:19:59.293] RX< [6] [cam] [41090][tshell][cam_bayer_fe_3a_stats_core_init
[23:19:59.295] RX< :490]X ctx size 132 addr 0x884f7a20
[23:19:59.295] RX< [6] [cam] [41091][tshell][cam_be_core_init:621]E id,0
[23:19:59.295] RX< [7] [cam] [41091][be0][be_core_irq_proc:270]thread start cid,0
[23:19:59.295] RX< [6] [cam] [41092][tshell][cam_be_core_init:716]X ctx size 472 addr 0x884f7db0
[23:19:59.295] RX< [6] [cam] [41092][tshel
[23:19:59.295] RX< l][cam_lite_core_init:433]E id,0
[23:19:59.295] RX< [7] [cam] [41093][lite0][lite_core_irq_proc:152]thread start cid,0
[23:19:59.295] RX< [6] [cam] [41093][tshell][cam_lite_core_init:497]X ctx size 164 addr 0x884fa800
[23:19:59.295] RX< [6] [cam] [41093][tshell][awb_wrapper_init:66]xxx awb_bin=0x884de5fc, awb_
[23:19:59.300] RX< bin_length=8068
[23:19:59.300] RX< [6] [cam] [41094][tshell][awb_wrapper_init:86]X algo_handle 0x88502848
[23:19:59.300] RX< [7] [cam] [41094][awb0][a5_core_wrapper_task:252]thread start cid,0 algo type,2
[23:19:59.300] RX< [6] [cam] [41094][tshell][a5_core_init_task:426]thread created: awb0 mq=0x88504908 threa
[23:19:59.300] RX< d=0x88504a20 sem=0x88504898 ret=0
[23:19:59.300] RX< [6] [cam] [41095][tshell][bayer_ae_wrapper_init:68]E id,0 proc mode 1 
[23:19:59.300] RX< 
[23:19:59.300] RX< [AEC Proc] @[allib_ae_set_debug_log_flag] Line:129:[DEBUG] debug level/to_file/to_terminal: 22/1/1
[23:19:59.300] RX< [AEC Proc] @[AeInit] Line:377:[INFO] AE ver: 2026_
[23:19:59.302] RX< V2.269
[23:19:59.302] RX< 
[23:19:59.302] RX< [AEC Proc] @[allib_ae_loadfunc] Line:193:[INFO] camera ID: 0
[23:19:59.302] RX< [AEC Proc] @[AeInit] Line:404:[DEBUG] init imu detector sucessed!
[23:19:59.302] RX< [AEC Proc] @[AeInit] Line:406:[DEBUG] imu init errcode:0
[23:19:59.302] RX< [AEC Proc] @[alAE_set_param] Line:576:[DEBUG] sw_maxtime 33044
[23:19:59.302] RX<  ,pertline 9444, after check sensor step sw_max_time 33039.00
[23:19:59.302] RX< [AEC Proc] @[alAE_set_param] Line:581:[DEBUG] sw_mintime 37 ,pertline 9444, after check sensor step sw_min_time 36.00
[23:19:59.302] RX< [AEC Proc] @[alAE_set_param] Line:514:[DEBUG] DEBUG minbv exptime 9 gain 10
[23:19:59.305] RX< 0, minExpBV 14098
[23:19:59.305] RX< [AEC Proc] @[AeTuningParseSet] Line:167:[DEBUG] aeparam version 2.268 60818
[23:19:59.305] RX< [AEC Proc] @[alAE_set_param] Line:341:[DEBUG] INITEXP gain 100, shutter 8000, midtonegain 100, bv 4303
[23:19:59.305] RX< [6] [cam] [41102][tshell][bayer_ae_wrapper_init:119]X tli
[23:19:59.306] RX< ne 9444 max_exp 33044 alg_hdl 0x885071d0 
[23:19:59.306] RX< [7] [cam] [41102][b_ae0][a5_core_wrapper_task:252]thread start cid,0 algo type,0
[23:19:59.306] RX< [6] [cam] [41103][tshell][a5_core_init_task:426]thread created: b_ae0 mq=0x8850e0f0 thread=0x8850e208 sem=0x8850e080 ret=0
[23:19:59.306] RX< [6] [cam]
[23:19:59.308] RX<  [41103][tshell][atf_wrapper_init:67]E id,0
[23:19:59.308] RX< [6] [cam] [41104][tshell][atf_wrapper_init:107]X alg_ctx addr 0x885106c8
[23:19:59.308] RX< [7] [cam] [41104][atf0][a5_core_wrapper_task:252]thread start cid,0 algo type,1
[23:19:59.308] RX< [6] [cam] [41105][tshell][a5_core_init_task:426]thread cr
[23:19:59.308] RX< eated: atf0 mq=0x88512a20 thread=0x88512b38 sem=0x885129b0 ret=0
[23:19:59.308] RX< [6] [cam] [41105][tshell][cam_cpm_core_init:1149]X ctx size 1096 addr 0x884db4d8
[23:19:59.308] RX< [6] [cam] [41106][tshell][csc_open:599]ok! phys_id[1], phys_num[1] 
[23:19:59.308] RX< [6] [cam] [41106][tshell][cam_open:738]op
[23:19:59.316] RX< en ok! camera_id[0]
[23:19:59.316] RX< [34m[cam open] perf=49055(us)!
[23:19:59.316] RX< [0m[6] [App Cam] cam open success
[23:19:59.316] RX< [6] [cam] [41113][tshell][csc_init:722]sensor info:size:4032x3024, formt: 0x2b, bps: 2496, tline: 9444
[23:19:59.316] RX< [6] [cam] [41113][tshell][cam_sif_mgr_init:261]E id,0
[23:19:59.316] RX< [7] [cam]
[23:19:59.317] RX<  [41114][sif0][sif_irq_proc:151]thread start cid,0
[23:19:59.317] RX< [6] [cam] [41114][tshell][cam_sif_mgr_init:293]X ctx size 52 addr 0x8852bc20
[23:19:59.317] RX< [7] [cam] [41114][tshell][sif_btm_paramSet:102]btm lite w4032 h3024 binEn1 binRatio2
[23:19:59.317] RX< [7] [cam] [41114][tshell][sif_btm_paramSet
[23:19:59.321] RX< :106]cropSlct2 x0 y0 w4032 h4032
[23:19:59.321] RX< [6] [cam] [41115][tshell][cam_prelude_init_cfg:368]CSI ID is 0,  phy lanes is 2.
[23:19:59.321] RX< [7] [cam] [41115][tshell][check_phy_ready:96]MIPI_PHY[0] is ready
[23:19:59.321] RX< [6] [cam] [41116][tshell][sensor_init:348]sensor [1]: register ok
[23:19:59.321] RX< [6] [cam
[23:19:59.328] RX< ] [41116][tshell][sensor_set_mode:887]sensor [1]: SetMode -> mode = 0.
[23:19:59.328] RX< [6] [cam] [41117][tshell][sensor_send_reg_tab_to_sensor:705]sensor [1]: send_reg_tab_to_sensor E.
[23:19:59.328] RX< [6] [cam] [41120][tshell][sensor_send_reg_tab_to_sensor:751]sensor [1]: reg_count = 77
[23:19:59.328] RX< .
[23:19:59.328] RX< [6] [cam] [41120][tshell][sensor_init:361]sensor [1]: init success.
[23:19:59.328] RX< [6] [cam] [41121][tshell][sensor_set_mode:887]sensor [1]: SetMode -> mode = 1.
[23:19:59.328] RX< [6] [cam] [41121][tshell][sensor_send_reg_tab_to_sensor:705]sensor [1]: send_reg_tab_to_sensor E.
[23:19:59.328] RX< [6] [cam
[23:19:59.330] RX< ] [41125][tshell][sensor_send_reg_tab_to_sensor:751]sensor [1]: reg_count = 84.
[23:19:59.330] RX< [6] [cam] [41125][tshell][csc_init:731]ok! phys_id[1], phys_num[1]
[23:19:59.330] RX< [6] [cam] [41126][tshell][csc_get_bayer_single_buffer:1148]scenario_type: 1
[23:19:59.330] RX< [6] [cam] [41126][tshell][csc_se
[23:19:59.330] RX< t_stats_fmt:98]index 0 w 1 h 1 bw 8 wcmp 255
[23:19:59.330] RX< [7] [cam] [41127][tshell][bm_ioctl:201]BMIOC_STATS_FMT
[23:19:59.330] RX< [6] [cam] [41127][tshell][csc_set_fe_fmt:47]index 1 w 4032 h 3024 bw 10 wcmp 0
[23:19:59.330] RX< [7] [cam] [41128][tshell][bm_ioctl:201]BMIOC_FE_FMT
[23:19:59.330] RX< [6] [cam] [41128][tshel
[23:19:59.333] RX< l][csc_set_lite_fmt:115]index 2 w 1008 h 720 bw 8 wcmp 255
[23:19:59.333] RX< [7] [cam] [41128][tshell][bm_ioctl:201]BMIOC_LITE_FMT
[23:19:59.333] RX< [6] [cam] [41128][tshell][csc_set_lite_fmt:115]index 21 w 1008 h 720 bw 8 wcmp 255
[23:19:59.333] RX< [7] [cam] [41129][tshell][bm_ioctl:201]BMIOC_LITE_FMT
[23:19:59.333] RX< [6] 
[23:19:59.333] RX< [cam] [41129][tshell][csc_set_be_fmt:81]index 25 w 0 h 0 bw 8 wcmp 255
[23:19:59.333] RX< [7] [cam] [41130][tshell][bm_ioctl:201]BMIOC_BE_FMT
[23:19:59.333] RX< [6] [cam] [41130][tshell][csc_set_be_fmt:81]index 22 w 480 h 360 bw 8 wcmp 255
[23:19:59.333] RX< [7] [cam] [41131][tshell][bm_ioctl:201]BMIOC_BE_FMT
[23:19:59.336] RX< [6] [cam] [41131][tshell][csc_set_me_fmt:64]index 5 w 3024 h 4032 bw 10 wcmp 0, rdma_addr 0x8945f400, wdma_addr 0x8945f400
[23:19:59.336] RX< [7] [cam] [41132][tshell][bm_ioctl:201]BMIOC_ME_FMT
[23:19:59.336] RX< [6] [cam] [41132][tshell][csc_set_me_fmt:64]index 6 w 3024 h 4032 bw 8 wcmp 255,
[23:19:59.336] RX<  rdma_addr 0x8a247700, wdma_addr 0x8c000000
[23:19:59.336] RX< [6] [cam] [41133][tshell][cam_me_core_buffer_cfg:1416]
[23:19:59.336] RX< ----ME PIPE INFO---
[23:19:59.336] RX<  wdma_buf_num:1, rotation_en: 1
[23:19:59.336] RX< [7] [cam] [41133][tshell][cam_me_core_buffer_cfg:1424]yuv wdma_addr 0:0x8c000000, meta_en: 0, 0x00000000
[23:19:59.338] RX< 
[23:19:59.338] RX< [7] [cam] [41134][tshell][bm_ioctl:201]BMIOC_ME_FMT
[23:19:59.338] RX< [6] [cam] [41134][tshell][csc_init:739]get otp ok! phys_id[1], phys_num[1]
[23:19:59.338] RX< [6] [cam] [41134][tshell][cam_init:828]init ok! logic_id[0]
[23:19:59.338] RX< [34m[cam init] perf=21794(us)!
[23:19:59.338] RX< [0m[6] [App Cam] cam init succes
[23:19:59.338] RX< s
[23:19:59.338] RX< [7] [cam] [41135][tshell][cam_cpm_core_stream_on:560]id 0 sensor type 1
[23:19:59.338] RX< [6] [cam] [41136][tshell][sensor_stream_on:1024]sensor [1]: stream_on
[23:19:59.338] RX< [6] [cam] [41136][tshell][sensor_stream_on:1052]sensor [1]: REG: 0x100, W:0x1.
[23:19:59.338] RX< [6] [cam] [41136][tshell][senso
[23:19:59.356] RX< r_stream_on:1054]sensor [1]: REG: 0x100, R:0x1.
[23:19:59.356] RX< [6] [cam] [41137][tshell][csc_prv_start:873]ok! phys_id[1], phys_num[1], cam_ids[1]
[23:19:59.356] RX< [6] [cam] [41137][tshell][cam_start:938]preview start ok! logic_id[0]
[23:19:59.356] RX< [34m[cam start] perf=2327(us)!
[23:19:59.356] RX< [0m[6] [App Cam] ca
[23:19:59.357] RX< m start success
[23:19:59.357] RX< [6] [App Dfs] Gravity_XR Capture Start
[23:19:59.357] RX< msh /emmc>echo "__EVBTES[7] [cam] [41139][b_3a_sts][bayer_stats_core_irq_proc:164]thread start cid,0
[23:19:59.357] RX< [7] [cam] [41139][fe0][fe_core_irq_proc:98]thread start cid,0
[23:19:59.357] RX< T_END_054c8c18__"
[23:19:59.357] RX< __EVBTEST_END_054c8
[23:19:59.447] TX> dfs_capture_start
[23:19:59.447] TX> echo "__EVBTEST_END_054c8c18__"
[23:19:59.864] RX< c18__
[23:19:59.864] RX< msh /emmc>[34m[AE] fid=0,exp=11376,adg=400,Y=1168,mtg=100,shg=100,bgbv=1864,iso=400,cnv0,hdr0
[23:19:59.864] RX< [0m[34m[b_ae0 proc] perf=2750(us), max=2750(us)!
[23:19:59.864] RX< [0m[34m[awb0 proc] perf=1328(us), max=1328(us)!
[23:19:59.864] RX< [0m[34m[AE conv] fid=14,exp=13797,adg=400,Y=5858,mt
[23:19:59.864] RX< g=534,shg=100,bgbv=1585,iso=400,cnv1,hdr1
[23:19:59.864] RX< [0m[7] [cam] [41643][fe0][_qpc_hdr_rslt_chk:1668]
[23:19:59.864] RX< ALG: EV0 t13797 g400 | EV+ t13797 g400 | EV- t9450 g100
[23:19:59.864] RX< [6] [cam] [41644][fe0][qpc_core_hdr_mapExp_cfg:1736]evMapExp set OK, typ:2 1 FF num:5 1 0
[23:19:59.864] RX< [34m[cap] FE s
[23:19:59.943] RX< ync ME @fid14 as mod2 cfg0x01, cap 6frms @fid+2
[23:19:59.943] RX< [0m[7] [cam] [41647][qpc0][qpc_core_hdr_upd_sensor:559][HDRupd]: Sns cap-0 EV:0->2 st-13797 ag-400
[23:19:59.943] RX< [7] [cam] [41693][qpc0][qpc_core_hdr_upd_me:613][HDRupd] ME cap-0 EV:0->2, dg-100
[23:19:59.943] RX< [7] [JPEG] frame num=6, p
[23:19:59.959] RX< re frame=1106830 Bytes
[23:19:59.959] RX< [exif] oFrm 0 evP 0 evM -241 bv 1586 exp 13797 iso 400 time 41699
[23:19:59.959] RX< [6] [cam] [41713][fe0][_cpm_cb_jpegInfo_proc:618]SnapStream E @ frm17!
[23:19:59.959] RX< [6] [cam] [41726][me0][cpm_cb_fe2me_tikChk:152]frm_length 33329us, fe2me delta 15
[23:19:59.959] RX< [32m[BE] fid
[23:20:00.097] RX< =0, perf=5524(us), max=5524(us)!
[23:20:00.097] RX< [0m[34m[cap] fid: me0 fe18, perf=621663(us)!
[23:20:00.097] RX< [0m[7] [cam] [41759][me0][me_core_thread:359]ME out fid 0
[23:20:00.097] RX< [7] [cam] [41818][qpc0][qpc_core_hdr_upd_sensor:559][HDRupd]: Sns cap-5 EV:2->1 st-9450 ag-100
[23:20:00.097] RX< [exif] oFrm 5 evP 0 e
[23:20:01.336] RX< vM -241 bv 1586 exp 9450 iso 100 time 41870
[23:20:01.336] RX< [6] [cam] [41913][fe0][_cpm_cb_jpegInfo_proc:626]SnapStream X @ frm23!
[23:20:01.336] RX< [34m[cap] fid: me5 fe23, perf=29892(us)!
[23:20:01.336] RX< [0m[34m[AE] fid=30,exp=33039,adg=1600,Y=6304,mtg=350,shg=100,bgbv=-2983,iso=3957,cnv1,hdr1
[23:20:01.336] RX< [0m[6
[23:20:01.337] RX< ] [App Dfs] Gravity_XR Capture Stop Success: total frames = 6
[23:20:01.337] RX< [6] [cam] [43133][DfsSend][sensor_stream_off:1188]sensor [1]: stream_off
[23:20:01.337] RX< [6] [cam] [43133][DfsSend][sensor_stream_off:1217]sensor [1]: REG: 0x100, W:0x0.
[23:20:01.337] RX< [6] [cam] [43133][DfsSend][sensor_strea
[23:20:01.339] RX< m_off:1219]sensor [1]: REG: 0x100, R:0x0.
[23:20:01.339] RX< [6] [cam] [43134][DfsSend][csc_prv_stop:983]ok! phys_id[1], phys_num[1], stop_type = 0
[23:20:01.339] RX< [6] [cam] [43134][DfsSend][cam_stop:1058]preview stop ok! logic_id[0]
[23:20:01.339] RX< [34m[cam stop] perf=2369(us)!
[23:20:01.339] RX< [0m[6] [App Cam] cam st
[23:20:01.339] RX< op success
[23:20:01.339] RX< [7] [cam] [43135][DfsSend][cam_cpm_core_power_off:467]id,0 type,1 ret 0
[23:20:01.339] RX< [6] [cam] [43135][sif0][sif_irq_proc:174]thread release cid,0
[23:20:01.339] RX< [6] [cam] [43136][DfsSend][cam_sif_mgr_deinit:316]X
[23:20:01.339] RX< [6] [cam] [43136][DfsSend][cam_deinit:887]deinit ok! logi
[23:20:01.342] RX< c_id[0]
[23:20:01.342] RX< [34m[cam deinit] perf=1399(us)!
[23:20:01.342] RX< [0m[6] [App Cam] cam deinit success
[23:20:01.342] RX< [6] [cam] [43137][DfsSend][sensor_close:1292]sensor [1]: close!
[23:20:01.342] RX< [6] [cam] [43138][DfsSend][cam_bm_core_deinit:136]X
[23:20:01.342] RX< [INFO]	cpm[0] snsType1 capMod2 cfg0x01 6frms
[23:20:01.342] RX< [6] [cam] [431
[23:20:01.342] RX< 38][be0][be_core_irq_proc:329]thread release cid,0
[23:20:01.342] RX< [6] [cam] [43138][DfsSend][cam_be_core_deinit:793]X
[23:20:01.342] RX< [6] [cam] [43139][me0][me_core_thread:404]thread release cid,0
[23:20:01.342] RX< [6] [cam] [43139][DfsSend][cam_me_core_deinit:1551]X
[23:20:01.342] RX< [6] [cam] [43139][fe0][fe_core_irq_
[23:20:01.344] RX< proc:121]thread release cid,0
[23:20:01.344] RX< [6] [cam] [43140][DfsSend][cam_fe_core_deinit:536]X
[23:20:01.344] RX< [6] [cam] [43140][b_3a_sts][bayer_stats_core_irq_proc:193]thread release cid,0
[23:20:01.344] RX< [6] [cam] [43140][DfsSend][cam_bayer_stats_core_deinit:512]X
[23:20:01.344] RX< [6] [cam] [43141][lite0][lite_co
[23:20:01.344] RX< re_irq_proc:190]thread release cid,0
[23:20:01.344] RX< [6] [cam] [43141][DfsSend][cam_lite_core_deinit:556]X
[23:20:01.344] RX< [6] [cam] [43141][b_ae0][a5_core_wrapper_task:315]thread release cid,0,algo,0
[23:20:01.344] RX< [6] [cam] [43142][DfsSend][bayer_ae_wrapper_deinit:204]X
[23:20:01.344] RX< [6] [cam] [43142][atf0][a5_c
[23:20:01.347] RX< ore_wrapper_task:315]thread release cid,0,algo,1
[23:20:01.347] RX< [6] [cam] [43142][DfsSend][atf_wrapper_deinit:153]X
[23:20:01.347] RX< [6] [cam] [43143][awb0][a5_core_wrapper_task:315]thread release cid,0,algo,2
[23:20:01.347] RX< [6] [cam] [43143][DfsSend][awb_wrapper_deinit:153]X
[23:20:01.347] RX< [6] [cam] [43144][DfsSen
[23:20:01.347] RX< d][cam_5a_core_deinit:555]X
[23:20:01.347] RX< [6] [cam] [43144][DfsSend][cam_5a_inf_deinit:149]X
[23:20:01.347] RX< [6] [cam] [43144][qpc0][qpc_core_msg_proc:705]thread release cid,0
[23:20:01.347] RX< [6] [cam] [43144][DfsSend][qpc_core_deinit:1413]X
[23:20:01.347] RX< [6] [cam] [43145][DfsSend][cam_cpm_core_deinit:1248]X
[23:20:01.347] RX< [6] 
[23:20:01.356] RX< [cam] [43145][DfsSend][csc_close:656]ok! phys_id[1], phys_num[1]
[23:20:01.356] RX< [7] [cam] [43146][cer0][cer_recovery_proc:352]msg type = 254
[23:20:01.356] RX< [6] [cam] [43146][cer0][cer_recovery_proc:454]thread release cid,0
[23:20:01.356] RX< [6] [cam] [43146][DfsSend][cer_deinit:560]X
[23:20:01.356] RX< [6] [cam] [43146]
[23:20:01.356] RX< [DfsSend][cam_close:789]close ok! logic_id[0]
[23:20:01.356] RX< [34m[cam close] perf=9854(us)!
[23:20:01.356] RX< [0m[6] [App Cam] cam close success
[23:20:01.356] RX< [6] [cam] [43147][cpl0][cam_prelude_proc_routine:136]thread release
[23:20:01.356] RX< [6] [cam] [43147][DfsSend][cam_exit:571]exit ok!
[23:20:01.356] RX< [34m[cam exit] perf=6
[23:20:03.358] RX< 44(us)!
[23:20:03.358] RX< [0m[6] [App Cam] cam exit success
[23:20:03.358] RX< [6] [App Cam] jpeg deinit success
[23:20:03.358] RX< [6] [App Dfs] Save Photo Successful: /emmc/PIC/20260101_000041_1138/
[23:20:03.358] RX< [6] [App Dfs] Capture completed successfully.
[23:20:06.572] TX> cam_set video 1080p
[23:20:06.572] TX> echo "__EVBTEST_END_4ae3ded2__"
[23:20:07.362] RX< cam_set video 1080p
[23:20:07.362] RX< [6] [App Dfs] w(1920) * h(1080) is 1080p, eis 1
[23:20:07.362] RX< msh /emmc>echo "__EVBTEST_END_4ae3ded2__"
[23:20:07.362] RX< __EVBTEST_END_4ae3ded2__
[23:20:07.362] RX< msh /emmc>
[23:20:07.529] RX< dfs_video_start
[23:20:07.529] RX< [7] [cam] [49321][tshell][cgm_parse_bin:104]total logical camera num: 1
[23:20:07.529] RX< [6] [cam] [49321][tshell][cam_prelude_create:187]E id, 0
[23:20:07.529] RX< [7] [cam] [49321][cpl0][cam_prelude_proc_routine:101]thread start
[23:20:07.529] RX< [6] [cam] [49321][tshell][cam_prelude_create
[23:20:07.529] RX< :214]X ctx size 132 addr 0x884de898
[23:20:07.529] RX< [6] [cam] [49326][tshell][sensor_probe:418]sensor [1]: identifing 0 success.
[23:20:07.529] RX< [6] [cam] [49327][tshell][sensor_probe:441]sensor [1]: probe exit!
[23:20:07.529] RX< [6] [cam] [49327][tshell][cam_prelude_fast_probe:251]cam: 0 probe result: 0
[23:20:07.531] RX< 
[23:20:07.531] RX< [6] [cam] [49327][tshell][cgm_parse_bin:218]cam(0) probe success
[23:20:07.531] RX< [6] [cam] [49327][tshell][cam_entry:455]entry ok
[23:20:07.531] RX< [34m[cam entry] perf=7380(us)!
[23:20:07.531] RX< [0m[6] [App Cam] cam entry success
[23:20:07.531] RX< [7] [cam] [49328][tshell][cam_solve_layout:350][mLayout] param OK, sce
[23:20:07.534] RX< n3 iw4032 ih2268 ow1920 oh1080 gdc 0x1
[23:20:07.534] RX< [36m[mLayout] scen03 in=4032x2268,out=1920x1080 meRot1 stripe0 gdcOn1
[23:20:07.534] RX< [0m[36m[mLayout] scen03 14entries solved status=OK retry=0 rtmp=enabled (cursor0=0x8a00f210 cursor1=0x88e20aa0, ch0/1/2 cnt=5/3/1)
[23:20:07.534] RX< [0m[7] [cam
[23:20:07.534] RX< ] [49329][tshell][cam_solve_layout:377]
[23:20:07.534] RX< [mLayout] out vol 0x8c000000 rBuf 0x8a5e5400 sz 0xd00000 wBuf 0x89700000 sz 0x900000
[23:20:07.534] RX<           rtmp tBuf 0x8a10f210 sz 0x80000 aBuf 0x8a08f210 sz 0x80000
[23:20:07.534] RX<        alg EIS buf 0x8a00f210
[23:20:07.534] RX< [7] [cam] [49331][tshell][cam
[23:20:07.537] RX< _solve_layout:397]Solve Scen3 layout Done!
[23:20:07.537] RX< [6] [cam] [49332][tshell][cgm_parse_media_para:274]phy cam num: 1
[23:20:07.537] RX< [7] [cam] [49332][cer0][cer_recovery_proc:343]thread start cid, 0
[23:20:07.537] RX< [6] [cam] [49332][tshell][csc_open:499]SENSOR MCLK cal: 24MHz
[23:20:07.537] RX< [6] [cam] [49333]
[23:20:07.537] RX< [tshell][csc_isp_clk_cal:344]MIPI CLK cal: 277MHz
[23:20:07.537] RX< [6] [cam] [49333][tshell][csc_isp_clk_cal:374]LITE CLK cal: 25MHz
[23:20:07.537] RX< [7] [cam] [49334][tshell][cpc_csi_rx_power_on:633]E id: 2
[23:20:07.537] RX< [4] [cam] [49334][tshell][cpc_csi_rx_power_on:644]csi_2 has already power on, STA
[23:20:07.543] RX< TUS: 1
[23:20:07.543] RX< [6] [cam] [49334][tshell][cpc_update_clock:603]actual SNS mclk: 24MHz
[23:20:07.543] RX< [6] [cam] [49335][tshell][cpc_update_clock:608]actual MIPI0: 300MHz
[23:20:07.543] RX< [6] [cam] [49335][tshell][cpc_update_clock:598]actual LITE clk: 25MHz
[23:20:07.543] RX< [7] [cam] [49335][tshell][cam_prelude_o
[23:20:07.543] RX< pen:297][34msnsOpen camID1 csiID0 phyIdx0[0m
[23:20:07.543] RX< [6] [cam] [49340][tshell][sensor_expo_gain_match:48]sensor get sensor expo gain of imx681_vst
[23:20:07.543] RX< [6] [cam] [49340][tshell][sensor_open:684]sensor [1] open OK.
[23:20:07.543] RX< [6] [cam] [49340][tshell][cam_cpm_parse_media:295]v
[23:20:07.545] RX< ideo scenario:3, media para[fps:0, mirror_en:0, flip_en:0]
[23:20:07.545] RX< [6] [cam] [49340][tshell][cam_cpm_parse_media:298]video scenario, media para[iso:0, gain:0, wb_mode:0]
[23:20:07.545] RX< [6] [cam] [49341][tshell][csc_isp_clk_cal:355]FE CLK cal: 373MHz, ME CLK cal: 371MHz, FE/ME C
[23:20:07.546] RX< LK cal: 410MHz
[23:20:07.546] RX< [6] [cam] [49342][tshell][csc_isp_clk_cal:364]BE CLK cal: 301MHz
[23:20:07.546] RX< [4] [cam] [49342][tshell][cam_fe_core_power_on:269]fe pipe has already power on, STATUS: 1
[23:20:07.546] RX< [6] [cam] [49343][tshell][cpc_update_clock:588]actual FE/ME clk: 500MHz
[23:20:07.546] RX< [4] [cam] [
[23:20:07.549] RX< 49343][tshell][cam_be_core_power_on:1028]be pipe has already power on, STATUS: 1
[23:20:07.549] RX< [6] [cam] [49344][tshell][cpc_update_clock:593]actual BE clk: 500MHz
[23:20:07.549] RX< [7] [cam] [49344][tshell][cam_cpm_core_power_on:435]id,0 type,1 ret 0
[23:20:07.549] RX< [6] [cam] [49344][tshell][cam_cpm_c
[23:20:07.549] RX< ore_init:1017]E id,0 sensor type,1
[23:20:07.549] RX< [6] [cam] [49346][tshell][cpm_core_check_tuningbin:957]Tuning bin crc check PASS! sum 0x17a5964, xor 0x87e82682
[23:20:07.549] RX< [6] [cam] [49346][tshell][qpc_tuning_check_iqbin_validness:396]IQ bin addr: 0x88646660, project_name: video_
[23:20:07.552] RX< 3M
[23:20:07.552] RX< [6] [cam] [49347][tshell][qpc_tuning_check_iqbin_validness:397]total_size: 94400
[23:20:07.552] RX< [6] [cam] [49347][tshell][qpc_tuning_check_iqbin_validness:398]id_count: 93. ID_TOTAL: 94
[23:20:07.552] RX< [6] [cam] [49348][tshell][qpc_tuning_check_iqbin_validness:399]spinel tuning dat
[23:20:07.552] RX< a ver: V1.30
[23:20:07.552] RX< [6] [cam] [49348][tshell][cpm_core_check_tuningbin:971]IQ bin check success!
[23:20:07.552] RX< [6] [cam] [49349][tshell][cam_bm_core_init:94]E
[23:20:07.552] RX< [6] [cam] [49349][tshell][bm_lab_init:174]X ctx size 4 addr 0x884b98d0
[23:20:07.552] RX< [6] [cam] [49349][tshell][cam_bm_core_init:11
[23:20:07.565] TX> dfs_video_start
[23:20:07.565] TX> echo "__EVBTEST_END_26e8af20__"
[23:20:07.566] RX< 4]X ctx size 180 addr 0x884c2678
[23:20:07.566] RX< [6] [cam] [49350][tshell][qpc_core_init:1299]E id,0
[23:20:07.566] RX< [6] [cam] [49350][tshell][qpc_queue_init:65]QPC init qnodes 8, size 508, pool 0x884df638
[23:20:07.566] RX< [7] [cam] [49350][tshell][_qpc_get_cap_cfg_para:896][fallback]preset capCfg 200 0
[23:20:07.566] RX<  0 invalid, use default
[23:20:07.566] RX< [7] [cam] [49351][tshell][_qpc_cfg_hdr_frms:840][fallback]preset hdrCfg 0 0 0 0 0 invalid, use default
[23:20:07.566] RX< [6] [cam] [49363][tshell][qpc_core_init:1347]X ctx size 1288 addr 0x884c2740
[23:20:07.566] RX< [6] [cam] [49363][tshell][cpm_core_get_param:764]cp
[23:20:07.569] RX< m para chk: tunBin-w 4032 h 2266 img-w 4032 h 2268
[23:20:07.569] RX< [6] [cam] [49364][tshell][cam_fe_core_init:436]E id,0
[23:20:07.569] RX< [6] [cam] [49364][tshell][cam_fe_core_init:490]X ctx size 96 addr 0x884c33f0
[23:20:07.569] RX< [7] [cam] [49365][tshell][qpc_core_fe_chords_init:1763][34mqpc fe init 
[23:20:07.570] RX< snsOut w 4032 h 2268, tbl w 28 h 20[0m
[23:20:07.570] RX< [6] [cam] [49365][tshell][cam_me_core_init:1523]X ctx size 1352 addr 0x884f1b28
[23:20:07.570] RX< [34m[ME SLICE CFG] perf=464(us)!
[23:20:07.570] RX< [0m[6] [cam] [49367][tshell][cam_bayer_fe_3a_stats_core_init:445]fe 3a id,0
[23:20:07.570] RX< [6] [cam] [49367][tshel
[23:20:07.572] RX< l][cam_bayer_fe_3a_stats_core_init:490]X ctx size 132 addr 0x884fa548
[23:20:07.572] RX< [6] [cam] [49367][tshell][cam_be_core_init:621]E id,0
[23:20:07.572] RX< [7] [cam] [49368][be0][be_core_irq_proc:270]thread start cid,0
[23:20:07.572] RX< [6] [cam] [49368][tshell][cam_be_core_init:716]X ctx size 472 addr 0
[23:20:07.572] RX< x884fa8d8
[23:20:07.572] RX< [6] [cam] [49369][tshell][awb_wrapper_init:66]xxx awb_bin=0x884e18fc, awb_bin_length=8068
[23:20:07.572] RX< [6] [cam] [49369][tshell][awb_wrapper_init:86]X algo_handle 0x88501800
[23:20:07.572] RX< [7] [cam] [49370][awb0][a5_core_wrapper_task:252]thread start cid,0 algo type,2
[23:20:07.572] RX< [6]
[23:20:07.576] RX<  [cam] [49370][tshell][a5_core_init_task:426]thread created: awb0 mq=0x885038c0 thread=0x885039d8 sem=0x88503850 ret=0
[23:20:07.576] RX< [6] [cam] [49371][tshell][bayer_ae_wrapper_init:68]E id,0 proc mode 0 
[23:20:07.576] RX< 
[23:20:07.576] RX< [AEC Proc] @[allib_ae_set_debug_log_flag] Line:129:[DEBUG] debug
[23:20:07.577] RX<  level/to_file/to_terminal: 22/1/1
[23:20:07.577] RX< [AEC Proc] @[AeInit] Line:377:[INFO] AE ver: 2026_V2.269
[23:20:07.577] RX< 
[23:20:07.577] RX< [AEC Proc] @[allib_ae_loadfunc] Line:193:[INFO] camera ID: 0
[23:20:07.577] RX< [AEC Proc] @[alAE_set_param] Line:576:[DEBUG] sw_maxtime 33004 ,pertline 10800, after check sensor st
[23:20:07.579] RX< ep sw_max_time 33000.00
[23:20:07.579] RX< [AEC Proc] @[alAE_set_param] Line:581:[DEBUG] sw_mintime 43 ,pertline 10800, after check sensor step sw_min_time 40.00
[23:20:07.579] RX< [AEC Proc] @[alAE_set_param] Line:514:[DEBUG] DEBUG minbv exptime 11 gain 100, minExpBV 13810
[23:20:07.579] RX< [AEC Proc] @[AeTu
[23:20:07.579] RX< ningParseSet] Line:167:[DEBUG] aeparam version 2.268 60803
[23:20:07.579] RX< [AEC Proc] @[alAE_set_param] Line:341:[DEBUG] INITEXP gain 100, shutter 33242, midtonegain 100, bv 2247
[23:20:07.579] RX< [6] [cam] [49377][tshell][bayer_ae_wrapper_init:119]X tline 10800 max_exp 33004 alg_hdl 0x88
[23:20:07.582] RX< 506188 
[23:20:07.582] RX< [7] [cam] [49377][b_ae0][a5_core_wrapper_task:252]thread start cid,0 algo type,0
[23:20:07.582] RX< [6] [cam] [49378][tshell][a5_core_init_task:426]thread created: b_ae0 mq=0x88507238 thread=0x88507350 sem=0x885071c8 ret=0
[23:20:07.582] RX< [6] [cam] [49378][tshell][atf_wrapper_init:
[23:20:07.582] RX< 67]E id,0
[23:20:07.582] RX< [6] [cam] [49379][tshell][atf_wrapper_init:107]X alg_ctx addr 0x88507728
[23:20:07.582] RX< [7] [cam] [49379][atf0][a5_core_wrapper_task:252]thread start cid,0 algo type,1
[23:20:07.582] RX< [6] [cam] [49380][tshell][a5_core_init_task:426]thread created: atf0 mq=0x88507860 thread=0
[23:20:07.593] RX< x88507978 sem=0x885077f0 ret=0
[23:20:07.593] RX< [6] [cam] [49380][tshell][cam_cpm_core_init:1101]GDC enabled: video_eis=1, photo_warp=0
[23:20:07.593] RX< [6] [cam] [49389][tshell][cam_dewarp_init:333]table reg: enable:1, blockw:5, inw:1296, inh:2304, mapw:61, maph:35, outw:1920, outh:1080
[23:20:07.593] RX< [6] [cam] [49389][tshell][cam_dewarp_init:354]dewarp init: real-IMU consumer registered, reader=0x88507c78
[23:20:07.593] RX< [6] [cam] [49390][dwp0][dewarp_thread_entry:164]dewarp thread start, id=0
[23:20:07.593] RX< [6] [cam] [49390][tshell][cam_dewarp_init:379]EIS: dewarp init ok: dwp0 ei
[23:20:07.600] RX< s_ctx=0x8a00f210 table_size=12810 reg=61x35x5
[23:20:07.600] RX< [6] [cam] [49391][tshell][cam_cpm_core_init:1131]EIS: dewarp enabled, eis_ctx=0x8a00f210, eis_cfg=0x884c25c4
[23:20:07.600] RX< [6] [cam] [49391][tshell][cam_cpm_core_init:1149]X ctx size 1096 addr 0x884c2220
[23:20:07.600] RX< [6] [cam] [49392][
[23:20:07.600] RX< tshell][csc_open:599]ok! phys_id[1], phys_num[1] 
[23:20:07.600] RX< [6] [cam] [49392][tshell][cam_open:738]open ok! camera_id[0]
[23:20:07.600] RX< [34m[cam open] perf=64741(us)!
[23:20:07.600] RX< [0m[6] [App Cam] cam open success
[23:20:07.600] RX< [6] [cam] [49398][tshell][csc_init:722]sensor info:size:4032x2268, formt: 0x
[23:20:07.603] RX< 2b, bps: 1968, tline: 10800
[23:20:07.603] RX< [6] [cam] [49398][tshell][cam_sif_mgr_init:261]E id,0
[23:20:07.603] RX< [7] [cam] [49399][sif0][sif_irq_proc:151]thread start cid,0
[23:20:07.603] RX< [6] [cam] [49399][tshell][cam_sif_mgr_init:293]X ctx size 52 addr 0x885446a8
[23:20:07.603] RX< [6] [cam] [49400][tshell][cam_prelu
[23:20:07.603] RX< de_init_cfg:368]CSI ID is 0,  phy lanes is 2.
[23:20:07.603] RX< [7] [cam] [49400][tshell][check_phy_ready:96]MIPI_PHY[0] is ready
[23:20:07.603] RX< [6] [cam] [49401][tshell][sensor_init:348]sensor [1]: register ok
[23:20:07.603] RX< [6] [cam] [49401][tshell][sensor_set_mode:887]sensor [1]: SetMode -> mode = 0
[23:20:07.611] RX< .
[23:20:07.611] RX< [6] [cam] [49401][tshell][sensor_send_reg_tab_to_sensor:705]sensor [1]: send_reg_tab_to_sensor E.
[23:20:07.611] RX< [6] [cam] [49405][tshell][sensor_send_reg_tab_to_sensor:751]sensor [1]: reg_count = 77.
[23:20:07.611] RX< [6] [cam] [49405][tshell][sensor_init:361]sensor [1]: init success.
[23:20:07.614] RX< 
[23:20:07.614] RX< [6] [cam] [49405][tshell][sensor_set_mode:887]sensor [1]: SetMode -> mode = 3.
[23:20:07.614] RX< [6] [cam] [49406][tshell][sensor_send_reg_tab_to_sensor:705]sensor [1]: send_reg_tab_to_sensor E.
[23:20:07.614] RX< [6] [cam] [49410][tshell][sensor_send_reg_tab_to_sensor:751]sensor [1]: reg_c
[23:20:07.614] RX< ount = 83.
[23:20:07.614] RX< [6] [cam] [49410][tshell][csc_init:731]ok! phys_id[1], phys_num[1]
[23:20:07.614] RX< [6] [cam] [49410][tshell][csc_get_bayer_single_buffer:1148]scenario_type: 3
[23:20:07.614] RX< [6] [cam] [49411][tshell][csc_set_stats_fmt:98]index 0 w 1 h 1 bw 8 wcmp 255
[23:20:07.614] RX< [7] [cam] [49411][tshel
[23:20:07.617] RX< l][bm_ioctl:201]BMIOC_STATS_FMT
[23:20:07.617] RX< [6] [cam] [49411][tshell][csc_set_fe_fmt:47]index 1 w 4032 h 2268 bw 10 wcmp 0
[23:20:07.617] RX< [7] [cam] [49412][tshell][bm_ioctl:201]BMIOC_FE_FMT
[23:20:07.617] RX< [6] [cam] [49412][tshell][csc_set_me_fmt:64]index 5 w 2268 h 4032 bw 10 wcmp 0, rdma_addr 0x
[23:20:07.617] RX< 88e43800, wdma_addr 0x88e43800
[23:20:07.617] RX< [7] [cam] [49413][tshell][bm_ioctl:201]BMIOC_ME_FMT
[23:20:07.617] RX< [6] [cam] [49413][tshell][csc_set_video_fmt:1076]meta_addr: 0x8a18f240
[23:20:07.617] RX< [6] [cam] [49414][tshell][csc_set_me_fmt:64]index 6 w 1296 h 2304 bw 8 wcmp 0, rdma_addr 0x8b2e5400,
[23:20:07.619] RX<  wdma_addr 0x8a19fc00
[23:20:07.619] RX< [6] [cam] [49414][tshell][cam_me_core_buffer_cfg:1416]
[23:20:07.619] RX< ----ME PIPE INFO---
[23:20:07.619] RX<  wdma_buf_num:2, rotation_en: 1
[23:20:07.619] RX< [7] [cam] [49415][tshell][cam_me_core_buffer_cfg:1424]yuv wdma_addr 0:0x8a19fc00, meta_en: 1, 0x8a18f240
[23:20:07.619] RX< [7] [cam] [49415][t
[23:20:07.619] RX< shell][cam_me_core_buffer_cfg:1424]yuv wdma_addr 1:0x8a3c2800, meta_en: 1, 0x8a18f240
[23:20:07.619] RX< [7] [cam] [49416][tshell][bm_ioctl:201]BMIOC_ME_FMT
[23:20:07.619] RX< [6] [cam] [49416][tshell][csc_set_lite_fmt:115]index 13 w 400 h 400 bw 10 wcmp 255
[23:20:07.619] RX< [7] [cam] [49417][tshell][bm_ioct
[23:20:07.622] RX< l:201]BMIOC_LITE_FMT
[23:20:07.622] RX< [6] [cam] [49417][tshell][csc_set_lite_fmt:115]index 14 w 400 h 400 bw 10 wcmp 255
[23:20:07.622] RX< [7] [cam] [49418][tshell][bm_ioctl:201]BMIOC_LITE_FMT
[23:20:07.622] RX< [6] [cam] [49418][tshell][csc_set_be_fmt:81]index 7 w 1920 h 1080 bw 6 wcmp 0
[23:20:07.622] RX< [7] [cam] [49418][
[23:20:07.623] RX< tshell][bm_ioctl:201]BMIOC_BE_FMT
[23:20:07.623] RX< [6] [cam] [49419][tshell][csc_set_be_fmt:81]index 8 w 1920 h 1080 bw 8 wcmp 255
[23:20:07.623] RX< [7] [cam] [49419][tshell][bm_ioctl:201]BMIOC_BE_FMT
[23:20:07.623] RX< [6] [cam] [49419][tshell][cam_dewarp_set_table_base:480]dewarp table base updated: [0]=0x
[23:20:07.625] RX< 88e20aa0 [1]=0x88e32150
[23:20:07.625] RX< [6] [cam] [49420][tshell][cam_cpm_core_set_dewarp_table_base:1611]dewarp table base updated: [0]=0x88e20aa0 [1]=0x88e32150
[23:20:07.625] RX< [6] [cam] [49420][tshell][csc_init:739]get otp ok! phys_id[1], phys_num[1]
[23:20:07.625] RX< [6] [cam] [49421][tshell][cam_in
[23:20:07.625] RX< it:828]init ok! logic_id[0]
[23:20:07.625] RX< [34m[cam init] perf=23367(us)!
[23:20:07.625] RX< [0m[6] [App Cam] cam init success
[23:20:07.625] RX< [7] [cam] [49422][tshell][cam_cpm_core_stream_on:560]id 0 sensor type 1
[23:20:07.625] RX< [6] [cam] [49422][tshell][sensor_stream_on:1024]sensor [1]: stream_on
[23:20:07.625] RX< [6] [cam] [49423]
[23:20:07.643] RX< [tshell][sensor_stream_on:1052]sensor [1]: REG: 0x100, W:0x1.
[23:20:07.643] RX< [6] [cam] [49423][tshell][sensor_stream_on:1054]sensor [1]: REG: 0x100, R:0x1.
[23:20:07.643] RX< [6] [cam] [49423][tshell][csc_prv_start:873]ok! phys_id[1], phys_num[1], cam_ids[1]
[23:20:07.643] RX< [6] [cam] [49424][tshell][cam
[23:20:07.643] RX< _start:938]preview start ok! logic_id[0]
[23:20:07.643] RX< [34m[cam start] perf=2325(us)!
[23:20:07.643] RX< [0m[6] [App Cam] cam start success
[23:20:07.643] RX< [6] [App Dfs] Gravity_XR Record Start
[23:20:07.643] RX< msh /emmc>echo "__EVBTEST_END_26e8af20__"
[23:20:07.643] RX< __EVBTEST_END_26e8af20__
[23:20:07.643] RX< msh /emmc>[7] [cam] [49426][b_3a_sts][ba
[23:20:07.761] RX< yer_stats_core_irq_proc:164]thread start cid,0
[23:20:07.761] RX< [7] [cam] [49426][fe0][fe_core_irq_proc:98]thread start cid,0
[23:20:07.761] RX< [34m[AE] fid=0,exp=7660,adg=100,Y=5404,mtg=100,shg=100,bgbv=4340,iso=100,cnv0,hdr0
[23:20:07.761] RX< [0m[34m[b_ae0 proc] perf=2804(us), max=2804(us)!
[23:20:07.761] RX< [0m[34m[
[23:20:07.934] RX< awb0 proc] perf=1286(us), max=1286(us)!
[23:20:07.934] RX< [0m[7] [cam] [49558][me0][me_core_thread:359]ME out fid 0
[23:20:07.934] RX< [6] [cam] [49605][dwp0][cpm_cb_dewarp_handle:1411]EIS: dewarp done frm=0, buf_idx=0
[23:20:07.934] RX< [6] [cam] [49717][me0][cpm_cb_fe2me_tikChk:152]frm_length 88560us, fe2me 
[23:20:08.922] RX< delta 0
[23:20:08.922] RX< [34m[ME INTP]fid=0, shutter=7660, perf=792(us), max=792(us)!
[23:20:08.922] RX< [0m[32m[BE] fid=0, perf=6773(us), max=6773(us)!
[23:20:08.922] RX< [0m[6] [App Dfs] f_index = 0, f_len = 65021, cur_total_len = 65109
[23:20:08.922] RX< [34m[AE] fid=30,exp=10790,adg=300,Y=4545,mtg=180,shg=100,bgbv=1323,
[23:20:10.924] RX< iso=300,cnv2,hdr0
[23:20:10.924] RX< [0m[7] [cam] [50724][me0][me_core_thread:359]ME out fid 30
[23:20:10.924] RX< [34m[AE] fid=60,exp=10790,adg=300,Y=4551,mtg=180,shg=100,bgbv=1327,iso=300,cnv2,hdr0
[23:20:10.924] RX< [0m[7] [cam] [51724][me0][me_core_thread:359]ME out fid 60
[23:20:10.924] RX< [34m[AE] fid=90,exp=10790,adg=3
[23:20:11.276] RX< 00,Y=4529,mtg=180,shg=100,bgbv=1319,iso=300,cnv2,hdr0
[23:20:11.276] RX< [0m[34m[b_ae0 proc] perf=392(us), max=2804(us)!
[23:20:11.276] RX< [0m[34m[awb0 proc] perf=1298(us), max=1435(us)!
[23:20:11.276] RX< [0m[7] [cam] [52724][me0][me_core_thread:359]ME out fid 90
[23:20:11.276] RX< [32m[BE] fid=90, perf=8894(us), max=8898
[23:20:12.022] RX< (us)!
[23:20:12.022] RX< [0m[6] [App Dfs] f_index = 90, f_len = 174193, cur_total_len = 6793418
[23:20:12.022] RX< [34m[AE] fid=120,exp=10790,adg=300,Y=4530,mtg=180,shg=100,bgbv=1319,iso=300,cnv2,hdr0
[23:20:12.022] RX< [0m[7] [cam] [53723][me0][me_core_thread:359]ME out fid 120
[23:20:12.022] RX< [34m[ME INTP]fid=120, shutter
[23:20:13.924] RX< =10790, perf=4(us), max=2781(us)!
[23:20:13.924] RX< [0m[34m[AE] fid=150,exp=10790,adg=300,Y=4529,mtg=180,shg=100,bgbv=1319,iso=300,cnv2,hdr0
[23:20:13.924] RX< [0m[7] [cam] [54723][me0][me_core_thread:359]ME out fid 150
[23:20:13.924] RX< [34m[AE] fid=180,exp=10830,adg=300,Y=4513,mtg=180,shg=100,bgbv=1311,i
[23:20:14.297] RX< so=300,cnv2,hdr0
[23:20:14.297] RX< [0m[34m[b_ae0 proc] perf=378(us), max=674(us)!
[23:20:14.297] RX< [0m[34m[awb0 proc] perf=1347(us), max=1464(us)!
[23:20:14.297] RX< [0m[7] [cam] [55723][me0][me_core_thread:359]ME out fid 180
[23:20:14.297] RX< [32m[BE] fid=180, perf=8653(us), max=8894(us)!
[23:20:14.297] RX< [0m[6] [App Dfs] f_index = 18
[23:20:15.940] RX< 0, f_len = 162902, cur_total_len = 6689249
[23:20:15.940] RX< [34m[AE] fid=210,exp=10850,adg=300,Y=4524,mtg=180,shg=100,bgbv=1311,iso=300,cnv2,hdr0
[23:20:15.940] RX< [0m[7] [cam] [56723][me0][me_core_thread:359]ME out fid 210
[23:20:15.940] RX< [34m[AE] fid=240,exp=10850,adg=300,Y=4536,mtg=180,shg=100,bgbv=1
[23:20:16.924] RX< 315,iso=300,cnv2,hdr0
[23:20:16.924] RX< [0m[6] [cam] [57715][dwp0][cpm_cb_dewarp_handle:1411]EIS: dewarp done frm=240, buf_idx=0
[23:20:16.924] RX< [7] [cam] [57723][me0][me_core_thread:359]ME out fid 240
[23:20:16.924] RX< [34m[ME INTP]fid=240, shutter=10850, perf=3(us), max=2588(us)!
[23:20:16.924] RX< [0m[34m[AE] fid=270,e
[23:20:17.276] RX< xp=10840,adg=300,Y=4554,mtg=180,shg=100,bgbv=1323,iso=300,cnv2,hdr0
[23:20:17.276] RX< [0m[34m[b_ae0 proc] perf=390(us), max=576(us)!
[23:20:17.276] RX< [0m[34m[awb0 proc] perf=1378(us), max=1539(us)!
[23:20:17.276] RX< [0m[7] [cam] [58723][me0][me_core_thread:359]ME out fid 270
[23:20:17.276] RX< [32m[BE] fid=270, perf=882
[23:20:17.689] RX< 5(us), max=8825(us)!
[23:20:17.689] RX< [0m[6] [App Dfs] f_index = 270, f_len = 172482, cur_total_len = 6974456
[23:20:17.689] RX< dfs_video_stop
[23:20:17.689] RX< msh /emmc>echo "__EVBTEST_E[6] [App Dfs]  Gravity_XR Record Stop Success: total frames = 283
[23:20:17.689] RX< [6] [cam] [59471][DfsSend][sensor_stream_off:1188]sens
[23:20:17.706] RX< or [1]: stream_off
[23:20:17.706] RX< [6] [cam] [59471][DfsSend][sensor_stream_off:1217]sensor [1]: REG: 0x100, W:0x0.
[23:20:17.706] RX< [6] [cam] [59472][DfsSend][sensor_stream_off:1219]sensor [1]: REG: 0x100, R:0x0.
[23:20:17.706] RX< [6] [cam] [59501][DfsSend][csc_prv_stop:983]ok! phys_id[1], phys_num[1], s
[23:20:17.707] RX< top_type = 0
[23:20:17.707] RX< [6] [cam] [59502][DfsSend][cam_stop:1058]preview stop ok! logic_id[0]
[23:20:17.707] RX< [34m[cam stop] perf=31136(us)!
[23:20:17.707] RX< [0m[6] [App Cam] cam stop success
[23:20:17.707] RX< Total of 284 frames encoded, 21504610 bytes, max_workbuffer_used: 3493888 bytes
[23:20:17.707] RX< [6] [App Cam] hevc_encod
[23:20:17.709] RX< er_deinit success
[23:20:17.709] RX< [7] [cam] [59504][DfsSend][cam_cpm_core_power_off:467]id,0 type,1 ret 0
[23:20:17.709] RX< [6] [cam] [59505][sif0][sif_irq_proc:174]thread release cid,0
[23:20:17.709] RX< [6] [cam] [59505][DfsSend][cam_sif_mgr_deinit:316]X
[23:20:17.709] RX< [6] [cam] [59505][DfsSend][cam_deinit:887]deinit o
[23:20:17.710] RX< k! logic_id[0]
[23:20:17.710] RX< [34m[cam deinit] perf=1280(us)!
[23:20:17.710] RX< [0m[6] [App Cam] cam deinit success
[23:20:17.710] RX< [6] [cam] [59506][DfsSend][sensor_close:1292]sensor [1]: close!
[23:20:17.710] RX< [6] [cam] [59507][DfsSend][cam_dewarp_deinit:438]dewarp deinit, id=0
[23:20:17.710] RX< [6] [cam] [59507][dwp0][dewarp_threa
[23:20:17.712] RX< d_entry:174]dewarp thread exit signal, id=0
[23:20:17.712] RX< [6] [cam] [59507][dwp0][dewarp_thread_entry:276]dewarp thread exit, id=0
[23:20:17.712] RX< [6] [cam] [59508][DfsSend][cam_bm_core_deinit:136]X
[23:20:17.712] RX< [6] [cam] [59508][be0][be_core_irq_proc:329]thread release cid,0
[23:20:17.712] RX< [6] [cam] [59508][Df
[23:20:17.712] RX< sSend][cam_be_core_deinit:793]X
[23:20:17.712] RX< [6] [cam] [59509][me0][me_core_thread:404]thread release cid,0
[23:20:17.712] RX< [6] [cam] [59509][DfsSend][cam_me_core_deinit:1551]X
[23:20:17.712] RX< [6] [cam] [59510][fe0][fe_core_irq_proc:121]thread release cid,0
[23:20:17.712] RX< [6] [cam] [59510][DfsSend][cam_fe_core_de
[23:20:17.715] RX< init:536]X
[23:20:17.715] RX< [6] [cam] [59510][b_3a_sts][bayer_stats_core_irq_proc:193]thread release cid,0
[23:20:17.715] RX< [6] [cam] [59510][DfsSend][cam_bayer_stats_core_deinit:512]X
[23:20:17.715] RX< [6] [cam] [59511][b_ae0][a5_core_wrapper_task:315]thread release cid,0,algo,0
[23:20:17.715] RX< [6] [cam] [59511][DfsSend
[23:20:17.715] RX< ][bayer_ae_wrapper_deinit:204]X
[23:20:17.715] RX< [6] [cam] [59512][atf0][a5_core_wrapper_task:315]thread release cid,0,algo,1
[23:20:17.715] RX< [6] [cam] [59512][DfsSend][atf_wrapper_deinit:153]X
[23:20:17.715] RX< [6] [cam] [59512][awb0][a5_core_wrapper_task:315]thread release cid,0,algo,2
[23:20:17.715] RX< [6] [cam] [59513
[23:20:17.718] RX< ][DfsSend][awb_wrapper_deinit:153]X
[23:20:17.718] RX< [6] [cam] [59513][DfsSend][cam_5a_core_deinit:555]X
[23:20:17.718] RX< [6] [cam] [59513][DfsSend][cam_5a_inf_deinit:149]X
[23:20:17.718] RX< [6] [cam] [59514][qpc0][qpc_core_msg_proc:705]thread release cid,0
[23:20:17.718] RX< [6] [cam] [59514][DfsSend][qpc_core_deinit:1413]
[23:20:17.718] RX< X
[23:20:17.718] RX< [6] [cam] [59514][DfsSend][cam_cpm_core_deinit:1248]X
[23:20:17.718] RX< [6] [cam] [59515][DfsSend][csc_close:656]ok! phys_id[1], phys_num[1]
[23:20:17.718] RX< [7] [cam] [59515][cer0][cer_recovery_proc:352]msg type = 254
[23:20:17.718] RX< [6] [cam] [59515][cer0][cer_recovery_proc:454]thread release cid,0
[23:20:17.742] RX< [6] [cam] [59516][DfsSend][cer_deinit:560]X
[23:20:17.742] RX< [6] [cam] [59516][DfsSend][cam_close:789]close ok! logic_id[0]
[23:20:17.742] RX< [34m[cam close] perf=10328(us)!
[23:20:17.742] RX< [0m[6] [App Cam] cam close success
[23:20:17.742] RX< [6] [cam] [59517][cpl0][cam_prelude_proc_routine:136]thread release
[23:20:17.742] RX< [6] [cam] 
[23:20:17.743] RX< [59517][DfsSend][cam_exit:571]exit ok!
[23:20:17.743] RX< [34m[cam exit] perf=652(us)!
[23:20:17.743] RX< [0m[6] [App Cam] cam exit success
[23:20:17.743] RX< [6] [App Dfs] Save Video Successful: /emmc/VIDEO/20260101_000049_9163/Video_9163_0.h265
[23:20:17.743] RX< [6] [App Dfs] Save Imu Successful: /emmc/VIDEO/20260101_000049
[23:20:17.857] TX> dfs_video_stop
[23:20:17.857] TX> echo "__EVBTEST_END_dad795b6__"
[23:20:19.743] RX< _9163/Imu_9163.bin
[23:20:19.743] RX< [6] [App Dfs] Video recording completed successfully.
[23:20:19.743] RX< ND_dad795b6__"
[23:20:19.743] RX< __EVBTEST_END_dad795b6__
[23:20:19.743] RX< msh /emmc>
[23:20:26.305] RX< rtmp_video_start rtmp://192.168.1.89/live/cam
[23:20:26.305] RX< [7] [cam] [68096][tshell][cgm_parse_bin:104]total logical camera num: 1
[23:20:26.305] RX< [6] [cam] [68096][tshell][cam_prelude_create:187]E id, 0
[23:20:26.305] RX< [7] [cam] [68097][cpl0][cam_prelude_proc_routine:101]thread start
[23:20:26.305] RX< [6] [cam] [680
[23:20:26.305] RX< 97][tshell][cam_prelude_create:214]X ctx size 132 addr 0x884de908
[23:20:26.305] RX< [6] [cam] [68102][tshell][sensor_probe:418]sensor [1]: identifing 0 success.
[23:20:26.305] RX< [6] [cam] [68103][tshell][sensor_probe:441]sensor [1]: probe exit!
[23:20:26.305] RX< [6] [cam] [68103][tshell][cam_prelude_fast_pr
[23:20:26.308] RX< obe:251]cam: 0 probe result: 0
[23:20:26.308] RX< [6] [cam] [68104][tshell][cgm_parse_bin:218]cam(0) probe success
[23:20:26.308] RX< [6] [cam] [68104][tshell][cam_entry:455]entry ok
[23:20:26.308] RX< [34m[cam entry] perf=9476(us)!
[23:20:26.308] RX< [0m[6] [App Cam] cam entry success
[23:20:26.308] RX< [7] [cam] [68105][tshell][cam_solve_layo
[23:20:26.308] RX< ut:350][mLayout] param OK, scen3 iw4032 ih2268 ow2304 oh1296 gdc 0x2
[23:20:26.308] RX< [36m[mLayout] scen03 in=4032x2268,out=1296x2304 meRot1 stripe0 gdcOn0
[23:20:26.308] RX< [0m[36m[mLayout] scen03 14entries solved status=OK retry=0 rtmp=enabled (cursor0=0x8a018210 cursor1=0x89300000, c
[23:20:26.311] RX< h0/1/2 cnt=5/1/1)
[23:20:26.311] RX< [0m[7] [cam] [68106][tshell][cam_solve_layout:377]
[23:20:26.311] RX< [mLayout] out vol 0x8c000000 rBuf 0x89300000 sz 0xd00000 wBuf 0x8a9e5400 sz 0x900000
[23:20:26.311] RX<           rtmp tBuf 0x8a098210 sz 0x80000 aBuf 0x8a018210 sz 0x80000
[23:20:26.311] RX< [7] [cam] [68108][tshell][cam_
[23:20:26.314] RX< solve_layout:397]Solve Scen3 layout Done!
[23:20:26.314] RX< [6] [cam] [68109][tshell][cgm_parse_media_para:274]phy cam num: 1
[23:20:26.314] RX< [7] [cam] [68109][cer0][cer_recovery_proc:343]thread start cid, 0
[23:20:26.314] RX< [6] [cam] [68109][tshell][csc_open:499]SENSOR MCLK cal: 24MHz
[23:20:26.314] RX< [6] [cam] [68109][
[23:20:26.314] RX< tshell][csc_isp_clk_cal:344]MIPI CLK cal: 277MHz
[23:20:26.314] RX< [6] [cam] [68110][tshell][csc_isp_clk_cal:374]LITE CLK cal: 25MHz
[23:20:26.314] RX< [7] [cam] [68110][tshell][cpc_csi_rx_power_on:633]E id: 2
[23:20:26.314] RX< [4] [cam] [68111][tshell][cpc_csi_rx_power_on:644]csi_2 has already power on, STA
[23:20:26.320] RX< TUS: 1
[23:20:26.320] RX< [6] [cam] [68111][tshell][cpc_update_clock:603]actual SNS mclk: 24MHz
[23:20:26.320] RX< [6] [cam] [68112][tshell][cpc_update_clock:608]actual MIPI0: 300MHz
[23:20:26.320] RX< [6] [cam] [68112][tshell][cpc_update_clock:598]actual LITE clk: 25MHz
[23:20:26.320] RX< [7] [cam] [68112][tshell][cam_prelude_o
[23:20:26.320] RX< pen:297][34msnsOpen camID1 csiID0 phyIdx0[0m
[23:20:26.320] RX< [6] [cam] [68116][tshell][sensor_expo_gain_match:48]sensor get sensor expo gain of imx681_vst
[23:20:26.320] RX< [6] [cam] [68116][tshell][sensor_open:684]sensor [1] open OK.
[23:20:26.320] RX< [6] [cam] [68117][tshell][cam_cpm_parse_media:295]vi
[23:20:26.325] RX< deo scenario:3, media para[fps:0, mirror_en:0, flip_en:0]
[23:20:26.325] RX< [6] [cam] [68117][tshell][cam_cpm_parse_media:298]video scenario, media para[iso:0, gain:0, wb_mode:0]
[23:20:26.325] RX< [6] [cam] [68118][tshell][csc_isp_clk_cal:355]FE CLK cal: 373MHz, ME CLK cal: 371MHz, FE/ME CL
[23:20:26.325] RX< K cal: 410MHz
[23:20:26.325] RX< [6] [cam] [68118][tshell][csc_isp_clk_cal:364]BE CLK cal: 301MHz
[23:20:26.325] RX< [4] [cam] [68119][tshell][cam_fe_core_power_on:269]fe pipe has already power on, STATUS: 1
[23:20:26.325] RX< [6] [cam] [68119][tshell][cpc_update_clock:588]actual FE/ME clk: 500MHz
[23:20:26.325] RX< [7] [cam] [6
[23:20:26.327] RX< 8120][tshell][cam_cpm_core_power_on:435]id,0 type,1 ret 0
[23:20:26.327] RX< [6] [cam] [68120][tshell][cam_cpm_core_init:1017]E id,0 sensor type,1
[23:20:26.327] RX< [6] [cam] [68123][tshell][cpm_core_check_tuningbin:957]Tuning bin crc check PASS! sum 0x17a5964, xor 0x87e82682
[23:20:26.327] RX< [6] [cam] [6812
[23:20:26.328] RX< 3][tshell][qpc_tuning_check_iqbin_validness:396]IQ bin addr: 0x88646660, project_name: video_3M
[23:20:26.328] RX< [6] [cam] [68124][tshell][qpc_tuning_check_iqbin_validness:397]total_size: 94400
[23:20:26.328] RX< [6] [cam] [68124][tshell][qpc_tuning_check_iqbin_validness:398]id_count: 93. I
[23:20:26.330] RX< D_TOTAL: 94
[23:20:26.330] RX< [6] [cam] [68125][tshell][qpc_tuning_check_iqbin_validness:399]spinel tuning data ver: V1.30
[23:20:26.330] RX< [6] [cam] [68125][tshell][cpm_core_check_tuningbin:971]IQ bin check success!
[23:20:26.330] RX< [6] [cam] [68126][tshell][cam_bm_core_init:94]E
[23:20:26.330] RX< [6] [cam] [68126][tshell
[23:20:26.330] RX< ][bm_lab_init:174]X ctx size 4 addr 0x884b9350
[23:20:26.330] RX< [6] [cam] [68127][tshell][cam_bm_core_init:114]X ctx size 180 addr 0x884c2698
[23:20:26.330] RX< [6] [cam] [68127][tshell][qpc_core_init:1299]E id,0
[23:20:26.330] RX< [6] [cam] [68128][tshell][qpc_queue_init:65]QPC init qnodes 8, size 508, pool
[23:20:26.342] TX> rtmp_video_start rtmp://192.168.1.89/live/cam
[23:20:26.342] TX> echo "__EVBTEST_END_478a4a34__"
[23:20:26.349] RX<  0x884df6a8
[23:20:26.349] RX< [7] [cam] [68128][tshell][_qpc_get_cap_cfg_para:896][fallback]preset capCfg 200 0 0 invalid, use default
[23:20:26.349] RX< [7] [cam] [68129][tshell][_qpc_cfg_hdr_frms:840][fallback]preset hdrCfg 0 0 0 0 0 invalid, use default
[23:20:26.349] RX< [6] [cam] [68144][tshell][qpc_core_
[23:20:26.349] RX< init:1347]X ctx size 1288 addr 0x884c2760
[23:20:26.349] RX< [6] [cam] [68145][tshell][cpm_core_get_param:764]cpm para chk: tunBin-w 4032 h 2266 img-w 4032 h 2268
[23:20:26.349] RX< [6] [cam] [68145][tshell][cam_fe_core_init:436]E id,0
[23:20:26.349] RX< [6] [cam] [68146][tshell][cam_fe_core_init:490]X ctx size
[23:20:26.354] RX<  96 addr 0x884c3410
[23:20:26.354] RX< [7] [cam] [68147][tshell][qpc_core_fe_chords_init:1763][34mqpc fe init snsOut w 4032 h 2268, tbl w 28 h 20[0m
[23:20:26.354] RX< [6] [cam] [68147][tshell][cam_me_core_init:1523]X ctx size 1352 addr 0x884f1b70
[23:20:26.354] RX< [34m[ME SLICE CFG] perf=1455(us)!
[23:20:26.354] RX< [0m[6]
[23:20:26.355] RX<  [cam] [68151][tshell][cam_bayer_fe_3a_stats_core_init:445]fe 3a id,0
[23:20:26.355] RX< [6] [cam] [68151][tshell][cam_bayer_fe_3a_stats_core_init:490]X ctx size 132 addr 0x884fa590
[23:20:26.355] RX< [6] [cam] [68152][tshell][awb_wrapper_init:66]xxx awb_bin=0x884e196c, awb_bin_length=8068
[23:20:26.355] RX< [6
[23:20:26.362] RX< ] [cam] [68152][tshell][awb_wrapper_init:86]X algo_handle 0x885001f0
[23:20:26.362] RX< [7] [cam] [68153][awb0][a5_core_wrapper_task:252]thread start cid,0 algo type,2
[23:20:26.362] RX< [6] [cam] [68153][tshell][a5_core_init_task:426]thread created: awb0 mq=0x88502280 thread=0x88502398 sem=0
[23:20:26.362] RX< x88502210 ret=0
[23:20:26.362] RX< [6] [cam] [68153][tshell][bayer_ae_wrapper_init:68]E id,0 proc mode 0 
[23:20:26.362] RX< 
[23:20:26.362] RX< [AEC Proc] @[allib_ae_set_debug_log_flag] Line:129:[DEBUG] debug level/to_file/to_terminal: 22/1/1
[23:20:26.362] RX< [AEC Proc] @[AeInit] Line:377:[INFO] AE ver: 2026_V2.269
[23:20:26.362] RX< 
[23:20:26.362] RX< [AEC Proc
[23:20:26.365] RX< ] @[allib_ae_loadfunc] Line:193:[INFO] camera ID: 0
[23:20:26.365] RX< [AEC Proc] @[alAE_set_param] Line:576:[DEBUG] sw_maxtime 33004 ,pertline 10800, after check sensor step sw_max_time 33000.00
[23:20:26.365] RX< [AEC Proc] @[alAE_set_param] Line:581:[DEBUG] sw_mintime 43 ,pertline 10800, a
[23:20:26.365] RX< fter check sensor step sw_min_time 40.00
[23:20:26.365] RX< [AEC Proc] @[alAE_set_param] Line:514:[DEBUG] DEBUG minbv exptime 11 gain 100, minExpBV 13810
[23:20:26.365] RX< [AEC Proc] @[AeTuningParseSet] Line:167:[DEBUG] aeparam version 2.268 60803
[23:20:26.365] RX< [AEC Proc] @[alAE_set_param] Line:341:[DEBUG
[23:20:26.368] RX< ] INITEXP gain 100, shutter 33242, midtonegain 100, bv 2247
[23:20:26.368] RX< [6] [cam] [68164][tshell][bayer_ae_wrapper_init:119]X tline 10800 max_exp 33004 alg_hdl 0x88504b48 
[23:20:26.368] RX< [7] [cam] [68164][b_ae0][a5_core_wrapper_task:252]thread start cid,0 algo type,0
[23:20:26.368] RX< [6] [cam] [68
[23:20:26.368] RX< 165][tshell][a5_core_init_task:426]thread created: b_ae0 mq=0x88505bf8 thread=0x88505d10 sem=0x88505b88 ret=0
[23:20:26.368] RX< [6] [cam] [68165][tshell][atf_wrapper_init:67]E id,0
[23:20:26.368] RX< [6] [cam] [68166][tshell][atf_wrapper_init:107]X alg_ctx addr 0x885070f8
[23:20:26.368] RX< [7] [cam] [68166][a
[23:20:26.384] RX< tf0][a5_core_wrapper_task:252]thread start cid,0 algo type,1
[23:20:26.384] RX< [6] [cam] [68167][tshell][a5_core_init_task:426]thread created: atf0 mq=0x88507230 thread=0x88507348 sem=0x885071c0 ret=0
[23:20:26.384] RX< [6] [cam] [68167][tshell][cam_cpm_core_init:1149]X ctx size 1096 addr 0x
[23:20:26.384] RX< 884c2240
[23:20:26.384] RX< [6] [cam] [68168][tshell][csc_open:599]ok! phys_id[1], phys_num[1] 
[23:20:26.384] RX< [6] [cam] [68168][tshell][cam_open:738]open ok! camera_id[0]
[23:20:26.384] RX< [34m[cam open] perf=63575(us)!
[23:20:26.384] RX< [0m[6] [App Cam] cam open success
[23:20:26.384] RX< [6] [cam] [68182][tshell][csc_init:722]sensor in
[23:20:26.387] RX< fo:size:4032x2268, formt: 0x2b, bps: 1968, tline: 10800
[23:20:26.387] RX< [6] [cam] [68182][tshell][cam_sif_mgr_init:261]E id,0
[23:20:26.387] RX< [7] [cam] [68183][sif0][sif_irq_proc:151]thread start cid,0
[23:20:26.387] RX< [6] [cam] [68183][tshell][cam_sif_mgr_init:293]X ctx size 52 addr 0x88541b50
[23:20:26.387] RX< [6] [ca
[23:20:26.387] RX< m] [68184][tshell][cam_prelude_init_cfg:368]CSI ID is 0,  phy lanes is 2.
[23:20:26.387] RX< [7] [cam] [68184][tshell][check_phy_ready:96]MIPI_PHY[0] is ready
[23:20:26.387] RX< [6] [cam] [68184][tshell][sensor_init:348]sensor [1]: register ok
[23:20:26.387] RX< [6] [cam] [68185][tshell][sensor_set_mode:887]sen
[23:20:26.395] RX< sor [1]: SetMode -> mode = 0.
[23:20:26.395] RX< [6] [cam] [68185][tshell][sensor_send_reg_tab_to_sensor:705]sensor [1]: send_reg_tab_to_sensor E.
[23:20:26.395] RX< [6] [cam] [68189][tshell][sensor_send_reg_tab_to_sensor:751]sensor [1]: reg_count = 77.
[23:20:26.395] RX< [6] [cam] [68189][tshell][sensor_init:3
[23:20:26.396] RX< 61]sensor [1]: init success.
[23:20:26.396] RX< [6] [cam] [68189][tshell][sensor_set_mode:887]sensor [1]: SetMode -> mode = 3.
[23:20:26.396] RX< [6] [cam] [68190][tshell][sensor_send_reg_tab_to_sensor:705]sensor [1]: send_reg_tab_to_sensor E.
[23:20:26.396] RX< [6] [cam] [68194][tshell][sensor_send_reg_tab_to_
[23:20:26.398] RX< sensor:751]sensor [1]: reg_count = 83.
[23:20:26.398] RX< [6] [cam] [68194][tshell][csc_init:731]ok! phys_id[1], phys_num[1]
[23:20:26.398] RX< [6] [cam] [68195][tshell][csc_get_bayer_single_buffer:1148]scenario_type: 3
[23:20:26.398] RX< [6] [cam] [68195][tshell][csc_set_stats_fmt:98]index 0 w 1 h 1 bw 8 wcmp 
[23:20:26.398] RX< 255
[23:20:26.398] RX< [7] [cam] [68196][tshell][bm_ioctl:201]BMIOC_STATS_FMT
[23:20:26.398] RX< [6] [cam] [68196][tshell][csc_set_fe_fmt:47]index 1 w 4032 h 2268 bw 10 wcmp 0
[23:20:26.398] RX< [7] [cam] [68196][tshell][bm_ioctl:201]BMIOC_FE_FMT
[23:20:26.398] RX< [6] [cam] [68196][tshell][csc_set_me_fmt:64]index 5 w 2268 h 403
[23:20:26.401] RX< 2 bw 10 wcmp 0, rdma_addr 0x8a128c00, wdma_addr 0x8a128c00
[23:20:26.401] RX< [7] [cam] [68197][tshell][bm_ioctl:201]BMIOC_ME_FMT
[23:20:26.401] RX< [6] [cam] [68197][tshell][csc_set_video_fmt:1076]meta_addr: 0x8a118240
[23:20:26.401] RX< [6] [cam] [68198][tshell][csc_set_me_fmt:64]index 6 w 1296 h 2304 bw 8 w
[23:20:26.401] RX< cmp 255, rdma_addr 0x8b2e5400, wdma_addr 0x8c000000
[23:20:26.401] RX< [6] [cam] [68198][tshell][cam_me_core_buffer_cfg:1416]
[23:20:26.401] RX< ----ME PIPE INFO---
[23:20:26.401] RX<  wdma_buf_num:1, rotation_en: 1
[23:20:26.401] RX< [7] [cam] [68199][tshell][cam_me_core_buffer_cfg:1424]yuv wdma_addr 0:0x8c000000, meta_en: 1, 
[23:20:26.404] RX< 0x8a118240
[23:20:26.404] RX< [7] [cam] [68199][tshell][bm_ioctl:201]BMIOC_ME_FMT
[23:20:26.404] RX< [6] [cam] [68200][tshell][csc_set_lite_fmt:115]index 13 w 400 h 400 bw 10 wcmp 255
[23:20:26.404] RX< [7] [cam] [68200][tshell][bm_ioctl:201]BMIOC_LITE_FMT
[23:20:26.404] RX< [6] [cam] [68201][tshell][csc_set_lite_fmt:115]index 1
[23:20:26.404] RX< 4 w 400 h 400 bw 10 wcmp 255
[23:20:26.404] RX< [7] [cam] [68201][tshell][bm_ioctl:201]BMIOC_LITE_FMT
[23:20:26.404] RX< [6] [cam] [68202][tshell][csc_init:739]get otp ok! phys_id[1], phys_num[1]
[23:20:26.404] RX< [6] [cam] [68202][tshell][cam_init:828]init ok! logic_id[0]
[23:20:26.404] RX< [34m[cam init] perf=20452(us)!
[23:20:26.404] RX< [0m
[23:20:26.407] RX< [6] [App Cam] cam init success
[23:20:26.407] RX< [7] [cam] [68203][tshell][cam_cpm_core_stream_on:560]id 0 sensor type 1
[23:20:26.407] RX< [6] [cam] [68203][tshell][sensor_stream_on:1024]sensor [1]: stream_on
[23:20:26.407] RX< [6] [cam] [68204][tshell][sensor_stream_on:1052]sensor [1]: REG: 0x100, W:0x1.
[23:20:26.407] RX< [6
[23:20:26.407] RX< ] [cam] [68204][tshell][sensor_stream_on:1054]sensor [1]: REG: 0x100, R:0x1.
[23:20:26.407] RX< [6] [cam] [68205][tshell][csc_prv_start:873]ok! phys_id[1], phys_num[1], cam_ids[1]
[23:20:26.407] RX< [6] [cam] [68205][tshell][cam_start:938]preview start ok! logic_id[0]
[23:20:26.407] RX< [34m[cam start] perf=2
[23:20:26.456] RX< 545(us)!
[23:20:26.456] RX< [0m[6] [App Cam] cam start success
[23:20:26.456] RX< [RTMP] connecting rtmp://192.168.1.89/live/cam ...
[23:20:26.456] RX< [7] [cam] [68206][b_3a_sts][bayer_stats_core_irq_proc:164]thread start cid,0
[23:20:26.456] RX< [7] [cam] [68206][fe0][fe_core_irq_proc:98]thread start cid,0
[23:20:26.456] RX< [RTMP] connected to
[23:20:26.550] RX<  192.168.1.89:1935 (sock=6)
[23:20:26.550] RX< [RTMP] handshake (simple) ok
[23:20:26.550] RX< [34m[AE] fid=0,exp=7770,adg=100,Y=5325,mtg=100,shg=100,bgbv=4320,iso=100,cnv0,hdr0
[23:20:26.550] RX< [0m[34m[b_ae0 proc] perf=8093(us), max=8093(us)!
[23:20:26.550] RX< [0m[34m[awb0 proc] perf=3897(us), max=3897(us)!
[23:20:26.550] RX< [0m[RTMP] co
[23:20:26.573] RX< nnect _result ok
[23:20:26.573] RX< [RTMP] createStream -> msid=1
[23:20:26.573] RX< [RTMP] publish ready on rtmp://192.168.1.89:1935/live
[23:20:26.573] RX< [RTMP] config sent (42 bytes)
[23:20:26.573] RX< [RTMP] f_index = 0, f_len = 39
[23:20:26.573] RX< [RTMP] Push Start -> rtmp://192.168.1.89/live/cam
[23:20:26.573] RX< msh /emmc>echo "__EVBTEST_END_478a4a34__"
[23:20:26.573] RX< _
[23:20:27.704] RX< _EVBTEST_END_478a4a34__
[23:20:27.704] RX< msh /emmc>[6] [cam] [68498][me0][cpm_cb_fe2me_tikChk:152]frm_length 88559us, fe2me delta 0
[23:20:27.704] RX< [34m[ME INTP]fid=0, shutter=7770, perf=2298(us), max=2298(us)!
[23:20:27.704] RX< [0m[7] [cam] [68843][me0][me_core_thread:359]ME out fid 0
[23:20:27.704] RX< [34m[AE] fid=30,e
[23:20:29.056] RX< xp=10960,adg=300,Y=4506,mtg=180,shg=100,bgbv=1294,iso=300,cnv2,hdr0
[23:20:29.056] RX< [0m[7] [cam] [69843][me0][me_core_thread:359]ME out fid 30
[23:20:29.056] RX< [34m[AE] fid=60,exp=10990,adg=300,Y=4511,mtg=180,shg=100,bgbv=1293,iso=300,cnv2,hdr0
[23:20:29.056] RX< [0m[7] [cam] [70843][me0][me_core_thread:
[23:20:29.711] RX< 359]ME out fid 60
[23:20:29.711] RX< [34m[awb0 proc] perf=6563(us), max=6563(us)!
[23:20:29.711] RX< [0m[34m[AE] fid=90,exp=10980,adg=300,Y=4526,mtg=180,shg=100,bgbv=1301,iso=300,cnv2,hdr0
[23:20:29.711] RX< [0m[34m[b_ae0 proc] perf=989(us), max=8093(us)!
[23:20:29.711] RX< [0m[34m[awb0 proc] perf=3807(us), max=6563(us)!
[23:20:29.711] RX< 
[23:20:30.703] RX< [0m[RTMP] f_index = 90, f_len = 13818
[23:20:30.703] RX< [7] [cam] [71843][me0][me_core_thread:359]ME out fid 90
[23:20:30.703] RX< [34m[awb0 proc] perf=6426(us), max=6426(us)!
[23:20:30.703] RX< [0m[4] [cam] [71920][qpc0][qpc_core_exception_check:405]discontinuous frame, now: 103, last: 101
[23:20:30.703] RX< [34m[AE] fid=120,
[23:20:31.267] RX< exp=10990,adg=300,Y=4512,mtg=180,shg=100,bgbv=1293,iso=300,cnv2,hdr0
[23:20:31.267] RX< [0m[34m[ME INTP]fid=120, shutter=10990, perf=5(us), max=6238(us)!
[23:20:31.267] RX< [0m[7] [cam] [72843][me0][me_core_thread:359]ME out fid 120
[23:20:31.267] RX< [RTMP] slow send frame 122 len=13633 dt=57ms
[23:20:31.267] RX< [RTMP] slow s
[23:20:32.055] RX< end frame 124 len=10420 dt=76ms
[23:20:32.055] RX< [4] [cam] [73119][qpc0][qpc_core_exception_check:405]discontinuous frame, now: 139, last: 137
[23:20:32.055] RX< [34m[AE] fid=150,exp=10990,adg=300,Y=4511,mtg=180,shg=100,bgbv=1293,iso=300,cnv2,hdr0
[23:20:32.055] RX< [0m[7] [cam] [73842][me0][me_core_thread:3
[23:20:33.044] RX< 59]ME out fid 150
[23:20:33.044] RX< [34m[AE] fid=180,exp=10990,adg=300,Y=4493,mtg=180,shg=100,bgbv=1289,iso=300,cnv2,hdr0
[23:20:33.044] RX< [0m[34m[b_ae0 proc] perf=979(us), max=3284(us)!
[23:20:33.044] RX< [0m[34m[awb0 proc] perf=3720(us), max=6426(us)!
[23:20:33.044] RX< [0m[RTMP] f_index = 180, f_len = 13794
[23:20:33.044] RX< [7] [cam] 
[23:20:34.703] RX< [74842][me0][me_core_thread:359]ME out fid 180
[23:20:34.703] RX< [34m[AE] fid=210,exp=11020,adg=300,Y=4489,mtg=180,shg=100,bgbv=1285,iso=300,cnv2,hdr0
[23:20:34.703] RX< [0m[7] [cam] [75842][me0][me_core_thread:359]ME out fid 210
[23:20:34.703] RX< [34m[awb0 proc] perf=6254(us), max=6254(us)!
[23:20:34.703] RX< [0m[34m[AE] f
[23:20:35.708] RX< id=240,exp=11050,adg=300,Y=4502,mtg=180,shg=100,bgbv=1285,iso=300,cnv2,hdr0
[23:20:35.708] RX< [0m[34m[ME INTP]fid=240, shutter=11050, perf=7(us), max=7412(us)!
[23:20:35.708] RX< [0m[7] [cam] [76842][me0][me_core_thread:359]ME out fid 240
[23:20:35.708] RX< [34m[AE] fid=270,exp=11050,adg=300,Y=4502,mtg=180,
[23:20:36.703] RX< shg=100,bgbv=1285,iso=300,cnv2,hdr0
[23:20:36.703] RX< [0m[34m[b_ae0 proc] perf=1095(us), max=1648(us)!
[23:20:36.703] RX< [0m[34m[awb0 proc] perf=3841(us), max=6254(us)!
[23:20:36.703] RX< [0m[RTMP] f_index = 270, f_len = 20763
[23:20:36.703] RX< [7] [cam] [77842][me0][me_core_thread:359]ME out fid 270
[23:20:36.703] RX< [34m[AE] fid=300,exp
[23:20:38.054] RX< =11040,adg=300,Y=4521,mtg=180,shg=100,bgbv=1289,iso=300,cnv2,hdr0
[23:20:38.054] RX< [0m[7] [cam] [78842][me0][me_core_thread:359]ME out fid 300
[23:20:38.054] RX< [34m[AE] fid=330,exp=13170,adg=300,Y=4710,mtg=180,shg=100,bgbv=1188,iso=300,cnv2,hdr0
[23:20:38.054] RX< [0m[7] [cam] [79842][me0][me_core_thread:
[23:20:38.803] RX< 359]ME out fid 330
[23:20:38.803] RX< [34m[AE] fid=360,exp=12830,adg=300,Y=4989,mtg=180,shg=100,bgbv=1274,iso=300,cnv2,hdr0
[23:20:38.803] RX< [0m[34m[b_ae0 proc] perf=995(us), max=1128(us)!
[23:20:38.803] RX< [0m[34m[awb0 proc] perf=3856(us), max=4263(us)!
[23:20:38.803] RX< [0m[34m[ME INTP]fid=360, shutter=12830, perf=36
[23:20:40.054] RX< 6(us), max=3890(us)!
[23:20:40.054] RX< [0m[RTMP] f_index = 360, f_len = 15624
[23:20:40.054] RX< [7] [cam] [80841][me0][me_core_thread:359]ME out fid 360
[23:20:40.054] RX< [34m[AE] fid=390,exp=11600,adg=300,Y=5514,mtg=180,shg=100,bgbv=1396,iso=300,cnv2,hdr0
[23:20:40.054] RX< [0m[7] [cam] [81841][me0][me_core_thread:359]ME ou
[23:20:41.708] RX< t fid 390
[23:20:41.708] RX< [34m[AE] fid=420,exp=12250,adg=300,Y=4219,mtg=180,shg=100,bgbv=1098,iso=300,cnv2,hdr0
[23:20:41.708] RX< [0m[7] [cam] [82841][me0][me_core_thread:359]ME out fid 420
[23:20:41.708] RX< [34m[AE] fid=450,exp=12660,adg=300,Y=4411,mtg=180,shg=100,bgbv=1109,iso=300,cnv2,hdr0
[23:20:41.708] RX< [0m[34m[b
[23:20:42.701] RX< _ae0 proc] perf=987(us), max=1130(us)!
[23:20:42.701] RX< [0m[34m[awb0 proc] perf=3903(us), max=3962(us)!
[23:20:42.701] RX< [0m[RTMP] f_index = 450, f_len = 16779
[23:20:42.701] RX< [7] [cam] [83841][me0][me_core_thread:359]ME out fid 450
[23:20:42.701] RX< [34m[AE] fid=480,exp=12250,adg=300,Y=4486,mtg=180,shg=100,bgbv=1155,
[23:20:44.054] RX< iso=300,cnv2,hdr0
[23:20:44.054] RX< [0m[34m[ME INTP]fid=480, shutter=12250, perf=236(us), max=6692(us)!
[23:20:44.054] RX< [0m[7] [cam] [84841][me0][me_core_thread:359]ME out fid 480
[23:20:44.054] RX< [34m[AE] fid=510,exp=11840,adg=300,Y=4460,mtg=180,shg=100,bgbv=1190,iso=300,cnv2,hdr0
[23:20:44.054] RX< [0m[7] [cam] [85841
[23:20:45.026] RX< ][me0][me_core_thread:359]ME out fid 510
[23:20:45.026] RX< [34m[AE] fid=540,exp=11500,adg=300,Y=4457,mtg=180,shg=100,bgbv=1224,iso=300,cnv2,hdr0
[23:20:45.026] RX< [0m[34m[b_ae0 proc] perf=1112(us), max=4251(us)!
[23:20:45.026] RX< [0m[34m[awb0 proc] perf=3834(us), max=3922(us)!
[23:20:45.026] RX< [0m[RTMP] f_index = 540, 
[23:20:46.053] RX< f_len = 14817
[23:20:46.053] RX< [7] [cam] [86841][me0][me_core_thread:359]ME out fid 540
[23:20:46.053] RX< [34m[awb0 proc] perf=6046(us), max=6046(us)!
[23:20:46.053] RX< [0m[34m[AE] fid=570,exp=11430,adg=300,Y=4439,mtg=180,shg=100,bgbv=1229,iso=300,cnv2,hdr0
[23:20:46.053] RX< [0m[7] [cam] [87841][me0][me_core_thread:359]ME
[23:20:47.707] RX<  out fid 570
[23:20:47.707] RX< [34m[AE] fid=600,exp=11010,adg=300,Y=4604,mtg=180,shg=100,bgbv=1312,iso=300,cnv2,hdr0
[23:20:47.707] RX< [0m[34m[ME INTP]fid=600, shutter=11010, perf=2966(us), max=6686(us)!
[23:20:47.707] RX< [0m[7] [cam] [88840][me0][me_core_thread:359]ME out fid 600
[23:20:47.707] RX< [34m[AE] fid=630,exp=13
[23:20:48.043] RX< 580,adg=300,Y=3806,mtg=180,shg=100,bgbv=881,iso=300,cnv2,hdr0
[23:20:48.043] RX< [0m[34m[b_ae0 proc] perf=924(us), max=3489(us)!
[23:20:48.043] RX< [0m[34m[awb0 proc] perf=3853(us), max=6046(us)!
[23:20:48.043] RX< [0m[RTMP] f_index = 630, f_len = 15585
[23:20:48.043] RX< [7] [cam] [89840][me0][me_core_thread:359]ME out fid 
[23:20:50.043] RX< 630
[23:20:50.043] RX< [34m[AE] fid=660,exp=11430,adg=300,Y=4668,mtg=180,shg=100,bgbv=1268,iso=300,cnv2,hdr0
[23:20:50.043] RX< [0m[7] [cam] [90840][me0][me_core_thread:359]ME out fid 660
[23:20:50.043] RX< [34m[AE] fid=690,exp=11070,adg=300,Y=4539,mtg=180,shg=100,bgbv=1292,iso=300,cnv2,hdr0
[23:20:50.043] RX< [0m
[23:20:50.800] RX< [7] [cam] [91840][me0][me_core_thread:359]ME out fid 690
[23:20:50.800] RX< [34m[AE] fid=720,exp=11090,adg=300,Y=4495,mtg=180,shg=100,bgbv=1276,iso=300,cnv2,hdr0
[23:20:50.800] RX< [0m[34m[b_ae0 proc] perf=978(us), max=1323(us)!
[23:20:50.800] RX< [0m[34m[awb0 proc] perf=3819(us), max=3974(us)!
[23:20:50.800] RX< [0m[34m[M
[23:20:52.053] RX< E INTP]fid=720, shutter=11090, perf=5(us), max=5256(us)!
[23:20:52.053] RX< [0m[RTMP] f_index = 720, f_len = 13859
[23:20:52.053] RX< [7] [cam] [92840][me0][me_core_thread:359]ME out fid 720
[23:20:52.053] RX< [34m[AE] fid=750,exp=11120,adg=300,Y=4498,mtg=180,shg=100,bgbv=1276,iso=300,cnv2,hdr0
[23:20:52.053] RX< [0m[7] [cam] [
[23:20:53.705] RX< 93840][me0][me_core_thread:359]ME out fid 750
[23:20:53.705] RX< [34m[AE] fid=780,exp=11120,adg=300,Y=4491,mtg=180,shg=100,bgbv=1276,iso=300,cnv2,hdr0
[23:20:53.705] RX< [0m[7] [cam] [94840][me0][me_core_thread:359]ME out fid 780
[23:20:53.705] RX< [34m[AE] fid=810,exp=11150,adg=300,Y=4478,mtg=180,shg=100,bgb
[23:20:54.700] RX< v=1268,iso=300,cnv2,hdr0
[23:20:54.700] RX< [0m[34m[b_ae0 proc] perf=1030(us), max=3758(us)!
[23:20:54.700] RX< [0m[34m[awb0 proc] perf=3828(us), max=4872(us)!
[23:20:54.700] RX< [0m[RTMP] f_index = 810, f_len = 10906
[23:20:54.700] RX< [7] [cam] [95839][me0][me_core_thread:359]ME out fid 810
[23:20:54.700] RX< [34m[AE] fid=840,exp=11140,adg=
