[04:45:24.425] [INFO] VX100 EVB 自动化测试启动，运行时间戳: 20260819_044524
[04:45:24.425] [INFO] 启用模块: ['wifi_check', 'wifi_scan', 'wifi_join', 'emmc', 'ftp', 'photo', 'video', 'rtmp']
[04:45:24.426] [INFO] 开始自动探测 EVB 串口，候选端口 ['/dev/ttyUSB1']，候选波特率 [2000000, 250000, 115200, 921600]
[04:45:24.426] [DEBUG] 探测 /dev/ttyUSB1 @ 2000000 ...
[04:45:26.736] [INFO]   命中 EVB 指纹: /dev/ttyUSB1 @ 2000000
[04:45:26.736] [INFO] 探测到 EVB: /dev/ttyUSB1 @ 2000000
[04:45:26.740] [INFO] 串口已打开: /dev/ttyUSB1 @ 2000000 bps
[04:45:28.741] [INFO] EVB 已就绪
[04:45:30.745] [DEBUG] 串口自检通过
[04:45:30.745] [INFO] 预清理板子状态...
[04:45:51.892] [INFO] 使用默认 WiFi: SW-test-2.4G
[04:46:00.778] [INFO] WiFi 连接成功: SW-test-2.4G / IP=192.168.1.101
[04:46:05.784] [INFO] 本次执行模块顺序: ['wifi_check', 'wifi_scan', 'wifi_join', 'emmc', 'ftp', 'photo', 'video', 'rtmp']
[04:46:05.784] >>> 模块 [wifi_check] 开始执行
[04:46:05.784]     - 执行模块: wifi_check
[04:46:07.807] [PASS] wifi_check (2022ms) - 已联网，IP=192.168.1.101（跳过 wifi scan/join）
[04:46:07.807] <<< 模块 [wifi_check] 结束，耗时 2.0s（结果 PASS）
[04:46:07.807] >>> 模块 [wifi_scan] 开始执行
[04:46:07.807]     - 执行模块: wifi_scan
[04:46:07.807] [SKIP] wifi_scan (0ms) - WiFi 已连接（IP=192.168.1.101），跳过扫描测试
[04:46:07.807] <<< 模块 [wifi_scan] 结束，耗时 0.0s（结果 SKIP）
[04:46:07.807] >>> 模块 [wifi_join] 开始执行
[04:46:07.807]     - 执行模块: wifi_join
[04:46:07.808] [SKIP] wifi_join (0ms) - WiFi 已连接 (SW-test-2.4G/192.168.1.101)，跳过 join 测试
[04:46:07.808] <<< 模块 [wifi_join] 结束，耗时 0.0s（结果 SKIP）
[04:46:07.808] >>> 模块 [emmc] 开始执行
[04:46:07.808]     - 执行模块: emmc
[04:46:09.809] [PASS] emmc (2000ms) - 已进入 /emmc（自动挂载）
[04:46:09.809] <<< 模块 [emmc] 结束，耗时 2.0s（结果 PASS）
[04:46:09.809] >>> 模块 [ftp] 开始执行
[04:46:09.809]     - 执行模块: ftp
[04:46:15.932] [DEBUG] FTP 已连接 192.168.1.101:21 (尝试 1)
[04:46:16.171] [PASS] ftp (6361ms) - FTP 已连接 192.168.1.101，/emmc 列出 4 项
[04:46:16.172] <<< 模块 [ftp] 结束，耗时 6.4s（结果 PASS）
[04:46:16.172] >>> 模块 [photo] 开始执行
[04:46:16.172]     - 执行模块: photo
[04:46:16.298] [DEBUG] FTP 已连接 192.168.1.101:21 (尝试 1)
[04:46:16.298] [DEBUG] FTP 已重新连接
[04:46:16.298]   拍照测试: 模式 auto
[04:46:22.288] [DEBUG] FTP 已连接 192.168.1.101:21 (尝试 1)
[04:46:22.288] [DEBUG] FTP 已重新连接
[04:46:22.933] [DEBUG] FTP 已连接 192.168.1.101:21 (尝试 1)
[04:46:23.826] [PASS] photo[auto] (7527ms) - JPEG OK 1285KB | 拍照成功，保存到 /emmc/PIC/20260101_000057_7610 | 已下载到 logs/20260819_044524/photos/auto_20260101_000057_7610_Image_20260101_000057_7610_0.jpg
[04:46:23.826] <<< 模块 [photo] 结束，耗时 7.7s（结果 PASS）
[04:46:23.826] >>> 模块 [video] 开始执行
[04:46:23.826]     - 执行模块: video
[04:46:23.929] [DEBUG] FTP 已连接 192.168.1.101:21 (尝试 1)
[04:46:23.929] [DEBUG] FTP 已重新连接
[04:46:23.929]   录像测试: 1080p / 180s
[04:46:26.163] [INFO] 拍摄开始（1080p / 180s）...
[04:49:26.805] [INFO] 拍摄结束，耗时 180.6s
[04:49:27.972] [DEBUG] FTP 已连接 192.168.1.101:21 (尝试 1)
[04:49:27.973] [DEBUG] FTP 已重新连接
[04:49:28.269] [INFO] FTP 开始下载视频: /emmc/VIDEO/20260101_000104_4862/Video_4862_0.h265 (399128KB) -> logs/20260819_044524/videos/Video_4862_0.h265
[04:49:28.382] [DEBUG] FTP 已连接 192.168.1.101:21 (尝试 1)
[05:11:27.256] [INFO] FTP 下载完成，耗时 1319.0s
[05:11:27.257] [PASS] video (1503327ms) - 录像成功，文件 /emmc/VIDEO/20260101_000104_4862/Video_4862_0.h265，399128KB | 已下载到 logs/20260819_044524/videos/Video_4862_0.h265
[05:11:27.257] <<< 模块 [video] 结束，耗时 1503.4s（结果 PASS）
[05:11:27.257] >>> 模块 [rtmp] 开始执行
[05:11:27.257] [INFO] 自动检测到 PC IP: 192.168.1.89
[05:11:27.257]     - 执行模块: rtmp
[05:11:27.257] [INFO] 检查 RTMP 服务端 (nginx-rtmp) 是否监听 :1935
[05:11:27.258] [INFO] nginx-rtmp 就绪，RTMP 监听 :1935
[05:11:27.258]   RTMP 推流测试: rtmp://192.168.1.89/live/cam / 600s
[05:11:27.563] [INFO] 推流命令已下发，等待 EVB 建连上线...
[05:11:30.570] [INFO] 已在独立终端窗口启动 ffplay 画面确认 (/usr/bin/gnome-terminal)
[05:11:30.571] [INFO] ffprobe 探测 RTMP 流: rtmp://192.168.1.89/live/cam
[05:11:37.595] [INFO] 推流保持 600s（ffplay 画面可手动关闭，不影响测试）...
[05:12:07.610] [INFO]   推流已保持 30/600s ...
[05:12:37.638] [INFO]   推流已保持 60/600s ...
[05:13:07.651] [INFO]   推流已保持 90/600s ...
[05:13:37.662] [INFO]   推流已保持 120/600s ...
[05:14:07.690] [INFO]   推流已保持 150/600s ...
[05:14:37.720] [INFO]   推流已保持 180/600s ...
[05:15:07.750] [INFO]   推流已保持 210/600s ...
[05:15:37.778] [INFO]   推流已保持 240/600s ...
[05:16:07.806] [INFO]   推流已保持 270/600s ...
[05:16:37.834] [INFO]   推流已保持 300/600s ...
[05:17:07.862] [INFO]   推流已保持 330/600s ...
[05:17:37.890] [INFO]   推流已保持 360/600s ...
[05:18:07.918] [INFO]   推流已保持 390/600s ...
[05:18:37.946] [INFO]   推流已保持 420/600s ...
[05:19:07.974] [INFO]   推流已保持 450/600s ...
[05:19:38.002] [INFO]   推流已保持 480/600s ...
[05:20:08.030] [INFO]   推流已保持 510/600s ...
[05:20:38.058] [INFO]   推流已保持 540/600s ...
[05:21:08.081] [INFO]   推流已保持 570/600s ...
[05:21:38.097] [INFO]   推流已保持 600/600s ...
[05:21:46.301] [PASS] rtmp (619043ms) - 推流验证通过: h264 1296x2304 (ffprobe 实时探测)
[05:21:46.301] <<< 模块 [rtmp] 结束，耗时 619.0s（结果 PASS）
[05:21:46.324] ==================================================
[05:21:46.324] 测试完成：共 8 项 | 通过 6 | 失败 0 | 跳过 2 | 错误 0 | 通过率 75.0% | 总耗时 2140.3s
[05:21:46.324] ==================================================
[05:21:46.324] [INFO]   json 报告: reports/20260819_044524/result.json
[05:21:46.324] [INFO]   junit 报告: reports/20260819_044524/junit.xml
[05:21:46.324] [INFO]   html 报告: reports/20260819_044524/report.html
[05:22:12.206] [INFO] 已记录本次测试问题到: logs/problem/20260819_044524.log
[05:22:12.406] [DEBUG] 串口已关闭
