[03:04:04.140] TX> 
[03:04:05.140] TX> 
[03:04:06.140] RX< 
[03:04:06.140] RX< msh />[33m[W/ftp] service go wrong, now wait restarting...[0m
[03:04:06.140] RX< [33m[W/ftp] service go wrong, now wait restarting...[0m
[03:04:06.140] RX< 
[03:04:06.140] RX< msh />[33m[W/ftp] service go wrong, now wait restarting...[0m
[03:04:06.140] RX< [33m[W/ftp] service go wrong, now wait restarting...[0m
[03:04:06.350] TX> echo "EVBTEST_HELLO"
[03:04:06.350] TX> echo "__EVBTEST_END_d3fe7293__"
[03:04:07.347] RX< echo "EVBTEST_HELLO"
[03:04:07.347] RX< EVBTEST_HELLO
[03:04:07.347] RX< msh />echo "__EVBTEST_END_d3fe7293__"
[03:04:07.347] RX< __EVBTEST_END_d3fe7293__
[03:04:07.347] RX< msh />[33m[W/ftp] service go wrong, now wait restarting...[0m
[03:04:07.347] RX< [33m[W/ftp] service go wrong, now wait restarting...[0m
[03:04:07.347] RX< [33m[W/ftp] service go wrong, now w
[03:04:07.549] TX> cd /
[03:04:07.549] TX> echo "__EVBTEST_END_0c42e557__"
[03:04:08.403] RX< ait restarting...[0m
[03:04:08.403] RX< cd /
[03:04:08.403] RX< msh />echo "__EVBTEST_END_0c42e55[33m[W/ftp] service go wrong, now wait restarting...[0m
[03:04:08.403] RX< 7__"
[03:04:08.403] RX< __EVBTEST_END_0c42e557__
[03:04:08.403] RX< msh />[33m[W/ftp] service go wrong, now wait restarting...[0m
[03:04:08.403] RX< [33m[W/ftp] service go wrong, now wait rest
[03:04:08.604] TX> dfs_video_stop
[03:04:08.604] TX> echo "__EVBTEST_END_edebb88c__"
[03:04:09.412] RX< arting...[0m
[03:04:09.412] RX< dfs_video_stop
[03:04:09.412] RX< [6] [App Dfs] Please start recording the video first.
[03:04:09.412] RX< msh />echo "__EVBTEST_END_edebb88c__"
[03:04:09.412] RX< __EVBTEST_END_edebb88c__
[03:04:09.412] RX< msh />[33m[W/ftp] service go wrong, now wait restarting...[0m
[03:04:09.412] RX< [33m[W/ftp] service go wrong, now wait restar
[03:04:09.613] TX> ftp_server
[03:04:09.613] TX> echo "__EVBTEST_END_2432070b__"
[03:04:11.332] RX< ting...[0m
[03:04:11.332] RX< ftp_server
[03:04:11.332] RX< 
[03:04:11.332] RX< [FTP] Ftp server init success!!!
[03:04:11.332] RX< msh />echo "__EVBTEST_END_2432070b__"
[03:04:11.332] RX< __EVBTEST_END_2432070b__
[03:04:11.332] RX< msh />[33m[W/ftp] service go wrong, now wait restarting...[0m
[03:04:11.332] RX< [33m[W/ftp] service go wrong, now wait restarting...[0m
[03:04:11.332] RX< [33m[W/ftp]
[03:04:12.561] TX> wifi join G-Demo Gdemo@123
[03:04:12.561] TX> echo "__EVBTEST_END_048368af__"
[03:04:13.333] RX<  service go wrong, now wait restarting...[0m
[03:04:13.333] RX< [33m[W/ftp] service go wrong, now wait restarting...[0m
[03:04:13.333] RX< [33m[W/ftp] service go wrong, now wait restarting...[0m
[03:04:13.333] RX< wifi join G-Demo Gdemo@123
[03:04:13.333] RX< [33m[W/ftp] service go wrong, now wait restarting...[0m
[03:04:14.419] RX< [33m[W/ftp] service go wrong, now wait restarting...[0m
[03:04:14.419] RX< [33m[W/ftp] service go wrong, now wait restarting...[0m
[03:04:14.419] RX< [33m[W/ftp] service go wrong, now wait restarting...[0m
[03:04:14.419] RX< [33m[W/ftp] service go wrong, now wait restarting...[0m
[03:04:14.419] RX< [33m[W/ftp] service go 
[03:04:15.400] RX< wrong, now wait restarting...[0m
[03:04:15.400] RX< [33m[W/WLAN.mgnt] F:rt_wlan_connect L:935 not find ap! ssid:G-Demo,info.ssid.len=6[0m
[03:04:15.400] RX< msh />echo "__EVBTEST_END_048368af__"
[03:04:15.400] RX< __EVBTEST_END_048368af__
[03:04:15.400] RX< msh />[33m[W/ftp] service go wrong, now wait restarting...[0m
[03:04:15.400] RX< [33m[W
[03:04:16.420] RX< /ftp] service go wrong, now wait restarting...[0m
[03:04:16.420] RX< [33m[W/ftp] service go wrong, now wait restarting...[0m
[03:04:16.420] RX< [33m[W/ftp] service go wrong, now wait restarting...[0m
[03:04:16.420] RX< [33m[W/ftp] service go wrong, now wait restarting...[0m
[03:04:16.420] RX< [33m[W/ftp] service go wrong, 
[03:04:18.340] RX< now wait restarting...[0m
[03:04:18.340] RX< [33m[W/ftp] service go wrong, now wait restarting...[0m
[03:04:18.340] RX< [33m[W/ftp] service go wrong, now wait restarting...[0m
[03:04:18.340] RX< [33m[W/ftp] service go wrong, now wait restarting...[0m
[03:04:18.340] RX< [33m[W/ftp] service go wrong, now wait restarting...[
[03:04:19.427] RX< 0m
[03:04:19.427] RX< [33m[W/ftp] service go wrong, now wait restarting...[0m
[03:04:19.427] RX< [33m[W/ftp] service go wrong, now wait restarting...[0m
[03:04:19.427] RX< [33m[W/ftp] service go wrong, now wait restarting...[0m
[03:04:19.427] RX< [33m[W/ftp] service go wrong, now wait restarting...[0m
[03:04:19.427] RX< [33m[W/ftp] service 
[03:04:21.347] RX< go wrong, now wait restarting...[0m
[03:04:21.347] RX< [33m[W/ftp] service go wrong, now wait restarting...[0m
[03:04:21.347] RX< [33m[W/ftp] service go wrong, now wait restarting...[0m
[03:04:21.347] RX< [33m[W/ftp] service go wrong, now wait restarting...[0m
[03:04:21.347] RX< [33m[W/ftp] service go wrong, now wait resta
[03:04:22.419] RX< rting...[0m
[03:04:22.419] RX< [33m[W/ftp] service go wrong, now wait restarting...[0m
[03:04:22.419] RX< [33m[W/ftp] service go wrong, now wait restarting...[0m
[03:04:22.419] RX< [33m[W/ftp] service go wrong, now wait restarting...[0m
[03:04:22.419] RX< [33m[W/ftp] service go wrong, now wait restarting...[0m
[03:04:22.419] RX< [33m[W/ftp
[03:04:24.338] RX< ] service go wrong, now wait restarting...[0m
[03:04:24.338] RX< [33m[W/ftp] service go wrong, now wait restarting...[0m
[03:04:24.338] RX< [33m[W/ftp] service go wrong, now wait restarting...[0m
[03:04:24.338] RX< [33m[W/ftp] service go wrong, now wait restarting...[0m
[03:04:24.338] RX< [33m[W/ftp] service go wrong, now 
[03:04:25.426] RX< wait restarting...[0m
[03:04:25.426] RX< [33m[W/ftp] service go wrong, now wait restarting...[0m
[03:04:25.426] RX< [33m[W/ftp] service go wrong, now wait restarting...[0m
[03:04:25.426] RX< [33m[W/ftp] service go wrong, now wait restarting...[0m
[03:04:25.426] RX< [33m[W/ftp] service go wrong, now wait restarting...[0m
[03:04:25.426] RX< 
[03:04:27.346] RX< [33m[W/ftp] service go wrong, now wait restarting...[0m
[03:04:27.346] RX< [33m[W/ftp] service go wrong, now wait restarting...[0m
[03:04:27.346] RX< [33m[W/ftp] service go wrong, now wait restarting...[0m
[03:04:27.346] RX< [33m[W/ftp] service go wrong, now wait restarting...[0m
[03:04:27.346] RX< [33m[W/ftp] service go w
[03:04:28.402] RX< rong, now wait restarting...[0m
[03:04:28.402] RX< [33m[W/ftp] service go wrong, now wait restarting...[0m
[03:04:28.402] RX< [33m[W/ftp] service go wrong, now wait restarting...[0m
[03:04:28.402] RX< [33m[W/ftp] service go wrong, now wait restarting...[0m
[03:04:28.402] RX< [33m[W/ftp] service go wrong, now wait restartin
[03:04:30.338] RX< g...[0m
[03:04:30.338] RX< [33m[W/ftp] service go wrong, now wait restarting...[0m
[03:04:30.338] RX< [33m[W/ftp] service go wrong, now wait restarting...[0m
[03:04:30.338] RX< [33m[W/ftp] service go wrong, now wait restarting...[0m
[03:04:30.338] RX< [33m[W/ftp] service go wrong, now wait restarting...[0m
[03:04:30.338] RX< [33m[W/ftp] se
[03:04:31.409] RX< rvice go wrong, now wait restarting...[0m
[03:04:31.409] RX< [33m[W/ftp] service go wrong, now wait restarting...[0m
[03:04:31.409] RX< [33m[W/ftp] service go wrong, now wait restarting...[0m
[03:04:31.409] RX< [33m[W/ftp] service go wrong, now wait restarting...[0m
[03:04:31.409] RX< [33m[W/ftp] service go wrong, now wait
[03:04:33.345] RX<  restarting...[0m
[03:04:33.345] RX< [33m[W/ftp] service go wrong, now wait restarting...[0m
[03:04:33.345] RX< [33m[W/ftp] service go wrong, now wait restarting...[0m
[03:04:33.345] RX< [33m[W/ftp] service go wrong, now wait restarting...[0m
[03:04:33.345] RX< [33m[W/ftp] service go wrong, now wait restarting...[0m
[03:04:33.345] RX< [33m
[03:04:34.401] RX< [W/ftp] service go wrong, now wait restarting...[0m
[03:04:34.401] RX< [33m[W/ftp] service go wrong, now wait restarting...[0m
[03:04:34.401] RX< [33m[W/ftp] service go wrong, now wait restarting...[0m
[03:04:34.401] RX< [33m[W/ftp] service go wrong, now wait restarting...[0m
[03:04:34.401] RX< [33m[W/ftp] service go wrong
[03:04:35.424] RX< , now wait restarting...[0m
[03:04:35.424] RX< [33m[W/ftp] service go wrong, now wait restarting...[0m
[03:04:35.424] RX< [33m[W/ftp] service go wrong, now wait restarting...[0m
[03:04:35.424] RX< [33m[W/ftp] service go wrong, now wait restarting...[0m
[03:04:35.424] RX< [33m[W/ftp] service go wrong, now wait restarting...
[03:04:37.408] RX< [0m
[03:04:37.408] RX< [33m[W/ftp] service go wrong, now wait restarting...[0m
[03:04:37.408] RX< [33m[W/ftp] service go wrong, now wait restarting...[0m
[03:04:37.408] RX< [33m[W/ftp] service go wrong, now wait restarting...[0m
[03:04:37.408] RX< [33m[W/ftp] service go wrong, now wait restarting...[0m
[03:04:37.408] RX< [33m[W/ftp] servic
[03:04:38.415] RX< e go wrong, now wait restarting...[0m
[03:04:38.415] RX< [33m[W/ftp] service go wrong, now wait restarting...[0m
[03:04:38.415] RX< [33m[W/ftp] service go wrong, now wait restarting...[0m
[03:04:38.415] RX< [33m[W/ftp] service go wrong, now wait restarting...[0m
[03:04:38.415] RX< [33m[W/ftp] service go wrong, now wait res
[03:04:40.399] RX< tarting...[0m
[03:04:40.399] RX< [33m[W/ftp] service go wrong, now wait restarting...[0m
[03:04:40.399] RX< [33m[W/ftp] service go wrong, now wait restarting...[0m
[03:04:40.399] RX< [33m[W/ftp] service go wrong, now wait restarting...[0m
[03:04:40.399] RX< [33m[W/ftp] service go wrong, now wait restarting...[0m
[03:04:40.399] RX< [33m[W/f
[03:04:41.420] RX< tp] service go wrong, now wait restarting...[0m
[03:04:41.420] RX< [33m[W/ftp] service go wrong, now wait restarting...[0m
[03:04:41.420] RX< [33m[W/ftp] service go wrong, now wait restarting...[0m
[03:04:41.420] RX< [33m[W/ftp] service go wrong, now wait restarting...[0m
[03:04:41.420] RX< [33m[W/ftp] service go wrong, no
[03:04:43.338] RX< w wait restarting...[0m
[03:04:43.338] RX< [33m[W/ftp] service go wrong, now wait restarting...[0m
[03:04:43.338] RX< [33m[W/ftp] service go wrong, now wait restarting...[0m
[03:04:43.338] RX< [33m[W/ftp] service go wrong, now wait restarting...[0m
[03:04:43.338] RX< [33m[W/ftp] service go wrong, now wait restarting...[0m
