[03:02:56.093] [INFO] VX100 EVB 自动化测试启动，运行时间戳: 20260817_030256
[03:02:56.093] [INFO] 启用模块: ['wifi_join', 'rtmp']
[03:02:56.093] [INFO] 开始自动探测 EVB 串口，候选端口 ['/dev/ttyUSB0']，候选波特率 [2000000, 250000, 115200, 921600]
[03:02:56.093] [DEBUG] 探测 /dev/ttyUSB0 @ 2000000 ...
[03:02:58.398] [INFO]   命中 EVB 指纹: /dev/ttyUSB0 @ 2000000
[03:02:58.398] [INFO] 探测到 EVB: /dev/ttyUSB0 @ 2000000
[03:02:58.400] [INFO] 串口已打开: /dev/ttyUSB0 @ 2000000 bps
[03:03:00.400] [INFO] EVB 已就绪
[03:03:02.401] [DEBUG] 串口自检通过
[03:03:02.401] [INFO] 预清理板子状态...
[03:03:09.417] [INFO] 本次执行模块顺序: ['wifi_join', 'rtmp']
[03:03:09.417] >>> 执行模块: wifi_join
[03:03:39.619] [FAIL] wifi_join (0ms) - 连接失败或未获取 IP (G-Demo)
[03:03:39.619] [SKIP] rtmp (0ms) - 依赖模块未通过: ['wifi_join']
[03:03:39.661] ==================================================
[03:03:39.661] 测试完成：共 2 项 | 通过 0 | 失败 1 | 跳过 1 | 错误 0 | 通过率 0.0% | 总耗时 0.0s
[03:03:39.661] ==================================================
[03:03:39.661] [INFO]   json 报告: reports/20260817_030256/result.json
[03:03:39.661] [INFO]   junit 报告: reports/20260817_030256/junit.xml
[03:03:39.661] [INFO]   html 报告: reports/20260817_030256/report.html
[03:03:41.561] [DEBUG] 串口已关闭
