[04:08:23.264] [INFO] VX100 EVB 自动化测试启动，运行时间戳: 20260813_040823
[04:08:23.265] [INFO] 启用模块: ['wifi_check', 'wifi_scan', 'wifi_join', 'emmc', 'ftp', 'photo', 'video', 'rtmp']
[04:08:23.266] [INFO] 开始自动探测 EVB 串口，候选端口 ['/dev/ttyUSB0', '/dev/ttyUSB1', '/dev/ttyUSB2']，候选波特率 [2000000, 250000, 115200, 921600]
[04:08:23.266] [DEBUG] 探测 /dev/ttyUSB0 @ 2000000 ...
[04:08:25.572] [INFO]   命中 EVB 指纹: /dev/ttyUSB0 @ 2000000
[04:08:25.572] [DEBUG] 探测 /dev/ttyUSB1 @ 2000000 ...
[04:08:27.876] [DEBUG] 探测 /dev/ttyUSB1 @ 250000 ...
[04:08:30.179] [DEBUG] 探测 /dev/ttyUSB1 @ 115200 ...
[04:08:32.483] [DEBUG] 探测 /dev/ttyUSB1 @ 921600 ...
[04:08:34.787] [DEBUG] 探测 /dev/ttyUSB2 @ 2000000 ...
[04:08:37.091] [DEBUG] 探测 /dev/ttyUSB2 @ 250000 ...
[04:08:39.393] [DEBUG] 探测 /dev/ttyUSB2 @ 115200 ...
[04:08:41.697] [DEBUG] 探测 /dev/ttyUSB2 @ 921600 ...
[04:08:44.001] [INFO] 探测到 EVB: /dev/ttyUSB0 @ 2000000
[04:08:44.003] [INFO] 串口已打开: /dev/ttyUSB0 @ 2000000 bps
[04:08:46.003] [INFO] EVB 已就绪
[04:08:48.004] [DEBUG] 串口自检通过
[04:08:48.005] [INFO] 预清理板子状态...
[04:08:55.020] [INFO] 本次执行模块顺序: ['wifi_check', 'wifi_scan', 'wifi_join', 'emmc', 'ftp', 'photo', 'video', 'rtmp']
[04:08:55.020] >>> 执行模块: wifi_check
[04:08:57.009] [PASS] wifi_check (1989ms) - 未联网，将继续 scan/join
[04:08:57.010] >>> 执行模块: wifi_scan
[04:09:01.015] [PASS] wifi_scan (4005ms) - 扫描到 7 个 AP
[04:09:01.015] >>> 执行模块: wifi_join
[04:09:31.021] [FAIL] wifi_join (0ms) - 连接失败或未获取 IP (G-Demo)
[04:09:31.021] >>> 执行模块: emmc
[04:09:33.009] [PASS] emmc (1988ms) - 已进入 /emmc（自动挂载）
[04:09:33.009] [SKIP] ftp (0ms) - 依赖模块未通过: ['wifi_join']
[04:09:33.010] >>> 执行模块: photo
[04:09:33.010] [SKIP] photo (0ms) - FTP 客户端不可用，跳过拍照
[04:09:33.010] >>> 执行模块: video
[04:09:33.010] [SKIP] video (0ms) - FTP 客户端不可用，跳过录像
[04:09:33.010] [SKIP] rtmp (0ms) - 依赖模块未通过: ['wifi_join']
[04:09:33.052] ==================================================
[04:09:33.052] 测试完成：共 8 项 | 通过 3 | 失败 1 | 跳过 4 | 错误 0 | 通过率 37.5% | 总耗时 8.0s
[04:09:33.052] ==================================================
[04:09:33.052] [INFO]   json 报告: reports/20260813_040823/result.json
[04:09:33.052] [INFO]   junit 报告: reports/20260813_040823/junit.xml
[04:09:33.052] [INFO]   html 报告: reports/20260813_040823/report.html
[04:09:35.013] [DEBUG] 串口已关闭
