[08:14:27.323] [INFO] VX100 EVB 自动化测试启动，运行时间戳: 20260812_081427
[08:14:27.323] [INFO] 启用模块: ['wifi_scan', 'wifi_join', 'emmc', 'ftp', 'photo', 'video']
[08:14:27.324] [INFO] 开始自动探测 EVB 串口，候选端口 ['/dev/ttyUSB0', '/dev/ttyUSB1', '/dev/ttyUSB2']，候选波特率 [2000000, 250000, 115200, 921600]
[08:14:27.324] [DEBUG] 探测 /dev/ttyUSB0 @ 2000000 ...
[08:14:29.632] [INFO]   命中 EVB 指纹: /dev/ttyUSB0 @ 2000000
[08:14:29.632] [DEBUG] 探测 /dev/ttyUSB1 @ 2000000 ...
[08:14:31.936] [DEBUG] 探测 /dev/ttyUSB1 @ 250000 ...
[08:14:34.239] [DEBUG] 探测 /dev/ttyUSB1 @ 115200 ...
[08:14:36.543] [DEBUG] 探测 /dev/ttyUSB1 @ 921600 ...
[08:14:38.847] [DEBUG] 探测 /dev/ttyUSB2 @ 2000000 ...
[08:14:41.152] [DEBUG] 探测 /dev/ttyUSB2 @ 250000 ...
[08:14:43.455] [DEBUG] 探测 /dev/ttyUSB2 @ 115200 ...
[08:14:45.759] [DEBUG] 探测 /dev/ttyUSB2 @ 921600 ...
[08:14:48.061] [INFO] 探测到 EVB: /dev/ttyUSB0 @ 2000000
[08:14:48.063] [INFO] 串口已打开: /dev/ttyUSB0 @ 2000000 bps
[08:14:52.065] [INFO] EVB 已就绪
[08:14:54.067] [DEBUG] 串口自检通过
[08:14:54.067] [INFO] 预清理板子状态...
[08:15:00.088] [INFO] 本次执行模块顺序: ['wifi_scan', 'wifi_join', 'emmc', 'ftp', 'photo', 'video']
[08:15:00.088] >>> 执行模块: wifi_scan
[08:15:03.957] [PASS] wifi_scan (3869ms) - 扫描到 20 个 AP（其中 2 个 RSSI<-70 信号弱）
[08:15:03.957] >>> 执行模块: wifi_join
[08:15:11.963] [PASS] wifi_join (8005ms) - 已连接 G-Demo，IP=10.1.90.71
[08:15:11.963] >>> 执行模块: emmc
[08:15:13.965] [PASS] emmc (2001ms) - 已进入 /emmc（自动挂载）
[08:15:13.965] >>> 执行模块: ftp
[08:15:19.225] [DEBUG] FTP 已连接 10.1.90.71:21 (尝试 1)
[08:15:20.494] [PASS] ftp (6529ms) - FTP 已连接 10.1.90.71，/emmc 列出 3 项
[08:15:20.494] >>> 执行模块: photo
[08:15:20.978]   拍照测试: 模式 auto
[08:15:25.972] [DEBUG] 强制重连 FTP
[08:15:29.604] [DEBUG] FTP 已连接 10.1.90.71:21 (尝试 1)
[08:15:29.604] [INFO] FTP 已恢复
[08:15:34.164] [PASS] photo[auto] (13185ms) - JPEG OK 680KB | 拍照成功，保存到 /emmc/PIC/20260812_111522_6722
[08:15:34.164] >>> 执行模块: video
[08:15:34.482]   录像测试: 1080p / 5s
[08:15:40.994] [DEBUG] 强制重连 FTP
[08:15:43.627] [DEBUG] FTP 已连接 10.1.90.71:21 (尝试 1)
[08:15:43.627] [INFO] FTP 已恢复
[08:15:43.954] [PASS] video (9472ms) - 录像成功，文件 /emmc/VIDEO/20260812_111533_8488/Video_8488_0.h265，9989KB
[08:15:44.002] ==================================================
[08:15:44.002] 测试完成：共 6 项 | 通过 6 | 失败 0 | 跳过 0 | 错误 0 | 通过率 100.0% | 总耗时 43.1s
[08:15:44.002] ==================================================
[08:15:44.002] [INFO]   json 报告: reports/20260812_081427/result.json
[08:15:44.002] [INFO]   junit 报告: reports/20260812_081427/junit.xml
[08:15:44.002] [INFO]   html 报告: reports/20260812_081427/report.html
[08:15:45.999] [DEBUG] 串口已关闭
