[08:14:48.063] TX> 
[08:14:49.064] TX> 
[08:14:50.064] RX< 
[08:14:50.064] RX< msh />
[08:14:50.064] RX< msh />
[08:14:50.064] TX> 
[08:14:51.065] TX> 
[08:14:52.065] RX< 
[08:14:52.065] RX< msh />
[08:14:52.065] RX< msh />
[08:14:52.073] TX> echo "EVBTEST_HELLO"
[08:14:52.073] TX> echo "__EVBTEST_END_3ce7fde6__"
[08:14:54.067] RX< echo "EVBTEST_HELLO"
[08:14:54.067] RX< EVBTEST_HELLO
[08:14:54.067] RX< msh />echo "__EVBTEST_END_3ce7fde6__"
[08:14:54.067] RX< __EVBTEST_END_3ce7fde6__
[08:14:54.067] RX< msh />
[08:14:54.073] TX> dfs_video_stop
[08:14:54.073] TX> echo "__EVBTEST_END_52af0533__"
[08:14:56.069] RX< dfs_video_stop
[08:14:56.069] RX< [6] [App Dfs] Please start recording the video first.
[08:14:56.069] RX< msh />echo "__EVBTEST_END_52af0533__"
[08:14:56.069] RX< __EVBTEST_END_52af0533__
[08:14:56.069] RX< msh />
[08:14:56.077] TX> wifi disc
[08:14:56.077] TX> echo "__EVBTEST_END_33a84215__"
[08:14:58.071] RX< wifi disc
[08:14:58.071] RX< [32m[I/WLAN.mgnt] disconnect success![0m
[08:14:58.071] RX< msh />echo "__EVBTEST_END_33a84215__"
[08:14:58.071] RX< __EVBTEST_END_33a84215__
[08:14:58.071] RX< msh />
[08:14:58.077] TX> ftp_server
[08:14:58.077] TX> echo "__EVBTEST_END_f8d4ff43__"
[08:15:00.073] RX< ftp_server
[08:15:00.073] RX< 
[08:15:00.073] RX< [FTP] Ftp server init success!!!
[08:15:00.073] RX< msh />echo "__EVBTEST_END_f8d4ff43__"
[08:15:00.073] RX< __EVBTEST_END_f8d4ff43__
[08:15:00.073] RX< msh />
[08:15:00.093] TX> wifi scan
[08:15:00.093] TX> echo "__EVBTEST_END_2663ed8f__"
[08:15:00.362] RX< wifi scan
[08:15:00.362] RX<              SSID                      MAC            security    rssi chn Mbps
[08:15:00.362] RX< ------------------------------- -----------------  -------------- ---- --- ----
[08:15:00.362] RX< HUAWEI-AX2                      02:25:74:39:4e:47  WPA2_AES_PSK   -56    1  300
[08:15:00.362] RX< alk 
[08:15:00.488] RX<                             2c:97:b1:17:2e:a0  WPA2_AES_PSK   -56    6   72
[08:15:00.488] RX< alk_guest                       2c:97:b1:17:2e:a1  WPA2_MIXED_PSK -56    6   72
[08:15:00.488] RX< G-Demo                          f4:e4:51:83:d5:82  WPA2_AES_PSK   -50    6  144
[08:15:00.488] RX< ftp_test_2_4G    
[08:15:00.666] RX<                62:ed:11:f2:02:a7  WPA2_AES_PSK   -33    9  144
[08:15:00.666] RX<  Gwireless                      f4:e4:51:83:e3:01  WPA2_AES_PSK   -61   11  144
[08:15:00.666] RX< G-Demo                          f4:e4:51:83:e3:02  WPA2_AES_PSK   -62   11  144
[08:15:00.666] RX< MTK_CHEETAH_AP_2.4G           
[08:15:00.808] RX<   e0:ef:02:71:f5:71  OPEN           -43   13  300
[08:15:00.808] RX< ftp_hw_2_4g                     e2:19:01:17:87:d1  WPA2_AES_PSK   -33    1  144
[08:15:00.808] RX< 216                             e4:77:27:d7:02:b0  OPEN           -70    1  144
[08:15:00.808] RX< TP-LINK_5G_756B                 c2:45:86:39
[08:15:01.377] RX< :8c:5f  WPA2_AES_PSK   -56    1  300
[08:15:01.377] RX< DIRECT-9c-HP M283 LaserJet      76:12:b3:8a:52:9c  WPA2_AES_PSK   -70    6  144
[08:15:01.377] RX< alk                             2c:97:b1:17:2a:80  WPA2_AES_PSK   -70    6   72
[08:15:01.377] RX< gravityXR                       f4:e4:51:83:d5:80  WPA2_
[08:15:01.881] RX< AES_PSK   -52    6  144
[08:15:01.881] RX<  Gwireless                      f4:e4:51:83:d5:81  WPA2_AES_PSK   -51    6  144
[08:15:01.881] RX< alk_guest                       2c:97:b1:17:30:61  WPA2_MIXED_PSK -73    6   72
[08:15:01.881] RX< ZJ-WY-WiFi                      cc:20:8c:ad:19:40  WPA2_AES_PSK   -75
[08:15:01.956] RX<    11  144
[08:15:01.956] RX< GTS_24G                         a4:a9:30:fb:94:34  WPA2_AES_PSK   -65   11  288
[08:15:01.956] RX< YundSoft                        48:5f:08:fd:af:2d  WPA2_AES_PSK   -67   11  300
[08:15:01.956] RX< alk                             2c:97:b1:17:46:40  WPA2_AES_PSK   -68   11   72
[08:15:01.956] RX< g
[08:15:03.957] RX< ravityXR                       f4:e4:51:83:e3:00  WPA2_AES_PSK   -64   11  144
[08:15:03.957] RX< msh />echo "__EVBTEST_END_2663ed8f__"
[08:15:03.957] RX< __EVBTEST_END_2663ed8f__
[08:15:03.957] RX< msh />[32m[I/ftp] service launched success.[0m
[08:15:03.965] TX> wifi join G-Demo Gdemo@123
[08:15:03.965] TX> echo "__EVBTEST_END_5de62225__"
[08:15:05.959] RX< wifi join G-Demo Gdemo@123
[08:15:09.962] RX< [32m[I/WLAN.mgnt] wifi connect success ssid:G-Demo[0m
[08:15:09.962] RX< msh />echo "__EVBTEST_END_5de62225__"
[08:15:09.962] RX< __EVBTEST_END_5de62225__
[08:15:09.962] RX< msh />
[08:15:11.963] RX< [32m[I/WLAN.lwip] Got IP address : 10.1.90.71[0m
[08:15:11.969] TX> cd emmc
[08:15:11.969] TX> echo "__EVBTEST_END_fba20e81__"
[08:15:13.965] RX< cd emmc
[08:15:13.965] RX< msh /emmc>echo "__EVBTEST_END_fba20e81__"
[08:15:13.965] RX< __EVBTEST_END_fba20e81__
[08:15:13.965] RX< msh /emmc>[6] [SNTP] rtc synced: 2026-08-12 11:15:11 (tick=617846752)
[08:15:13.973] TX> ftp_server
[08:15:13.973] TX> echo "__EVBTEST_END_fbff1901__"
[08:15:15.967] RX< ftp_server
[08:15:15.967] RX< 
[08:15:15.967] RX< [FTP] Ftp server init success!!!
[08:15:15.967] RX< msh /emmc>echo "__EVBTEST_END_fbff1901__"
[08:15:15.967] RX< __EVBTEST_END_fbff1901__
[08:15:15.967] RX< msh /emmc>
[08:15:19.970] RX< [33m[W/ftp] service go wrong, now wait restarting...[0m
[08:15:20.985] TX> cam_set photo auto
[08:15:20.985] TX> echo "__EVBTEST_END_ebc61f24__"
[08:15:21.971] RX< [33m[W/ftp] service go wrong, now wait restarting...[0m
[08:15:21.971] RX< [33m[W/ftp] service go wrong, now wait restarting...[0m
[08:15:21.971] RX< cam_set photo auto
[08:15:21.971] RX< [6] [App Dfs] auto mode
[08:15:21.971] RX< msh /emmc>echo "__EVBTEST_END_ebc61f24__"
[08:15:21.971] RX< __EVBTEST_END_ebc61f24__
[08:15:21.971] RX< msh /emmc>
[08:15:22.981] TX> dfs_capture_start
[08:15:22.981] TX> echo "__EVBTEST_END_11050d16__"
[08:15:22.988] RX< [33m[W/ftp] service go wrong, now wait restarting...[0m
[08:15:22.988] RX< [33m[W/ftp] service go wrong, now wait restarting...[0m
[08:15:22.988] RX< dfs_capture_start
[08:15:22.988] RX< [7] [cam] [86606][tshell][cgm_parse_bin:105]total logical camera num: 1
[08:15:22.988] RX< [6] [cam] [86606][tshell][cam_prelude_create:187]E
[08:15:22.988] RX<  id, 0
[08:15:22.988] RX< [7] [cam] [86606][cpl0][cam_prelude_proc_routine:101]thread start
[08:15:22.988] RX< [6] [cam] [86607][tshell][cam_prelude_create:214]X ctx size 124 addr 0x88482d18
[08:15:22.988] RX< [6] [cam] [86612][tshell][sensor_probe:418]sensor [1]: identifing 0 success.
[08:15:22.988] RX< [6] [cam] [86614][tshell
[08:15:22.990] RX< ][sensor_probe:441]sensor [1]: probe exit!
[08:15:22.990] RX< [6] [cam] [86614][tshell][cam_prelude_fast_probe:251]cam: 0 probe result: 0
[08:15:22.990] RX< [6] [cam] [86615][tshell][cgm_parse_bin:215]cam(0) probe success
[08:15:22.990] RX< [6] [cam] [86615][tshell][cam_entry:435]entry ok
[08:15:22.990] RX< [34m[cam entry] perf
[08:15:22.991] RX< =9464(us)!
[08:15:22.991] RX< [0m[6] [App Cam] cam entry success
[08:15:22.991] RX< [36mmem_laySolv: scenario=01 in=4032x3024, me_rotate=1 me_stripe=1 
[08:15:22.991] RX< [0m[36mmem_laySolv: me_rot 1, me_stripe 1, eis 0, be_rot 0
[08:15:22.991] RX< [0mscen1 type26 bufAdr 0x89d40b70 sz 0x1400000 reCfg for bound!
[08:15:22.991] RX< [36mmem_lay
[08:15:22.993] RX< Solv: scen01 20 entries solved OK!
[08:15:22.993] RX< [0m[7] [cam] [86617][tshell][cam_solve_whole_layout:355]
[08:15:22.993] RX< scen1: vol 0x8c000000 rbuf 0x8a000000 sz 0x1400000 wbuf 0x8b400000 sz 0x200000
[08:15:22.993] RX< [36mmem_laySolv: scenario=02 in=2016x1512, me_rotate=0 me_stripe=0 
[08:15:22.993] RX< [0m[36mmem_
[08:15:22.993] RX< laySolv: me_rot 0, me_stripe 0, eis 0, be_rot 0
[08:15:22.993] RX< [0mscen2 type15 bufAdr 0x89ce3ef0 sz 0xd00000 reCfg for bound!
[08:15:22.993] RX< [36mmem_laySolv: scen02 14 entries solved OK!
[08:15:22.993] RX< [0m[36mmem_laySolv: scenario=03 in=4032x2268, me_rotate=1 me_stripe=0 
[08:15:22.993] RX< [0m[36mmem_laySolv: 
[08:15:22.996] RX< me_rot 1, me_stripe 0, eis 0, be_rot 0
[08:15:22.996] RX< [0m[36mmem_laySolv: scen03 14 entries solved OK!
[08:15:22.996] RX< [0m[36mmem_laySolv: scenario=04 in=4032x3024, me_rotate=1 me_stripe=1 
[08:15:22.996] RX< [0m[36mmem_laySolv: me_rot 1, me_stripe 1, eis 0, be_rot 0
[08:15:22.996] RX< [0m[36mmem_laySolv: scen04 1
[08:15:22.999] RX< 4 entries solved OK!
[08:15:22.999] RX< [0m[36mmem_laySolv: scenario=05 in=1008x0756, me_rotate=0 me_stripe=0 
[08:15:22.999] RX< [0m[36mmem_laySolv: me_rot 0, me_stripe 0, eis 0, be_rot 0
[08:15:22.999] RX< [0m[36mmem_laySolv: scen05 17 entries solved OK!
[08:15:22.999] RX< [0m[36mmem_laySolv: scenario=06 in=1008x0720, 
[08:15:22.999] RX< me_rotate=0 me_stripe=0 
[08:15:22.999] RX< [0m[36mmem_laySolv: me_rot 0, me_stripe 0, eis 0, be_rot 0
[08:15:22.999] RX< [0m[36mmem_laySolv: scen06 12 entries solved OK!
[08:15:22.999] RX< [0m[36mmem_laySolv: scenario=01 in=4032x3024, me_rotate=1 me_stripe=1 
[08:15:22.999] RX< [0mscen1 type26 bufAdr 0x89d40b70 sz 0x1400
[08:15:23.002] RX< 000 reCfg for bound!
[08:15:23.002] RX< [36mmem_laySolv: scen01 20 entries solved OK!
[08:15:23.002] RX< [0m[7] [cam] [86624][tshell][cam_solve_whole_layout:383]Solve Whole-layout Done!
[08:15:23.002] RX< [6] [cam] [86624][tshell][cgm_parse_media_para:271]phy cam num: 1
[08:15:23.002] RX< [7] [cam] [86625][cer0][cer_recovery_p
[08:15:23.002] RX< roc:343]thread start cid, 0
[08:15:23.002] RX< [6] [cam] [86625][tshell][csc_open:443]SENSOR MCLK cal: 24MHz
[08:15:23.002] RX< [6] [cam] [86626][tshell][csc_isp_clk_cal:344]MIPI CLK cal: 346MHz
[08:15:23.002] RX< [6] [cam] [86626][tshell][csc_isp_clk_cal:371]LITE CLK cal: 28MHz
[08:15:23.002] RX< [7] [cam] [86627][tshell][cpc_c
[08:15:23.008] RX< si_rx_power_on:633]E id: 2
[08:15:23.008] RX< [4] [cam] [86627][tshell][cpc_csi_rx_power_on:644]csi_2 has already power on, STATUS: 1
[08:15:23.008] RX< [6] [cam] [86627][tshell][cpc_update_clock:603]actual SNS mclk: 24MHz
[08:15:23.008] RX< [6] [cam] [86628][tshell][cpc_update_clock:608]actual MIPI0: 500MHz
[08:15:23.008] RX< [
[08:15:23.008] RX< 6] [cam] [86628][tshell][cpc_update_clock:598]actual LITE clk: 50MHz
[08:15:23.008] RX< [7] [cam] [86628][tshell][cam_prelude_open:297][34msnsOpen camID1 csiID0 phyIdx0[0m
[08:15:23.008] RX< [6] [cam] [86633][tshell][sensor_expo_gain_match:48]sensor get sensor expo gain of imx681_vst
[08:15:23.008] RX< [6] [c
[08:15:23.011] RX< am] [86633][tshell][sensor_open:684]sensor [1] open OK.
[08:15:23.011] RX< [6] [cam] [86634][tshell][cam_cpm_parse_media:280]photo scenario, media para[mfnr:0, hdr:0, capture_num:0]
[08:15:23.011] RX< [6] [cam] [86634][tshell][cam_cpm_parse_media:283]photo scenario, media para[iso:0, gain:0, 
[08:15:23.011] RX< wb_mode:0]
[08:15:23.011] RX< [6] [cam] [86635][tshell][csc_isp_clk_cal:353]FE CLK cal: 426MHz, ME CLK cal: 462MHz, FE/ME CLK cal: 508MHz
[08:15:23.011] RX< [6] [cam] [86635][tshell][csc_isp_clk_cal:360]BE CLK cal: 401MHz
[08:15:23.011] RX< [4] [cam] [86636][tshell][cam_fe_core_power_on:269]fe pipe has already
[08:15:23.014] RX<  power on, STATUS: 1
[08:15:23.014] RX< [6] [cam] [86636][tshell][cpc_update_clock:588]actual FE/ME clk: 550MHz
[08:15:23.014] RX< [4] [cam] [86637][tshell][cam_be_core_power_on:964]be pipe has already power on, STATUS: 1
[08:15:23.014] RX< [6] [cam] [86637][tshell][cpc_update_clock:593]actual BE clk: 500MHz
[08:15:23.014] RX< [
[08:15:23.014] RX< 7] [cam] [86638][tshell][cam_cpm_core_power_on:425]id,0 type,1 ret 0
[08:15:23.014] RX< [6] [cam] [86638][tshell][cam_cpm_core_init:914]E id,0 sensor type,1
[08:15:23.014] RX< [6] [cam] [86639][tshell][cpm_core_check_tuningbin:854]Tuning bin crc check PASS! sum 0xc9b121ad, xor 0x29d57d51
[08:15:23.014] RX< [6] 
[08:15:23.017] RX< [cam] [86639][tshell][qpc_tuning_check_iqbin_validness:396]IQ bin addr: 0x8869de60, project_name: capture_12M
[08:15:23.017] RX< [6] [cam] [86640][tshell][qpc_tuning_check_iqbin_validness:397]total_size: 107856
[08:15:23.017] RX< [6] [cam] [86641][tshell][qpc_tuning_check_iqbin_validness:398]
[08:15:23.017] RX< id_count: 93. ID_TOTAL: 94
[08:15:23.017] RX< [6] [cam] [86641][tshell][qpc_tuning_check_iqbin_validness:399]spinel tuning data ver: V1.30
[08:15:23.017] RX< [6] [cam] [86641][tshell][cpm_core_check_tuningbin:868]IQ bin check success!
[08:15:23.017] RX< [6] [cam] [86642][tshell][cam_bm_core_init:94]E
[08:15:23.017] RX< [6] [cam]
[08:15:23.024] RX<  [86642][tshell][bm_lab_init:174]X ctx size 4 addr 0x88455450
[08:15:23.024] RX< [6] [cam] [86643][tshell][cam_bm_core_init:114]X ctx size 180 addr 0x88485878
[08:15:23.024] RX< [6] [cam] [86643][tshell][qpc_core_init:1218]E id,0
[08:15:23.024] RX< [6] [cam] [86644][tshell][qpc_queue_init:65]QPC init qnodes 8,
[08:15:23.024] RX<  size 508, pool 0x88486828
[08:15:23.024] RX< [6] [cam] [86644][tshell][_qpc_get_cap_cfg_para:892]preset capCfg 200 3 4
[08:15:23.024] RX< [7] [cam] [86645][tshell][_qpc_cfg_hdr_frms:840]hdr preset - gainThres 1600
[08:15:23.024] RX< FrmNB:	TNR	|EV-	|EV0	|EV+
[08:15:23.024] RX< LDR:	 3	| 5	| -	| 3
[08:15:23.024] RX< LLLDR:	 3	| 5	| -	| 3
[08:15:23.024] RX< HDR:	 3	| 
[08:15:23.028] RX< 5	| 3	| 1
[08:15:23.028] RX< LLHDR:	 3	| 5	| 3	| 1
[08:15:23.028] RX< 
[08:15:23.028] RX< [6] [cam] [86650][tshell][qpc_core_init:1264]X ctx size 3800 addr 0x88485940
[08:15:23.028] RX< [6] [cam] [86650][tshell][cpm_core_get_param:666]cpm para chk: tunBin-w 4000 h 3000 img-w 4032 h 3024
[08:15:23.028] RX< [6] [cam] [86651][tshell][cam_fe_core_init:
[08:15:23.028] RX< 436]E id,0
[08:15:23.028] RX< [6] [cam] [86651][tshell][cam_fe_core_init:490]X ctx size 100 addr 0x884973b8
[08:15:23.028] RX< [7] [cam] [86652][tshell][qpc_core_fe_chords_init:1659][34mqpc fe init snsOut w 4032 h 3024, tbl w 28 h 20[0m
[08:15:23.028] RX< [6] [cam] [86652][tshell][cam_me_core_init:1474]X ctx 
[08:15:23.031] RX< size 1352 addr 0x88499770
[08:15:23.031] RX< [34m[ME SLICE CFG] perf=1440(us)!
[08:15:23.031] RX< [0m[6] [cam] [86655][tshell][cam_bayer_fe_3a_stats_core_init:445]fe 3a id,0
[08:15:23.031] RX< [6] [cam] [86655][tshell][cam_bayer_fe_3a_stats_core_init:490]X ctx size 132 addr 0x884a2190
[08:15:23.031] RX< [6] [cam] [86655][tshel
[08:15:23.031] RX< l][cam_be_core_init:618]E id,0
[08:15:23.031] RX< [7] [cam] [86656][be0][be_core_irq_proc:267]thread start cid,0
[08:15:23.031] RX< [6] [cam] [86656][tshell][cam_be_core_init:710]X ctx size 464 addr 0x884a2520
[08:15:23.031] RX< [6] [cam] [86656][tshell][cam_lite_core_init:433]E id,0
[08:15:23.031] RX< [7] [cam] [86657][lite0][l
[08:15:23.035] RX< ite_core_irq_proc:152]thread start cid,0
[08:15:23.035] RX< [6] [cam] [86657][tshell][cam_lite_core_init:497]X ctx size 164 addr 0x884a4f70
[08:15:23.035] RX< [6] [cam] [86657][tshell][awb_wrapper_init:66]xxx awb_bin=0x88488f14, awb_bin_length=8068
[08:15:23.035] RX< [6] [cam] [86658][tshell][awb_wrapper_init:
[08:15:23.036] RX< 86]X algo_handle 0x884acfa8
[08:15:23.036] RX< [7] [cam] [86658][awb0][a5_core_wrapper_task:252]thread start cid,0 algo type,2
[08:15:23.036] RX< [6] [cam] [86659][tshell][a5_core_init_task:426]thread created: awb0 mq=0x884af2a0 thread=0x884af3b8 sem=0x884af230 ret=0
[08:15:23.036] RX< [6] [cam] [86659][tshell]
[08:15:23.038] RX< [bayer_ae_wrapper_init:68]E id,0 proc mode 1 
[08:15:23.038] RX< 
[08:15:23.038] RX< [AEC Proc] @[allib_ae_set_debug_log_flag] Line:129:[DEBUG] debug level/to_file/to_terminal: 22/1/1
[08:15:23.038] RX< [AEC Proc] @[AeInit] Line:377:[INFO] AE ver: 2026_V2.269
[08:15:23.038] RX< 
[08:15:23.038] RX< [AEC Proc] @[allib_ae_loadfunc] Line:193:[INFO] ca
[08:15:23.038] RX< mera ID: 0
[08:15:23.038] RX< [AEC Proc] @[AeInit] Line:404:[DEBUG] init imu detector sucessed!
[08:15:23.038] RX< [AEC Proc] @[AeInit] Line:406:[DEBUG] imu init errcode:0
[08:15:23.038] RX< [AEC Proc] @[alAE_set_param] Line:575:[DEBUG] sw_maxtime 66381 ,pertline 9444, after check sensor step sw_max_time 66375.
[08:15:23.041] RX< 00
[08:15:23.041] RX< [AEC Proc] @[alAE_set_param] Line:580:[DEBUG] sw_mintime 37 ,pertline 9444, after check sensor step sw_min_time 36.00
[08:15:23.041] RX< [AEC Proc] @[alAE_set_param] Line:513:[DEBUG] DEBUG minbv exptime 9 gain 100, minExpBV 14098
[08:15:23.041] RX< [AEC Proc] @[AeTuningParseSet] Line:167:
[08:15:23.041] RX< [DEBUG] aeparam version 2.268 60704
[08:15:23.041] RX< [AEC Proc] @[alAE_set_param] Line:340:[DEBUG] INITEXP gain 100, shutter 8000, midtonegain 100, bv 4303
[08:15:23.041] RX< [6] [cam] [86666][tshell][bayer_ae_wrapper_init:119]X tline 9444 max_exp 66381 alg_hdl 0x884b1b68 
[08:15:23.041] RX< [7] [cam] [86667]
[08:15:23.044] RX< [b_ae0][a5_core_wrapper_task:252]thread start cid,0 algo type,0
[08:15:23.044] RX< [6] [cam] [86667][tshell][a5_core_init_task:426]thread created: b_ae0 mq=0x884b8440 thread=0x884b8558 sem=0x884b83d0 ret=0
[08:15:23.044] RX< [6] [cam] [86668][tshell][atf_wrapper_init:67]E id,0
[08:15:23.044] RX< [6] [cam] [866
[08:15:23.044] RX< 68][tshell][atf_wrapper_init:107]X alg_ctx addr 0x884baa18
[08:15:23.044] RX< [7] [cam] [86669][atf0][a5_core_wrapper_task:252]thread start cid,0 algo type,1
[08:15:23.044] RX< [6] [cam] [86669][tshell][a5_core_init_task:426]thread created: atf0 mq=0x884bcd70 thread=0x884bce88 sem=0x884bcd00 
[08:15:23.052] RX< ret=0
[08:15:23.052] RX< [6] [cam] [86669][tshell][cam_cpm_core_init:1030]X ctx size 1064 addr 0x88485440
[08:15:23.052] RX< [6] [cam] [86670][tshell][csc_open:527]ok! phys_id[1], phys_num[1] 
[08:15:23.052] RX< [6] [cam] [86671][tshell][cam_open:699]open ok! camera_id[0]
[08:15:23.052] RX< [34m[cam open] perf=55618(us)!
[08:15:23.052] RX< [0m[6
[08:15:23.052] RX< ] [App Cam] cam open success
[08:15:23.052] RX< [6] [cam] [86677][tshell][csc_init:637]sensor info:size:4032x3024, formt: 0x2b, bps: 2496, tline: 9444
[08:15:23.052] RX< [6] [cam] [86677][tshell][cam_sif_mgr_init:261]E id,0
[08:15:23.052] RX< [7] [cam] [86677][sif0][sif_irq_proc:151]thread start cid,0
[08:15:23.052] RX< [6] [cam
[08:15:23.054] RX< ] [86678][tshell][cam_sif_mgr_init:293]X ctx size 52 addr 0x884d5f40
[08:15:23.054] RX< [7] [cam] [86678][tshell][sif_btm_paramSet:102]btm lite w4032 h4032 binEn1 binRatio2
[08:15:23.054] RX< [7] [cam] [86678][tshell][sif_btm_paramSet:106]cropSlct2 x0 y0 w4032 h4032
[08:15:23.054] RX< [6] [cam] [86679][tshell]
[08:15:23.054] RX< [cam_prelude_init_cfg:368]CSI ID is 0,  phy lanes is 2.
[08:15:23.054] RX< [7] [cam] [86679][tshell][check_phy_ready:96]MIPI_PHY[0] is ready
[08:15:23.054] RX< [6] [cam] [86680][tshell][sensor_init:348]sensor [1]: register ok
[08:15:23.054] RX< [6] [cam] [86680][tshell][sensor_set_mode:852]sensor [1]: SetMode -
[08:15:23.083] RX< > mode = 0.
[08:15:23.083] RX< [6] [cam] [86681][tshell][sensor_send_reg_tab_to_sensor:704]sensor [1]: send_reg_tab_to_sensor E.
[08:15:23.083] RX< [6] [cam] [86691][tshell][sensor_send_reg_tab_to_sensor:726]sensor [1]: reg_count = 77.
[08:15:23.083] RX< [6] [cam] [86693][tshell][sensor_init:361]sensor [1]: ini
[08:15:23.085] RX< t success.
[08:15:23.085] RX< [6] [cam] [86693][tshell][sensor_set_mode:852]sensor [1]: SetMode -> mode = 1.
[08:15:23.085] RX< [6] [cam] [86694][tshell][sensor_send_reg_tab_to_sensor:704]sensor [1]: send_reg_tab_to_sensor E.
[08:15:23.085] RX< [6] [cam] [86709][tshell][sensor_send_reg_tab_to_sensor:726]sensor 
[08:15:23.085] RX< [1]: reg_count = 84.
[08:15:23.085] RX< [6] [cam] [86709][tshell][csc_init:646]ok! phys_id[1], phys_num[1]
[08:15:23.085] RX< [6] [cam] [86710][tshell][csc_get_bayer_single_buffer:1038]scenario_type: 1
[08:15:23.085] RX< [6] [cam] [86710][tshell][csc_set_stats_fmt:98]index 0 w 1 h 1 bw 8 wcmp 255
[08:15:23.085] RX< [7] [cam] [86
[08:15:23.088] RX< 710][tshell][bm_ioctl:201]BMIOC_STATS_FMT
[08:15:23.088] RX< [6] [cam] [86711][tshell][csc_set_fe_fmt:47]index 1 w 4032 h 3024 bw 10 wcmp 0
[08:15:23.088] RX< [7] [cam] [86711][tshell][bm_ioctl:201]BMIOC_FE_FMT
[08:15:23.088] RX< [6] [cam] [86711][tshell][csc_set_lite_fmt:115]index 2 w 1008 h 720 bw 8 wcmp 255
[08:15:23.088] RX< 
[08:15:23.088] RX< [7] [cam] [86712][tshell][bm_ioctl:201]BMIOC_LITE_FMT
[08:15:23.088] RX< [6] [cam] [86712][tshell][csc_set_lite_fmt:115]index 21 w 1008 h 720 bw 8 wcmp 255
[08:15:23.088] RX< [7] [cam] [86713][tshell][bm_ioctl:201]BMIOC_LITE_FMT
[08:15:23.088] RX< [6] [cam] [86713][tshell][csc_set_be_fmt:81]index 25 w 0 h 0 bw
[08:15:23.091] RX<  8 wcmp 255
[08:15:23.091] RX< [7] [cam] [86713][tshell][bm_ioctl:201]BMIOC_BE_FMT
[08:15:23.091] RX< [6] [cam] [86714][tshell][csc_set_be_fmt:81]index 22 w 480 h 360 bw 8 wcmp 255
[08:15:23.091] RX< [7] [cam] [86714][tshell][bm_ioctl:201]BMIOC_BE_FMT
[08:15:23.091] RX< [6] [cam] [86714][tshell][csc_set_me_fmt:64]index 5 w 3024 
[08:15:23.091] RX< h 4032 bw 10 wcmp 0, rdma_addr 0x8919f780, wdma_addr 0x8919f780
[08:15:23.091] RX< [7] [cam] [86715][tshell][bm_ioctl:201]BMIOC_ME_FMT
[08:15:23.091] RX< [6] [cam] [86715][tshell][csc_set_me_fmt:64]index 6 w 3024 h 4032 bw 8 wcmp 255, rdma_addr 0x88795200, wdma_addr 0x8c000000
[08:15:23.091] RX< [6] [cam] [867
[08:15:23.094] RX< 16][tshell][cam_me_core_buffer_cfg:1367]
[08:15:23.094] RX< ----ME PIPE INFO---
[08:15:23.094] RX<  wdma_buf_num:1, rotation_en: 1
[08:15:23.094] RX< [7] [cam] [86716][tshell][cam_me_core_buffer_cfg:1375]yuv wdma_addr 0:0x8c000000, meta_en: 0, 0x00000000
[08:15:23.094] RX< [7] [cam] [86717][tshell][bm_ioctl:201]BMIOC_ME_FMT
[08:15:23.094] RX< [6] [
[08:15:23.094] RX< cam] [86717][tshell][csc_init:654]get otp ok! phys_id[1], phys_num[1]
[08:15:23.094] RX< [6] [cam] [86718][tshell][cam_init:789]init ok! logic_id[0]
[08:15:23.094] RX< [34m[cam init] perf=41471(us)!
[08:15:23.094] RX< [0m[6] [App Cam] cam init success
[08:15:23.094] RX< [7] [cam] [86719][tshell][cam_cpm_core_stream_on:541]id 0
[08:15:23.096] RX<  sensor type 1
[08:15:23.096] RX< [6] [cam] [86719][tshell][sensor_stream_on:979]sensor [1]: stream_on
[08:15:23.096] RX< [6] [cam] [86720][tshell][sensor_stream_on:1007]sensor [1]: REG: 0x100, W:0x1.
[08:15:23.096] RX< [6] [cam] [86720][tshell][sensor_stream_on:1009]sensor [1]: REG: 0x100, R:0x1.
[08:15:23.096] RX< [6] [cam] [86
[08:15:23.096] RX< 720][tshell][csc_prv_start:783]ok! phys_id[1], phys_num[1], cam_ids[1]
[08:15:23.096] RX< [6] [cam] [86721][tshell][cam_start:897]preview start ok! logic_id[0]
[08:15:23.096] RX< [34m[cam start] perf=2394(us)!
[08:15:23.096] RX< [0m[6] [App Cam] cam start success
[08:15:23.096] RX< [6] [App Dfs] Gravity_XR Capture Start
[08:15:23.096] RX< msh /e
[08:15:23.152] RX< mmc>echo "__EVBTEST_END_11050d16__"
[08:15:23.152] RX< __EVBTEST_END_11050d16__
[08:15:23.152] RX< msh /emmc>[7] [cam] [86722][b_3a_sts][bayer_stats_core_irq_proc:164]thread start cid,0
[08:15:23.152] RX< [7] [cam] [86723][fe0][fe_core_irq_proc:98]thread start cid,0
[08:15:23.152] RX< [34m[AE] fid=0,exp=17082,adg=400,Y=626,mtg=1
[08:15:23.518] RX< 00,shg=100,bgbv=1277,iso=400,cnv0,hdr0
[08:15:23.518] RX< [0m[34m[b_ae0 proc] perf=2698(us), max=2698(us)!
[08:15:23.518] RX< [0m[34m[awb0 proc] perf=1437(us), max=1437(us)!
[08:15:23.518] RX< [0m[34m[AE conv] fid=11,exp=16335,adg=400,Y=4604,mtg=356,shg=100,bgbv=1342,iso=400,cnv1,hdr1
[08:15:23.518] RX< [0m[7] [cam] [87127
[08:15:23.554] RX< ][fe0][_qpc_hdr_rslt_chk:1564]
[08:15:23.554] RX< ALG: EV0 t16335 g400 | EV+ t16335 g400 | EV- t10341 g175
[08:15:23.554] RX< [6] [cam] [87128][fe0][qpc_core_hdr_mapExp_cfg:1632]evMapExp set OK, typ:2 1 FF num:3 5 0
[08:15:23.554] RX< [34m[cap] FE sync ME @fid11 as mod2 cfg0x01, cap 8frms @fid+3
[08:15:23.554] RX< [0m[7] [cam
[08:15:23.620] RX< ] [87165][qpc0][qpc_core_hdr_upd_sensor:558][HDRupd]: Sns cap-0 EV:0->2 st-16335 ag-400
[08:15:23.620] RX< [6] [cam] [87210][me0][cpm_cb_fe2me_tikChk:152]frm_length 33330us, fe2me delta 12
[08:15:23.620] RX< [7] [cam] [87210][qpc0][qpc_core_hdr_upd_me:605][HDRupd] ME cap-0 EV:0->2, dg-100
[08:15:23.620] RX< [7]
[08:15:23.682] RX<  [JPEG] frame num=8, pre frame=873813 Bytes
[08:15:23.682] RX< [exif] cap 0, bv 1332 exp 16335 iso 400 time 87214
[08:15:23.682] RX< [6] [cam] [87231][fe0][_cpm_cb_jpegInfo_proc:602]SnapStream E @ frm15!
[08:15:23.682] RX< [cap] oFrm15 Ym15341 bv1126 lux174
[08:15:23.682] RX< [32m[BE] fid=0, perf=1450(us), max=1450(us)!
[08:15:23.682] RX< [0m[7]
[08:15:23.719] RX<  [cam] [87267][qpc0][qpc_core_hdr_upd_sensor:558][HDRupd]: Sns cap-3 EV:2->1 st-10341 ag-175
[08:15:23.719] RX< [34m[cap] fid: me0 fe16, perf=556615(us)!
[08:15:23.719] RX< [0m[7] [cam] [87277][me0][me_core_thread:322]ME out fid 0
[08:15:23.719] RX< [cap] oFrm16 Ym11592 bv1041 lux164
[08:15:23.719] RX< [cap] oFrm17 Ym11577 bv11
[08:15:23.898] RX< 00 lux171
[08:15:23.898] RX< [exif] cap 3, bv 1332 exp 10341 iso 175 time 87320
[08:15:23.898] RX< [cap] oFrm18 Ym3462 bv-681 lux49
[08:15:23.898] RX< [cap] oFrm19 Ym3787 bv-539 lux55
[08:15:23.898] RX< [cap] oFrm20 Ym3643 bv-630 lux51
[08:15:23.898] RX< [cap] oFrm21 Ym3673 bv-558 lux54
[08:15:23.898] RX< [cap] oFrm22 Ym6993 bv-2372 lux15
[08:15:23.898] RX< [6] [cam] [87497][fe0][_cpm_c
[08:15:24.037] RX< b_jpegInfo_proc:610]SnapStream X @ frm23!
[08:15:24.037] RX< [34m[cap] fid: me7 fe23, perf=33238(us)!
[08:15:24.037] RX< [0m[33m[W/ftp] service go wrong, now wait restarting...[0m
[08:15:24.037] RX< [6] [App Dfs] Gravity_XR Capture Stop Success: total frames = 8
[08:15:24.037] RX< [6] [cam] [87661][DfsSend][sensor_stream_off:1
[08:15:24.037] RX< 143]sensor [1]: stream_off
[08:15:24.037] RX< [6] [cam] [87662][DfsSend][sensor_stream_off:1172]sensor [1]: REG: 0x100, W:0x0.
[08:15:24.037] RX< [6] [cam] [87662][DfsSend][sensor_stream_off:1174]sensor [1]: REG: 0x100, R:0x0.
[08:15:24.037] RX< [6] [cam] [87662][DfsSend][csc_prv_stop:893]ok! phys_id[1], phys_n
[08:15:24.041] RX< um[1], stop_type = 0
[08:15:24.041] RX< [6] [cam] [87663][DfsSend][cam_stop:1017]preview stop ok! logic_id[0]
[08:15:24.041] RX< [34m[cam stop] perf=2428(us)!
[08:15:24.041] RX< [0m[6] [App Cam] cam stop success
[08:15:24.041] RX< [7] [cam] [87664][DfsSend][cam_cpm_core_power_off:457]id,0 type,1 ret 0
[08:15:24.041] RX< [6] [cam] [87664][sif0][
[08:15:24.041] RX< sif_irq_proc:174]thread release cid,0
[08:15:24.041] RX< [6] [cam] [87664][DfsSend][cam_sif_mgr_deinit:316]X
[08:15:24.041] RX< [6] [cam] [87665][DfsSend][cam_deinit:846]deinit ok! logic_id[0]
[08:15:24.041] RX< [34m[cam deinit] perf=1220(us)!
[08:15:24.041] RX< [0m[6] [App Cam] cam deinit success
[08:15:24.041] RX< [6] [cam] [87666][DfsSend][se
[08:15:24.044] RX< nsor_close:1247]sensor [1]: close!
[08:15:24.044] RX< [6] [cam] [87667][DfsSend][cam_bm_core_deinit:136]X
[08:15:24.044] RX< [INFO]	cpm[0] snsType1 capMod2 cfg0x01 8frms
[08:15:24.044] RX< [head]  frmID ref 11 eff 15 sns 13 cdma 14 
[08:15:24.044] RX< [AErlt] flags fid 11 isWdr 1 isConv 1 sport 0 scen 1
[08:15:24.044] RX<         info  Lux 203 Ym
[08:15:24.044] RX< ean 4604 nxtBV -558 bgBV 1342
[08:15:24.044] RX< [exp]   norm  st16335 adg00400 ispg00100
[08:15:24.044] RX<         short st10341 adg00175 ispg00100
[08:15:24.044] RX<         long  st16335 adg00400 ispg00100
[08:15:24.044] RX< [head]  frmID ref 10 eff 14 sns 12 cdma 13 
[08:15:24.044] RX< [AErlt] flags fid 10 isWdr 0 isConv 2 sport 0 scen 0
[08:15:24.044] RX<    
[08:15:24.047] RX<      info  Lux 201 Ymean 4605 nxtBV 1266 bgBV 1337
[08:15:24.047] RX< [exp]   norm  st16389 adg00400 ispg00100
[08:15:24.047] RX<         short st00000 adg00000 ispg00100
[08:15:24.047] RX<         long  st00000 adg00000 ispg00100
[08:15:24.047] RX< [head]  frmID ref 9 eff 13 sns 11 cdma 12 
[08:15:24.047] RX< [AErlt] flags fid 9 isWdr 0 isConv 0 
[08:15:24.047] RX< sport 0 scen 0
[08:15:24.047] RX<         info  Lux 201 Ymean 4537 nxtBV 1262 bgBV 1332
[08:15:24.047] RX< [exp]   norm  st16443 adg00400 ispg00100
[08:15:24.047] RX<         short st00000 adg00000 ispg00100
[08:15:24.047] RX<         long  st00000 adg00000 ispg00100
[08:15:24.047] RX< [head]  frmID ref 8 eff 12 sns 10 cdma 11 
[08:15:24.047] RX< [AErlt] flags fid 
[08:15:24.050] RX< 8 isWdr 0 isConv 0 sport 0 scen 0
[08:15:24.050] RX<         info  Lux 201 Ymean 4728 nxtBV 1266 bgBV 1333
[08:15:24.050] RX< [exp]   norm  st16434 adg00400 ispg00100
[08:15:24.050] RX<         short st00000 adg00000 ispg00100
[08:15:24.050] RX<         long  st00000 adg00000 ispg00100
[08:15:24.050] RX< [head]  frmID ref 7 eff 11 sns 9 cdma 10 
[08:15:24.050] RX< [AErlt] flags fid 7 isWdr 0 isConv 0 sport 0 scen 0
[08:15:24.050] RX<         info  Lux 200 Ymean 3671 nxtBV 1257 bgBV 1325
[08:15:24.050] RX< [exp]   norm  st16524 adg00400 ispg00100
[08:15:24.050] RX<         short st00000 adg00000 ispg00100
[08:15:24.050] RX<         long  st00000 adg00000 ispg00100
[08:15:24.050] RX< [6] [cam] [87676][be0][b
[08:15:24.052] RX< e_core_irq_proc:326]thread release cid,0
[08:15:24.052] RX< [6] [cam] [87676][DfsSend][cam_be_core_deinit:787]X
[08:15:24.052] RX< [6] [cam] [87676][me0][me_core_thread:367]thread release cid,0
[08:15:24.052] RX< [6] [cam] [87676][DfsSend][cam_me_core_deinit:1502]X
[08:15:24.052] RX< [6] [cam] [87677][fe0][fe_core_irq_proc:121]t
[08:15:24.052] RX< hread release cid,0
[08:15:24.052] RX< [6] [cam] [87677][DfsSend][cam_fe_core_deinit:536]X
[08:15:24.052] RX< [6] [cam] [87677][b_3a_sts][bayer_stats_core_irq_proc:193]thread release cid,0
[08:15:24.052] RX< [6] [cam] [87678][DfsSend][cam_bayer_stats_core_deinit:512]X
[08:15:24.052] RX< [6] [cam] [87678][lite0][lite_core_irq_pro
[08:15:24.055] RX< c:190]thread release cid,0
[08:15:24.055] RX< [6] [cam] [87678][DfsSend][cam_lite_core_deinit:556]X
[08:15:24.055] RX< [6] [cam] [87679][b_ae0][a5_core_wrapper_task:315]thread release cid,0,algo,0
[08:15:24.055] RX< [6] [cam] [87679][DfsSend][bayer_ae_wrapper_deinit:204]X
[08:15:24.055] RX< [6] [cam] [87680][atf0][a5_core_wrappe
[08:15:24.055] RX< r_task:315]thread release cid,0,algo,1
[08:15:24.055] RX< [6] [cam] [87680][DfsSend][atf_wrapper_deinit:153]X
[08:15:24.055] RX< [6] [cam] [87680][awb0][a5_core_wrapper_task:315]thread release cid,0,algo,2
[08:15:24.055] RX< [6] [cam] [87681][DfsSend][awb_wrapper_deinit:153]X
[08:15:24.055] RX< [6] [cam] [87681][DfsSend][cam_5a_
[08:15:24.058] RX< core_deinit:555]X
[08:15:24.058] RX< [6] [cam] [87681][DfsSend][cam_5a_inf_deinit:149]X
[08:15:24.058] RX< [6] [cam] [87682][qpc0][qpc_core_msg_proc:697]thread release cid,0
[08:15:24.058] RX< [6] [cam] [87682][DfsSend][qpc_core_deinit:1330]X
[08:15:24.058] RX< [6] [cam] [87682][DfsSend][cam_cpm_core_deinit:1107]X
[08:15:24.058] RX< [6] [cam] [876
[08:15:24.058] RX< 83][DfsSend][csc_close:584]ok! phys_id[1], phys_num[1]
[08:15:24.058] RX< [7] [cam] [87683][cer0][cer_recovery_proc:352]msg type = 254
[08:15:24.058] RX< [6] [cam] [87683][cer0][cer_recovery_proc:454]thread release cid,0
[08:15:24.058] RX< [6] [cam] [87684][DfsSend][cer_deinit:560]X
[08:15:24.058] RX< [6] [cam] [87684][DfsSend][
[08:15:24.082] RX< cam_close:750]close ok! logic_id[0]
[08:15:24.082] RX< [34m[cam close] perf=18753(us)!
[08:15:24.082] RX< [0m[6] [App Cam] cam close success
[08:15:24.082] RX< [6] [cam] [87685][cpl0][cam_prelude_proc_routine:136]thread release
[08:15:24.082] RX< [6] [cam] [87685][DfsSend][cam_exit:551]exit ok!
[08:15:24.082] RX< [34m[cam exit] perf=651(us)!
[08:15:24.082] RX< 
[08:15:25.972] RX< [0m[6] [App Cam] cam exit success
[08:15:25.972] RX< [6] [App Cam] jpeg deinit success
[08:15:25.972] RX< [6] [App Dfs] Save Photo Successful: /emmc/PIC/20260812_111522_6722/
[08:15:25.972] RX< [6] [App Dfs] Capture completed successfully.
[08:15:25.972] RX< [33m[W/ftp] service go wrong, now wait restarting...[0m
[08:15:25.972] RX< [33m[W/ftp] 
[08:15:25.981] TX> ftp_server
[08:15:25.981] TX> echo "__EVBTEST_END_1a56b3d1__"
[08:15:27.973] RX< service go wrong, now wait restarting...[0m
[08:15:27.973] RX< ftp_server
[08:15:27.973] RX< 
[08:15:27.973] RX< [FTP] Ftp server init success!!!
[08:15:27.973] RX< msh /emmc>echo "__EVBTEST_END_1a56b3d1__"
[08:15:27.973] RX< __EVBTEST_END_1a56b3d1__
[08:15:27.973] RX< msh /emmc>[33m[W/ftp] service go wrong, now wait restarting...[0m
[08:15:29.974] RX< [33m[W/ftp] service go wrong, now wait restarting...[0m
[08:15:29.974] RX< [33m[W/ftp] service go wrong, now wait restarting...[0m
[08:15:31.975] RX< [33m[W/ftp] service go wrong, now wait restarting...[0m
[08:15:31.975] RX< [33m[W/ftp] service go wrong, now wait restarting...[0m
[08:15:31.975] RX< [33m[W/ftp] service go wrong, now wait restarting...[0m
[08:15:33.976] RX< [33m[W/ftp] service go wrong, now wait restarting...[0m
[08:15:33.976] RX< [33m[W/ftp] service go wrong, now wait restarting...[0m
[08:15:33.976] RX< [33m[W/ftp] service go wrong, now wait restarting...[0m
[08:15:33.976] RX< [33m[W/ftp] service go wrong, now wait restarting...[0m
[08:15:34.849] TX> cam_set video 1080p
[08:15:34.849] TX> echo "__EVBTEST_END_f3f61eb9__"
[08:15:34.860] RX< [33m[W/ftp] service go wrong, now wait restarting...[0m
[08:15:34.860] RX< [33m[W/ftp] service go wrong, now wait restarting...[0m
[08:15:34.860] RX< cam_set video 1080p
[08:15:34.860] RX< [6] [App Dfs] w(1296) * h(2304) is 1080p, eis 0
[08:15:34.860] RX< msh /emmc>echo "__EVBTEST_END_f3f61eb9__"
[08:15:34.860] RX< __EVBTEST_END_f3f61eb9__
[08:15:34.860] RX< msh /
[08:15:34.865] TX> dfs_video_start
[08:15:34.865] TX> echo "__EVBTEST_END_d967af6b__"
[08:15:34.993] RX< emmc>dfs_video_start
[08:15:34.993] RX< [33m[W/ftp] service go wrong, now wait restarting...[0m
[08:15:34.993] RX< [33m[W/ftp] service go wrong, now wait restarting...[0m
[08:15:34.993] RX< [7] [cam] [98610][tshell][cgm_parse_bin:105]total logical camera num: 1
[08:15:34.993] RX< [6] [cam] [98610][tshell][cam_prelude_create:18
[08:15:34.993] RX< 7]E id, 0
[08:15:34.993] RX< [7] [cam] [98611][cpl0][cam_prelude_proc_routine:101]thread start
[08:15:34.993] RX< [6] [cam] [98611][tshell][cam_prelude_create:214]X ctx size 124 addr 0x88471828
[08:15:34.993] RX< [6] [cam] [98618][tshell][sensor_probe:418]sensor [1]: identifing 0 success.
[08:15:34.993] RX< [6] [cam] [98619][tsh
[08:15:34.995] RX< ell][sensor_probe:441]sensor [1]: probe exit!
[08:15:34.995] RX< [6] [cam] [98619][tshell][cam_prelude_fast_probe:251]cam: 0 probe result: 0
[08:15:34.995] RX< [6] [cam] [98620][tshell][cgm_parse_bin:215]cam(0) probe success
[08:15:34.995] RX< [6] [cam] [98620][tshell][cam_entry:435]entry ok
[08:15:34.995] RX< [34m[cam entry] p
[08:15:34.998] RX< erf=10440(us)!
[08:15:34.998] RX< [0m[6] [App Cam] cam entry success
[08:15:34.998] RX< [36mmem_laySolv: scenario=01 in=4032x3024, me_rotate=1 me_stripe=1 
[08:15:34.998] RX< [0m[36mmem_laySolv: me_rot 1, me_stripe 1, eis 0, be_rot 0
[08:15:34.998] RX< [0mscen1 type26 bufAdr 0x89d40b70 sz 0x1400000 reCfg for bound!
[08:15:34.998] RX< [36mmem
[08:15:34.998] RX< _laySolv: scen01 20 entries solved OK!
[08:15:34.998] RX< [0m[36mmem_laySolv: scenario=02 in=2016x1512, me_rotate=0 me_stripe=0 
[08:15:34.998] RX< [0m[36mmem_laySolv: me_rot 0, me_stripe 0, eis 0, be_rot 0
[08:15:34.998] RX< [0mscen2 type15 bufAdr 0x89ce3ef0 sz 0xd00000 reCfg for bound!
[08:15:34.998] RX< [36mmem_laySolv:
[08:15:35.001] RX<  scen02 14 entries solved OK!
[08:15:35.001] RX< [0m[36mmem_laySolv: scenario=03 in=4032x2268, me_rotate=1 me_stripe=0 
[08:15:35.001] RX< [0m[36mmem_laySolv: me_rot 1, me_stripe 0, eis 0, be_rot 0
[08:15:35.001] RX< [0m[36mmem_laySolv: scen03 14 entries solved OK!
[08:15:35.001] RX< [0m[7] [cam] [98624][tshell][cam_solve
[08:15:35.001] RX< _whole_layout:355]
[08:15:35.001] RX< scen3: vol 0x8c000000 rbuf 0x89d6cdf0 sz 0xd00000 wbuf 0x8aa6cdf0 sz 0xd00000
[08:15:35.001] RX<        rtmp txbuf 0x8bf80000 sz 0x80000 avcBuf 0x8bf00000 sz 0x80000
[08:15:35.001] RX< [36mmem_laySolv: scenario=04 in=4032x3024, me_rotate=1 me_stripe=1 
[08:15:35.001] RX< [0m[36mmem_laySo
[08:15:35.004] RX< lv: me_rot 1, me_stripe 1, eis 0, be_rot 0
[08:15:35.004] RX< [0m[36mmem_laySolv: scen04 14 entries solved OK!
[08:15:35.004] RX< [0m[36mmem_laySolv: scenario=05 in=1008x0756, me_rotate=0 me_stripe=0 
[08:15:35.004] RX< [0m[36mmem_laySolv: me_rot 0, me_stripe 0, eis 0, be_rot 0
[08:15:35.004] RX< [0m[36mmem_laySolv: scen
[08:15:35.004] RX< 05 17 entries solved OK!
[08:15:35.004] RX< [0m[36mmem_laySolv: scenario=06 in=1008x0720, me_rotate=0 me_stripe=0 
[08:15:35.004] RX< [0m[36mmem_laySolv: me_rot 0, me_stripe 0, eis 0, be_rot 0
[08:15:35.004] RX< [0m[36mmem_laySolv: scen06 12 entries solved OK!
[08:15:35.004] RX< [0m[36mmem_laySolv: scenario=01 in=4032x30
[08:15:35.006] RX< 24, me_rotate=1 me_stripe=1 
[08:15:35.006] RX< [0mscen1 type26 bufAdr 0x89d40b70 sz 0x1400000 reCfg for bound!
[08:15:35.006] RX< [36mmem_laySolv: scen01 20 entries solved OK!
[08:15:35.006] RX< [0m[7] [cam] [98630][tshell][cam_solve_whole_layout:383]Solve Whole-layout Done!
[08:15:35.006] RX< [6] [cam] [98630][tshell][cgm_p
[08:15:35.006] RX< arse_media_para:271]phy cam num: 1
[08:15:35.006] RX< [7] [cam] [98631][cer0][cer_recovery_proc:343]thread start cid, 0
[08:15:35.006] RX< [6] [cam] [98631][tshell][csc_open:443]SENSOR MCLK cal: 24MHz
[08:15:35.006] RX< [6] [cam] [98631][tshell][csc_isp_clk_cal:344]MIPI CLK cal: 277MHz
[08:15:35.006] RX< [6] [cam] [98632][tshell
[08:15:35.012] RX< ][csc_isp_clk_cal:371]LITE CLK cal: 25MHz
[08:15:35.012] RX< [7] [cam] [98632][tshell][cpc_csi_rx_power_on:633]E id: 2
[08:15:35.012] RX< [4] [cam] [98632][tshell][cpc_csi_rx_power_on:644]csi_2 has already power on, STATUS: 1
[08:15:35.012] RX< [6] [cam] [98633][tshell][cpc_update_clock:603]actual SNS mclk: 24M
[08:15:35.013] RX< Hz
[08:15:35.013] RX< [6] [cam] [98633][tshell][cpc_update_clock:608]actual MIPI0: 300MHz
[08:15:35.013] RX< [6] [cam] [98633][tshell][cpc_update_clock:598]actual LITE clk: 25MHz
[08:15:35.013] RX< [7] [cam] [98634][tshell][cam_prelude_open:297][34msnsOpen camID1 csiID0 phyIdx0[0m
[08:15:35.013] RX< [6] [cam] [98638][tshell][s
[08:15:35.015] RX< ensor_expo_gain_match:48]sensor get sensor expo gain of imx681_vst
[08:15:35.015] RX< [6] [cam] [98638][tshell][sensor_open:684]sensor [1] open OK.
[08:15:35.015] RX< [6] [cam] [98639][tshell][cam_cpm_parse_media:298]video scenario:3, media para[fps:0, mirror_en:0, flip_en:0]
[08:15:35.015] RX< [6] [cam] [98639
[08:15:35.015] RX< ][tshell][cam_cpm_parse_media:301]video scenario, media para[iso:0, gain:0, wb_mode:0]
[08:15:35.015] RX< [6] [cam] [98640][tshell][csc_isp_clk_cal:353]FE CLK cal: 373MHz, ME CLK cal: 371MHz, FE/ME CLK cal: 410MHz
[08:15:35.015] RX< [6] [cam] [98640][tshell][csc_isp_clk_cal:360]BE CLK cal: 30
[08:15:35.020] RX< 1MHz
[08:15:35.020] RX< [4] [cam] [98641][tshell][cam_fe_core_power_on:269]fe pipe has already power on, STATUS: 1
[08:15:35.020] RX< [6] [cam] [98641][tshell][cpc_update_clock:588]actual FE/ME clk: 500MHz
[08:15:35.020] RX< [7] [cam] [98642][tshell][cam_cpm_core_power_on:425]id,0 type,1 ret 0
[08:15:35.020] RX< [6] [cam] [98642
[08:15:35.021] RX< ][tshell][cam_cpm_core_init:914]E id,0 sensor type,1
[08:15:35.021] RX< [6] [cam] [98645][tshell][cpm_core_check_tuningbin:854]Tuning bin crc check PASS! sum 0x7fb15f, xor 0x4e593f47
[08:15:35.021] RX< [6] [cam] [98645][tshell][qpc_tuning_check_iqbin_validness:396]IQ bin addr: 0x88646660, pro
[08:15:35.023] RX< ject_name: video_3M
[08:15:35.023] RX< [6] [cam] [98646][tshell][qpc_tuning_check_iqbin_validness:397]total_size: 94208
[08:15:35.023] RX< [6] [cam] [98646][tshell][qpc_tuning_check_iqbin_validness:398]id_count: 93. ID_TOTAL: 94
[08:15:35.023] RX< [6] [cam] [98647][tshell][qpc_tuning_check_iqbin_validness:399]
[08:15:35.023] RX< spinel tuning data ver: V1.30
[08:15:35.023] RX< [6] [cam] [98647][tshell][cpm_core_check_tuningbin:868]IQ bin check success!
[08:15:35.023] RX< [6] [cam] [98648][tshell][cam_bm_core_init:94]E
[08:15:35.023] RX< [6] [cam] [98648][tshell][bm_lab_init:174]X ctx size 4 addr 0x88461d78
[08:15:35.023] RX< [6] [cam] [98649][tshell][ca
[08:15:35.041] RX< m_bm_core_init:114]X ctx size 180 addr 0x8846e6a0
[08:15:35.041] RX< [6] [cam] [98649][tshell][qpc_core_init:1218]E id,0
[08:15:35.041] RX< [6] [cam] [98649][tshell][qpc_queue_init:65]QPC init qnodes 8, size 508, pool 0x884725c0
[08:15:35.041] RX< [7] [cam] [98650][tshell][_qpc_get_cap_cfg_para:888][fallback]pr
[08:15:35.041] RX< eset capCfg 0 0 0 invalid, use default
[08:15:35.041] RX< [7] [cam] [98651][tshell][_qpc_cfg_hdr_frms:832][fallback]preset hdrCfg 0 32 7 25600 148508608 invalid, use default
[08:15:35.041] RX< [6] [cam] [98666][tshell][qpc_core_init:1264]X ctx size 3800 addr 0x8846e768
[08:15:35.041] RX< [6] [cam] [98666][tshel
[08:15:35.046] RX< l][cpm_core_get_param:666]cpm para chk: tunBin-w 4032 h 2266 img-w 4032 h 2268
[08:15:35.046] RX< [6] [cam] [98667][tshell][cam_fe_core_init:436]E id,0
[08:15:35.046] RX< [6] [cam] [98667][tshell][cam_fe_core_init:490]X ctx size 100 addr 0x88481da0
[08:15:35.046] RX< [7] [cam] [98668][tshell][qpc_core_fe_chord
[08:15:35.046] RX< s_init:1659][34mqpc fe init snsOut w 4032 h 2268, tbl w 28 h 20[0m
[08:15:35.046] RX< [6] [cam] [98669][tshell][cam_me_core_init:1474]X ctx size 1352 addr 0x8849e408
[08:15:35.046] RX< [34m[ME SLICE CFG] perf=1320(us)!
[08:15:35.046] RX< [0m[6] [cam] [98672][tshell][cam_bayer_fe_3a_stats_core_init:445]fe 3a
[08:15:35.054] RX<  id,0
[08:15:35.054] RX< [6] [cam] [98672][tshell][cam_bayer_fe_3a_stats_core_init:490]X ctx size 132 addr 0x884a6d60
[08:15:35.054] RX< [6] [cam] [98673][tshell][awb_wrapper_init:66]xxx awb_bin=0x88474a9c, awb_bin_length=8068
[08:15:35.054] RX< [6] [cam] [98673][tshell][awb_wrapper_init:86]X algo_handle 0x884a
[08:15:35.054] RX< c9c0
[08:15:35.054] RX< [7] [cam] [98674][awb0][a5_core_wrapper_task:252]thread start cid,0 algo type,2
[08:15:35.054] RX< [6] [cam] [98674][tshell][a5_core_init_task:426]thread created: awb0 mq=0x884aec88 thread=0x884aeda0 sem=0x884aec18 ret=0
[08:15:35.054] RX< [6] [cam] [98675][tshell][bayer_ae_wrapper_init
[08:15:35.057] RX< :68]E id,0 proc mode 0 
[08:15:35.057] RX< 
[08:15:35.057] RX< [AEC Proc] @[allib_ae_set_debug_log_flag] Line:129:[DEBUG] debug level/to_file/to_terminal: 22/1/1
[08:15:35.057] RX< [AEC Proc] @[AeInit] Line:377:[INFO] AE ver: 2026_V2.269
[08:15:35.057] RX< 
[08:15:35.057] RX< [AEC Proc] @[allib_ae_loadfunc] Line:193:[INFO] camera ID: 0
[08:15:35.057] RX< [AEC Proc] @
[08:15:35.057] RX< [alAE_set_param] Line:575:[DEBUG] sw_maxtime 33004 ,pertline 10800, after check sensor step sw_max_time 33000.00
[08:15:35.057] RX< [AEC Proc] @[alAE_set_param] Line:580:[DEBUG] sw_mintime 43 ,pertline 10800, after check sensor step sw_min_time 40.00
[08:15:35.057] RX< [AEC Proc] @[alAE_set_p
[08:15:35.060] RX< aram] Line:513:[DEBUG] DEBUG minbv exptime 11 gain 100, minExpBV 13810
[08:15:35.060] RX< [AEC Proc] @[AeTuningParseSet] Line:167:[DEBUG] aeparam version 2.268 60530
[08:15:35.060] RX< [AEC Proc] @[alAE_set_param] Line:340:[DEBUG] INITEXP gain 100, shutter 33242, midtonegain 100, bv 2247
[08:15:35.060] RX< [6]
[08:15:35.060] RX<  [cam] [98684][tshell][bayer_ae_wrapper_init:119]X tline 10800 max_exp 33004 alg_hdl 0x884b1550 
[08:15:35.060] RX< [7] [cam] [98685][b_ae0][a5_core_wrapper_task:252]thread start cid,0 algo type,0
[08:15:35.060] RX< [6] [cam] [98686][tshell][a5_core_init_task:426]thread created: b_ae0 mq=0x88
[08:15:35.062] RX< 4b2600 thread=0x884b2718 sem=0x884b2590 ret=0
[08:15:35.062] RX< [6] [cam] [98686][tshell][atf_wrapper_init:67]E id,0
[08:15:35.062] RX< [6] [cam] [98687][tshell][atf_wrapper_init:107]X alg_ctx addr 0x884b2840
[08:15:35.062] RX< [7] [cam] [98687][atf0][a5_core_wrapper_task:252]thread start cid,0 algo type,1
[08:15:35.062] RX< [6
[08:15:35.063] RX< ] [cam] [98687][tshell][a5_core_init_task:426]thread created: atf0 mq=0x884bc770 thread=0x884bc888 sem=0x884b2908 ret=0
[08:15:35.063] RX< [6] [cam] [98688][tshell][cam_cpm_core_init:1030]X ctx size 1064 addr 0x8846e268
[08:15:35.063] RX< [6] [cam] [98688][tshell][csc_open:527]ok! phys_id[1],
[08:15:35.079] RX<  phys_num[1] 
[08:15:35.079] RX< [6] [cam] [98689][tshell][cam_open:699]open ok! camera_id[0]
[08:15:35.079] RX< [34m[cam open] perf=68539(us)!
[08:15:35.079] RX< [0m[6] [App Cam] cam open success
[08:15:35.079] RX< [6] [App Cam] hevc init success
[08:15:35.079] RX< [6] [cam] [98703][tshell][csc_init:637]sensor info:size:4032x2268, formt: 0x2b, 
[08:15:35.079] RX< bps: 1968, tline: 10800
[08:15:35.079] RX< [6] [cam] [98704][tshell][cam_sif_mgr_init:261]E id,0
[08:15:35.079] RX< [7] [cam] [98704][sif0][sif_irq_proc:151]thread start cid,0
[08:15:35.079] RX< [6] [cam] [98705][tshell][cam_sif_mgr_init:293]X ctx size 52 addr 0x884edf10
[08:15:35.079] RX< [6] [cam] [98705][tshell][cam_prelude_i
[08:15:35.094] RX< nit_cfg:368]CSI ID is 0,  phy lanes is 2.
[08:15:35.094] RX< [7] [cam] [98706][tshell][check_phy_ready:96]MIPI_PHY[0] is ready
[08:15:35.094] RX< [6] [cam] [98706][tshell][sensor_init:348]sensor [1]: register ok
[08:15:35.094] RX< [6] [cam] [98706][tshell][sensor_set_mode:852]sensor [1]: SetMode -> mode = 0.
[08:15:35.094] RX< [
[08:15:35.110] RX< 6] [cam] [98706][tshell][sensor_send_reg_tab_to_sensor:704]sensor [1]: send_reg_tab_to_sensor E.
[08:15:35.110] RX< [6] [cam] [98718][tshell][sensor_send_reg_tab_to_sensor:726]sensor [1]: reg_count = 77.
[08:15:35.110] RX< [6] [cam] [98720][tshell][sensor_init:361]sensor [1]: init success.
[08:15:35.110] RX< [6
[08:15:35.110] RX< ] [cam] [98720][tshell][sensor_set_mode:852]sensor [1]: SetMode -> mode = 3.
[08:15:35.110] RX< [6] [cam] [98721][tshell][sensor_send_reg_tab_to_sensor:704]sensor [1]: send_reg_tab_to_sensor E.
[08:15:35.110] RX< [6] [cam] [98735][tshell][sensor_send_reg_tab_to_sensor:726]sensor [1]: reg_coun
[08:15:35.113] RX< t = 83.
[08:15:35.113] RX< [6] [cam] [98735][tshell][csc_init:646]ok! phys_id[1], phys_num[1]
[08:15:35.113] RX< [6] [cam] [98736][tshell][csc_get_bayer_single_buffer:1038]scenario_type: 3
[08:15:35.113] RX< [6] [cam] [98736][tshell][csc_set_stats_fmt:98]index 0 w 1 h 1 bw 8 wcmp 255
[08:15:35.113] RX< [7] [cam] [98737][tshell][
[08:15:35.113] RX< bm_ioctl:201]BMIOC_STATS_FMT
[08:15:35.113] RX< [6] [cam] [98737][tshell][csc_set_fe_fmt:47]index 1 w 4032 h 2268 bw 10 wcmp 0
[08:15:35.113] RX< [7] [cam] [98738][tshell][bm_ioctl:201]BMIOC_FE_FMT
[08:15:35.113] RX< [6] [cam] [98738][tshell][csc_set_me_fmt:64]index 5 w 2268 h 4032 bw 10 wcmp 0, rdma_addr 0x894
[08:15:35.116] RX< afe00, wdma_addr 0x894afe00
[08:15:35.116] RX< [7] [cam] [98738][tshell][bm_ioctl:201]BMIOC_ME_FMT
[08:15:35.116] RX< [6] [cam] [98739][tshell][csc_set_video_fmt:966]meta_addr: 0x89d6c600
[08:15:35.116] RX< [6] [cam] [98739][tshell][csc_set_me_fmt:64]index 6 w 1296 h 2304 bw 8 wcmp 255, rdma_addr 0x88795200, w
[08:15:35.116] RX< dma_addr 0x8c000000
[08:15:35.116] RX< [6] [cam] [98739][tshell][cam_me_core_buffer_cfg:1367]
[08:15:35.116] RX< ----ME PIPE INFO---
[08:15:35.116] RX<  wdma_buf_num:1, rotation_en: 1
[08:15:35.116] RX< [7] [cam] [98740][tshell][cam_me_core_buffer_cfg:1375]yuv wdma_addr 0:0x8c000000, meta_en: 1, 0x89d6c600
[08:15:35.116] RX< [7] [cam] [98741][tsh
[08:15:35.119] RX< ell][bm_ioctl:201]BMIOC_ME_FMT
[08:15:35.119] RX< [6] [cam] [98741][tshell][csc_set_lite_fmt:115]index 13 w 400 h 400 bw 10 wcmp 255
[08:15:35.119] RX< [7] [cam] [98742][tshell][bm_ioctl:201]BMIOC_LITE_FMT
[08:15:35.119] RX< [6] [cam] [98742][tshell][csc_set_lite_fmt:115]index 14 w 400 h 400 bw 10 wcmp 255
[08:15:35.119] RX< [7]
[08:15:35.119] RX<  [cam] [98742][tshell][bm_ioctl:201]BMIOC_LITE_FMT
[08:15:35.119] RX< [6] [cam] [98743][tshell][csc_init:654]get otp ok! phys_id[1], phys_num[1]
[08:15:35.119] RX< [6] [cam] [98743][tshell][cam_init:789]init ok! logic_id[0]
[08:15:35.119] RX< [34m[cam init] perf=40804(us)!
[08:15:35.119] RX< [0m[6] [App Cam] cam init success
[08:15:35.122] RX< [7] [cam] [98744][tshell][cam_cpm_core_stream_on:541]id 0 sensor type 1
[08:15:35.122] RX< [6] [cam] [98744][tshell][sensor_stream_on:979]sensor [1]: stream_on
[08:15:35.122] RX< [6] [cam] [98745][tshell][sensor_stream_on:1007]sensor [1]: REG: 0x100, W:0x1.
[08:15:35.122] RX< [6] [cam] [98746][tshell][sensor_st
[08:15:35.122] RX< ream_on:1009]sensor [1]: REG: 0x100, R:0x1.
[08:15:35.122] RX< [6] [cam] [98746][tshell][csc_prv_start:783]ok! phys_id[1], phys_num[1], cam_ids[1]
[08:15:35.122] RX< [6] [cam] [98746][tshell][cam_start:897]preview start ok! logic_id[0]
[08:15:35.122] RX< [34m[cam start] perf=2618(us)!
[08:15:35.122] RX< [0m[6] [App Cam] cam st
[08:15:35.138] RX< art success
[08:15:35.138] RX< [6] [App Dfs] Gravity_XR Record Start
[08:15:35.138] RX< msh /emmc>echo "__EVBTEST_END_d967af6b__"
[08:15:35.138] RX< __EVBTEST_END_d967af6b__
[08:15:35.138] RX< msh /emmc>[7] [cam] [98749][b_3a_sts][bayer_stats_core_irq_proc:164]thread start cid,0
[08:15:35.138] RX< [7] [cam] [98749][fe0][fe_core_irq_proc:98]thread st
[08:15:35.429] RX< art cid,0
[08:15:35.429] RX< [34m[AE] fid=0,exp=10070,adg=294,Y=4536,mtg=100,shg=100,bgbv=4085,iso=294,cnv0,hdr0
[08:15:35.429] RX< [0m[34m[b_ae0 proc] perf=8080(us), max=8080(us)!
[08:15:35.429] RX< [0m[34m[awb0 proc] perf=4412(us), max=4412(us)!
[08:15:35.429] RX< [0m[6] [cam] [99040][me0][cpm_cb_fe2me_tikChk:152]frm_len
[08:15:35.991] RX< gth 88560us, fe2me delta 0
[08:15:35.991] RX< [34m[ME INTP]fid=0, shutter=10070, perf=2822(us), max=2822(us)!
[08:15:35.991] RX< [0m[7] [cam] [99218][me0][me_core_thread:322]ME out fid 0
[08:15:35.991] RX< [6] [App Dfs] f_index = 0, f_len = 136743, cur_total_len = 136831
[08:15:35.991] RX< [33m[W/ftp] service go wrong, now wait
[08:15:36.628] RX<  restarting...[0m
[08:15:36.628] RX< [33m[W/ftp] service go wrong, now wait restarting...[0m
[08:15:36.628] RX< [34m[AE] fid=30,exp=10250,adg=238,Y=3489,mtg=198,shg=100,bgbv=1213,iso=238,cnv2,hdr0
[08:15:36.628] RX< [0m[7] [cam] [100219][me0][me_core_thread:322]ME out fid 30
[08:15:36.628] RX< [34m[awb0 proc] perf=6523(us), 
[08:15:37.595] RX< max=6523(us)!
[08:15:37.595] RX< [0m[33m[W/ftp] service go wrong, now wait restarting...[0m
[08:15:37.595] RX< [33m[W/ftp] service go wrong, now wait restarting...[0m
[08:15:37.595] RX< [34m[AE] fid=60,exp=10340,adg=300,Y=3960,mtg=180,shg=100,bgbv=1185,iso=300,cnv2,hdr0
[08:15:37.595] RX< [0m[7] [cam] [101218][me0][me_core_
[08:15:38.424] RX< thread:322]ME out fid 60
[08:15:38.424] RX< [34m[awb0 proc] perf=6216(us), max=6523(us)!
[08:15:38.424] RX< [0m[33m[W/ftp] service go wrong, now wait restarting...[0m
[08:15:38.424] RX< [33m[W/ftp] service go wrong, now wait restarting...[0m
[08:15:38.424] RX< [34m[AE] fid=90,exp=10560,adg=300,Y=4012,mtg=180,shg=100,bgbv=11
[08:15:38.994] RX< 74,iso=300,cnv2,hdr0
[08:15:38.994] RX< [0m[34m[b_ae0 proc] perf=923(us), max=8080(us)!
[08:15:38.994] RX< [0m[34m[awb0 proc] perf=4330(us), max=6216(us)!
[08:15:38.994] RX< [0m[7] [cam] [102218][me0][me_core_thread:322]ME out fid 90
[08:15:38.994] RX< [6] [App Dfs] f_index = 90, f_len = 219194, cur_total_len = 6719311
[08:15:38.994] RX< [33m
[08:15:39.520] RX< [W/ftp] service go wrong, now wait restarting...[0m
[08:15:39.520] RX< [33m[W/ftp] service go wrong, now wait restarting...[0m
[08:15:39.520] RX< [34m[AE] fid=120,exp=10540,adg=300,Y=4103,mtg=180,shg=100,bgbv=1210,iso=300,cnv2,hdr0
[08:15:39.520] RX< [0m[34m[ME INTP]fid=120, shutter=10540, perf=909(us), m
[08:15:40.149] TX> dfs_video_stop
[08:15:40.149] TX> echo "__EVBTEST_END_4e841202__"
[08:15:40.158] RX< ax=8236(us)!
[08:15:40.158] RX< [0m[7] [cam] [103218][me0][me_core_thread:322]ME out fid 120
[08:15:40.158] RX< [34m[awb0 proc] perf=6308(us), max=6308(us)!
[08:15:40.158] RX< [0m[33m[W/ftp] service go wrong, now wait restarting...[0m
[08:15:40.158] RX< [33m[W/ftp] service go wrong, now wait restarting...[0m
[08:15:40.158] RX< dfs_video_stop
[08:15:40.191] RX< msh /emmc>echo "__EVBTEST_END_4e841202__"
[08:15:40.191] RX< __EVBTEST_END_4e841202__
[08:15:40.191] RX< msh /emmc>[6] [App Dfs]  Gravity_XR Record Stop Success: total frames = 138
[08:15:40.191] RX< [6] [cam] [103800][DfsSend][sensor_stream_off:1143]sensor [1]: stream_off
[08:15:40.191] RX< [6] [cam] [103800][DfsSend][sensor_stre
[08:15:40.202] RX< am_off:1172]sensor [1]: REG: 0x100, W:0x0.
[08:15:40.202] RX< [6] [cam] [103802][DfsSend][sensor_stream_off:1174]sensor [1]: REG: 0x100, R:0x0.
[08:15:40.202] RX< [6] [cam] [103822][DfsSend][csc_prv_stop:893]ok! phys_id[1], phys_num[1], stop_type = 0
[08:15:40.202] RX< [6] [cam] [103822][DfsSend][cam_stop:1017]p
[08:15:40.202] RX< review stop ok! logic_id[0]
[08:15:40.202] RX< [34m[cam stop] perf=22659(us)!
[08:15:40.202] RX< [0m[6] [App Cam] cam stop success
[08:15:40.202] RX< Total of 139 frames encoded, 10301518 bytes, max_workbuffer_used: 4911104 bytes
[08:15:40.202] RX< [6] [App Cam] hevc_encoder_deinit success
[08:15:40.202] RX< [7] [cam] [103828][DfsSend][cam_cpm_c
[08:15:40.206] RX< ore_power_off:457]id,0 type,1 ret 0
[08:15:40.206] RX< [6] [cam] [103828][sif0][sif_irq_proc:174]thread release cid,0
[08:15:40.206] RX< [6] [cam] [103828][DfsSend][cam_sif_mgr_deinit:316]X
[08:15:40.206] RX< [6] [cam] [103829][DfsSend][cam_deinit:846]deinit ok! logic_id[0]
[08:15:40.206] RX< [34m[cam deinit] perf=1298(us)!
[08:15:40.206] RX< [
[08:15:40.206] RX< 0m[6] [App Cam] cam deinit success
[08:15:40.206] RX< [6] [cam] [103829][DfsSend][sensor_close:1247]sensor [1]: close!
[08:15:40.206] RX< [6] [cam] [103831][DfsSend][cam_bm_core_deinit:136]X
[08:15:40.206] RX< [6] [cam] [103831][me0][me_core_thread:367]thread release cid,0
[08:15:40.206] RX< [6] [cam] [103832][DfsSend][cam_me_co
[08:15:40.209] RX< re_deinit:1502]X
[08:15:40.209] RX< [6] [cam] [103832][fe0][fe_core_irq_proc:121]thread release cid,0
[08:15:40.209] RX< [6] [cam] [103833][DfsSend][cam_fe_core_deinit:536]X
[08:15:40.209] RX< [6] [cam] [103833][b_3a_sts][bayer_stats_core_irq_proc:193]thread release cid,0
[08:15:40.209] RX< [6] [cam] [103834][DfsSend][cam_bayer_
[08:15:40.209] RX< stats_core_deinit:512]X
[08:15:40.209] RX< [6] [cam] [103834][b_ae0][a5_core_wrapper_task:315]thread release cid,0,algo,0
[08:15:40.209] RX< [6] [cam] [103834][DfsSend][bayer_ae_wrapper_deinit:204]X
[08:15:40.209] RX< [6] [cam] [103835][atf0][a5_core_wrapper_task:315]thread release cid,0,algo,1
[08:15:40.209] RX< [6] [cam] [1038
[08:15:40.212] RX< 35][DfsSend][atf_wrapper_deinit:153]X
[08:15:40.212] RX< [6] [cam] [103835][awb0][a5_core_wrapper_task:315]thread release cid,0,algo,2
[08:15:40.212] RX< [6] [cam] [103836][DfsSend][awb_wrapper_deinit:153]X
[08:15:40.212] RX< [6] [cam] [103836][DfsSend][cam_5a_core_deinit:555]X
[08:15:40.212] RX< [6] [cam] [103836][DfsSend][cam_
[08:15:40.212] RX< 5a_inf_deinit:149]X
[08:15:40.212] RX< [6] [cam] [103837][qpc0][qpc_core_msg_proc:697]thread release cid,0
[08:15:40.212] RX< [6] [cam] [103837][DfsSend][qpc_core_deinit:1330]X
[08:15:40.212] RX< [6] [cam] [103837][DfsSend][cam_cpm_core_deinit:1107]X
[08:15:40.212] RX< [6] [cam] [103838][DfsSend][csc_close:584]ok! phys_id[1], ph
[08:15:40.218] RX< ys_num[1]
[08:15:40.218] RX< [7] [cam] [103838][cer0][cer_recovery_proc:352]msg type = 254
[08:15:40.218] RX< [6] [cam] [103838][cer0][cer_recovery_proc:454]thread release cid,0
[08:15:40.218] RX< [6] [cam] [103839][DfsSend][cer_deinit:560]X
[08:15:40.218] RX< [6] [cam] [103839][DfsSend][cam_close:750]close ok! logic_id[0]
[08:15:40.218] RX< [34m
[08:15:40.219] RX< [cam close] perf=9881(us)!
[08:15:40.219] RX< [0m[6] [App Cam] cam close success
[08:15:40.219] RX< [6] [cam] [103840][cpl0][cam_prelude_proc_routine:136]thread release
[08:15:40.219] RX< [6] [cam] [103840][DfsSend][cam_exit:551]exit ok!
[08:15:40.219] RX< [34m[cam exit] perf=568(us)!
[08:15:40.219] RX< [0m[6] [App Cam] cam exit success
[08:15:40.219] RX< [6] [A
[08:15:40.994] RX< pp Dfs] Save Video Successful: /emmc/VIDEO/20260812_111533_8488/Video_8488_0.h265
[08:15:40.994] RX< [6] [App Dfs] Save Imu Successful: /emmc/VIDEO/20260812_111533_8488/Imu_8488.bin
[08:15:40.994] RX< [6] [App Dfs] Video recording completed successfully.
[08:15:40.994] RX< [33m[W/ftp] service go wrong, now wai
[08:15:41.001] TX> ftp_server
[08:15:41.001] TX> echo "__EVBTEST_END_e49d6b15__"
[08:15:41.994] RX< t restarting...[0m
[08:15:41.994] RX< [33m[W/ftp] service go wrong, now wait restarting...[0m
[08:15:41.994] RX< ftp_server
[08:15:41.994] RX< 
[08:15:41.994] RX< [FTP] Ftp server init success!!!
[08:15:41.994] RX< msh /emmc>echo "__EVBTEST_END_e49d6b15__"
[08:15:41.994] RX< __EVBTEST_END_e49d6b15__
[08:15:41.994] RX< msh /emmc>[33m[W/ftp] service go wrong, now wait restarting...
[08:15:43.994] RX< [0m
[08:15:43.994] RX< [33m[W/ftp] service go wrong, now wait restarting...[0m
[08:15:43.994] RX< [33m[W/ftp] service go wrong, now wait restarting...[0m
[08:15:43.994] RX< [33m[W/ftp] service go wrong, now wait restarting...[0m
[08:15:43.994] RX< [33m[W/ftp] service go wrong, now wait restarting...[0m
[08:15:43.994] RX< [33m[W/ftp] service
[08:15:45.994] RX<  go wrong, now wait restarting...[0m
[08:15:45.994] RX< [33m[W/ftp] service go wrong, now wait restarting...[0m
[08:15:45.994] RX< [33m[W/ftp] service go wrong, now wait restarting...[0m
[08:15:45.994] RX< [33m[W/ftp] service go wrong, now wait restarting...[0m
[08:15:45.994] RX< [33m[W/ftp] service go wrong, now wait rest
