[22:30:04.446] [INFO] VX100 EVB 自动化测试启动，运行时间戳: 20260812_223004
[22:30:04.446] [INFO] 启用模块: ['wifi_scan', 'wifi_join', 'emmc', 'ftp', 'photo', 'video']
[22:30:04.447] [INFO] 开始自动探测 EVB 串口，候选端口 ['/dev/ttyUSB0', '/dev/ttyUSB1', '/dev/ttyUSB2']，候选波特率 [2000000, 250000, 115200, 921600]
[22:30:04.447] [DEBUG] 探测 /dev/ttyUSB0 @ 2000000 ...
[22:30:06.973] [INFO]   命中 EVB 指纹: /dev/ttyUSB0 @ 2000000
[22:30:06.973] [DEBUG] 探测 /dev/ttyUSB1 @ 2000000 ...
[22:30:09.277] [DEBUG] 探测 /dev/ttyUSB1 @ 250000 ...
[22:30:11.580] [DEBUG] 探测 /dev/ttyUSB1 @ 115200 ...
[22:30:13.884] [DEBUG] 探测 /dev/ttyUSB1 @ 921600 ...
[22:30:16.188] [DEBUG] 探测 /dev/ttyUSB2 @ 2000000 ...
[22:30:18.491] [DEBUG] 探测 /dev/ttyUSB2 @ 250000 ...
[22:30:20.795] [DEBUG] 探测 /dev/ttyUSB2 @ 115200 ...
[22:30:23.097] [DEBUG] 探测 /dev/ttyUSB2 @ 921600 ...
[22:30:25.401] [INFO] 探测到 EVB: /dev/ttyUSB0 @ 2000000
[22:30:25.402] [INFO] 串口已打开: /dev/ttyUSB0 @ 2000000 bps
[22:30:26.407] [INFO] EVB 已就绪
[22:30:27.135] [DEBUG] 串口自检通过
[22:30:27.135] [INFO] 预清理板子状态...
[22:30:33.101] [INFO] 使用默认 WiFi: G-Demo
[22:30:41.134] [INFO] WiFi 连接成功: G-Demo / IP=10.1.90.71
[22:30:41.134] [INFO] 本次执行模块顺序: ['wifi_scan', 'wifi_join', 'emmc', 'ftp', 'photo', 'video']
[22:30:41.134] >>> 执行模块: wifi_scan
[22:30:41.134] [SKIP] wifi_scan (0ms) - WiFi 已交互连接，跳过扫描测试
[22:30:41.134] [SKIP] wifi_join (0ms) - 依赖模块未通过: ['wifi_scan']
[22:30:41.134] >>> 执行模块: emmc
[22:30:41.297] [FAIL] emmc (0ms) - 无法进入 /emmc 目录
[22:30:41.297] [SKIP] ftp (0ms) - 依赖模块未通过: ['wifi_join']
[22:30:41.297] [SKIP] photo (0ms) - 依赖模块未通过: ['ftp']
[22:30:41.297] [SKIP] video (0ms) - 依赖模块未通过: ['ftp']
[22:30:41.337] ==================================================
[22:30:41.337] 测试完成：共 6 项 | 通过 0 | 失败 1 | 跳过 5 | 错误 0 | 通过率 0.0% | 总耗时 0.0s
[22:30:41.337] ==================================================
[22:30:41.337] [INFO]   json 报告: reports/20260812_223004/result.json
[22:30:41.338] [INFO]   junit 报告: reports/20260812_223004/junit.xml
[22:30:41.338] [INFO]   html 报告: reports/20260812_223004/report.html
[22:30:42.155] [DEBUG] 串口已关闭
