[01:18:55.084] [INFO] VX100 EVB 自动化测试启动，运行时间戳: 20260817_011855
[01:18:55.084] [INFO] 启用模块: ['wifi_check', 'wifi_scan', 'wifi_join', 'emmc', 'ftp', 'photo', 'video', 'rtmp']
[01:18:55.085] [INFO] 开始自动探测 EVB 串口，候选端口 ['/dev/ttyUSB0']，候选波特率 [2000000, 250000, 115200, 921600]
[01:18:55.085] [DEBUG] 探测 /dev/ttyUSB0 @ 2000000 ...
[01:18:57.393] [INFO]   命中 EVB 指纹: /dev/ttyUSB0 @ 2000000
[01:18:57.393] [INFO] 探测到 EVB: /dev/ttyUSB0 @ 2000000
[01:18:57.395] [INFO] 串口已打开: /dev/ttyUSB0 @ 2000000 bps
[01:18:59.396] [INFO] EVB 已就绪
[01:19:01.397] [DEBUG] 串口自检通过
[01:19:01.397] [INFO] 预清理板子状态...
[01:19:08.418] [INFO] 本次执行模块顺序: ['wifi_check', 'wifi_scan', 'wifi_join', 'emmc', 'ftp', 'photo', 'video', 'rtmp']
[01:19:08.418] >>> 执行模块: wifi_check
[01:19:10.438] [PASS] wifi_check (2019ms) - 未联网，将继续 scan/join
[01:19:10.438] >>> 执行模块: wifi_scan
[01:19:14.419] [PASS] wifi_scan (3980ms) - 扫描到 15 个 AP
[01:19:14.419] >>> 执行模块: wifi_join
[01:19:44.626] [FAIL] wifi_join (0ms) - 连接失败或未获取 IP (G-Demo)
[01:19:44.626] >>> 执行模块: emmc
[01:19:45.535] [PASS] emmc (909ms) - 已进入 /emmc（自动挂载）
[01:19:45.536] [SKIP] ftp (0ms) - 依赖模块未通过: ['wifi_join']
[01:19:45.536] >>> 执行模块: photo
[01:19:45.536] [SKIP] photo (0ms) - FTP 客户端不可用，跳过拍照
[01:19:45.536] >>> 执行模块: video
[01:19:45.536] [SKIP] video (0ms) - FTP 客户端不可用，跳过录像
[01:19:45.536] [SKIP] rtmp (0ms) - 依赖模块未通过: ['wifi_join']
[01:19:45.577] ==================================================
[01:19:45.577] 测试完成：共 8 项 | 通过 3 | 失败 1 | 跳过 4 | 错误 0 | 通过率 37.5% | 总耗时 6.9s
[01:19:45.577] ==================================================
[01:19:45.577] [INFO]   json 报告: reports/20260817_011855/result.json
[01:19:45.577] [INFO]   junit 报告: reports/20260817_011855/junit.xml
[01:19:45.577] [INFO]   html 报告: reports/20260817_011855/report.html
[01:19:47.540] [DEBUG] 串口已关闭
