[01:18:57.395] TX> 
[01:18:58.396] TX> 
[01:18:59.396] TX> 
[01:18:59.396] RX< 
[01:18:59.396] RX< msh /emmc>
[01:18:59.396] RX< msh /emmc>
[01:18:59.605] TX> echo "EVBTEST_HELLO"
[01:18:59.605] TX> echo "__EVBTEST_END_77e10dbd__"
[01:19:01.397] RX< 
[01:19:01.397] RX< msh /emmc>echo "EVBTEST_HELLO"
[01:19:01.397] RX< EVBTEST_HELLO
[01:19:01.397] RX< msh /emmc>echo "__EVBTEST_END_77e10dbd__"
[01:19:01.397] RX< __EVBTEST_END_77e10dbd__
[01:19:01.397] RX< msh /emmc>
[01:19:01.605] TX> cd /
[01:19:01.605] TX> echo "__EVBTEST_END_9a02fd42__"
[01:19:03.399] RX< cd /
[01:19:03.399] RX< msh />echo "__EVBTEST_END_9a02fd42__"
[01:19:03.399] RX< __EVBTEST_END_9a02fd42__
[01:19:03.399] RX< msh />
[01:19:03.613] TX> dfs_video_stop
[01:19:03.613] TX> echo "__EVBTEST_END_dc6ad61f__"
[01:19:05.401] RX< dfs_video_stop
[01:19:05.401] RX< [6] [App Dfs] Please start recording the video first.
[01:19:05.401] RX< msh />echo "__EVBTEST_END_dc6ad61f__"
[01:19:05.401] RX< __EVBTEST_END_dc6ad61f__
[01:19:05.401] RX< msh />
[01:19:05.609] TX> ftp_server
[01:19:05.609] TX> echo "__EVBTEST_END_4f1514b3__"
[01:19:07.403] RX< ftp_server
[01:19:07.403] RX< 
[01:19:07.403] RX< [FTP] Ftp server init success!!!
[01:19:07.403] RX< msh />echo "__EVBTEST_END_4f1514b3__"
[01:19:07.403] RX< __EVBTEST_END_4f1514b3__
[01:19:07.403] RX< msh />
[01:19:08.422] RX< ifconfig
[01:19:08.422] RX< network interface device: w0 (Default)
[01:19:08.422] RX< MTU: 1500
[01:19:08.422] RX< MAC: 8c ea 12 ba a8 2c 
[01:19:08.422] RX< FLAGS: UP LINK_UP INTERNET_DOWN DHCP_ENABLE ETHARP BROADCAST IGMP
[01:19:08.422] RX< ip address: 0.0.0.0
[01:19:08.422] RX< gw address: 0.0.0.0
[01:19:08.422] RX< net mask  : 0.0.0.0
[01:19:08.422] RX< dns server #0: 0.0.0.0
[01:19:08.422] RX< dns server #1: 0.0.0
[01:19:08.437] RX< .0
[01:19:08.437] RX< 
[01:19:08.437] RX< network interface device: w1
[01:19:08.437] RX< MTU: 1500
[01:19:08.437] RX< MAC: 8e ea 12 ba a8 2c 
[01:19:08.437] RX< FLAGS: UP LINK_DOWN INTERNET_DOWN DHCP_ENABLE ETHARP BROADCAST IGMP
[01:19:08.437] RX< ip address: 0.0.0.0
[01:19:08.437] RX< gw address: 0.0.0.0
[01:19:08.437] RX< net mask  : 0.0.0.0
[01:19:08.437] RX< dns server #0: 0.0.0.0
[01:19:08.437] RX< dns server #1: 0.0.0.0
[01:19:08.437] RX< msh />ech
[01:19:08.619] TX> ifconfig
[01:19:08.619] TX> echo "__EVBTEST_END_003b3e42__"
[01:19:10.437] RX< o "__EVBTEST_END_003b3e42__"
[01:19:10.437] RX< __EVBTEST_END_003b3e42__
[01:19:10.437] RX< msh />[33m[W/ftp] service go wrong, now wait restarting...[0m
[01:19:10.498] RX< wifi scan
[01:19:10.498] RX<              SSID                      MAC            security    rssi chn Mbps
[01:19:10.498] RX< ------------------------------- -----------------  -------------- ---- --- ----
[01:19:10.498] RX< HUAWEI-AX2                      02:25:74:39:4e:47  WPA2_AES_PSK   -50    1  300
[01:19:10.498] RX< ftp_
[01:19:10.645] TX> wifi scan
[01:19:10.645] TX> echo "__EVBTEST_END_25991386__"
[01:19:10.716] RX< hw_2_4g                     e2:19:01:17:87:d1  WPA2_AES_PSK   -36    1  144
[01:19:10.716] RX< realme GT Neo5 SE               6e:de:3b:69:a5:79  WPA2_AES_PSK   -58    4  144
[01:19:10.716] RX< alk_guest                       2c:97:b1:17:2e:a1  WPA2_MIXED_PSK -50    6   72
[01:19:10.716] RX< gravityXR        
[01:19:10.888] RX<                f4:e4:51:83:d5:80  WPA2_AES_PSK   -53    6  144
[01:19:10.888] RX<  Gwireless                      f4:e4:51:83:d5:81  WPA2_AES_PSK   -52    6  144
[01:19:10.888] RX< G-Demo                          f4:e4:51:83:d5:82  WPA2_AES_PSK   -51    6  144
[01:19:10.888] RX< CU_Juqf                       
[01:19:11.136] RX<   e8:f9:d4:41:47:74  WPA2_MIXED_PSK -61   10  144
[01:19:11.136] RX< MTK_CHEETAH_AP_2.4G             e0:ef:02:71:f5:71  OPEN           -42   13  300
[01:19:11.136] RX< SW-test-2.4G                    f8:ce:21:8b:a6:fc  WPA2_AES_PSK   -47   13  600
[01:19:11.136] RX< HUAWEI-X1E3WU                   42:17:a3:f1
[01:19:11.692] RX< :cf:49  WPA2_AES_PSK   -60    1  144
[01:19:11.692] RX< TP-LINK_5G_756B                 c2:45:86:39:8c:5f  WPA2_AES_PSK   -48    1  300
[01:19:11.692] RX< [33m[W/ftp] service go wrong, now wait restarting...[0m
[01:19:11.692] RX< alk                             2c:97:b1:17:46:40  WPA2_AES_PSK   -60    6   72
[01:19:12.418] RX< 
[01:19:12.418] RX< G-Demo                          f4:e4:51:83:e3:02  WPA2_AES_PSK   -65    6  144
[01:19:12.418] RX< alk                             2c:97:b1:17:2e:a0  WPA2_AES_PSK   -52    6   72
[01:19:12.418] RX< GTS_24G                         a4:a9:30:fb:94:34  WPA2_AES_PSK   -58   11  288
[01:19:12.418] RX< [33m[W/ftp
[01:19:14.419] RX< ] service go wrong, now wait restarting...[0m
[01:19:14.419] RX< msh />echo "__EVBTEST_END_25991386__"
[01:19:14.419] RX< __EVBTEST_END_25991386__
[01:19:14.419] RX< msh />[33m[W/ftp] service go wrong, now wait restarting...[0m
[01:19:14.419] RX< [33m[W/ftp] service go wrong, now wait restarting...[0m
[01:19:14.625] TX> wifi join G-Demo Gdemo@123
[01:19:14.625] TX> echo "__EVBTEST_END_8f0753a1__"
[01:19:16.419] RX< wifi join G-Demo Gdemo@123
[01:19:16.419] RX< [33m[W/ftp] service go wrong, now wait restarting...[0m
[01:19:16.419] RX< [33m[W/ftp] service go wrong, now wait restarting...[0m
[01:19:18.419] RX< [33m[W/ftp] service go wrong, now wait restarting...[0m
[01:19:18.419] RX< [33m[W/ftp] service go wrong, now wait restarting...[0m
[01:19:20.419] RX< [33m[W/ftp] service go wrong, now wait restarting...[0m
[01:19:20.419] RX< [33m[W/ftp] service go wrong, now wait restarting...[0m
[01:19:22.420] RX< [33m[W/ftp] service go wrong, now wait restarting...[0m
[01:19:22.420] RX< [33m[W/ftp] service go wrong, now wait restarting...[0m
[01:19:24.420] RX< [33m[W/ftp] service go wrong, now wait restarting...[0m
[01:19:24.420] RX< [33m[W/ftp] service go wrong, now wait restarting...[0m
[01:19:25.532] RX< [33m[W/ftp] service go wrong, now wait restarting...[0m
[01:19:25.532] RX< whd_wifi_join_wait_for_complete: not ready to transceive (err 33555456); left network
[01:19:25.532] RX< Function whd_wifi_join failed at line 2164 checkres = 33555456 
[01:19:25.532] RX< msh />echo "__EVBTEST_END_8f0753a1__"
[01:19:25.532] RX< __EVBTEST
[01:19:27.532] RX< _END_8f0753a1__
[01:19:27.532] RX< msh />[33m[W/ftp] service go wrong, now wait restarting...[0m
[01:19:27.532] RX< [33m[W/ftp] service go wrong, now wait restarting...[0m
[01:19:29.533] RX< [33m[W/ftp] service go wrong, now wait restarting...[0m
[01:19:29.533] RX< [33m[W/ftp] service go wrong, now wait restarting...[0m
[01:19:31.533] RX< [33m[W/ftp] service go wrong, now wait restarting...[0m
[01:19:31.533] RX< [33m[W/ftp] service go wrong, now wait restarting...[0m
[01:19:33.533] RX< [33m[W/ftp] service go wrong, now wait restarting...[0m
[01:19:33.533] RX< [33m[W/ftp] service go wrong, now wait restarting...[0m
[01:19:35.533] RX< [33m[W/ftp] service go wrong, now wait restarting...[0m
[01:19:35.533] RX< [33m[W/ftp] service go wrong, now wait restarting...[0m
[01:19:37.534] RX< [33m[W/ftp] service go wrong, now wait restarting...[0m
[01:19:37.534] RX< [33m[W/ftp] service go wrong, now wait restarting...[0m
[01:19:39.534] RX< [33m[W/ftp] service go wrong, now wait restarting...[0m
[01:19:39.534] RX< [33m[W/ftp] service go wrong, now wait restarting...[0m
[01:19:41.534] RX< [33m[W/ftp] service go wrong, now wait restarting...[0m
[01:19:41.534] RX< [33m[W/ftp] service go wrong, now wait restarting...[0m
[01:19:43.535] RX< [33m[W/ftp] service go wrong, now wait restarting...[0m
[01:19:43.535] RX< [33m[W/ftp] service go wrong, now wait restarting...[0m
[01:19:44.833] TX> cd /emmc
[01:19:44.833] TX> echo "__EVBTEST_END_30d06567__"
[01:19:45.535] RX< [33m[W/ftp] service go wrong, now wait restarting...[0m
[01:19:45.535] RX< cd /emmc
[01:19:45.535] RX< msh /emmc>echo "__EVBTEST_END_30d06567__"
[01:19:45.535] RX< __EVBTEST_END_30d06567__
[01:19:45.535] RX< msh /emmc>[33m[W/ftp] service go wrong, now wait restarting...[0m
[01:19:47.535] RX< [33m[W/ftp] service go wrong, now wait restarting...[0m
[01:19:47.535] RX< [33m[W/ftp] service go wrong, now wait restarting...[0m
