[01:06:47.015] [INFO] VX100 EVB 自动化测试启动，运行时间戳: 20260813_010647
[01:06:47.015] [INFO] 启用模块: ['wifi_check', 'wifi_scan', 'wifi_join', 'emmc', 'ftp', 'photo', 'video']
[01:06:47.016] [INFO] 开始自动探测 EVB 串口，候选端口 ['/dev/ttyUSB0', '/dev/ttyUSB1', '/dev/ttyUSB2']，候选波特率 [2000000, 250000, 115200, 921600]
[01:06:47.016] [DEBUG] 探测 /dev/ttyUSB0 @ 2000000 ...
[01:06:49.349] [INFO]   命中 EVB 指纹: /dev/ttyUSB0 @ 2000000
[01:06:49.349] [DEBUG] 探测 /dev/ttyUSB1 @ 2000000 ...
[01:06:51.652] [DEBUG] 探测 /dev/ttyUSB1 @ 250000 ...
[01:06:53.956] [DEBUG] 探测 /dev/ttyUSB1 @ 115200 ...
[01:06:56.260] [DEBUG] 探测 /dev/ttyUSB1 @ 921600 ...
[01:06:58.563] [DEBUG] 探测 /dev/ttyUSB2 @ 2000000 ...
[01:07:00.865] [DEBUG] 探测 /dev/ttyUSB2 @ 250000 ...
[01:07:03.169] [DEBUG] 探测 /dev/ttyUSB2 @ 115200 ...
[01:07:05.473] [DEBUG] 探测 /dev/ttyUSB2 @ 921600 ...
[01:07:07.777] [INFO] 探测到 EVB: /dev/ttyUSB0 @ 2000000
[01:07:07.778] [INFO] 串口已打开: /dev/ttyUSB0 @ 2000000 bps
[01:07:08.156] [INFO] EVB 已就绪
[01:07:08.313] [DEBUG] 串口自检通过
[01:07:08.313] [INFO] 预清理板子状态...
[01:07:09.444] [INFO] 本次执行模块顺序: ['wifi_check', 'wifi_scan', 'wifi_join', 'emmc', 'ftp', 'photo', 'video']
[01:07:09.444] >>> 执行模块: wifi_check
[01:07:09.516] [PASS] wifi_check (71ms) - 已联网，IP=10.1.90.71（跳过 wifi scan/join）
[01:07:09.516] >>> 执行模块: wifi_scan
[01:07:09.516] [SKIP] wifi_scan (0ms) - WiFi 已连接（IP=10.1.90.71），跳过扫描测试
[01:07:09.516] >>> 执行模块: wifi_join
[01:07:09.516] [SKIP] wifi_join (0ms) - WiFi 已连接 (未知/10.1.90.71)，跳过 join 测试
[01:07:09.516] >>> 执行模块: emmc
[01:07:10.121] [PASS] emmc (605ms) - 已进入 /emmc（自动挂载）
[01:07:10.122] >>> 执行模块: ftp
[01:07:10.506] [DEBUG] FTP 已连接 10.1.90.71:21 (尝试 1)
[01:07:10.974] [PASS] ftp (852ms) - FTP 已连接 10.1.90.71，/emmc 列出 3 项
[01:07:10.975] >>> 执行模块: photo
[01:07:11.618]   拍照测试: 模式 auto
[01:07:14.128] [DEBUG] 强制重连 FTP
[01:07:15.799] [DEBUG] FTP 已连接 10.1.90.71:21 (尝试 1)
[01:07:15.799] [INFO] FTP 已恢复
[01:07:30.843] [PASS] photo[auto] (19224ms) - JPEG OK 674KB | 拍照成功，保存到 /emmc/PIC/20260813_040712_4962
[01:07:30.843] >>> 执行模块: video
[01:07:31.940]   录像测试: 1080p / 5s
[01:07:38.132] [DEBUG] 强制重连 FTP
[01:07:39.906] [DEBUG] FTP 已连接 10.1.90.71:21 (尝试 1)
[01:07:39.906] [INFO] FTP 已恢复
[01:07:40.404] [PASS] video (8463ms) - 录像成功，文件 /emmc/VIDEO/20260813_040732_4162/Video_4162_0.h265，9891KB
[01:07:40.445] ==================================================
[01:07:40.445] 测试完成：共 7 项 | 通过 5 | 失败 0 | 跳过 2 | 错误 0 | 通过率 71.4% | 总耗时 29.2s
[01:07:40.445] ==================================================
[01:07:40.445] [INFO]   json 报告: reports/20260813_010647/result.json
[01:07:40.445] [INFO]   junit 报告: reports/20260813_010647/junit.xml
[01:07:40.445] [INFO]   html 报告: reports/20260813_010647/report.html
[01:07:40.532] [DEBUG] 串口已关闭
