[02:41:05.989] [INFO] VX100 EVB 自动化测试启动，运行时间戳: 20260813_024105
[02:41:05.989] [INFO] 启用模块: ['wifi_check', 'wifi_scan', 'wifi_join', 'emmc', 'ftp', 'photo', 'video']
[02:41:05.990] [INFO] 开始自动探测 EVB 串口，候选端口 ['/dev/ttyUSB0', '/dev/ttyUSB1', '/dev/ttyUSB2']，候选波特率 [2000000, 250000, 115200, 921600]
[02:41:05.990] [DEBUG] 探测 /dev/ttyUSB0 @ 2000000 ...
[02:41:08.690] [INFO]   命中 EVB 指纹: /dev/ttyUSB0 @ 2000000
[02:41:08.690] [DEBUG] 探测 /dev/ttyUSB1 @ 2000000 ...
[02:41:10.993] [DEBUG] 探测 /dev/ttyUSB1 @ 250000 ...
[02:41:13.297] [DEBUG] 探测 /dev/ttyUSB1 @ 115200 ...
[02:41:15.599] [DEBUG] 探测 /dev/ttyUSB1 @ 921600 ...
[02:41:17.901] [DEBUG] 探测 /dev/ttyUSB2 @ 2000000 ...
[02:41:20.205] [DEBUG] 探测 /dev/ttyUSB2 @ 250000 ...
[02:41:22.509] [DEBUG] 探测 /dev/ttyUSB2 @ 115200 ...
[02:41:24.813] [DEBUG] 探测 /dev/ttyUSB2 @ 921600 ...
[02:41:27.117] [INFO] 探测到 EVB: /dev/ttyUSB0 @ 2000000
[02:41:27.118] [INFO] 串口已打开: /dev/ttyUSB0 @ 2000000 bps
[02:41:27.748] [INFO] EVB 已就绪
[02:41:27.948] [DEBUG] 串口自检通过
[02:41:27.948] [INFO] 预清理板子状态...
[02:41:29.701] [INFO] 本次执行模块顺序: ['wifi_check', 'wifi_scan', 'wifi_join', 'emmc', 'ftp', 'photo', 'video']
[02:41:29.701] >>> 执行模块: wifi_check
[02:41:29.948] [PASS] wifi_check (247ms) - 已联网，IP=10.1.90.71（跳过 wifi scan/join）
[02:41:29.948] >>> 执行模块: wifi_scan
[02:41:29.949] [SKIP] wifi_scan (0ms) - WiFi 已连接（IP=10.1.90.71），跳过扫描测试
[02:41:29.949] >>> 执行模块: wifi_join
[02:41:29.949] [SKIP] wifi_join (0ms) - WiFi 已连接 (未知SSID/10.1.90.71)，跳过 join 测试
[02:41:29.949] >>> 执行模块: emmc
[02:41:30.036] [PASS] emmc (87ms) - 已进入 /emmc（自动挂载）
[02:41:30.036] >>> 执行模块: ftp
[02:41:30.772] [DEBUG] FTP 已连接 10.1.90.71:21 (尝试 1)
[02:41:31.122] [PASS] ftp (1085ms) - FTP 已连接 10.1.90.71，/emmc 列出 3 项
[02:41:31.122] >>> 执行模块: photo
[02:41:31.650]   拍照测试: 模式 auto
[02:41:33.953] [DEBUG] 强制重连 FTP
[02:41:35.949] [DEBUG] FTP 已连接 10.1.90.71:21 (尝试 1)
[02:41:35.949] [INFO] FTP 已恢复
[02:41:41.027] [PASS] photo[auto] (9377ms) - JPEG OK 654KB | 拍照成功，保存到 /emmc/PIC/20260813_054132_8644 | 已下载到 logs/20260813_024105/photos/auto_20260813_054132_8644_Image_20260813_054132_8644_0.jpg
[02:41:41.027] >>> 执行模块: video
[02:41:41.364]   录像测试: 1080p / 2s
[02:41:45.042] [DEBUG] 强制重连 FTP
[02:41:47.366] [DEBUG] FTP 已连接 10.1.90.71:21 (尝试 1)
[02:41:47.366] [INFO] FTP 已恢复
[02:42:34.229] [PASS] video (52864ms) - 录像成功，文件 /emmc/VIDEO/20260813_054141_8409/Video_8409_0.h265，3600KB | 已下载到 logs/20260813_024105/videos/Video_8409_0.h265
[02:42:34.270] ==================================================
[02:42:34.270] 测试完成：共 7 项 | 通过 5 | 失败 0 | 跳过 2 | 错误 0 | 通过率 71.4% | 总耗时 63.7s
[02:42:34.270] ==================================================
[02:42:34.270] [INFO]   json 报告: reports/20260813_024105/result.json
[02:42:34.270] [INFO]   junit 报告: reports/20260813_024105/junit.xml
[02:42:34.270] [INFO]   html 报告: reports/20260813_024105/report.html
[02:42:34.641] [DEBUG] 串口已关闭
