[05:43:15.512] [INFO] VX100 EVB 自动化测试启动，运行时间戳: 20260819_054315
[05:43:15.512] [INFO] 启用模块: ['wifi_check', 'wifi_scan', 'wifi_join', 'emmc', 'ftp', 'photo', 'video', 'rtmp']
[05:43:15.513] [INFO] 开始自动探测 EVB 串口，候选端口 ['/dev/ttyUSB1']，候选波特率 [2000000, 250000, 115200, 921600]
[05:43:15.513] [DEBUG] 探测 /dev/ttyUSB1 @ 2000000 ...
[05:43:17.823] [INFO]   命中 EVB 指纹: /dev/ttyUSB1 @ 2000000
[05:43:17.823] [INFO] 探测到 EVB: /dev/ttyUSB1 @ 2000000
[05:43:17.827] [INFO] 串口已打开: /dev/ttyUSB1 @ 2000000 bps
[05:43:19.829] [INFO] EVB 已就绪
[05:43:21.832] [DEBUG] 串口自检通过
[05:43:21.832] [INFO] 预清理板子状态...
[05:43:45.646] [INFO] 使用默认 WiFi: SW-test-2.4G
[05:43:53.865] [INFO] WiFi 连接成功: SW-test-2.4G / IP=192.168.1.101
[05:43:58.871] [INFO] 本次执行模块顺序: ['wifi_check', 'wifi_scan', 'wifi_join', 'emmc', 'ftp', 'photo', 'video', 'rtmp']
[05:43:58.871] >>> 模块 [wifi_check] 开始执行
[05:43:58.872]     - 执行模块: wifi_check
[05:44:00.895] [PASS] wifi_check (2023ms) - 已联网，IP=192.168.1.101（跳过 wifi scan/join）
[05:44:00.895] <<< 模块 [wifi_check] 结束，耗时 2.0s（结果 PASS）
[05:44:00.895] >>> 模块 [wifi_scan] 开始执行
[05:44:00.895]     - 执行模块: wifi_scan
[05:44:00.895] [SKIP] wifi_scan (0ms) - WiFi 已连接（IP=192.168.1.101），跳过扫描测试
[05:44:00.895] <<< 模块 [wifi_scan] 结束，耗时 0.0s（结果 SKIP）
[05:44:00.895] >>> 模块 [wifi_join] 开始执行
[05:44:00.896]     - 执行模块: wifi_join
[05:44:00.896] [SKIP] wifi_join (0ms) - WiFi 已连接 (SW-test-2.4G/192.168.1.101)，跳过 join 测试
[05:44:00.896] <<< 模块 [wifi_join] 结束，耗时 0.0s（结果 SKIP）
[05:44:00.896] >>> 模块 [emmc] 开始执行
[05:44:00.896]     - 执行模块: emmc
[05:44:02.897] [PASS] emmc (2000ms) - 已进入 /emmc（自动挂载）
[05:44:02.897] <<< 模块 [emmc] 结束，耗时 2.0s（结果 PASS）
[05:44:02.897] >>> 模块 [ftp] 开始执行
[05:44:02.897]     - 执行模块: ftp
[05:44:09.042] [DEBUG] FTP 已连接 192.168.1.101:21 (尝试 1)
[05:44:09.328] [PASS] ftp (6430ms) - FTP 已连接 192.168.1.101，/emmc 列出 4 项
[05:44:09.328] <<< 模块 [ftp] 结束，耗时 6.4s（结果 PASS）
[05:44:09.328] >>> 模块 [photo] 开始执行
[05:44:09.328]     - 执行模块: photo
[05:44:09.463] [DEBUG] FTP 已连接 192.168.1.101:21 (尝试 1)
[05:44:09.463] [DEBUG] FTP 已重新连接
[05:44:09.464]   拍照测试: 模式 auto
[05:44:15.754] [DEBUG] FTP 已连接 192.168.1.101:21 (尝试 1)
[05:44:15.754] [DEBUG] FTP 已重新连接
[05:44:16.232] [DEBUG] FTP 已连接 192.168.1.101:21 (尝试 1)
[05:44:17.916] [PASS] photo[auto] (8452ms) - JPEG OK 1077KB | 拍照成功，保存到 /emmc/PIC/20260101_000101_1748 | 已下载到 logs/20260819_054315/photos/auto_20260101_000101_1748_Image_20260101_000101_1748_0.jpg
[05:44:17.916] <<< 模块 [photo] 结束，耗时 8.6s（结果 PASS）
[05:44:17.916] >>> 模块 [video] 开始执行
[05:44:17.916]     - 执行模块: video
[05:44:18.065] [DEBUG] FTP 已连接 192.168.1.101:21 (尝试 1)
[05:44:18.065] [DEBUG] FTP 已重新连接
[05:44:18.066]   录像测试: 1080p / 180s
[05:44:21.631] [INFO] 拍摄开始（1080p / 180s）...
[05:47:22.174] [INFO] 拍摄结束，耗时 180.5s
[05:47:22.286] [DEBUG] FTP 已连接 192.168.1.101:21 (尝试 1)
[05:47:22.287] [DEBUG] FTP 已重新连接
[05:47:22.616] [INFO] FTP 开始下载视频: /emmc/VIDEO/20260101_000111_1381/Video_1381_0.h265 (399067KB) -> logs/20260819_054315/videos/Video_1381_0.h265
[05:47:22.746] [DEBUG] FTP 已连接 192.168.1.101:21 (尝试 1)
[05:51:19.068] [INFO] FTP 下载完成，耗时 236.5s
[05:51:19.068] [PASS] video (421002ms) - 录像成功，文件 /emmc/VIDEO/20260101_000111_1381/Video_1381_0.h265，399067KB | 已下载到 logs/20260819_054315/videos/Video_1381_0.h265
[05:51:19.068] <<< 模块 [video] 结束，耗时 421.2s（结果 PASS）
[05:51:19.068] >>> 模块 [rtmp] 开始执行
[05:51:19.068] [INFO] 自动检测到 PC IP: 192.168.1.89
[05:51:19.068]     - 执行模块: rtmp
[05:51:19.068] [INFO] 检查 RTMP 服务端 (nginx-rtmp) 是否监听 :1935
[05:51:19.069] [INFO] nginx-rtmp 就绪，RTMP 监听 :1935
[05:51:19.069]   RTMP 推流测试: rtmp://192.168.1.89/live/cam / 600s
[05:51:19.373] [INFO] 推流命令已下发，等待 EVB 建连上线...
[05:51:22.380] [INFO] 已在独立终端窗口启动 ffplay 画面确认 (/usr/bin/gnome-terminal)
[05:51:22.380] [INFO] ffprobe 探测 RTMP 流: rtmp://192.168.1.89/live/cam
[05:51:29.105] [INFO] 推流保持 600s（ffplay 画面可手动关闭，不影响测试）...
[05:51:59.134] [INFO]   推流已保持 30/600s ...
[05:52:29.162] [INFO]   推流已保持 60/600s ...
[05:52:59.190] [INFO]   推流已保持 90/600s ...
[05:53:29.220] [INFO]   推流已保持 120/600s ...
[05:53:59.251] [INFO]   推流已保持 150/600s ...
[05:54:29.278] [INFO]   推流已保持 180/600s ...
[05:54:59.309] [INFO]   推流已保持 210/600s ...
[05:55:29.338] [INFO]   推流已保持 240/600s ...
[05:55:59.366] [INFO]   推流已保持 270/600s ...
[05:56:29.387] [INFO]   推流已保持 300/600s ...
[05:56:59.414] [INFO]   推流已保持 330/600s ...
[05:57:29.442] [INFO]   推流已保持 360/600s ...
[05:57:59.472] [INFO]   推流已保持 390/600s ...
[05:58:29.502] [INFO]   推流已保持 420/600s ...
[05:58:59.531] [INFO]   推流已保持 450/600s ...
[05:59:29.562] [INFO]   推流已保持 480/600s ...
[05:59:59.569] [INFO]   推流已保持 510/600s ...
[06:00:29.598] [INFO]   推流已保持 540/600s ...
[06:00:59.622] [INFO]   推流已保持 570/600s ...
[06:01:29.653] [INFO]   推流已保持 600/600s ...
[06:01:37.856] [PASS] rtmp (618787ms) - 推流验证通过: h264 1296x2304 (ffprobe 实时探测)
[06:01:37.856] <<< 模块 [rtmp] 结束，耗时 618.8s（结果 PASS）
[06:01:37.876] ==================================================
[06:01:37.876] 测试完成：共 8 项 | 通过 6 | 失败 0 | 跳过 2 | 错误 0 | 通过率 75.0% | 总耗时 1058.7s
[06:01:37.876] ==================================================
[06:01:37.876] [INFO]   json 报告: reports/20260819_054315/result.json
[06:01:37.876] [INFO]   junit 报告: reports/20260819_054315/junit.xml
[06:01:37.876] [INFO]   html 报告: reports/20260819_054315/report.html
[06:04:28.988] [INFO] 已记录本次测试问题到: logs/problem/20260819_054315.log
[06:04:29.589] [DEBUG] 串口已关闭
