[23:04:13.277] TX> 
[23:04:14.277] TX> 
[23:04:15.278] TX> 
[23:04:15.278] RX< 
[23:04:15.278] RX< msh />
[23:04:15.278] RX< msh />
[23:04:15.285] TX> echo "EVBTEST_HELLO"
[23:04:15.285] TX> echo "__EVBTEST_END_d24ed679__"
[23:04:17.280] RX< 
[23:04:17.280] RX< msh />echo "EVBTEST_HELLO"
[23:04:17.280] RX< EVBTEST_HELLO
[23:04:17.280] RX< msh />echo "__EVBTEST_END_d24ed679__"
[23:04:17.280] RX< __EVBTEST_END_d24ed679__
[23:04:17.280] RX< msh />
[23:04:17.289] TX> cd /
[23:04:17.289] TX> echo "__EVBTEST_END_0cff73f7__"
[23:04:19.281] RX< cd /
[23:04:19.281] RX< msh />echo "__EVBTEST_END_0cff73f7__"
[23:04:19.281] RX< __EVBTEST_END_0cff73f7__
[23:04:19.281] RX< msh />
[23:04:19.289] TX> dfs_video_stop
[23:04:19.289] TX> echo "__EVBTEST_END_02fd23e1__"
[23:04:21.283] RX< dfs_video_stop
[23:04:21.283] RX< [6] [App Dfs] Please start recording the video first.
[23:04:21.283] RX< msh />echo "__EVBTEST_END_02fd23e1__"
[23:04:21.283] RX< __EVBTEST_END_02fd23e1__
[23:04:21.283] RX< msh />
[23:04:21.289] TX> ftp_server
[23:04:21.289] TX> echo "__EVBTEST_END_7363b6d1__"
[23:04:23.285] RX< ftp_server
[23:04:23.285] RX< 
[23:04:23.285] RX< [FTP] Ftp server init success!!!
[23:04:23.285] RX< msh />echo "__EVBTEST_END_7363b6d1__"
[23:04:23.285] RX< __EVBTEST_END_7363b6d1__
[23:04:23.285] RX< msh />
[23:04:27.288] RX< [32m[I/ftp] service launched success.[0m
[23:04:27.809] TX> wifi join G-Demo Gdemo@123
[23:04:27.809] TX> echo "__EVBTEST_END_9c483041__"
[23:04:29.289] RX< wifi join G-Demo Gdemo@123
[23:04:39.297] RX< whd_wifi_join_wait_for_complete: not ready to transceive (err 33555456); left network
[23:04:39.297] RX< Function whd_wifi_join failed at line 2164 checkres = 33555456 
[23:04:39.297] RX< msh />echo "__EVBTEST_END_9c483041__"
[23:04:39.297] RX< __EVBTEST_END_9c483041__
[23:04:39.297] RX< msh />
[23:04:57.817] TX> ifconfig
[23:04:57.817] TX> echo "__EVBTEST_END_e8f213c1__"
[23:04:57.817] RX< ifconfig
[23:04:57.817] RX< network interface device: w0 (Default)
[23:04:57.817] RX< MTU: 1500
[23:04:57.817] RX< MAC: 8c ea 12 ba a8 2c 
[23:04:57.817] RX< FLAGS: UP LINK_DOWN INTERNET_DOWN DHCP_ENABLE ETHARP BROADCAST IGMP
[23:04:57.817] RX< ip address: 0.0.0.0
[23:04:57.817] RX< gw address: 0.0.0.0
[23:04:57.817] RX< net mask  : 0.0.0.0
[23:04:57.817] RX< dns server #0: 0.0.0.0
[23:04:57.817] RX< dns server #1: 0.0
[23:04:57.829] RX< .0.0
[23:04:57.829] RX< 
[23:04:57.829] RX< network interface device: w1
[23:04:57.829] RX< MTU: 1500
[23:04:57.829] RX< MAC: 8e ea 12 ba a8 2c 
[23:04:57.829] RX< FLAGS: UP LINK_DOWN INTERNET_DOWN DHCP_ENABLE ETHARP BROADCAST IGMP
[23:04:57.829] RX< ip address: 0.0.0.0
[23:04:57.829] RX< gw address: 0.0.0.0
[23:04:57.829] RX< net mask  : 0.0.0.0
[23:04:57.829] RX< dns server #0: 0.0.0.0
[23:04:57.829] RX< dns server #1: 0.0.0.0
[23:04:57.829] RX< msh />e
[23:04:59.831] RX< cho "__EVBTEST_END_e8f213c1__"
[23:04:59.831] RX< __EVBTEST_END_e8f213c1__
[23:04:59.831] RX< msh />
[23:04:59.837] TX> wifi scan
[23:04:59.837] TX> echo "__EVBTEST_END_fae62eba__"
[23:05:00.039] RX< wifi scan
[23:05:00.039] RX<              SSID                      MAC            security    rssi chn Mbps
[23:05:00.039] RX< ------------------------------- -----------------  -------------- ---- --- ----
[23:05:00.039] RX< ftp_hw_2_4g                     e2:19:01:17:87:d1  WPA2_AES_PSK   -33    1  144
[23:05:00.039] RX< real
[23:05:00.359] RX< me GT Neo5 SE               6e:de:3b:69:a5:79  WPA2_AES_PSK   -52    4  144
[23:05:00.359] RX< alk_guest                       2c:97:b1:17:2e:a1  WPA2_MIXED_PSK -54    6   72
[23:05:00.359] RX< gravityXR                       f4:e4:51:83:d5:80  WPA2_AES_PSK   -61   11  144
[23:05:00.359] RX<  Gwireless       
[23:05:01.117] RX<                f4:e4:51:83:d5:81  WPA2_AES_PSK   -61   11  144
[23:05:01.117] RX< MTK_CHEETAH_AP_2.4G             e0:ef:02:71:f5:71  OPEN           -40   13  300
[23:05:01.117] RX< TP-LINK_5G_756B                 c2:45:86:39:8c:5f  WPA2_AES_PSK   -54    1  300
[23:05:01.117] RX< alk                           
[23:05:01.959] RX<   2c:97:b1:17:2e:a0  WPA2_AES_PSK   -57    6   72
[23:05:01.959] RX< alk_guest                       2c:97:b1:17:46:41  WPA2_MIXED_PSK -59    6   72
[23:05:01.959] RX< G-Demo                          f4:e4:51:83:e3:02  WPA2_AES_PSK   -61   11  144
[23:05:01.959] RX< msh />echo "__EVBTEST_END_fae62eba__"
[23:05:01.959] RX< __EVBT
[23:05:03.961] RX< EST_END_fae62eba__
[23:05:03.961] RX< msh />
[23:05:03.969] TX> wifi join G-Demo Gdemo@123
[23:05:03.969] TX> echo "__EVBTEST_END_fd36b330__"
[23:05:05.963] RX< wifi join G-Demo Gdemo@123
[23:05:09.966] RX< [32m[I/WLAN.mgnt] wifi connect success ssid:G-Demo[0m
[23:05:09.966] RX< msh />echo "__EVBTEST_END_fd36b330__"
[23:05:09.966] RX< __EVBTEST_END_fd36b330__
[23:05:09.966] RX< msh />
[23:05:13.969] RX< [32m[I/WLAN.lwip] Got IP address : 10.1.90.71[0m
[23:05:13.969] RX< [6] [SNTP] rtc synced: 2026-08-17 02:05:13 (tick=630614816)
[23:05:13.977] TX> cd /emmc
[23:05:13.977] TX> echo "__EVBTEST_END_9c6ad4f1__"
[23:05:15.971] RX< cd /emmc
[23:05:15.971] RX< msh /emmc>echo "__EVBTEST_END_9c6ad4f1__"
[23:05:15.971] RX< __EVBTEST_END_9c6ad4f1__
[23:05:15.971] RX< msh /emmc>
[23:05:15.977] TX> ftp_server
[23:05:15.977] TX> echo "__EVBTEST_END_81816789__"
[23:05:17.973] RX< ftp_server
[23:05:17.973] RX< 
[23:05:17.973] RX< [FTP] Ftp server init success!!!
[23:05:17.973] RX< msh /emmc>echo "__EVBTEST_END_81816789__"
[23:05:17.973] RX< __EVBTEST_END_81816789__
[23:05:17.973] RX< msh /emmc>
[23:05:19.329] TX> cam_set photo auto
[23:05:19.329] TX> echo "__EVBTEST_END_02415b2a__"
[23:05:19.973] RX< cam_set photo auto
[23:05:19.973] RX< [6] [App Dfs] auto mode
[23:05:19.973] RX< msh /emmc>echo "__EVBTEST_END_02415b2a__"
[23:05:19.973] RX< __EVBTEST_END_02415b2a__
[23:05:19.973] RX< msh /emmc>
[23:05:20.981] TX> dfs_capture_start
[23:05:20.981] TX> echo "__EVBTEST_END_f2ddca5c__"
[23:05:20.990] RX< [33m[W/ftp] service go wrong, now wait restarting...[0m
[23:05:20.990] RX< dfs_capture_start
[23:05:20.990] RX< [7] [cam] [84886][tshell][cgm_parse_bin:105]total logical camera num: 1
[23:05:20.990] RX< [6] [cam] [84887][tshell][cam_prelude_create:187]E id, 0
[23:05:20.990] RX< [7] [cam] [84887][cpl0][cam_prelude_proc_routine:1
[23:05:20.993] RX< 01]thread start
[23:05:20.993] RX< [6] [cam] [84887][tshell][cam_prelude_create:214]X ctx size 124 addr 0x88482d18
[23:05:20.993] RX< [6] [cam] [84893][tshell][sensor_probe:418]sensor [1]: identifing 0 success.
[23:05:20.993] RX< [6] [cam] [84895][tshell][sensor_probe:441]sensor [1]: probe exit!
[23:05:20.993] RX< [6] [cam] [8489
[23:05:20.993] RX< 5][tshell][cam_prelude_fast_probe:251]cam: 0 probe result: 0
[23:05:20.993] RX< [6] [cam] [84895][tshell][cgm_parse_bin:215]cam(0) probe success
[23:05:20.993] RX< [6] [cam] [84896][tshell][cam_entry:435]entry ok
[23:05:20.993] RX< [34m[cam entry] perf=9613(us)!
[23:05:20.993] RX< [0m[6] [App Cam] cam entry success
[23:05:20.993] RX< [36mmem_l
[23:05:20.996] RX< aySolv: scenario=01 in=4032x3024, me_rotate=1 me_stripe=1 
[23:05:20.996] RX< [0m[36mmem_laySolv: me_rot 1, me_stripe 1, eis 0, be_rot 0
[23:05:20.996] RX< [0mscen1 type26 bufAdr 0x89d40b70 sz 0x1400000 reCfg for bound!
[23:05:20.996] RX< [36mmem_laySolv: scen01 20 entries solved OK!
[23:05:20.996] RX< [0m[7] [cam] [84898][
[23:05:20.996] RX< tshell][cam_solve_whole_layout:355]
[23:05:20.996] RX< scen1: vol 0x8c000000 rbuf 0x8a000000 sz 0x1400000 wbuf 0x8b400000 sz 0x200000
[23:05:20.996] RX< [36mmem_laySolv: scenario=02 in=2016x1512, me_rotate=0 me_stripe=0 
[23:05:20.996] RX< [0m[36mmem_laySolv: me_rot 0, me_stripe 0, eis 0, be_rot 0
[23:05:20.996] RX< [0mscen2 
[23:05:20.998] RX< type15 bufAdr 0x89ce3ef0 sz 0xd00000 reCfg for bound!
[23:05:20.998] RX< [36mmem_laySolv: scen02 14 entries solved OK!
[23:05:20.998] RX< [0m[36mmem_laySolv: scenario=03 in=4032x2268, me_rotate=1 me_stripe=0 
[23:05:20.998] RX< [0m[36mmem_laySolv: me_rot 1, me_stripe 0, eis 0, be_rot 0
[23:05:20.998] RX< [0m[36mmem_laySol
[23:05:20.998] RX< v: scen03 14 entries solved OK!
[23:05:20.998] RX< [0m[36mmem_laySolv: scenario=04 in=4032x3024, me_rotate=1 me_stripe=1 
[23:05:20.998] RX< [0m[36mmem_laySolv: me_rot 1, me_stripe 1, eis 0, be_rot 0
[23:05:20.998] RX< [0m[36mmem_laySolv: scen04 14 entries solved OK!
[23:05:20.998] RX< [0m[36mmem_laySolv: scenario=05 in=
[23:05:21.001] RX< 1008x0756, me_rotate=0 me_stripe=0 
[23:05:21.001] RX< [0m[36mmem_laySolv: me_rot 0, me_stripe 0, eis 0, be_rot 0
[23:05:21.001] RX< [0m[36mmem_laySolv: scen05 17 entries solved OK!
[23:05:21.001] RX< [0m[36mmem_laySolv: scenario=06 in=1008x0720, me_rotate=0 me_stripe=0 
[23:05:21.001] RX< [0m[36mmem_laySolv: me_rot 0, m
[23:05:21.001] RX< e_stripe 0, eis 0, be_rot 0
[23:05:21.001] RX< [0m[36mmem_laySolv: scen06 12 entries solved OK!
[23:05:21.001] RX< [0m[36mmem_laySolv: scenario=01 in=4032x3024, me_rotate=1 me_stripe=1 
[23:05:21.001] RX< [0mscen1 type26 bufAdr 0x89d40b70 sz 0x1400000 reCfg for bound!
[23:05:21.001] RX< [36mmem_laySolv: scen01 20 entries s
[23:05:21.004] RX< olved OK!
[23:05:21.004] RX< [0m[7] [cam] [84905][tshell][cam_solve_whole_layout:383]Solve Whole-layout Done!
[23:05:21.004] RX< [6] [cam] [84905][tshell][cgm_parse_media_para:271]phy cam num: 1
[23:05:21.004] RX< [7] [cam] [84906][cer0][cer_recovery_proc:343]thread start cid, 0
[23:05:21.004] RX< [6] [cam] [84906][tshell][csc_
[23:05:21.004] RX< open:443]SENSOR MCLK cal: 24MHz
[23:05:21.004] RX< [6] [cam] [84907][tshell][csc_isp_clk_cal:344]MIPI CLK cal: 346MHz
[23:05:21.004] RX< [6] [cam] [84907][tshell][csc_isp_clk_cal:371]LITE CLK cal: 28MHz
[23:05:21.004] RX< [7] [cam] [84907][tshell][cpc_csi_rx_power_on:633]E id: 2
[23:05:21.004] RX< [4] [cam] [84908][tshell][cpc_c
[23:05:21.010] RX< si_rx_power_on:644]csi_2 has already power on, STATUS: 1
[23:05:21.010] RX< [6] [cam] [84908][tshell][cpc_update_clock:603]actual SNS mclk: 24MHz
[23:05:21.010] RX< [6] [cam] [84908][tshell][cpc_update_clock:608]actual MIPI0: 500MHz
[23:05:21.010] RX< [6] [cam] [84909][tshell][cpc_update_clock:598]actual LITE 
[23:05:21.011] RX< clk: 50MHz
[23:05:21.011] RX< [7] [cam] [84909][tshell][cam_prelude_open:297][34msnsOpen camID1 csiID0 phyIdx0[0m
[23:05:21.011] RX< [6] [cam] [84914][tshell][sensor_expo_gain_match:48]sensor get sensor expo gain of imx681_vst
[23:05:21.011] RX< [6] [cam] [84914][tshell][sensor_open:684]sensor [1] open OK.
[23:05:21.011] RX< [
[23:05:21.013] RX< 6] [cam] [84914][tshell][cam_cpm_parse_media:280]photo scenario, media para[mfnr:0, hdr:0, capture_num:0]
[23:05:21.013] RX< [6] [cam] [84915][tshell][cam_cpm_parse_media:283]photo scenario, media para[iso:0, gain:0, wb_mode:0]
[23:05:21.013] RX< [6] [cam] [84916][tshell][csc_isp_clk_cal:353]
[23:05:21.013] RX< FE CLK cal: 426MHz, ME CLK cal: 462MHz, FE/ME CLK cal: 508MHz
[23:05:21.013] RX< [6] [cam] [84916][tshell][csc_isp_clk_cal:360]BE CLK cal: 401MHz
[23:05:21.013] RX< [4] [cam] [84917][tshell][cam_fe_core_power_on:269]fe pipe has already power on, STATUS: 1
[23:05:21.013] RX< [6] [cam] [84917][tshell][cpc_update_
[23:05:21.017] RX< clock:588]actual FE/ME clk: 550MHz
[23:05:21.017] RX< [4] [cam] [84918][tshell][cam_be_core_power_on:964]be pipe has already power on, STATUS: 1
[23:05:21.017] RX< [6] [cam] [84918][tshell][cpc_update_clock:593]actual BE clk: 500MHz
[23:05:21.017] RX< [7] [cam] [84918][tshell][cam_cpm_core_power_on:425]id,0 ty
[23:05:21.017] RX< pe,1 ret 0
[23:05:21.017] RX< [6] [cam] [84919][tshell][cam_cpm_core_init:914]E id,0 sensor type,1
[23:05:21.017] RX< [6] [cam] [84920][tshell][cpm_core_check_tuningbin:854]Tuning bin crc check PASS! sum 0xc9b121ad, xor 0x29d57d51
[23:05:21.017] RX< [6] [cam] [84920][tshell][qpc_tuning_check_iqbin_validness:396
[23:05:21.019] RX< ]IQ bin addr: 0x8869de60, project_name: capture_12M
[23:05:21.019] RX< [6] [cam] [84921][tshell][qpc_tuning_check_iqbin_validness:397]total_size: 107856
[23:05:21.019] RX< [6] [cam] [84921][tshell][qpc_tuning_check_iqbin_validness:398]id_count: 93. ID_TOTAL: 94
[23:05:21.019] RX< [6] [cam] [84922][tshell][qpc_
[23:05:21.019] RX< tuning_check_iqbin_validness:399]spinel tuning data ver: V1.30
[23:05:21.019] RX< [6] [cam] [84922][tshell][cpm_core_check_tuningbin:868]IQ bin check success!
[23:05:21.019] RX< [6] [cam] [84923][tshell][cam_bm_core_init:94]E
[23:05:21.019] RX< [6] [cam] [84923][tshell][bm_lab_init:174]X ctx size 4 addr 0x88455
[23:05:21.026] RX< 450
[23:05:21.026] RX< [6] [cam] [84924][tshell][cam_bm_core_init:114]X ctx size 180 addr 0x88485878
[23:05:21.026] RX< [6] [cam] [84924][tshell][qpc_core_init:1218]E id,0
[23:05:21.026] RX< [6] [cam] [84924][tshell][qpc_queue_init:65]QPC init qnodes 8, size 508, pool 0x88486828
[23:05:21.026] RX< [6] [cam] [84925][tshell][_qpc_
[23:05:21.026] RX< get_cap_cfg_para:892]preset capCfg 200 3 4
[23:05:21.026] RX< [7] [cam] [84925][tshell][_qpc_cfg_hdr_frms:840]hdr preset - gainThres 1600
[23:05:21.026] RX< FrmNB:	TNR	|EV-	|EV0	|EV+
[23:05:21.026] RX< LDR:	 3	| 5	| -	| 3
[23:05:21.026] RX< LLLDR:	 3	| 5	| -	| 3
[23:05:21.026] RX< HDR:	 3	| 5	| 3	| 1
[23:05:21.026] RX< LLHDR:	 3	| 5	| 3	| 1
[23:05:21.026] RX< 
[23:05:21.026] RX< [6] [cam] [84931][tshell]
[23:05:21.031] RX< [qpc_core_init:1264]X ctx size 3800 addr 0x88485940
[23:05:21.031] RX< [6] [cam] [84931][tshell][cpm_core_get_param:666]cpm para chk: tunBin-w 4000 h 3000 img-w 4032 h 3024
[23:05:21.031] RX< [6] [cam] [84932][tshell][cam_fe_core_init:436]E id,0
[23:05:21.031] RX< [6] [cam] [84932][tshell][cam_fe_core_init:490]
[23:05:21.031] RX< X ctx size 100 addr 0x884973b8
[23:05:21.031] RX< [7] [cam] [84933][tshell][qpc_core_fe_chords_init:1659][34mqpc fe init snsOut w 4032 h 3024, tbl w 28 h 20[0m
[23:05:21.031] RX< [6] [cam] [84933][tshell][cam_me_core_init:1474]X ctx size 1352 addr 0x88499720
[23:05:21.031] RX< [34m[ME SLICE CFG] perf=1441(u
[23:05:21.034] RX< s)!
[23:05:21.034] RX< [0m[6] [cam] [84935][tshell][cam_bayer_fe_3a_stats_core_init:445]fe 3a id,0
[23:05:21.034] RX< [6] [cam] [84936][tshell][cam_bayer_fe_3a_stats_core_init:490]X ctx size 132 addr 0x884a2140
[23:05:21.034] RX< [6] [cam] [84936][tshell][cam_be_core_init:618]E id,0
[23:05:21.034] RX< [7] [cam] [84937][be0][be_
[23:05:21.034] RX< core_irq_proc:267]thread start cid,0
[23:05:21.034] RX< [6] [cam] [84937][tshell][cam_be_core_init:710]X ctx size 464 addr 0x884a24d0
[23:05:21.034] RX< [6] [cam] [84937][tshell][cam_lite_core_init:433]E id,0
[23:05:21.034] RX< [7] [cam] [84938][lite0][lite_core_irq_proc:152]thread start cid,0
[23:05:21.034] RX< [6] [cam] [84938
[23:05:21.038] RX< ][tshell][cam_lite_core_init:497]X ctx size 164 addr 0x884a4f20
[23:05:21.038] RX< [6] [cam] [84938][tshell][awb_wrapper_init:66]xxx awb_bin=0x88488f14, awb_bin_length=8068
[23:05:21.038] RX< [6] [cam] [84939][tshell][awb_wrapper_init:86]X algo_handle 0x884acf58
[23:05:21.038] RX< [7] [cam] [84939][awb0][a5_cor
[23:05:21.038] RX< e_wrapper_task:252]thread start cid,0 algo type,2
[23:05:21.038] RX< [6] [cam] [84940][tshell][a5_core_init_task:426]thread created: awb0 mq=0x884af250 thread=0x884af368 sem=0x884af1e0 ret=0
[23:05:21.038] RX< [6] [cam] [84940][tshell][bayer_ae_wrapper_init:68]E id,0 proc mode 1 
[23:05:21.038] RX< 
[23:05:21.038] RX< [AEC Proc]
[23:05:21.041] RX<  @[allib_ae_set_debug_log_flag] Line:129:[DEBUG] debug level/to_file/to_terminal: 22/1/1
[23:05:21.041] RX< [AEC Proc] @[AeInit] Line:377:[INFO] AE ver: 2026_V2.269
[23:05:21.041] RX< 
[23:05:21.041] RX< [AEC Proc] @[allib_ae_loadfunc] Line:193:[INFO] camera ID: 0
[23:05:21.041] RX< [AEC Proc] @[AeInit] Line:404:[DEBUG] init imu 
[23:05:21.041] RX< detector sucessed!
[23:05:21.041] RX< [AEC Proc] @[AeInit] Line:406:[DEBUG] imu init errcode:0
[23:05:21.041] RX< [AEC Proc] @[alAE_set_param] Line:575:[DEBUG] sw_maxtime 66381 ,pertline 9444, after check sensor step sw_max_time 66375.00
[23:05:21.041] RX< [AEC Proc] @[alAE_set_param] Line:580:[DEBUG] sw_minti
[23:05:21.043] RX< me 37 ,pertline 9444, after check sensor step sw_min_time 36.00
[23:05:21.043] RX< [AEC Proc] @[alAE_set_param] Line:513:[DEBUG] DEBUG minbv exptime 9 gain 100, minExpBV 14098
[23:05:21.043] RX< [AEC Proc] @[AeTuningParseSet] Line:167:[DEBUG] aeparam version 2.268 60704
[23:05:21.043] RX< [AEC Proc] @[alAE_set_
[23:05:21.043] RX< param] Line:340:[DEBUG] INITEXP gain 100, shutter 8000, midtonegain 100, bv 4303
[23:05:21.043] RX< [6] [cam] [84947][tshell][bayer_ae_wrapper_init:119]X tline 9444 max_exp 66381 alg_hdl 0x884b1b18 
[23:05:21.043] RX< [7] [cam] [84948][b_ae0][a5_core_wrapper_task:252]thread start cid,0 algo t
[23:05:21.046] RX< ype,0
[23:05:21.046] RX< [6] [cam] [84948][tshell][a5_core_init_task:426]thread created: b_ae0 mq=0x884b83f0 thread=0x884b8508 sem=0x884b8380 ret=0
[23:05:21.046] RX< [6] [cam] [84948][tshell][atf_wrapper_init:67]E id,0
[23:05:21.046] RX< [6] [cam] [84949][tshell][atf_wrapper_init:107]X alg_ctx addr 0x884ba9c8
[23:05:21.054] RX< 
[23:05:21.054] RX< [7] [cam] [84949][atf0][a5_core_wrapper_task:252]thread start cid,0 algo type,1
[23:05:21.054] RX< [6] [cam] [84950][tshell][a5_core_init_task:426]thread created: atf0 mq=0x884bcd20 thread=0x884bce38 sem=0x884bccb0 ret=0
[23:05:21.054] RX< [6] [cam] [84950][tshell][cam_cpm_core_init:1030]X c
[23:05:21.054] RX< tx size 1064 addr 0x88485440
[23:05:21.054] RX< [6] [cam] [84951][tshell][csc_open:527]ok! phys_id[1], phys_num[1] 
[23:05:21.054] RX< [6] [cam] [84951][tshell][cam_open:699]open ok! camera_id[0]
[23:05:21.054] RX< [34m[cam open] perf=55618(us)!
[23:05:21.054] RX< [0m[6] [App Cam] cam open success
[23:05:21.054] RX< [6] [cam] [84957][tshell][cs
[23:05:21.057] RX< c_init:637]sensor info:size:4032x3024, formt: 0x2b, bps: 2496, tline: 9444
[23:05:21.057] RX< [6] [cam] [84958][tshell][cam_sif_mgr_init:261]E id,0
[23:05:21.057] RX< [7] [cam] [84958][sif0][sif_irq_proc:151]thread start cid,0
[23:05:21.057] RX< [6] [cam] [84958][tshell][cam_sif_mgr_init:293]X ctx size 52 addr 
[23:05:21.057] RX< 0x884d5ef0
[23:05:21.057] RX< [7] [cam] [84959][tshell][sif_btm_paramSet:102]btm lite w4032 h4032 binEn1 binRatio2
[23:05:21.057] RX< [7] [cam] [84959][tshell][sif_btm_paramSet:106]cropSlct2 x0 y0 w4032 h4032
[23:05:21.057] RX< [6] [cam] [84960][tshell][cam_prelude_init_cfg:368]CSI ID is 0,  phy lanes is 2.
[23:05:21.057] RX< [7
[23:05:21.085] RX< ] [cam] [84960][tshell][check_phy_ready:96]MIPI_PHY[0] is ready
[23:05:21.085] RX< [6] [cam] [84961][tshell][sensor_init:348]sensor [1]: register ok
[23:05:21.085] RX< [6] [cam] [84961][tshell][sensor_set_mode:852]sensor [1]: SetMode -> mode = 0.
[23:05:21.085] RX< [6] [cam] [84961][tshell][sensor_send_reg_tab
[23:05:21.085] RX< _to_sensor:704]sensor [1]: send_reg_tab_to_sensor E.
[23:05:21.085] RX< [6] [cam] [84972][tshell][sensor_send_reg_tab_to_sensor:726]sensor [1]: reg_count = 77.
[23:05:21.085] RX< [6] [cam] [84974][tshell][sensor_init:361]sensor [1]: init success.
[23:05:21.085] RX< [6] [cam] [84974][tshell][sensor_set_mode:852]s
[23:05:21.088] RX< ensor [1]: SetMode -> mode = 1.
[23:05:21.088] RX< [6] [cam] [84975][tshell][sensor_send_reg_tab_to_sensor:704]sensor [1]: send_reg_tab_to_sensor E.
[23:05:21.088] RX< [6] [cam] [84990][tshell][sensor_send_reg_tab_to_sensor:726]sensor [1]: reg_count = 84.
[23:05:21.088] RX< [6] [cam] [84990][tshell][csc_init:64
[23:05:21.088] RX< 6]ok! phys_id[1], phys_num[1]
[23:05:21.088] RX< [6] [cam] [84990][tshell][csc_get_bayer_single_buffer:1038]scenario_type: 1
[23:05:21.088] RX< [6] [cam] [84990][tshell][csc_set_stats_fmt:98]index 0 w 1 h 1 bw 8 wcmp 255
[23:05:21.088] RX< [7] [cam] [84991][tshell][bm_ioctl:201]BMIOC_STATS_FMT
[23:05:21.088] RX< [6] [cam] [84991
[23:05:21.090] RX< ][tshell][csc_set_fe_fmt:47]index 1 w 4032 h 3024 bw 10 wcmp 0
[23:05:21.090] RX< [7] [cam] [84992][tshell][bm_ioctl:201]BMIOC_FE_FMT
[23:05:21.090] RX< [6] [cam] [84992][tshell][csc_set_lite_fmt:115]index 2 w 1008 h 720 bw 8 wcmp 255
[23:05:21.090] RX< [7] [cam] [84993][tshell][bm_ioctl:201]BMIOC_LITE_FMT
[23:05:21.090] RX< [6]
[23:05:21.091] RX<  [cam] [84993][tshell][csc_set_lite_fmt:115]index 21 w 1008 h 720 bw 8 wcmp 255
[23:05:21.091] RX< [7] [cam] [84993][tshell][bm_ioctl:201]BMIOC_LITE_FMT
[23:05:21.091] RX< [6] [cam] [84994][tshell][csc_set_be_fmt:81]index 25 w 0 h 0 bw 8 wcmp 255
[23:05:21.091] RX< [7] [cam] [84994][tshell][bm_ioctl:201]BMIOC_
[23:05:21.093] RX< BE_FMT
[23:05:21.093] RX< [6] [cam] [84994][tshell][csc_set_be_fmt:81]index 22 w 480 h 360 bw 8 wcmp 255
[23:05:21.093] RX< [7] [cam] [84995][tshell][bm_ioctl:201]BMIOC_BE_FMT
[23:05:21.093] RX< [6] [cam] [84995][tshell][csc_set_me_fmt:64]index 5 w 3024 h 4032 bw 10 wcmp 0, rdma_addr 0x8919f780, wdma_addr 0x891
[23:05:21.093] RX< 9f780
[23:05:21.093] RX< [7] [cam] [84996][tshell][bm_ioctl:201]BMIOC_ME_FMT
[23:05:21.093] RX< [6] [cam] [84996][tshell][csc_set_me_fmt:64]index 6 w 3024 h 4032 bw 8 wcmp 255, rdma_addr 0x88795200, wdma_addr 0x8c000000
[23:05:21.093] RX< [6] [cam] [84997][tshell][cam_me_core_buffer_cfg:1367]
[23:05:21.093] RX< ----ME PIPE INFO-
[23:05:21.096] RX< --
[23:05:21.096] RX<  wdma_buf_num:1, rotation_en: 1
[23:05:21.096] RX< [7] [cam] [84997][tshell][cam_me_core_buffer_cfg:1375]yuv wdma_addr 0:0x8c000000, meta_en: 0, 0x00000000
[23:05:21.096] RX< [7] [cam] [84998][tshell][bm_ioctl:201]BMIOC_ME_FMT
[23:05:21.096] RX< [6] [cam] [84998][tshell][csc_init:654]get otp ok! phys_id[1], 
[23:05:21.096] RX< phys_num[1]
[23:05:21.096] RX< [6] [cam] [84999][tshell][cam_init:789]init ok! logic_id[0]
[23:05:21.096] RX< [34m[cam init] perf=41467(us)!
[23:05:21.096] RX< [0m[6] [App Cam] cam init success
[23:05:21.096] RX< [7] [cam] [85000][tshell][cam_cpm_core_stream_on:541]id 0 sensor type 1
[23:05:21.096] RX< [6] [cam] [85000][tshell][sensor_stream_on
[23:05:21.099] RX< :979]sensor [1]: stream_on
[23:05:21.099] RX< [6] [cam] [85000][tshell][sensor_stream_on:1007]sensor [1]: REG: 0x100, W:0x1.
[23:05:21.099] RX< [6] [cam] [85001][tshell][sensor_stream_on:1009]sensor [1]: REG: 0x100, R:0x1.
[23:05:21.099] RX< [6] [cam] [85001][tshell][csc_prv_start:783]ok! phys_id[1], phys_num[1]
[23:05:21.099] RX< , cam_ids[1]
[23:05:21.099] RX< [6] [cam] [85002][tshell][cam_start:897]preview start ok! logic_id[0]
[23:05:21.099] RX< [34m[cam start] perf=2393(us)!
[23:05:21.099] RX< [0m[6] [App Cam] cam start success
[23:05:21.099] RX< [6] [App Dfs] Gravity_XR Capture Start
[23:05:21.099] RX< msh /emmc>echo "__EVBTEST_END_f2ddca5c__"
[23:05:21.099] RX< __EVBTEST_END_f2ddca5c
[23:05:21.155] RX< __
[23:05:21.155] RX< msh /emmc>[7] [cam] [85003][b_3a_sts][bayer_stats_core_irq_proc:164]thread start cid,0
[23:05:21.155] RX< [7] [cam] [85003][fe0][fe_core_irq_proc:98]thread start cid,0
[23:05:21.155] RX< [34m[AE] fid=0,exp=10188,adg=263,Y=1598,mtg=100,shg=100,bgbv=2631,iso=263,cnv0,hdr0
[23:05:21.155] RX< [0m[34m[b_ae0 pr
[23:05:21.521] RX< oc] perf=2689(us), max=2689(us)!
[23:05:21.521] RX< [0m[34m[awb0 proc] perf=1450(us), max=1450(us)!
[23:05:21.521] RX< [0m[34m[AE conv] fid=11,exp=10485,adg=400,Y=4810,mtg=326,shg=100,bgbv=1981,iso=400,cnv1,hdr1
[23:05:21.521] RX< [0m[7] [cam] [85408][fe0][_qpc_hdr_rslt_chk:1564]
[23:05:21.521] RX< ALG: EV0 t10485 g400 | EV
[23:05:21.557] RX< + t10485 g400 | EV- t10512 g119
[23:05:21.557] RX< [6] [cam] [85409][fe0][qpc_core_hdr_mapExp_cfg:1632]evMapExp set OK, typ:2 1 FF num:3 5 0
[23:05:21.557] RX< [34m[cap] FE sync ME @fid11 as mod2 cfg0x01, cap 8frms @fid+3
[23:05:21.557] RX< [0m[7] [cam] [85445][qpc0][qpc_core_hdr_upd_sensor:558][HDRupd]: Sns
[23:05:21.622] RX<  cap-0 EV:0->2 st-10485 ag-400
[23:05:21.622] RX< [6] [cam] [85491][me0][cpm_cb_fe2me_tikChk:152]frm_length 33330us, fe2me delta 12
[23:05:21.622] RX< [7] [cam] [85491][qpc0][qpc_core_hdr_upd_me:605][HDRupd] ME cap-0 EV:0->2, dg-100
[23:05:21.622] RX< [7] [JPEG] frame num=8, pre frame=873813 Bytes
[23:05:21.622] RX< [exif] cap 0,
[23:05:21.684] RX<  bv 1998 exp 10485 iso 400 time 85500
[23:05:21.684] RX< [6] [cam] [85511][fe0][_cpm_cb_jpegInfo_proc:602]SnapStream E @ frm15!
[23:05:21.684] RX< [cap] oFrm15 Ym15075 bv1763 lux271
[23:05:21.684] RX< [32m[BE] fid=0, perf=1450(us), max=1450(us)!
[23:05:21.684] RX< [0m[7] [cam] [85548][qpc0][qpc_core_hdr_upd_sensor:558][HDRupd]
[23:05:21.722] RX< : Sns cap-3 EV:2->1 st-10512 ag-119
[23:05:21.722] RX< [34m[cap] fid: me0 fe16, perf=556552(us)!
[23:05:21.722] RX< [0m[7] [cam] [85558][me0][me_core_thread:322]ME out fid 0
[23:05:21.722] RX< [cap] oFrm16 Ym16212 bv1591 lux240
[23:05:21.722] RX< [cap] oFrm17 Ym16290 bv1639 lux249
[23:05:21.722] RX< [exif] cap 3, bv 1998 exp 10512 iso 119 time 85
[23:05:21.900] RX< 600
[23:05:21.900] RX< [cap] oFrm18 Ym6337 bv264 lux96
[23:05:21.900] RX< [cap] oFrm19 Ym6666 bv408 lux106
[23:05:21.900] RX< [cap] oFrm20 Ym6707 bv214 lux92
[23:05:21.900] RX< [cap] oFrm21 Ym6731 bv284 lux97
[23:05:21.900] RX< [cap] oFrm22 Ym8957 bv-1201 lux34
[23:05:21.900] RX< [6] [cam] [85778][fe0][_cpm_cb_jpegInfo_proc:610]SnapStream X @ frm23!
[23:05:21.900] RX< [34m[cap] fid: me
[23:05:22.012] RX< 7 fe23, perf=33258(us)!
[23:05:22.012] RX< [0m[33m[W/ftp] service go wrong, now wait restarting...[0m
[23:05:22.012] RX< [6] [App Dfs] Gravity_XR Capture Stop Success: total frames = 8
[23:05:22.012] RX< [6] [cam] [85914][DfsSend][sensor_stream_off:1143]sensor [1]: stream_off
[23:05:22.012] RX< [6] [cam] [85915][DfsSend][senso
[23:05:22.012] RX< r_stream_off:1172]sensor [1]: REG: 0x100, W:0x0.
[23:05:22.012] RX< [6] [cam] [85915][DfsSend][sensor_stream_off:1174]sensor [1]: REG: 0x100, R:0x0.
[23:05:22.012] RX< [6] [cam] [85915][DfsSend][csc_prv_stop:893]ok! phys_id[1], phys_num[1], stop_type = 0
[23:05:22.012] RX< [6] [cam] [85916][DfsSend][cam_stop:10
[23:05:22.016] RX< 17]preview stop ok! logic_id[0]
[23:05:22.016] RX< [34m[cam stop] perf=2441(us)!
[23:05:22.016] RX< [0m[6] [App Cam] cam stop success
[23:05:22.016] RX< [7] [cam] [85917][DfsSend][cam_cpm_core_power_off:457]id,0 type,1 ret 0
[23:05:22.016] RX< [6] [cam] [85917][sif0][sif_irq_proc:174]thread release cid,0
[23:05:22.016] RX< [6] [cam] [85917][DfsS
[23:05:22.016] RX< end][cam_sif_mgr_deinit:316]X
[23:05:22.016] RX< [6] [cam] [85918][DfsSend][cam_deinit:846]deinit ok! logic_id[0]
[23:05:22.016] RX< [34m[cam deinit] perf=1218(us)!
[23:05:22.016] RX< [0m[6] [App Cam] cam deinit success
[23:05:22.016] RX< [6] [cam] [85919][DfsSend][sensor_close:1247]sensor [1]: close!
[23:05:22.016] RX< [6] [cam] [85920][DfsSen
[23:05:22.019] RX< d][cam_bm_core_deinit:136]X
[23:05:22.019] RX< [INFO]	cpm[0] snsType1 capMod2 cfg0x01 8frms
[23:05:22.019] RX< [head]  frmID ref 11 eff 15 sns 13 cdma 14 
[23:05:22.019] RX< [AErlt] flags fid 11 isWdr 1 isConv 1 sport 0 scen 1
[23:05:22.019] RX<         info  Lux 315 Ymean 4810 nxtBV 209 bgBV 1981
[23:05:22.019] RX< [exp]   norm  st10485 adg00400 
[23:05:22.019] RX< ispg00100
[23:05:22.019] RX<         short st10512 adg00119 ispg00100
[23:05:22.019] RX<         long  st10485 adg00400 ispg00100
[23:05:22.019] RX< [head]  frmID ref 10 eff 14 sns 12 cdma 13 
[23:05:22.019] RX< [AErlt] flags fid 10 isWdr 0 isConv 2 sport 0 scen 0
[23:05:22.019] RX<         info  Lux 314 Ymean 4820 nxtBV 1906 bgBV 1975
[23:05:22.019] RX< [exp]   no
[23:05:22.021] RX< rm  st10530 adg00400 ispg00100
[23:05:22.021] RX<         short st00000 adg00000 ispg00100
[23:05:22.021] RX<         long  st00000 adg00000 ispg00100
[23:05:22.021] RX< [head]  frmID ref 9 eff 13 sns 11 cdma 12 
[23:05:22.021] RX< [AErlt] flags fid 9 isWdr 0 isConv 0 sport 0 scen 0
[23:05:22.021] RX<         info  Lux 319 Ymean 4778 nxtBV 1930 b
[23:05:22.021] RX< gBV 1998
[23:05:22.021] RX< [exp]   norm  st10368 adg00400 ispg00100
[23:05:22.021] RX<         short st00000 adg00000 ispg00100
[23:05:22.021] RX<         long  st00000 adg00000 ispg00100
[23:05:22.021] RX< [head]  frmID ref 8 eff 12 sns 10 cdma 11 
[23:05:22.021] RX< [AErlt] flags fid 8 isWdr 0 isConv 0 sport 0 scen 0
[23:05:22.021] RX<         info  Lux 308 Ymea
[23:05:22.024] RX< n 5185 nxtBV 1882 bgBV 1951
[23:05:22.024] RX< [exp]   norm  st10710 adg00400 ispg00100
[23:05:22.024] RX<         short st00000 adg00000 ispg00100
[23:05:22.024] RX<         long  st00000 adg00000 ispg00100
[23:05:22.024] RX< [head]  frmID ref 7 eff 11 sns 9 cdma 10 
[23:05:22.024] RX< [AErlt] flags fid 7 isWdr 0 isConv 0 sport 0 scen 0
[23:05:22.024] RX<         
[23:05:22.024] RX< info  Lux 324 Ymean 2859 nxtBV 1951 bgBV 2018
[23:05:22.024] RX< [exp]   norm  st10224 adg00400 ispg00100
[23:05:22.024] RX<         short st00000 adg00000 ispg00100
[23:05:22.024] RX<         long  st00000 adg00000 ispg00100
[23:05:22.024] RX< [6] [cam] [85928][be0][be_core_irq_proc:326]thread release cid,0
[23:05:22.024] RX< [6] [cam] [85929][Df
[23:05:22.027] RX< sSend][cam_be_core_deinit:787]X
[23:05:22.027] RX< [6] [cam] [85929][me0][me_core_thread:367]thread release cid,0
[23:05:22.027] RX< [6] [cam] [85929][DfsSend][cam_me_core_deinit:1502]X
[23:05:22.027] RX< [6] [cam] [85930][fe0][fe_core_irq_proc:121]thread release cid,0
[23:05:22.027] RX< [6] [cam] [85930][DfsSend][cam_fe_core_de
[23:05:22.030] RX< init:536]X
[23:05:22.030] RX< [6] [cam] [85930][b_3a_sts][bayer_stats_core_irq_proc:193]thread release cid,0
[23:05:22.030] RX< [6] [cam] [85931][DfsSend][cam_bayer_stats_core_deinit:512]X
[23:05:22.030] RX< [6] [cam] [85931][lite0][lite_core_irq_proc:190]thread release cid,0
[23:05:22.030] RX< [6] [cam] [85931][DfsSend][cam_lit
[23:05:22.030] RX< e_core_deinit:556]X
[23:05:22.030] RX< [6] [cam] [85932][b_ae0][a5_core_wrapper_task:315]thread release cid,0,algo,0
[23:05:22.030] RX< [6] [cam] [85932][DfsSend][bayer_ae_wrapper_deinit:204]X
[23:05:22.030] RX< [6] [cam] [85933][atf0][a5_core_wrapper_task:315]thread release cid,0,algo,1
[23:05:22.030] RX< [6] [cam] [85933][DfsS
[23:05:22.032] RX< end][atf_wrapper_deinit:153]X
[23:05:22.032] RX< [6] [cam] [85933][awb0][a5_core_wrapper_task:315]thread release cid,0,algo,2
[23:05:22.032] RX< [6] [cam] [85934][DfsSend][awb_wrapper_deinit:153]X
[23:05:22.032] RX< [6] [cam] [85934][DfsSend][cam_5a_core_deinit:555]X
[23:05:22.032] RX< [6] [cam] [85934][DfsSend][cam_5a_inf_deini
[23:05:22.033] RX< t:149]X
[23:05:22.033] RX< [6] [cam] [85935][qpc0][qpc_core_msg_proc:697]thread release cid,0
[23:05:22.033] RX< [6] [cam] [85935][DfsSend][qpc_core_deinit:1330]X
[23:05:22.033] RX< [6] [cam] [85935][DfsSend][cam_cpm_core_deinit:1107]X
[23:05:22.033] RX< [6] [cam] [85936][DfsSend][csc_close:584]ok! phys_id[1], phys_num[1]
[23:05:22.033] RX< [7] [
[23:05:22.056] RX< cam] [85936][cer0][cer_recovery_proc:352]msg type = 254
[23:05:22.056] RX< [6] [cam] [85936][cer0][cer_recovery_proc:454]thread release cid,0
[23:05:22.056] RX< [6] [cam] [85937][DfsSend][cer_deinit:560]X
[23:05:22.056] RX< [6] [cam] [85937][DfsSend][cam_close:750]close ok! logic_id[0]
[23:05:22.056] RX< [34m[cam close] perf=18
[23:05:22.056] RX< 723(us)!
[23:05:22.056] RX< [0m[6] [App Cam] cam close success
[23:05:22.056] RX< [6] [cam] [85938][cpl0][cam_prelude_proc_routine:136]thread release
[23:05:22.056] RX< [6] [cam] [85938][DfsSend][cam_exit:551]exit ok!
[23:05:22.056] RX< [34m[cam exit] perf=652(us)!
[23:05:22.056] RX< [0m[6] [App Cam] cam exit success
[23:05:22.056] RX< [6] [App Cam] jpeg deinit 
[23:05:24.056] RX< success
[23:05:24.056] RX< [6] [App Dfs] Save Photo Successful: /emmc/PIC/20260817_020520_5002/
[23:05:24.056] RX< [6] [App Dfs] Capture completed successfully.
[23:05:24.056] RX< [33m[W/ftp] service go wrong, now wait restarting...[0m
[23:05:24.056] RX< [33m[W/ftp] service go wrong, now wait restarting...[0m
[23:05:24.065] TX> ftp_server
[23:05:24.065] TX> echo "__EVBTEST_END_0c176144__"
[23:05:26.057] RX< ftp_server
[23:05:26.057] RX< 
[23:05:26.057] RX< [FTP] Ftp server init success!!!
[23:05:26.057] RX< msh /emmc>echo "__EVBTEST_END_0c176144__"
[23:05:26.057] RX< __EVBTEST_END_0c176144__
[23:05:26.057] RX< msh /emmc>[33m[W/ftp] service go wrong, now wait restarting...[0m
[23:05:26.057] RX< [33m[W/ftp] service go wrong, now wait restarting...[0m
[23:05:28.057] RX< [33m[W/ftp] service go wrong, now wait restarting...[0m
[23:05:28.057] RX< [33m[W/ftp] service go wrong, now wait restarting...[0m
[23:05:30.057] RX< [33m[W/ftp] service go wrong, now wait restarting...[0m
[23:05:30.057] RX< [33m[W/ftp] service go wrong, now wait restarting...[0m
[23:05:30.057] RX< [33m[W/ftp] service go wrong, now wait restarting...[0m
[23:05:32.057] RX< [33m[W/ftp] service go wrong, now wait restarting...[0m
[23:05:32.057] RX< [33m[W/ftp] service go wrong, now wait restarting...[0m
[23:05:32.057] RX< [33m[W/ftp] service go wrong, now wait restarting...[0m
[23:05:32.057] RX< [33m[W/ftp] service go wrong, now wait restarting...[0m
[23:05:34.058] RX< [33m[W/ftp] service go wrong, now wait restarting...[0m
[23:05:34.058] RX< [33m[W/ftp] service go wrong, now wait restarting...[0m
[23:05:34.058] RX< [33m[W/ftp] service go wrong, now wait restarting...[0m
[23:05:34.058] RX< [33m[W/ftp] service go wrong, now wait restarting...[0m
[23:05:36.058] RX< [33m[W/ftp] service go wrong, now wait restarting...[0m
[23:05:36.058] RX< [33m[W/ftp] service go wrong, now wait restarting...[0m
[23:05:36.058] RX< [33m[W/ftp] service go wrong, now wait restarting...[0m
[23:05:36.058] RX< [33m[W/ftp] service go wrong, now wait restarting...[0m
[23:05:38.058] RX< [33m[W/ftp] service go wrong, now wait restarting...[0m
[23:05:38.058] RX< [33m[W/ftp] service go wrong, now wait restarting...[0m
[23:05:38.058] RX< [33m[W/ftp] service go wrong, now wait restarting...[0m
[23:05:38.058] RX< [33m[W/ftp] service go wrong, now wait restarting...[0m
[23:05:40.058] RX< [33m[W/ftp] service go wrong, now wait restarting...[0m
[23:05:40.058] RX< [33m[W/ftp] service go wrong, now wait restarting...[0m
[23:05:40.058] RX< [33m[W/ftp] service go wrong, now wait restarting...[0m
[23:05:40.058] RX< [33m[W/ftp] service go wrong, now wait restarting...[0m
[23:05:40.693] TX> cam_set video 1080p
[23:05:40.693] TX> echo "__EVBTEST_END_b39ede8f__"
[23:05:40.991] RX< [33m[W/ftp] service go wrong, now wait restarting...[0m
[23:05:40.991] RX< cam_set video 1080p
[23:05:40.991] RX< [6] [App Dfs] w(1296) * h(2304) is 1080p, eis 0
[23:05:40.991] RX< msh /emmc>echo "__EVBTEST_END_b39ede8f__"
[23:05:40.991] RX< __EVBTEST_END_b39ede8f__
[23:05:40.991] RX< msh /emmc>[33m[W/ftp] service go wrong, now wait restarting...
[23:05:40.997] TX> dfs_video_start
[23:05:40.997] TX> echo "__EVBTEST_END_b8eb5067__"
[23:05:41.086] RX< [0m
[23:05:41.086] RX< dfs_video_start
[23:05:41.086] RX< [33m[W/ftp] service go wrong, now wait restarting...[0m
[23:05:41.086] RX< [7] [cam] [104980][tshell][cgm_parse_bin:105]total logical camera num: 1
[23:05:41.086] RX< [6] [cam] [104980][tshell][cam_prelude_create:187]E id, 0
[23:05:41.086] RX< [7] [cam] [104981][cpl0][cam_prelude_proc_rou
[23:05:41.086] RX< tine:101]thread start
[23:05:41.086] RX< [6] [cam] [104981][tshell][cam_prelude_create:214]X ctx size 124 addr 0x884717b8
[23:05:41.086] RX< [6] [cam] [104988][tshell][sensor_probe:418]sensor [1]: identifing 0 success.
[23:05:41.086] RX< [6] [cam] [104990][tshell][sensor_probe:441]sensor [1]: probe exit!
[23:05:41.086] RX< [6] [c
[23:05:41.088] RX< am] [104990][tshell][cam_prelude_fast_probe:251]cam: 0 probe result: 0
[23:05:41.088] RX< [6] [cam] [104990][tshell][cgm_parse_bin:215]cam(0) probe success
[23:05:41.088] RX< [6] [cam] [104990][tshell][cam_entry:435]entry ok
[23:05:41.088] RX< [34m[cam entry] perf=10994(us)!
[23:05:41.088] RX< [0m[6] [App Cam] cam entry succes
[23:05:41.088] RX< s
[23:05:41.088] RX< [36mmem_laySolv: scenario=01 in=4032x3024, me_rotate=1 me_stripe=1 
[23:05:41.088] RX< [0m[36mmem_laySolv: me_rot 1, me_stripe 1, eis 0, be_rot 0
[23:05:41.088] RX< [0mscen1 type26 bufAdr 0x89d40b70 sz 0x1400000 reCfg for bound!
[23:05:41.088] RX< [36mmem_laySolv: scen01 20 entries solved OK!
[23:05:41.088] RX< [0m[36m
[23:05:41.091] RX< mem_laySolv: scenario=02 in=2016x1512, me_rotate=0 me_stripe=0 
[23:05:41.091] RX< [0m[36mmem_laySolv: me_rot 0, me_stripe 0, eis 0, be_rot 0
[23:05:41.091] RX< [0mscen2 type15 bufAdr 0x89ce3ef0 sz 0xd00000 reCfg for bound!
[23:05:41.091] RX< [36mmem_laySolv: scen02 14 entries solved OK!
[23:05:41.091] RX< [0m[36mmem_laySo
[23:05:41.091] RX< lv: scenario=03 in=4032x2268, me_rotate=1 me_stripe=0 
[23:05:41.091] RX< [0m[36mmem_laySolv: me_rot 1, me_stripe 0, eis 0, be_rot 0
[23:05:41.091] RX< [0m[36mmem_laySolv: scen03 14 entries solved OK!
[23:05:41.091] RX< [0m[7] [cam] [104995][tshell][cam_solve_whole_layout:355]
[23:05:41.091] RX< scen3: vol 0x8c000000 rbuf 0
[23:05:41.094] RX< x89d6cdf0 sz 0xd00000 wbuf 0x8aa6cdf0 sz 0xd00000
[23:05:41.094] RX<        rtmp txbuf 0x8bf80000 sz 0x80000 avcBuf 0x8bf00000 sz 0x80000
[23:05:41.094] RX< [36mmem_laySolv: scenario=04 in=4032x3024, me_rotate=1 me_stripe=1 
[23:05:41.094] RX< [0m[36mmem_laySolv: me_rot 1, me_stripe 1, eis 0, be_rot 0
[23:05:41.094] RX< [0m
[23:05:41.094] RX< [36mmem_laySolv: scen04 14 entries solved OK!
[23:05:41.094] RX< [0m[36mmem_laySolv: scenario=05 in=1008x0756, me_rotate=0 me_stripe=0 
[23:05:41.094] RX< [0m[36mmem_laySolv: me_rot 0, me_stripe 0, eis 0, be_rot 0
[23:05:41.094] RX< [0m[36mmem_laySolv: scen05 17 entries solved OK!
[23:05:41.094] RX< [0m[36mmem_laySolv: s
[23:05:41.097] RX< cenario=06 in=1008x0720, me_rotate=0 me_stripe=0 
[23:05:41.097] RX< [0m[36mmem_laySolv: me_rot 0, me_stripe 0, eis 0, be_rot 0
[23:05:41.097] RX< [0m[36mmem_laySolv: scen06 12 entries solved OK!
[23:05:41.097] RX< [0m[36mmem_laySolv: scenario=01 in=4032x3024, me_rotate=1 me_stripe=1 
[23:05:41.097] RX< [0mscen1 type26 bu
[23:05:41.099] RX< fAdr 0x89d40b70 sz 0x1400000 reCfg for bound!
[23:05:41.099] RX< [36mmem_laySolv: scen01 20 entries solved OK!
[23:05:41.099] RX< [0m[7] [cam] [105000][tshell][cam_solve_whole_layout:383]Solve Whole-layout Done!
[23:05:41.099] RX< [6] [cam] [105001][tshell][cgm_parse_media_para:271]phy cam num: 1
[23:05:41.099] RX< [7] [cam] [
[23:05:41.099] RX< 105001][cer0][cer_recovery_proc:343]thread start cid, 0
[23:05:41.099] RX< [6] [cam] [105002][tshell][csc_open:443]SENSOR MCLK cal: 24MHz
[23:05:41.099] RX< [6] [cam] [105002][tshell][csc_isp_clk_cal:344]MIPI CLK cal: 277MHz
[23:05:41.099] RX< [6] [cam] [105002][tshell][csc_isp_clk_cal:371]LITE CLK cal: 25MHz
[23:05:41.105] RX< [7] [cam] [105003][tshell][cpc_csi_rx_power_on:633]E id: 2
[23:05:41.105] RX< [4] [cam] [105003][tshell][cpc_csi_rx_power_on:644]csi_2 has already power on, STATUS: 1
[23:05:41.105] RX< [6] [cam] [105003][tshell][cpc_update_clock:603]actual SNS mclk: 24MHz
[23:05:41.105] RX< [6] [cam] [105004][tshell][cpc_upda
[23:05:41.105] RX< te_clock:608]actual MIPI0: 300MHz
[23:05:41.105] RX< [6] [cam] [105004][tshell][cpc_update_clock:598]actual LITE clk: 25MHz
[23:05:41.105] RX< [7] [cam] [105005][tshell][cam_prelude_open:297][34msnsOpen camID1 csiID0 phyIdx0[0m
[23:05:41.105] RX< [6] [cam] [105008][tshell][sensor_expo_gain_match:48]sensor get
[23:05:41.108] RX<  sensor expo gain of imx681_vst
[23:05:41.108] RX< [6] [cam] [105008][tshell][sensor_open:684]sensor [1] open OK.
[23:05:41.108] RX< [6] [cam] [105009][tshell][cam_cpm_parse_media:298]video scenario:3, media para[fps:0, mirror_en:0, flip_en:0]
[23:05:41.108] RX< [6] [cam] [105009][tshell][cam_cpm_parse_media:30
[23:05:41.108] RX< 1]video scenario, media para[iso:0, gain:0, wb_mode:0]
[23:05:41.108] RX< [6] [cam] [105010][tshell][csc_isp_clk_cal:353]FE CLK cal: 373MHz, ME CLK cal: 371MHz, FE/ME CLK cal: 410MHz
[23:05:41.108] RX< [6] [cam] [105010][tshell][csc_isp_clk_cal:360]BE CLK cal: 301MHz
[23:05:41.108] RX< [4] [cam] [105011][tshel
[23:05:41.113] RX< l][cam_fe_core_power_on:269]fe pipe has already power on, STATUS: 1
[23:05:41.113] RX< [6] [cam] [105011][tshell][cpc_update_clock:588]actual FE/ME clk: 500MHz
[23:05:41.113] RX< [7] [cam] [105012][tshell][cam_cpm_core_power_on:425]id,0 type,1 ret 0
[23:05:41.113] RX< [6] [cam] [105012][tshell][cam_cpm_core_ini
[23:05:41.113] RX< t:914]E id,0 sensor type,1
[23:05:41.113] RX< [6] [cam] [105015][tshell][cpm_core_check_tuningbin:854]Tuning bin crc check PASS! sum 0x7fb15f, xor 0x4e593f47
[23:05:41.113] RX< [6] [cam] [105015][tshell][qpc_tuning_check_iqbin_validness:396]IQ bin addr: 0x88646660, project_name: video_3M
[23:05:41.113] RX< [6]
[23:05:41.116] RX<  [cam] [105016][tshell][qpc_tuning_check_iqbin_validness:397]total_size: 94208
[23:05:41.116] RX< [6] [cam] [105017][tshell][qpc_tuning_check_iqbin_validness:398]id_count: 93. ID_TOTAL: 94
[23:05:41.116] RX< [6] [cam] [105017][tshell][qpc_tuning_check_iqbin_validness:399]spinel tuning data ve
[23:05:41.116] RX< r: V1.30
[23:05:41.116] RX< [6] [cam] [105018][tshell][cpm_core_check_tuningbin:868]IQ bin check success!
[23:05:41.116] RX< [6] [cam] [105018][tshell][cam_bm_core_init:94]E
[23:05:41.116] RX< [6] [cam] [105019][tshell][bm_lab_init:174]X ctx size 4 addr 0x8846e718
[23:05:41.116] RX< [6] [cam] [105019][tshell][cam_bm_core_init:11
[23:05:41.133] RX< 4]X ctx size 180 addr 0x8846e650
[23:05:41.133] RX< [6] [cam] [105019][tshell][qpc_core_init:1218]E id,0
[23:05:41.133] RX< [6] [cam] [105020][tshell][qpc_queue_init:65]QPC init qnodes 8, size 508, pool 0x88472550
[23:05:41.133] RX< [7] [cam] [105020][tshell][_qpc_get_cap_cfg_para:888][fallback]preset capCfg 0 
[23:05:41.133] RX< 0 0 invalid, use default
[23:05:41.133] RX< [7] [cam] [105021][tshell][_qpc_cfg_hdr_frms:832][fallback]preset hdrCfg 0 32 7 25600 148508608 invalid, use default
[23:05:41.133] RX< [6] [cam] [105036][tshell][qpc_core_init:1264]X ctx size 3800 addr 0x8846e738
[23:05:41.133] RX< [6] [cam] [105037][tshell][cpm_core
[23:05:41.139] RX< _get_param:666]cpm para chk: tunBin-w 4032 h 2266 img-w 4032 h 2268
[23:05:41.139] RX< [6] [cam] [105037][tshell][cam_fe_core_init:436]E id,0
[23:05:41.139] RX< [6] [cam] [105038][tshell][cam_fe_core_init:490]X ctx size 100 addr 0x88481d30
[23:05:41.139] RX< [7] [cam] [105039][tshell][qpc_core_fe_chords_init:1
[23:05:41.139] RX< 659][34mqpc fe init snsOut w 4032 h 2268, tbl w 28 h 20[0m
[23:05:41.139] RX< [6] [cam] [105039][tshell][cam_me_core_init:1474]X ctx size 1352 addr 0x8849e2e8
[23:05:41.139] RX< [34m[ME SLICE CFG] perf=1251(us)!
[23:05:41.139] RX< [0m[6] [cam] [105042][tshell][cam_bayer_fe_3a_stats_core_init:445]fe 3a id,0
[23:05:41.146] RX< [6] [cam] [105042][tshell][cam_bayer_fe_3a_stats_core_init:490]X ctx size 132 addr 0x884a6d08
[23:05:41.146] RX< [6] [cam] [105043][tshell][awb_wrapper_init:66]xxx awb_bin=0x88474a2c, awb_bin_length=8068
[23:05:41.146] RX< [6] [cam] [105043][tshell][awb_wrapper_init:86]X algo_handle 0x884ac96
[23:05:41.146] RX< 8
[23:05:41.146] RX< [7] [cam] [105044][awb0][a5_core_wrapper_task:252]thread start cid,0 algo type,2
[23:05:41.146] RX< [6] [cam] [105044][tshell][a5_core_init_task:426]thread created: awb0 mq=0x884aec30 thread=0x884aed48 sem=0x884aebc0 ret=0
[23:05:41.146] RX< [6] [cam] [105045][tshell][bayer_ae_wrapper_init
[23:05:41.149] RX< :68]E id,0 proc mode 0 
[23:05:41.149] RX< 
[23:05:41.149] RX< [AEC Proc] @[allib_ae_set_debug_log_flag] Line:129:[DEBUG] debug level/to_file/to_terminal: 22/1/1
[23:05:41.149] RX< [AEC Proc] @[AeInit] Line:377:[INFO] AE ver: 2026_V2.269
[23:05:41.149] RX< 
[23:05:41.149] RX< [AEC Proc] @[allib_ae_loadfunc] Line:193:[INFO] camera ID: 0
[23:05:41.149] RX< [AEC Proc] @
[23:05:41.149] RX< [alAE_set_param] Line:575:[DEBUG] sw_maxtime 33004 ,pertline 10800, after check sensor step sw_max_time 33000.00
[23:05:41.149] RX< [AEC Proc] @[alAE_set_param] Line:580:[DEBUG] sw_mintime 43 ,pertline 10800, after check sensor step sw_min_time 40.00
[23:05:41.149] RX< [AEC Proc] @[alAE_set_p
[23:05:41.152] RX< aram] Line:513:[DEBUG] DEBUG minbv exptime 11 gain 100, minExpBV 13810
[23:05:41.152] RX< [AEC Proc] @[AeTuningParseSet] Line:167:[DEBUG] aeparam version 2.268 60530
[23:05:41.152] RX< [AEC Proc] @[alAE_set_param] Line:340:[DEBUG] INITEXP gain 100, shutter 33242, midtonegain 100, bv 2247
[23:05:41.152] RX< [6]
[23:05:41.152] RX<  [cam] [105055][tshell][bayer_ae_wrapper_init:119]X tline 10800 max_exp 33004 alg_hdl 0x884b14f8 
[23:05:41.152] RX< [7] [cam] [105055][b_ae0][a5_core_wrapper_task:252]thread start cid,0 algo type,0
[23:05:41.152] RX< [6] [cam] [105056][tshell][a5_core_init_task:426]thread created: b_ae0 mq=0
[23:05:41.155] RX< x884b25a8 thread=0x884b26c0 sem=0x884b2538 ret=0
[23:05:41.155] RX< [6] [cam] [105056][tshell][atf_wrapper_init:67]E id,0
[23:05:41.155] RX< [6] [cam] [105057][tshell][atf_wrapper_init:107]X alg_ctx addr 0x884b27e8
[23:05:41.155] RX< [7] [cam] [105057][atf0][a5_core_wrapper_task:252]thread start cid,0 algo type
[23:05:41.155] RX< ,1
[23:05:41.155] RX< [6] [cam] [105058][tshell][a5_core_init_task:426]thread created: atf0 mq=0x884bc720 thread=0x884bc838 sem=0x884b28b0 ret=0
[23:05:41.155] RX< [6] [cam] [105058][tshell][cam_cpm_core_init:1030]X ctx size 1064 addr 0x8846e218
[23:05:41.155] RX< [6] [cam] [105059][tshell][csc_open:527]ok! ph
[23:05:41.171] RX< ys_id[1], phys_num[1] 
[23:05:41.171] RX< [6] [cam] [105059][tshell][cam_open:699]open ok! camera_id[0]
[23:05:41.171] RX< [34m[cam open] perf=68095(us)!
[23:05:41.171] RX< [0m[6] [App Cam] cam open success
[23:05:41.171] RX< [6] [App Cam] hevc init success
[23:05:41.171] RX< [6] [cam] [105073][tshell][csc_init:637]sensor info:size:4032x2268, fo
[23:05:41.171] RX< rmt: 0x2b, bps: 1968, tline: 10800
[23:05:41.171] RX< [6] [cam] [105074][tshell][cam_sif_mgr_init:261]E id,0
[23:05:41.171] RX< [7] [cam] [105074][sif0][sif_irq_proc:151]thread start cid,0
[23:05:41.171] RX< [6] [cam] [105075][tshell][cam_sif_mgr_init:293]X ctx size 52 addr 0x884edec0
[23:05:41.171] RX< [6] [cam] [105075][tshell
[23:05:41.185] RX< ][cam_prelude_init_cfg:368]CSI ID is 0,  phy lanes is 2.
[23:05:41.185] RX< [7] [cam] [105075][tshell][check_phy_ready:96]MIPI_PHY[0] is ready
[23:05:41.185] RX< [6] [cam] [105076][tshell][sensor_init:348]sensor [1]: register ok
[23:05:41.185] RX< [6] [cam] [105076][tshell][sensor_set_mode:852]sensor [1]: SetM
[23:05:41.186] RX< ode -> mode = 0.
[23:05:41.186] RX< [6] [cam] [105076][tshell][sensor_send_reg_tab_to_sensor:704]sensor [1]: send_reg_tab_to_sensor E.
[23:05:41.186] RX< [6] [cam] [105088][tshell][sensor_send_reg_tab_to_sensor:726]sensor [1]: reg_count = 77.
[23:05:41.186] RX< [6] [cam] [105090][tshell][sensor_init:361]sensor 
[23:05:41.202] RX< [1]: init success.
[23:05:41.202] RX< [6] [cam] [105090][tshell][sensor_set_mode:852]sensor [1]: SetMode -> mode = 3.
[23:05:41.202] RX< [6] [cam] [105091][tshell][sensor_send_reg_tab_to_sensor:704]sensor [1]: send_reg_tab_to_sensor E.
[23:05:41.202] RX< [6] [cam] [105105][tshell][sensor_send_reg_tab_to_sensor:
[23:05:41.202] RX< 726]sensor [1]: reg_count = 83.
[23:05:41.202] RX< [6] [cam] [105105][tshell][csc_init:646]ok! phys_id[1], phys_num[1]
[23:05:41.202] RX< [6] [cam] [105106][tshell][csc_get_bayer_single_buffer:1038]scenario_type: 3
[23:05:41.202] RX< [6] [cam] [105106][tshell][csc_set_stats_fmt:98]index 0 w 1 h 1 bw 8 wcmp 255
[23:05:41.205] RX< 
[23:05:41.205] RX< [7] [cam] [105107][tshell][bm_ioctl:201]BMIOC_STATS_FMT
[23:05:41.205] RX< [6] [cam] [105107][tshell][csc_set_fe_fmt:47]index 1 w 4032 h 2268 bw 10 wcmp 0
[23:05:41.205] RX< [7] [cam] [105108][tshell][bm_ioctl:201]BMIOC_FE_FMT
[23:05:41.205] RX< [6] [cam] [105108][tshell][csc_set_me_fmt:64]index 5 w 2268 h 403
[23:05:41.205] RX< 2 bw 10 wcmp 0, rdma_addr 0x894afe00, wdma_addr 0x894afe00
[23:05:41.205] RX< [7] [cam] [105109][tshell][bm_ioctl:201]BMIOC_ME_FMT
[23:05:41.205] RX< [6] [cam] [105109][tshell][csc_set_video_fmt:966]meta_addr: 0x89d6c600
[23:05:41.205] RX< [6] [cam] [105109][tshell][csc_set_me_fmt:64]index 6 w 1296 h 2304 bw 8
[23:05:41.208] RX<  wcmp 255, rdma_addr 0x88795200, wdma_addr 0x8c000000
[23:05:41.208] RX< [6] [cam] [105109][tshell][cam_me_core_buffer_cfg:1367]
[23:05:41.208] RX< ----ME PIPE INFO---
[23:05:41.208] RX<  wdma_buf_num:1, rotation_en: 1
[23:05:41.208] RX< [7] [cam] [105111][tshell][cam_me_core_buffer_cfg:1375]yuv wdma_addr 0:0x8c000000, meta_en:
[23:05:41.211] RX<  1, 0x89d6c600
[23:05:41.211] RX< [7] [cam] [105111][tshell][bm_ioctl:201]BMIOC_ME_FMT
[23:05:41.211] RX< [6] [cam] [105111][tshell][csc_set_lite_fmt:115]index 13 w 400 h 400 bw 10 wcmp 255
[23:05:41.211] RX< [7] [cam] [105112][tshell][bm_ioctl:201]BMIOC_LITE_FMT
[23:05:41.211] RX< [6] [cam] [105112][tshell][csc_set_lite_fmt:115
[23:05:41.211] RX< ]index 14 w 400 h 400 bw 10 wcmp 255
[23:05:41.211] RX< [7] [cam] [105112][tshell][bm_ioctl:201]BMIOC_LITE_FMT
[23:05:41.211] RX< [6] [cam] [105113][tshell][csc_init:654]get otp ok! phys_id[1], phys_num[1]
[23:05:41.211] RX< [6] [cam] [105113][tshell][cam_init:789]init ok! logic_id[0]
[23:05:41.211] RX< [34m[cam init] perf=4095
[23:05:41.214] RX< 3(us)!
[23:05:41.214] RX< [0m[6] [App Cam] cam init success
[23:05:41.214] RX< [7] [cam] [105114][tshell][cam_cpm_core_stream_on:541]id 0 sensor type 1
[23:05:41.214] RX< [6] [cam] [105114][tshell][sensor_stream_on:979]sensor [1]: stream_on
[23:05:41.214] RX< [6] [cam] [105115][tshell][sensor_stream_on:1007]sensor [1]: REG: 0x1
[23:05:41.214] RX< 00, W:0x1.
[23:05:41.214] RX< [6] [cam] [105116][tshell][sensor_stream_on:1009]sensor [1]: REG: 0x100, R:0x1.
[23:05:41.214] RX< [6] [cam] [105116][tshell][csc_prv_start:783]ok! phys_id[1], phys_num[1], cam_ids[1]
[23:05:41.214] RX< [6] [cam] [105117][tshell][cam_start:897]preview start ok! logic_id[0]
[23:05:41.214] RX< [34m[ca
[23:05:41.231] RX< m start] perf=2627(us)!
[23:05:41.231] RX< [0m[6] [App Cam] cam start success
[23:05:41.231] RX< [6] [App Dfs] Gravity_XR Record Start
[23:05:41.231] RX< msh /emmc>echo "__EVBTEST_END_b8eb5067__"
[23:05:41.231] RX< __EVBTEST_END_b8eb5067__
[23:05:41.231] RX< msh /emmc>[7] [cam] [105119][b_3a_sts][bayer_stats_core_irq_proc:164]thread start cid,0
[23:05:41.231] RX< [7
[23:05:41.521] RX< ] [cam] [105119][fe0][fe_core_irq_proc:98]thread start cid,0
[23:05:41.521] RX< [34m[AE] fid=0,exp=10110,adg=282,Y=7240,mtg=100,shg=100,bgbv=4760,iso=282,cnv0,hdr0
[23:05:41.521] RX< [0m[34m[b_ae0 proc] perf=8087(us), max=8087(us)!
[23:05:41.521] RX< [0m[34m[awb0 proc] perf=4353(us), max=4353(us)!
[23:05:41.521] RX< [0m[6]
[23:05:41.717] RX<  [cam] [105410][me0][cpm_cb_fe2me_tikChk:152]frm_length 88560us, fe2me delta 0
[23:05:41.717] RX< [34m[ME INTP]fid=0, shutter=10110, perf=2944(us), max=2944(us)!
[23:05:41.717] RX< [0m[7] [cam] [105588][me0][me_core_thread:322]ME out fid 0
[23:05:41.717] RX< [6] [App Dfs] f_index = 0, f_len = 140652, cur_total
[23:05:42.511] RX< _len = 140740
[23:05:42.511] RX< [34m[awb0 proc] perf=15026(us), max=15026(us)!
[23:05:42.511] RX< [0m[33m[W/ftp] service go wrong, now wait restarting...[0m
[23:05:42.511] RX< [33m[W/ftp] service go wrong, now wait restarting...[0m
[23:05:42.511] RX< [34m[AE] fid=30,exp=9530,adg=100,Y=4909,mtg=199,shg=109,bgbv=2802,iso=100
[23:05:43.241] TX> dfs_video_stop
[23:05:43.241] TX> echo "__EVBTEST_END_d8f332fc__"
[23:05:43.250] RX< ,cnv2,hdr0
[23:05:43.250] RX< [0m[7] [cam] [106588][me0][me_core_thread:322]ME out fid 30
[23:05:43.250] RX< [34m[awb0 proc] perf=6958(us), max=15026(us)!
[23:05:43.250] RX< [0m[33m[W/ftp] service go wrong, now wait restarting...[0m
[23:05:43.250] RX< [33m[W/ftp] service go wrong, now wait restarting...[0m
[23:05:43.250] RX< dfs_video_stop
[23:05:43.250] RX< ms
[23:05:43.278] RX< h /emmc>echo "__EVBTEST_END_d8f332fc__"
[23:05:43.278] RX< __EVBTEST_END_d8f332fc__
[23:05:43.278] RX< msh /emmc>[6] [App Dfs]  Gravity_XR Record Stop Success: total frames = 48
[23:05:43.278] RX< [6] [cam] [107166][DfsSend][sensor_stream_off:1143]sensor [1]: stream_off
[23:05:43.278] RX< [6] [cam] [107167][DfsSend][sensor_stream_
[23:05:43.294] RX< off:1172]sensor [1]: REG: 0x100, W:0x0.
[23:05:43.294] RX< [6] [cam] [107167][DfsSend][sensor_stream_off:1174]sensor [1]: REG: 0x100, R:0x0.
[23:05:43.294] RX< [6] [cam] [107192][DfsSend][csc_prv_stop:893]ok! phys_id[1], phys_num[1], stop_type = 0
[23:05:43.294] RX< [6] [cam] [107192][DfsSend][cam_stop:1017]prev
[23:05:43.294] RX< iew stop ok! logic_id[0]
[23:05:43.294] RX< [34m[cam stop] perf=26647(us)!
[23:05:43.294] RX< [0m[6] [App Cam] cam stop success
[23:05:43.294] RX< Total of 49 frames encoded, 3853421 bytes, max_workbuffer_used: 4911104 bytes
[23:05:43.294] RX< [6] [App Cam] hevc_encoder_deinit success
[23:05:43.294] RX< [7] [cam] [107198][DfsSend][cam_cpm_core_p
[23:05:43.299] RX< ower_off:457]id,0 type,1 ret 0
[23:05:43.299] RX< [6] [cam] [107198][sif0][sif_irq_proc:174]thread release cid,0
[23:05:43.299] RX< [6] [cam] [107199][DfsSend][cam_sif_mgr_deinit:316]X
[23:05:43.299] RX< [6] [cam] [107199][DfsSend][cam_deinit:846]deinit ok! logic_id[0]
[23:05:43.299] RX< [34m[cam deinit] perf=1323(us)!
[23:05:43.299] RX< [0m[6]
[23:05:43.299] RX<  [App Cam] cam deinit success
[23:05:43.299] RX< [6] [cam] [107200][DfsSend][sensor_close:1247]sensor [1]: close!
[23:05:43.299] RX< [6] [cam] [107202][DfsSend][cam_bm_core_deinit:136]X
[23:05:43.299] RX< [6] [cam] [107202][me0][me_core_thread:367]thread release cid,0
[23:05:43.299] RX< [6] [cam] [107203][DfsSend][cam_me_core_de
[23:05:43.302] RX< init:1502]X
[23:05:43.302] RX< [6] [cam] [107203][fe0][fe_core_irq_proc:121]thread release cid,0
[23:05:43.302] RX< [6] [cam] [107203][DfsSend][cam_fe_core_deinit:536]X
[23:05:43.302] RX< [6] [cam] [107203][b_3a_sts][bayer_stats_core_irq_proc:193]thread release cid,0
[23:05:43.302] RX< [6] [cam] [107204][DfsSend][cam_bayer_stats
[23:05:43.302] RX< _core_deinit:512]X
[23:05:43.302] RX< [6] [cam] [107204][b_ae0][a5_core_wrapper_task:315]thread release cid,0,algo,0
[23:05:43.302] RX< [6] [cam] [107205][DfsSend][bayer_ae_wrapper_deinit:204]X
[23:05:43.302] RX< [6] [cam] [107205][atf0][a5_core_wrapper_task:315]thread release cid,0,algo,1
[23:05:43.302] RX< [6] [cam] [107206][D
[23:05:43.304] RX< fsSend][atf_wrapper_deinit:153]X
[23:05:43.304] RX< [6] [cam] [107206][awb0][a5_core_wrapper_task:315]thread release cid,0,algo,2
[23:05:43.304] RX< [6] [cam] [107206][DfsSend][awb_wrapper_deinit:153]X
[23:05:43.304] RX< [6] [cam] [107207][DfsSend][cam_5a_core_deinit:555]X
[23:05:43.304] RX< [6] [cam] [107207][DfsSend][cam_5a_in
[23:05:43.304] RX< f_deinit:149]X
[23:05:43.304] RX< [6] [cam] [107207][qpc0][qpc_core_msg_proc:697]thread release cid,0
[23:05:43.304] RX< [6] [cam] [107208][DfsSend][qpc_core_deinit:1330]X
[23:05:43.304] RX< [6] [cam] [107208][DfsSend][cam_cpm_core_deinit:1107]X
[23:05:43.304] RX< [6] [cam] [107208][DfsSend][csc_close:584]ok! phys_id[1], phys_nu
[23:05:43.311] RX< m[1]
[23:05:43.311] RX< [7] [cam] [107208][cer0][cer_recovery_proc:352]msg type = 254
[23:05:43.311] RX< [6] [cam] [107209][cer0][cer_recovery_proc:454]thread release cid,0
[23:05:43.311] RX< [6] [cam] [107209][DfsSend][cer_deinit:560]X
[23:05:43.311] RX< [6] [cam] [107210][DfsSend][cam_close:750]close ok! logic_id[0]
[23:05:43.311] RX< [34m[cam 
[23:05:43.311] RX< close] perf=9987(us)!
[23:05:43.311] RX< [0m[6] [App Cam] cam close success
[23:05:43.311] RX< [6] [cam] [107210][cpl0][cam_prelude_proc_routine:136]thread release
[23:05:43.311] RX< [6] [cam] [107211][DfsSend][cam_exit:551]exit ok!
[23:05:43.311] RX< [34m[cam exit] perf=568(us)!
[23:05:43.311] RX< [0m[6] [App Cam] cam exit success
[23:05:43.311] RX< [6] [App Df
[23:05:43.999] RX< s] Save Video Successful: /emmc/VIDEO/20260817_020540_4897/Video_4897_0.h265
[23:05:43.999] RX< [6] [App Dfs] Save Imu Successful: /emmc/VIDEO/20260817_020540_4897/Imu_4897.bin
[23:05:43.999] RX< [6] [App Dfs] Video recording completed successfully.
[23:05:43.999] RX< [33m[W/ftp] service go wrong, now wait res
[23:05:44.005] TX> ftp_server
[23:05:44.005] TX> echo "__EVBTEST_END_e6656f69__"
[23:05:45.073] RX< tarting...[0m
[23:05:45.073] RX< ftp_server
[23:05:45.073] RX< 
[23:05:45.073] RX< [FTP] Ftp server init success!!!
[23:05:45.073] RX< msh /emmc>echo "__EVBTEST_END_e6656f69__"
[23:05:45.073] RX< __EVBTEST_END_e6656f69__
[23:05:45.073] RX< msh /emmc>[33m[W/ftp] service go wrong, now wait restarting...[0m
[23:05:45.073] RX< [33m[W/ftp] service go wrong, now wait restarting...[0m
[23:05:45.073] RX< 
[23:05:47.074] RX< [33m[W/ftp] service go wrong, now wait restarting...[0m
[23:05:47.074] RX< [33m[W/ftp] service go wrong, now wait restarting...[0m
[23:05:47.074] RX< [33m[W/ftp] service go wrong, now wait restarting...[0m
[23:05:47.074] RX< [33m[W/ftp] service go wrong, now wait restarting...[0m
[23:05:47.074] RX< [33m[W/ftp] service go w
[23:05:49.010] RX< rong, now wait restarting...[0m
[23:05:49.010] RX< [33m[W/ftp] service go wrong, now wait restarting...[0m
[23:05:49.010] RX< [33m[W/ftp] service go wrong, now wait restarting...[0m
[23:05:49.010] RX< [33m[W/ftp] service go wrong, now wait restarting...[0m
[23:05:49.010] RX< [33m[W/ftp] service go wrong, now wait restartin
[23:05:50.994] RX< g...[0m
[23:05:50.994] RX< [33m[W/ftp] service go wrong, now wait restarting...[0m
[23:05:50.994] RX< [33m[W/ftp] service go wrong, now wait restarting...[0m
[23:05:50.994] RX< [33m[W/ftp] service go wrong, now wait restarting...[0m
[23:05:50.994] RX< [33m[W/ftp] service go wrong, now wait restarting...[0m
[23:05:50.994] RX< [33m[W/ftp] se
[23:05:52.002] RX< rvice go wrong, now wait restarting...[0m
[23:05:52.002] RX< [33m[W/ftp] service go wrong, now wait restarting...[0m
[23:05:52.002] RX< [33m[W/ftp] service go wrong, now wait restarting...[0m
[23:05:52.002] RX< [33m[W/ftp] service go wrong, now wait restarting...[0m
[23:05:52.002] RX< [33m[W/ftp] service go wrong, now wait
[23:05:53.987] RX<  restarting...[0m
[23:05:53.987] RX< [33m[W/ftp] service go wrong, now wait restarting...[0m
[23:05:53.987] RX< [33m[W/ftp] service go wrong, now wait restarting...[0m
[23:05:53.987] RX< [33m[W/ftp] service go wrong, now wait restarting...[0m
[23:05:53.987] RX< [33m[W/ftp] service go wrong, now wait restarting...[0m
[23:05:53.987] RX< [33m
[23:05:55.011] RX< [W/ftp] service go wrong, now wait restarting...[0m
[23:05:55.011] RX< [33m[W/ftp] service go wrong, now wait restarting...[0m
[23:05:55.011] RX< [33m[W/ftp] service go wrong, now wait restarting...[0m
[23:05:55.011] RX< [33m[W/ftp] service go wrong, now wait restarting...[0m
[23:05:55.011] RX< [33m[W/ftp] service go wrong
[23:05:56.067] RX< , now wait restarting...[0m
[23:05:56.067] RX< [33m[W/ftp] service go wrong, now wait restarting...[0m
[23:05:56.067] RX< [33m[W/ftp] service go wrong, now wait restarting...[0m
[23:05:56.067] RX< [33m[W/ftp] service go wrong, now wait restarting...[0m
[23:05:56.067] RX< [33m[W/ftp] service go wrong, now wait restarting...
[23:05:58.004] RX< [0m
[23:05:58.004] RX< [33m[W/ftp] service go wrong, now wait restarting...[0m
[23:05:58.004] RX< [33m[W/ftp] service go wrong, now wait restarting...[0m
[23:05:58.004] RX< [33m[W/ftp] service go wrong, now wait restarting...[0m
[23:05:58.004] RX< [33m[W/ftp] service go wrong, now wait restarting...[0m
[23:05:58.004] RX< [33m[W/ftp] servic
[23:05:59.076] RX< e go wrong, now wait restarting...[0m
[23:05:59.076] RX< [33m[W/ftp] service go wrong, now wait restarting...[0m
[23:05:59.076] RX< [33m[W/ftp] service go wrong, now wait restarting...[0m
[23:05:59.076] RX< [33m[W/ftp] service go wrong, now wait restarting...[0m
[23:05:59.076] RX< [33m[W/ftp] service go wrong, now wait res
[23:06:01.012] RX< tarting...[0m
[23:06:01.012] RX< [33m[W/ftp] service go wrong, now wait restarting...[0m
[23:06:01.012] RX< [33m[W/ftp] service go wrong, now wait restarting...[0m
[23:06:01.012] RX< [33m[W/ftp] service go wrong, now wait restarting...[0m
[23:06:01.012] RX< [33m[W/ftp] service go wrong, now wait restarting...[0m
[23:06:01.012] RX< [33m[W/f
[23:06:02.068] RX< tp] service go wrong, now wait restarting...[0m
[23:06:02.068] RX< [33m[W/ftp] service go wrong, now wait restarting...[0m
[23:06:02.068] RX< [33m[W/ftp] service go wrong, now wait restarting...[0m
[23:06:02.068] RX< [33m[W/ftp] service go wrong, now wait restarting...[0m
[23:06:02.068] RX< [33m[W/ftp] service go wrong, no
[23:06:03.988] RX< w wait restarting...[0m
[23:06:03.988] RX< [33m[W/ftp] service go wrong, now wait restarting...[0m
[23:06:03.988] RX< [33m[W/ftp] service go wrong, now wait restarting...[0m
[23:06:03.988] RX< [33m[W/ftp] service go wrong, now wait restarting...[0m
[23:06:03.988] RX< [33m[W/ftp] service go wrong, now wait restarting...[0m
[23:06:05.060] RX< 
[23:06:05.060] RX< [33m[W/ftp] service go wrong, now wait restarting...[0m
[23:06:05.060] RX< [33m[W/ftp] service go wrong, now wait restarting...[0m
[23:06:05.060] RX< [33m[W/ftp] service go wrong, now wait restarting...[0m
[23:06:05.060] RX< [33m[W/ftp] service go wrong, now wait restarting...[0m
[23:06:05.060] RX< [33m[W/ftp] service go
[23:06:06.997] RX<  wrong, now wait restarting...[0m
[23:06:06.997] RX< [33m[W/ftp] service go wrong, now wait restarting...[0m
[23:06:06.997] RX< [33m[W/ftp] service go wrong, now wait restarting...[0m
[23:06:06.997] RX< [33m[W/ftp] service go wrong, now wait restarting...[0m
[23:06:06.997] RX< [33m[W/ftp] service go wrong, now wait restart
[23:06:08.069] RX< ing...[0m
[23:06:08.069] RX< [33m[W/ftp] service go wrong, now wait restarting...[0m
[23:06:08.069] RX< [33m[W/ftp] service go wrong, now wait restarting...[0m
[23:06:08.069] RX< [33m[W/ftp] service go wrong, now wait restarting...[0m
[23:06:08.069] RX< [33m[W/ftp] service go wrong, now wait restarting...[0m
[23:06:08.069] RX< [33m[W/ftp] 
[23:06:09.989] RX< service go wrong, now wait restarting...[0m
[23:06:09.989] RX< [33m[W/ftp] service go wrong, now wait restarting...[0m
[23:06:09.989] RX< [33m[W/ftp] service go wrong, now wait restarting...[0m
[23:06:09.989] RX< [33m[W/ftp] service go wrong, now wait restarting...[0m
[23:06:09.989] RX< [33m[W/ftp] service go wrong, now wa
[23:06:11.061] RX< it restarting...[0m
[23:06:11.061] RX< [33m[W/ftp] service go wrong, now wait restarting...[0m
[23:06:11.061] RX< [33m[W/ftp] service go wrong, now wait restarting...[0m
[23:06:11.061] RX< [33m[W/ftp] service go wrong, now wait restarting...[0m
[23:06:11.061] RX< [33m[W/ftp] service go wrong, now wait restarting...[0m
[23:06:11.061] RX< [3
[23:06:12.998] RX< 3m[W/ftp] service go wrong, now wait restarting...[0m
[23:06:12.998] RX< [33m[W/ftp] service go wrong, now wait restarting...[0m
[23:06:12.998] RX< [33m[W/ftp] service go wrong, now wait restarting...[0m
[23:06:12.998] RX< [33m[W/ftp] service go wrong, now wait restarting...[0m
[23:06:12.998] RX< [33m[W/ftp] service go wro
[23:06:14.006] RX< ng, now wait restarting...[0m
[23:06:14.006] RX< [33m[W/ftp] service go wrong, now wait restarting...[0m
[23:06:14.006] RX< [33m[W/ftp] service go wrong, now wait restarting...[0m
[23:06:14.006] RX< [33m[W/ftp] service go wrong, now wait restarting...[0m
[23:06:14.006] RX< [33m[W/ftp] service go wrong, now wait restarting.
[23:06:15.990] RX< ..[0m
[23:06:15.990] RX< [33m[W/ftp] service go wrong, now wait restarting...[0m
[23:06:15.990] RX< [33m[W/ftp] service go wrong, now wait restarting...[0m
[23:06:15.990] RX< [33m[W/ftp] service go wrong, now wait restarting...[0m
[23:06:15.990] RX< [33m[W/ftp] service go wrong, now wait restarting...[0m
[23:06:15.990] RX< [33m[W/ftp] serv
[23:06:17.015] RX< ice go wrong, now wait restarting...[0m
[23:06:17.015] RX< [33m[W/ftp] service go wrong, now wait restarting...[0m
[23:06:17.015] RX< [33m[W/ftp] service go wrong, now wait restarting...[0m
[23:06:17.015] RX< [33m[W/ftp] service go wrong, now wait restarting...[0m
[23:06:17.015] RX< [33m[W/ftp] service go wrong, now wait r
[23:06:18.999] RX< estarting...[0m
[23:06:18.999] RX< [33m[W/ftp] service go wrong, now wait restarting...[0m
[23:06:18.999] RX< [33m[W/ftp] service go wrong, now wait restarting...[0m
[23:06:18.999] RX< [33m[W/ftp] service go wrong, now wait restarting...[0m
[23:06:18.999] RX< [33m[W/ftp] service go wrong, now wait restarting...[0m
[23:06:18.999] RX< [33m[W
[23:06:20.007] RX< /ftp] service go wrong, now wait restarting...[0m
[23:06:20.007] RX< [33m[W/ftp] service go wrong, now wait restarting...[0m
[23:06:20.007] RX< [33m[W/ftp] service go wrong, now wait restarting...[0m
[23:06:20.007] RX< [33m[W/ftp] service go wrong, now wait restarting...[0m
[23:06:20.007] RX< [33m[W/ftp] service go wrong, 
[23:06:21.063] RX< now wait restarting...[0m
[23:06:21.063] RX< [33m[W/ftp] service go wrong, now wait restarting...[0m
[23:06:21.063] RX< [33m[W/ftp] service go wrong, now wait restarting...[0m
[23:06:21.063] RX< [33m[W/ftp] service go wrong, now wait restarting...[0m
[23:06:21.063] RX< [33m[W/ftp] service go wrong, now wait restarting...[
[23:06:23.016] RX< 0m
[23:06:23.016] RX< [33m[W/ftp] service go wrong, now wait restarting...[0m
[23:06:23.016] RX< [33m[W/ftp] service go wrong, now wait restarting...[0m
[23:06:23.016] RX< [33m[W/ftp] service go wrong, now wait restarting...[0m
[23:06:23.016] RX< [33m[W/ftp] service go wrong, now wait restarting...[0m
[23:06:23.016] RX< [33m[W/ftp] service 
[23:06:24.072] RX< go wrong, now wait restarting...[0m
[23:06:24.072] RX< [33m[W/ftp] service go wrong, now wait restarting...[0m
[23:06:24.072] RX< [33m[W/ftp] service go wrong, now wait restarting...[0m
[23:06:24.072] RX< [33m[W/ftp] service go wrong, now wait restarting...[0m
[23:06:24.072] RX< [33m[W/ftp] service go wrong, now wait resta
[23:06:25.465] TX> ftp_server
[23:06:25.465] TX> echo "__EVBTEST_END_f8a46a9e__"
[23:06:25.474] RX< rting...[0m
[23:06:25.474] RX< [33m[W/ftp] service go wrong, now wait restarting...[0m
[23:06:25.474] RX< [33m[W/ftp] service go wrong, now wait restarting...[0m
[23:06:25.474] RX< [33m[W/ftp] service go wrong, now wait restarting...[0m
[23:06:25.474] RX< ftp_server
[23:06:25.474] RX< 
[23:06:25.474] RX< [FTP] Ftp server init success!!!
[23:06:25.474] RX< msh /emmc>echo "__EVBT
[23:06:26.994] RX< EST_END_f8a46a9e__"
[23:06:26.994] RX< __EVBTEST_END_f8a46a9e__
[23:06:26.994] RX< msh /emmc>[33m[W/ftp] service go wrong, now wait restarting...[0m
[23:06:26.994] RX< [33m[W/ftp] service go wrong, now wait restarting...[0m
[23:06:26.994] RX< [33m[W/ftp] service go wrong, now wait restarting...[0m
[23:06:26.994] RX< [33m[W/ftp] service go wro
[23:06:28.019] RX< ng, now wait restarting...[0m
[23:06:28.019] RX< [33m[W/ftp] service go wrong, now wait restarting...[0m
[23:06:28.019] RX< [33m[W/ftp] service go wrong, now wait restarting...[0m
[23:06:28.019] RX< [33m[W/ftp] service go wrong, now wait restarting...[0m
[23:06:28.019] RX< [33m[W/ftp] service go wrong, now wait restarting.
[23:06:29.737] TX> rtmp_video_start rtmp://10.1.90.128/live/cam
[23:06:29.737] TX> echo "__EVBTEST_END_ce9fda2b__"
[23:06:29.748] RX< ..[0m
[23:06:29.748] RX< [33m[W/ftp] service go wrong, now wait restarting...[0m
[23:06:29.748] RX< [33m[W/ftp] service go wrong, now wait restarting...[0m
[23:06:29.748] RX< [33m[W/ftp] service go wrong, now wait restarting...[0m
[23:06:29.748] RX< [33m[W/ftp] service go wrong, now wait restarting...[0m
[23:06:29.748] RX< rtmp_vid[33m[W/U
[23:06:30.020] RX< ART] Warning: There is no enough buffer for saving data, please increase the RT_SERIAL_RB_BUFSZ option.[0m
[23:06:30.020] RX< e__"
[23:06:30.020] RX< rtmp_vide__": command not found.
[23:06:30.020] RX< msh /emmc>[33m[W/ftp] service go wrong, now wait restarting...[0m
[23:06:30.020] RX< [33m[W/ftp] service go wrong, now wait r
[23:06:31.060] RX< estarting...[0m
[23:06:31.060] RX< [33m[W/ftp] service go wrong, now wait restarting...[0m
[23:06:31.060] RX< [33m[W/ftp] service go wrong, now wait restarting...[0m
[23:06:31.060] RX< [33m[W/ftp] service go wrong, now wait restarting...[0m
[23:06:31.060] RX< [33m[W/ftp] service go wrong, now wait restarting...[0m
[23:06:31.060] RX< [33m[W
[23:06:32.068] RX< /ftp] service go wrong, now wait restarting...[0m
[23:06:32.068] RX< [33m[W/ftp] service go wrong, now wait restarting...[0m
[23:06:32.068] RX< [33m[W/ftp] service go wrong, now wait restarting...[0m
[23:06:32.068] RX< [33m[W/ftp] service go wrong, now wait restarting...[0m
[23:06:32.068] RX< [33m[W/ftp] service go wrong, 
[23:06:33.061] RX< now wait restarting...[0m
[23:06:33.061] RX< [33m[W/ftp] service go wrong, now wait restarting...[0m
[23:06:33.061] RX< [33m[W/ftp] service go wrong, now wait restarting...[0m
[23:06:33.061] RX< [33m[W/ftp] service go wrong, now wait restarting...[0m
[23:06:33.061] RX< [33m[W/ftp] service go wrong, now wait restarting...[
[23:06:34.469] RX< 0m
[23:06:34.469] RX< [33m[W/ftp] service go wrong, now wait restarting...[0m
[23:06:34.469] RX< [33m[W/ftp] service go wrong, now wait restarting...[0m
[23:06:34.469] RX< [33m[W/ftp] service go wrong, now wait restarting...[0m
[23:06:34.469] RX< [33m[W/ftp] service go wrong, now wait restarting...[0m
[23:06:34.469] RX< [33m[W/ftp] service 
[23:06:35.461] RX< go wrong, now wait restarting...[0m
[23:06:35.461] RX< [33m[W/ftp] service go wrong, now wait restarting...[0m
[23:06:35.461] RX< [33m[W/ftp] service go wrong, now wait restarting...[0m
[23:06:35.461] RX< [33m[W/ftp] service go wrong, now wait restarting...[0m
[23:06:35.461] RX< [33m[W/ftp] service go wrong, now wait resta
[23:06:36.997] RX< rting...[0m
[23:06:36.997] RX< [33m[W/ftp] service go wrong, now wait restarting...[0m
[23:06:36.997] RX< [33m[W/ftp] service go wrong, now wait restarting...[0m
[23:06:36.997] RX< [33m[W/ftp] service go wrong, now wait restarting...[0m
[23:06:36.997] RX< [33m[W/ftp] service go wrong, now wait restarting...[0m
[23:06:36.997] RX< [33m[W/ftp
[23:06:37.990] RX< ] service go wrong, now wait restarting...[0m
[23:06:37.990] RX< [33m[W/ftp] service go wrong, now wait restarting...[0m
[23:06:37.990] RX< [33m[W/ftp] service go wrong, now wait restarting...[0m
[23:06:37.990] RX< [33m[W/ftp] service go wrong, now wait restarting...[0m
[23:06:37.990] RX< [33m[W/ftp] service go wrong, now 
[23:06:39.014] RX< wait restarting...[0m
[23:06:39.014] RX< [33m[W/ftp] service go wrong, now wait restarting...[0m
[23:06:39.014] RX< [33m[W/ftp] service go wrong, now wait restarting...[0m
[23:06:39.014] RX< [33m[W/ftp] service go wrong, now wait restarting...[0m
[23:06:39.014] RX< [33m[W/ftp] service go wrong, now wait restarting...[0m
[23:06:39.014] RX< 
[23:06:40.006] RX< [33m[W/ftp] service go wrong, now wait restarting...[0m
[23:06:40.006] RX< [33m[W/ftp] service go wrong, now wait restarting...[0m
[23:06:40.006] RX< [33m[W/ftp] service go wrong, now wait restarting...[0m
[23:06:40.006] RX< [33m[W/ftp] service go wrong, now wait restarting...[0m
[23:06:40.006] RX< [33m[W/ftp] service go w
[23:06:41.014] RX< rong, now wait restarting...[0m
[23:06:41.014] RX< [33m[W/ftp] service go wrong, now wait restarting...[0m
[23:06:41.014] RX< [33m[W/ftp] service go wrong, now wait restarting...[0m
[23:06:41.014] RX< [33m[W/ftp] service go wrong, now wait restarting...[0m
[23:06:41.014] RX< [33m[W/ftp] service go wrong, now wait restartin
[23:06:42.070] RX< g...[0m
[23:06:42.070] RX< [33m[W/ftp] service go wrong, now wait restarting...[0m
[23:06:42.070] RX< [33m[W/ftp] service go wrong, now wait restarting...[0m
[23:06:42.070] RX< [33m[W/ftp] service go wrong, now wait restarting...[0m
[23:06:42.070] RX< [33m[W/ftp] service go wrong, now wait restarting...[0m
[23:06:42.070] RX< [33m[W/ftp] se
[23:06:43.062] RX< rvice go wrong, now wait restarting...[0m
[23:06:43.062] RX< [33m[W/ftp] service go wrong, now wait restarting...[0m
[23:06:43.062] RX< [33m[W/ftp] service go wrong, now wait restarting...[0m
[23:06:43.062] RX< [33m[W/ftp] service go wrong, now wait restarting...[0m
[23:06:43.062] RX< [33m[W/ftp] service go wrong, now wait
[23:06:44.471] RX<  restarting...[0m
[23:06:44.471] RX< [33m[W/ftp] service go wrong, now wait restarting...[0m
[23:06:44.471] RX< [33m[W/ftp] service go wrong, now wait restarting...[0m
[23:06:44.471] RX< [33m[W/ftp] service go wrong, now wait restarting...[0m
[23:06:44.471] RX< [33m[W/ftp] service go wrong, now wait restarting...[0m
[23:06:44.471] RX< [33m
[23:06:45.463] RX< [W/ftp] service go wrong, now wait restarting...[0m
[23:06:45.463] RX< [33m[W/ftp] service go wrong, now wait restarting...[0m
[23:06:45.463] RX< [33m[W/ftp] service go wrong, now wait restarting...[0m
[23:06:45.463] RX< [33m[W/ftp] service go wrong, now wait restarting...[0m
[23:06:45.463] RX< [33m[W/ftp] service go wrong
[23:06:46.471] RX< , now wait restarting...[0m
[23:06:46.471] RX< [33m[W/ftp] service go wrong, now wait restarting...[0m
[23:06:46.471] RX< [33m[W/ftp] service go wrong, now wait restarting...[0m
[23:06:46.471] RX< [33m[W/ftp] service go wrong, now wait restarting...[0m
[23:06:46.471] RX< [33m[W/ftp] service go wrong, now wait restarting...
[23:06:47.991] RX< [0m
[23:06:47.991] RX< [33m[W/ftp] service go wrong, now wait restarting...[0m
[23:06:47.991] RX< [33m[W/ftp] service go wrong, now wait restarting...[0m
[23:06:47.991] RX< [33m[W/ftp] service go wrong, now wait restarting...[0m
[23:06:47.991] RX< [33m[W/ftp] service go wrong, now wait restarting...[0m
[23:06:47.991] RX< [33m[W/ftp] servic
[23:06:48.999] RX< e go wrong, now wait restarting...[0m
[23:06:48.999] RX< [33m[W/ftp] service go wrong, now wait restarting...[0m
[23:06:48.999] RX< [33m[W/ftp] service go wrong, now wait restarting...[0m
[23:06:48.999] RX< [33m[W/ftp] service go wrong, now wait restarting...[0m
[23:06:48.999] RX< [33m[W/ftp] service go wrong, now wait res
[23:06:50.007] RX< tarting...[0m
[23:06:50.007] RX< [33m[W/ftp] service go wrong, now wait restarting...[0m
[23:06:50.007] RX< [33m[W/ftp] service go wrong, now wait restarting...[0m
[23:06:50.007] RX< [33m[W/ftp] service go wrong, now wait restarting...[0m
[23:06:50.007] RX< [33m[W/ftp] service go wrong, now wait restarting...[0m
[23:06:50.007] RX< [33m[W/f
[23:06:51.015] RX< tp] service go wrong, now wait restarting...[0m
[23:06:51.015] RX< [33m[W/ftp] service go wrong, now wait restarting...[0m
[23:06:51.015] RX< [33m[W/ftp] service go wrong, now wait restarting...[0m
[23:06:51.015] RX< [33m[W/ftp] service go wrong, now wait restarting...[0m
[23:06:51.015] RX< [33m[W/ftp] service go wrong, no
[23:06:52.008] RX< w wait restarting...[0m
[23:06:52.008] RX< [33m[W/ftp] service go wrong, now wait restarting...[0m
[23:06:52.008] RX< [33m[W/ftp] service go wrong, now wait restarting...[0m
[23:06:52.008] RX< [33m[W/ftp] service go wrong, now wait restarting...[0m
[23:06:52.008] RX< [33m[W/ftp] service go wrong, now wait restarting...[0m
[23:06:52.141] TX> rtmp_video_stop
[23:06:52.141] TX> echo "__EVBTEST_END_4db1e3d1__"
[23:06:52.999] RX< 
[23:06:52.999] RX< [33m[W/ftp] service go wrong, now wait restarting...[0m
[23:06:52.999] RX< rtmp_video_stop
[23:06:52.999] RX< [RTMP] Not pushing.
[23:06:52.999] RX< msh /emmc>echo "__EVBTEST_END_4db1e3d1__"
[23:06:52.999] RX< __EVBTEST_END_4db1e3d1__
[23:06:52.999] RX< msh /emmc>[33m[W/ftp] service go wrong, now wait restarting...[0m
[23:06:52.999] RX< [33m[W/ftp] service go wr
[23:06:53.991] RX< ong, now wait restarting...[0m
[23:06:53.991] RX< [33m[W/ftp] service go wrong, now wait restarting...[0m
[23:06:53.991] RX< [33m[W/ftp] service go wrong, now wait restarting...[0m
[23:06:53.991] RX< [33m[W/ftp] service go wrong, now wait restarting...[0m
[23:06:53.991] RX< [33m[W/ftp] service go wrong, now wait restarting
