[05:42:24.067] [INFO] VX100 EVB 自动化测试启动，运行时间戳: 20260813_054224
[05:42:24.067] [INFO] 启用模块: ['wifi_check', 'wifi_scan', 'wifi_join', 'emmc', 'ftp', 'photo', 'video', 'rtmp']
[05:42:24.068] [INFO] 开始自动探测 EVB 串口，候选端口 ['/dev/ttyUSB0']，候选波特率 [2000000, 250000, 115200, 921600]
[05:42:24.068] [DEBUG] 探测 /dev/ttyUSB0 @ 2000000 ...
[05:42:26.376] [INFO]   命中 EVB 指纹: /dev/ttyUSB0 @ 2000000
[05:42:26.376] [INFO] 探测到 EVB: /dev/ttyUSB0 @ 2000000
[05:42:26.378] [INFO] 串口已打开: /dev/ttyUSB0 @ 2000000 bps
[05:42:32.382] [INFO] EVB 已就绪
[05:42:34.385] [DEBUG] 串口自检通过
[05:42:34.385] [INFO] 预清理板子状态...
[05:43:09.754] [INFO] 使用默认 WiFi: G-Demo
[05:43:39.777] [ERROR] WiFi 连接失败: 期望结果未出现(30.0s): Got IP address\s*:\s*([0-9.]+)
[05:43:39.777] [ERROR] 输出: wifi join G-Demo Gdemo@123
whd_wifi_join_wait_for_complete: not ready to transceive (err 33555456); left network
Function whd_wifi_join failed at line 2164 checkres = 33555456 
msh />echo "__EVBTEST_END_09c3d93b__"
__EVBTEST_END_09c3d93b__
msh />
[05:43:39.777] [WARN] WiFi 交互连接失败，将依赖 wifi_join 用例连接
[05:43:39.777] [INFO] 本次执行模块顺序: ['wifi_check', 'wifi_scan', 'wifi_join', 'emmc', 'ftp', 'photo', 'video', 'rtmp']
[05:43:39.777] >>> 执行模块: wifi_check
[05:43:41.799] [PASS] wifi_check (2022ms) - 未联网，将继续 scan/join
[05:43:41.800] >>> 执行模块: wifi_scan
[05:43:45.937] [PASS] wifi_scan (4137ms) - 扫描到 10 个 AP
[05:43:45.937] >>> 执行模块: wifi_join
[05:43:55.945] [PASS] wifi_join (10007ms) - 已连接 G-Demo，IP=10.1.90.71
[05:43:55.945] >>> 执行模块: emmc
[05:43:57.947] [PASS] emmc (2002ms) - 已进入 /emmc（自动挂载）
[05:43:57.947] >>> 执行模块: ftp
[05:44:00.153] [DEBUG] FTP 已连接 10.1.90.71:21 (尝试 1)
[05:44:00.796] [PASS] ftp (2848ms) - FTP 已连接 10.1.90.71，/emmc 列出 3 项
[05:44:00.796] >>> 执行模块: photo
[05:44:01.449]   拍照测试: 模式 auto
[05:44:04.057] [DEBUG] 强制重连 FTP
[05:44:07.712] [DEBUG] FTP 已连接 10.1.90.71:21 (尝试 1)
[05:44:07.712] [INFO] FTP 已恢复
[05:45:07.292] [PASS] photo[auto] (65843ms) - JPEG OK 694KB | 拍照成功，保存到 /emmc/PIC/20260813_084402_7265 | 已下载到 logs/20260813_054224/photos/auto_20260813_084402_7265_Image_20260813_084402_7265_0.jpg
[05:45:07.292] >>> 执行模块: video
[05:45:07.734]   录像测试: 1080p / 2s
[05:45:10.729] [DEBUG] 强制重连 FTP
[05:45:12.636] [DEBUG] FTP 已连接 10.1.90.71:21 (尝试 1)
[05:45:12.636] [INFO] FTP 已恢复
[05:45:17.840] [WARN] 下载异常(尝试1/6)，已传0KB: 
[05:45:18.446] [DEBUG] FTP 已连接 10.1.90.71:21 (尝试 1)
[05:46:50.893] [WARN] 下载异常(尝试2/6)，已传949KB: timed out
[05:46:51.215] [DEBUG] FTP 已连接 10.1.90.71:21 (尝试 1)
[05:47:14.107] [PASS] video (126373ms) - 录像成功，文件 /emmc/VIDEO/20260813_084508_2592/Video_2592_0.h265，3561KB | 已下载到 logs/20260813_054224/videos/Video_2592_0.h265
[05:47:14.108] [INFO] 自动检测到 PC IP: 10.1.64.35
[05:47:14.108] >>> 执行模块: rtmp
[05:47:14.108] [INFO] 启动 RTMP 服务端 MediaMTX: tools/mediamtx/mediamtx tools/mediamtx/mediamtx_min.yml
[05:47:14.310] [INFO] MediaMTX 就绪，RTMP 监听 :1935
[05:47:14.310] [DEBUG] 强制重连 FTP
[05:47:15.967] [DEBUG] FTP 已连接 10.1.90.71:21 (尝试 1)
[05:47:15.967] [INFO] FTP 已恢复
[05:47:16.969]   RTMP 推流测试: rtmp://10.1.64.35/live/cam / 10s
[05:47:20.949] [INFO] 启动 ffmpeg 拉流: tools/ffmpeg/ffmpeg -rw_timeout 15000000 -y -i rtmp://10.1.64.35/live/cam -t 10 -c copy -f flv /home/gravity/AutoTestScripts_JX009/logs/rtmp/stream_1786614440.flv
[05:47:41.001] [FAIL] rtmp (24000ms) - 推流验证失败: 拉流文件未生成
[05:47:41.047] ==================================================
[05:47:41.047] 测试完成：共 8 项 | 通过 7 | 失败 1 | 跳过 0 | 错误 0 | 通过率 87.5% | 总耗时 237.2s
[05:47:41.047] ==================================================
[05:47:41.047] [INFO]   json 报告: reports/20260813_054224/result.json
[05:47:41.047] [INFO]   junit 报告: reports/20260813_054224/junit.xml
[05:47:41.047] [INFO]   html 报告: reports/20260813_054224/report.html
[05:47:41.973] [DEBUG] 串口已关闭
