[02:31:35.700] [INFO] VX100 EVB 自动化测试启动，运行时间戳: 20260820_023135
[02:31:35.700] [INFO] 启用模块: ['wifi_check', 'wifi_scan', 'wifi_join', 'emmc', 'ftp', 'photo', 'video', 'rtmp']
[02:31:35.700] [INFO] 开始自动探测 EVB 串口，候选端口 ['/dev/ttyUSB1']，候选波特率 [2000000, 250000, 115200, 921600]
[02:31:35.700] [DEBUG] 探测 /dev/ttyUSB1 @ 2000000 ...
[02:31:38.008] [INFO]   命中 EVB 指纹: /dev/ttyUSB1 @ 2000000
[02:31:38.009] [INFO] 探测到 EVB: /dev/ttyUSB1 @ 2000000
[02:31:38.012] [INFO] 串口已打开: /dev/ttyUSB1 @ 2000000 bps
[02:31:40.014] [INFO] EVB 已就绪
[02:31:42.017] [DEBUG] 串口自检通过
[02:31:42.017] [INFO] 预清理板子状态...
[02:31:49.364] [INFO] 使用默认 WiFi: SW-test-2.4G
[02:31:58.033] [INFO] WiFi 连接成功: SW-test-2.4G / IP=192.168.1.101
[02:32:03.039] [INFO] 本次执行模块顺序: ['wifi_check', 'wifi_scan', 'wifi_join', 'emmc', 'ftp', 'photo', 'video', 'rtmp']
[02:32:03.039] >>> 模块 [wifi_check] 开始执行
[02:32:03.039]     - 执行模块: wifi_check
[02:32:05.062] [PASS] wifi_check (2022ms) - 已联网，IP=192.168.1.101（跳过 wifi scan/join）
[02:32:05.063] <<< 模块 [wifi_check] 结束，耗时 2.0s（结果 PASS）
[02:32:05.063] >>> 模块 [wifi_scan] 开始执行
[02:32:05.063]     - 执行模块: wifi_scan
[02:32:05.063] [SKIP] wifi_scan (0ms) - WiFi 已连接（IP=192.168.1.101），跳过扫描测试
[02:32:05.063] <<< 模块 [wifi_scan] 结束，耗时 0.0s（结果 SKIP）
[02:32:05.063] >>> 模块 [wifi_join] 开始执行
[02:32:05.063]     - 执行模块: wifi_join
[02:32:05.063] [SKIP] wifi_join (0ms) - WiFi 已连接 (SW-test-2.4G/192.168.1.101)，跳过 join 测试
[02:32:05.063] <<< 模块 [wifi_join] 结束，耗时 0.0s（结果 SKIP）
[02:32:05.063] >>> 模块 [emmc] 开始执行
[02:32:05.063]     - 执行模块: emmc
[02:32:07.065] [PASS] emmc (2001ms) - 已进入 /emmc（自动挂载）
[02:32:07.065] <<< 模块 [emmc] 结束，耗时 2.0s（结果 PASS）
[02:32:07.065] >>> 模块 [ftp] 开始执行
[02:32:07.065]     - 执行模块: ftp
[02:32:13.205] [DEBUG] FTP 已连接 192.168.1.101:21 (尝试 1)
[02:32:13.415] [PASS] ftp (6349ms) - FTP 已连接 192.168.1.101，/emmc 列出 4 项
[02:32:13.415] <<< 模块 [ftp] 结束，耗时 6.3s（结果 PASS）
[02:32:13.415] >>> 模块 [photo] 开始执行
[02:32:13.415]     - 执行模块: photo
[02:32:13.527] [DEBUG] FTP 已连接 192.168.1.101:21 (尝试 1)
[02:32:13.527] [DEBUG] FTP 已重新连接
[02:32:13.527]   拍照测试: 模式 auto
[02:32:19.712] [DEBUG] FTP 已连接 192.168.1.101:21 (尝试 1)
[02:32:19.712] [DEBUG] FTP 已重新连接
[02:32:20.114] [DEBUG] FTP 已连接 192.168.1.101:21 (尝试 1)
[02:32:21.037] [PASS] photo[auto] (7509ms) - JPEG OK 1452KB | 拍照成功，保存到 /emmc/PIC/20260101_000042_2492 | 已下载到 logs/20260820_023135/photos/auto_20260101_000042_2492_Image_20260101_000042_2492_0.jpg
[02:32:21.037] <<< 模块 [photo] 结束，耗时 7.6s（结果 PASS）
[02:32:21.037] >>> 模块 [video] 开始执行
[02:32:21.037]     - 执行模块: video
[02:32:21.149] [DEBUG] FTP 已连接 192.168.1.101:21 (尝试 1)
[02:32:21.149] [DEBUG] FTP 已重新连接
[02:32:21.149]   录像测试: 1080p / 180s
[02:32:23.604] [INFO] 拍摄开始（1080p / 180s）...
[02:35:24.056] [INFO] 拍摄结束，耗时 180.5s
[02:35:24.212] [DEBUG] FTP 已连接 192.168.1.101:21 (尝试 1)
[02:35:24.212] [DEBUG] FTP 已重新连接
[02:35:24.525] [INFO] FTP 开始下载视频: /emmc/VIDEO/20260101_000049_9929/Video_9929_0.h265 (399105KB) -> logs/20260820_023135/videos/Video_9929_0.h265
[02:35:24.669] [DEBUG] FTP 已连接 192.168.1.101:21 (尝试 1)
[02:38:01.755] [INFO] FTP 下载完成，耗时 157.2s
[02:38:01.755] [PASS] video (340605ms) - 录像成功，文件 /emmc/VIDEO/20260101_000049_9929/Video_9929_0.h265，399105KB | 已下载到 logs/20260820_023135/videos/Video_9929_0.h265
[02:38:01.755] <<< 模块 [video] 结束，耗时 340.7s（结果 PASS）
[02:38:01.755] >>> 模块 [rtmp] 开始执行
[02:38:01.755] [INFO] 自动检测到 PC IP: 192.168.1.89
[02:38:01.755]     - 执行模块: rtmp
[02:38:01.755] [INFO] 检查 RTMP 服务端 (nginx-rtmp) 是否监听 :1935
[02:38:01.756] [INFO] nginx-rtmp 就绪，RTMP 监听 :1935
[02:38:01.756]   RTMP 推流测试: rtmp://192.168.1.89/live/cam / 600s
[02:38:02.356] [INFO] 推流命令已下发，等待 EVB 建连上线...
[02:38:05.363] [INFO] 已在独立终端窗口启动 ffplay 画面确认 (/usr/bin/gnome-terminal)
[02:38:05.364] [INFO] ffprobe 探测 RTMP 流: rtmp://192.168.1.89/live/cam
[02:38:12.076] [INFO] 推流保持 600s（ffplay 画面可手动关闭，不影响测试）...
[02:38:42.106] [INFO]   推流已保持 30/600s ...
[02:39:12.134] [INFO]   推流已保持 60/600s ...
[02:39:42.154] [INFO]   推流已保持 90/600s ...
[02:40:12.182] [INFO]   推流已保持 120/600s ...
[02:40:42.212] [INFO]   推流已保持 150/600s ...
[02:41:12.231] [INFO]   推流已保持 180/600s ...
[02:41:42.258] [INFO]   推流已保持 210/600s ...
[02:42:12.286] [INFO]   推流已保持 240/600s ...
[02:42:42.314] [INFO]   推流已保持 270/600s ...
[02:43:12.342] [INFO]   推流已保持 300/600s ...
[02:43:42.370] [INFO]   推流已保持 330/600s ...
[02:44:12.398] [INFO]   推流已保持 360/600s ...
[02:44:42.421] [INFO]   推流已保持 390/600s ...
[02:45:12.450] [INFO]   推流已保持 420/600s ...
[02:45:42.454] [INFO]   推流已保持 450/600s ...
[02:46:12.483] [INFO]   推流已保持 480/600s ...
[02:46:42.510] [INFO]   推流已保持 510/600s ...
[02:47:12.538] [INFO]   推流已保持 540/600s ...
[02:47:42.566] [INFO]   推流已保持 570/600s ...
[02:48:12.596] [INFO]   推流已保持 600/600s ...
[02:48:20.700] [PASS] rtmp (618943ms) - 推流验证通过: h264 1296x2304 (ffprobe 实时探测)
[02:48:20.700] <<< 模块 [rtmp] 结束，耗时 618.9s（结果 PASS）
[02:48:20.720] ==================================================
[02:48:20.720] 测试完成：共 8 项 | 通过 6 | 失败 0 | 跳过 2 | 错误 0 | 通过率 75.0% | 总耗时 977.4s
[02:48:20.720] ==================================================
[02:48:20.720] [INFO]   json 报告: reports/20260820_023135/result.json
[02:48:20.720] [INFO]   junit 报告: reports/20260820_023135/junit.xml
[02:48:20.720] [INFO]   html 报告: reports/20260820_023135/report.html
[02:48:40.896] [INFO] 已记录本次测试问题到: logs/problem/20260820_023135.log
[02:48:41.688] [DEBUG] 串口已关闭
