[23:02:24.735] [INFO] VX100 EVB 自动化测试启动，运行时间戳: 20260812_230224
[23:02:24.735] [INFO] 启用模块: ['wifi_scan', 'wifi_join', 'emmc', 'ftp', 'photo', 'video']
[23:02:24.736] [INFO] 开始自动探测 EVB 串口，候选端口 ['/dev/ttyUSB0', '/dev/ttyUSB1', '/dev/ttyUSB2']，候选波特率 [2000000, 250000, 115200, 921600]
[23:02:24.736] [DEBUG] 探测 /dev/ttyUSB0 @ 2000000 ...
[23:02:27.201] [INFO]   命中 EVB 指纹: /dev/ttyUSB0 @ 2000000
[23:02:27.201] [DEBUG] 探测 /dev/ttyUSB1 @ 2000000 ...
[23:02:29.505] [DEBUG] 探测 /dev/ttyUSB1 @ 250000 ...
[23:02:31.808] [DEBUG] 探测 /dev/ttyUSB1 @ 115200 ...
[23:02:34.112] [DEBUG] 探测 /dev/ttyUSB1 @ 921600 ...
[23:02:36.415] [DEBUG] 探测 /dev/ttyUSB2 @ 2000000 ...
[23:02:38.719] [DEBUG] 探测 /dev/ttyUSB2 @ 250000 ...
[23:02:41.021] [DEBUG] 探测 /dev/ttyUSB2 @ 115200 ...
[23:02:43.325] [DEBUG] 探测 /dev/ttyUSB2 @ 921600 ...
[23:02:45.628] [INFO] 探测到 EVB: /dev/ttyUSB0 @ 2000000
[23:02:45.630] [INFO] 串口已打开: /dev/ttyUSB0 @ 2000000 bps
[23:02:46.241] [INFO] EVB 已就绪
[23:02:46.306] [DEBUG] 串口自检通过
[23:02:46.306] [INFO] 预清理板子状态...
[23:02:48.223] [INFO] 本次执行模块顺序: ['wifi_scan', 'wifi_join', 'emmc', 'ftp', 'photo', 'video']
[23:02:48.223] >>> 执行模块: wifi_scan
[23:02:50.409] [PASS] wifi_scan (2185ms) - 扫描到 5 个 AP
[23:02:50.409] >>> 执行模块: wifi_join
[23:02:58.408] [PASS] wifi_join (7998ms) - 已连接 G-Demo，IP=10.1.90.71
[23:02:58.408] >>> 执行模块: emmc
[23:02:58.587] [PASS] emmc (178ms) - 已进入 /emmc（自动挂载）
[23:02:58.587] >>> 执行模块: ftp
[23:02:59.354] [DEBUG] FTP 已连接 10.1.90.71:21 (尝试 1)
[23:03:00.634] [PASS] ftp (2047ms) - FTP 已连接 10.1.90.71，/emmc 列出 3 项
[23:03:00.634] >>> 执行模块: photo
[23:03:01.082]   拍照测试: 模式 auto
[23:03:03.411] [DEBUG] 强制重连 FTP
[23:03:05.361] [DEBUG] FTP 已连接 10.1.90.71:21 (尝试 1)
[23:03:05.361] [INFO] FTP 已恢复
[23:03:14.067] [PASS] photo[auto] (12985ms) - JPEG OK 699KB | 拍照成功，保存到 /emmc/PIC/20260813_020302_4182
[23:03:14.067] >>> 执行模块: video
[23:03:14.443]   录像测试: 1080p / 5s
[23:03:20.515] [DEBUG] 强制重连 FTP
[23:03:22.329] [DEBUG] FTP 已连接 10.1.90.71:21 (尝试 1)
[23:03:22.329] [INFO] FTP 已恢复
[23:03:22.700] [PASS] video (8257ms) - 录像成功，文件 /emmc/VIDEO/20260813_020314_7031/Video_7031_0.h265，10172KB
[23:03:22.741] ==================================================
[23:03:22.741] 测试完成：共 6 项 | 通过 6 | 失败 0 | 跳过 0 | 错误 0 | 通过率 100.0% | 总耗时 33.6s
[23:03:22.741] ==================================================
[23:03:22.741] [INFO]   json 报告: reports/20260812_230224/result.json
[23:03:22.741] [INFO]   junit 报告: reports/20260812_230224/junit.xml
[23:03:22.741] [INFO]   html 报告: reports/20260812_230224/report.html
[23:03:23.225] [DEBUG] 串口已关闭
