[05:50:14.308] [INFO] VX100 EVB 自动化测试启动，运行时间戳: 20260817_055014
[05:50:14.308] [INFO] 启用模块: ['wifi_check', 'wifi_scan', 'wifi_join', 'emmc', 'ftp', 'photo', 'video', 'rtmp']
[05:50:14.309] [INFO] 开始自动探测 EVB 串口，候选端口 ['/dev/ttyUSB0']，候选波特率 [2000000, 250000, 115200, 921600]
[05:50:14.309] [DEBUG] 探测 /dev/ttyUSB0 @ 2000000 ...
[05:50:17.146] [INFO]   命中 EVB 指纹: /dev/ttyUSB0 @ 2000000
[05:50:17.146] [INFO] 探测到 EVB: /dev/ttyUSB0 @ 2000000
[05:50:17.148] [INFO] 串口已打开: /dev/ttyUSB0 @ 2000000 bps
[05:50:19.013] [INFO] EVB 已就绪
[05:50:19.461] [DEBUG] 串口自检通过
[05:50:19.461] [INFO] 预清理板子状态...
[05:50:27.077] [INFO] 扫描 WiFi 网络...
[05:50:30.967] [ERROR] SSID 为空
[05:50:30.967] [WARN] WiFi 交互连接失败，将依赖 wifi_join 用例连接
[05:50:30.967] [INFO] 本次执行模块顺序: ['wifi_check', 'wifi_scan', 'wifi_join', 'emmc', 'ftp', 'photo', 'video', 'rtmp']
[05:50:30.967] >>> 执行模块: wifi_check
[05:50:31.169] [PASS] wifi_check (201ms) - 已联网，IP=172.20.10.3（跳过 wifi scan/join）
[05:50:31.177] >>> 执行模块: wifi_scan
[05:50:31.177] [SKIP] wifi_scan (0ms) - WiFi 已连接（IP=172.20.10.3），跳过扫描测试
[05:50:31.177] >>> 执行模块: wifi_join
[05:50:31.177] [SKIP] wifi_join (0ms) - WiFi 已连接 (未知SSID/172.20.10.3)，跳过 join 测试
[05:50:31.177] >>> 执行模块: emmc
[05:50:32.138] [PASS] emmc (960ms) - 已进入 /emmc（自动挂载）
[05:50:32.138] >>> 执行模块: ftp
[05:50:32.629] [DEBUG] FTP 已连接 172.20.10.3:21 (尝试 1)
[05:50:33.009] [PASS] ftp (870ms) - FTP 已连接 172.20.10.3，/emmc 列出 4 项
[05:50:33.009] >>> 执行模块: photo
[05:50:33.534]   拍照测试: 模式 auto
[05:50:36.272] [DEBUG] 强制重连 FTP
[05:50:38.703] [DEBUG] FTP 已连接 172.20.10.3:21 (尝试 1)
[05:50:38.703] [INFO] FTP 已恢复
[05:50:45.549] [PASS] photo[auto] (12014ms) - JPEG OK 709KB | 拍照成功，保存到 /emmc/PIC/20260101_000315_5172 | 已下载到 logs/20260817_055014/photos/auto_20260101_000315_5172_Image_20260101_000315_5172_0.jpg
[05:50:45.549] >>> 执行模块: video
[05:50:46.062]   录像测试: 1080p / 2s
[05:50:50.628] [DEBUG] 强制重连 FTP
[05:50:52.805] [DEBUG] FTP 已连接 172.20.10.3:21 (尝试 1)
[05:50:52.805] [INFO] FTP 已恢复
[05:51:23.730] [PASS] video (37667ms) - 录像成功，文件 /emmc/VIDEO/20260101_000328_8054/Video_8054_0.h265，3604KB | 已下载到 logs/20260817_055014/videos/Video_8054_0.h265
[05:51:23.730] [INFO] 自动检测到 PC IP: 172.20.10.2
[05:51:23.730] >>> 执行模块: rtmp
[05:51:23.730] [INFO] 检查 RTMP 服务端 (nginx-rtmp) 是否监听 :1935
[05:51:23.730] [INFO] nginx-rtmp 就绪，RTMP 监听 :1935
[05:51:23.730]   RTMP 推流测试: rtmp://172.20.10.2/live/cam / 10s
[05:51:27.051] [INFO] 已在独立终端窗口启动 ffplay 画面确认 (/usr/bin/gnome-terminal)
[05:51:27.051] [INFO] ffprobe 探测 RTMP 流: rtmp://172.20.10.2/live/cam
[05:51:46.164] [INFO] ffplay 展示窗口保持 5s 供人眼确认画面...
[05:51:51.386] [PASS] rtmp (27655ms) - 推流验证通过: h264 1296x2304 (ffprobe 实时探测)
[05:51:51.427] ==================================================
[05:51:51.427] 测试完成：共 8 项 | 通过 6 | 失败 0 | 跳过 2 | 错误 0 | 通过率 75.0% | 总耗时 79.4s
[05:51:51.427] ==================================================
[05:51:51.427] [INFO]   json 报告: reports/20260817_055014/result.json
[05:51:51.427] [INFO]   junit 报告: reports/20260817_055014/junit.xml
[05:51:51.427] [INFO]   html 报告: reports/20260817_055014/report.html
[05:51:52.181] [DEBUG] 串口已关闭
