[04:13:26.754] [INFO] VX100 EVB 自动化测试启动，运行时间戳: 20260813_041326
[04:13:26.754] [INFO] 启用模块: ['wifi_check', 'wifi_scan', 'wifi_join', 'emmc', 'ftp', 'photo', 'video', 'rtmp']
[04:13:26.754] [INFO] 开始自动探测 EVB 串口，候选端口 ['/dev/ttyUSB0', '/dev/ttyUSB1', '/dev/ttyUSB2']，候选波特率 [2000000, 250000, 115200, 921600]
[04:13:26.754] [DEBUG] 探测 /dev/ttyUSB0 @ 2000000 ...
[04:13:29.061] [INFO]   命中 EVB 指纹: /dev/ttyUSB0 @ 2000000
[04:13:29.061] [DEBUG] 探测 /dev/ttyUSB1 @ 2000000 ...
[04:13:31.365] [DEBUG] 探测 /dev/ttyUSB1 @ 250000 ...
[04:13:33.669] [DEBUG] 探测 /dev/ttyUSB1 @ 115200 ...
[04:13:35.972] [DEBUG] 探测 /dev/ttyUSB1 @ 921600 ...
[04:13:38.276] [DEBUG] 探测 /dev/ttyUSB2 @ 2000000 ...
[04:13:40.580] [DEBUG] 探测 /dev/ttyUSB2 @ 250000 ...
[04:13:42.884] [DEBUG] 探测 /dev/ttyUSB2 @ 115200 ...
[04:13:45.188] [DEBUG] 探测 /dev/ttyUSB2 @ 921600 ...
[04:13:47.491] [INFO] 探测到 EVB: /dev/ttyUSB0 @ 2000000
[04:13:47.492] [INFO] 串口已打开: /dev/ttyUSB0 @ 2000000 bps
[04:13:49.493] [INFO] EVB 已就绪
[04:13:51.495] [DEBUG] 串口自检通过
[04:13:51.495] [INFO] 预清理板子状态...
[04:13:58.515] [INFO] 本次执行模块顺序: ['wifi_check', 'wifi_scan', 'wifi_join', 'emmc', 'ftp', 'photo', 'video', 'rtmp']
[04:13:58.515] >>> 执行模块: wifi_check
[04:14:00.536] [PASS] wifi_check (2020ms) - 未联网，将继续 scan/join
[04:14:00.536] >>> 执行模块: wifi_scan
[04:14:04.657] [PASS] wifi_scan (4120ms) - 扫描到 7 个 AP
[04:14:04.657] >>> 执行模块: wifi_join
[04:14:12.662] [PASS] wifi_join (8004ms) - 已连接 G-Demo，IP=10.1.90.71
[04:14:12.662] >>> 执行模块: emmc
[04:14:14.664] [PASS] emmc (2001ms) - 已进入 /emmc（自动挂载）
[04:14:14.664] >>> 执行模块: ftp
[04:14:17.139] [DEBUG] FTP 已连接 10.1.90.71:21 (尝试 1)
[04:14:17.656] [PASS] ftp (2991ms) - FTP 已连接 10.1.90.71，/emmc 列出 3 项
[04:14:17.656] >>> 执行模块: photo
[04:14:18.273]   拍照测试: 模式 auto
[04:14:21.675] [DEBUG] 强制重连 FTP
[04:14:25.696] [DEBUG] FTP 已连接 10.1.90.71:21 (尝试 1)
[04:14:25.696] [INFO] FTP 已恢复
[04:14:43.841] [PASS] photo[auto] (25567ms) - JPEG OK 767KB | 拍照成功，保存到 /emmc/PIC/20260813_071418_1790 | 已下载到 logs/20260813_041326/photos/auto_20260813_071418_1790_Image_20260813_071418_1790_0.jpg
[04:14:43.841] >>> 执行模块: video
[04:14:44.513]   录像测试: 1080p / 2s
[04:14:49.159] [DEBUG] 强制重连 FTP
[04:14:51.417] [DEBUG] FTP 已连接 10.1.90.71:21 (尝试 1)
[04:14:51.417] [INFO] FTP 已恢复
[04:16:30.297] [PASS] video (105784ms) - 录像成功，文件 /emmc/VIDEO/20260813_071445_8693/Video_8693_0.h265，3887KB | 已下载到 logs/20260813_041326/videos/Video_8693_0.h265
[04:16:30.298] [INFO] 自动检测到 PC IP: 10.1.64.35
[04:16:30.298] >>> 执行模块: rtmp
[04:16:30.298]   RTMP 推流测试: rtmp://10.1.64.35/live/cam1 / 10s
[04:16:30.298] [INFO] 启动 ffmpeg 拉流: tools/ffmpeg/ffmpeg -reconnect 1 -reconnect_streamed 1 -reconnect_delay_max 2 -y -i rtmp://10.1.64.35/live/cam1 -t 10 -c copy -f flv /home/gravity/AutoTestScripts_JX009/logs/rtmp/stream_1786608990.flv
[04:16:41.309] [FAIL] rtmp (0ms) - 推流启动命令失败
[04:16:41.353] ==================================================
[04:16:41.353] 测试完成：共 8 项 | 通过 7 | 失败 1 | 跳过 0 | 错误 0 | 通过率 87.5% | 总耗时 150.5s
[04:16:41.354] ==================================================
[04:16:41.354] [INFO]   json 报告: reports/20260813_041326/result.json
[04:16:41.354] [INFO]   junit 报告: reports/20260813_041326/junit.xml
[04:16:41.354] [INFO]   html 报告: reports/20260813_041326/report.html
[04:16:43.183] [DEBUG] 串口已关闭
