[02:06:18.659] [INFO] VX100 EVB 自动化测试启动，运行时间戳: 20260817_020618
[02:06:18.659] [INFO] 启用模块: ['wifi_check', 'wifi_scan', 'wifi_join', 'emmc', 'ftp', 'photo', 'video', 'rtmp']
[02:06:18.660] [INFO] 开始自动探测 EVB 串口，候选端口 ['/dev/ttyUSB0']，候选波特率 [2000000, 250000, 115200, 921600]
[02:06:18.660] [DEBUG] 探测 /dev/ttyUSB0 @ 2000000 ...
[02:06:21.621] [INFO]   命中 EVB 指纹: /dev/ttyUSB0 @ 2000000
[02:06:21.621] [INFO] 探测到 EVB: /dev/ttyUSB0 @ 2000000
[02:06:21.623] [INFO] 串口已打开: /dev/ttyUSB0 @ 2000000 bps
[02:06:21.833] [INFO] EVB 已就绪
[02:06:22.817] [DEBUG] 串口自检通过
[02:06:22.817] [INFO] 预清理板子状态...
[02:06:31.300] [INFO] 使用默认 WiFi: G-Demo
[02:07:01.516] [ERROR] WiFi 连接失败: 期望结果未出现(30.0s): Got IP address\s*:\s*([0-9.]+)
[02:07:01.517] [ERROR] 输出: e go wrong, now wait restarting...
[W/ftp] service go wrong, now wait restarting...
[W/ftp] service go wrong, now wait restarting...
wifi join G-Demo Gdemo@123
[I/WLAN.mgnt] wifi is connect ssid:G-Demo
msh />echo "__EVBTEST_END_3ee281f2__"
__EVBTEST_END_3ee281f2__
msh />[W/ftp] service go wrong, now wait restarting...
[W/ftp] service go wrong, now wait restarting...
[W/ftp] service go wrong, now wait restarting...
[W/ftp] service go wrong, now wait restarting...
[W/ftp] service go wrong, now wait restarting...
[W/ftp] service go wrong, now wait restarting...
[W/ftp] service go wrong, now wait restarting...
[W/ftp] service go wrong, now wait restarting...
[W/ftp] service go wrong, now wait restarting...
[W/ftp] service go wrong, now wait restarting...
[W/ftp] service go wrong, now wait restarting...
[W/ftp] service go wrong, now wait restarting...
[W/ftp] service go wrong, now wait restarting...
[W/ftp] service go wrong, now wait restarting...
[W/ftp] service go wrong, now wait restarting...
[W/ftp] service go wrong, now wait restarting...
[W/ftp] service go wrong, now wait restarting...
[W/ftp] service go wrong, now wait restarting...
[W/ftp] service go wrong, now wait restarting...
[W/ftp] service go wrong, now wait restarting...
[W/ftp] service go wrong, now wait restarting...
[W/ftp] service go wrong, now wait restarting...
[W/ftp] service go wrong, now wait restarting...
[W/ftp] service go wrong, now wait restarting...
[W/ftp] service go wrong, now wait restarting...
[W/ftp] service go wrong, now wait restarting...
[W/ftp] service go wrong, now wait restarting...
[W/ftp] service go wrong, now wait restarting...
[W/ftp] service go wrong, now wait restarting...
[W/ftp] service go wrong, now wait restarting...
[W/ftp] service go wrong, now wait restarting...
[W/ftp] service go wrong, now wait restarting...
[W/ftp] service go wrong, now wait restarting...
[W/ftp] service go wrong, now wait restarting...
[W/ftp] service go wrong, now wait restarting...
[W/ftp] service go wrong, now wait restarting...
[W/ftp] service go wrong, now wait restarting...
[W/ftp] service go wrong, now wait restarting...
[W/ftp] service go wrong, now wait restarting...
[W/ftp] service go wrong, now wait restarting...
[W/ftp] service go wrong, now wait restarting...
[W/ftp] service go wrong, now wait restarting...
[W/ftp] service go wrong, now wait restarting...
[W/ftp] service go wrong, now wait restarting...
[W/ftp] service go wrong, now wait restarting...
[W/ftp] service go wrong, now wait restarting...
[W/ftp] service go wrong, now wait restarting...
[W/ftp] service go wrong, now wait restarting...
[W/ftp] service go wrong, now wait restarting...
[W/ftp] service go wrong, now wait restarting...
[W/ftp] service go wrong, now wait restarting...
[W/ftp] service go wrong, now wait restarting...
[W/ftp] service go wrong, now wait restarting...
[W/ftp] service go wrong, now wait restarting...
[W/ftp] service go wrong, now wait restarting...
[W/ftp] service go wrong, now wait restarting...
[W/ftp] service go wrong, now wait restarting...
[W/ftp] service go wrong, now wait restarting...
[W/ftp] service go wrong, now wait restarting...
[W/ftp] service go wrong, now wait restarting...
[W/ftp] service go wrong, now wait restarting...
[W/ftp] service go wrong, now wait restarting...
[W/ftp] service go wrong, now wait restarting...
[W/ftp] service go wrong, now wait restarting...
[W/ftp] service go wrong, now wait restarting...
[W/ftp] service go wrong, now wait restarting...
[W/ftp] service go wrong, now wait restarting...
[W/ftp] service go wrong, now wait restarting...
[W/ftp] service go wrong, now wait restarting...
[W/ftp] service go wrong, now wait restarting...
[W/ftp] service go wrong, now wait restarting...
[W/ftp] service go wrong, now wait restarting...
[W/ftp] service go wrong, now wait restarting...
[W/ftp] service go wrong, now wait restarting...
[W/ftp] service go wrong, now wait restarting...
[W/ftp] service go wrong, now wait restarting...
[W/ftp] service go wrong, now wait restarting...
[W/ftp] service go wrong, now wait restarting...
[W/ftp] service go wrong, now wait restarting...
[W/ftp] service go wrong, now wait restarting...
[W/ftp] service go wrong, now wait restarting...
[W/ftp] service go wrong, now wait restarting...
[W/ftp] service go wrong, now wait restarting...
[W/ftp] service go wrong, now wait restarting...
[W/ftp] service go wrong, now wait restarting...
[W/ftp] service go wrong, now wait restarting...
[W/ftp] service go wrong, now wait restarting...
[W/ftp] service go wrong, now wait restarting...
[W/ftp] service go wrong, now wait restarting...
[W/ftp] service go wrong, now wait restarting...
[W/ftp] service go wrong, now wait restarting...
[W/ftp] service go wrong, now wait restarting...
[W/ftp] service go wrong, now wait restarting...
[W/ftp] service go wrong, now wait restarting...
[W/ftp] service go wrong, now wait restarting...
[W/ftp] service go wrong, now wait restarting...
[W/ftp] service go wrong, now wait restarting...
[W/ftp] service go wrong, now wait restarting...
[W/ftp] service go wrong, now wait restarting...
[W/ftp] service go wrong, now wait restarting...
[W/ftp] service go wrong, now wait restarting...
[W/ftp] service go wrong, now wait restarting...
[W/ftp] service go wrong, now wait restarting...
[W/ftp] service go wrong, now wait restarting...
[W/ftp] service go wrong, now wait restarting...
[W/ftp] service go wrong, now wait restarting...
[W/ftp] service go wrong, now wait restarting...
[W/ftp] service go wrong, now wait restarting...
[W/ftp] service go wrong, now wait restarting...
[W/ftp] service go wrong, now wait restarting...
[W/ftp] service go wrong, now wait restarting...
[W/ftp] service go wrong, now wait restarting...
[W/ftp] service go wrong, now wait restarting...
[W/ftp] service go wrong, now wait restarting...
[W/ftp] service go wrong, now wait restarting...
[W/ftp] service go wrong, now wait restarting...
[W/ftp] service go wrong, now wait restarting...
[W/ftp] service go wrong, now wait restarting...
[W/ftp] service go wrong, now wait restarting...
[W/ftp] service go wrong, now wait restarting...
[W/ftp] service go wrong, now wait restarting...
[W/ftp] service go wrong, now wait restarting...
[W/ftp] service go wrong, now wait restarting...
[W/ftp] service go wrong, now wait restarting...
[W/ftp] service go wrong, now wait restarting...
[W/ftp] service go wrong, now wait restarting...
[W/ftp] service go wrong, now wait restarting...
[W/ftp] service go wrong, now wait restarting...
[W/ftp] service go wrong, now wait restarting...
[W/ftp] service go wrong, now wait restarting...
[W/ftp] service go wrong, now wait restarting...
[W/ftp] service go wrong, now wait restarting...
[W/ftp] service go wrong, now wait restarting...
[W/ftp] service go wrong, now wait restarting...
[W/ftp] service go wrong, now wait restarting...
[W/ftp] service go wrong, now wait restarting...
[W/ftp] service go wrong, now wait restarting...
[W/ftp] service go wrong, now wait restarting...
[W/ftp] service go wrong, now wait restarting...
[W/ftp] service go wrong, now wait restarting...
[W/ftp] service go wrong, now wait restarting...
[W/ftp] service go wrong, now wait restarting...
[W/ftp] service go wrong, now wait restarting...
[W/ftp] service go wrong, now wait restarting...
[W/ftp] service go wrong, now wait restarting...
[W/ftp] service go wrong, now wait restarting...
[W/ftp] service go wrong, now wait restarting...
[W/ftp] service go wrong, now wait restarting...
[W/ftp] service go wrong, now wait restarting...
[W/ftp] service go wrong, now wait restarting...
[W/ftp] service go wrong, now wait restarting...
[W/ftp] service go wrong, now wait restarting...
[W/ftp] service go wrong, now wait restarting...
[W/ftp] service go wrong, now wait restarting...
[W/ftp] service go wrong, now wait restarting...
[W/ftp] service go wrong, now wait restarting...
[W/ftp] service go wrong, now wait restarting...
[W/ftp] service go wrong, now wait restarting...
[W/ftp] service go wrong, now wait restarting...
[W/ftp] service go wrong, now wait restarting...
[W/ftp] service go wrong, now wait restarting...
[W/ftp] service go wrong, now wait restarting...
[W/ftp] service go wrong, now wait restarting...
[W/ftp] service go wrong, now wait restarting...
[W/ftp] service go wrong, now wait restarting...
[W/ftp] service go wrong, now wait restarting...
[W/ftp] service go wrong, now wait restarting...
[W/ftp] service go wrong, now wait restarting...
[W/ftp] service go wrong, now wait restarting...
[W/ftp] service go wrong, now wait restarting...
[W/ftp] service go wrong, now wait restarting...
[W/ftp] service go wrong, now wait restarting...
[W/ftp] service go wrong, now wait restarting...
[W/ftp] service go wrong, now wait restarting...
[W/ftp] service go wrong, now wait restarting...
[W/ftp] service go wrong, now wait restarting...
[W/ftp] service go wrong, now wait restarting...
[W/ftp] service go wrong, now wait restarting...
[W/ftp] service go wrong, now wait restarting...
[W/ftp] service go wrong, now wait restarting...
[W/ftp] service go wrong, now wait restarting...
[W/ftp] service go wrong, now wait restarting...
[W/ftp] service go wrong, now wait restarting...
[W/ftp] service go wrong, now wait restarting...
[W/ftp] service go wrong, now wait restarting...
[W/ftp] service go wrong, now wait restarting...
[W/ftp] service go wrong, now wait restarting...
[W/ftp] service go wrong, now wait restarting...
[W/ftp] service go wrong, now wait restarting...
[W/ftp] service go wrong, now wait restarting...
[W/ftp] service go wrong, now wait restarting...
[W/ftp] service go wrong, now wait restarting...
[W/ftp] service go wrong, now wait restarting...
[W/ftp] service go wrong, now wait restarting...
[W/ftp] service go wrong, now wait restarting...
[W/ftp] service go wrong, now wait restarting...
[W/ftp] service go wrong, now wait restarting...
[W/ftp] service go wrong, now wait restarting...
[W/ftp] service go wrong, now wait restarting...
[W/ftp] service go wrong, now wait restarting...
[W/ftp] service go wrong, now wait restarting...
[W/ftp] service go wrong, now wait restarting...
[W/ftp] service go wrong, now wait restarting...
[W/ftp] service go wrong, now wait restarting...
[W/ftp] service go wrong, now wait restarting...
[W/ftp] service go wrong, now wait restarting...
[W/ftp] service go wrong, now wait restarting...
[W/ftp] service go wrong, now wait restarting...
[W/ftp] service go wrong, now wait restarting...
[W/ftp] service go wrong, now wait restarting...
[W/ftp] service go wrong, now wait restarting...
[W/ftp] service go wrong, now wait restarting...
[W/ftp] service go wrong, now wait restarting...
[W/ftp] service go wrong, now wait restarting...
[W/ftp] service go wrong, now wait restarting...
[W/ftp] service go wrong, now wait restarting...
[W/ftp] service go wrong, now wait restarting...
[W/ftp] service go wrong, now wait restarting...
[W/ftp] service go wrong, now wait restarting...
[W/ftp] service go wrong, now wait restarting...
[W/ftp] service go wrong, now wait restarting...
[W/ftp] service go wrong, now wait restarting...
[W/ftp] service go wrong, now wait restarting...
[W/ftp] service go wrong, now wait restarting...
[W/ftp] service go wrong, now wait restarting...
[W/ftp] service go wrong, now wait restarting...
[W/ftp] service go wrong, now wait restarting...
[W/ftp] service go wrong, now wait restarting...
[W/ftp] service go wrong, now wait restarting...
[W/ftp] service go wrong, now wait restarting...
[W/ftp] service go wrong, now wait restarting...
[W/ftp] service go wrong, now wait restarting...
[W/ftp] service go wrong, now wait restarting...
[W/ftp] service go wrong, now wait restarting...
[W/ftp] service go wrong, now wait restarting...
[W/ftp] service go wrong, now wait restarting...
[W/ftp] service go wrong, now wait restarting...
[W/ftp] service go wrong, now wait restarting...
[W/ftp] service go wrong, now wait restarting...
[W/ftp] service go wrong, now wait restarting...
[W/ftp] service go wrong, now wait restarting...
[W/ftp] service go wrong, now wait restarting...
[W/ftp] service go wrong, now wait restarting...
[W/ftp] service go wrong, now wait restarting...
[W/ftp] service go wrong, now wait restarting...
[W/ftp] service go wrong, now wait restarting...
[W/ftp] service go wrong, now wait restarting...
[W/ftp] service go wrong, now wait restarting...
[W/ftp] service go wrong, now wait restarting...
[W/ftp] service go wrong, now wait restarting...
[W/ftp] service go wrong, now wait restarting...
[W/ftp] service go wrong, now wait restarting...
[W/ftp] service go wrong, now wait restarting...
[W/ftp] service go wrong, now wait restarting...
[W/ftp] service go wrong, now wait restarting...
[W/ftp] service go wrong, now wait restarting...
[W/ftp] service go wrong, now wait restarting...
[W/ftp] service go wrong, now wait restarting...
[W/ftp] service go wrong, now wait restarting...
[W/ftp] service go wrong, now wait restarting...
[W/ftp] service go wrong, now wait restarting...
[W/ftp] service go wrong, now wait restarting...
[W/ftp] service go wrong, now wait restarting...
[W/ftp] service go wrong, now wait restarting...
[W/ftp] service go wrong, now wait restarting...
[W/ftp] service go wrong, now wait restarting...
[W/ftp] service go wrong, now wait restarting...
[W/ftp] service go wrong, now wait restarting...
[W/ftp] service go wrong, now wait restarting...
[W/ftp] service go wrong, now wait restarting...
[W/ftp] service go wrong, now wait restarting...
[W/ftp] service go wrong, now wait restarting...
[W/ftp] service go wrong, now wait restarting...
[W/ftp] service go wrong, now wait restarting...
[W/ftp] service go wrong, now wait restarting...
[W/ftp] service go wrong, now wait restarting...
[W/ftp] service go wrong, now wait restarting...
[W/ftp] service go wrong, now wait restarting...
[W/ftp] service go wrong, now wait restarting...
[W/ftp] service go wrong, now wait restarting...
[W/ftp] service go wrong, now wait restarting...
[W/ftp] service go wrong, now wait restarting...
[W/ftp] service go wrong, now wait restarting...
[W/ftp] service go wrong, now wait restarting...
[W/ftp] service go wrong, now wait restarting...
[W/ftp] service go wrong, now wait restarting...
[W/ftp] service go wrong, now wait restarting...
[W/ftp] service go wrong, now wait restarting...
[W/ftp] service go wrong, now wait restarting...
[W/ftp] service go wrong, now wait restarting...
[W/ftp] service go wrong, now wait restarting...
[W/ftp] service go wrong, now wait restarting...
[W/ftp] service go wrong, now wait restarting...
[W/ftp] service go wrong, now wait restarting...
[W/ftp] service go wrong, now wait restarting...
[W/ftp] service go wrong, now wait restarting...
[W/ftp] service go wrong, now wait restarting...
[W/ftp] service go wrong, now wait restarting...
[W/ftp] service go wrong, now wait restarting...
[W/ftp] service
[02:07:01.517] [WARN] WiFi 交互连接失败，将依赖 wifi_join 用例连接
[02:07:01.517] [INFO] 本次执行模块顺序: ['wifi_check', 'wifi_scan', 'wifi_join', 'emmc', 'ftp', 'photo', 'video', 'rtmp']
[02:07:01.517] >>> 执行模块: wifi_check
[02:07:01.815] [PASS] wifi_check (298ms) - 已联网，IP=10.1.90.71（跳过 wifi scan/join）
[02:07:01.815] >>> 执行模块: wifi_scan
[02:07:01.815] [SKIP] wifi_scan (0ms) - WiFi 已连接（IP=10.1.90.71），跳过扫描测试
[02:07:01.815] >>> 执行模块: wifi_join
[02:07:01.815] [SKIP] wifi_join (0ms) - WiFi 已连接 (G-Demo/10.1.90.71)，跳过 join 测试
[02:07:01.815] >>> 执行模块: emmc
[02:07:02.257] [PASS] emmc (441ms) - 已进入 /emmc（自动挂载）
[02:07:02.257] >>> 执行模块: ftp
[02:07:05.230] [DEBUG] FTP 已连接 10.1.90.71:21 (尝试 1)
[02:07:10.368] [PASS] ftp (8110ms) - FTP 已连接 10.1.90.71，/emmc 列出 4 项
[02:07:10.376] >>> 执行模块: photo
[02:07:13.679]   拍照测试: 模式 auto
[02:07:15.973] [DEBUG] 强制重连 FTP
[02:07:20.256] [DEBUG] FTP 已连接 10.1.90.71:21 (尝试 1)
[02:07:20.256] [INFO] FTP 已恢复
[02:07:23.221] [PASS] photo[auto] (9542ms) - 拍照成功，保存到 /emmc/PIC/20260817_05（未列出 jpg 辅助验证）
[02:07:23.221] >>> 执行模块: video
[02:07:24.718]   录像测试: 1080p / 2s
[02:07:29.472] [DEBUG] 强制重连 FTP
[02:07:32.766] [DEBUG] FTP 已连接 10.1.90.71:21 (尝试 1)
[02:07:32.766] [INFO] FTP 已恢复
[02:07:41.914] [PASS] video (17196ms) - 录像成功，文件 /emmc/VIDEO/20260817（大小校验跳过）
[02:07:41.914] [INFO] 自动检测到 PC IP: 10.1.90.128
[02:07:41.914] >>> 执行模块: rtmp
[02:07:41.914] [INFO] 检查 RTMP 服务端 (nginx-rtmp) 是否监听 :1935
[02:07:41.914] [INFO] nginx-rtmp 就绪，RTMP 监听 :1935
[02:07:41.914] [DEBUG] 强制重连 FTP
[02:07:44.269] [DEBUG] FTP 已连接 10.1.90.71:21 (尝试 1)
[02:07:44.269] [INFO] FTP 已恢复
[02:07:45.270]   RTMP 推流测试: rtmp://10.1.90.128/live/cam / 10s
[02:07:48.575] [INFO] ffplay 画面确认已启动 (pid=108330)
[02:07:48.575] [INFO] ffprobe 探测 RTMP 流: rtmp://10.1.90.128/live/cam
[02:08:33.624] [WARN] ffprobe 探测超时(1/5)，3.0s 后重试
[02:09:21.652] [WARN] ffprobe 探测超时(2/5)，3.0s 后重试
[02:10:09.706] [WARN] ffprobe 探测超时(3/5)，3.0s 后重试
[02:10:57.737] [WARN] ffprobe 探测超时(4/5)，3.0s 后重试
[02:11:45.995] [FAIL] rtmp (240725ms) - 推流验证失败: ffprobe 探测超时(45.0s)
[02:11:46.035] ==================================================
[02:11:46.035] 测试完成：共 8 项 | 通过 5 | 失败 1 | 跳过 2 | 错误 0 | 通过率 62.5% | 总耗时 276.3s
[02:11:46.036] ==================================================
[02:11:46.036] [INFO]   json 报告: reports/20260817_020618/result.json
[02:11:46.036] [INFO]   junit 报告: reports/20260817_020618/junit.xml
[02:11:46.036] [INFO]   html 报告: reports/20260817_020618/report.html
[02:11:46.065] [DEBUG] 串口已关闭
