[01:17:53.658] [INFO] VX100 EVB 自动化测试启动，运行时间戳: 20260817_011753
[01:17:53.658] [INFO] 启用模块: ['wifi_check', 'wifi_scan', 'wifi_join', 'emmc', 'ftp', 'photo', 'video', 'rtmp']
[01:17:53.659] [INFO] 开始自动探测 EVB 串口，候选端口 ['/dev/ttyUSB0']，候选波特率 [2000000, 250000, 115200, 921600]
[01:17:53.659] [DEBUG] 探测 /dev/ttyUSB0 @ 2000000 ...
[01:17:55.968] [INFO]   命中 EVB 指纹: /dev/ttyUSB0 @ 2000000
[01:17:55.968] [INFO] 探测到 EVB: /dev/ttyUSB0 @ 2000000
[01:17:55.969] [INFO] 串口已打开: /dev/ttyUSB0 @ 2000000 bps
[01:17:59.972] [INFO] EVB 已就绪
[01:18:01.973] [DEBUG] 串口自检通过
[01:18:01.973] [INFO] 预清理板子状态...
[01:18:08.994] [INFO] 本次执行模块顺序: ['wifi_check', 'wifi_scan', 'wifi_join', 'emmc', 'ftp', 'photo', 'video', 'rtmp']
[01:18:08.994] >>> 执行模块: wifi_check
[01:18:11.014] [PASS] wifi_check (2019ms) - 未联网，将继续 scan/join
[01:18:11.014] >>> 执行模块: wifi_scan
[01:18:14.897] [PASS] wifi_scan (3883ms) - 扫描到 11 个 AP
[01:18:14.897] >>> 执行模块: wifi_join
[01:18:45.106] [FAIL] wifi_join (0ms) - 连接失败或未获取 IP (G-Demo)
[01:18:45.106] >>> 执行模块: emmc
[01:18:46.925] [PASS] emmc (1818ms) - 已进入 /emmc（自动挂载）
[01:18:46.925] [SKIP] ftp (0ms) - 依赖模块未通过: ['wifi_join']
[01:18:46.925] >>> 执行模块: photo
[01:18:46.925] [SKIP] photo (0ms) - FTP 客户端不可用，跳过拍照
[01:18:46.925] >>> 执行模块: video
[01:18:46.925] [SKIP] video (0ms) - FTP 客户端不可用，跳过录像
[01:18:46.925] [SKIP] rtmp (0ms) - 依赖模块未通过: ['wifi_join']
[01:18:46.965] ==================================================
[01:18:46.965] 测试完成：共 8 项 | 通过 3 | 失败 1 | 跳过 4 | 错误 0 | 通过率 37.5% | 总耗时 7.7s
[01:18:46.965] ==================================================
[01:18:46.965] [INFO]   json 报告: reports/20260817_011753/result.json
[01:18:46.965] [INFO]   junit 报告: reports/20260817_011753/junit.xml
[01:18:46.965] [INFO]   html 报告: reports/20260817_011753/report.html
[01:18:48.932] [DEBUG] 串口已关闭
