[05:14:12.811] [INFO] VX100 EVB 自动化测试启动，运行时间戳: 20260820_051412
[05:14:12.811] [INFO] 启用模块: ['wifi_check', 'wifi_scan', 'wifi_join', 'emmc', 'ftp', 'photo', 'video', 'rtmp']
[05:14:12.811] [INFO] 开始自动探测 EVB 串口，候选端口 ['/dev/ttyUSB1']，候选波特率 [2000000, 250000, 115200, 921600]
[05:14:12.811] [DEBUG] 探测 /dev/ttyUSB1 @ 2000000 ...
[05:14:15.122] [INFO]   命中 EVB 指纹: /dev/ttyUSB1 @ 2000000
[05:14:15.122] [INFO] 探测到 EVB: /dev/ttyUSB1 @ 2000000
[05:14:15.126] [INFO] 串口已打开: /dev/ttyUSB1 @ 2000000 bps
[05:14:17.128] [INFO] EVB 已就绪
[05:14:19.131] [DEBUG] 串口自检通过
[05:14:19.131] [INFO] 预清理板子状态...
[05:14:26.659] [INFO] 使用默认 WiFi: SW-test-2.4G
[05:14:35.146] [INFO] WiFi 连接成功: SW-test-2.4G / IP=192.168.1.101
[05:14:40.152] [INFO] 本次执行模块顺序: ['wifi_check', 'wifi_scan', 'wifi_join', 'emmc', 'ftp', 'photo', 'video', 'rtmp']
[05:14:40.152] >>> 模块 [wifi_check] 开始执行
[05:14:40.152]     - 执行模块: wifi_check
[05:14:42.175] [PASS] wifi_check (2023ms) - 已联网，IP=192.168.1.101（跳过 wifi scan/join）
[05:14:42.176] <<< 模块 [wifi_check] 结束，耗时 2.0s（结果 PASS）
[05:14:42.176] >>> 模块 [wifi_scan] 开始执行
[05:14:42.176]     - 执行模块: wifi_scan
[05:14:42.176] [SKIP] wifi_scan (0ms) - WiFi 已连接（IP=192.168.1.101），跳过扫描测试
[05:14:42.176] <<< 模块 [wifi_scan] 结束，耗时 0.0s（结果 SKIP）
[05:14:42.176] >>> 模块 [wifi_join] 开始执行
[05:14:42.176]     - 执行模块: wifi_join
[05:14:42.176] [SKIP] wifi_join (0ms) - WiFi 已连接 (SW-test-2.4G/192.168.1.101)，跳过 join 测试
[05:14:42.176] <<< 模块 [wifi_join] 结束，耗时 0.0s（结果 SKIP）
[05:14:42.176] >>> 模块 [emmc] 开始执行
[05:14:42.176]     - 执行模块: emmc
[05:14:44.177] [PASS] emmc (2000ms) - 已进入 /emmc（自动挂载）
[05:14:44.178] <<< 模块 [emmc] 结束，耗时 2.0s（结果 PASS）
[05:14:44.178] >>> 模块 [ftp] 开始执行
[05:14:44.178]     - 执行模块: ftp
[05:14:50.318] [DEBUG] FTP 已连接 192.168.1.101:21 (尝试 1)
[05:14:50.530] [PASS] ftp (6351ms) - FTP 已连接 192.168.1.101，/emmc 列出 4 项
[05:14:50.530] <<< 模块 [ftp] 结束，耗时 6.4s（结果 PASS）
[05:14:50.530] >>> 模块 [photo] 开始执行
[05:14:50.530]     - 执行模块: photo
[05:14:50.659] [DEBUG] FTP 已连接 192.168.1.101:21 (尝试 1)
[05:14:50.660] [DEBUG] FTP 已重新连接
[05:14:50.660]   拍照测试: 模式 auto
[05:14:56.589] [DEBUG] FTP 已连接 192.168.1.101:21 (尝试 1)
[05:14:56.590] [DEBUG] FTP 已重新连接
[05:14:56.997] [DEBUG] FTP 已连接 192.168.1.101:21 (尝试 1)
[05:14:58.076] [PASS] photo[auto] (7416ms) - JPEG OK 1396KB | 拍照成功，保存到 /emmc/PIC/20260101_000100_0787 | 已下载到 logs/20260820_051412/photos/auto_20260101_000100_0787_Image_20260101_000100_0787_0.jpg
[05:14:58.076] <<< 模块 [photo] 结束，耗时 7.5s（结果 PASS）
[05:14:58.076] >>> 模块 [video] 开始执行
[05:14:58.076]     - 执行模块: video
[05:14:58.205] [DEBUG] FTP 已连接 192.168.1.101:21 (尝试 1)
[05:14:58.205] [DEBUG] FTP 已重新连接
[05:14:58.205]   录像测试: 1080p / 180s
[05:15:00.439] [INFO] 拍摄开始（1080p / 180s）...
[05:18:00.923] [INFO] 拍摄结束，耗时 180.5s
[05:18:01.035] [DEBUG] FTP 已连接 192.168.1.101:21 (尝试 1)
[05:18:01.035] [DEBUG] FTP 已重新连接
[05:18:01.345] [INFO] FTP 开始下载视频: /emmc/VIDEO/20260101_000107_7947/Video_7947_0.h265 (399133KB) -> logs/20260820_051412/videos/Video_7947_0.h265
[05:18:01.449] [DEBUG] FTP 已连接 192.168.1.101:21 (尝试 1)
[05:20:52.805] [INFO] FTP 下载完成，耗时 171.5s
[05:20:52.805] [PASS] video (354600ms) - 录像成功，文件 /emmc/VIDEO/20260101_000107_7947/Video_7947_0.h265，399133KB | 已下载到 logs/20260820_051412/videos/Video_7947_0.h265
[05:20:52.805] <<< 模块 [video] 结束，耗时 354.7s（结果 PASS）
[05:20:52.805] >>> 模块 [rtmp] 开始执行
[05:20:52.805] [INFO] 自动检测到 PC IP: 192.168.1.89
[05:20:52.806]     - 执行模块: rtmp
[05:20:52.806] [INFO] 检查 RTMP 服务端 (nginx-rtmp) 是否监听 :1935
[05:20:52.806] [INFO] nginx-rtmp 就绪，RTMP 监听 :1935
[05:20:52.806]   RTMP 推流测试: rtmp://192.168.1.89/live/cam / 600s
[05:20:53.203] [INFO] 推流命令已下发，等待 EVB 建连上线...
[05:20:56.210] [INFO] 已在独立终端窗口启动 ffplay 画面确认 (/usr/bin/gnome-terminal)
[05:20:56.211] [INFO] ffprobe 探测 RTMP 流: rtmp://192.168.1.89/live/cam
[05:21:02.652] [INFO] 推流保持 600s（持续 heartbeat 检测，阈值 30s）...
[05:21:32.682] [INFO]   推流已保持 30/600s ...
[05:22:02.711] [INFO]   推流已保持 60/600s ...
[05:22:32.741] [INFO]   推流已保持 90/600s ...
[05:23:02.772] [INFO]   推流已保持 120/600s ...
[05:23:32.803] [INFO]   推流已保持 150/600s ...
[05:24:02.833] [INFO]   推流已保持 180/600s ...
[05:24:32.863] [INFO]   推流已保持 210/600s ...
[05:25:02.893] [INFO]   推流已保持 240/600s ...
[05:25:32.922] [INFO]   推流已保持 270/600s ...
[05:26:02.954] [INFO]   推流已保持 300/600s ...
[05:26:32.985] [INFO]   推流已保持 330/600s ...
[05:27:03.017] [INFO]   推流已保持 360/600s ...
[05:27:33.049] [INFO]   推流已保持 390/600s ...
[05:28:03.080] [INFO]   推流已保持 420/600s ...
[05:28:33.111] [INFO]   推流已保持 450/600s ...
[05:29:03.144] [INFO]   推流已保持 480/600s ...
[05:29:33.174] [INFO]   推流已保持 510/600s ...
[05:30:03.204] [INFO]   推流已保持 540/600s ...
[05:30:33.237] [INFO]   推流已保持 570/600s ...
[05:31:03.266] [INFO]   推流已保持 600/600s ...
[05:31:03.368] [PASS] rtmp (610561ms) - 推流验证通过: h264 1296x2304 (ffprobe 实时探测)，持续 0s 稳定
[05:31:03.368] <<< 模块 [rtmp] 结束，耗时 610.6s（结果 PASS）
[05:31:03.388] ==================================================
[05:31:03.388] 测试完成：共 8 项 | 通过 6 | 失败 0 | 跳过 2 | 错误 0 | 通过率 75.0% | 总耗时 983.0s
[05:31:03.388] ==================================================
[05:31:03.388] [INFO]   json 报告: reports/20260820_051412/result.json
[05:31:03.388] [INFO]   junit 报告: reports/20260820_051412/junit.xml
[05:31:03.388] [INFO]   html 报告: reports/20260820_051412/report.html
[05:31:13.355] [DEBUG] 串口已关闭
