[03:18:23.988] [INFO] VX100 EVB 自动化测试启动，运行时间戳: 20260819_031823
[03:18:23.989] [INFO] 启用模块: ['wifi_check', 'wifi_scan', 'wifi_join', 'emmc', 'ftp', 'photo', 'video', 'rtmp']
[03:18:23.989] [INFO] 开始自动探测 EVB 串口，候选端口 ['/dev/ttyUSB1']，候选波特率 [2000000, 250000, 115200, 921600]
[03:18:23.989] [DEBUG] 探测 /dev/ttyUSB1 @ 2000000 ...
[03:18:26.299] [INFO]   命中 EVB 指纹: /dev/ttyUSB1 @ 2000000
[03:18:26.299] [INFO] 探测到 EVB: /dev/ttyUSB1 @ 2000000
[03:18:26.302] [INFO] 串口已打开: /dev/ttyUSB1 @ 2000000 bps
[03:18:28.304] [INFO] EVB 已就绪
[03:18:30.307] [DEBUG] 串口自检通过
[03:18:30.307] [INFO] 预清理板子状态...
[03:18:37.519] [INFO] 使用默认 WiFi: SW-test-2.4G
[03:18:46.324] [INFO] WiFi 连接成功: SW-test-2.4G / IP=192.168.1.101
[03:18:51.330] [INFO] 本次执行模块顺序: ['wifi_check', 'wifi_scan', 'wifi_join', 'emmc', 'ftp', 'photo', 'video', 'rtmp']
[03:18:51.331] >>> 模块 [wifi_check] 开始执行
[03:18:51.331]     - 执行模块: wifi_check
[03:18:53.353] [PASS] wifi_check (2022ms) - 已联网，IP=192.168.1.101（跳过 wifi scan/join）
[03:18:53.354] <<< 模块 [wifi_check] 结束，耗时 2.0s（结果 PASS）
[03:18:53.354] >>> 模块 [wifi_scan] 开始执行
[03:18:53.354]     - 执行模块: wifi_scan
[03:18:53.354] [SKIP] wifi_scan (0ms) - WiFi 已连接（IP=192.168.1.101），跳过扫描测试
[03:18:53.354] <<< 模块 [wifi_scan] 结束，耗时 0.0s（结果 SKIP）
[03:18:53.354] >>> 模块 [wifi_join] 开始执行
[03:18:53.354]     - 执行模块: wifi_join
[03:18:53.354] [SKIP] wifi_join (0ms) - WiFi 已连接 (SW-test-2.4G/192.168.1.101)，跳过 join 测试
[03:18:53.354] <<< 模块 [wifi_join] 结束，耗时 0.0s（结果 SKIP）
[03:18:53.354] >>> 模块 [emmc] 开始执行
[03:18:53.354]     - 执行模块: emmc
[03:18:55.355] [PASS] emmc (2001ms) - 已进入 /emmc（自动挂载）
[03:18:55.356] <<< 模块 [emmc] 结束，耗时 2.0s（结果 PASS）
[03:18:55.356] >>> 模块 [ftp] 开始执行
[03:18:55.356]     - 执行模块: ftp
[03:19:01.491] [DEBUG] FTP 已连接 192.168.1.101:21 (尝试 1)
[03:19:01.707] [PASS] ftp (6351ms) - FTP 已连接 192.168.1.101，/emmc 列出 4 项
[03:19:01.708] <<< 模块 [ftp] 结束，耗时 6.4s（结果 PASS）
[03:19:01.717] >>> 模块 [photo] 开始执行
[03:19:01.717]     - 执行模块: photo
[03:19:01.830] [DEBUG] FTP 已连接 192.168.1.101:21 (尝试 1)
[03:19:01.831] [DEBUG] FTP 已重新连接
[03:19:01.831]   拍照测试: 模式 auto
[03:19:08.557] [DEBUG] FTP 已连接 192.168.1.101:21 (尝试 1)
[03:19:08.557] [DEBUG] FTP 已重新连接
[03:19:08.978] [DEBUG] FTP 已连接 192.168.1.101:21 (尝试 1)
[03:19:30.196] [WARN] 下载异常(尝试1/2)，已传595KB: timed out
[03:19:30.415] [DEBUG] FTP 已连接 192.168.1.101:21 (尝试 1)
[03:19:31.022] [PASS] photo[auto] (29190ms) - JPEG OK 1271KB | 拍照成功，保存到 /emmc/PIC/20260101_000041_1435 | 已下载到 logs/20260819_031823/photos/auto_20260101_000041_1435_Image_20260101_000041_1435_0.jpg
[03:19:31.022] <<< 模块 [photo] 结束，耗时 29.3s（结果 PASS）
[03:19:31.022] >>> 模块 [video] 开始执行
[03:19:31.022]     - 执行模块: video
[03:19:31.142] [DEBUG] FTP 已连接 192.168.1.101:21 (尝试 1)
[03:19:31.143] [DEBUG] FTP 已重新连接
[03:19:31.143]   录像测试: 1080p / 180s
[03:19:33.725] [INFO] 拍摄开始（1080p / 180s）...
[03:22:34.289] [INFO] 拍摄结束，耗时 180.6s
[03:22:34.419] [DEBUG] FTP 已连接 192.168.1.101:21 (尝试 1)
[03:22:34.419] [DEBUG] FTP 已重新连接
[03:22:34.734] [INFO] FTP 开始下载视频: /emmc/VIDEO/20260101_000110_0702/Video_0702_0.h265 (399038KB) -> logs/20260819_031823/videos/Video_0702_0.h265
[03:22:34.839] [DEBUG] FTP 已连接 192.168.1.101:21 (尝试 1)
[03:25:08.132] [INFO] FTP 下载完成，耗时 153.4s
[03:25:08.132] [PASS] video (336989ms) - 录像成功，文件 /emmc/VIDEO/20260101_000110_0702/Video_0702_0.h265，399038KB | 已下载到 logs/20260819_031823/videos/Video_0702_0.h265
[03:25:08.132] <<< 模块 [video] 结束，耗时 337.1s（结果 PASS）
[03:25:08.132] >>> 模块 [rtmp] 开始执行
[03:25:08.133] [INFO] 自动检测到 PC IP: 192.168.1.89
[03:25:08.133]     - 执行模块: rtmp
[03:25:08.133] [INFO] 检查 RTMP 服务端 (nginx-rtmp) 是否监听 :1935
[03:25:08.133] [INFO] nginx-rtmp 就绪，RTMP 监听 :1935
[03:25:08.133]   RTMP 推流测试: rtmp://192.168.1.89/live/cam / 600s
[03:25:08.437] [INFO] 推流命令已下发，等待 EVB 建连上线...
[03:25:11.445] [INFO] 已在独立终端窗口启动 ffplay 画面确认 (/usr/bin/gnome-terminal)
[03:25:11.445] [INFO] ffprobe 探测 RTMP 流: rtmp://192.168.1.89/live/cam
[03:25:18.039] [INFO] 推流保持 600s（ffplay 画面可手动关闭，不影响测试）...
[03:25:48.066] [INFO]   推流已保持 30/600s ...
[03:26:18.096] [INFO]   推流已保持 60/600s ...
[03:26:48.126] [INFO]   推流已保持 90/600s ...
[03:27:18.156] [INFO]   推流已保持 120/600s ...
[03:27:48.186] [INFO]   推流已保持 150/600s ...
[03:28:18.189] [INFO]   推流已保持 180/600s ...
[03:28:48.219] [INFO]   推流已保持 210/600s ...
[03:29:18.250] [INFO]   推流已保持 240/600s ...
[03:29:48.278] [INFO]   推流已保持 270/600s ...
[03:30:18.306] [INFO]   推流已保持 300/600s ...
[03:30:48.323] [INFO]   推流已保持 330/600s ...
[03:31:18.350] [INFO]   推流已保持 360/600s ...
[03:31:48.357] [INFO]   推流已保持 390/600s ...
[03:32:18.387] [INFO]   推流已保持 420/600s ...
[03:32:48.414] [INFO]   推流已保持 450/600s ...
[03:33:18.442] [INFO]   推流已保持 480/600s ...
[03:33:48.473] [INFO]   推流已保持 510/600s ...
[03:34:18.502] [INFO]   推流已保持 540/600s ...
[03:34:48.505] [INFO]   推流已保持 570/600s ...
[03:35:18.507] [INFO]   推流已保持 600/600s ...
[03:35:26.712] [PASS] rtmp (618578ms) - 推流验证通过: h264 1296x2304 (ffprobe 实时探测)
[03:35:26.712] <<< 模块 [rtmp] 结束，耗时 618.6s（结果 PASS）
[03:35:26.732] ==================================================
[03:35:26.732] 测试完成：共 8 项 | 通过 6 | 失败 0 | 跳过 2 | 错误 0 | 通过率 75.0% | 总耗时 995.1s
[03:35:26.732] ==================================================
[03:35:26.732] [INFO]   json 报告: reports/20260819_031823/result.json
[03:35:26.732] [INFO]   junit 报告: reports/20260819_031823/junit.xml
[03:35:26.732] [INFO]   html 报告: reports/20260819_031823/report.html
[03:35:27.504] [DEBUG] 串口已关闭
