[06:41:41.769] TX> 
[06:41:42.770] TX> 
[06:41:43.770] RX< 
[06:41:43.770] RX< msh />
[06:41:43.770] RX< msh />
[06:41:43.772] TX> wifi disc
[06:41:43.772] TX> echo "__EVBTEST_END_f87ec5fe__"
[06:41:45.772] RX< wifi disc
[06:41:45.772] RX< [32m[I/WLAN.mgnt] disconnect success![0m
[06:41:45.772] RX< msh />echo "__EVBTEST_END_f87ec5fe__"
[06:41:45.772] RX< __EVBTEST_END_f87ec5fe__
[06:41:45.772] RX< msh />
[06:41:47.781] TX> wifi join G-Demo Gdemo@123
[06:41:47.781] TX> echo "__EVBTEST_END_63a7dc57__"
[06:41:49.777] RX< wifi join G-Demo Gdemo@123
[06:41:53.781] RX< [32m[I/WLAN.mgnt] wifi connect success ssid:G-Demo[0m
[06:41:53.781] RX< msh />echo "__EVBTEST_END_63a7dc57__"
[06:41:53.781] RX< __EVBTEST_END_63a7dc57__
[06:41:53.781] RX< msh />
[06:41:55.781] RX< [32m[I/WLAN.lwip] Got IP address : 10.1.90.71[0m
