[03:07:53.502] [INFO] VX100 EVB 自动化测试启动，运行时间戳: 20260820_030753
[03:07:53.502] [INFO] 启用模块: ['wifi_check', 'wifi_scan', 'wifi_join', 'emmc', 'ftp', 'photo', 'video', 'rtmp']
[03:07:53.502] [INFO] 开始自动探测 EVB 串口，候选端口 ['/dev/ttyUSB1']，候选波特率 [2000000, 250000, 115200, 921600]
[03:07:53.502] [DEBUG] 探测 /dev/ttyUSB1 @ 2000000 ...
[03:07:55.812] [INFO]   命中 EVB 指纹: /dev/ttyUSB1 @ 2000000
[03:07:55.812] [INFO] 探测到 EVB: /dev/ttyUSB1 @ 2000000
[03:07:55.815] [INFO] 串口已打开: /dev/ttyUSB1 @ 2000000 bps
[03:07:57.817] [INFO] EVB 已就绪
[03:07:59.820] [DEBUG] 串口自检通过
[03:07:59.828] [INFO] 预清理板子状态...
[03:08:12.503] [INFO] 使用默认 WiFi: SW-test-2.4G
[03:08:21.842] [INFO] WiFi 连接成功: SW-test-2.4G / IP=192.168.1.101
[03:08:26.846] [INFO] 本次执行模块顺序: ['wifi_check', 'wifi_scan', 'wifi_join', 'emmc', 'ftp', 'photo', 'video', 'rtmp']
[03:08:26.846] >>> 模块 [wifi_check] 开始执行
[03:08:26.846]     - 执行模块: wifi_check
[03:08:28.869] [PASS] wifi_check (2022ms) - 已联网，IP=192.168.1.101（跳过 wifi scan/join）
[03:08:28.869] <<< 模块 [wifi_check] 结束，耗时 2.0s（结果 PASS）
[03:08:28.869] >>> 模块 [wifi_scan] 开始执行
[03:08:28.869]     - 执行模块: wifi_scan
[03:08:28.870] [SKIP] wifi_scan (0ms) - WiFi 已连接（IP=192.168.1.101），跳过扫描测试
[03:08:28.870] <<< 模块 [wifi_scan] 结束，耗时 0.0s（结果 SKIP）
[03:08:28.870] >>> 模块 [wifi_join] 开始执行
[03:08:28.870]     - 执行模块: wifi_join
[03:08:28.870] [SKIP] wifi_join (0ms) - WiFi 已连接 (SW-test-2.4G/192.168.1.101)，跳过 join 测试
[03:08:28.870] <<< 模块 [wifi_join] 结束，耗时 0.0s（结果 SKIP）
[03:08:28.870] >>> 模块 [emmc] 开始执行
[03:08:28.870]     - 执行模块: emmc
[03:08:30.871] [PASS] emmc (2000ms) - 已进入 /emmc（自动挂载）
[03:08:30.871] <<< 模块 [emmc] 结束，耗时 2.0s（结果 PASS）
[03:08:30.871] >>> 模块 [ftp] 开始执行
[03:08:30.871]     - 执行模块: ftp
[03:08:37.015] [DEBUG] FTP 已连接 192.168.1.101:21 (尝试 1)
[03:08:37.241] [PASS] ftp (6370ms) - FTP 已连接 192.168.1.101，/emmc 列出 4 项
[03:08:37.242] <<< 模块 [ftp] 结束，耗时 6.4s（结果 PASS）
[03:08:37.242] >>> 模块 [photo] 开始执行
[03:08:37.242]     - 执行模块: photo
[03:08:37.363] [DEBUG] FTP 已连接 192.168.1.101:21 (尝试 1)
[03:08:37.363] [DEBUG] FTP 已重新连接
[03:08:37.363]   拍照测试: 模式 auto
[03:08:43.252] [DEBUG] FTP 已连接 192.168.1.101:21 (尝试 1)
[03:08:43.252] [DEBUG] FTP 已重新连接
[03:08:43.733] [DEBUG] FTP 已连接 192.168.1.101:21 (尝试 1)
[03:08:44.952] [PASS] photo[auto] (7588ms) - JPEG OK 1452KB | 拍照成功，保存到 /emmc/PIC/20260101_000049_9017 | 已下载到 logs/20260820_030753/photos/auto_20260101_000049_9017_Image_20260101_000049_9017_0.jpg
[03:08:44.952] <<< 模块 [photo] 结束，耗时 7.7s（结果 PASS）
[03:08:44.952] >>> 模块 [video] 开始执行
[03:08:44.952]     - 执行模块: video
[03:08:45.072] [DEBUG] FTP 已连接 192.168.1.101:21 (尝试 1)
[03:08:45.072] [DEBUG] FTP 已重新连接
[03:08:45.072]   录像测试: 1080p / 180s
[03:08:47.150] [INFO] 拍摄开始（1080p / 180s）...
[03:11:47.592] [INFO] 拍摄结束，耗时 180.4s
[03:11:47.713] [DEBUG] FTP 已连接 192.168.1.101:21 (尝试 1)
[03:11:47.713] [DEBUG] FTP 已重新连接
[03:11:48.013] [INFO] FTP 开始下载视频: /emmc/VIDEO/20260101_000056_6194/Video_6194_0.h265 (399078KB) -> logs/20260820_030753/videos/Video_6194_0.h265
[03:11:48.133] [DEBUG] FTP 已连接 192.168.1.101:21 (尝试 1)
[03:14:43.624] [INFO] FTP 下载完成，耗时 175.6s
[03:14:43.625] [PASS] video (358552ms) - 录像成功，文件 /emmc/VIDEO/20260101_000056_6194/Video_6194_0.h265，399078KB | 已下载到 logs/20260820_030753/videos/Video_6194_0.h265
[03:14:43.625] <<< 模块 [video] 结束，耗时 358.7s（结果 PASS）
[03:14:43.625] >>> 模块 [rtmp] 开始执行
[03:14:43.625] [INFO] 自动检测到 PC IP: 192.168.1.89
[03:14:43.625]     - 执行模块: rtmp
[03:14:43.625] [INFO] 检查 RTMP 服务端 (nginx-rtmp) 是否监听 :1935
[03:14:43.626] [INFO] nginx-rtmp 就绪，RTMP 监听 :1935
[03:14:43.626]   RTMP 推流测试: rtmp://192.168.1.89/live/cam / 600s
[03:14:44.102] [INFO] 推流命令已下发，等待 EVB 建连上线...
[03:14:47.110] [INFO] 已在独立终端窗口启动 ffplay 画面确认 (/usr/bin/gnome-terminal)
[03:14:47.110] [INFO] ffprobe 探测 RTMP 流: rtmp://192.168.1.89/live/cam
[03:14:53.845] [INFO] 推流保持 600s（ffplay 画面可手动关闭，不影响测试）...
[03:15:23.874] [INFO]   推流已保持 30/600s ...
[03:15:53.904] [INFO]   推流已保持 60/600s ...
[03:16:23.934] [INFO]   推流已保持 90/600s ...
[03:16:53.962] [INFO]   推流已保持 120/600s ...
[03:17:23.990] [INFO]   推流已保持 150/600s ...
[03:17:54.018] [INFO]   推流已保持 180/600s ...
[03:18:24.048] [INFO]   推流已保持 210/600s ...
[03:18:54.078] [INFO]   推流已保持 240/600s ...
[03:19:24.088] [INFO]   推流已保持 270/600s ...
[03:19:54.118] [INFO]   推流已保持 300/600s ...
[03:20:24.148] [INFO]   推流已保持 330/600s ...
[03:20:54.178] [INFO]   推流已保持 360/600s ...
[03:21:24.209] [INFO]   推流已保持 390/600s ...
[03:21:54.210] [INFO]   推流已保持 420/600s ...
[03:22:24.216] [INFO]   推流已保持 450/600s ...
[03:22:54.222] [INFO]   推流已保持 480/600s ...
[03:23:24.253] [INFO]   推流已保持 510/600s ...
[03:23:54.257] [INFO]   推流已保持 540/600s ...
[03:24:24.287] [INFO]   推流已保持 570/600s ...
[03:24:54.317] [INFO]   推流已保持 600/600s ...
[03:25:02.422] [PASS] rtmp (618795ms) - 推流验证通过: h264 1296x2304 (ffprobe 实时探测)
[03:25:02.422] <<< 模块 [rtmp] 结束，耗时 618.8s（结果 PASS）
[03:25:02.445] ==================================================
[03:25:02.445] 测试完成：共 8 项 | 通过 6 | 失败 0 | 跳过 2 | 错误 0 | 通过率 75.0% | 总耗时 995.3s
[03:25:02.445] ==================================================
[03:25:02.445] [INFO]   json 报告: reports/20260820_030753/result.json
[03:25:02.445] [INFO]   junit 报告: reports/20260820_030753/junit.xml
[03:25:02.445] [INFO]   html 报告: reports/20260820_030753/report.html
[03:25:19.561] [INFO] 已记录本次测试问题到: logs/problem/20260820_030753.log
[03:25:20.919] [DEBUG] 串口已关闭
