[04:05:19.533] [INFO] VX100 EVB 自动化测试启动，运行时间戳: 20260819_040519
[04:05:19.533] [INFO] 启用模块: ['wifi_check', 'wifi_scan', 'wifi_join', 'emmc', 'ftp', 'photo', 'video', 'rtmp']
[04:05:19.533] [INFO] 开始自动探测 EVB 串口，候选端口 ['/dev/ttyUSB1']，候选波特率 [2000000, 250000, 115200, 921600]
[04:05:19.533] [DEBUG] 探测 /dev/ttyUSB1 @ 2000000 ...
[04:05:21.843] [INFO]   命中 EVB 指纹: /dev/ttyUSB1 @ 2000000
[04:05:21.843] [INFO] 探测到 EVB: /dev/ttyUSB1 @ 2000000
[04:05:21.847] [INFO] 串口已打开: /dev/ttyUSB1 @ 2000000 bps
[04:05:23.849] [INFO] EVB 已就绪
[04:05:25.852] [DEBUG] 串口自检通过
[04:05:25.852] [INFO] 预清理板子状态...
[04:05:35.564] [INFO] 使用默认 WiFi: SW-test-2.4G
[04:05:43.870] [INFO] WiFi 连接成功: SW-test-2.4G / IP=192.168.1.101
[04:05:48.876] [INFO] 本次执行模块顺序: ['wifi_check', 'wifi_scan', 'wifi_join', 'emmc', 'ftp', 'photo', 'video', 'rtmp']
[04:05:48.876] >>> 模块 [wifi_check] 开始执行
[04:05:48.876]     - 执行模块: wifi_check
[04:05:50.899] [PASS] wifi_check (2022ms) - 已联网，IP=192.168.1.101（跳过 wifi scan/join）
[04:05:50.899] <<< 模块 [wifi_check] 结束，耗时 2.0s（结果 PASS）
[04:05:50.899] >>> 模块 [wifi_scan] 开始执行
[04:05:50.899]     - 执行模块: wifi_scan
[04:05:50.900] [SKIP] wifi_scan (0ms) - WiFi 已连接（IP=192.168.1.101），跳过扫描测试
[04:05:50.900] <<< 模块 [wifi_scan] 结束，耗时 0.0s（结果 SKIP）
[04:05:50.900] >>> 模块 [wifi_join] 开始执行
[04:05:50.900]     - 执行模块: wifi_join
[04:05:50.900] [SKIP] wifi_join (0ms) - WiFi 已连接 (SW-test-2.4G/192.168.1.101)，跳过 join 测试
[04:05:50.900] <<< 模块 [wifi_join] 结束，耗时 0.0s（结果 SKIP）
[04:05:50.900] >>> 模块 [emmc] 开始执行
[04:05:50.900]     - 执行模块: emmc
[04:05:52.901] [PASS] emmc (2000ms) - 已进入 /emmc（自动挂载）
[04:05:52.901] <<< 模块 [emmc] 结束，耗时 2.0s（结果 PASS）
[04:05:52.902] >>> 模块 [ftp] 开始执行
[04:05:52.902]     - 执行模块: ftp
[04:05:59.045] [DEBUG] FTP 已连接 192.168.1.101:21 (尝试 1)
[04:05:59.310] [PASS] ftp (6407ms) - FTP 已连接 192.168.1.101，/emmc 列出 4 项
[04:05:59.310] <<< 模块 [ftp] 结束，耗时 6.4s（结果 PASS）
[04:05:59.310] >>> 模块 [photo] 开始执行
[04:05:59.310]     - 执行模块: photo
[04:05:59.462] [DEBUG] FTP 已连接 192.168.1.101:21 (尝试 1)
[04:05:59.462] [DEBUG] FTP 已重新连接
[04:05:59.463]   拍照测试: 模式 auto
[04:06:05.336] [DEBUG] FTP 已连接 192.168.1.101:21 (尝试 1)
[04:06:05.336] [DEBUG] FTP 已重新连接
[04:06:05.742] [DEBUG] FTP 已连接 192.168.1.101:21 (尝试 1)
[04:06:06.591] [PASS] photo[auto] (7127ms) - JPEG OK 1215KB | 拍照成功，保存到 /emmc/PIC/20260101_000108_8205 | 已下载到 logs/20260819_040519/photos/auto_20260101_000108_8205_Image_20260101_000108_8205_0.jpg
[04:06:06.591] <<< 模块 [photo] 结束，耗时 7.3s（结果 PASS）
[04:06:06.591] >>> 模块 [video] 开始执行
[04:06:06.591]     - 执行模块: video
[04:06:06.708] [DEBUG] FTP 已连接 192.168.1.101:21 (尝试 1)
[04:06:06.708] [DEBUG] FTP 已重新连接
[04:06:06.709]   录像测试: 1080p / 180s
[04:06:09.220] [INFO] 拍摄开始（1080p / 180s）...
[04:09:09.763] [INFO] 拍摄结束，耗时 180.5s
[04:09:09.870] [DEBUG] FTP 已连接 192.168.1.101:21 (尝试 1)
[04:09:09.870] [DEBUG] FTP 已重新连接
[04:09:10.168] [INFO] FTP 开始下载视频: /emmc/VIDEO/20260101_000115_5425/Video_5425_0.h265 (397595KB) -> logs/20260819_040519/videos/Video_5425_0.h265
[04:09:10.284] [DEBUG] FTP 已连接 192.168.1.101:21 (尝试 1)
[04:11:42.532] [INFO] FTP 下载完成，耗时 152.4s
[04:11:42.532] [PASS] video (335823ms) - 录像成功，文件 /emmc/VIDEO/20260101_000115_5425/Video_5425_0.h265，397595KB | 已下载到 logs/20260819_040519/videos/Video_5425_0.h265
[04:11:42.532] <<< 模块 [video] 结束，耗时 335.9s（结果 PASS）
[04:11:42.532] >>> 模块 [rtmp] 开始执行
[04:11:42.532] [INFO] 自动检测到 PC IP: 192.168.1.89
[04:11:42.533]     - 执行模块: rtmp
[04:11:42.533] [INFO] 检查 RTMP 服务端 (nginx-rtmp) 是否监听 :1935
[04:11:42.533] [INFO] nginx-rtmp 就绪，RTMP 监听 :1935
[04:11:42.533]   RTMP 推流测试: rtmp://192.168.1.89/live/cam / 600s
[04:11:42.837] [INFO] 推流命令已下发，等待 EVB 建连上线...
[04:11:45.845] [INFO] 已在独立终端窗口启动 ffplay 画面确认 (/usr/bin/gnome-terminal)
[04:11:45.845] [INFO] ffprobe 探测 RTMP 流: rtmp://192.168.1.89/live/cam
[04:11:52.764] [INFO] 推流保持 600s（ffplay 画面可手动关闭，不影响测试）...
[04:12:22.792] [INFO]   推流已保持 30/600s ...
[04:12:52.822] [INFO]   推流已保持 60/600s ...
[04:13:22.850] [INFO]   推流已保持 90/600s ...
[04:13:52.878] [INFO]   推流已保持 120/600s ...
[04:14:22.906] [INFO]   推流已保持 150/600s ...
[04:14:52.934] [INFO]   推流已保持 180/600s ...
[04:15:22.962] [INFO]   推流已保持 210/600s ...
[04:15:52.990] [INFO]   推流已保持 240/600s ...
[04:16:23.014] [INFO]   推流已保持 270/600s ...
[04:16:53.044] [INFO]   推流已保持 300/600s ...
[04:17:23.074] [INFO]   推流已保持 330/600s ...
[04:17:53.102] [INFO]   推流已保持 360/600s ...
[04:18:23.133] [INFO]   推流已保持 390/600s ...
[04:18:53.162] [INFO]   推流已保持 420/600s ...
[04:19:23.190] [INFO]   推流已保持 450/600s ...
[04:19:53.218] [INFO]   推流已保持 480/600s ...
[04:20:23.246] [INFO]   推流已保持 510/600s ...
[04:20:53.274] [INFO]   推流已保持 540/600s ...
[04:21:23.283] [INFO]   推流已保持 570/600s ...
[04:21:53.310] [INFO]   推流已保持 600/600s ...
[04:22:01.521] [PASS] rtmp (618987ms) - 推流验证通过: h264 1296x2304 (ffprobe 实时探测)
[04:22:01.521] <<< 模块 [rtmp] 结束，耗时 619.0s（结果 PASS）
[04:22:01.545] ==================================================
[04:22:01.545] 测试完成：共 8 项 | 通过 6 | 失败 0 | 跳过 2 | 错误 0 | 通过率 75.0% | 总耗时 972.4s
[04:22:01.545] ==================================================
[04:22:01.545] [INFO]   json 报告: reports/20260819_040519/result.json
[04:22:01.545] [INFO]   junit 报告: reports/20260819_040519/junit.xml
[04:22:01.545] [INFO]   html 报告: reports/20260819_040519/report.html
[04:22:02.580] [DEBUG] 串口已关闭
