[22:57:26.348] TX> 
[22:57:27.350] TX> 
[22:57:28.348] RX< 
[22:57:28.348] RX< msh />
[22:57:28.348] RX< msh />
[22:57:28.552] TX> echo "EVBTEST_HELLO"
[22:57:28.552] TX> echo "__EVBTEST_END_85423655__"
[22:57:30.351] RX< echo "EVBTEST_HELLO"
[22:57:30.351] RX< EVBTEST_HELLO
[22:57:30.351] RX< msh />echo "__EVBTEST_END_85423655__"
[22:57:30.351] RX< __EVBTEST_END_85423655__
[22:57:30.351] RX< msh />
[22:57:30.555] TX> cd /
[22:57:30.555] TX> echo "__EVBTEST_END_f6d55fcb__"
[22:57:32.354] RX< cd /
[22:57:32.354] RX< msh />echo "__EVBTEST_END_f6d55fcb__"
[22:57:32.354] RX< __EVBTEST_END_f6d55fcb__
[22:57:32.354] RX< msh />
[22:57:32.557] TX> dfs_video_stop
[22:57:32.557] TX> echo "__EVBTEST_END_ac2a8c6c__"
[22:57:34.356] RX< dfs_video_stop
[22:57:34.356] RX< [6] [App Dfs] Please start recording the video first.
[22:57:34.356] RX< msh />echo "__EVBTEST_END_ac2a8c6c__"
[22:57:34.356] RX< __EVBTEST_END_ac2a8c6c__
[22:57:34.356] RX< msh />
[22:57:41.994] RX< wifi scan
[22:57:41.994] RX<              SSID                      MAC            security    rssi chn Mbps
[22:57:41.994] RX< ------------------------------- -----------------  -------------- ---- --- ----
[22:57:41.994] RX< gravityXR                       f4:e4:51:83:d3:10  WPA2_AES_PSK   -41    1  144
[22:57:41.994] RX<  Gwi
[22:57:42.119] TX> wifi scan
[22:57:42.119] TX> echo "__EVBTEST_END_82e721a3__"
[22:57:42.217] RX< reless                      f4:e4:51:83:d3:11  WPA2_AES_PSK   -38    1  144
[22:57:42.217] RX< G-Demo                          f4:e4:51:83:d3:12  WPA2_AES_PSK   -40    1  144
[22:57:42.217] RX< HUAWEI-X1E3WU                   42:17:a3:f1:cf:49  WPA2_AES_PSK   -45    1  144
[22:57:42.217] RX< alk              
[22:57:42.509] RX<                04:bd:70:6f:de:60  WPA2_AES_PSK   -63    6   72
[22:57:42.509] RX< ftp_test_2_4G                   62:ed:11:f2:02:a7  WPA2_AES_PSK   -44    8  144
[22:57:42.509] RX< gravityXR                       f4:e4:51:83:d5:50  WPA2_AES_PSK   -48   13  144
[22:57:42.509] RX<  Gwireless                    
[22:57:42.631] RX<   f4:e4:51:83:d5:51  WPA2_AES_PSK   -48   13  144
[22:57:42.631] RX< G-Demo                          f4:e4:51:83:d5:52  WPA2_AES_PSK   -48   13  144
[22:57:42.631] RX< SW-test-2.4G                    f8:ce:21:8b:a6:fc  WPA2_AES_PSK   3     13  600
[22:57:42.631] RX< ftp_hw_2_4g                     e2:19:01:17
[22:57:43.801] RX< :87:d1  WPA2_AES_PSK   -57    1  144
[22:57:43.801] RX< GTS_24G                         a4:a9:30:fb:94:34  WPA2_AES_PSK   -56   11  288
[22:57:43.801] RX< DIRECT-9Q-客厅电视          66:6b:e7:66:5c:be  WPA2_AES_PSK   -54   11  144
[22:57:43.801] RX< YundSoft                        48:5f:08:fd:af:2d  WPA2_
[22:57:45.803] RX< AES_PSK   -61   11  300
[22:57:45.803] RX< MTK_CHEETAH_AP_2.4G             e0:ef:02:71:f5:71  OPEN           -63   13  300
[22:57:45.803] RX< msh />echo "__EVBTEST_END_82e721a3__"
[22:57:45.803] RX< __EVBTEST_END_82e721a3__
[22:57:45.803] RX< msh />
[22:58:00.490] TX> wifi join SW-test-2.4G tuf@3600
[22:58:00.490] TX> echo "__EVBTEST_END_76bcfeda__"
[22:58:01.820] RX< wifi join SW-test-2.4G tuf@3600
[22:58:05.823] RX< [32m[I/WLAN.mgnt] wifi connect success ssid:SW-test-2.4G[0m
[22:58:05.823] RX< msh />echo "__EVBTEST_END_76bcfeda__"
[22:58:05.823] RX< __EVBTEST_END_76bcfeda__
[22:58:05.823] RX< msh />
[22:58:09.828] RX< [32m[I/WLAN.lwip] Got IP address : 192.168.1.101[0m
[22:58:14.836] RX< ifconfig
[22:58:14.836] RX< network interface device: w0 (Default)
[22:58:14.836] RX< MTU: 1500
[22:58:14.836] RX< MAC: 8c ea 12 ba a8 2c 
[22:58:14.836] RX< FLAGS: UP LINK_UP INTERNET_DOWN DHCP_ENABLE ETHARP BROADCAST IGMP
[22:58:14.836] RX< ip address: 192.168.1.101
[22:58:14.836] RX< gw address: 192.168.1.3
[22:58:14.836] RX< net mask  : 255.255.255.0
[22:58:14.836] RX< dns server #0: 192.168.1.3
[22:58:14.852] RX< dns server #1: 0.0.0.0
[22:58:14.852] RX< 
[22:58:14.852] RX< network interface device: w1
[22:58:14.852] RX< MTU: 1500
[22:58:14.852] RX< MAC: 8e ea 12 ba a8 2c 
[22:58:14.852] RX< FLAGS: UP LINK_DOWN INTERNET_DOWN DHCP_ENABLE ETHARP BROADCAST IGMP
[22:58:14.852] RX< ip address: 0.0.0.0
[22:58:14.852] RX< gw address: 0.0.0.0
[22:58:14.852] RX< net mask  : 0.0.0.0
[22:58:14.852] RX< dns server #0: 192.168.1.3
[22:58:14.852] RX< dns serv
[22:58:15.035] TX> ifconfig
[22:58:15.035] TX> echo "__EVBTEST_END_c9168754__"
[22:58:16.854] RX< er #1: 0.0.0.0
[22:58:16.854] RX< msh />echo "__EVBTEST_END_c9168754__"
[22:58:16.854] RX< __EVBTEST_END_c9168754__
[22:58:16.854] RX< msh />
[22:58:17.058] TX> cd /emmc
[22:58:17.058] TX> echo "__EVBTEST_END_aa8bd04b__"
[22:58:18.855] RX< cd /emmc
[22:58:18.855] RX< msh /emmc>echo "__EVBTEST_END_aa8bd04b__"
[22:58:18.855] RX< __EVBTEST_END_aa8bd04b__
[22:58:18.855] RX< msh /emmc>
[22:58:19.059] TX> ftp_server
[22:58:19.059] TX> echo "__EVBTEST_END_8978c4e5__"
[22:58:20.858] RX< ftp_server
[22:58:20.858] RX< 
[22:58:20.858] RX< [FTP] Ftp server init success!!!
[22:58:20.858] RX< msh /emmc>echo "__EVBTEST_END_8978c4e5__"
[22:58:20.858] RX< __EVBTEST_END_8978c4e5__
[22:58:20.858] RX< msh /emmc>
[22:58:24.862] RX< [32m[I/ftp] service launched success.[0m
[22:58:25.547] TX> cam_set photo auto
[22:58:25.547] TX> echo "__EVBTEST_END_dbbfa0a7__"
[22:58:26.864] RX< cam_set photo auto
[22:58:26.864] RX< [6] [App Dfs] auto mode
[22:58:26.864] RX< msh /emmc>echo "__EVBTEST_END_dbbfa0a7__"
[22:58:26.864] RX< __EVBTEST_END_dbbfa0a7__
[22:58:26.864] RX< msh /emmc>
[22:58:27.879] RX< dfs_capture_start
[22:58:27.879] RX< [7] [cam] [65413][tshell][cgm_parse_bin:104]total logical camera num: 1
[22:58:27.879] RX< [6] [cam] [65413][tshell][cam_prelude_create:187]E id, 0
[22:58:27.879] RX< [7] [cam] [65414][cpl0][cam_prelude_proc_routine:101]thread start
[22:58:27.879] RX< [6] [cam] [65414][tshell][cam_prelude_crea
[22:58:27.882] RX< te:214]X ctx size 132 addr 0x884b9758
[22:58:27.882] RX< [6] [cam] [65417][tshell][sensor_probe:418]sensor [1]: identifing 0 success.
[22:58:27.882] RX< [6] [cam] [65418][tshell][sensor_probe:441]sensor [1]: probe exit!
[22:58:27.882] RX< [6] [cam] [65418][tshell][cam_prelude_fast_probe:251]cam: 0 probe result
[22:58:27.882] RX< : 0
[22:58:27.882] RX< [6] [cam] [65418][tshell][cgm_parse_bin:218]cam(0) probe success
[22:58:27.882] RX< [6] [cam] [65419][tshell][cam_entry:455]entry ok
[22:58:27.882] RX< [34m[cam entry] perf=6187(us)!
[22:58:27.882] RX< [0m[6] [App Cam] cam entry success
[22:58:27.882] RX< [7] [cam] [65419][tshell][cam_solve_layout:350][mLayout] param OK, s
[22:58:27.884] RX< cen1 iw4032 ih3024 ow4032 oh3024 gdc 0x0
[22:58:27.884] RX< [36m[mLayout] scen01 in=4032x3024,out=3024x4032 meRot1 stripe1 gdcOn0
[22:58:27.884] RX< [0m[36m[mLayout] scen00 20entries solved status=OK retry=0 rtmp=enabled (cursor0=0x8a02d090 cursor1=0x89417400, ch0/1/2 cnt=7/2/1)
[22:58:27.884] RX< [0m[7] [
[22:58:27.885] RX< cam] [65421][tshell][cam_solve_layout:377]
[22:58:27.885] RX< [mLayout] out vol 0x8c000000 rBuf 0x8ab00000 sz 0x1500000 wBuf 0x8a03da80 sz 0x100000
[22:58:27.885] RX< [7] [cam] [65421][tshell][cam_solve_layout:394]Solve scen1 capType4 layout Done!
[22:58:27.885] RX< [6] [cam] [65422][tshell][cgm_parse_media_par
[22:58:27.887] RX< a:274]phy cam num: 1
[22:58:27.887] RX< [7] [cam] [65423][cer0][cer_recovery_proc:343]thread start cid, 0
[22:58:27.887] RX< [6] [cam] [65423][tshell][csc_open:499]SENSOR MCLK cal: 24MHz
[22:58:27.887] RX< [6] [cam] [65423][tshell][csc_isp_clk_cal:344]MIPI CLK cal: 346MHz
[22:58:27.887] RX< [6] [cam] [65424][tshell][csc_isp_clk_
[22:58:27.887] RX< cal:374]LITE CLK cal: 28MHz
[22:58:27.887] RX< [7] [cam] [65424][tshell][cpc_csi_rx_power_on:633]E id: 2
[22:58:27.887] RX< [4] [cam] [65425][tshell][cpc_csi_rx_power_on:644]csi_2 has already power on, STATUS: 1
[22:58:27.887] RX< [6] [cam] [65425][tshell][cpc_update_clock:603]actual SNS mclk: 24MHz
[22:58:27.887] RX< [6] [cam] 
[22:58:27.893] RX< [65426][tshell][cpc_update_clock:608]actual MIPI0: 500MHz
[22:58:27.893] RX< [6] [cam] [65426][tshell][cpc_update_clock:598]actual LITE clk: 50MHz
[22:58:27.893] RX< [7] [cam] [65426][tshell][cam_prelude_open:297][34msnsOpen camID1 csiID0 phyIdx0[0m
[22:58:27.893] RX< [6] [cam] [65430][tshell][sensor_expo_gai
[22:58:27.893] RX< n_match:48]sensor get sensor expo gain of imx681_vst
[22:58:27.893] RX< [6] [cam] [65430][tshell][sensor_open:684]sensor [1] open OK.
[22:58:27.893] RX< [6] [cam] [65431][tshell][cam_cpm_parse_media:275]photo scenario, media para[mfnr:0, hdr:0, capture_num:0]
[22:58:27.893] RX< [6] [cam] [65431][tshell][cam_cpm
[22:58:27.896] RX< _parse_media:278]photo scenario, media para[iso:0, gain:0, wb_mode:0]
[22:58:27.896] RX< [6] [cam] [65432][tshell][csc_isp_clk_cal:355]FE CLK cal: 426MHz, ME CLK cal: 462MHz, FE/ME CLK cal: 508MHz
[22:58:27.896] RX< [6] [cam] [65432][tshell][csc_isp_clk_cal:364]BE CLK cal: 401MHz
[22:58:27.896] RX< [4] [cam] [
[22:58:27.896] RX< 65433][tshell][cam_fe_core_power_on:269]fe pipe has already power on, STATUS: 1
[22:58:27.896] RX< [6] [cam] [65433][tshell][cpc_update_clock:588]actual FE/ME clk: 550MHz
[22:58:27.896] RX< [4] [cam] [65434][tshell][cam_be_core_power_on:1028]be pipe has already power on, STATUS: 1
[22:58:27.896] RX< [6] [cam] [
[22:58:27.899] RX< 65434][tshell][cpc_update_clock:593]actual BE clk: 500MHz
[22:58:27.899] RX< [7] [cam] [65435][tshell][cam_cpm_core_power_on:435]id,0 type,1 ret 0
[22:58:27.899] RX< [6] [cam] [65435][tshell][cam_cpm_core_init:1017]E id,0 sensor type,1
[22:58:27.899] RX< [6] [cam] [65436][tshell][cpm_core_check_tuningbin:957]T
[22:58:27.900] RX< uning bin crc check PASS! sum 0xfa5abf97, xor 0x6a6c89c1
[22:58:27.900] RX< [6] [cam] [65436][tshell][qpc_tuning_check_iqbin_validness:396]IQ bin addr: 0x8869de60, project_name: capture_12M
[22:58:27.900] RX< [6] [cam] [65437][tshell][qpc_tuning_check_iqbin_validness:397]total_size: 108928
[22:58:27.900] RX< [6
[22:58:27.902] RX< ] [cam] [65438][tshell][qpc_tuning_check_iqbin_validness:398]id_count: 93. ID_TOTAL: 94
[22:58:27.902] RX< [6] [cam] [65438][tshell][qpc_tuning_check_iqbin_validness:399]spinel tuning data ver: V1.30
[22:58:27.902] RX< [6] [cam] [65439][tshell][cpm_core_check_tuningbin:971]IQ bin check succes
[22:58:27.902] RX< s!
[22:58:27.902] RX< [6] [cam] [65439][tshell][cam_bm_core_init:94]E
[22:58:27.902] RX< [6] [cam] [65439][tshell][bm_lab_init:174]X ctx size 4 addr 0x884a9988
[22:58:27.902] RX< [6] [cam] [65440][tshell][cam_bm_core_init:114]X ctx size 180 addr 0x884db930
[22:58:27.902] RX< [6] [cam] [65440][tshell][qpc_core_init:1299]E id,0
[22:58:27.902] RX< [
[22:58:27.909] RX< 6] [cam] [65441][tshell][qpc_queue_init:65]QPC init qnodes 8, size 508, pool 0x884dbf10
[22:58:27.909] RX< [6] [cam] [65441][tshell][_qpc_get_cap_cfg_para:900]preset capCfg 200 3 5
[22:58:27.909] RX< [7] [cam] [65442][tshell][_qpc_cfg_hdr_frms:848]hdr preset - gainThres 1600
[22:58:27.909] RX< FrmNB:	TNR	|EV-	|
[22:58:27.909] RX< EV0	|EV+
[22:58:27.909] RX< LDR:	 0	| 1	| -	| 5
[22:58:27.909] RX< LLLDR:	 0	| 1	| -	| 5
[22:58:27.909] RX< HDR:	 0	| 1	| 5	| 3
[22:58:27.909] RX< LLHDR:	 0	| 1	| 5	| 3
[22:58:27.909] RX< 
[22:58:27.909] RX< [6] [cam] [65447][tshell][qpc_core_init:1347]X ctx size 1288 addr 0x884db9f8
[22:58:27.909] RX< [6] [cam] [65447][tshell][cpm_core_get_param:764]cpm para chk: tunBin-w 4000 h 3000 i
[22:58:27.914] RX< mg-w 4032 h 3024
[22:58:27.914] RX< [6] [cam] [65448][tshell][cam_fe_core_init:436]E id,0
[22:58:27.914] RX< [6] [cam] [65448][tshell][cam_fe_core_init:490]X ctx size 96 addr 0x884ecc50
[22:58:27.914] RX< [7] [cam] [65449][tshell][qpc_core_fe_chords_init:1763][34mqpc fe init snsOut w 4032 h 3024, tbl w 28 h 2
[22:58:27.914] RX< 0[0m
[22:58:27.914] RX< [6] [cam] [65449][tshell][cam_me_core_init:1523]X ctx size 1352 addr 0x884ef000
[22:58:27.914] RX< [34m[ME SLICE CFG] perf=1512(us)!
[22:58:27.914] RX< [0m[6] [cam] [65452][tshell][cam_bayer_fe_3a_stats_core_init:445]fe 3a id,0
[22:58:27.914] RX< [6] [cam] [65452][tshell][cam_bayer_fe_3a_stats_core_init
[22:58:27.917] RX< :490]X ctx size 132 addr 0x884f7a20
[22:58:27.917] RX< [6] [cam] [65453][tshell][cam_be_core_init:621]E id,0
[22:58:27.917] RX< [7] [cam] [65453][be0][be_core_irq_proc:270]thread start cid,0
[22:58:27.917] RX< [6] [cam] [65453][tshell][cam_be_core_init:716]X ctx size 472 addr 0x884f7db0
[22:58:27.917] RX< [6] [cam] [65454][tshel
[22:58:27.917] RX< l][cam_lite_core_init:433]E id,0
[22:58:27.917] RX< [7] [cam] [65454][lite0][lite_core_irq_proc:152]thread start cid,0
[22:58:27.917] RX< [6] [cam] [65454][tshell][cam_lite_core_init:497]X ctx size 164 addr 0x884fa800
[22:58:27.917] RX< [6] [cam] [65455][tshell][awb_wrapper_init:66]xxx awb_bin=0x884de5fc, awb_
[22:58:27.921] RX< bin_length=8068
[22:58:27.921] RX< [6] [cam] [65455][tshell][awb_wrapper_init:86]X algo_handle 0x88502848
[22:58:27.921] RX< [7] [cam] [65456][awb0][a5_core_wrapper_task:252]thread start cid,0 algo type,2
[22:58:27.921] RX< [6] [cam] [65456][tshell][a5_core_init_task:426]thread created: awb0 mq=0x88504908 threa
[22:58:27.921] RX< d=0x88504a20 sem=0x88504898 ret=0
[22:58:27.921] RX< [6] [cam] [65457][tshell][bayer_ae_wrapper_init:68]E id,0 proc mode 1 
[22:58:27.921] RX< 
[22:58:27.921] RX< [AEC Proc] @[allib_ae_set_debug_log_flag] Line:129:[DEBUG] debug level/to_file/to_terminal: 22/1/1
[22:58:27.921] RX< [AEC Proc] @[AeInit] Line:377:[INFO] AE ver: 2026_
[22:58:27.923] RX< V2.269
[22:58:27.923] RX< 
[22:58:27.923] RX< [AEC Proc] @[allib_ae_loadfunc] Line:193:[INFO] camera ID: 0
[22:58:27.923] RX< [AEC Proc] @[AeInit] Line:404:[DEBUG] init imu detector sucessed!
[22:58:27.923] RX< [AEC Proc] @[AeInit] Line:406:[DEBUG] imu init errcode:0
[22:58:27.923] RX< [AEC Proc] @[alAE_set_param] Line:576:[DEBUG] sw_maxtime 33044
[22:58:27.923] RX<  ,pertline 9444, after check sensor step sw_max_time 33039.00
[22:58:27.923] RX< [AEC Proc] @[alAE_set_param] Line:581:[DEBUG] sw_mintime 37 ,pertline 9444, after check sensor step sw_min_time 36.00
[22:58:27.923] RX< [AEC Proc] @[alAE_set_param] Line:514:[DEBUG] DEBUG minbv exptime 9 gain 10
[22:58:27.926] RX< 0, minExpBV 14098
[22:58:27.926] RX< [AEC Proc] @[AeTuningParseSet] Line:167:[DEBUG] aeparam version 2.268 60818
[22:58:27.926] RX< [AEC Proc] @[alAE_set_param] Line:341:[DEBUG] INITEXP gain 100, shutter 8000, midtonegain 100, bv 4303
[22:58:27.926] RX< [6] [cam] [65464][tshell][bayer_ae_wrapper_init:119]X tli
[22:58:27.927] RX< ne 9444 max_exp 33044 alg_hdl 0x885071d0 
[22:58:27.927] RX< [7] [cam] [65464][b_ae0][a5_core_wrapper_task:252]thread start cid,0 algo type,0
[22:58:27.927] RX< [6] [cam] [65465][tshell][a5_core_init_task:426]thread created: b_ae0 mq=0x8850e0f0 thread=0x8850e208 sem=0x8850e080 ret=0
[22:58:27.927] RX< [6] [cam]
[22:58:27.929] RX<  [65465][tshell][atf_wrapper_init:67]E id,0
[22:58:27.929] RX< [6] [cam] [65466][tshell][atf_wrapper_init:107]X alg_ctx addr 0x885106c8
[22:58:27.929] RX< [7] [cam] [65466][atf0][a5_core_wrapper_task:252]thread start cid,0 algo type,1
[22:58:27.929] RX< [6] [cam] [65467][tshell][a5_core_init_task:426]thread cr
[22:58:27.929] RX< eated: atf0 mq=0x88512a20 thread=0x88512b38 sem=0x885129b0 ret=0
[22:58:27.929] RX< [6] [cam] [65467][tshell][cam_cpm_core_init:1149]X ctx size 1096 addr 0x884db4d8
[22:58:27.929] RX< [6] [cam] [65468][tshell][csc_open:599]ok! phys_id[1], phys_num[1] 
[22:58:27.929] RX< [6] [cam] [65468][tshell][cam_open:738]op
[22:58:27.937] RX< en ok! camera_id[0]
[22:58:27.937] RX< [34m[cam open] perf=49053(us)!
[22:58:27.937] RX< [0m[6] [App Cam] cam open success
[22:58:27.937] RX< [6] [cam] [65474][tshell][csc_init:722]sensor info:size:4032x3024, formt: 0x2b, bps: 2496, tline: 9444
[22:58:27.937] RX< [6] [cam] [65474][tshell][cam_sif_mgr_init:261]E id,0
[22:58:27.937] RX< [7] [cam]
[22:58:27.937] RX<  [65475][sif0][sif_irq_proc:151]thread start cid,0
[22:58:27.937] RX< [6] [cam] [65475][tshell][cam_sif_mgr_init:293]X ctx size 52 addr 0x8852bc20
[22:58:27.937] RX< [7] [cam] [65476][tshell][sif_btm_paramSet:102]btm lite w4032 h3024 binEn1 binRatio2
[22:58:27.937] RX< [7] [cam] [65476][tshell][sif_btm_paramSet
[22:58:27.943] RX< :106]cropSlct2 x0 y0 w4032 h4032
[22:58:27.943] RX< [6] [cam] [65477][tshell][cam_prelude_init_cfg:368]CSI ID is 0,  phy lanes is 2.
[22:58:27.943] RX< [7] [cam] [65477][tshell][check_phy_ready:96]MIPI_PHY[0] is ready
[22:58:27.943] RX< [6] [cam] [65478][tshell][sensor_init:348]sensor [1]: register ok
[22:58:27.943] RX< [6] [cam
[22:58:27.949] RX< ] [65478][tshell][sensor_set_mode:887]sensor [1]: SetMode -> mode = 0.
[22:58:27.949] RX< [6] [cam] [65478][tshell][sensor_send_reg_tab_to_sensor:705]sensor [1]: send_reg_tab_to_sensor E.
[22:58:27.949] RX< [6] [cam] [65482][tshell][sensor_send_reg_tab_to_sensor:751]sensor [1]: reg_count = 77
[22:58:27.949] RX< .
[22:58:27.949] RX< [6] [cam] [65482][tshell][sensor_init:361]sensor [1]: init success.
[22:58:27.949] RX< [6] [cam] [65482][tshell][sensor_set_mode:887]sensor [1]: SetMode -> mode = 1.
[22:58:27.949] RX< [6] [cam] [65483][tshell][sensor_send_reg_tab_to_sensor:705]sensor [1]: send_reg_tab_to_sensor E.
[22:58:27.949] RX< [6] [cam
[22:58:27.951] RX< ] [65487][tshell][sensor_send_reg_tab_to_sensor:751]sensor [1]: reg_count = 84.
[22:58:27.951] RX< [6] [cam] [65487][tshell][csc_init:731]ok! phys_id[1], phys_num[1]
[22:58:27.951] RX< [6] [cam] [65488][tshell][csc_get_bayer_single_buffer:1148]scenario_type: 1
[22:58:27.951] RX< [6] [cam] [65488][tshell][csc_se
[22:58:27.952] RX< t_stats_fmt:98]index 0 w 1 h 1 bw 8 wcmp 255
[22:58:27.952] RX< [7] [cam] [65488][tshell][bm_ioctl:201]BMIOC_STATS_FMT
[22:58:27.952] RX< [6] [cam] [65489][tshell][csc_set_fe_fmt:47]index 1 w 4032 h 3024 bw 10 wcmp 0
[22:58:27.952] RX< [7] [cam] [65489][tshell][bm_ioctl:201]BMIOC_FE_FMT
[22:58:27.952] RX< [6] [cam] [65489][tshel
[22:58:27.954] RX< l][csc_set_lite_fmt:115]index 2 w 1008 h 720 bw 8 wcmp 255
[22:58:27.954] RX< [7] [cam] [65490][tshell][bm_ioctl:201]BMIOC_LITE_FMT
[22:58:27.954] RX< [6] [cam] [65490][tshell][csc_set_lite_fmt:115]index 21 w 1008 h 720 bw 8 wcmp 255
[22:58:27.954] RX< [7] [cam] [65491][tshell][bm_ioctl:201]BMIOC_LITE_FMT
[22:58:27.954] RX< [6] 
[22:58:27.954] RX< [cam] [65491][tshell][csc_set_be_fmt:81]index 25 w 0 h 0 bw 8 wcmp 255
[22:58:27.954] RX< [7] [cam] [65491][tshell][bm_ioctl:201]BMIOC_BE_FMT
[22:58:27.954] RX< [6] [cam] [65492][tshell][csc_set_be_fmt:81]index 22 w 480 h 360 bw 8 wcmp 255
[22:58:27.954] RX< [7] [cam] [65492][tshell][bm_ioctl:201]BMIOC_BE_FMT
[22:58:27.957] RX< [6] [cam] [65492][tshell][csc_set_me_fmt:64]index 5 w 3024 h 4032 bw 10 wcmp 0, rdma_addr 0x8945f400, wdma_addr 0x8945f400
[22:58:27.957] RX< [7] [cam] [65493][tshell][bm_ioctl:201]BMIOC_ME_FMT
[22:58:27.957] RX< [6] [cam] [65493][tshell][csc_set_me_fmt:64]index 6 w 3024 h 4032 bw 8 wcmp 255,
[22:58:27.957] RX<  rdma_addr 0x8a247700, wdma_addr 0x8c000000
[22:58:27.957] RX< [6] [cam] [65494][tshell][cam_me_core_buffer_cfg:1416]
[22:58:27.957] RX< ----ME PIPE INFO---
[22:58:27.957] RX<  wdma_buf_num:1, rotation_en: 1
[22:58:27.957] RX< [7] [cam] [65494][tshell][cam_me_core_buffer_cfg:1424]yuv wdma_addr 0:0x8c000000, meta_en: 0, 0x00000000
[22:58:27.960] RX< 
[22:58:27.960] RX< [7] [cam] [65495][tshell][bm_ioctl:201]BMIOC_ME_FMT
[22:58:27.960] RX< [6] [cam] [65496][tshell][csc_init:739]get otp ok! phys_id[1], phys_num[1]
[22:58:27.960] RX< [6] [cam] [65496][tshell][cam_init:828]init ok! logic_id[0]
[22:58:27.960] RX< [34m[cam init] perf=21811(us)!
[22:58:27.960] RX< [0m[6] [App Cam] cam init succes
[22:58:27.960] RX< s
[22:58:27.960] RX< [7] [cam] [65497][tshell][cam_cpm_core_stream_on:560]id 0 sensor type 1
[22:58:27.960] RX< [6] [cam] [65497][tshell][sensor_stream_on:1024]sensor [1]: stream_on
[22:58:27.960] RX< [6] [cam] [65497][tshell][sensor_stream_on:1052]sensor [1]: REG: 0x100, W:0x1.
[22:58:27.960] RX< [6] [cam] [65498][tshell][senso
[22:58:27.977] RX< r_stream_on:1054]sensor [1]: REG: 0x100, R:0x1.
[22:58:27.977] RX< [6] [cam] [65498][tshell][csc_prv_start:873]ok! phys_id[1], phys_num[1], cam_ids[1]
[22:58:27.977] RX< [6] [cam] [65499][tshell][cam_start:938]preview start ok! logic_id[0]
[22:58:27.977] RX< [34m[cam start] perf=2327(us)!
[22:58:27.977] RX< [0m[6] [App Cam] ca
[22:58:27.977] RX< m start success
[22:58:27.977] RX< [6] [App Dfs] Gravity_XR Capture Start
[22:58:27.977] RX< msh /emmc>echo "__EVBTES[7] [cam] [65500][b_3a_sts][bayer_stats_core_irq_proc:164]thread start cid,0
[22:58:27.977] RX< [7] [cam] [65500][fe0][fe_core_irq_proc:98]thread start cid,0
[22:58:27.977] RX< T_END_1ce67c76__"
[22:58:27.977] RX< __EVBTEST_END_1ce67
[22:58:28.069] TX> dfs_capture_start
[22:58:28.069] TX> echo "__EVBTEST_END_1ce67c76__"
[22:58:28.484] RX< c76__
[22:58:28.484] RX< msh /emmc>[34m[AE] fid=0,exp=11853,adg=400,Y=1121,mtg=100,shg=100,bgbv=1804,iso=400,cnv0,hdr0
[22:58:28.484] RX< [0m[34m[b_ae0 proc] perf=2753(us), max=2753(us)!
[22:58:28.484] RX< [0m[34m[awb0 proc] perf=1324(us), max=1324(us)!
[22:58:28.484] RX< [0m[34m[AE conv] fid=14,exp=14049,adg=400,Y=5832,mt
[22:58:28.485] RX< g=422,shg=100,bgbv=1559,iso=400,cnv1,hdr1
[22:58:28.485] RX< [0m[7] [cam] [66005][fe0][_qpc_hdr_rslt_chk:1668]
[22:58:28.485] RX< ALG: EV0 t14049 g400 | EV+ t14049 g400 | EV- t10161 g125
[22:58:28.485] RX< [6] [cam] [66006][fe0][qpc_core_hdr_mapExp_cfg:1736]evMapExp set OK, typ:2 1 FF num:5 1 0
[22:58:28.485] RX< [34m[cap] FE 
[22:58:28.564] RX< sync ME @fid14 as mod2 cfg0x01, cap 6frms @fid+2
[22:58:28.564] RX< [0m[7] [cam] [66008][qpc0][qpc_core_hdr_upd_sensor:559][HDRupd]: Sns cap-0 EV:0->2 st-14049 ag-400
[22:58:28.564] RX< [7] [cam] [66055][qpc0][qpc_core_hdr_upd_me:613][HDRupd] ME cap-0 EV:0->2, dg-100
[22:58:28.564] RX< [7] [JPEG] frame num=6, 
[22:58:28.581] RX< pre frame=1106830 Bytes
[22:58:28.581] RX< [exif] oFrm 0 evP 0 evM -207 bv 1559 exp 14049 iso 400 time 66061
[22:58:28.581] RX< [6] [cam] [66075][fe0][_cpm_cb_jpegInfo_proc:618]SnapStream E @ frm17!
[22:58:28.581] RX< [6] [cam] [66088][me0][cpm_cb_fe2me_tikChk:152]frm_length 33330us, fe2me delta 15
[22:58:28.581] RX< [32m[BE] fi
[22:58:28.718] RX< d=0, perf=5525(us), max=5525(us)!
[22:58:28.718] RX< [0m[34m[cap] fid: me0 fe18, perf=621439(us)!
[22:58:28.718] RX< [0m[7] [cam] [66121][me0][me_core_thread:359]ME out fid 0
[22:58:28.718] RX< [7] [cam] [66178][qpc0][qpc_core_hdr_upd_sensor:559][HDRupd]: Sns cap-5 EV:2->1 st-10161 ag-125
[22:58:28.718] RX< [exif] oFrm 5 evP 0
[22:58:29.014] RX<  evM -207 bv 1559 exp 10161 iso 125 time 66231
[22:58:29.014] RX< [6] [cam] [66275][fe0][_cpm_cb_jpegInfo_proc:626]SnapStream X @ frm23!
[22:58:29.014] RX< [34m[cap] fid: me5 fe23, perf=33493(us)!
[22:58:29.014] RX< [0m[34m[AE] fid=30,exp=33039,adg=1600,Y=6902,mtg=405,shg=100,bgbv=-2378,iso=2600,cnv1,hdr1
[22:58:29.014] RX< [0
[22:58:29.191] RX< m[6] [App Dfs] Gravity_XR Capture Stop Success: total frames = 6
[22:58:29.191] RX< [6] [cam] [66728][DfsSend][sensor_stream_off:1188]sensor [1]: stream_off
[22:58:29.191] RX< [6] [cam] [66729][DfsSend][sensor_stream_off:1217]sensor [1]: REG: 0x100, W:0x0.
[22:58:29.191] RX< [6] [cam] [66729][DfsSend][sensor_st
[22:58:29.194] RX< ream_off:1219]sensor [1]: REG: 0x100, R:0x0.
[22:58:29.194] RX< [6] [cam] [66729][DfsSend][csc_prv_stop:983]ok! phys_id[1], phys_num[1], stop_type = 0
[22:58:29.194] RX< [6] [cam] [66730][DfsSend][cam_stop:1058]preview stop ok! logic_id[0]
[22:58:29.194] RX< [34m[cam stop] perf=2370(us)!
[22:58:29.194] RX< [0m[6] [App Cam] cam
[22:58:29.194] RX<  stop success
[22:58:29.194] RX< [7] [cam] [66731][DfsSend][cam_cpm_core_power_off:467]id,0 type,1 ret 0
[22:58:29.194] RX< [6] [cam] [66731][sif0][sif_irq_proc:174]thread release cid,0
[22:58:29.194] RX< [6] [cam] [66731][DfsSend][cam_sif_mgr_deinit:316]X
[22:58:29.194] RX< [6] [cam] [66732][DfsSend][cam_deinit:887]deinit ok! l
[22:58:29.197] RX< ogic_id[0]
[22:58:29.197] RX< [34m[cam deinit] perf=1398(us)!
[22:58:29.197] RX< [0m[6] [App Cam] cam deinit success
[22:58:29.197] RX< [6] [cam] [66732][DfsSend][sensor_close:1292]sensor [1]: close!
[22:58:29.197] RX< [6] [cam] [66733][DfsSend][cam_bm_core_deinit:136]X
[22:58:29.197] RX< [INFO]	cpm[0] snsType1 capMod2 cfg0x01 6frms
[22:58:29.197] RX< [6] [cam] [
[22:58:29.197] RX< 66733][be0][be_core_irq_proc:329]thread release cid,0
[22:58:29.197] RX< [6] [cam] [66734][DfsSend][cam_be_core_deinit:793]X
[22:58:29.197] RX< [6] [cam] [66734][me0][me_core_thread:404]thread release cid,0
[22:58:29.197] RX< [6] [cam] [66734][DfsSend][cam_me_core_deinit:1551]X
[22:58:29.197] RX< [6] [cam] [66735][fe0][fe_core_i
[22:58:29.199] RX< rq_proc:121]thread release cid,0
[22:58:29.199] RX< [6] [cam] [66735][DfsSend][cam_fe_core_deinit:536]X
[22:58:29.199] RX< [6] [cam] [66735][b_3a_sts][bayer_stats_core_irq_proc:193]thread release cid,0
[22:58:29.199] RX< [6] [cam] [66736][DfsSend][cam_bayer_stats_core_deinit:512]X
[22:58:29.199] RX< [6] [cam] [66736][lite0][lite
[22:58:29.199] RX< _core_irq_proc:190]thread release cid,0
[22:58:29.199] RX< [6] [cam] [66736][DfsSend][cam_lite_core_deinit:556]X
[22:58:29.199] RX< [6] [cam] [66737][b_ae0][a5_core_wrapper_task:315]thread release cid,0,algo,0
[22:58:29.199] RX< [6] [cam] [66737][DfsSend][bayer_ae_wrapper_deinit:204]X
[22:58:29.199] RX< [6] [cam] [66738][atf0][a
[22:58:29.202] RX< 5_core_wrapper_task:315]thread release cid,0,algo,1
[22:58:29.202] RX< [6] [cam] [66738][DfsSend][atf_wrapper_deinit:153]X
[22:58:29.202] RX< [6] [cam] [66738][awb0][a5_core_wrapper_task:315]thread release cid,0,algo,2
[22:58:29.202] RX< [6] [cam] [66739][DfsSend][awb_wrapper_deinit:153]X
[22:58:29.202] RX< [6] [cam] [66739][Dfs
[22:58:29.202] RX< Send][cam_5a_core_deinit:555]X
[22:58:29.202] RX< [6] [cam] [66739][DfsSend][cam_5a_inf_deinit:149]X
[22:58:29.202] RX< [6] [cam] [66740][qpc0][qpc_core_msg_proc:705]thread release cid,0
[22:58:29.202] RX< [6] [cam] [66740][DfsSend][qpc_core_deinit:1413]X
[22:58:29.202] RX< [6] [cam] [66740][DfsSend][cam_cpm_core_deinit:1248]X
[22:58:29.202] RX< [
[22:58:29.211] RX< 6] [cam] [66740][DfsSend][csc_close:656]ok! phys_id[1], phys_num[1]
[22:58:29.211] RX< [7] [cam] [66741][cer0][cer_recovery_proc:352]msg type = 254
[22:58:29.211] RX< [6] [cam] [66741][cer0][cer_recovery_proc:454]thread release cid,0
[22:58:29.211] RX< [6] [cam] [66742][DfsSend][cer_deinit:560]X
[22:58:29.211] RX< [6] [cam] [667
[22:58:29.211] RX< 42][DfsSend][cam_close:789]close ok! logic_id[0]
[22:58:29.211] RX< [34m[cam close] perf=9852(us)!
[22:58:29.211] RX< [0m[6] [App Cam] cam close success
[22:58:29.211] RX< [6] [cam] [66743][cpl0][cam_prelude_proc_routine:136]thread release
[22:58:29.211] RX< [6] [cam] [66743][DfsSend][cam_exit:571]exit ok!
[22:58:29.211] RX< [34m[cam exit] per
[22:58:31.213] RX< f=652(us)!
[22:58:31.213] RX< [0m[6] [App Cam] cam exit success
[22:58:31.213] RX< [6] [App Cam] jpeg deinit success
[22:58:31.213] RX< [6] [App Dfs] Save Photo Successful: /emmc/PIC/20260101_000105_5500/
[22:58:31.213] RX< [6] [App Dfs] Capture completed successfully.
[22:58:34.175] TX> cam_set video 1080p
[22:58:34.175] TX> echo "__EVBTEST_END_b8f90773__"
[22:58:35.217] RX< cam_set video 1080p
[22:58:35.217] RX< [6] [App Dfs] w(1920) * h(1080) is 1080p, eis 1
[22:58:35.217] RX< msh /emmc>echo "__EVBTEST_END_b8f90773__"
[22:58:35.217] RX< __EVBTEST_END_b8f90773__
[22:58:35.217] RX< msh /emmc>
[22:58:35.387] RX< dfs_video_start
[22:58:35.387] RX< [7] [cam] [72921][tshell][cgm_parse_bin:104]total logical camera num: 1
[22:58:35.387] RX< [6] [cam] [72921][tshell][cam_prelude_create:187]E id, 0
[22:58:35.387] RX< [7] [cam] [72921][cpl0][cam_prelude_proc_routine:101]thread start
[22:58:35.387] RX< [6] [cam] [72921][tshell][cam_prelude_create
[22:58:35.388] RX< :214]X ctx size 132 addr 0x884de858
[22:58:35.388] RX< [6] [cam] [72925][tshell][sensor_probe:418]sensor [1]: identifing 0 success.
[22:58:35.388] RX< [6] [cam] [72925][tshell][sensor_probe:441]sensor [1]: probe exit!
[22:58:35.388] RX< [6] [cam] [72926][tshell][cam_prelude_fast_probe:251]cam: 0 probe result: 0
[22:58:35.390] RX< 
[22:58:35.390] RX< [6] [cam] [72926][tshell][cgm_parse_bin:218]cam(0) probe success
[22:58:35.390] RX< [6] [cam] [72926][tshell][cam_entry:455]entry ok
[22:58:35.390] RX< [34m[cam entry] perf=6300(us)!
[22:58:35.390] RX< [0m[6] [App Cam] cam entry success
[22:58:35.390] RX< [7] [cam] [72927][tshell][cam_solve_layout:350][mLayout] param OK, sce
[22:58:35.393] RX< n3 iw4032 ih2268 ow1920 oh1080 gdc 0x1
[22:58:35.393] RX< [36m[mLayout] scen03 in=4032x2268,out=1920x1080 meRot1 stripe0 gdcOn1
[22:58:35.393] RX< [0m[36m[mLayout] scen03 14entries solved status=OK retry=0 rtmp=enabled (cursor0=0x8a00f210 cursor1=0x88e20aa0, ch0/1/2 cnt=5/3/1)
[22:58:35.393] RX< [0m[7] [cam
[22:58:35.393] RX< ] [72928][tshell][cam_solve_layout:377]
[22:58:35.393] RX< [mLayout] out vol 0x8c000000 rBuf 0x8a5e5400 sz 0xd00000 wBuf 0x89700000 sz 0x900000
[22:58:35.393] RX<           rtmp tBuf 0x8a10f210 sz 0x80000 aBuf 0x8a08f210 sz 0x80000
[22:58:35.393] RX<        alg EIS buf 0x8a00f210
[22:58:35.393] RX< [7] [cam] [72930][tshell][cam
[22:58:35.395] RX< _solve_layout:397]Solve Scen3 layout Done!
[22:58:35.395] RX< [6] [cam] [72930][tshell][cgm_parse_media_para:274]phy cam num: 1
[22:58:35.395] RX< [7] [cam] [72931][cer0][cer_recovery_proc:343]thread start cid, 0
[22:58:35.395] RX< [6] [cam] [72931][tshell][csc_open:499]SENSOR MCLK cal: 24MHz
[22:58:35.395] RX< [6] [cam] [72932]
[22:58:35.395] RX< [tshell][csc_isp_clk_cal:344]MIPI CLK cal: 277MHz
[22:58:35.395] RX< [6] [cam] [72932][tshell][csc_isp_clk_cal:374]LITE CLK cal: 25MHz
[22:58:35.395] RX< [7] [cam] [72933][tshell][cpc_csi_rx_power_on:633]E id: 2
[22:58:35.395] RX< [4] [cam] [72933][tshell][cpc_csi_rx_power_on:644]csi_2 has already power on, STA
[22:58:35.401] RX< TUS: 1
[22:58:35.401] RX< [6] [cam] [72933][tshell][cpc_update_clock:603]actual SNS mclk: 24MHz
[22:58:35.401] RX< [6] [cam] [72934][tshell][cpc_update_clock:608]actual MIPI0: 300MHz
[22:58:35.401] RX< [6] [cam] [72934][tshell][cpc_update_clock:598]actual LITE clk: 25MHz
[22:58:35.401] RX< [7] [cam] [72934][tshell][cam_prelude_o
[22:58:35.401] RX< pen:297][34msnsOpen camID1 csiID0 phyIdx0[0m
[22:58:35.401] RX< [6] [cam] [72938][tshell][sensor_expo_gain_match:48]sensor get sensor expo gain of imx681_vst
[22:58:35.401] RX< [6] [cam] [72938][tshell][sensor_open:684]sensor [1] open OK.
[22:58:35.401] RX< [6] [cam] [72938][tshell][cam_cpm_parse_media:295]v
[22:58:35.403] RX< ideo scenario:3, media para[fps:0, mirror_en:0, flip_en:0]
[22:58:35.403] RX< [6] [cam] [72939][tshell][cam_cpm_parse_media:298]video scenario, media para[iso:0, gain:0, wb_mode:0]
[22:58:35.403] RX< [6] [cam] [72940][tshell][csc_isp_clk_cal:355]FE CLK cal: 373MHz, ME CLK cal: 371MHz, FE/ME C
[22:58:35.403] RX< LK cal: 410MHz
[22:58:35.403] RX< [6] [cam] [72940][tshell][csc_isp_clk_cal:364]BE CLK cal: 301MHz
[22:58:35.403] RX< [4] [cam] [72940][tshell][cam_fe_core_power_on:269]fe pipe has already power on, STATUS: 1
[22:58:35.403] RX< [6] [cam] [72941][tshell][cpc_update_clock:588]actual FE/ME clk: 500MHz
[22:58:35.403] RX< [4] [cam] [
[22:58:35.407] RX< 72941][tshell][cam_be_core_power_on:1028]be pipe has already power on, STATUS: 1
[22:58:35.407] RX< [6] [cam] [72942][tshell][cpc_update_clock:593]actual BE clk: 500MHz
[22:58:35.407] RX< [7] [cam] [72942][tshell][cam_cpm_core_power_on:435]id,0 type,1 ret 0
[22:58:35.407] RX< [6] [cam] [72942][tshell][cam_cpm_c
[22:58:35.407] RX< ore_init:1017]E id,0 sensor type,1
[22:58:35.407] RX< [6] [cam] [72944][tshell][cpm_core_check_tuningbin:957]Tuning bin crc check PASS! sum 0x17a5964, xor 0x87e82682
[22:58:35.407] RX< [6] [cam] [72944][tshell][qpc_tuning_check_iqbin_validness:396]IQ bin addr: 0x88646660, project_name: video_
[22:58:35.409] RX< 3M
[22:58:35.409] RX< [6] [cam] [72945][tshell][qpc_tuning_check_iqbin_validness:397]total_size: 94400
[22:58:35.409] RX< [6] [cam] [72945][tshell][qpc_tuning_check_iqbin_validness:398]id_count: 93. ID_TOTAL: 94
[22:58:35.409] RX< [6] [cam] [72946][tshell][qpc_tuning_check_iqbin_validness:399]spinel tuning dat
[22:58:35.410] RX< a ver: V1.30
[22:58:35.410] RX< [6] [cam] [72946][tshell][cpm_core_check_tuningbin:971]IQ bin check success!
[22:58:35.410] RX< [6] [cam] [72947][tshell][cam_bm_core_init:94]E
[22:58:35.410] RX< [6] [cam] [72947][tshell][bm_lab_init:174]X ctx size 4 addr 0x884b98d8
[22:58:35.410] RX< [6] [cam] [72948][tshell][cam_bm_core_init:11
[22:58:35.420] TX> dfs_video_start
[22:58:35.420] TX> echo "__EVBTEST_END_cbbec142__"
[22:58:35.423] RX< 4]X ctx size 180 addr 0x884c2638
[22:58:35.423] RX< [6] [cam] [72948][tshell][qpc_core_init:1299]E id,0
[22:58:35.423] RX< [6] [cam] [72948][tshell][qpc_queue_init:65]QPC init qnodes 8, size 508, pool 0x884df5f8
[22:58:35.423] RX< [7] [cam] [72949][tshell][_qpc_get_cap_cfg_para:896][fallback]preset capCfg 200 0
[22:58:35.423] RX<  0 invalid, use default
[22:58:35.423] RX< [7] [cam] [72949][tshell][_qpc_cfg_hdr_frms:840][fallback]preset hdrCfg 0 0 0 0 0 invalid, use default
[22:58:35.423] RX< [6] [cam] [72961][tshell][qpc_core_init:1347]X ctx size 1288 addr 0x884c2700
[22:58:35.423] RX< [6] [cam] [72961][tshell][cpm_core_get_param:764]cp
[22:58:35.427] RX< m para chk: tunBin-w 4032 h 2266 img-w 4032 h 2268
[22:58:35.427] RX< [6] [cam] [72962][tshell][cam_fe_core_init:436]E id,0
[22:58:35.427] RX< [6] [cam] [72962][tshell][cam_fe_core_init:490]X ctx size 96 addr 0x884c33b0
[22:58:35.427] RX< [7] [cam] [72963][tshell][qpc_core_fe_chords_init:1763][34mqpc fe init 
[22:58:35.427] RX< snsOut w 4032 h 2268, tbl w 28 h 20[0m
[22:58:35.427] RX< [6] [cam] [72963][tshell][cam_me_core_init:1523]X ctx size 1352 addr 0x884f1ae8
[22:58:35.427] RX< [34m[ME SLICE CFG] perf=448(us)!
[22:58:35.427] RX< [0m[6] [cam] [72965][tshell][cam_bayer_fe_3a_stats_core_init:445]fe 3a id,0
[22:58:35.427] RX< [6] [cam] [72965][tshel
[22:58:35.430] RX< l][cam_bayer_fe_3a_stats_core_init:490]X ctx size 132 addr 0x884fa508
[22:58:35.430] RX< [6] [cam] [72966][tshell][cam_be_core_init:621]E id,0
[22:58:35.430] RX< [7] [cam] [72966][be0][be_core_irq_proc:270]thread start cid,0
[22:58:35.430] RX< [6] [cam] [72966][tshell][cam_be_core_init:716]X ctx size 472 addr 0
[22:58:35.430] RX< x884fa898
[22:58:35.430] RX< [6] [cam] [72967][tshell][awb_wrapper_init:66]xxx awb_bin=0x884e18bc, awb_bin_length=8068
[22:58:35.430] RX< [6] [cam] [72967][tshell][awb_wrapper_init:86]X algo_handle 0x885017c0
[22:58:35.430] RX< [7] [cam] [72968][awb0][a5_core_wrapper_task:252]thread start cid,0 algo type,2
[22:58:35.430] RX< [6]
[22:58:35.434] RX<  [cam] [72968][tshell][a5_core_init_task:426]thread created: awb0 mq=0x88503880 thread=0x88503998 sem=0x88503810 ret=0
[22:58:35.434] RX< [6] [cam] [72969][tshell][bayer_ae_wrapper_init:68]E id,0 proc mode 0 
[22:58:35.434] RX< 
[22:58:35.434] RX< [AEC Proc] @[allib_ae_set_debug_log_flag] Line:129:[DEBUG] debug
[22:58:35.434] RX<  level/to_file/to_terminal: 22/1/1
[22:58:35.434] RX< [AEC Proc] @[AeInit] Line:377:[INFO] AE ver: 2026_V2.269
[22:58:35.434] RX< 
[22:58:35.434] RX< [AEC Proc] @[allib_ae_loadfunc] Line:193:[INFO] camera ID: 0
[22:58:35.434] RX< [AEC Proc] @[alAE_set_param] Line:576:[DEBUG] sw_maxtime 33004 ,pertline 10800, after check sensor st
[22:58:35.436] RX< ep sw_max_time 33000.00
[22:58:35.436] RX< [AEC Proc] @[alAE_set_param] Line:581:[DEBUG] sw_mintime 43 ,pertline 10800, after check sensor step sw_min_time 40.00
[22:58:35.436] RX< [AEC Proc] @[alAE_set_param] Line:514:[DEBUG] DEBUG minbv exptime 11 gain 100, minExpBV 13810
[22:58:35.436] RX< [AEC Proc] @[AeTu
[22:58:35.437] RX< ningParseSet] Line:167:[DEBUG] aeparam version 2.268 60803
[22:58:35.437] RX< [AEC Proc] @[alAE_set_param] Line:341:[DEBUG] INITEXP gain 100, shutter 33242, midtonegain 100, bv 2247
[22:58:35.437] RX< [6] [cam] [72975][tshell][bayer_ae_wrapper_init:119]X tline 10800 max_exp 33004 alg_hdl 0x88
[22:58:35.439] RX< 506148 
[22:58:35.439] RX< [7] [cam] [72975][b_ae0][a5_core_wrapper_task:252]thread start cid,0 algo type,0
[22:58:35.439] RX< [6] [cam] [72976][tshell][a5_core_init_task:426]thread created: b_ae0 mq=0x885071f8 thread=0x88507310 sem=0x88507188 ret=0
[22:58:35.439] RX< [6] [cam] [72976][tshell][atf_wrapper_init:
[22:58:35.440] RX< 67]E id,0
[22:58:35.440] RX< [6] [cam] [72977][tshell][atf_wrapper_init:107]X alg_ctx addr 0x885076e8
[22:58:35.440] RX< [7] [cam] [72977][atf0][a5_core_wrapper_task:252]thread start cid,0 algo type,1
[22:58:35.440] RX< [6] [cam] [72978][tshell][a5_core_init_task:426]thread created: atf0 mq=0x88507820 thread=0
[22:58:35.450] RX< x88507938 sem=0x885077b0 ret=0
[22:58:35.450] RX< [6] [cam] [72978][tshell][cam_cpm_core_init:1101]GDC enabled: video_eis=1, photo_warp=0
[22:58:35.450] RX< [6] [cam] [72987][tshell][cam_dewarp_init:333]table reg: enable:1, blockw:5, inw:1296, inh:2304, mapw:61, maph:35, outw:1920, outh:1080
[22:58:35.450] RX< [6] [cam] [72987][tshell][cam_dewarp_init:354]dewarp init: real-IMU consumer registered, reader=0x88507c38
[22:58:35.450] RX< [6] [cam] [72988][dwp0][dewarp_thread_entry:164]dewarp thread start, id=0
[22:58:35.450] RX< [6] [cam] [72988][tshell][cam_dewarp_init:379]EIS: dewarp init ok: dwp0 ei
[22:58:35.457] RX< s_ctx=0x8a00f210 table_size=12810 reg=61x35x5
[22:58:35.457] RX< [6] [cam] [72989][tshell][cam_cpm_core_init:1131]EIS: dewarp enabled, eis_ctx=0x8a00f210, eis_cfg=0x884c2584
[22:58:35.457] RX< [6] [cam] [72989][tshell][cam_cpm_core_init:1149]X ctx size 1096 addr 0x884c21e0
[22:58:35.457] RX< [6] [cam] [72990][
[22:58:35.457] RX< tshell][csc_open:599]ok! phys_id[1], phys_num[1] 
[22:58:35.457] RX< [6] [cam] [72991][tshell][cam_open:738]open ok! camera_id[0]
[22:58:35.457] RX< [34m[cam open] perf=63851(us)!
[22:58:35.457] RX< [0m[6] [App Cam] cam open success
[22:58:35.457] RX< [6] [cam] [72996][tshell][csc_init:722]sensor info:size:4032x2268, formt: 0x
[22:58:35.460] RX< 2b, bps: 1968, tline: 10800
[22:58:35.460] RX< [6] [cam] [72996][tshell][cam_sif_mgr_init:261]E id,0
[22:58:35.460] RX< [7] [cam] [72997][sif0][sif_irq_proc:151]thread start cid,0
[22:58:35.460] RX< [6] [cam] [72997][tshell][cam_sif_mgr_init:293]X ctx size 52 addr 0x88544668
[22:58:35.460] RX< [6] [cam] [72998][tshell][cam_prelu
[22:58:35.460] RX< de_init_cfg:368]CSI ID is 0,  phy lanes is 2.
[22:58:35.460] RX< [7] [cam] [72998][tshell][check_phy_ready:96]MIPI_PHY[0] is ready
[22:58:35.460] RX< [6] [cam] [72999][tshell][sensor_init:348]sensor [1]: register ok
[22:58:35.460] RX< [6] [cam] [72999][tshell][sensor_set_mode:887]sensor [1]: SetMode -> mode = 0
[22:58:35.469] RX< .
[22:58:35.469] RX< [6] [cam] [72999][tshell][sensor_send_reg_tab_to_sensor:705]sensor [1]: send_reg_tab_to_sensor E.
[22:58:35.469] RX< [6] [cam] [73003][tshell][sensor_send_reg_tab_to_sensor:751]sensor [1]: reg_count = 77.
[22:58:35.469] RX< [6] [cam] [73003][tshell][sensor_init:361]sensor [1]: init success.
[22:58:35.471] RX< 
[22:58:35.471] RX< [6] [cam] [73003][tshell][sensor_set_mode:887]sensor [1]: SetMode -> mode = 3.
[22:58:35.471] RX< [6] [cam] [73004][tshell][sensor_send_reg_tab_to_sensor:705]sensor [1]: send_reg_tab_to_sensor E.
[22:58:35.471] RX< [6] [cam] [73008][tshell][sensor_send_reg_tab_to_sensor:751]sensor [1]: reg_c
[22:58:35.472] RX< ount = 83.
[22:58:35.472] RX< [6] [cam] [73008][tshell][csc_init:731]ok! phys_id[1], phys_num[1]
[22:58:35.472] RX< [6] [cam] [73008][tshell][csc_get_bayer_single_buffer:1148]scenario_type: 3
[22:58:35.472] RX< [6] [cam] [73009][tshell][csc_set_stats_fmt:98]index 0 w 1 h 1 bw 8 wcmp 255
[22:58:35.472] RX< [7] [cam] [73009][tshel
[22:58:35.474] RX< l][bm_ioctl:201]BMIOC_STATS_FMT
[22:58:35.474] RX< [6] [cam] [73010][tshell][csc_set_fe_fmt:47]index 1 w 4032 h 2268 bw 10 wcmp 0
[22:58:35.474] RX< [7] [cam] [73010][tshell][bm_ioctl:201]BMIOC_FE_FMT
[22:58:35.474] RX< [6] [cam] [73010][tshell][csc_set_me_fmt:64]index 5 w 2268 h 4032 bw 10 wcmp 0, rdma_addr 0x
[22:58:35.474] RX< 88e43800, wdma_addr 0x88e43800
[22:58:35.474] RX< [7] [cam] [73011][tshell][bm_ioctl:201]BMIOC_ME_FMT
[22:58:35.474] RX< [6] [cam] [73011][tshell][csc_set_video_fmt:1076]meta_addr: 0x8a18f240
[22:58:35.474] RX< [6] [cam] [73012][tshell][csc_set_me_fmt:64]index 6 w 1296 h 2304 bw 8 wcmp 0, rdma_addr 0x8b2e5400,
[22:58:35.477] RX<  wdma_addr 0x8a19fc00
[22:58:35.477] RX< [6] [cam] [73012][tshell][cam_me_core_buffer_cfg:1416]
[22:58:35.477] RX< ----ME PIPE INFO---
[22:58:35.477] RX<  wdma_buf_num:2, rotation_en: 1
[22:58:35.477] RX< [7] [cam] [73013][tshell][cam_me_core_buffer_cfg:1424]yuv wdma_addr 0:0x8a19fc00, meta_en: 1, 0x8a18f240
[22:58:35.477] RX< [7] [cam] [73013][t
[22:58:35.477] RX< shell][cam_me_core_buffer_cfg:1424]yuv wdma_addr 1:0x8a3c2800, meta_en: 1, 0x8a18f240
[22:58:35.477] RX< [7] [cam] [73014][tshell][bm_ioctl:201]BMIOC_ME_FMT
[22:58:35.477] RX< [6] [cam] [73014][tshell][csc_set_lite_fmt:115]index 13 w 400 h 400 bw 10 wcmp 255
[22:58:35.477] RX< [7] [cam] [73015][tshell][bm_ioct
[22:58:35.479] RX< l:201]BMIOC_LITE_FMT
[22:58:35.479] RX< [6] [cam] [73015][tshell][csc_set_lite_fmt:115]index 14 w 400 h 400 bw 10 wcmp 255
[22:58:35.479] RX< [7] [cam] [73016][tshell][bm_ioctl:201]BMIOC_LITE_FMT
[22:58:35.479] RX< [6] [cam] [73016][tshell][csc_set_be_fmt:81]index 7 w 1920 h 1080 bw 6 wcmp 0
[22:58:35.479] RX< [7] [cam] [73016][
[22:58:35.480] RX< tshell][bm_ioctl:201]BMIOC_BE_FMT
[22:58:35.480] RX< [6] [cam] [73017][tshell][csc_set_be_fmt:81]index 8 w 1920 h 1080 bw 8 wcmp 255
[22:58:35.480] RX< [7] [cam] [73017][tshell][bm_ioctl:201]BMIOC_BE_FMT
[22:58:35.480] RX< [6] [cam] [73017][tshell][cam_dewarp_set_table_base:480]dewarp table base updated: [0]=0x
[22:58:35.482] RX< 88e20aa0 [1]=0x88e32150
[22:58:35.482] RX< [6] [cam] [73018][tshell][cam_cpm_core_set_dewarp_table_base:1611]dewarp table base updated: [0]=0x88e20aa0 [1]=0x88e32150
[22:58:35.482] RX< [6] [cam] [73018][tshell][csc_init:739]get otp ok! phys_id[1], phys_num[1]
[22:58:35.482] RX< [6] [cam] [73019][tshell][cam_in
[22:58:35.483] RX< it:828]init ok! logic_id[0]
[22:58:35.483] RX< [34m[cam init] perf=23333(us)!
[22:58:35.483] RX< [0m[6] [App Cam] cam init success
[22:58:35.483] RX< [7] [cam] [73020][tshell][cam_cpm_core_stream_on:560]id 0 sensor type 1
[22:58:35.483] RX< [6] [cam] [73020][tshell][sensor_stream_on:1024]sensor [1]: stream_on
[22:58:35.483] RX< [6] [cam] [73021]
[22:58:35.500] RX< [tshell][sensor_stream_on:1052]sensor [1]: REG: 0x100, W:0x1.
[22:58:35.500] RX< [6] [cam] [73021][tshell][sensor_stream_on:1054]sensor [1]: REG: 0x100, R:0x1.
[22:58:35.500] RX< [6] [cam] [73021][tshell][csc_prv_start:873]ok! phys_id[1], phys_num[1], cam_ids[1]
[22:58:35.500] RX< [6] [cam] [73022][tshell][cam
[22:58:35.501] RX< _start:938]preview start ok! logic_id[0]
[22:58:35.501] RX< [34m[cam start] perf=2325(us)!
[22:58:35.501] RX< [0m[6] [App Cam] cam start success
[22:58:35.501] RX< [6] [App Dfs] Gravity_XR Record Start
[22:58:35.501] RX< msh /emmc>echo "__EVBTEST_END_cbbec142__"
[22:58:35.501] RX< __EVBTEST_END_cbbec142__
[22:58:35.501] RX< msh /emmc>[7] [cam] [73024][b_3a_sts][ba
[22:58:35.618] RX< yer_stats_core_irq_proc:164]thread start cid,0
[22:58:35.618] RX< [7] [cam] [73024][fe0][fe_core_irq_proc:98]thread start cid,0
[22:58:35.618] RX< [34m[AE] fid=0,exp=7220,adg=100,Y=5734,mtg=100,shg=100,bgbv=4425,iso=100,cnv0,hdr0
[22:58:35.618] RX< [0m[34m[b_ae0 proc] perf=2808(us), max=2808(us)!
[22:58:35.618] RX< [0m[34m[
[22:58:35.792] RX< awb0 proc] perf=1267(us), max=1267(us)!
[22:58:35.792] RX< [0m[7] [cam] [73156][me0][me_core_thread:359]ME out fid 0
[22:58:35.792] RX< [6] [cam] [73203][dwp0][cpm_cb_dewarp_handle:1411]EIS: dewarp done frm=0, buf_idx=0
[22:58:35.792] RX< [6] [cam] [73315][me0][cpm_cb_fe2me_tikChk:152]frm_length 88559us, fe2me 
[22:58:36.780] RX< delta 0
[22:58:36.780] RX< [34m[ME INTP]fid=0, shutter=7220, perf=846(us), max=846(us)!
[22:58:36.780] RX< [0m[32m[BE] fid=0, perf=7767(us), max=7767(us)!
[22:58:36.780] RX< [0m[6] [App Dfs] f_index = 0, f_len = 109231, cur_total_len = 109319
[22:58:36.780] RX< [34m[AE] fid=30,exp=10070,adg=275,Y=4602,mtg=180,shg=100,bgbv=152
[22:58:38.782] RX< 3,iso=275,cnv2,hdr0
[22:58:38.782] RX< [0m[7] [cam] [74322][me0][me_core_thread:359]ME out fid 30
[22:58:38.782] RX< [34m[AE] fid=60,exp=9960,adg=282,Y=4625,mtg=180,shg=100,bgbv=1517,iso=282,cnv2,hdr0
[22:58:38.782] RX< [0m[7] [cam] [75322][me0][me_core_thread:359]ME out fid 60
[22:58:38.782] RX< [34m[AE] fid=90,exp=10070,adg=
[22:58:39.134] RX< 275,Y=4634,mtg=180,shg=100,bgbv=1534,iso=275,cnv2,hdr0
[22:58:39.134] RX< [0m[34m[b_ae0 proc] perf=393(us), max=2808(us)!
[22:58:39.134] RX< [0m[34m[awb0 proc] perf=1338(us), max=1611(us)!
[22:58:39.134] RX< [0m[7] [cam] [76322][me0][me_core_thread:359]ME out fid 90
[22:58:39.134] RX< [32m[BE] fid=90, perf=8910(us), max=891
[22:58:39.880] RX< 0(us)!
[22:58:39.880] RX< [0m[6] [App Dfs] f_index = 90, f_len = 168105, cur_total_len = 6826743
[22:58:39.880] RX< [34m[AE] fid=120,exp=10040,adg=275,Y=4640,mtg=180,shg=100,bgbv=1538,iso=275,cnv2,hdr0
[22:58:39.880] RX< [0m[7] [cam] [77321][me0][me_core_thread:359]ME out fid 120
[22:58:39.880] RX< [34m[ME INTP]fid=120, shutte
[22:58:41.781] RX< r=10040, perf=3(us), max=4601(us)!
[22:58:41.781] RX< [0m[34m[AE] fid=150,exp=10070,adg=275,Y=4633,mtg=180,shg=100,bgbv=1531,iso=275,cnv2,hdr0
[22:58:41.781] RX< [0m[7] [cam] [78321][me0][me_core_thread:359]ME out fid 150
[22:58:41.781] RX< [34m[AE] fid=180,exp=10070,adg=275,Y=4624,mtg=180,shg=100,bgbv=1527,
[22:58:42.156] RX< iso=275,cnv2,hdr0
[22:58:42.156] RX< [0m[34m[b_ae0 proc] perf=428(us), max=844(us)!
[22:58:42.156] RX< [0m[34m[awb0 proc] perf=1433(us), max=1536(us)!
[22:58:42.156] RX< [0m[7] [cam] [79321][me0][me_core_thread:359]ME out fid 180
[22:58:42.156] RX< [32m[BE] fid=180, perf=8878(us), max=8967(us)!
[22:58:42.156] RX< [0m[6] [App Dfs] f_index = 1
[22:58:43.797] RX< 80, f_len = 167752, cur_total_len = 6766559
[22:58:43.797] RX< [34m[AE] fid=210,exp=10070,adg=275,Y=4604,mtg=180,shg=100,bgbv=1523,iso=275,cnv2,hdr0
[22:58:43.797] RX< [0m[7] [cam] [80321][me0][me_core_thread:359]ME out fid 210
[22:58:43.797] RX< [34m[AE] fid=240,exp=10040,adg=275,Y=4662,mtg=180,shg=100,bgbv=
[22:58:44.781] RX< 1542,iso=275,cnv2,hdr0
[22:58:44.781] RX< [0m[6] [cam] [81313][dwp0][cpm_cb_dewarp_handle:1411]EIS: dewarp done frm=240, buf_idx=0
[22:58:44.781] RX< [7] [cam] [81321][me0][me_core_thread:359]ME out fid 240
[22:58:44.781] RX< [34m[ME INTP]fid=240, shutter=10040, perf=120(us), max=9255(us)!
[22:58:44.781] RX< [0m[34m[AE] fid=27
[22:58:45.133] RX< 0,exp=10070,adg=275,Y=4603,mtg=180,shg=100,bgbv=1523,iso=275,cnv2,hdr0
[22:58:45.133] RX< [0m[34m[b_ae0 proc] perf=400(us), max=705(us)!
[22:58:45.133] RX< [0m[34m[awb0 proc] perf=1523(us), max=1561(us)!
[22:58:45.133] RX< [0m[7] [cam] [82321][me0][me_core_thread:359]ME out fid 270
[22:58:45.133] RX< [32m[BE] fid=270, perf=
[22:58:45.550] RX< 8901(us), max=8905(us)!
[22:58:45.550] RX< [0m[6] [App Dfs] f_index = 270, f_len = 167733, cur_total_len = 6733466
[22:58:45.550] RX< dfs_video_stop
[22:58:45.550] RX< msh /emmc>echo "__EVBTEST_E[6] [App Dfs]  Gravity_XR Record Stop Success: total frames = 283
[22:58:45.550] RX< [6] [cam] [83073][DfsSend][sensor_stream_off:1188]s
[22:58:45.563] RX< ensor [1]: stream_off
[22:58:45.563] RX< [6] [cam] [83073][DfsSend][sensor_stream_off:1217]sensor [1]: REG: 0x100, W:0x0.
[22:58:45.563] RX< [6] [cam] [83074][DfsSend][sensor_stream_off:1219]sensor [1]: REG: 0x100, R:0x0.
[22:58:45.563] RX< [6] [cam] [83099][DfsSend][csc_prv_stop:983]ok! phys_id[1], phys_num[1]
[22:58:45.563] RX< , stop_type = 0
[22:58:45.563] RX< [6] [cam] [83099][DfsSend][cam_stop:1058]preview stop ok! logic_id[0]
[22:58:45.563] RX< [34m[cam stop] perf=25964(us)!
[22:58:45.563] RX< [0m[6] [App Cam] cam stop success
[22:58:45.563] RX< Total of 284 frames encoded, 21357591 bytes, max_workbuffer_used: 3493888 bytes
[22:58:45.563] RX< [6] [App Cam] hevc_en
[22:58:45.566] RX< coder_deinit success
[22:58:45.566] RX< [7] [cam] [83101][DfsSend][cam_cpm_core_power_off:467]id,0 type,1 ret 0
[22:58:45.566] RX< [6] [cam] [83102][sif0][sif_irq_proc:174]thread release cid,0
[22:58:45.566] RX< [6] [cam] [83102][DfsSend][cam_sif_mgr_deinit:316]X
[22:58:45.566] RX< [6] [cam] [83102][DfsSend][cam_deinit:887]deini
[22:58:45.566] RX< t ok! logic_id[0]
[22:58:45.566] RX< [34m[cam deinit] perf=1279(us)!
[22:58:45.566] RX< [0m[6] [App Cam] cam deinit success
[22:58:45.566] RX< [6] [cam] [83103][DfsSend][sensor_close:1292]sensor [1]: close!
[22:58:45.566] RX< [6] [cam] [83104][DfsSend][cam_dewarp_deinit:438]dewarp deinit, id=0
[22:58:45.566] RX< [6] [cam] [83104][dwp0][dewarp_th
[22:58:45.568] RX< read_entry:174]dewarp thread exit signal, id=0
[22:58:45.568] RX< [6] [cam] [83105][dwp0][dewarp_thread_entry:276]dewarp thread exit, id=0
[22:58:45.568] RX< [6] [cam] [83105][DfsSend][cam_bm_core_deinit:136]X
[22:58:45.568] RX< [6] [cam] [83105][be0][be_core_irq_proc:329]thread release cid,0
[22:58:45.568] RX< [6] [cam] [83106]
[22:58:45.569] RX< [DfsSend][cam_be_core_deinit:793]X
[22:58:45.569] RX< [6] [cam] [83106][me0][me_core_thread:404]thread release cid,0
[22:58:45.569] RX< [6] [cam] [83106][DfsSend][cam_me_core_deinit:1551]X
[22:58:45.569] RX< [6] [cam] [83107][fe0][fe_core_irq_proc:121]thread release cid,0
[22:58:45.569] RX< [6] [cam] [83107][DfsSend][cam_fe_core
[22:58:45.571] RX< _deinit:536]X
[22:58:45.571] RX< [6] [cam] [83107][b_3a_sts][bayer_stats_core_irq_proc:193]thread release cid,0
[22:58:45.571] RX< [6] [cam] [83107][DfsSend][cam_bayer_stats_core_deinit:512]X
[22:58:45.571] RX< [6] [cam] [83108][b_ae0][a5_core_wrapper_task:315]thread release cid,0,algo,0
[22:58:45.571] RX< [6] [cam] [83108][DfsS
[22:58:45.571] RX< end][bayer_ae_wrapper_deinit:204]X
[22:58:45.571] RX< [6] [cam] [83109][atf0][a5_core_wrapper_task:315]thread release cid,0,algo,1
[22:58:45.571] RX< [6] [cam] [83109][DfsSend][atf_wrapper_deinit:153]X
[22:58:45.571] RX< [6] [cam] [83110][awb0][a5_core_wrapper_task:315]thread release cid,0,algo,2
[22:58:45.571] RX< [6] [cam] [83
[22:58:45.574] RX< 110][DfsSend][awb_wrapper_deinit:153]X
[22:58:45.574] RX< [6] [cam] [83110][DfsSend][cam_5a_core_deinit:555]X
[22:58:45.574] RX< [6] [cam] [83110][DfsSend][cam_5a_inf_deinit:149]X
[22:58:45.574] RX< [6] [cam] [83111][qpc0][qpc_core_msg_proc:705]thread release cid,0
[22:58:45.574] RX< [6] [cam] [83111][DfsSend][qpc_core_deinit:14
[22:58:45.574] RX< 13]X
[22:58:45.574] RX< [6] [cam] [83111][DfsSend][cam_cpm_core_deinit:1248]X
[22:58:45.574] RX< [6] [cam] [83112][DfsSend][csc_close:656]ok! phys_id[1], phys_num[1]
[22:58:45.574] RX< [7] [cam] [83112][cer0][cer_recovery_proc:352]msg type = 254
[22:58:45.574] RX< [6] [cam] [83112][cer0][cer_recovery_proc:454]thread release cid,
[22:58:45.602] RX< 0
[22:58:45.602] RX< [6] [cam] [83113][DfsSend][cer_deinit:560]X
[22:58:45.602] RX< [6] [cam] [83113][DfsSend][cam_close:789]close ok! logic_id[0]
[22:58:45.602] RX< [34m[cam close] perf=10332(us)!
[22:58:45.602] RX< [0m[6] [App Cam] cam close success
[22:58:45.602] RX< [6] [cam] [83114][cpl0][cam_prelude_proc_routine:136]thread release
[22:58:45.602] RX< [6] [ca
[22:58:45.602] RX< m] [83114][DfsSend][cam_exit:571]exit ok!
[22:58:45.602] RX< [34m[cam exit] perf=652(us)!
[22:58:45.602] RX< [0m[6] [App Cam] cam exit success
[22:58:45.602] RX< [6] [App Dfs] Save Video Successful: /emmc/VIDEO/20260101_000112_2759/Video_2759_0.h265
[22:58:45.602] RX< [6] [App Dfs] Save Imu Successful: /emmc/VIDEO/20260101_000
[22:58:45.714] TX> dfs_video_stop
[22:58:45.714] TX> echo "__EVBTEST_END_7aa8a75b__"
[22:58:47.604] RX< 112_2759/Imu_2759.bin
[22:58:47.604] RX< [6] [App Dfs] Video recording completed successfully.
[22:58:47.604] RX< ND_7aa8a75b__"
[22:58:47.604] RX< __EVBTEST_END_7aa8a75b__
[22:58:47.604] RX< msh /emmc>
[22:58:56.098] RX< rtmp_video_start rtmp://192.168.1.89/live/cam
[22:58:56.098] RX< [7] [cam] [93630][tshell][cgm_parse_bin:104]total logical camera num: 1
[22:58:56.098] RX< [6] [cam] [93630][tshell][cam_prelude_create:187]E id, 0
[22:58:56.098] RX< [7] [cam] [93631][cpl0][cam_prelude_proc_routine:101]thread start
[22:58:56.098] RX< [6] [cam] [936
[22:58:56.099] RX< 31][tshell][cam_prelude_create:214]X ctx size 132 addr 0x884de8c8
[22:58:56.099] RX< [6] [cam] [93636][tshell][sensor_probe:418]sensor [1]: identifing 0 success.
[22:58:56.099] RX< [6] [cam] [93637][tshell][sensor_probe:441]sensor [1]: probe exit!
[22:58:56.099] RX< [6] [cam] [93637][tshell][cam_prelude_fast_pr
[22:58:56.102] RX< obe:251]cam: 0 probe result: 0
[22:58:56.102] RX< [6] [cam] [93638][tshell][cgm_parse_bin:218]cam(0) probe success
[22:58:56.102] RX< [6] [cam] [93638][tshell][cam_entry:455]entry ok
[22:58:56.102] RX< [34m[cam entry] perf=8475(us)!
[22:58:56.102] RX< [0m[6] [App Cam] cam entry success
[22:58:56.102] RX< [7] [cam] [93639][tshell][cam_solve_layo
[22:58:56.102] RX< ut:350][mLayout] param OK, scen3 iw4032 ih2268 ow2304 oh1296 gdc 0x2
[22:58:56.102] RX< [36m[mLayout] scen03 in=4032x2268,out=1296x2304 meRot1 stripe0 gdcOn0
[22:58:56.102] RX< [0m[36m[mLayout] scen03 14entries solved status=OK retry=0 rtmp=enabled (cursor0=0x8a018210 cursor1=0x89300000, c
[22:58:56.105] RX< h0/1/2 cnt=5/1/1)
[22:58:56.105] RX< [0m[7] [cam] [93641][tshell][cam_solve_layout:377]
[22:58:56.105] RX< [mLayout] out vol 0x8c000000 rBuf 0x89300000 sz 0xd00000 wBuf 0x8a9e5400 sz 0x900000
[22:58:56.105] RX<           rtmp tBuf 0x8a098210 sz 0x80000 aBuf 0x8a018210 sz 0x80000
[22:58:56.105] RX< [7] [cam] [93642][tshell][cam_
[22:58:56.108] RX< solve_layout:397]Solve Scen3 layout Done!
[22:58:56.108] RX< [6] [cam] [93643][tshell][cgm_parse_media_para:274]phy cam num: 1
[22:58:56.108] RX< [7] [cam] [93643][cer0][cer_recovery_proc:343]thread start cid, 0
[22:58:56.108] RX< [6] [cam] [93643][tshell][csc_open:499]SENSOR MCLK cal: 24MHz
[22:58:56.108] RX< [6] [cam] [93644][
[22:58:56.108] RX< tshell][csc_isp_clk_cal:344]MIPI CLK cal: 277MHz
[22:58:56.108] RX< [6] [cam] [93644][tshell][csc_isp_clk_cal:374]LITE CLK cal: 25MHz
[22:58:56.108] RX< [7] [cam] [93645][tshell][cpc_csi_rx_power_on:633]E id: 2
[22:58:56.108] RX< [4] [cam] [93645][tshell][cpc_csi_rx_power_on:644]csi_2 has already power on, STAT
[22:58:56.113] RX< US: 1
[22:58:56.113] RX< [6] [cam] [93646][tshell][cpc_update_clock:603]actual SNS mclk: 24MHz
[22:58:56.113] RX< [6] [cam] [93646][tshell][cpc_update_clock:608]actual MIPI0: 300MHz
[22:58:56.113] RX< [6] [cam] [93646][tshell][cpc_update_clock:598]actual LITE clk: 25MHz
[22:58:56.113] RX< [7] [cam] [93647][tshell][cam_prelude_op
[22:58:56.113] RX< en:297][34msnsOpen camID1 csiID0 phyIdx0[0m
[22:58:56.113] RX< [6] [cam] [93650][tshell][sensor_expo_gain_match:48]sensor get sensor expo gain of imx681_vst
[22:58:56.113] RX< [6] [cam] [93650][tshell][sensor_open:684]sensor [1] open OK.
[22:58:56.113] RX< [6] [cam] [93651][tshell][cam_cpm_parse_media:295]vi
[22:58:56.118] RX< deo scenario:3, media para[fps:0, mirror_en:0, flip_en:0]
[22:58:56.118] RX< [6] [cam] [93651][tshell][cam_cpm_parse_media:298]video scenario, media para[iso:0, gain:0, wb_mode:0]
[22:58:56.118] RX< [6] [cam] [93652][tshell][csc_isp_clk_cal:355]FE CLK cal: 373MHz, ME CLK cal: 371MHz, FE/ME CL
[22:58:56.119] RX< K cal: 410MHz
[22:58:56.119] RX< [6] [cam] [93652][tshell][csc_isp_clk_cal:364]BE CLK cal: 301MHz
[22:58:56.119] RX< [4] [cam] [93653][tshell][cam_fe_core_power_on:269]fe pipe has already power on, STATUS: 1
[22:58:56.119] RX< [6] [cam] [93653][tshell][cpc_update_clock:588]actual FE/ME clk: 500MHz
[22:58:56.119] RX< [7] [cam] [9
[22:58:56.121] RX< 3654][tshell][cam_cpm_core_power_on:435]id,0 type,1 ret 0
[22:58:56.121] RX< [6] [cam] [93654][tshell][cam_cpm_core_init:1017]E id,0 sensor type,1
[22:58:56.121] RX< [6] [cam] [93657][tshell][cpm_core_check_tuningbin:957]Tuning bin crc check PASS! sum 0x17a5964, xor 0x87e82682
[22:58:56.121] RX< [6] [cam] [9365
[22:58:56.121] RX< 7][tshell][qpc_tuning_check_iqbin_validness:396]IQ bin addr: 0x88646660, project_name: video_3M
[22:58:56.121] RX< [6] [cam] [93658][tshell][qpc_tuning_check_iqbin_validness:397]total_size: 94400
[22:58:56.121] RX< [6] [cam] [93659][tshell][qpc_tuning_check_iqbin_validness:398]id_count: 93. I
[22:58:56.124] RX< D_TOTAL: 94
[22:58:56.124] RX< [6] [cam] [93659][tshell][qpc_tuning_check_iqbin_validness:399]spinel tuning data ver: V1.30
[22:58:56.124] RX< [6] [cam] [93660][tshell][cpm_core_check_tuningbin:971]IQ bin check success!
[22:58:56.124] RX< [6] [cam] [93660][tshell][cam_bm_core_init:94]E
[22:58:56.124] RX< [6] [cam] [93660][tshell
[22:58:56.124] RX< ][bm_lab_init:174]X ctx size 4 addr 0x884b98d8
[22:58:56.124] RX< [6] [cam] [93661][tshell][cam_bm_core_init:114]X ctx size 180 addr 0x884c1b30
[22:58:56.124] RX< [6] [cam] [93661][tshell][qpc_core_init:1299]E id,0
[22:58:56.124] RX< [6] [cam] [93662][tshell][qpc_queue_init:65]QPC init qnodes 8, size 508, pool
[22:58:56.142] RX<  0x884c2148
[22:58:56.142] RX< [7] [cam] [93662][tshell][_qpc_get_cap_cfg_para:896][fallback]preset capCfg 200 0 0 invalid, use default
[22:58:56.142] RX< [7] [cam] [93663][tshell][_qpc_cfg_hdr_frms:840][fallback]preset hdrCfg 0 0 0 0 0 invalid, use default
[22:58:56.142] RX< [6] [cam] [93678][tshell][qpc_core_
[22:58:56.142] RX< init:1347]X ctx size 1288 addr 0x884c1bf8
[22:58:56.142] RX< [6] [cam] [93678][tshell][cpm_core_get_param:764]cpm para chk: tunBin-w 4032 h 2266 img-w 4032 h 2268
[22:58:56.142] RX< [6] [cam] [93679][tshell][cam_fe_core_init:436]E id,0
[22:58:56.142] RX< [6] [cam] [93680][tshell][cam_fe_core_init:490]X ctx size
[22:58:56.147] TX> rtmp_video_start rtmp://192.168.1.89/live/cam
[22:58:56.147] TX> echo "__EVBTEST_END_efd7ecc6__"
[22:58:56.149] RX<  96 addr 0x884c3560
[22:58:56.149] RX< [7] [cam] [93681][tshell][qpc_core_fe_chords_init:1763][34mqpc fe init snsOut w 4032 h 2268, tbl w 28 h 20[0m
[22:58:56.149] RX< [6] [cam] [93681][tshell][cam_me_core_init:1523]X ctx size 1352 addr 0x884f1bc0
[22:58:56.149] RX< [34m[ME SLICE CFG] perf=1302(us)!
[22:58:56.149] RX< [0m[6]
[22:58:56.149] RX<  [cam] [93685][tshell][cam_bayer_fe_3a_stats_core_init:445]fe 3a id,0
[22:58:56.149] RX< [6] [cam] [93685][tshell][cam_bayer_fe_3a_stats_core_init:490]X ctx size 132 addr 0x884fa5e0
[22:58:56.149] RX< [6] [cam] [93685][tshell][awb_wrapper_init:66]xxx awb_bin=0x884e167c, awb_bin_length=8068
[22:58:56.149] RX< [6
[22:58:56.156] RX< ] [cam] [93686][tshell][awb_wrapper_init:86]X algo_handle 0x88500240
[22:58:56.156] RX< [7] [cam] [93686][awb0][a5_core_wrapper_task:252]thread start cid,0 algo type,2
[22:58:56.156] RX< [6] [cam] [93687][tshell][a5_core_init_task:426]thread created: awb0 mq=0x885022d0 thread=0x885023e8 sem=0
[22:58:56.156] RX< x88502260 ret=0
[22:58:56.156] RX< [6] [cam] [93687][tshell][bayer_ae_wrapper_init:68]E id,0 proc mode 0 
[22:58:56.156] RX< 
[22:58:56.156] RX< [AEC Proc] @[allib_ae_set_debug_log_flag] Line:129:[DEBUG] debug level/to_file/to_terminal: 22/1/1
[22:58:56.156] RX< [AEC Proc] @[AeInit] Line:377:[INFO] AE ver: 2026_V2.269
[22:58:56.156] RX< 
[22:58:56.156] RX< [AEC Proc
[22:58:56.158] RX< ] @[allib_ae_loadfunc] Line:193:[INFO] camera ID: 0
[22:58:56.158] RX< [AEC Proc] @[alAE_set_param] Line:576:[DEBUG] sw_maxtime 33004 ,pertline 10800, after check sensor step sw_max_time 33000.00
[22:58:56.158] RX< [AEC Proc] @[alAE_set_param] Line:581:[DEBUG] sw_mintime 43 ,pertline 10800, a
[22:58:56.158] RX< fter check sensor step sw_min_time 40.00
[22:58:56.158] RX< [AEC Proc] @[alAE_set_param] Line:514:[DEBUG] DEBUG minbv exptime 11 gain 100, minExpBV 13810
[22:58:56.158] RX< [AEC Proc] @[AeTuningParseSet] Line:167:[DEBUG] aeparam version 2.268 60803
[22:58:56.158] RX< [AEC Proc] @[alAE_set_param] Line:341:[DEBUG
[22:58:56.161] RX< ] INITEXP gain 100, shutter 33242, midtonegain 100, bv 2247
[22:58:56.161] RX< [6] [cam] [93698][tshell][bayer_ae_wrapper_init:119]X tline 10800 max_exp 33004 alg_hdl 0x88504b98 
[22:58:56.161] RX< [7] [cam] [93698][b_ae0][a5_core_wrapper_task:252]thread start cid,0 algo type,0
[22:58:56.161] RX< [6] [cam] [93
[22:58:56.161] RX< 699][tshell][a5_core_init_task:426]thread created: b_ae0 mq=0x88505c48 thread=0x88505d60 sem=0x88505bd8 ret=0
[22:58:56.161] RX< [6] [cam] [93699][tshell][atf_wrapper_init:67]E id,0
[22:58:56.161] RX< [6] [cam] [93700][tshell][atf_wrapper_init:107]X alg_ctx addr 0x88507148
[22:58:56.161] RX< [7] [cam] [93700][a
[22:58:56.177] RX< tf0][a5_core_wrapper_task:252]thread start cid,0 algo type,1
[22:58:56.177] RX< [6] [cam] [93700][tshell][a5_core_init_task:426]thread created: atf0 mq=0x88507280 thread=0x88507398 sem=0x88507210 ret=0
[22:58:56.177] RX< [6] [cam] [93701][tshell][cam_cpm_core_init:1149]X ctx size 1096 addr 0x
[22:58:56.177] RX< 884c16d8
[22:58:56.177] RX< [6] [cam] [93702][tshell][csc_open:599]ok! phys_id[1], phys_num[1] 
[22:58:56.177] RX< [6] [cam] [93702][tshell][cam_open:738]open ok! camera_id[0]
[22:58:56.177] RX< [34m[cam open] perf=63402(us)!
[22:58:56.177] RX< [0m[6] [App Cam] cam open success
[22:58:56.177] RX< [6] [cam] [93716][tshell][csc_init:722]sensor in
[22:58:56.180] RX< fo:size:4032x2268, formt: 0x2b, bps: 1968, tline: 10800
[22:58:56.180] RX< [6] [cam] [93716][tshell][cam_sif_mgr_init:261]E id,0
[22:58:56.180] RX< [7] [cam] [93717][sif0][sif_irq_proc:151]thread start cid,0
[22:58:56.180] RX< [6] [cam] [93717][tshell][cam_sif_mgr_init:293]X ctx size 52 addr 0x88541ba0
[22:58:56.180] RX< [6] [ca
[22:58:56.180] RX< m] [93718][tshell][cam_prelude_init_cfg:368]CSI ID is 0,  phy lanes is 2.
[22:58:56.180] RX< [7] [cam] [93718][tshell][check_phy_ready:96]MIPI_PHY[0] is ready
[22:58:56.180] RX< [6] [cam] [93719][tshell][sensor_init:348]sensor [1]: register ok
[22:58:56.180] RX< [6] [cam] [93719][tshell][sensor_set_mode:887]sen
[22:58:56.189] RX< sor [1]: SetMode -> mode = 0.
[22:58:56.189] RX< [6] [cam] [93719][tshell][sensor_send_reg_tab_to_sensor:705]sensor [1]: send_reg_tab_to_sensor E.
[22:58:56.189] RX< [6] [cam] [93723][tshell][sensor_send_reg_tab_to_sensor:751]sensor [1]: reg_count = 77.
[22:58:56.189] RX< [6] [cam] [93723][tshell][sensor_init:3
[22:58:56.189] RX< 61]sensor [1]: init success.
[22:58:56.189] RX< [6] [cam] [93723][tshell][sensor_set_mode:887]sensor [1]: SetMode -> mode = 3.
[22:58:56.189] RX< [6] [cam] [93724][tshell][sensor_send_reg_tab_to_sensor:705]sensor [1]: send_reg_tab_to_sensor E.
[22:58:56.189] RX< [6] [cam] [93728][tshell][sensor_send_reg_tab_to_
[22:58:56.192] RX< sensor:751]sensor [1]: reg_count = 83.
[22:58:56.192] RX< [6] [cam] [93728][tshell][csc_init:731]ok! phys_id[1], phys_num[1]
[22:58:56.192] RX< [6] [cam] [93729][tshell][csc_get_bayer_single_buffer:1148]scenario_type: 3
[22:58:56.192] RX< [6] [cam] [93729][tshell][csc_set_stats_fmt:98]index 0 w 1 h 1 bw 8 wcmp 
[22:58:56.192] RX< 255
[22:58:56.192] RX< [7] [cam] [93730][tshell][bm_ioctl:201]BMIOC_STATS_FMT
[22:58:56.192] RX< [6] [cam] [93730][tshell][csc_set_fe_fmt:47]index 1 w 4032 h 2268 bw 10 wcmp 0
[22:58:56.192] RX< [7] [cam] [93730][tshell][bm_ioctl:201]BMIOC_FE_FMT
[22:58:56.192] RX< [6] [cam] [93730][tshell][csc_set_me_fmt:64]index 5 w 2268 h 403
[22:58:56.194] RX< 2 bw 10 wcmp 0, rdma_addr 0x8a128c00, wdma_addr 0x8a128c00
[22:58:56.194] RX< [7] [cam] [93731][tshell][bm_ioctl:201]BMIOC_ME_FMT
[22:58:56.194] RX< [6] [cam] [93731][tshell][csc_set_video_fmt:1076]meta_addr: 0x8a118240
[22:58:56.194] RX< [6] [cam] [93732][tshell][csc_set_me_fmt:64]index 6 w 1296 h 2304 bw 8 w
[22:58:56.194] RX< cmp 255, rdma_addr 0x8b2e5400, wdma_addr 0x8c000000
[22:58:56.194] RX< [6] [cam] [93732][tshell][cam_me_core_buffer_cfg:1416]
[22:58:56.194] RX< ----ME PIPE INFO---
[22:58:56.194] RX<  wdma_buf_num:1, rotation_en: 1
[22:58:56.194] RX< [7] [cam] [93733][tshell][cam_me_core_buffer_cfg:1424]yuv wdma_addr 0:0x8c000000, meta_en: 1, 
[22:58:56.197] RX< 0x8a118240
[22:58:56.197] RX< [7] [cam] [93733][tshell][bm_ioctl:201]BMIOC_ME_FMT
[22:58:56.197] RX< [6] [cam] [93734][tshell][csc_set_lite_fmt:115]index 13 w 400 h 400 bw 10 wcmp 255
[22:58:56.197] RX< [7] [cam] [93734][tshell][bm_ioctl:201]BMIOC_LITE_FMT
[22:58:56.197] RX< [6] [cam] [93735][tshell][csc_set_lite_fmt:115]index 1
[22:58:56.200] RX< 4 w 400 h 400 bw 10 wcmp 255
[22:58:56.200] RX< [7] [cam] [93735][tshell][bm_ioctl:201]BMIOC_LITE_FMT
[22:58:56.200] RX< [6] [cam] [93736][tshell][csc_init:739]get otp ok! phys_id[1], phys_num[1]
[22:58:56.200] RX< [6] [cam] [93736][tshell][cam_init:828]init ok! logic_id[0]
[22:58:56.200] RX< [34m[cam init] perf=20557(us)!
[22:58:56.200] RX< [0m
[22:58:56.200] RX< [6] [App Cam] cam init success
[22:58:56.200] RX< [7] [cam] [93737][tshell][cam_cpm_core_stream_on:560]id 0 sensor type 1
[22:58:56.200] RX< [6] [cam] [93737][tshell][sensor_stream_on:1024]sensor [1]: stream_on
[22:58:56.200] RX< [6] [cam] [93738][tshell][sensor_stream_on:1052]sensor [1]: REG: 0x100, W:0x1.
[22:58:56.200] RX< [6
[22:58:56.217] RX< ] [cam] [93738][tshell][sensor_stream_on:1054]sensor [1]: REG: 0x100, R:0x1.
[22:58:56.217] RX< [6] [cam] [93738][tshell][csc_prv_start:873]ok! phys_id[1], phys_num[1], cam_ids[1]
[22:58:56.217] RX< [6] [cam] [93739][tshell][cam_start:938]preview start ok! logic_id[0]
[22:58:56.217] RX< [34m[cam start] perf=2
[22:58:56.233] RX< 522(us)!
[22:58:56.233] RX< [0m[6] [App Cam] cam start success
[22:58:56.233] RX< [RTMP] connecting rtmp://192.168.1.89/live/cam ...
[22:58:56.233] RX< [7] [cam] [93740][b_3a_sts][bayer_stats_core_irq_proc:164]thread start cid,0
[22:58:56.233] RX< [7] [cam] [93740][fe0][fe_core_irq_proc:98]thread start cid,0
[22:58:56.233] RX< [RTMP] connected to
[22:58:56.456] RX<  192.168.1.89:1935 (sock=6)
[22:58:56.456] RX< [RTMP] handshake (simple) ok
[22:58:56.456] RX< [34m[AE] fid=0,exp=7300,adg=100,Y=5664,mtg=100,shg=100,bgbv=4409,iso=100,cnv0,hdr0
[22:58:56.456] RX< [0m[34m[b_ae0 proc] perf=8175(us), max=8175(us)!
[22:58:56.456] RX< [0m[34m[awb0 proc] perf=3866(us), max=3866(us)!
[22:58:56.456] RX< [0m[RTMP] co
[22:58:56.456] RX< nnect _result ok
[22:58:56.456] RX< [RTMP] createStream -> msid=1
[22:58:56.456] RX< [RTMP] publish ready on rtmp://192.168.1.89:1935/live
[22:58:56.456] RX< [RTMP] config sent (42 bytes)
[22:58:56.456] RX< [RTMP] f_index = 0, f_len = 39
[22:58:56.456] RX< [RTMP] Push Start -> rtmp://192.168.1.89/live/cam
[22:58:56.456] RX< msh /emmc>echo "__EVBTEST_END_efd7ecc6__"
[22:58:56.456] RX< _
[22:58:56.984] RX< _EVBTEST_END_efd7ecc6__
[22:58:56.984] RX< msh /emmc>[6] [cam] [94032][me0][cpm_cb_fe2me_tikChk:152]frm_length 88561us, fe2me delta 0
[22:58:56.984] RX< [34m[ME INTP]fid=0, shutter=7300, perf=2155(us), max=2155(us)!
[22:58:56.984] RX< [0m[7] [cam] [94377][me0][me_core_thread:359]ME out fid 0
[22:58:56.984] RX< [RTMP] slow send f
[22:58:58.497] RX< rame 3 len=39501 dt=61ms
[22:58:58.497] RX< [34m[AE] fid=30,exp=10040,adg=282,Y=4728,mtg=180,shg=100,bgbv=1533,iso=282,cnv2,hdr0
[22:58:58.497] RX< [0m[7] [cam] [95377][me0][me_core_thread:359]ME out fid 30
[22:58:58.497] RX< [RTMP] slow send frame 31 len=64229 dt=57ms (IDR)
[22:58:58.497] RX< [34m[AE] fid=60,exp=10040,adg=275,
[22:58:59.503] RX< Y=4568,mtg=180,shg=100,bgbv=1525,iso=275,cnv2,hdr0
[22:58:59.503] RX< [0m[7] [cam] [96377][me0][me_core_thread:359]ME out fid 60
[22:58:59.503] RX< [34m[AE] fid=90,exp=10030,adg=288,Y=4705,mtg=180,shg=100,bgbv=1502,iso=288,cnv2,hdr0
[22:58:59.503] RX< [0m[34m[b_ae0 proc] perf=985(us), max=8175(us)!
[22:58:59.503] RX< [0m[34
[22:59:00.598] RX< m[awb0 proc] perf=3796(us), max=4167(us)!
[22:59:00.598] RX< [0m[RTMP] f_index = 90, f_len = 14176
[22:59:00.598] RX< [7] [cam] [97377][me0][me_core_thread:359]ME out fid 90
[22:59:00.598] RX< [34m[AE] fid=120,exp=9930,adg=275,Y=4715,mtg=180,shg=100,bgbv=1572,iso=275,cnv2,hdr0
[22:59:00.598] RX< [0m[34m[ME INTP]fid=120, shutte
[22:59:02.501] RX< r=9930, perf=238(us), max=6278(us)!
[22:59:02.501] RX< [0m[7] [cam] [98377][me0][me_core_thread:359]ME out fid 120
[22:59:02.501] RX< [34m[AE] fid=150,exp=10040,adg=275,Y=4571,mtg=180,shg=100,bgbv=1525,iso=275,cnv2,hdr0
[22:59:02.501] RX< [0m[7] [cam] [99376][me0][me_core_thread:359]ME out fid 150
[22:59:02.501] RX< [34m[AE] f
[22:59:02.837] RX< id=180,exp=9960,adg=275,Y=4719,mtg=180,shg=100,bgbv=1555,iso=275,cnv2,hdr0
[22:59:02.837] RX< [0m[34m[b_ae0 proc] perf=959(us), max=4109(us)!
[22:59:02.837] RX< [0m[34m[awb0 proc] perf=3795(us), max=4097(us)!
[22:59:02.837] RX< [0m[RTMP] f_index = 180, f_len = 15015
[22:59:02.837] RX< [7] [cam] [100376][me0][me_core_thread:3
[22:59:04.497] RX< 59]ME out fid 180
[22:59:04.497] RX< [34m[AE] fid=210,exp=9930,adg=282,Y=4562,mtg=180,shg=100,bgbv=1507,iso=282,cnv2,hdr0
[22:59:04.497] RX< [0m[7] [cam] [101376][me0][me_core_thread:359]ME out fid 210
[22:59:04.497] RX< [34m[AE] fid=240,exp=10000,adg=288,Y=4735,mtg=180,shg=100,bgbv=1514,iso=288,cnv2,hdr0
[22:59:04.497] RX< [0
[22:59:05.502] RX< m[34m[ME INTP]fid=240, shutter=10000, perf=6(us), max=2776(us)!
[22:59:05.502] RX< [0m[7] [cam] [102376][me0][me_core_thread:359]ME out fid 240
[22:59:05.502] RX< [34m[AE] fid=270,exp=10040,adg=275,Y=4646,mtg=180,shg=100,bgbv=1538,iso=275,cnv2,hdr0
[22:59:05.502] RX< [0m[34m[b_ae0 proc] perf=1018(us), max=2
[22:59:06.496] RX< 715(us)!
[22:59:06.496] RX< [0m[34m[awb0 proc] perf=3805(us), max=3865(us)!
[22:59:06.496] RX< [0m[RTMP] f_index = 270, f_len = 18966
[22:59:06.496] RX< [7] [cam] [103376][me0][me_core_thread:359]ME out fid 270
[22:59:06.496] RX< [34m[awb0 proc] perf=6333(us), max=6333(us)!
[22:59:06.496] RX< [0m[34m[AE] fid=300,exp=10070,adg=275,Y=4632,mtg=1
[22:59:08.497] RX< 80,shg=100,bgbv=1531,iso=275,cnv2,hdr0
[22:59:08.497] RX< [0m[7] [cam] [104376][me0][me_core_thread:359]ME out fid 300
[22:59:08.497] RX< [34m[AE] fid=330,exp=11070,adg=300,Y=4230,mtg=180,shg=100,bgbv=1254,iso=300,cnv2,hdr0
[22:59:08.497] RX< [0m[7] [cam] [105376][me0][me_core_thread:359]ME out fid 330
[22:59:08.596] RX< [34m[AE] fid=360,exp=14060,adg=300,Y=3956,mtg=180,shg=100,bgbv=946,iso=300,cnv2,hdr0
[22:59:08.596] RX< [0m[34m[b_ae0 proc] perf=1014(us), max=1304(us)!
[22:59:08.596] RX< [0m[34m[awb0 proc] perf=3946(us), max=6333(us)!
[22:59:08.596] RX< [0m[34m[ME INTP]fid=360, shutter=14060, perf=238(us), max=4125(us)
[22:59:10.495] RX< !
[22:59:10.495] RX< [0m[RTMP] f_index = 360, f_len = 14897
[22:59:10.495] RX< [7] [cam] [106375][me0][me_core_thread:359]ME out fid 360
[22:59:10.495] RX< [34m[AE] fid=390,exp=12680,adg=300,Y=4384,mtg=180,shg=100,bgbv=1136,iso=300,cnv2,hdr0
[22:59:10.495] RX< [0m[7] [cam] [107375][me0][me_core_thread:359]ME out fid 390
[22:59:10.495] RX< [34m[A
[22:59:11.499] RX< E] fid=420,exp=10110,adg=269,Y=4742,mtg=180,shg=100,bgbv=1583,iso=269,cnv2,hdr0
[22:59:11.499] RX< [0m[7] [cam] [108375][me0][me_core_thread:359]ME out fid 420
[22:59:11.499] RX< [34m[AE] fid=450,exp=10070,adg=288,Y=3535,mtg=180,shg=100,bgbv=1161,iso=288,cnv2,hdr0
[22:59:11.499] RX< [0m[34m[b_ae0 proc] perf=
[22:59:12.495] RX< 1008(us), max=3763(us)!
[22:59:12.495] RX< [0m[34m[awb0 proc] perf=3892(us), max=3954(us)!
[22:59:12.495] RX< [0m[RTMP] f_index = 450, f_len = 13037
[22:59:12.495] RX< [7] [cam] [109375][me0][me_core_thread:359]ME out fid 450
[22:59:12.495] RX< [34m[AE] fid=480,exp=10880,adg=300,Y=3870,mtg=180,shg=110,bgbv=1177,iso=300,cnv2,h
[22:59:13.847] RX< dr0
[22:59:13.847] RX< [0m[34m[ME INTP]fid=480, shutter=10880, perf=2433(us), max=5857(us)!
[22:59:13.847] RX< [0m[7] [cam] [110375][me0][me_core_thread:359]ME out fid 480
[22:59:13.847] RX< [34m[AE] fid=510,exp=15090,adg=344,Y=3461,mtg=180,shg=149,bgbv=606,iso=344,cnv2,hdr0
[22:59:13.847] RX< [0m[7] [cam] [111375][me0][me_co
[22:59:14.821] RX< re_thread:359]ME out fid 510
[22:59:14.821] RX< [34m[AE] fid=540,exp=14960,adg=344,Y=3609,mtg=180,shg=149,bgbv=653,iso=344,cnv2,hdr0
[22:59:14.821] RX< [0m[34m[b_ae0 proc] perf=983(us), max=1118(us)!
[22:59:14.821] RX< [0m[34m[awb0 proc] perf=3842(us), max=3938(us)!
[22:59:14.821] RX< [0m[RTMP] f_index = 540, f_len = 17474
[22:59:16.494] RX< [7] [cam] [112375][me0][me_core_thread:359]ME out fid 540
[22:59:16.494] RX< [34m[AE] fid=570,exp=15120,adg=363,Y=3901,mtg=180,shg=188,bgbv=691,iso=363,cnv2,hdr0
[22:59:16.494] RX< [0m[7] [cam] [113374][me0][me_core_thread:359]ME out fid 570
[22:59:16.494] RX< [34m[AE] fid=600,exp=12630,adg=300,Y=4339,mtg=180
[22:59:17.502] RX< ,shg=149,bgbv=1102,iso=300,cnv2,hdr0
[22:59:17.502] RX< [0m[34m[ME INTP]fid=600, shutter=12630, perf=828(us), max=4225(us)!
[22:59:17.502] RX< [0m[7] [cam] [114374][me0][me_core_thread:359]ME out fid 600
[22:59:17.502] RX< [34m[AE] fid=630,exp=13220,adg=300,Y=3430,mtg=180,shg=149,bgbv=837,iso=300,cnv2,hdr0
[22:59:17.502] RX< 
[22:59:18.494] RX< [0m[34m[b_ae0 proc] perf=1101(us), max=1113(us)!
[22:59:18.494] RX< [0m[34m[awb0 proc] perf=3857(us), max=4159(us)!
[22:59:18.494] RX< [0m[RTMP] f_index = 630, f_len = 14134
[22:59:18.494] RX< [7] [cam] [115374][me0][me_core_thread:359]ME out fid 630
[22:59:18.494] RX< [34m[AE] fid=660,exp=11570,adg=300,Y=4707,mtg=177,shg=13
[22:59:20.495] RX< 4,bgbv=1241,iso=300,cnv2,hdr0
[22:59:20.495] RX< [0m[7] [cam] [116374][me0][me_core_thread:359]ME out fid 660
[22:59:20.495] RX< [34m[AE] fid=690,exp=12340,adg=300,Y=3128,mtg=180,shg=100,bgbv=875,iso=300,cnv2,hdr0
[22:59:20.495] RX< [0m[7] [cam] [117374][me0][me_core_thread:359]ME out fid 690
[22:59:20.597] RX< [34m[AE] fid=720,exp=10250,adg=300,Y=4600,mtg=180,shg=100,bgbv=1402,iso=300,cnv2,hdr0
[22:59:20.597] RX< [0m[34m[b_ae0 proc] perf=959(us), max=1855(us)!
[22:59:20.597] RX< [0m[34m[awb0 proc] perf=3833(us), max=3926(us)!
[22:59:20.597] RX< [0m[34m[ME INTP]fid=720, shutter=10250, perf=1865(us), max=4716(us
[22:59:21.878] RX< )!
[22:59:21.878] RX< [0m[RTMP] f_index = 720, f_len = 15122
[22:59:21.878] RX< [7] [cam] [118374][me0][me_core_thread:359]ME out fid 720
[22:59:21.878] RX< [34m[AE] fid=750,exp=10250,adg=300,Y=4589,mtg=180,shg=100,bgbv=1398,iso=300,cnv2,hdr0
[22:59:21.878] RX< [0m[7] [cam] [119374][me0][me_core_thread:359]ME out fid 750
[22:59:21.878] RX< [34m[
[22:59:22.846] RX< awb0 proc] perf=6531(us), max=6531(us)!
[22:59:22.846] RX< [0m[4] [cam] [119451][qpc0][qpc_core_exception_check:405]discontinuous frame, now: 763, last: 761
[22:59:22.846] RX< [34m[AE] fid=780,exp=10260,adg=300,Y=4584,mtg=180,shg=100,bgbv=1394,iso=300,cnv2,hdr0
[22:59:22.846] RX< [0m[7] [cam] [120374][me0][me
[22:59:23.819] RX< _core_thread:359]ME out fid 780
[22:59:23.819] RX< [34m[AE] fid=810,exp=10250,adg=300,Y=4594,mtg=180,shg=100,bgbv=1398,iso=300,cnv2,hdr0
[22:59:23.819] RX< [0m[34m[b_ae0 proc] perf=964(us), max=2064(us)!
[22:59:23.819] RX< [0m[34m[awb0 proc] perf=3800(us), max=6531(us)!
[22:59:23.819] RX< [0m[RTMP] f_index = 810, f_len = 11
[22:59:24.849] RX< 604
[22:59:24.849] RX< [7] [cam] [121373][me0][me_core_thread:359]ME out fid 810
[22:59:24.849] RX< [34m[AE] fid=840,exp=10260,adg=300,Y=4581,mtg=180,shg=100,bgbv=1394,iso=300,cnv2,hdr0
[22:59:24.849] RX< [0m[34m[ME INTP]fid=840, shutter=10260, perf=6(us), max=3210(us)!
[22:59:24.849] RX< [0m[7] [cam] [122373][me0][me_core_thr
