[07:39:44.686] TX> 
[07:39:45.686] TX> 
[07:39:46.686] RX< 
[07:39:46.686] RX< msh />
[07:39:46.686] RX< msh />
[07:39:46.687] TX> 
[07:39:47.688] TX> 
[07:39:48.688] TX> 
[07:39:48.688] RX< 
[07:39:48.688] RX< msh />
[07:39:48.688] RX< msh />
[07:39:48.697] TX> echo "EVBTEST_HELLO"
[07:39:48.697] TX> echo "__EVBTEST_END_0f71cd35__"
[07:39:50.689] RX< 
[07:39:50.689] RX< msh />echo "EVBTEST_HELLO"
[07:39:50.689] RX< EVBTEST_HELLO
[07:39:50.689] RX< msh />echo "__EVBTEST_END_0f71cd35__"
[07:39:50.689] RX< __EVBTEST_END_0f71cd35__
[07:39:50.689] RX< msh />
[07:39:50.697] TX> wifi disc
[07:39:50.697] TX> echo "__EVBTEST_END_9bd3a249__"
[07:39:52.691] RX< wifi disc
[07:39:52.691] RX< [32m[I/WLAN.mgnt] disconnect success![0m
[07:39:52.691] RX< msh />echo "__EVBTEST_END_9bd3a249__"
[07:39:52.691] RX< __EVBTEST_END_9bd3a249__
[07:39:52.691] RX< msh />
[07:39:53.697] TX> wifi join G-Demo Gdemo@123
[07:39:53.697] TX> echo "__EVBTEST_END_27e6df2a__"
[07:39:54.692] RX< wifi join G-Demo Gdemo@123
[07:40:00.697] RX< [32m[I/WLAN.mgnt] wifi connect success ssid:G-Demo[0m
[07:40:00.697] RX< [32m[I/WLAN.mgnt] wifi connect success ssid:G-Demo[0m
[07:40:00.697] RX< msh />echo "__EVBTEST_END_27e6df2a__"
[07:40:00.697] RX< __EVBTEST_END_27e6df2a__
[07:40:00.697] RX< msh />
[07:40:02.697] RX< [32m[I/WLAN.lwip] Got IP address : 10.1.90.71[0m
[07:40:02.697] RX< [6] [SNTP] rtc synced: 2026-08-12 10:40:02 (tick=617779264)
[07:40:02.705] TX> ftp_server
[07:40:02.705] TX> echo "__EVBTEST_END_e0b35f86__"
[07:40:04.700] RX< ftp_server
[07:40:04.700] RX< 
[07:40:04.700] RX< [FTP] Ftp server init success!!!
[07:40:04.700] RX< msh />echo "__EVBTEST_END_e0b35f86__"
[07:40:04.700] RX< __EVBTEST_END_e0b35f86__
[07:40:04.700] RX< msh />
[07:40:08.521] TX> cam_set photo auto
[07:40:08.521] TX> echo "__EVBTEST_END_f56cb283__"
[07:40:08.701] RX< [32m[I/ftp] service launched success.[0m
[07:40:08.701] RX< cam_set photo auto
[07:40:08.701] RX< [6] [App Dfs] auto mode
[07:40:08.701] RX< msh />echo "__EVBTEST_END_f56cb283__"
[07:40:08.701] RX< __EVBTEST_END_f56cb283__
[07:40:08.701] RX< msh />
[07:40:09.709] TX> dfs_capture_start
[07:40:09.709] TX> echo "__EVBTEST_END_97de76e6__"
[07:40:09.718] RX< dfs_capture_start
[07:40:09.718] RX< [7] [cam] [69490][tshell][cgm_parse_bin:105]total logical camera num: 1
[07:40:09.718] RX< [6] [cam] [69490][tshell][cam_prelude_create:187]E id, 0
[07:40:09.718] RX< [7] [cam] [69490][cpl0][cam_prelude_proc_routine:101]thread start
[07:40:09.718] RX< [6] [cam] [69490][tshell][cam_prelude_crea
[07:40:09.720] RX< te:214]X ctx size 124 addr 0x88480c28
[07:40:09.720] RX< [6] [cam] [69496][tshell][sensor_probe:418]sensor [1]: identifing 0 success.
[07:40:09.720] RX< [6] [cam] [69498][tshell][sensor_probe:441]sensor [1]: probe exit!
[07:40:09.720] RX< [6] [cam] [69498][tshell][cam_prelude_fast_probe:251]cam: 0 probe result:
[07:40:09.721] RX<  0
[07:40:09.721] RX< [6] [cam] [69498][tshell][cgm_parse_bin:215]cam(0) probe success
[07:40:09.721] RX< [6] [cam] [69499][tshell][cam_entry:435]entry ok
[07:40:09.721] RX< [34m[cam entry] perf=9639(us)!
[07:40:09.721] RX< [0m[6] [App Cam] cam entry success
[07:40:09.721] RX< [36mmem_laySolv: scenario=01 in=4032x3024, me_rotate=1 me_stripe=1 
[07:40:09.723] RX< 
[07:40:09.723] RX< [0m[36mmem_laySolv: me_rot 1, me_stripe 1, eis 0, be_rot 0
[07:40:09.723] RX< [0mscen1 type26 bufAdr 0x89d40b70 sz 0x1400000 reCfg for bound!
[07:40:09.723] RX< [36mmem_laySolv: scen01 20 entries solved OK!
[07:40:09.723] RX< [0m[7] [cam] [69501][tshell][cam_solve_whole_layout:355]
[07:40:09.723] RX< scen1: vol 0x8c000000 
[07:40:09.723] RX< rbuf 0x8a000000 sz 0x1400000 wbuf 0x8b400000 sz 0x200000
[07:40:09.723] RX< [36mmem_laySolv: scenario=02 in=2016x1512, me_rotate=0 me_stripe=0 
[07:40:09.723] RX< [0m[36mmem_laySolv: me_rot 0, me_stripe 0, eis 0, be_rot 0
[07:40:09.723] RX< [0mscen2 type15 bufAdr 0x89ce3ef0 sz 0xd00000 reCfg for bound!
[07:40:09.723] RX< [3
[07:40:09.726] RX< 6mmem_laySolv: scen02 14 entries solved OK!
[07:40:09.726] RX< [0m[36mmem_laySolv: scenario=03 in=4032x2268, me_rotate=1 me_stripe=0 
[07:40:09.726] RX< [0m[36mmem_laySolv: me_rot 1, me_stripe 0, eis 0, be_rot 0
[07:40:09.726] RX< [0m[36mmem_laySolv: scen03 14 entries solved OK!
[07:40:09.726] RX< [0m[36mmem_laySolv: sce
[07:40:09.726] RX< nario=04 in=4032x3024, me_rotate=1 me_stripe=1 
[07:40:09.726] RX< [0m[36mmem_laySolv: me_rot 1, me_stripe 1, eis 0, be_rot 0
[07:40:09.726] RX< [0m[36mmem_laySolv: scen04 14 entries solved OK!
[07:40:09.726] RX< [0m[36mmem_laySolv: scenario=05 in=1008x0756, me_rotate=0 me_stripe=0 
[07:40:09.726] RX< [0m[36mmem_laySolv:
[07:40:09.729] RX<  me_rot 0, me_stripe 0, eis 0, be_rot 0
[07:40:09.729] RX< [0m[36mmem_laySolv: scen05 17 entries solved OK!
[07:40:09.729] RX< [0m[36mmem_laySolv: scenario=06 in=1008x0720, me_rotate=0 me_stripe=0 
[07:40:09.729] RX< [0m[36mmem_laySolv: me_rot 0, me_stripe 0, eis 0, be_rot 0
[07:40:09.729] RX< [0m[36mmem_laySolv: scen06 
[07:40:09.729] RX< 12 entries solved OK!
[07:40:09.729] RX< [0m[36mmem_laySolv: scenario=01 in=4032x3024, me_rotate=1 me_stripe=1 
[07:40:09.729] RX< [0mscen1 type26 bufAdr 0x89d40b70 sz 0x1400000 reCfg for bound!
[07:40:09.729] RX< [36mmem_laySolv: scen01 20 entries solved OK!
[07:40:09.729] RX< [0m[7] [cam] [69508][tshell][cam_solve_whole_l
[07:40:09.732] RX< ayout:383]Solve Whole-layout Done!
[07:40:09.732] RX< [6] [cam] [69508][tshell][cgm_parse_media_para:271]phy cam num: 1
[07:40:09.732] RX< [7] [cam] [69509][cer0][cer_recovery_proc:343]thread start cid, 0
[07:40:09.732] RX< [6] [cam] [69509][tshell][csc_open:443]SENSOR MCLK cal: 24MHz
[07:40:09.732] RX< [6] [cam] [69510][tshell]
[07:40:09.732] RX< [csc_isp_clk_cal:344]MIPI CLK cal: 346MHz
[07:40:09.732] RX< [6] [cam] [69510][tshell][csc_isp_clk_cal:371]LITE CLK cal: 28MHz
[07:40:09.732] RX< [7] [cam] [69510][tshell][cpc_csi_rx_power_on:633]E id: 2
[07:40:09.732] RX< [4] [cam] [69511][tshell][cpc_csi_rx_power_on:644]csi_2 has already power on, STATUS: 1
[07:40:09.738] RX< [6] [cam] [69511][tshell][cpc_update_clock:603]actual SNS mclk: 24MHz
[07:40:09.738] RX< [6] [cam] [69511][tshell][cpc_update_clock:608]actual MIPI0: 500MHz
[07:40:09.738] RX< [6] [cam] [69512][tshell][cpc_update_clock:598]actual LITE clk: 50MHz
[07:40:09.738] RX< [7] [cam] [69512][tshell][cam_prelude_open:297]
[07:40:09.738] RX< [34msnsOpen camID1 csiID0 phyIdx0[0m
[07:40:09.738] RX< [6] [cam] [69517][tshell][sensor_expo_gain_match:48]sensor get sensor expo gain of imx681_vst
[07:40:09.738] RX< [6] [cam] [69517][tshell][sensor_open:684]sensor [1] open OK.
[07:40:09.738] RX< [6] [cam] [69518][tshell][cam_cpm_parse_media:280]photo sce
[07:40:09.741] RX< nario, media para[mfnr:0, hdr:0, capture_num:0]
[07:40:09.741] RX< [6] [cam] [69518][tshell][cam_cpm_parse_media:283]photo scenario, media para[iso:0, gain:0, wb_mode:0]
[07:40:09.741] RX< [6] [cam] [69519][tshell][csc_isp_clk_cal:353]FE CLK cal: 426MHz, ME CLK cal: 462MHz, FE/ME CLK cal: 508
[07:40:09.741] RX< MHz
[07:40:09.741] RX< [6] [cam] [69519][tshell][csc_isp_clk_cal:360]BE CLK cal: 401MHz
[07:40:09.741] RX< [4] [cam] [69520][tshell][cam_fe_core_power_on:269]fe pipe has already power on, STATUS: 1
[07:40:09.741] RX< [6] [cam] [69520][tshell][cpc_update_clock:588]actual FE/ME clk: 550MHz
[07:40:09.741] RX< [4] [cam] [69521][tshe
[07:40:09.744] RX< ll][cam_be_core_power_on:964]be pipe has already power on, STATUS: 1
[07:40:09.744] RX< [6] [cam] [69521][tshell][cpc_update_clock:593]actual BE clk: 500MHz
[07:40:09.744] RX< [7] [cam] [69522][tshell][cam_cpm_core_power_on:425]id,0 type,1 ret 0
[07:40:09.744] RX< [6] [cam] [69522][tshell][cam_cpm_core_init:914
[07:40:09.744] RX< ]E id,0 sensor type,1
[07:40:09.744] RX< [6] [cam] [69523][tshell][cpm_core_check_tuningbin:854]Tuning bin crc check PASS! sum 0xc9b121ad, xor 0x29d57d51
[07:40:09.744] RX< [6] [cam] [69523][tshell][qpc_tuning_check_iqbin_validness:396]IQ bin addr: 0x8869de60, project_name: capture_12M
[07:40:09.744] RX< [6] [
[07:40:09.747] RX< cam] [69524][tshell][qpc_tuning_check_iqbin_validness:397]total_size: 107856
[07:40:09.747] RX< [6] [cam] [69524][tshell][qpc_tuning_check_iqbin_validness:398]id_count: 93. ID_TOTAL: 94
[07:40:09.747] RX< [6] [cam] [69525][tshell][qpc_tuning_check_iqbin_validness:399]spinel tuning data ver: V
[07:40:09.747] RX< 1.30
[07:40:09.747] RX< [6] [cam] [69525][tshell][cpm_core_check_tuningbin:868]IQ bin check success!
[07:40:09.747] RX< [6] [cam] [69526][tshell][cam_bm_core_init:94]E
[07:40:09.747] RX< [6] [cam] [69526][tshell][bm_lab_init:174]X ctx size 4 addr 0x88451900
[07:40:09.747] RX< [6] [cam] [69527][tshell][cam_bm_core_init:114]X ctx 
[07:40:09.754] RX< size 180 addr 0x88483788
[07:40:09.754] RX< [6] [cam] [69527][tshell][qpc_core_init:1218]E id,0
[07:40:09.754] RX< [6] [cam] [69528][tshell][qpc_queue_init:65]QPC init qnoet capCfg 200 3 4
[07:40:09.754] RX<  ol 0x88484738
[07:40:09.754] RX< [6] [cam] [69528][tshell][_qpc_get_cap_cfg_para:892]preset capCfg 200 3 4
[07:40:09.754] RX< [7] [cam] [695
[07:40:09.754] RX< 28][tshell][_qpc_cfg_hdr_frms:840]hdr preset - gainThres 1600
[07:40:09.754] RX< FrmNB:	TNR	|EV-	|EV0	|EV+
[07:40:09.754] RX< LDR:	 3	| 5	| -	| 3
[07:40:09.754] RX< LLLDR:	 3	| 5	| -	| 3
[07:40:09.754] RX< HDR:	 3	| 5	| 3	| 1
[07:40:09.754] RX< LLHDR:	 3	| 5	| 3	| 1
[07:40:09.754] RX< 
[07:40:09.754] RX< [6] [cam] [69534][tshell][qpc_core_init:1264]X ctx size 3800 addr 0x88483850
[07:40:09.754] RX< [6] [c
[07:40:09.759] RX< am] [69534][tshell][cpm_core_get_param:666]cpm para chk: tunBin-w 4000 h 3000 img-w 4032 h 3024
[07:40:09.759] RX< [6] [cam] [69535][tshell][cam_fe_core_init:436]E id,0
[07:40:09.759] RX< [6] [cam] [69535][tshell][cam_fe_core_init:490]X ctx size 100 addr 0x884952c8
[07:40:09.759] RX< [7] [cam] [69536][tshell][
[07:40:09.759] RX< qpc_core_fe_chords_init:1659][34mqpc fe init snsOut w 4032 h 3024, tbl w 28 h 20[0m
[07:40:09.759] RX< [6] [cam] [69536][tshell][cam_me_core_init:1474]X ctx size 1352 addr 0x88497630
[07:40:09.759] RX< [34m[ME SLICE CFG] perf=1518(us)!
[07:40:09.759] RX< [0m[6] [cam] [69539][tshell][cam_bayer_fe_3a_stats_co
[07:40:09.761] RX< re_init:445]fe 3a id,0
[07:40:09.761] RX< [6] [cam] [69539][tshell][cam_bayer_fe_3a_stats_core_init:490]X ctx size 132 addr 0x884a0050
[07:40:09.761] RX< [6] [cam] [69540][tshell][cam_be_core_init:618]E id,0
[07:40:09.761] RX< [7] [cam] [69540][be0][be_core_irq_proc:267]thread start cid,0
[07:40:09.761] RX< [6] [cam] [69540][tsh
[07:40:09.762] RX< ell][cam_be_core_init:710]X ctx size 464 addr 0x884a03e0
[07:40:09.762] RX< [6] [cam] [69541][tshell][cam_lite_core_init:433]E id,0
[07:40:09.762] RX< [7] [cam] [69541][lite0][lite_core_irq_proc:152]thread start cid,0
[07:40:09.762] RX< [6] [cam] [69541][tshell][cam_lite_core_init:497]X ctx size 164 addr 0x884a
[07:40:09.766] RX< 2e30
[07:40:09.766] RX< [6] [cam] [69542][tshell][awb_wrapper_init:66]xxx awb_bin=0x88486e24, awb_bin_length=8068
[07:40:09.766] RX< [6] [cam] [69542][tshell][awb_wrapper_init:86]X algo_handle 0x884aae68
[07:40:09.766] RX< [7] [cam] [69543][awb0][a5_core_wrapper_task:252]thread start cid,0 algo type,2
[07:40:09.766] RX< [6] [cam
[07:40:09.766] RX< ] [69543][tshell][a5_core_init_task:426]thread created: awb0 mq=0x884ad160 thread=0x884ad278 sem=0x884ad0f0 ret=0
[07:40:09.766] RX< [6] [cam] [69544][tshell][bayer_ae_wrapper_init:68]E id,0 proc mode 1 
[07:40:09.766] RX< 
[07:40:09.766] RX< [AEC Proc] @[allib_ae_set_debug_log_flag] Line:129:[DEBUG] debug leve
[07:40:09.769] RX< l/to_file/to_terminal: 22/1/1
[07:40:09.769] RX< [AEC Proc] @[AeInit] Line:377:[INFO] AE ver: 2026_V2.269
[07:40:09.769] RX< 
[07:40:09.769] RX< [AEC Proc] @[allib_ae_loadfunc] Line:193:[INFO] camera ID: 0
[07:40:09.769] RX< [AEC Proc] @[AeInit] Line:404:[DEBUG] init imu detector sucessed!
[07:40:09.769] RX< [AEC Proc] @[AeInit] Line:406:[DEBUG] i
[07:40:09.769] RX< mu init errcode:0
[07:40:09.769] RX< [AEC Proc] @[alAE_set_param] Line:575:[DEBUG] sw_maxtime 66381 ,pertline 9444, after check sensor step sw_max_time 66375.00
[07:40:09.769] RX< [AEC Proc] @[alAE_set_param] Line:580:[DEBUG] sw_mintime 37 ,pertline 9444, after check sensor step sw_min_time 3
[07:40:09.771] RX< 6.00
[07:40:09.771] RX< [AEC Proc] @[alAE_set_param] Line:513:[DEBUG] DEBUG minbv exptime 9 gain 100, minExpBV 14098
[07:40:09.771] RX< [AEC Proc] @[AeTuningParseSet] Line:167:[DEBUG] aeparam version 2.268 60704
[07:40:09.771] RX< [AEC Proc] @[alAE_set_param] Line:340:[DEBUG] INITEXP gain 100, shutter 8000, mid
[07:40:09.771] RX< tonegain 100, bv 4303
[07:40:09.771] RX< [6] [cam] [69551][tshell][bayer_ae_wrapper_init:119]X tline 9444 max_exp 66381 alg_hdl 0x884afa28 
[07:40:09.771] RX< [7] [cam] [69551][b_ae0][a5_core_wrapper_task:252]thread start cid,0 algo type,0
[07:40:09.771] RX< [6] [cam] [69552][tshell][a5_core_init_task:426]thre
[07:40:09.774] RX< ad created: b_ae0 mq=0x884b6300 thread=0x884b6418 sem=0x884b6290 ret=0
[07:40:09.774] RX< [6] [cam] [69552][tshell][atf_wrapper_init:67]E id,0
[07:40:09.774] RX< [6] [cam] [69553][tshell][atf_wrapper_init:107]X alg_ctx addr 0x884b88d8
[07:40:09.774] RX< [7] [cam] [69553][atf0][a5_core_wrapper_task:252]thread st
[07:40:09.782] RX< art cid,0 algo type,1
[07:40:09.782] RX< [6] [cam] [69554][tshell][a5_core_init_task:426]thread created: atf0 mq=0x884bac30 thread=0x884bad48 sem=0x884babc0 ret=0
[07:40:09.782] RX< [6] [cam] [69554][tshell][cam_cpm_core_init:1030]X ctx size 1064 addr 0x88483350
[07:40:09.782] RX< [6] [cam] [69555][tshell][csc
[07:40:09.782] RX< _open:527]ok! phys_id[1], phys_num[1] 
[07:40:09.782] RX< [6] [cam] [69555][tshell][cam_open:699]open ok! camera_id[0]
[07:40:09.782] RX< [34m[cam open] perf=55978(us)!
[07:40:09.782] RX< [0m[6] [App Cam] cam open success
[07:40:09.782] RX< [6] [cam] [69561][tshell][csc_init:637]sensor info:size:4032x3024, formt: 0x2b, bps: 24
[07:40:09.785] RX< 96, tline: 9444
[07:40:09.785] RX< [6] [cam] [69561][tshell][cam_sif_mgr_init:261]E id,0
[07:40:09.785] RX< [7] [cam] [69562][sif0][sif_irq_proc:151]thread start cid,0
[07:40:09.785] RX< [6] [cam] [69562][tshell][cam_sif_mgr_init:293]X ctx size 52 addr 0x884d3de0
[07:40:09.785] RX< [7] [cam] [69563][tshell][sif_btm_paramSet:102]
[07:40:09.785] RX< btm lite w4032 h4032 binEn1 binRatio2
[07:40:09.785] RX< [7] [cam] [69563][tshell][sif_btm_paramSet:106]cropSlct2 x0 y0 w4032 h4032
[07:40:09.785] RX< [6] [cam] [69564][tshell][cam_prelude_init_cfg:368]CSI ID is 0,  phy lanes is 2.
[07:40:09.785] RX< [7] [cam] [69564][tshell][check_phy_ready:96]MIPI_PHY[0] is r
[07:40:09.813] RX< eady
[07:40:09.813] RX< [6] [cam] [69564][tshell][sensor_init:348]sensor [1]: register ok
[07:40:09.813] RX< [6] [cam] [69565][tshell][sensor_set_mode:852]sensor [1]: SetMode -> mode = 0.
[07:40:09.813] RX< [6] [cam] [69565][tshell][sensor_send_reg_tab_to_sensor:704]sensor [1]: send_reg_tab_to_sensor E.
[07:40:09.813] RX< [6] [c
[07:40:09.813] RX< am] [69576][tshell][sensor_send_reg_tab_to_sensor:726]sensor [1]: reg_count = 77.
[07:40:09.813] RX< [6] [cam] [69578][tshell][sensor_init:361]sensor [1]: init success.
[07:40:09.813] RX< [6] [cam] [69578][tshell][sensor_set_mode:852]sensor [1]: SetMode -> mode = 1.
[07:40:09.813] RX< [6] [cam] [69578][tshell][
[07:40:09.816] RX< sensor_send_reg_tab_to_sensor:704]sensor [1]: send_reg_tab_to_sensor E.
[07:40:09.816] RX< [6] [cam] [69593][tshell][sensor_send_reg_tab_to_sensor:726]sensor [1]: reg_count = 84.
[07:40:09.816] RX< [6] [cam] [69593][tshell][csc_init:646]ok! phys_id[1], phys_num[1]
[07:40:09.816] RX< [6] [cam] [69594][tshell][cs
[07:40:09.816] RX< c_get_bayer_single_buffer:1038]scenario_type: 1
[07:40:09.816] RX< [6] [cam] [69594][tshell][csc_set_stats_fmt:98]index 0 w 1 h 1 bw 8 wcmp 255
[07:40:09.816] RX< [7] [cam] [69595][tshell][bm_ioctl:201]BMIOC_STATS_FMT
[07:40:09.816] RX< [6] [cam] [69595][tshell][csc_set_fe_fmt:47]index 1 w 4032 h 3024 bw 10 wcm
[07:40:09.819] RX< p 0
[07:40:09.819] RX< [7] [cam] [69596][tshell][bm_ioctl:201]BMIOC_FE_FMT
[07:40:09.819] RX< [6] [cam] [69596][tshell][csc_set_lite_fmt:115]index 2 w 1008 h 720 bw 8 wcmp 255
[07:40:09.819] RX< [7] [cam] [69596][tshell][bm_ioctl:201]BMIOC_LITE_FMT
[07:40:09.819] RX< [6] [cam] [69597][tshell][csc_set_lite_fmt:115]index 21 w 1008
[07:40:09.819] RX<  h 720 bw 8 wcmp 255
[07:40:09.819] RX< [7] [cam] [69597][tshell][bm_ioctl:201]BMIOC_LITE_FMT
[07:40:09.819] RX< [6] [cam] [69597][tshell][csc_set_be_fmt:81]index 25 w 0 h 0 bw 8 wcmp 255
[07:40:09.819] RX< [7] [cam] [69598][tshell][bm_ioctl:201]BMIOC_BE_FMT
[07:40:09.819] RX< [6] [cam] [69598][tshell][csc_set_be_fmt:81]index 22
[07:40:09.821] RX<  w 480 h 360 bw 8 wcmp 255
[07:40:09.821] RX< [7] [cam] [69599][tshell][bm_ioctl:201]BMIOC_BE_FMT
[07:40:09.821] RX< [6] [cam] [69599][tshell][csc_set_me_fmt:64]index 5 w 3024 h 4032 bw 10 wcmp 0, rdma_addr 0x8919f780, wdma_addr 0x8919f780
[07:40:09.821] RX< [7] [cam] [69600][tshell][bm_ioctl:201]BMIOC_ME_FMT
[07:40:09.821] RX< [6] [cam] [69600][tshell][csc_set_me_fmt:64]index 6 w 3024 h 4032 bw 8 wcmp 255, rdma_addr 0x88795200, wdma_addr 0x8c000000
[07:40:09.821] RX< [6] [cam] [69601][tshell][cam_me_core_buffer_cfg:1367]
[07:40:09.821] RX< ----ME PIPE INFO---
[07:40:09.821] RX<  wdma_buf_num:1, rotation_en: 1
[07:40:09.821] RX< [7] [cam] [69601][tshell
[07:40:09.824] RX< ][cam_me_core_buffer_cfg:1375]yuv wdma_addr 0:0x8c000000, meta_en: 0, 0x00000000
[07:40:09.824] RX< [7] [cam] [69602][tshell][bm_ioctl:201]BMIOC_ME_FMT
[07:40:09.824] RX< [6] [cam] [69602][tshell][csc_init:654]get otp ok! phys_id[1], phys_num[1]
[07:40:09.824] RX< [6] [cam] [69603][tshell][cam_init:789]init ok
[07:40:09.824] RX< ! logic_id[0]
[07:40:09.824] RX< [34m[cam init] perf=41474(us)!
[07:40:09.824] RX< [0m[6] [App Cam] cam init success
[07:40:09.824] RX< [7] [cam] [69603][tshell][cam_cpm_core_stream_on:541]id 0 sensor type 1
[07:40:09.824] RX< [6] [cam] [69604][tshell][sensor_stream_on:979]sensor [1]: stream_on
[07:40:09.824] RX< [6] [cam] [69604][tshell][sensor
[07:40:09.842] RX< _stream_on:1007]sensor [1]: REG: 0x100, W:0x1.
[07:40:09.842] RX< [6] [cam] [69605][tshell][sensor_stream_on:1009]sensor [1]: REG: 0x100, R:0x1.
[07:40:09.842] RX< [6] [cam] [69605][tshell][csc_prv_start:783]ok! phys_id[1], phys_num[1], cam_ids[1]
[07:40:09.842] RX< [6] [cam] [69605][tshell][cam_start:897]previ
[07:40:09.842] RX< ew start ok! logic_id[0]
[07:40:09.842] RX< [34m[cam start] perf=2394(us)!
[07:40:09.842] RX< [0m[6] [App Cam] cam start success
[07:40:09.842] RX< [6] [App Dfs] Gravity_XR Capture Start
[07:40:09.842] RX< msh />echo "__EVBTEST_END_97de76e6__"
[07:40:09.842] RX< __EVBTEST_END_97de76e6__
[07:40:09.842] RX< msh />[7] [cam] [69607][b_3a_sts][bayer_stats_core_irq_proc
[07:40:09.883] RX< :164]thread start cid,0
[07:40:09.883] RX< [7] [cam] [69607][fe0][fe_core_irq_proc:98]thread start cid,0
[07:40:09.883] RX< [34m[AE] fid=0,exp=13239,adg=400,Y=808,mtg=100,shg=100,bgbv=1645,iso=400,cnv0,hdr0
[07:40:09.883] RX< [0m[34m[b_ae0 proc] perf=2701(us), max=2701(us)!
[07:40:09.883] RX< [0m[34m[awb0 proc] perf=1452(us
[07:40:10.249] RX< ), max=1452(us)!
[07:40:10.249] RX< [0m[34m[AE conv] fid=11,exp=15354,adg=400,Y=4587,mtg=354,shg=100,bgbv=1431,iso=400,cnv1,hdr1
[07:40:10.249] RX< [0m[7] [cam] [70012][fe0][_qpc_hdr_rslt_chk:1564]
[07:40:10.249] RX< ALG: EV0 t15354 g400 | EV+ t15354 g400 | EV- t10116 g169
[07:40:10.249] RX< [6] [cam] [70013][fe0][qpc_core_hd
[07:40:10.331] RX< r_mapExp_cfg:1632]evMapExp set OK, typ:2 1 FF num:3 5 0
[07:40:10.331] RX< [34m[cap] FE sync ME @fid11 as mod2 cfg0x01, cap 8frms @fid+3
[07:40:10.331] RX< [0m[7] [cam] [70049][qpc0][qpc_core_hdr_upd_sensor:558][HDRupd]: Sns cap-0 EV:0->2 st-15354 ag-400
[07:40:10.331] RX< [6] [cam] [70095][me0][cpm_cb_fe2me_
[07:40:10.350] RX< tikChk:152]frm_length 33330us, fe2me delta 12
[07:40:10.350] RX< [7] [cam] [70095][qpc0][qpc_core_hdr_upd_me:605][HDRupd] ME cap-0 EV:0->2, dg-100
[07:40:10.350] RX< [7] [JPEG] frame num=8, pre frame=873813 Bytes
[07:40:10.350] RX< [exif] cap 0, bv 1436 exp 15354 iso 400 time 70099
[07:40:10.350] RX< [6] [cam] [70115][fe0][_cpm_
[07:40:10.412] RX< cb_jpegInfo_proc:602]SnapStream E @ frm15!
[07:40:10.412] RX< [cap] oFrm15 Ym15126 bv1185 lux181
[07:40:10.412] RX< [32m[BE] fid=0, perf=1450(us), max=1450(us)!
[07:40:10.412] RX< [0m[7] [cam] [70152][qpc0][qpc_core_hdr_upd_sensor:558][HDRupd]: Sns cap-3 EV:2->1 st-10116 ag-169
[07:40:10.412] RX< [34m[cap] fid: me0 fe16, perf=
[07:40:10.498] RX< 556876(us)!
[07:40:10.498] RX< [0m[7] [cam] [70163][me0][me_core_thread:322]ME out fid 0
[07:40:10.498] RX< [cap] oFrm16 Ym16361 bv1034 lux163
[07:40:10.498] RX< [cap] oFrm17 Ym16426 bv1088 lux170
[07:40:10.498] RX< [exif] cap 3, bv 1436 exp 10116 iso 169 time 70205
[07:40:10.498] RX< [cap] oFrm18 Ym5373 bv-545 lux54
[07:40:10.498] RX< [cap] oFrm19 Ym5835 bv-467 lux
[07:40:10.749] RX< 57
[07:40:10.749] RX< [cap] oFrm20 Ym5843 bv-624 lux51
[07:40:10.749] RX< [cap] oFrm21 Ym5728 bv-551 lux54
[07:40:10.749] RX< [cap] oFrm22 Ym7083 bv-2209 lux17
[07:40:10.749] RX< [6] [cam] [70381][fe0][_cpm_cb_jpegInfo_proc:610]SnapStream X @ frm23!
[07:40:10.749] RX< [34m[cap] fid: me7 fe23, perf=31783(us)!
[07:40:10.749] RX< [0m[6] [App Dfs] Gravity_XR Capture Sto
[07:40:10.749] RX< p Success: total frames = 8
[07:40:10.749] RX< [6] [cam] [70527][DfsSend][sensor_stream_off:1143]sensor [1]: stream_off
[07:40:10.749] RX< [6] [cam] [70528][DfsSend][sensor_stream_off:1172]sensor [1]: REG: 0x100, W:0x0.
[07:40:10.749] RX< [6] [cam] [70528][DfsSend][sensor_stream_off:1174]sensor [1]: REG: 0x100,
[07:40:10.753] RX<  R:0x0.
[07:40:10.753] RX< [6] [cam] [70528][DfsSend][csc_prv_stop:893]ok! phys_id[1], phys_num[1], stop_type = 0
[07:40:10.753] RX< [6] [cam] [70529][DfsSend][cam_stop:1017]preview stop ok! logic_id[0]
[07:40:10.753] RX< [34m[cam stop] perf=2441(us)!
[07:40:10.753] RX< [0m[6] [App Cam] cam stop success
[07:40:10.753] RX< [7] [cam] [70530][DfsSe
[07:40:10.753] RX< nd][cam_cpm_core_power_off:457]id,0 type,1 ret 0
[07:40:10.753] RX< [6] [cam] [70530][sif0][sif_irq_proc:174]thread release cid,0
[07:40:10.753] RX< [6] [cam] [70531][DfsSend][cam_sif_mgr_deinit:316]X
[07:40:10.753] RX< [6] [cam] [70531][DfsSend][cam_deinit:846]deinit ok! logic_id[0]
[07:40:10.753] RX< [34m[cam deinit] perf=122
[07:40:10.756] RX< 0(us)!
[07:40:10.756] RX< [0m[6] [App Cam] cam deinit success
[07:40:10.756] RX< [6] [cam] [70532][DfsSend][sensor_close:1247]sensor [1]: close!
[07:40:10.756] RX< [6] [cam] [70534][DfsSend][cam_bm_core_deinit:136]X
[07:40:10.756] RX< [INFO]	cpm[0] snsType1 capMod2 cfg0x01 8frms
[07:40:10.756] RX< [head]  frmID ref 11 eff 15 sns 13 cdma 14 
[07:40:10.756] RX< [AEr
[07:40:10.756] RX< lt] flags fid 11 isWdr 1 isConv 1 sport 0 scen 1
[07:40:10.756] RX<         info  Lux 215 Ymean 4587 nxtBV -461 bgBV 1431
[07:40:10.756] RX< [exp]   norm  st15354 adg00400 ispg00100
[07:40:10.756] RX<         short st10116 adg00169 ispg00100
[07:40:10.756] RX<         long  st15354 adg00400 ispg00100
[07:40:10.756] RX< [head]  frmID ref 10 eff 14
[07:40:10.759] RX<  sns 12 cdma 13 
[07:40:10.759] RX< [AErlt] flags fid 10 isWdr 0 isConv 2 sport 0 scen 0
[07:40:10.759] RX<         info  Lux 216 Ymean 4615 nxtBV 1366 bgBV 1434
[07:40:10.759] RX< [exp]   norm  st15327 adg00400 ispg00100
[07:40:10.759] RX<         short st00000 adg00000 ispg00100
[07:40:10.759] RX<         long  st00000 adg00000 ispg00100
[07:40:10.759] RX< [head]
[07:40:10.759] RX<   frmID ref 9 eff 13 sns 11 cdma 12 
[07:40:10.759] RX< [AErlt] flags fid 9 isWdr 0 isConv 0 sport 0 scen 0
[07:40:10.759] RX<         info  Lux 216 Ymean 4552 nxtBV 1366 bgBV 1436
[07:40:10.759] RX< [exp]   norm  st15300 adg00400 ispg00100
[07:40:10.759] RX<         short st00000 adg00000 ispg00100
[07:40:10.759] RX<         long  st00000 adg0000
[07:40:10.761] RX< 0 ispg00100
[07:40:10.761] RX< [head]  frmID ref 8 eff 12 sns 10 cdma 11 
[07:40:10.761] RX< [AErlt] flags fid 8 isWdr 0 isConv 0 sport 0 scen 0
[07:40:10.761] RX<         info  Lux 216 Ymean 4816 nxtBV 1366 bgBV 1433
[07:40:10.761] RX< [exp]   norm  st15336 adg00400 ispg00100
[07:40:10.761] RX<         short st00000 adg00000 ispg00100
[07:40:10.761] RX<         lo
[07:40:10.761] RX< ng  st00000 adg00000 ispg00100
[07:40:10.761] RX< [head]  frmID ref 7 eff 11 sns 9 cdma 10 
[07:40:10.761] RX< [AErlt] flags fid 7 isWdr 0 isConv 0 sport 0 scen 0
[07:40:10.761] RX<         info  Lux 217 Ymean 3257 nxtBV 1379 bgBV 1447
[07:40:10.761] RX< [exp]   norm  st15183 adg00400 ispg00100
[07:40:10.761] RX<         short st00000 adg00000 is
[07:40:10.764] RX< pg00100
[07:40:10.764] RX<         long  st00000 adg00000 ispg00100
[07:40:10.764] RX< [6] [cam] [70542][be0][be_core_irq_proc:326]thread release cid,0
[07:40:10.764] RX< [6] [cam] [70542][DfsSend][cam_be_core_deinit:787]X
[07:40:10.764] RX< [6] [cam] [70542][me0][me_core_thread:367]thread release cid,0
[07:40:10.764] RX< [6] [cam] [70543][DfsSend
[07:40:10.764] RX< ][cam_me_core_deinit:1502]X
[07:40:10.764] RX< [6] [cam] [70543][fe0][fe_core_irq_proc:121]thread release cid,0
[07:40:10.764] RX< [6] [cam] [70543][DfsSend][cam_fe_core_deinit:536]X
[07:40:10.764] RX< [6] [cam] [70544][b_3a_sts][bayer_stats_core_irq_proc:193]thread release cid,0
[07:40:10.764] RX< [6] [cam] [70544][DfsSend][cam
[07:40:10.767] RX< _bayer_stats_core_deinit:512]X
[07:40:10.767] RX< [6] [cam] [70544][lite0][lite_core_irq_proc:190]thread release cid,0
[07:40:10.767] RX< [6] [cam] [70545][DfsSend][cam_lite_core_deinit:556]X
[07:40:10.767] RX< [6] [cam] [70545][b_ae0][a5_core_wrapper_task:315]thread release cid,0,algo,0
[07:40:10.767] RX< [6] [cam] [70545][DfsS
[07:40:10.767] RX< end][bayer_ae_wrapper_deinit:204]X
[07:40:10.767] RX< [6] [cam] [70546][atf0][a5_core_wrapper_task:315]thread release cid,0,algo,1
[07:40:10.767] RX< [6] [cam] [70546][DfsSend][atf_wrapper_deinit:153]X
[07:40:10.767] RX< [6] [cam] [70547][awb0][a5_core_wrapper_task:315]thread release cid,0,algo,2
[07:40:10.767] RX< [6] [cam] [70
[07:40:10.770] RX< 547][DfsSend][awb_wrapper_deinit:153]X
[07:40:10.770] RX< [6] [cam] [70547][DfsSend][cam_5a_core_deinit:555]X
[07:40:10.770] RX< [6] [cam] [70547][DfsSend][cam_5a_inf_deinit:149]X
[07:40:10.770] RX< [6] [cam] [70548][qpc0][qpc_core_msg_proc:697]thread release cid,0
[07:40:10.770] RX< [6] [cam] [70548][DfsSend][qpc_core_deinit:13
[07:40:10.770] RX< 30]X
[07:40:10.770] RX< [6] [cam] [70548][DfsSend][cam_cpm_core_deinit:1107]X
[07:40:10.770] RX< [6] [cam] [70549][DfsSend][csc_close:584]ok! phys_id[1], phys_num[1]
[07:40:10.770] RX< [7] [cam] [70549][cer0][cer_recovery_proc:352]msg type = 254
[07:40:10.770] RX< [6] [cam] [70549][cer0][cer_recovery_proc:454]thread release cid,
[07:40:10.793] RX< 0
[07:40:10.793] RX< [6] [cam] [70550][DfsSend][cer_deinit:560]X
[07:40:10.793] RX< [6] [cam] [70550][DfsSend][cam_close:750]close ok! logic_id[0]
[07:40:10.793] RX< [34m[cam close] perf=18727(us)!
[07:40:10.793] RX< [0m[6] [App Cam] cam close success
[07:40:10.793] RX< [6] [cam] [70551][cpl0][cam_prelude_proc_routine:136]thread release
[07:40:10.793] RX< [6] [ca
[07:40:10.793] RX< m] [70551][DfsSend][cam_exit:551]exit ok!
[07:40:10.793] RX< [34m[cam exit] perf=652(us)!
[07:40:10.793] RX< [0m[6] [App Cam] cam exit success
[07:40:10.793] RX< [6] [App Cam] jpeg deinit success
[07:40:10.793] RX< [6] [App Dfs] Save Photo Successful: /emmc/PIC/20260812_104009_9606/
[07:40:10.793] RX< [6] [App Dfs] Capture completed successfully
[07:40:12.796] RX< .
[07:40:19.777] TX> cam_set video 1080p
[07:40:19.777] TX> echo "__EVBTEST_END_10385d7f__"
[07:40:20.802] RX< cam_set video 1080p
[07:40:20.802] RX< [6] [App Dfs] w(1296) * h(2304) is 1080p, eis 0
[07:40:20.802] RX< msh />echo "__EVBTEST_END_10385d7f__"
[07:40:20.802] RX< __EVBTEST_END_10385d7f__
[07:40:20.802] RX< msh />
[07:40:20.809] TX> dfs_video_start
[07:40:20.809] TX> echo "__EVBTEST_END_9d5eeceb__"
[07:40:20.904] RX< dfs_video_start
[07:40:20.904] RX< [7] [cam] [80675][tshell][cgm_parse_bin:105]total logical camera num: 1
[07:40:20.904] RX< [6] [cam] [80675][tshell][cam_prelude_create:187]E id, 0
[07:40:20.904] RX< [7] [cam] [80676][cpl0][cam_prelude_proc_routine:101]thread start
[07:40:20.904] RX< [6] [cam] [80676][tshell][cam_prelude_create
[07:40:20.905] RX< :214]X ctx size 124 addr 0x884865d0
[07:40:20.905] RX< [6] [cam] [80683][tshell][sensor_probe:418]sensor [1]: identifing 0 success.
[07:40:20.905] RX< [6] [cam] [80684][tshell][sensor_probe:441]sensor [1]: probe exit!
[07:40:20.905] RX< [6] [cam] [80684][tshell][cam_prelude_fast_probe:251]cam: 0 probe result: 0
[07:40:20.907] RX< 
[07:40:20.907] RX< [6] [cam] [80685][tshell][cgm_parse_bin:215]cam(0) probe success
[07:40:20.907] RX< [6] [cam] [80685][tshell][cam_entry:435]entry ok
[07:40:20.907] RX< [34m[cam entry] perf=10658(us)!
[07:40:20.907] RX< [0m[6] [App Cam] cam entry success
[07:40:20.907] RX< [36mmem_laySolv: scenario=01 in=4032x3024, me_rotate=1 me_stripe=1 
[07:40:20.910] RX< [0m[36mmem_laySolv: me_rot 1, me_stripe 1, eis 0, be_rot 0
[07:40:20.910] RX< [0mscen1 type26 bufAdr 0x89d40b70 sz 0x1400000 reCfg for bound!
[07:40:20.910] RX< [36mmem_laySolv: scen01 20 entries solved OK!
[07:40:20.910] RX< [0m[36mmem_laySolv: scenario=02 in=2016x1512, me_rotate=0 me_stripe=0 
[07:40:20.910] RX< [0m[36
[07:40:20.910] RX< mmem_laySolv: me_rot 0, me_stripe 0, eis 0, be_rot 0
[07:40:20.910] RX< [0mscen2 type15 bufAdr 0x89ce3ef0 sz 0xd00000 reCfg for bound!
[07:40:20.910] RX< [36mmem_laySolv: scen02 14 entries solved OK!
[07:40:20.910] RX< [0m[36mmem_laySolv: scenario=03 in=4032x2268, me_rotate=1 me_stripe=0 
[07:40:20.910] RX< [0m[36mmem_layS
[07:40:20.913] RX< olv: me_rot 1, me_stripe 0, eis 0, be_rot 0
[07:40:20.913] RX< [0m[36mmem_laySolv: scen03 14 entries solved OK!
[07:40:20.913] RX< [0m[7] [cam] [80690][tshell][cam_solve_whole_layout:355]
[07:40:20.913] RX< scen3: vol 0x8c000000 rbuf 0x89d6cdf0 sz 0xd00000 wbuf 0x8aa6cdf0 sz 0xd00000
[07:40:20.913] RX<        rtmp txbuf 0x8b
[07:40:20.913] RX< f80000 sz 0x80000 avcBuf 0x8bf00000 sz 0x80000
[07:40:20.913] RX< [36mmem_laySolv: scenario=04 in=4032x3024, me_rotate=1 me_stripe=1 
[07:40:20.913] RX< [0m[36mmem_laySolv: me_rot 1, me_stripe 1, eis 0, be_rot 0
[07:40:20.913] RX< [0m[36mmem_laySolv: scen04 14 entries solved OK!
[07:40:20.913] RX< [0m[36mmem_laySolv: scen
[07:40:20.915] RX< ario=05 in=1008x0756, me_rotate=0 me_stripe=0 
[07:40:20.915] RX< [0m[36mmem_laySolv: me_rot 0, me_stripe 0, eis 0, be_rot 0
[07:40:20.915] RX< [0m[36mmem_laySolv: scen05 17 entries solved OK!
[07:40:20.915] RX< [0m[36mmem_laySolv: scenario=06 in=1008x0720, me_rotate=0 me_stripe=0 
[07:40:20.915] RX< [0m[36mmem_laySolv: 
[07:40:20.915] RX< me_rot 0, me_stripe 0, eis 0, be_rot 0
[07:40:20.915] RX< [0m[36mmem_laySolv: scen06 12 entries solved OK!
[07:40:20.915] RX< [0m[36mmem_laySolv: scenario=01 in=4032x3024, me_rotate=1 me_stripe=1 
[07:40:20.915] RX< [0mscen1 type26 bufAdr 0x89d40b70 sz 0x1400000 reCfg for bound!
[07:40:20.915] RX< [36mmem_laySolv: scen01 2
[07:40:20.918] RX< 0 entries solved OK!
[07:40:20.918] RX< [0m[7] [cam] [80695][tshell][cam_solve_whole_layout:383]Solve Whole-layout Done!
[07:40:20.918] RX< [6] [cam] [80696][tshell][cgm_parse_media_para:271]phy cam num: 1
[07:40:20.918] RX< [7] [cam] [80696][cer0][cer_recovery_proc:343]thread start cid, 0
[07:40:20.918] RX< [6] [cam] [80696][t
[07:40:20.918] RX< shell][csc_open:443]SENSOR MCLK cal: 24MHz
[07:40:20.918] RX< [6] [cam] [80696][tshell][csc_isp_clk_cal:344]MIPI CLK cal: 277MHz
[07:40:20.918] RX< [6] [cam] [80697][tshell][csc_isp_clk_cal:371]LITE CLK cal: 25MHz
[07:40:20.918] RX< [7] [cam] [80697][tshell][cpc_csi_rx_power_on:633]E id: 2
[07:40:20.918] RX< [4] [cam] [80698][ts
[07:40:20.924] RX< hell][cpc_csi_rx_power_on:644]csi_2 has already power on, STATUS: 1
[07:40:20.924] RX< [6] [cam] [80698][tshell][cpc_update_clock:603]actual SNS mclk: 24MHz
[07:40:20.924] RX< [6] [cam] [80699][tshell][cpc_update_clock:608]actual MIPI0: 300MHz
[07:40:20.924] RX< [6] [cam] [80699][tshell][cpc_update_clock:598]ac
[07:40:20.924] RX< tual LITE clk: 25MHz
[07:40:20.924] RX< [7] [cam] [80699][tshell][cam_prelude_open:297][34msnsOpen camID1 csiID0 phyIdx0[0m
[07:40:20.924] RX< [6] [cam] [80703][tshell][sensor_expo_gain_match:48]sensor get sensor expo gain of imx681_vst
[07:40:20.924] RX< [6] [cam] [80703][tshell][sensor_open:684]sensor [1] o
[07:40:20.927] RX< pen OK.
[07:40:20.927] RX< [6] [cam] [80704][tshell][cam_cpm_parse_media:298]video scenario:3, media para[fps:0, mirror_en:0, flip_en:0]
[07:40:20.927] RX< [6] [cam] [80704][tshell][cam_cpm_parse_media:301]video scenario, media para[iso:0, gain:0, wb_mode:0]
[07:40:20.927] RX< [6] [cam] [80705][tshell][csc_isp
[07:40:20.927] RX< _clk_cal:353]FE CLK cal: 373MHz, ME CLK cal: 371MHz, FE/ME CLK cal: 410MHz
[07:40:20.927] RX< [6] [cam] [80705][tshell][csc_isp_clk_cal:360]BE CLK cal: 301MHz
[07:40:20.927] RX< [4] [cam] [80706][tshell][cam_fe_core_power_on:269]fe pipe has already power on, STATUS: 1
[07:40:20.927] RX< [6] [cam] [80706][tshell
[07:40:20.932] RX< ][cpc_update_clock:588]actual FE/ME clk: 500MHz
[07:40:20.932] RX< [7] [cam] [80707][tshell][cam_cpm_core_power_on:425]id,0 type,1 ret 0
[07:40:20.932] RX< [6] [cam] [80707][tshell][cam_cpm_core_init:914]E id,0 sensor type,1
[07:40:20.932] RX< [6] [cam] [80710][tshell][cpm_core_check_tuningbin:854]Tuning bin c
[07:40:20.932] RX< rc check PASS! sum 0x7fb15f, xor 0x4e593f47
[07:40:20.932] RX< [6] [cam] [80710][tshell][qpc_tuning_check_iqbin_validness:396]IQ bin addr: 0x88646660, project_name: video_3M
[07:40:20.932] RX< [6] [cam] [80711][tshell][qpc_tuning_check_iqbin_validness:397]total_size: 94208
[07:40:20.932] RX< [6] [cam] [80712][t
[07:40:20.935] RX< shell][qpc_tuning_check_iqbin_validness:398]id_count: 93. ID_TOTAL: 94
[07:40:20.935] RX< [6] [cam] [80712][tshell][qpc_tuning_check_iqbin_validness:399]spinel tuning data ver: V1.30
[07:40:20.935] RX< [6] [cam] [80713][tshell][cpm_core_check_tuningbin:868]IQ bin check success!
[07:40:20.935] RX< [6] [cam] [80
[07:40:20.935] RX< 713][tshell][cam_bm_core_init:94]E
[07:40:20.935] RX< [6] [cam] [80714][tshell][bm_lab_init:174]X ctx size 4 addr 0x8846a520
[07:40:20.935] RX< [6] [cam] [80714][tshell][cam_bm_core_init:114]X ctx size 180 addr 0x8846a458
[07:40:20.935] RX< [6] [cam] [80714][tshell][qpc_core_init:1218]E id,0
[07:40:20.935] RX< [6] [cam] [80715][
[07:40:20.953] RX< tshell][qpc_queue_init:65]QPC init qnodes 8, size 508, pool 0x88487368
[07:40:20.953] RX< [7] [cam] [80715][tshell][_qpc_get_cap_cfg_para:888][fallback]preset capCfg 0 0 0 invalid, use default
[07:40:20.953] RX< [7] [cam] [80716][tshell][_qpc_cfg_hdr_frms:832][fallback]preset hdrCfg 0 32 7 25
[07:40:20.953] RX< 600 148508608 invalid, use default
[07:40:20.953] RX< [6] [cam] [80731][tshell][qpc_core_init:1264]X ctx size 3800 addr 0x8846a540
[07:40:20.953] RX< [6] [cam] [80732][tshell][cpm_core_get_param:666]cpm para chk: tunBin-w 4032 h 2266 img-w 4032 h 2268
[07:40:20.953] RX< [6] [cam] [80732][tshell][cam_fe_core_ini
[07:40:20.958] RX< t:436]E id,0
[07:40:20.958] RX< [6] [cam] [80733][tshell][cam_fe_core_init:490]X ctx size 100 addr 0x88497ce8
[07:40:20.958] RX< [7] [cam] [80734][tshell][qpc_core_fe_chords_init:1659][34mqpc fe init snsOut w 4032 h 2268, tbl w 28 h 20[0m
[07:40:20.958] RX< [6] [cam] [80734][tshell][cam_me_core_init:1474]X ct
[07:40:20.958] RX< x size 1352 addr 0x8849a078
[07:40:20.958] RX< [34m[ME SLICE CFG] perf=1243(us)!
[07:40:20.958] RX< [0m[6] [cam] [80737][tshell][cam_bayer_fe_3a_stats_core_init:445]fe 3a id,0
[07:40:20.958] RX< [6] [cam] [80737][tshell][cam_bayer_fe_3a_stats_core_init:490]X ctx size 132 addr 0x884a2a98
[07:40:20.958] RX< [6] [cam] [80738][tsh
[07:40:20.966] RX< ell][awb_wrapper_init:66]xxx awb_bin=0x88489844, awb_bin_length=8068
[07:40:20.966] RX< [6] [cam] [80738][tshell][awb_wrapper_init:86]X algo_handle 0x884a86f8
[07:40:20.966] RX< [7] [cam] [80739][awb0][a5_core_wrapper_task:252]thread start cid,0 algo type,2
[07:40:20.966] RX< [6] [cam] [80739][tshell][a5_core_i
[07:40:20.966] RX< nit_task:426]thread created: awb0 mq=0x884aa9c0 thread=0x884aaad8 sem=0x884aa950 ret=0
[07:40:20.966] RX< [6] [cam] [80740][tshell][bayer_ae_wrapper_init:68]E id,0 proc mode 0 
[07:40:20.966] RX< 
[07:40:20.966] RX< [AEC Proc] @[allib_ae_set_debug_log_flag] Line:129:[DEBUG] debug level/to_file/to_terminal: 22/1
[07:40:20.968] RX< /1
[07:40:20.968] RX< [AEC Proc] @[AeInit] Line:377:[INFO] AE ver: 2026_V2.269
[07:40:20.968] RX< 
[07:40:20.968] RX< [AEC Proc] @[allib_ae_loadfunc] Line:193:[INFO] camera ID: 0
[07:40:20.968] RX< [AEC Proc] @[alAE_set_param] Line:575:[DEBUG] sw_maxtime 33004 ,pertline 10800, after check sensor step sw_max_time 33000.00
[07:40:20.968] RX< [AEC Pr
[07:40:20.969] RX< oc] @[alAE_set_param] Line:580:[DEBUG] sw_mintime 43 ,pertline 10800, after check sensor step sw_min_time 40.00
[07:40:20.969] RX< [AEC Proc] @[alAE_set_param] Line:513:[DEBUG] DEBUG minbv exptime 11 gain 100, minExpBV 13810
[07:40:20.969] RX< [AEC Proc] @[AeTuningParseSet] Line:167:[DEBUG] a
[07:40:20.971] RX< eparam version 2.268 60530
[07:40:20.971] RX< [AEC Proc] @[alAE_set_param] Line:340:[DEBUG] INITEXP gain 100, shutter 33242, midtonegain 100, bv 2247
[07:40:20.971] RX< [6] [cam] [80750][tshell][bayer_ae_wrapper_init:119]X tline 10800 max_exp 33004 alg_hdl 0x884ad288 
[07:40:20.971] RX< [7] [cam] [80750][b_ae0]
[07:40:20.971] RX< [a5_core_wrapper_task:252]thread start cid,0 algo type,0
[07:40:20.971] RX< [6] [cam] [80751][tshell][a5_core_init_task:426]thread created: b_ae0 mq=0x884ae338 thread=0x884ae450 sem=0x884ae2c8 ret=0
[07:40:20.971] RX< [6] [cam] [80751][tshell][atf_wrapper_init:67]E id,0
[07:40:20.971] RX< [6] [cam] [80752][tsh
[07:40:20.974] RX< ell][atf_wrapper_init:107]X alg_ctx addr 0x884af838
[07:40:20.974] RX< [7] [cam] [80752][atf0][a5_core_wrapper_task:252]thread start cid,0 algo type,1
[07:40:20.974] RX< [6] [cam] [80752][tshell][a5_core_init_task:426]thread created: atf0 mq=0x884af970 thread=0x884afa88 sem=0x884af900 ret=0
[07:40:20.974] RX< [
[07:40:20.974] RX< 6] [cam] [80753][tshell][cam_cpm_core_init:1030]X ctx size 1064 addr 0x8846a020
[07:40:20.974] RX< [6] [cam] [80754][tshell][csc_open:527]ok! phys_id[1], phys_num[1] 
[07:40:20.974] RX< [6] [cam] [80754][tshell][cam_open:699]open ok! camera_id[0]
[07:40:20.974] RX< [34m[cam open] perf=68282(us)!
[07:40:20.974] RX< [0m[6] [App 
[07:40:20.990] RX< Cam] cam open success
[07:40:20.990] RX< [6] [App Cam] hevc init success
[07:40:20.990] RX< [6] [cam] [80768][tshell][csc_init:637]sensor info:size:4032x2268, formt: 0x2b, bps: 1968, tline: 10800
[07:40:20.990] RX< [6] [cam] [80769][tshell][cam_sif_mgr_init:261]E id,0
[07:40:20.990] RX< [7] [cam] [80769][sif0][sif_irq_proc:151]t
[07:40:20.990] RX< hread start cid,0
[07:40:20.990] RX< [6] [cam] [80769][tshell][cam_sif_mgr_init:293]X ctx size 52 addr 0x884e9c50
[07:40:20.990] RX< [6] [cam] [80770][tshell][cam_prelude_init_cfg:368]CSI ID is 0,  phy lanes is 2.
[07:40:20.990] RX< [7] [cam] [80770][tshell][check_phy_ready:96]MIPI_PHY[0] is ready
[07:40:20.990] RX< [6] [cam] [8
[07:40:21.005] RX< 0770][tshell][sensor_init:348]sensor [1]: register ok
[07:40:21.005] RX< [6] [cam] [80771][tshell][sensor_set_mode:852]sensor [1]: SetMode -> mode = 0.
[07:40:21.005] RX< [6] [cam] [80771][tshell][sensor_send_reg_tab_to_sensor:704]sensor [1]: send_reg_tab_to_sensor E.
[07:40:21.005] RX< [6] [cam] [80783][tshel
[07:40:21.021] RX< l][sensor_send_reg_tab_to_sensor:726]sensor [1]: reg_count = 77.
[07:40:21.021] RX< [6] [cam] [80785][tshell][sensor_init:361]sensor [1]: init success.
[07:40:21.021] RX< [6] [cam] [80785][tshell][sensor_set_mode:852]sensor [1]: SetMode -> mode = 3.
[07:40:21.021] RX< [6] [cam] [80785][tshell][sensor_send_reg_t
[07:40:21.022] RX< ab_to_sensor:704]sensor [1]: send_reg_tab_to_sensor E.
[07:40:21.022] RX< [6] [cam] [80800][tshell][sensor_send_reg_tab_to_sensor:726]sensor [1]: reg_count = 83.
[07:40:21.022] RX< [6] [cam] [80800][tshell][csc_init:646]ok! phys_id[1], phys_num[1]
[07:40:21.022] RX< [6] [cam] [80801][tshell][csc_get_bayer_singl
[07:40:21.024] RX< e_buffer:1038]scenario_type: 3
[07:40:21.024] RX< [6] [cam] [80801][tshell][csc_set_stats_fmt:98]index 0 w 1 h 1 bw 8 wcmp 255
[07:40:21.024] RX< [7] [cam] [80802][tshell][bm_ioctl:201]BMIOC_STATS_FMT
[07:40:21.024] RX< [6] [cam] [80802][tshell][csc_set_fe_fmt:47]index 1 w 4032 h 2268 bw 10 wcmp 0
[07:40:21.024] RX< [7] [cam] [8
[07:40:21.025] RX< 0802][tshell][bm_ioctl:201]BMIOC_FE_FMT
[07:40:21.025] RX< [6] [cam] [80803][tshell][csc_set_me_fmt:64]index 5 w 2268 h 4032 bw 10 wcmp 0, rdma_addr 0x894afe00, wdma_addr 0x894afe00
[07:40:21.025] RX< [7] [cam] [80803][tshell][bm_ioctl:201]BMIOC_ME_FMT
[07:40:21.025] RX< [6] [cam] [80804][tshell][csc_set_video_
[07:40:21.027] RX< fmt:966]meta_addr: 0x89d6c600
[07:40:21.027] RX< [6] [cam] [80804][tshell][csc_set_me_fmt:64]index 6 w 1296 h 2304 bw 8 wcmp 255, rdma_addr 0x88795200, wdma_addr 0x8c000000
[07:40:21.027] RX< [6] [cam] [80804][tshell][cam_me_core_buffer_cfg:1367]
[07:40:21.027] RX< ----ME PIPE INFO---
[07:40:21.027] RX<  wdma_buf_num:1, rotatio
[07:40:21.027] RX< n_en: 1
[07:40:21.027] RX< [7] [cam] [80805][tshell][cam_me_core_buffer_cfg:1375]yuv wdma_addr 0:0x8c000000, meta_en: 1, 0x89d6c600
[07:40:21.027] RX< [7] [cam] [80806][tshell][bm_ioctl:201]BMIOC_ME_FMT
[07:40:21.027] RX< [6] [cam] [80806][tshell][csc_set_lite_fmt:115]index 13 w 400 h 400 bw 10 wcmp 255
[07:40:21.027] RX< [7] [c
[07:40:21.030] RX< am] [80806][tshell][bm_ioctl:201]BMIOC_LITE_FMT
[07:40:21.030] RX< [6] [cam] [80807][tshell][csc_set_lite_fmt:115]index 14 w 400 h 400 bw 10 wcmp 255
[07:40:21.030] RX< [7] [cam] [80807][tshell][bm_ioctl:201]BMIOC_LITE_FMT
[07:40:21.030] RX< [6] [cam] [80808][tshell][csc_init:654]get otp ok! phys_id[1], phys_n
[07:40:21.030] RX< um[1]
[07:40:21.030] RX< [6] [cam] [80808][tshell][cam_init:789]init ok! logic_id[0]
[07:40:21.030] RX< [34m[cam init] perf=40857(us)!
[07:40:21.030] RX< [0m[6] [App Cam] cam init success
[07:40:21.030] RX< [7] [cam] [80809][tshell][cam_cpm_core_stream_on:541]id 0 sensor type 1
[07:40:21.030] RX< [6] [cam] [80809][tshell][sensor_stream_on:979]se
[07:40:21.049] RX< nsor [1]: stream_on
[07:40:21.049] RX< [6] [cam] [80810][tshell][sensor_stream_on:1007]sensor [1]: REG: 0x100, W:0x1.
[07:40:21.049] RX< [6] [cam] [80811][tshell][sensor_stream_on:1009]sensor [1]: REG: 0x100, R:0x1.
[07:40:21.049] RX< [6] [cam] [80811][tshell][csc_prv_start:783]ok! phys_id[1], phys_num[1], cam_
[07:40:21.049] RX< ids[1]
[07:40:21.049] RX< [6] [cam] [80811][tshell][cam_start:897]preview start ok! logic_id[0]
[07:40:21.049] RX< [34m[cam start] perf=2617(us)!
[07:40:21.049] RX< [0m[6] [App Cam] cam start success
[07:40:21.049] RX< [6] [App Dfs] Gravity_XR Record Start
[07:40:21.049] RX< msh />echo "__EVBTEST_END_9d5eeceb__"
[07:40:21.049] RX< __EVBTEST_END_9d5eeceb__
[07:40:21.049] RX< msh />[7
[07:40:21.175] RX< ] [cam] [80814][b_3a_sts][bayer_stats_core_irq_proc:164]thread start cid,0
[07:40:21.175] RX< [7] [cam] [80814][fe0][fe_core_irq_proc:98]thread start cid,0
[07:40:21.175] RX< [34m[AE] fid=0,exp=10070,adg=294,Y=4541,mtg=100,shg=100,bgbv=4089,iso=294,cnv0,hdr0
[07:40:21.175] RX< [0m[34m[b_ae0 proc] perf=8175(u
