[08:10:13.566] [INFO] VX100 EVB 自动化测试启动，运行时间戳: 20260812_081013
[08:10:13.566] [INFO] 启用模块: ['wifi_scan', 'wifi_join', 'emmc', 'ftp', 'photo', 'video']
[08:10:13.567] [INFO] 开始自动探测 EVB 串口，候选端口 ['/dev/ttyUSB0', '/dev/ttyUSB1', '/dev/ttyUSB2']，候选波特率 [2000000, 250000, 115200, 921600]
[08:10:13.567] [DEBUG] 探测 /dev/ttyUSB0 @ 2000000 ...
[08:10:15.876] [INFO]   命中 EVB 指纹: /dev/ttyUSB0 @ 2000000
[08:10:15.876] [DEBUG] 探测 /dev/ttyUSB1 @ 2000000 ...
[08:10:18.180] [DEBUG] 探测 /dev/ttyUSB1 @ 250000 ...
[08:10:20.484] [DEBUG] 探测 /dev/ttyUSB1 @ 115200 ...
[08:10:22.787] [DEBUG] 探测 /dev/ttyUSB1 @ 921600 ...
[08:10:25.091] [DEBUG] 探测 /dev/ttyUSB2 @ 2000000 ...
[08:10:27.395] [DEBUG] 探测 /dev/ttyUSB2 @ 250000 ...
[08:10:29.697] [DEBUG] 探测 /dev/ttyUSB2 @ 115200 ...
[08:10:32.001] [DEBUG] 探测 /dev/ttyUSB2 @ 921600 ...
[08:10:34.304] [INFO] 探测到 EVB: /dev/ttyUSB0 @ 2000000
[08:10:34.306] [INFO] 串口已打开: /dev/ttyUSB0 @ 2000000 bps
[08:10:38.309] [INFO] EVB 已就绪
[08:10:40.311] [DEBUG] 串口自检通过
[08:10:40.311] [INFO] 预清理板子状态...
[08:10:46.331] [INFO] 本次执行模块顺序: ['wifi_scan', 'wifi_join', 'emmc', 'ftp', 'photo', 'video']
[08:10:46.331] >>> 执行模块: wifi_scan
[08:10:49.705] [PASS] wifi_scan (3374ms) - 扫描到 16 个 AP
[08:10:49.705] >>> 执行模块: wifi_join
[08:10:59.713] [PASS] wifi_join (10007ms) - 已连接 G-Demo，IP=10.1.90.71
[08:10:59.713] >>> 执行模块: emmc
[08:11:01.715] [PASS] emmc (2002ms) - 已进入 /emmc（自动挂载）
[08:11:01.715] >>> 执行模块: ftp
[08:11:03.831] [DEBUG] FTP 已连接 10.1.90.71:21 (尝试 1)
[08:11:04.354] [PASS] ftp (2638ms) - FTP 已连接 10.1.90.71，/emmc 列出 3 项
[08:11:04.354] >>> 执行模块: photo
[08:11:04.809]   拍照测试: 模式 auto
[08:11:10.803] [PASS] photo[auto] (5993ms) - 拍照成功，保存到 /emmc/PIC/20260812_111106_0821（未列出 jpg 辅助验证）
[08:11:10.803] >>> 执行模块: video
[08:11:10.803]   录像测试: 1080p / 5s
[08:11:18.061] [PASS] video (7257ms) - 录像成功，文件 /emmc/VIDEO/20260812_111110_5715/Video_5715_0.h265（大小校验跳过）
[08:11:18.107] ==================================================
[08:11:18.107] 测试完成：共 6 项 | 通过 6 | 失败 0 | 跳过 0 | 错误 0 | 通过率 100.0% | 总耗时 31.3s
[08:11:18.107] ==================================================
[08:11:18.107] [INFO]   json 报告: reports/20260812_081013/result.json
[08:11:18.107] [INFO]   junit 报告: reports/20260812_081013/junit.xml
[08:11:18.107] [INFO]   html 报告: reports/20260812_081013/report.html
[08:11:19.065] [DEBUG] 串口已关闭
