[03:17:56.817] [INFO] VX100 EVB 自动化测试启动，运行时间戳: 20260817_031756
[03:17:56.818] [INFO] 启用模块: ['wifi_join', 'rtmp']
[03:17:56.819] [INFO] 开始自动探测 EVB 串口，候选端口 ['/dev/ttyUSB0']，候选波特率 [2000000, 250000, 115200, 921600]
[03:17:56.819] [DEBUG] 探测 /dev/ttyUSB0 @ 2000000 ...
[03:17:59.128] [INFO]   命中 EVB 指纹: /dev/ttyUSB0 @ 2000000
[03:17:59.128] [INFO] 探测到 EVB: /dev/ttyUSB0 @ 2000000
[03:17:59.130] [INFO] 串口已打开: /dev/ttyUSB0 @ 2000000 bps
[03:18:01.131] [INFO] EVB 已就绪
[03:18:03.134] [DEBUG] 串口自检通过
[03:18:03.134] [INFO] 预清理板子状态...
[03:18:10.154] [INFO] 本次执行模块顺序: ['wifi_join', 'rtmp']
[03:18:10.154] >>> 执行模块: wifi_join
[03:18:40.362] [FAIL] wifi_join (0ms) - 连接失败或未获取 IP (G-Demo)
[03:18:40.362] [SKIP] rtmp (0ms) - 依赖模块未通过: ['wifi_join']
[03:18:40.406] ==================================================
[03:18:40.406] 测试完成：共 2 项 | 通过 0 | 失败 1 | 跳过 1 | 错误 0 | 通过率 0.0% | 总耗时 0.0s
[03:18:40.406] ==================================================
[03:18:40.406] [INFO]   json 报告: reports/20260817_031756/result.json
[03:18:40.406] [INFO]   junit 报告: reports/20260817_031756/junit.xml
[03:18:40.406] [INFO]   html 报告: reports/20260817_031756/report.html
[03:18:41.174] [DEBUG] 串口已关闭
