[03:17:59.130] TX> 
[03:18:00.131] TX> 
[03:18:01.131] RX< 
[03:18:01.131] RX< msh />
[03:18:01.131] RX< msh />
[03:18:01.333] TX> echo "EVBTEST_HELLO"
[03:18:01.333] TX> echo "__EVBTEST_END_924113d4__"
[03:18:03.133] RX< echo "EVBTEST_HELLO"
[03:18:03.133] RX< EVBTEST_HELLO
[03:18:03.133] RX< msh />echo "__EVBTEST_END_924113d4__"
[03:18:03.133] RX< __EVBTEST_END_924113d4__
[03:18:03.133] RX< msh />
[03:18:03.335] TX> cd /
[03:18:03.335] TX> echo "__EVBTEST_END_4ceba671__"
[03:18:05.135] RX< cd /
[03:18:05.135] RX< msh />echo "__EVBTEST_END_4ceba671__"
[03:18:05.135] RX< __EVBTEST_END_4ceba671__
[03:18:05.135] RX< msh />
[03:18:05.337] TX> dfs_video_stop
[03:18:05.337] TX> echo "__EVBTEST_END_bfac39ff__"
[03:18:07.138] RX< dfs_video_stop
[03:18:07.138] RX< [6] [App Dfs] Please start recording the video first.
[03:18:07.138] RX< msh />echo "__EVBTEST_END_bfac39ff__"
[03:18:07.138] RX< __EVBTEST_END_bfac39ff__
[03:18:07.138] RX< msh />
[03:18:07.339] TX> ftp_server
[03:18:07.339] TX> echo "__EVBTEST_END_d91f2220__"
[03:18:09.140] RX< ftp_server
[03:18:09.140] RX< 
[03:18:09.140] RX< [FTP] Ftp server init success!!!
[03:18:09.140] RX< msh />echo "__EVBTEST_END_d91f2220__"
[03:18:09.140] RX< __EVBTEST_END_d91f2220__
[03:18:09.140] RX< msh />
[03:18:10.362] TX> wifi join G-Demo Gdemo@123
[03:18:10.362] TX> echo "__EVBTEST_END_46c3308c__"
[03:18:11.141] RX< wifi join G-Demo Gdemo@123
[03:18:13.142] RX< [32m[I/ftp] service launched success.[0m
[03:18:13.142] RX< [33m[W/WLAN.mgnt] F:rt_wlan_connect L:935 not find ap! ssid:G-Demo,info.ssid.len=6[0m
[03:18:13.142] RX< msh />echo "__EVBTEST_END_46c3308c__"
[03:18:13.142] RX< __EVBTEST_END_46c3308c__
[03:18:13.142] RX< msh />
