[06:06:56.134] [INFO] VX100 EVB 自动化测试启动，运行时间戳: 20260819_060656
[06:06:56.134] [INFO] 启用模块: ['wifi_check', 'wifi_scan', 'wifi_join', 'emmc', 'ftp', 'photo', 'video', 'rtmp']
[06:06:56.134] [INFO] 开始自动探测 EVB 串口，候选端口 ['/dev/ttyUSB1']，候选波特率 [2000000, 250000, 115200, 921600]
[06:06:56.134] [DEBUG] 探测 /dev/ttyUSB1 @ 2000000 ...
[06:06:58.444] [INFO]   命中 EVB 指纹: /dev/ttyUSB1 @ 2000000
[06:06:58.445] [INFO] 探测到 EVB: /dev/ttyUSB1 @ 2000000
[06:06:58.448] [INFO] 串口已打开: /dev/ttyUSB1 @ 2000000 bps
[06:07:00.449] [INFO] EVB 已就绪
[06:07:02.453] [DEBUG] 串口自检通过
[06:07:02.453] [INFO] 预清理板子状态...
[06:07:15.818] [INFO] 使用默认 WiFi: SW-test-2.4G
[06:07:24.476] [INFO] WiFi 连接成功: SW-test-2.4G / IP=192.168.1.101
[06:07:29.482] [INFO] 本次执行模块顺序: ['wifi_check', 'wifi_scan', 'wifi_join', 'emmc', 'ftp', 'photo', 'video', 'rtmp']
[06:07:29.482] >>> 模块 [wifi_check] 开始执行
[06:07:29.482]     - 执行模块: wifi_check
[06:07:31.505] [PASS] wifi_check (2022ms) - 已联网，IP=192.168.1.101（跳过 wifi scan/join）
[06:07:31.505] <<< 模块 [wifi_check] 结束，耗时 2.0s（结果 PASS）
[06:07:31.505] >>> 模块 [wifi_scan] 开始执行
[06:07:31.505]     - 执行模块: wifi_scan
[06:07:31.506] [SKIP] wifi_scan (0ms) - WiFi 已连接（IP=192.168.1.101），跳过扫描测试
[06:07:31.506] <<< 模块 [wifi_scan] 结束，耗时 0.0s（结果 SKIP）
[06:07:31.506] >>> 模块 [wifi_join] 开始执行
[06:07:31.506]     - 执行模块: wifi_join
[06:07:31.506] [SKIP] wifi_join (0ms) - WiFi 已连接 (SW-test-2.4G/192.168.1.101)，跳过 join 测试
[06:07:31.506] <<< 模块 [wifi_join] 结束，耗时 0.0s（结果 SKIP）
[06:07:31.506] >>> 模块 [emmc] 开始执行
[06:07:31.506]     - 执行模块: emmc
[06:07:33.508] [PASS] emmc (2001ms) - 已进入 /emmc（自动挂载）
[06:07:33.508] <<< 模块 [emmc] 结束，耗时 2.0s（结果 PASS）
[06:07:33.508] >>> 模块 [ftp] 开始执行
[06:07:33.508]     - 执行模块: ftp
[06:07:39.625] [DEBUG] FTP 已连接 192.168.1.101:21 (尝试 1)
[06:07:39.840] [PASS] ftp (6331ms) - FTP 已连接 192.168.1.101，/emmc 列出 4 项
[06:07:39.840] <<< 模块 [ftp] 结束，耗时 6.3s（结果 PASS）
[06:07:39.840] >>> 模块 [photo] 开始执行
[06:07:39.840]     - 执行模块: photo
[06:07:39.948] [DEBUG] FTP 已连接 192.168.1.101:21 (尝试 1)
[06:07:39.948] [DEBUG] FTP 已重新连接
[06:07:39.949]   拍照测试: 模式 auto
[06:07:45.994] [DEBUG] FTP 已连接 192.168.1.101:21 (尝试 1)
[06:07:45.994] [DEBUG] FTP 已重新连接
[06:07:46.443] [DEBUG] FTP 已连接 192.168.1.101:21 (尝试 1)
[06:07:47.371] [PASS] photo[auto] (7422ms) - JPEG OK 1337KB | 拍照成功，保存到 /emmc/PIC/20260101_000055_5682 | 已下载到 logs/20260819_060656/photos/auto_20260101_000055_5682_Image_20260101_000055_5682_0.jpg
[06:07:47.371] <<< 模块 [photo] 结束，耗时 7.5s（结果 PASS）
[06:07:47.371] >>> 模块 [video] 开始执行
[06:07:47.372]     - 执行模块: video
[06:07:47.509] [DEBUG] FTP 已连接 192.168.1.101:21 (尝试 1)
[06:07:47.509] [DEBUG] FTP 已重新连接
[06:07:47.509]   录像测试: 1080p / 180s
[06:07:49.876] [INFO] 拍摄开始（1080p / 180s）...
[06:10:50.362] [INFO] 拍摄结束，耗时 180.5s
[06:10:50.485] [DEBUG] FTP 已连接 192.168.1.101:21 (尝试 1)
[06:10:50.485] [DEBUG] FTP 已重新连接
[06:10:55.380] [PASS] video (187870ms) - 录像成功，文件 /emmc/VIDEO/202601（大小校验跳过）
[06:10:55.380] <<< 模块 [video] 结束，耗时 188.0s（结果 PASS）
[06:10:55.389] >>> 模块 [rtmp] 开始执行
[06:10:55.389] [INFO] 自动检测到 PC IP: 192.168.1.89
[06:10:55.390]     - 执行模块: rtmp
[06:10:55.390] [INFO] 检查 RTMP 服务端 (nginx-rtmp) 是否监听 :1935
[06:10:55.390] [INFO] nginx-rtmp 就绪，RTMP 监听 :1935
[06:10:55.390]   RTMP 推流测试: rtmp://192.168.1.89/live/cam / 600s
[06:10:55.705] [INFO] 推流命令已下发，等待 EVB 建连上线...
[06:10:58.712] [INFO] 已在独立终端窗口启动 ffplay 画面确认 (/usr/bin/gnome-terminal)
[06:10:58.712] [INFO] ffprobe 探测 RTMP 流: rtmp://192.168.1.89/live/cam
[06:11:05.711] [INFO] 推流保持 600s（ffplay 画面可手动关闭，不影响测试）...
[06:11:35.735] [INFO]   推流已保持 30/600s ...
[06:12:05.765] [INFO]   推流已保持 60/600s ...
[06:12:35.794] [INFO]   推流已保持 90/600s ...
[06:13:05.822] [INFO]   推流已保持 120/600s ...
[06:13:35.830] [INFO]   推流已保持 150/600s ...
[06:14:05.858] [INFO]   推流已保持 180/600s ...
[06:14:35.889] [INFO]   推流已保持 210/600s ...
[06:15:05.907] [INFO]   推流已保持 240/600s ...
[06:15:35.934] [INFO]   推流已保持 270/600s ...
[06:16:05.962] [INFO]   推流已保持 300/600s ...
[06:16:35.992] [INFO]   推流已保持 330/600s ...
[06:17:05.000] [INFO]   推流已保持 360/600s ...
[06:17:36.026] [INFO]   推流已保持 390/600s ...
[06:18:06.055] [INFO]   推流已保持 420/600s ...
[06:18:36.082] [INFO]   推流已保持 450/600s ...
[06:19:06.110] [INFO]   推流已保持 480/600s ...
[06:19:36.138] [INFO]   推流已保持 510/600s ...
[06:20:06.166] [INFO]   推流已保持 540/600s ...
[06:20:36.168] [INFO]   推流已保持 570/600s ...
[06:21:06.198] [INFO]   推流已保持 600/600s ...
[06:21:06.402] [PASS] rtmp (611011ms) - 推流验证通过: h264 1296x2304 (ffprobe 实时探测)
[06:21:06.402] <<< 模块 [rtmp] 结束，耗时 611.0s（结果 PASS）
[06:21:06.425] ==================================================
[06:21:06.425] 测试完成：共 8 项 | 通过 6 | 失败 0 | 跳过 2 | 错误 0 | 通过率 75.0% | 总耗时 816.7s
[06:21:06.425] ==================================================
[06:21:06.425] [INFO]   json 报告: reports/20260819_060656/result.json
[06:21:06.425] [INFO]   junit 报告: reports/20260819_060656/junit.xml
[06:21:06.425] [INFO]   html 报告: reports/20260819_060656/report.html
[06:21:28.862] [INFO] 已记录本次测试问题到: logs/problem/20260819_060656.log
[06:21:30.288] [DEBUG] 串口已关闭
