[22:35:35.518] [INFO] VX100 EVB 自动化测试启动，运行时间戳: 20260812_223535
[22:35:35.518] [INFO] 启用模块: ['wifi_scan', 'wifi_join', 'emmc', 'ftp', 'photo', 'video']
[22:35:35.519] [INFO] 开始自动探测 EVB 串口，候选端口 ['/dev/ttyUSB0', '/dev/ttyUSB1', '/dev/ttyUSB2']，候选波特率 [2000000, 250000, 115200, 921600]
[22:35:35.519] [DEBUG] 探测 /dev/ttyUSB0 @ 2000000 ...
[22:35:37.825] [INFO]   命中 EVB 指纹: /dev/ttyUSB0 @ 2000000
[22:35:37.825] [DEBUG] 探测 /dev/ttyUSB1 @ 2000000 ...
[22:35:40.129] [DEBUG] 探测 /dev/ttyUSB1 @ 250000 ...
[22:35:42.433] [DEBUG] 探测 /dev/ttyUSB1 @ 115200 ...
[22:35:44.736] [DEBUG] 探测 /dev/ttyUSB1 @ 921600 ...
[22:35:47.040] [DEBUG] 探测 /dev/ttyUSB2 @ 2000000 ...
[22:35:49.344] [DEBUG] 探测 /dev/ttyUSB2 @ 250000 ...
[22:35:51.647] [DEBUG] 探测 /dev/ttyUSB2 @ 115200 ...
[22:35:53.949] [DEBUG] 探测 /dev/ttyUSB2 @ 921600 ...
[22:35:56.252] [INFO] 探测到 EVB: /dev/ttyUSB0 @ 2000000
[22:35:56.254] [INFO] 串口已打开: /dev/ttyUSB0 @ 2000000 bps
[22:35:58.255] [INFO] EVB 已就绪
[22:36:00.257] [DEBUG] 串口自检通过
[22:36:00.257] [INFO] 预清理板子状态...
[22:36:06.276] [INFO] 本次执行模块顺序: ['wifi_scan', 'wifi_join', 'emmc', 'ftp', 'photo', 'video']
[22:36:06.276] >>> 执行模块: wifi_scan
[22:36:10.356] [PASS] wifi_scan (4079ms) - 扫描到 10 个 AP
[22:36:10.357] >>> 执行模块: wifi_join
[22:36:18.360] [PASS] wifi_join (8003ms) - 已连接 G-Demo，IP=10.1.90.71
[22:36:18.360] >>> 执行模块: emmc
[22:36:20.361] [PASS] emmc (2000ms) - 已进入 /emmc（自动挂载）
[22:36:20.361] >>> 执行模块: ftp
[22:36:22.762] [DEBUG] FTP 已连接 10.1.90.71:21 (尝试 1)
[22:36:23.323] [PASS] ftp (2962ms) - FTP 已连接 10.1.90.71，/emmc 列出 3 项
[22:36:23.323] >>> 执行模块: photo
[22:36:23.681]   拍照测试: 模式 auto
[22:36:28.492] [DEBUG] 强制重连 FTP
[22:36:32.507] [DEBUG] FTP 已连接 10.1.90.71:21 (尝试 1)
[22:36:32.507] [INFO] FTP 已恢复
[22:36:43.973] [PASS] photo[auto] (20292ms) - JPEG OK 797KB | 拍照成功，保存到 /emmc/PIC/20260813_013625_7157
[22:36:43.973] >>> 执行模块: video
[22:36:44.547]   录像测试: 1080p / 5s
[22:36:51.367] [DEBUG] 强制重连 FTP
[22:36:54.131] [DEBUG] FTP 已连接 10.1.90.71:21 (尝试 1)
[22:36:54.131] [INFO] FTP 已恢复
[22:36:54.494] [PASS] video (9947ms) - 录像成功，文件 /emmc/VIDEO/20260813_013644_7042/Video_7042_0.h265，9994KB
[22:36:54.534] ==================================================
[22:36:54.534] 测试完成：共 6 项 | 通过 6 | 失败 0 | 跳过 0 | 错误 0 | 通过率 100.0% | 总耗时 47.3s
[22:36:54.534] ==================================================
[22:36:54.534] [INFO]   json 报告: reports/20260812_223535/result.json
[22:36:54.534] [INFO]   junit 报告: reports/20260812_223535/junit.xml
[22:36:54.534] [INFO]   html 报告: reports/20260812_223535/report.html
[22:36:56.385] [DEBUG] 串口已关闭
