[22:35:56.254] TX> 
[22:35:57.254] TX> 
[22:35:58.255] TX> 
[22:35:58.255] RX< 
[22:35:58.255] RX< msh />
[22:35:58.255] RX< msh />
[22:35:58.261] TX> echo "EVBTEST_HELLO"
[22:35:58.261] TX> echo "__EVBTEST_END_6203dcaf__"
[22:36:00.257] RX< 
[22:36:00.257] RX< msh />echo "EVBTEST_HELLO"
[22:36:00.257] RX< EVBTEST_HELLO
[22:36:00.257] RX< msh />echo "__EVBTEST_END_6203dcaf__"
[22:36:00.257] RX< __EVBTEST_END_6203dcaf__
[22:36:00.257] RX< msh />
[22:36:00.265] TX> dfs_video_stop
[22:36:00.265] TX> echo "__EVBTEST_END_3a255203__"
[22:36:02.259] RX< dfs_video_stop
[22:36:02.259] RX< [6] [App Dfs] Please start recording the video first.
[22:36:02.259] RX< msh />echo "__EVBTEST_END_3a255203__"
[22:36:02.259] RX< __EVBTEST_END_3a255203__
[22:36:02.259] RX< msh />
[22:36:02.269] TX> wifi disc
[22:36:02.269] TX> echo "__EVBTEST_END_74190e75__"
[22:36:04.261] RX< wifi disc
[22:36:04.261] RX< [32m[I/WLAN.mgnt] disconnect success![0m
[22:36:04.261] RX< msh />echo "__EVBTEST_END_74190e75__"
[22:36:04.261] RX< __EVBTEST_END_74190e75__
[22:36:04.261] RX< msh />
[22:36:04.269] TX> ftp_server
[22:36:04.269] TX> echo "__EVBTEST_END_af681be2__"
[22:36:06.263] RX< ftp_server
[22:36:06.263] RX< 
[22:36:06.263] RX< [FTP] Ftp server init success!!!
[22:36:06.263] RX< msh />echo "__EVBTEST_END_af681be2__"
[22:36:06.263] RX< __EVBTEST_END_af681be2__
[22:36:06.263] RX< msh />
[22:36:06.285] TX> wifi scan
[22:36:06.285] TX> echo "__EVBTEST_END_aee74bb9__"
[22:36:06.349] RX< wifi scan
[22:36:06.349] RX<              SSID                      MAC            security    rssi chn Mbps
[22:36:06.349] RX< ------------------------------- -----------------  -------------- ---- --- ----
[22:36:06.349] RX< alk                             2c:97:b1:17:2e:a0  WPA2_AES_PSK   -49    1   72
[22:36:06.349] RX< grav
[22:36:06.372] RX< ityXR                       f4:e4:51:83:d5:80  WPA2_AES_PSK   -53    1  144
[22:36:06.372] RX<  Gwireless                      f4:e4:51:83:d5:81  WPA2_AES_PSK   -50    1  144
[22:36:06.372] RX< G-Demo                          f4:e4:51:83:d5:82  WPA2_AES_PSK   -50    1  144
[22:36:06.372] RX< alk_guest        
[22:36:06.988] RX<                2c:97:b1:17:2e:a1  WPA2_MIXED_PSK -52    1   72
[22:36:06.988] RX< realme GT Neo5 SE               0a:8e:e5:bd:97:67  WPA2_AES_PSK   -49    6  144
[22:36:06.988] RX< ftp_test_2_4G                   62:ed:11:f2:02:a7  WPA2_AES_PSK   -26    9  144
[22:36:06.988] RX< ftp_hw_2_4g                   
[22:36:08.355] RX<   e2:19:01:17:87:d1  WPA2_AES_PSK   -32    1  144
[22:36:08.355] RX<  Gwireless                      f4:e4:51:83:e3:01  WPA2_AES_PSK   -62    6  144
[22:36:08.355] RX< alk_guest                       2c:97:b1:17:30:61  WPA2_MIXED_PSK -67   11   72
[22:36:08.355] RX< MTK_CHEETAH_AP_2.4G             e0:ef:02:71
[22:36:10.356] RX< :f5:71  OPEN           -41   13  300
[22:36:10.356] RX< msh />echo "__EVBTEST_END_aee74bb9__"
[22:36:10.356] RX< __EVBTEST_END_aee74bb9__
[22:36:10.356] RX< msh />[32m[I/ftp] service launched success.[0m
[22:36:10.365] TX> wifi join G-Demo Gdemo@123
[22:36:10.365] TX> echo "__EVBTEST_END_3aaa2a63__"
[22:36:12.357] RX< wifi join G-Demo Gdemo@123
[22:36:16.360] RX< [32m[I/WLAN.mgnt] wifi connect success ssid:G-Demo[0m
[22:36:16.360] RX< msh />echo "__EVBTEST_END_3aaa2a63__"
[22:36:16.360] RX< __EVBTEST_END_3aaa2a63__
[22:36:16.360] RX< msh />
[22:36:18.360] RX< [32m[I/WLAN.lwip] Got IP address : 10.1.90.71[0m
[22:36:18.369] TX> cd emmc
[22:36:18.369] TX> echo "__EVBTEST_END_1dd0f784__"
[22:36:20.361] RX< cd emmc
[22:36:20.361] RX< msh /emmc>echo "__EVBTEST_END_1dd0f784__"
[22:36:20.361] RX< __EVBTEST_END_1dd0f784__
[22:36:20.361] RX< msh /emmc>[6] [SNTP] rtc synced: 2026-08-13 01:36:18 (tick=619500096)
[22:36:20.369] TX> ftp_server
[22:36:20.369] TX> echo "__EVBTEST_END_09737f49__"
[22:36:22.363] RX< ftp_server
[22:36:22.363] RX< 
[22:36:22.363] RX< [FTP] Ftp server init success!!!
[22:36:22.363] RX< msh /emmc>echo "__EVBTEST_END_09737f49__"
[22:36:22.363] RX< __EVBTEST_END_09737f49__
[22:36:22.363] RX< msh /emmc>
[22:36:23.689] TX> cam_set photo auto
[22:36:23.689] TX> echo "__EVBTEST_END_794f4f81__"
[22:36:24.364] RX< cam_set photo auto
[22:36:24.364] RX< [6] [App Dfs] auto mode
[22:36:24.364] RX< msh /emmc>echo "__EVBTEST_END_794f4f81__"
[22:36:24.364] RX< __EVBTEST_END_794f4f81__
[22:36:24.364] RX< msh /emmc>
[22:36:25.373] TX> dfs_capture_start
[22:36:25.373] TX> echo "__EVBTEST_END_e868fae1__"
[22:36:25.380] RX< [33m[W/ftp] service go wrong, now wait restarting...[0m
[22:36:25.380] RX< dfs_capture_start
[22:36:25.380] RX< [7] [cam] [67042][tshell][cgm_parse_bin:105]total logical camera num: 1
[22:36:25.380] RX< [6] [cam] [67042][tshell][cam_prelude_create:187]E id, 0
[22:36:25.380] RX< [7] [cam] [67042][cpl0][cam_prelude_proc_routine:1
[22:36:25.380] RX< 01]thread start
[22:36:25.380] RX< [6] [cam] [67042][tshell][cam_prelude_create:214]X ctx size 124 addr 0x88482d18
[22:36:25.380] RX< [6] [cam] [67048][tshell][sensor_probe:418]sensor [1]: identifing 0 success.
[22:36:25.380] RX< [6] [cam] [67050][tshell][sensor_probe:441]sensor [1]: probe exit!
[22:36:25.380] RX< [6] [cam] [6705
[22:36:25.383] RX< 0][tshell][cam_prelude_fast_probe:251]cam: 0 probe result: 0
[22:36:25.383] RX< [6] [cam] [67050][tshell][cgm_parse_bin:215]cam(0) probe success
[22:36:25.383] RX< [6] [cam] [67050][tshell][cam_entry:435]entry ok
[22:36:25.383] RX< [34m[cam entry] perf=9397(us)!
[22:36:25.383] RX< [0m[6] [App Cam] cam entry success
[22:36:25.383] RX< [36mmem_l
[22:36:25.383] RX< aySolv: scenario=01 in=4032x3024, me_rotate=1 me_stripe=1 
[22:36:25.383] RX< [0m[36mmem_laySolv: me_rot 1, me_stripe 1, eis 0, be_rot 0
[22:36:25.383] RX< [0mscen1 type26 bufAdr 0x89d40b70 sz 0x1400000 reCfg for bound!
[22:36:25.383] RX< [36mmem_laySolv: scen01 20 entries solved OK!
[22:36:25.383] RX< [0m[7] [cam] [67053][
[22:36:25.385] RX< tshell][cam_solve_whole_layout:355]
[22:36:25.385] RX< scen1: vol 0x8c000000 rbuf 0x8a000000 sz 0x1400000 wbuf 0x8b400000 sz 0x200000
[22:36:25.385] RX< [36mmem_laySolv: scenario=02 in=2016x1512, me_rotate=0 me_stripe=0 
[22:36:25.385] RX< [0m[36mmem_laySolv: me_rot 0, me_stripe 0, eis 0, be_rot 0
[22:36:25.385] RX< [0mscen2 
[22:36:25.385] RX< type15 bufAdr 0x89ce3ef0 sz 0xd00000 reCfg for bound!
[22:36:25.385] RX< [36mmem_laySolv: scen02 14 entries solved OK!
[22:36:25.385] RX< [0m[36mmem_laySolv: scenario=03 in=4032x2268, me_rotate=1 me_stripe=0 
[22:36:25.385] RX< [0m[36mmem_laySolv: me_rot 1, me_stripe 0, eis 0, be_rot 0
[22:36:25.385] RX< [0m[36mmem_laySol
[22:36:25.388] RX< v: scen03 14 entries solved OK!
[22:36:25.388] RX< [0m[36mmem_laySolv: scenario=04 in=4032x3024, me_rotate=1 me_stripe=1 
[22:36:25.388] RX< [0m[36mmem_laySolv: me_rot 1, me_stripe 1, eis 0, be_rot 0
[22:36:25.388] RX< [0m[36mmem_laySolv: scen04 14 entries solved OK!
[22:36:25.388] RX< [0m[36mmem_laySolv: scenario=05 in=
[22:36:25.391] RX< 1008x0756, me_rotate=0 me_stripe=0 
[22:36:25.391] RX< [0m[36mmem_laySolv: me_rot 0, me_stripe 0, eis 0, be_rot 0
[22:36:25.391] RX< [0m[36mmem_laySolv: scen05 17 entries solved OK!
[22:36:25.391] RX< [0m[36mmem_laySolv: scenario=06 in=1008x0720, me_rotate=0 me_stripe=0 
[22:36:25.391] RX< [0m[36mmem_laySolv: me_rot 0, m
[22:36:25.391] RX< e_stripe 0, eis 0, be_rot 0
[22:36:25.391] RX< [0m[36mmem_laySolv: scen06 12 entries solved OK!
[22:36:25.391] RX< [0m[36mmem_laySolv: scenario=01 in=4032x3024, me_rotate=1 me_stripe=1 
[22:36:25.391] RX< [0mscen1 type26 bufAdr 0x89d40b70 sz 0x1400000 reCfg for bound!
[22:36:25.391] RX< [36mmem_laySolv: scen01 20 entries s
[22:36:25.394] RX< olved OK!
[22:36:25.394] RX< [0m[7] [cam] [67060][tshell][cam_solve_whole_layout:383]Solve Whole-layout Done!
[22:36:25.394] RX< [6] [cam] [67060][tshell][cgm_parse_media_para:271]phy cam num: 1
[22:36:25.394] RX< [7] [cam] [67061][cer0][cer_recovery_proc:343]thread start cid, 0
[22:36:25.394] RX< [6] [cam] [67061][tshell][csc_
[22:36:25.394] RX< open:443]SENSOR MCLK cal: 24MHz
[22:36:25.394] RX< [6] [cam] [67061][tshell][csc_isp_clk_cal:344]MIPI CLK cal: 346MHz
[22:36:25.394] RX< [6] [cam] [67062][tshell][csc_isp_clk_cal:371]LITE CLK cal: 28MHz
[22:36:25.394] RX< [7] [cam] [67062][tshell][cpc_csi_rx_power_on:633]E id: 2
[22:36:25.394] RX< [4] [cam] [67062][tshell][cpc_c
[22:36:25.400] RX< si_rx_power_on:644]csi_2 has already power on, STATUS: 1
[22:36:25.400] RX< [6] [cam] [67063][tshell][cpc_update_clock:603]actual SNS mclk: 24MHz
[22:36:25.400] RX< [6] [cam] [67063][tshell][cpc_update_clock:608]actual MIPI0: 500MHz
[22:36:25.400] RX< [6] [cam] [67064][tshell][cpc_update_clock:598]actual LITE 
[22:36:25.400] RX< clk: 50MHz
[22:36:25.400] RX< [7] [cam] [67064][tshell][cam_prelude_open:297][34msnsOpen camID1 csiID0 phyIdx0[0m
[22:36:25.400] RX< [6] [cam] [67069][tshell][sensor_expo_gain_match:48]sensor get sensor expo gain of imx681_vst
[22:36:25.400] RX< [6] [cam] [67069][tshell][sensor_open:684]sensor [1] open OK.
[22:36:25.400] RX< [
[22:36:25.403] RX< 6] [cam] [67069][tshell][cam_cpm_parse_media:280]photo scenario, media para[mfnr:0, hdr:0, capture_num:0]
[22:36:25.403] RX< [6] [cam] [67070][tshell][cam_cpm_parse_media:283]photo scenario, media para[iso:0, gain:0, wb_mode:0]
[22:36:25.403] RX< [6] [cam] [67071][tshell][csc_isp_clk_cal:353]
[22:36:25.403] RX< FE CLK cal: 426MHz, ME CLK cal: 462MHz, FE/ME CLK cal: 508MHz
[22:36:25.403] RX< [6] [cam] [67071][tshell][csc_isp_clk_cal:360]BE CLK cal: 401MHz
[22:36:25.403] RX< [4] [cam] [67072][tshell][cam_fe_core_power_on:269]fe pipe has already power on, STATUS: 1
[22:36:25.403] RX< [6] [cam] [67072][tshell][cpc_update_
[22:36:25.406] RX< clock:588]actual FE/ME clk: 550MHz
[22:36:25.406] RX< [4] [cam] [67072][tshell][cam_be_core_power_on:964]be pipe has already power on, STATUS: 1
[22:36:25.406] RX< [6] [cam] [67073][tshell][cpc_update_clock:593]actual BE clk: 500MHz
[22:36:25.406] RX< [7] [cam] [67073][tshell][cam_cpm_core_power_on:425]id,0 ty
[22:36:25.406] RX< pe,1 ret 0
[22:36:25.406] RX< [6] [cam] [67074][tshell][cam_cpm_core_init:914]E id,0 sensor type,1
[22:36:25.406] RX< [6] [cam] [67075][tshell][cpm_core_check_tuningbin:854]Tuning bin crc check PASS! sum 0xc9b121ad, xor 0x29d57d51
[22:36:25.406] RX< [6] [cam] [67075][tshell][qpc_tuning_check_iqbin_validness:396
[22:36:25.409] RX< ]IQ bin addr: 0x8869de60, project_name: capture_12M
[22:36:25.409] RX< [6] [cam] [67076][tshell][qpc_tuning_check_iqbin_validness:397]total_size: 107856
[22:36:25.409] RX< [6] [cam] [67076][tshell][qpc_tuning_check_iqbin_validness:398]id_count: 93. ID_TOTAL: 94
[22:36:25.409] RX< [6] [cam] [67077][tshell][qpc_
[22:36:25.409] RX< tuning_check_iqbin_validness:399]spinel tuning data ver: V1.30
[22:36:25.409] RX< [6] [cam] [67077][tshell][cpm_core_check_tuningbin:868]IQ bin check success!
[22:36:25.409] RX< [6] [cam] [67078][tshell][cam_bm_core_init:94]E
[22:36:25.409] RX< [6] [cam] [67078][tshell][bm_lab_init:174]X ctx size 4 addr 0x88455
[22:36:25.416] RX< 450
[22:36:25.416] RX< [6] [cam] [67079][tshell][cam_bm_core_init:114]X ctx size 180 addr 0x88485878
[22:36:25.416] RX< [6] [cam] [67079][tshell][qpc_core_init:1218]E id,0
[22:36:25.416] RX< [6] [cam] [67079][tshell][qpc_queue_init:65]QPC init qnodes 8, size 508, pool 0x88486828
[22:36:25.416] RX< [6] [cam] [67080][tshell][_qpc_
[22:36:25.416] RX< get_cap_cfg_para:892]preset capCfg 200 3 4
[22:36:25.416] RX< [7] [cam] [67080][tshell][_qpc_cfg_hdr_frms:840]hdr preset - gainThres 1600
[22:36:25.416] RX< FrmNB:	TNR	|EV-	|EV0	|EV+
[22:36:25.416] RX< LDR:	 3	| 5	| -	| 3
[22:36:25.416] RX< LLLDR:	 3	| 5	| -	| 3
[22:36:25.416] RX< HDR:	 3	| 5	| 3	| 1
[22:36:25.416] RX< LLHDR:	 3	| 5	| 3	| 1
[22:36:25.416] RX< 
[22:36:25.416] RX< [6] [cam] [67086][tshell]
[22:36:25.420] RX< [qpc_core_init:1264]X ctx size 3800 addr 0x88485940
[22:36:25.420] RX< [6] [cam] [67086][tshell][cpm_core_get_param:666]cpm para chk: tunBin-w 4000 h 3000 img-w 4032 h 3024
[22:36:25.420] RX< [6] [cam] [67086][tshell][cam_fe_core_init:436]E id,0
[22:36:25.420] RX< [6] [cam] [67087][tshell][cam_fe_core_init:490]
[22:36:25.420] RX< X ctx size 100 addr 0x884973b8
[22:36:25.420] RX< [7] [cam] [67087][tshell][qpc_core_fe_chords_init:1659][34mqpc fe init snsOut w 4032 h 3024, tbl w 28 h 20[0m
[22:36:25.420] RX< [6] [cam] [67088][tshell][cam_me_core_init:1474]X ctx size 1352 addr 0x88499770
[22:36:25.420] RX< [34m[ME SLICE CFG] perf=1421(u
[22:36:25.423] RX< s)!
[22:36:25.423] RX< [0m[6] [cam] [67090][tshell][cam_bayer_fe_3a_stats_core_init:445]fe 3a id,0
[22:36:25.423] RX< [6] [cam] [67091][tshell][cam_bayer_fe_3a_stats_core_init:490]X ctx size 132 addr 0x884a2190
[22:36:25.423] RX< [6] [cam] [67091][tshell][cam_be_core_init:618]E id,0
[22:36:25.423] RX< [7] [cam] [67091][be0][be_
[22:36:25.423] RX< core_irq_proc:267]thread start cid,0
[22:36:25.423] RX< [6] [cam] [67092][tshell][cam_be_core_init:710]X ctx size 464 addr 0x884a2520
[22:36:25.423] RX< [6] [cam] [67092][tshell][cam_lite_core_init:433]E id,0
[22:36:25.423] RX< [7] [cam] [67092][lite0][lite_core_irq_proc:152]thread start cid,0
[22:36:25.423] RX< [6] [cam] [67093
[22:36:25.428] RX< ][tshell][cam_lite_core_init:497]X ctx size 164 addr 0x884a4f70
[22:36:25.428] RX< [6] [cam] [67093][tshell][awb_wrapper_init:66]xxx awb_bin=0x88488f14, awb_bin_length=8068
[22:36:25.428] RX< [6] [cam] [67094][tshell][awb_wrapper_init:86]X algo_handle 0x884acfa8
[22:36:25.428] RX< [7] [cam] [67094][awb0][a5_cor
[22:36:25.428] RX< e_wrapper_task:252]thread start cid,0 algo type,2
[22:36:25.428] RX< [6] [cam] [67095][tshell][a5_core_init_task:426]thread created: awb0 mq=0x884af2a0 thread=0x884af3b8 sem=0x884af230 ret=0
[22:36:25.428] RX< [6] [cam] [67095][tshell][bayer_ae_wrapper_init:68]E id,0 proc mode 1 
[22:36:25.428] RX< 
[22:36:25.428] RX< [AEC Proc]
[22:36:25.430] RX<  @[allib_ae_set_debug_log_flag] Line:129:[DEBUG] debug level/to_file/to_terminal: 22/1/1
[22:36:25.430] RX< [AEC Proc] @[AeInit] Line:377:[INFO] AE ver: 2026_V2.269
[22:36:25.430] RX< 
[22:36:25.430] RX< [AEC Proc] @[allib_ae_loadfunc] Line:193:[INFO] camera ID: 0
[22:36:25.430] RX< [AEC Proc] @[AeInit] Line:404:[DEBUG] init imu 
[22:36:25.430] RX< detector sucessed!
[22:36:25.430] RX< [AEC Proc] @[AeInit] Line:406:[DEBUG] imu init errcode:0
[22:36:25.430] RX< [AEC Proc] @[alAE_set_param] Line:575:[DEBUG] sw_maxtime 66381 ,pertline 9444, after check sensor step sw_max_time 66375.00
[22:36:25.430] RX< [AEC Proc] @[alAE_set_param] Line:580:[DEBUG] sw_minti
[22:36:25.433] RX< me 37 ,pertline 9444, after check sensor step sw_min_time 36.00
[22:36:25.433] RX< [AEC Proc] @[alAE_set_param] Line:513:[DEBUG] DEBUG minbv exptime 9 gain 100, minExpBV 14098
[22:36:25.433] RX< [AEC Proc] @[AeTuningParseSet] Line:167:[DEBUG] aeparam version 2.268 60704
[22:36:25.433] RX< [AEC Proc] @[alAE_set_
[22:36:25.433] RX< param] Line:340:[DEBUG] INITEXP gain 100, shutter 8000, midtonegain 100, bv 4303
[22:36:25.433] RX< [6] [cam] [67102][tshell][bayer_ae_wrapper_init:119]X tline 9444 max_exp 66381 alg_hdl 0x884b1b68 
[22:36:25.433] RX< [7] [cam] [67102][b_ae0][a5_core_wrapper_task:252]thread start cid,0 algo t
[22:36:25.436] RX< ype,0
[22:36:25.436] RX< [6] [cam] [67103][tshell][a5_core_init_task:426]thread created: b_ae0 mq=0x884b8440 thread=0x884b8558 sem=0x884b83d0 ret=0
[22:36:25.436] RX< [6] [cam] [67103][tshell][atf_wrapper_init:67]E id,0
[22:36:25.436] RX< [6] [cam] [67104][tshell][atf_wrapper_init:107]X alg_ctx addr 0x884baa18
[22:36:25.436] RX< 
[22:36:25.436] RX< [7] [cam] [67104][atf0][a5_core_wrapper_task:252]thread start cid,0 algo type,1
[22:36:25.436] RX< [6] [cam] [67105][tshell][a5_core_init_task:426]thread created: atf0 mq=0x884bcd70 thread=0x884bce88 sem=0x884bcd00 ret=0
[22:36:25.436] RX< [6] [cam] [67105][tshell][cam_cpm_core_init:1030]X c
[22:36:25.444] RX< tx size 1064 addr 0x88485440
[22:36:25.444] RX< [6] [cam] [67106][tshell][csc_open:527]ok! phys_id[1], phys_num[1] 
[22:36:25.444] RX< [6] [cam] [67106][tshell][cam_open:699]open ok! camera_id[0]
[22:36:25.444] RX< [34m[cam open] perf=55588(us)!
[22:36:25.444] RX< [0m[6] [App Cam] cam open success
[22:36:25.444] RX< [6] [cam] [67112][tshell][cs
[22:36:25.444] RX< c_init:637]sensor info:size:4032x3024, formt: 0x2b, bps: 2496, tline: 9444
[22:36:25.444] RX< [6] [cam] [67112][tshell][cam_sif_mgr_init:261]E id,0
[22:36:25.444] RX< [7] [cam] [67113][sif0][sif_irq_proc:151]thread start cid,0
[22:36:25.444] RX< [6] [cam] [67113][tshell][cam_sif_mgr_init:293]X ctx size 52 addr 
[22:36:25.446] RX< 0x884d5f40
[22:36:25.446] RX< [7] [cam] [67114][tshell][sif_btm_paramSet:102]btm lite w4032 h4032 binEn1 binRatio2
[22:36:25.446] RX< [7] [cam] [67114][tshell][sif_btm_paramSet:106]cropSlct2 x0 y0 w4032 h4032
[22:36:25.446] RX< [6] [cam] [67115][tshell][cam_prelude_init_cfg:368]CSI ID is 0,  phy lanes is 2.
[22:36:25.446] RX< [7
[22:36:25.446] RX< ] [cam] [67115][tshell][check_phy_ready:96]MIPI_PHY[0] is ready
[22:36:25.446] RX< [6] [cam] [67116][tshell][sensor_init:348]sensor [1]: register ok
[22:36:25.446] RX< [6] [cam] [67116][tshell][sensor_set_mode:852]sensor [1]: SetMode -> mode = 0.
[22:36:25.446] RX< [6] [cam] [67116][tshell][sensor_send_reg_tab
[22:36:25.475] RX< _to_sensor:704]sensor [1]: send_reg_tab_to_sensor E.
[22:36:25.475] RX< [6] [cam] [67127][tshell][sensor_send_reg_tab_to_sensor:726]sensor [1]: reg_count = 77.
[22:36:25.475] RX< [6] [cam] [67129][tshell][sensor_init:361]sensor [1]: init success.
[22:36:25.475] RX< [6] [cam] [67129][tshell][sensor_set_mode:852]s
[22:36:25.477] RX< ensor [1]: SetMode -> mode = 1.
[22:36:25.477] RX< [6] [cam] [67130][tshell][sensor_send_reg_tab_to_sensor:704]sensor [1]: send_reg_tab_to_sensor E.
[22:36:25.477] RX< [6] [cam] [67144][tshell][sensor_send_reg_tab_to_sensor:726]sensor [1]: reg_count = 84.
[22:36:25.477] RX< [6] [cam] [67144][tshell][csc_init:64
[22:36:25.477] RX< 6]ok! phys_id[1], phys_num[1]
[22:36:25.477] RX< [6] [cam] [67145][tshell][csc_get_bayer_single_buffer:1038]scenario_type: 1
[22:36:25.477] RX< [6] [cam] [67145][tshell][csc_set_stats_fmt:98]index 0 w 1 h 1 bw 8 wcmp 255
[22:36:25.477] RX< [7] [cam] [67146][tshell][bm_ioctl:201]BMIOC_STATS_FMT
[22:36:25.477] RX< [6] [cam] [67146
[22:36:25.480] RX< ][tshell][csc_set_fe_fmt:47]index 1 w 4032 h 3024 bw 10 wcmp 0
[22:36:25.480] RX< [7] [cam] [67147][tshell][bm_ioctl:201]BMIOC_FE_FMT
[22:36:25.480] RX< [6] [cam] [67147][tshell][csc_set_lite_fmt:115]index 2 w 1008 h 720 bw 8 wcmp 255
[22:36:25.480] RX< [7] [cam] [67148][tshell][bm_ioctl:201]BMIOC_LITE_FMT
[22:36:25.480] RX< [6]
[22:36:25.480] RX<  [cam] [67148][tshell][csc_set_lite_fmt:115]index 21 w 1008 h 720 bw 8 wcmp 255
[22:36:25.480] RX< [7] [cam] [67148][tshell][bm_ioctl:201]BMIOC_LITE_FMT
[22:36:25.480] RX< [6] [cam] [67148][tshell][csc_set_be_fmt:81]index 25 w 0 h 0 bw 8 wcmp 255
[22:36:25.480] RX< [7] [cam] [67149][tshell][bm_ioctl:201]BMIOC_
[22:36:25.483] RX< BE_FMT
[22:36:25.483] RX< [6] [cam] [67149][tshell][csc_set_be_fmt:81]index 22 w 480 h 360 bw 8 wcmp 255
[22:36:25.483] RX< [7] [cam] [67150][tshell][bm_ioctl:201]BMIOC_BE_FMT
[22:36:25.483] RX< [6] [cam] [67150][tshell][csc_set_me_fmt:64]index 5 w 3024 h 4032 bw 10 wcmp 0, rdma_addr 0x8919f780, wdma_addr 0x891
[22:36:25.483] RX< 9f780
[22:36:25.483] RX< [7] [cam] [67151][tshell][bm_ioctl:201]BMIOC_ME_FMT
[22:36:25.483] RX< [6] [cam] [67151][tshell][csc_set_me_fmt:64]index 6 w 3024 h 4032 bw 8 wcmp 255, rdma_addr 0x88795200, wdma_addr 0x8c000000
[22:36:25.483] RX< [6] [cam] [67152][tshell][cam_me_core_buffer_cfg:1367]
[22:36:25.483] RX< ----ME PIPE INFO-
[22:36:25.486] RX< --
[22:36:25.486] RX<  wdma_buf_num:1, rotation_en: 1
[22:36:25.486] RX< [7] [cam] [67152][tshell][cam_me_core_buffer_cfg:1375]yuv wdma_addr 0:0x8c000000, meta_en: 0, 0x00000000
[22:36:25.486] RX< [7] [cam] [67153][tshell][bm_ioctl:201]BMIOC_ME_FMT
[22:36:25.486] RX< [6] [cam] [67153][tshell][csc_init:654]get otp ok! phys_id[1], 
[22:36:25.486] RX< phys_num[1]
[22:36:25.486] RX< [6] [cam] [67154][tshell][cam_init:789]init ok! logic_id[0]
[22:36:25.486] RX< [34m[cam init] perf=41465(us)!
[22:36:25.486] RX< [0m[6] [App Cam] cam init success
[22:36:25.486] RX< [7] [cam] [67154][tshell][cam_cpm_core_stream_on:541]id 0 sensor type 1
[22:36:25.486] RX< [6] [cam] [67155][tshell][sensor_stream_on
[22:36:25.504] RX< :979]sensor [1]: stream_on
[22:36:25.504] RX< [6] [cam] [67155][tshell][sensor_stream_on:1007]sensor [1]: REG: 0x100, W:0x1.
[22:36:25.504] RX< [6] [cam] [67156][tshell][sensor_stream_on:1009]sensor [1]: REG: 0x100, R:0x1.
[22:36:25.504] RX< [6] [cam] [67156][tshell][csc_prv_start:783]ok! phys_id[1], phys_num[1]
[22:36:25.504] RX< , cam_ids[1]
[22:36:25.504] RX< [6] [cam] [67157][tshell][cam_start:897]preview start ok! logic_id[0]
[22:36:25.504] RX< [34m[cam start] perf=2394(us)!
[22:36:25.504] RX< [0m[6] [App Cam] cam start success
[22:36:25.504] RX< [6] [App Dfs] Gravity_XR Capture Start
[22:36:25.504] RX< msh /emmc>echo "__EVBTEST_END_e868fae1__"
[22:36:25.504] RX< __EVBTEST_END_e868fae1
[22:36:25.545] RX< __
[22:36:25.545] RX< msh /emmc>[7] [cam] [67158][b_3a_sts][bayer_stats_core_irq_proc:164]thread start cid,0
[22:36:25.545] RX< [7] [cam] [67158][fe0][fe_core_irq_proc:98]thread start cid,0
[22:36:25.545] RX< [34m[AE] fid=0,exp=19512,adg=400,Y=548,mtg=100,shg=100,bgbv=1085,iso=400,cnv0,hdr0
[22:36:25.545] RX< [0m[34m[b_ae0 pro
[22:36:25.910] RX< c] perf=2693(us), max=2693(us)!
[22:36:25.910] RX< [0m[34m[awb0 proc] perf=1395(us), max=1395(us)!
[22:36:25.910] RX< [0m[34m[AE conv] fid=11,exp=18666,adg=400,Y=4435,mtg=359,shg=121,bgbv=1149,iso=400,cnv1,hdr1
[22:36:25.910] RX< [0m[7] [cam] [67563][fe0][_qpc_hdr_rslt_chk:1564]
[22:36:25.910] RX< ALG: EV0 t18666 g400 | EV+
[22:36:25.946] RX<  t22383 g400 | EV- t10053 g200
[22:36:25.946] RX< [6] [cam] [67564][fe0][qpc_core_hdr_mapExp_cfg:1632]evMapExp set OK, typ:2 1 FF num:3 5 0
[22:36:25.946] RX< [34m[cap] FE sync ME @fid11 as mod2 cfg0x01, cap 8frms @fid+3
[22:36:25.946] RX< [0m[7] [cam] [67600][qpc0][qpc_core_hdr_upd_sensor:558][HDRupd]: Sns 
[22:36:26.012] RX< cap-0 EV:0->2 st-22383 ag-400
[22:36:26.012] RX< [6] [cam] [67646][me0][cpm_cb_fe2me_tikChk:152]frm_length 33329us, fe2me delta 12
[22:36:26.012] RX< [7] [cam] [67646][qpc0][qpc_core_hdr_upd_me:605][HDRupd] ME cap-0 EV:0->2, dg-100
[22:36:26.012] RX< [7] [JPEG] frame num=8, pre frame=873813 Bytes
[22:36:26.012] RX< [exif] cap 0, 
[22:36:26.073] RX< bv 1150 exp 22383 iso 400 time 67643
[22:36:26.073] RX< [6] [cam] [67666][fe0][_cpm_cb_jpegInfo_proc:602]SnapStream E @ frm15!
[22:36:26.073] RX< [cap] oFrm15 Ym17286 bv1137 lux175
[22:36:26.073] RX< [32m[BE] fid=0, perf=1450(us), max=1450(us)!
[22:36:26.073] RX< [0m[7] [cam] [67701][qpc0][qpc_core_hdr_upd_sensor:558][HDRupd]:
[22:36:26.111] RX<  Sns cap-3 EV:2->1 st-10053 ag-200
[22:36:26.111] RX< [34m[cap] fid: me0 fe16, perf=557321(us)!
[22:36:26.111] RX< [0m[7] [cam] [67714][me0][me_core_thread:322]ME out fid 0
[22:36:26.111] RX< [cap] oFrm16 Ym18879 bv918 lux151
[22:36:26.111] RX< [cap] oFrm17 Ym18508 bv1008 lux160
[22:36:26.111] RX< [exif] cap 3, bv 1150 exp 10053 iso 200 time 6775
[22:36:26.289] RX< 6
[22:36:26.289] RX< [cap] oFrm18 Ym4773 bv-981 lux40
[22:36:26.289] RX< [cap] oFrm19 Ym4634 bv-618 lux52
[22:36:26.289] RX< [cap] oFrm20 Ym4811 bv-878 lux43
[22:36:26.289] RX< [cap] oFrm21 Ym4643 bv-760 lux47
[22:36:26.289] RX< [cap] oFrm22 Ym6347 bv-2822 lux11
[22:36:26.289] RX< [6] [cam] [67932][fe0][_cpm_cb_jpegInfo_proc:610]SnapStream X @ frm23!
[22:36:26.289] RX< [34m[cap] fid: m
[22:36:26.448] RX< e7 fe23, perf=33081(us)!
[22:36:26.448] RX< [0m[33m[W/ftp] service go wrong, now wait restarting...[0m
[22:36:26.448] RX< [6] [App Dfs] Gravity_XR Capture Stop Success: total frames = 8
[22:36:26.448] RX< [6] [cam] [68115][DfsSend][sensor_stream_off:1143]sensor [1]: stream_off
[22:36:26.448] RX< [6] [cam] [68116][DfsSend][sens
[22:36:26.448] RX< or_stream_off:1172]sensor [1]: REG: 0x100, W:0x0.
[22:36:26.448] RX< [6] [cam] [68117][DfsSend][sensor_stream_off:1174]sensor [1]: REG: 0x100, R:0x0.
[22:36:26.448] RX< [6] [cam] [68117][DfsSend][csc_prv_stop:893]ok! phys_id[1], phys_num[1], stop_type = 0
[22:36:26.448] RX< [6] [cam] [68118][DfsSend][cam_stop:1
[22:36:26.452] RX< 017]preview stop ok! logic_id[0]
[22:36:26.452] RX< [34m[cam stop] perf=2437(us)!
[22:36:26.452] RX< [0m[6] [App Cam] cam stop success
[22:36:26.452] RX< [7] [cam] [68118][DfsSend][cam_cpm_core_power_off:457]id,0 type,1 ret 0
[22:36:26.452] RX< [6] [cam] [68119][sif0][sif_irq_proc:174]thread release cid,0
[22:36:26.452] RX< [6] [cam] [68119][Dfs
[22:36:26.452] RX< Send][cam_sif_mgr_deinit:316]X
[22:36:26.452] RX< [6] [cam] [68119][DfsSend][cam_deinit:846]deinit ok! logic_id[0]
[22:36:26.452] RX< [34m[cam deinit] perf=1220(us)!
[22:36:26.452] RX< [0m[6] [App Cam] cam deinit success
[22:36:26.452] RX< [6] [cam] [68120][DfsSend][sensor_close:1247]sensor [1]: close!
[22:36:26.452] RX< [6] [cam] [68122][DfsSe
[22:36:26.455] RX< nd][cam_bm_core_deinit:136]X
[22:36:26.455] RX< [INFO]	cpm[0] snsType1 capMod2 cfg0x01 8frms
[22:36:26.455] RX< [head]  frmID ref 11 eff 15 sns 13 cdma 14 
[22:36:26.455] RX< [AErlt] flags fid 11 isWdr 1 isConv 1 sport 0 scen 1
[22:36:26.455] RX<         info  Lux 177 Ymean 4435 nxtBV -762 bgBV 1149
[22:36:26.455] RX< [exp]   norm  st18666 adg0040
[22:36:26.455] RX< 0 ispg00100
[22:36:26.455] RX<         short st10053 adg00200 ispg00100
[22:36:26.455] RX<         long  st22383 adg00400 ispg00100
[22:36:26.455] RX< [head]  frmID ref 10 eff 14 sns 12 cdma 13 
[22:36:26.455] RX< [AErlt] flags fid 10 isWdr 0 isConv 2 sport 0 scen 0
[22:36:26.455] RX<         info  Lux 178 Ymean 4408 nxtBV 1087 bgBV 1155
[22:36:26.455] RX< [exp]   
[22:36:26.457] RX< norm  st18594 adg00400 ispg00100
[22:36:26.457] RX<         short st00000 adg00000 ispg00100
[22:36:26.457] RX<         long  st00000 adg00000 ispg00100
[22:36:26.457] RX< [head]  frmID ref 9 eff 13 sns 11 cdma 12 
[22:36:26.457] RX< [AErlt] flags fid 9 isWdr 0 isConv 0 sport 0 scen 0
[22:36:26.457] RX<         info  Lux 177 Ymean 4373 nxtBV 1082
[22:36:26.457] RX<  bgBV 1150
[22:36:26.457] RX< [exp]   norm  st18657 adg00400 ispg00100
[22:36:26.457] RX<         short st00000 adg00000 ispg00100
[22:36:26.457] RX<         long  st00000 adg00000 ispg00100
[22:36:26.457] RX< [head]  frmID ref 8 eff 12 sns 10 cdma 11 
[22:36:26.457] RX< [AErlt] flags fid 8 isWdr 0 isConv 0 sport 0 scen 0
[22:36:26.457] RX<         info  Lux 178 Ym
[22:36:26.460] RX< ean 4552 nxtBV 1087 bgBV 1155
[22:36:26.460] RX< [exp]   norm  st18594 adg00400 ispg00100
[22:36:26.460] RX<         short st00000 adg00000 ispg00100
[22:36:26.460] RX<         long  st00000 adg00000 ispg00100
[22:36:26.460] RX< [head]  frmID ref 7 eff 11 sns 9 cdma 10 
[22:36:26.460] RX< [AErlt] flags fid 7 isWdr 0 isConv 0 sport 0 scen 0
[22:36:26.460] RX<       
[22:36:26.460] RX<   info  Lux 177 Ymean 3549 nxtBV 1082 bgBV 1153
[22:36:26.460] RX< [exp]   norm  st18621 adg00400 ispg00100
[22:36:26.460] RX<         short st00000 adg00000 ispg00100
[22:36:26.460] RX<         long  st00000 adg00000 ispg00100
[22:36:26.460] RX< [6] [cam] [68130][be0][be_core_irq_proc:326]thread release cid,0
[22:36:26.460] RX< [6] [cam] [68130][
[22:36:26.463] RX< DfsSend][cam_be_core_deinit:787]X
[22:36:26.463] RX< [6] [cam] [68131][me0][me_core_thread:367]thread release cid,0
[22:36:26.463] RX< [6] [cam] [68131][DfsSend][cam_me_core_deinit:1502]X
[22:36:26.463] RX< [6] [cam] [68131][fe0][fe_core_irq_proc:121]thread release cid,0
[22:36:26.463] RX< [6] [cam] [68131][DfsSend][cam_fe_core_
[22:36:26.466] RX< deinit:536]X
[22:36:26.466] RX< [6] [cam] [68132][b_3a_sts][bayer_stats_core_irq_proc:193]thread release cid,0
[22:36:26.466] RX< [6] [cam] [68132][DfsSend][cam_bayer_stats_core_deinit:512]X
[22:36:26.466] RX< [6] [cam] [68133][lite0][lite_core_irq_proc:190]thread release cid,0
[22:36:26.466] RX< [6] [cam] [68133][DfsSend][cam_l
[22:36:26.466] RX< ite_core_deinit:556]X
[22:36:26.466] RX< [6] [cam] [68133][b_ae0][a5_core_wrapper_task:315]thread release cid,0,algo,0
[22:36:26.466] RX< [6] [cam] [68134][DfsSend][bayer_ae_wrapper_deinit:204]X
[22:36:26.466] RX< [6] [cam] [68134][atf0][a5_core_wrapper_task:315]thread release cid,0,algo,1
[22:36:26.466] RX< [6] [cam] [68134][Df
[22:36:26.468] RX< sSend][atf_wrapper_deinit:153]X
[22:36:26.468] RX< [6] [cam] [68135][awb0][a5_core_wrapper_task:315]thread release cid,0,algo,2
[22:36:26.468] RX< [6] [cam] [68135][DfsSend][awb_wrapper_deinit:153]X
[22:36:26.468] RX< [6] [cam] [68136][DfsSend][cam_5a_core_deinit:555]X
[22:36:26.468] RX< [6] [cam] [68136][DfsSend][cam_5a_inf_dei
[22:36:26.469] RX< nit:149]X
[22:36:26.469] RX< [6] [cam] [68136][qpc0][qpc_core_msg_proc:697]thread release cid,0
[22:36:26.469] RX< [6] [cam] [68136][DfsSend][qpc_core_deinit:1330]X
[22:36:26.469] RX< [6] [cam] [68137][DfsSend][cam_cpm_core_deinit:1107]X
[22:36:26.469] RX< [6] [cam] [68137][DfsSend][csc_close:584]ok! phys_id[1], phys_num[1]
[22:36:26.469] RX< [7]
[22:36:26.492] RX<  [cam] [68138][cer0][cer_recovery_proc:352]msg type = 254
[22:36:26.492] RX< [6] [cam] [68138][cer0][cer_recovery_proc:454]thread release cid,0
[22:36:26.492] RX< [6] [cam] [68138][DfsSend][cer_deinit:560]X
[22:36:26.492] RX< [6] [cam] [68138][DfsSend][cam_close:750]close ok! logic_id[0]
[22:36:26.492] RX< [34m[cam close] perf=
[22:36:26.492] RX< 18728(us)!
[22:36:26.492] RX< [0m[6] [App Cam] cam close success
[22:36:26.492] RX< [6] [cam] [68139][cpl0][cam_prelude_proc_routine:136]thread release
[22:36:26.492] RX< [6] [cam] [68139][DfsSend][cam_exit:551]exit ok!
[22:36:26.492] RX< [34m[cam exit] perf=653(us)!
[22:36:26.492] RX< [0m[6] [App Cam] cam exit success
[22:36:26.492] RX< [6] [App Cam] jpeg deini
[22:36:28.492] RX< t success
[22:36:28.492] RX< [6] [App Dfs] Save Photo Successful: /emmc/PIC/20260813_013625_7157/
[22:36:28.492] RX< [6] [App Dfs] Capture completed successfully.
[22:36:28.492] RX< [33m[W/ftp] service go wrong, now wait restarting...[0m
[22:36:28.492] RX< [33m[W/ftp] service go wrong, now wait restarting...[0m
[22:36:28.501] TX> ftp_server
[22:36:28.501] TX> echo "__EVBTEST_END_84ad34ac__"
[22:36:30.492] RX< ftp_server
[22:36:30.492] RX< 
[22:36:30.492] RX< [FTP] Ftp server init success!!!
[22:36:30.492] RX< msh /emmc>echo "__EVBTEST_END_84ad34ac__"
[22:36:30.492] RX< __EVBTEST_END_84ad34ac__
[22:36:30.492] RX< msh /emmc>[33m[W/ftp] service go wrong, now wait restarting...[0m
[22:36:30.492] RX< [33m[W/ftp] service go wrong, now wait restarting...[0m
[22:36:32.493] RX< [33m[W/ftp] service go wrong, now wait restarting...[0m
[22:36:32.493] RX< [33m[W/ftp] service go wrong, now wait restarting...[0m
[22:36:34.493] RX< [33m[W/ftp] service go wrong, now wait restarting...[0m
[22:36:34.493] RX< [33m[W/ftp] service go wrong, now wait restarting...[0m
[22:36:34.493] RX< [33m[W/ftp] service go wrong, now wait restarting...[0m
[22:36:36.493] RX< [33m[W/ftp] service go wrong, now wait restarting...[0m
[22:36:36.493] RX< [33m[W/ftp] service go wrong, now wait restarting...[0m
[22:36:36.493] RX< [33m[W/ftp] service go wrong, now wait restarting...[0m
[22:36:36.493] RX< [33m[W/ftp] service go wrong, now wait restarting...[0m
[22:36:38.494] RX< [33m[W/ftp] service go wrong, now wait restarting...[0m
[22:36:38.494] RX< [33m[W/ftp] service go wrong, now wait restarting...[0m
[22:36:38.494] RX< [33m[W/ftp] service go wrong, now wait restarting...[0m
[22:36:38.494] RX< [33m[W/ftp] service go wrong, now wait restarting...[0m
[22:36:40.494] RX< [33m[W/ftp] service go wrong, now wait restarting...[0m
[22:36:40.494] RX< [33m[W/ftp] service go wrong, now wait restarting...[0m
[22:36:40.494] RX< [33m[W/ftp] service go wrong, now wait restarting...[0m
[22:36:40.494] RX< [33m[W/ftp] service go wrong, now wait restarting...[0m
[22:36:42.494] RX< [33m[W/ftp] service go wrong, now wait restarting...[0m
[22:36:42.494] RX< [33m[W/ftp] service go wrong, now wait restarting...[0m
[22:36:42.494] RX< [33m[W/ftp] service go wrong, now wait restarting...[0m
[22:36:42.494] RX< [33m[W/ftp] service go wrong, now wait restarting...[0m
[22:36:44.495] RX< [33m[W/ftp] service go wrong, now wait restarting...[0m
[22:36:44.495] RX< [33m[W/ftp] service go wrong, now wait restarting...[0m
[22:36:44.495] RX< [33m[W/ftp] service go wrong, now wait restarting...[0m
[22:36:44.495] RX< [33m[W/ftp] service go wrong, now wait restarting...[0m
[22:36:45.085] TX> cam_set video 1080p
[22:36:45.085] TX> echo "__EVBTEST_END_7c52e9e4__"
[22:36:45.370] RX< [33m[W/ftp] service go wrong, now wait restarting...[0m
[22:36:45.370] RX< cam_set video 1080p
[22:36:45.370] RX< [6] [App Dfs] w(1296) * h(2304) is 1080p, eis 0
[22:36:45.370] RX< msh /emmc>echo "__EVBTEST_END_7c52e9e4__"
[22:36:45.370] RX< __EVBTEST_END_7c52e9e4__
[22:36:45.370] RX< msh /emmc>[33m[W/ftp] service go wrong, now wait restarting...
[22:36:45.377] TX> dfs_video_start
[22:36:45.377] TX> echo "__EVBTEST_END_066f92c3__"
[22:36:45.474] RX< [0m
[22:36:45.474] RX< dfs_video_start
[22:36:45.474] RX< [7] [cam] [87135][tshell][cgm_parse_bin:105]total logical camera num: 1
[22:36:45.474] RX< [6] [cam] [87135][tshell][cam_prelude_create:187]E id, 0
[22:36:45.474] RX< [7] [cam] [87136][cpl0][cam_prelude_proc_routine:101]thread start
[22:36:45.474] RX< [6] [cam] [87136][tshell][cam_prelude_c
[22:36:45.474] RX< reate:214]X ctx size 124 addr 0x884717e8
[22:36:45.474] RX< [6] [cam] [87142][tshell][sensor_probe:418]sensor [1]: identifing 0 success.
[22:36:45.474] RX< [6] [cam] [87144][tshell][sensor_probe:441]sensor [1]: probe exit!
[22:36:45.474] RX< [6] [cam] [87144][tshell][cam_prelude_fast_probe:251]cam: 0 probe resu
[22:36:45.476] RX< lt: 0
[22:36:45.476] RX< [6] [cam] [87144][tshell][cgm_parse_bin:215]cam(0) probe success
[22:36:45.476] RX< [6] [cam] [87145][tshell][cam_entry:435]entry ok
[22:36:45.476] RX< [34m[cam entry] perf=10070(us)!
[22:36:45.476] RX< [0m[6] [App Cam] cam entry success
[22:36:45.476] RX< [36mmem_laySolv: scenario=01 in=4032x3024, me_rotate=1 me_strip
[22:36:45.479] RX< e=1 
[22:36:45.479] RX< [0m[36mmem_laySolv: me_rot 1, me_stripe 1, eis 0, be_rot 0
[22:36:45.479] RX< [0mscen1 type26 bufAdr 0x89d40b70 sz 0x1400000 reCfg for bound!
[22:36:45.479] RX< [36mmem_laySolv: scen01 20 entries solved OK!
[22:36:45.479] RX< [0m[36mmem_laySolv: scenario=02 in=2016x1512, me_rotate=0 me_stripe=0 
[22:36:45.479] RX< [0
[22:36:45.479] RX< m[36mmem_laySolv: me_rot 0, me_stripe 0, eis 0, be_rot 0
[22:36:45.479] RX< [0mscen2 type15 bufAdr 0x89ce3ef0 sz 0xd00000 reCfg for bound!
[22:36:45.479] RX< [36mmem_laySolv: scen02 14 entries solved OK!
[22:36:45.479] RX< [0m[36mmem_laySolv: scenario=03 in=4032x2268, me_rotate=1 me_stripe=0 
[22:36:45.479] RX< [0m[36mmem
[22:36:45.482] RX< _laySolv: me_rot 1, me_stripe 0, eis 0, be_rot 0
[22:36:45.482] RX< [0m[36mmem_laySolv: scen03 14 entries solved OK!
[22:36:45.482] RX< [0m[7] [cam] [87149][tshell][cam_solve_whole_layout:355]
[22:36:45.482] RX< scen3: vol 0x8c000000 rbuf 0x89d6cdf0 sz 0xd00000 wbuf 0x8aa6cdf0 sz 0xd00000
[22:36:45.482] RX<        rtmp txbuf
[22:36:45.482] RX<  0x8bf80000 sz 0x80000 avcBuf 0x8bf00000 sz 0x80000
[22:36:45.482] RX< [36mmem_laySolv: scenario=04 in=4032x3024, me_rotate=1 me_stripe=1 
[22:36:45.482] RX< [0m[36mmem_laySolv: me_rot 1, me_stripe 1, eis 0, be_rot 0
[22:36:45.482] RX< [0m[36mmem_laySolv: scen04 14 entries solved OK!
[22:36:45.482] RX< [0m[36mmem_laySolv:
[22:36:45.485] RX<  scenario=05 in=1008x0756, me_rotate=0 me_stripe=0 
[22:36:45.485] RX< [0m[36mmem_laySolv: me_rot 0, me_stripe 0, eis 0, be_rot 0
[22:36:45.485] RX< [0m[36mmem_laySolv: scen05 17 entries solved OK!
[22:36:45.485] RX< [0m[36mmem_laySolv: scenario=06 in=1008x0720, me_rotate=0 me_stripe=0 
[22:36:45.485] RX< [0m[36mmem_layS
[22:36:45.485] RX< olv: me_rot 0, me_stripe 0, eis 0, be_rot 0
[22:36:45.485] RX< [0m[36mmem_laySolv: scen06 12 entries solved OK!
[22:36:45.485] RX< [0m[36mmem_laySolv: scenario=01 in=4032x3024, me_rotate=1 me_stripe=1 
[22:36:45.485] RX< [0mscen1 type26 bufAdr 0x89d40b70 sz 0x1400000 reCfg for bound!
[22:36:45.485] RX< [36mmem_laySolv: sce
[22:36:45.488] RX< n01 20 entries solved OK!
[22:36:45.488] RX< [0m[7] [cam] [87155][tshell][cam_solve_whole_layout:383]Solve Whole-layout Done!
[22:36:45.488] RX< [6] [cam] [87155][tshell][cgm_parse_media_para:271]phy cam num: 1
[22:36:45.488] RX< [7] [cam] [87155][cer0][cer_recovery_proc:343]thread start cid, 0
[22:36:45.488] RX< [6] [cam] [871
[22:36:45.488] RX< 56][tshell][csc_open:443]SENSOR MCLK cal: 24MHz
[22:36:45.488] RX< [6] [cam] [87156][tshell][csc_isp_clk_cal:344]MIPI CLK cal: 277MHz
[22:36:45.488] RX< [6] [cam] [87157][tshell][csc_isp_clk_cal:371]LITE CLK cal: 25MHz
[22:36:45.488] RX< [7] [cam] [87157][tshell][cpc_csi_rx_power_on:633]E id: 2
[22:36:45.488] RX< [4] [cam] [8715
[22:36:45.494] RX< 7][tshell][cpc_csi_rx_power_on:644]csi_2 has already power on, STATUS: 1
[22:36:45.494] RX< [6] [cam] [87157][tshell][cpc_update_clock:603]actual SNS mclk: 24MHz
[22:36:45.494] RX< [6] [cam] [87158][tshell][cpc_update_clock:608]actual MIPI0: 300MHz
[22:36:45.494] RX< [6] [cam] [87158][tshell][cpc_update_clock:5
[22:36:45.494] RX< 98]actual LITE clk: 25MHz
[22:36:45.494] RX< [7] [cam] [87159][tshell][cam_prelude_open:297][34msnsOpen camID1 csiID0 phyIdx0[0m
[22:36:45.494] RX< [6] [cam] [87163][tshell][sensor_expo_gain_match:48]sensor get sensor expo gain of imx681_vst
[22:36:45.494] RX< [6] [cam] [87163][tshell][sensor_open:684]sensor 
[22:36:45.496] RX< [1] open OK.
[22:36:45.496] RX< [6] [cam] [87163][tshell][cam_cpm_parse_media:298]video scenario:3, media para[fps:0, mirror_en:0, flip_en:0]
[22:36:45.496] RX< [6] [cam] [87164][tshell][cam_cpm_parse_media:301]video scenario, media para[iso:0, gain:0, wb_mode:0]
[22:36:45.496] RX< [6] [cam] [87165][tshell][cs
[22:36:45.496] RX< c_isp_clk_cal:353]FE CLK cal: 373MHz, ME CLK cal: 371MHz, FE/ME CLK cal: 410MHz
[22:36:45.496] RX< [6] [cam] [87165][tshell][csc_isp_clk_cal:360]BE CLK cal: 301MHz
[22:36:45.496] RX< [4] [cam] [87166][tshell][cam_fe_core_power_on:269]fe pipe has already power on, STATUS: 1
[22:36:45.496] RX< [6] [cam] [87166][t
[22:36:45.501] RX< shell][cpc_update_clock:588]actual FE/ME clk: 500MHz
[22:36:45.501] RX< [7] [cam] [87167][tshell][cam_cpm_core_power_on:425]id,0 type,1 ret 0
[22:36:45.501] RX< [6] [cam] [87167][tshell][cam_cpm_core_init:914]E id,0 sensor type,1
[22:36:45.501] RX< [6] [cam] [87170][tshell][cpm_core_check_tuningbin:854]Tuning 
[22:36:45.502] RX< bin crc check PASS! sum 0x7fb15f, xor 0x4e593f47
[22:36:45.502] RX< [6] [cam] [87170][tshell][qpc_tuning_check_iqbin_validness:396]IQ bin addr: 0x88646660, project_name: video_3M
[22:36:45.502] RX< [6] [cam] [87171][tshell][qpc_tuning_check_iqbin_validness:397]total_size: 94208
[22:36:45.502] RX< [6] [cam] [871
[22:36:45.504] RX< 71][tshell][qpc_tuning_check_iqbin_validness:398]id_count: 93. ID_TOTAL: 94
[22:36:45.504] RX< [6] [cam] [87172][tshell][qpc_tuning_check_iqbin_validness:399]spinel tuning data ver: V1.30
[22:36:45.504] RX< [6] [cam] [87172][tshell][cpm_core_check_tuningbin:868]IQ bin check success!
[22:36:45.504] RX< [6] [cam
[22:36:45.504] RX< ] [87173][tshell][cam_bm_core_init:94]E
[22:36:45.504] RX< [6] [cam] [87173][tshell][bm_lab_init:174]X ctx size 4 addr 0x88461d78
[22:36:45.504] RX< [6] [cam] [87173][tshell][cam_bm_core_init:114]X ctx size 180 addr 0x8846e650
[22:36:45.504] RX< [33m[W/ftp] service go wrong, now wait restarting...[0m
[22:36:45.504] RX< [6] [ca
[22:36:45.520] RX< m] [87174][tshell][qpc_core_init:1218]E id,0
[22:36:45.520] RX< [6] [cam] [87175][tshell][qpc_queue_init:65]QPC init qnodes 8, size 508, pool 0x88472580
[22:36:45.520] RX< [7] [cam] [87175][tshell][_qpc_get_cap_cfg_para:888][fallback]preset capCfg 0 0 0 invalid, use default
[22:36:45.520] RX< [7] [cam] [87175][
[22:36:45.524] RX< tshell][_qpc_cfg_hdr_frms:832][fallback]preset hdrCfg 0 32 7 25600 148508608 invalid, use default
[22:36:45.524] RX< [6] [cam] [87192][tshell][qpc_core_init:1264]X ctx size 3800 addr 0x8846e718
[22:36:45.524] RX< [6] [cam] [87192][tshell][cpm_core_get_param:666]cpm para chk: tunBin-w 4032 h 2
[22:36:45.524] RX< 266 img-w 4032 h 2268
[22:36:45.524] RX< [6] [cam] [87193][tshell][cam_fe_core_init:436]E id,0
[22:36:45.524] RX< [6] [cam] [87193][tshell][cam_fe_core_init:490]X ctx size 100 addr 0x88481d60
[22:36:45.524] RX< [7] [cam] [87194][tshell][qpc_core_fe_chords_init:1659][34mqpc fe init snsOut w 4032 h 2268, tbl w 
[22:36:45.529] RX< 28 h 20[0m
[22:36:45.529] RX< [6] [cam] [87194][tshell][cam_me_core_init:1474]X ctx size 1352 addr 0x8849e408
[22:36:45.529] RX< [34m[ME SLICE CFG] perf=1321(us)!
[22:36:45.529] RX< [0m[6] [cam] [87198][tshell][cam_bayer_fe_3a_stats_core_init:445]fe 3a id,0
[22:36:45.529] RX< [6] [cam] [87198][tshell][cam_bayer_fe_3a_stats_cor
[22:36:45.529] RX< e_init:490]X ctx size 132 addr 0x884a6d60
[22:36:45.529] RX< [6] [cam] [87199][tshell][awb_wrapper_init:66]xxx awb_bin=0x88474a5c, awb_bin_length=8068
[22:36:45.529] RX< [6] [cam] [87199][tshell][awb_wrapper_init:86]X algo_handle 0x884ac9c0
[22:36:45.529] RX< [7] [cam] [87200][awb0][a5_core_wrapper_task:252]th
[22:36:45.537] RX< read start cid,0 algo type,2
[22:36:45.537] RX< [6] [cam] [87200][tshell][a5_core_init_task:426]thread created: awb0 mq=0x884aec88 thread=0x884aeda0 sem=0x884aec18 ret=0
[22:36:45.537] RX< [6] [cam] [87201][tshell][bayer_ae_wrapper_init:68]E id,0 proc mode 0 
[22:36:45.537] RX< 
[22:36:45.537] RX< [AEC Proc] @[allib_ae_set_debug_
[22:36:45.537] RX< log_flag] Line:129:[DEBUG] debug level/to_file/to_terminal: 22/1/1
[22:36:45.537] RX< [AEC Proc] @[AeInit] Line:377:[INFO] AE ver: 2026_V2.269
[22:36:45.537] RX< 
[22:36:45.537] RX< [AEC Proc] @[allib_ae_loadfunc] Line:193:[INFO] camera ID: 0
[22:36:45.537] RX< [AEC Proc] @[alAE_set_param] Line:575:[DEBUG] sw_maxtime 33004 ,pertl
[22:36:45.540] RX< ine 10800, after check sensor step sw_max_time 33000.00
[22:36:45.540] RX< [AEC Proc] @[alAE_set_param] Line:580:[DEBUG] sw_mintime 43 ,pertline 10800, after check sensor step sw_min_time 40.00
[22:36:45.540] RX< [AEC Proc] @[alAE_set_param] Line:513:[DEBUG] DEBUG minbv exptime 11 gain 100, m
[22:36:45.540] RX< inExpBV 13810
[22:36:45.540] RX< [AEC Proc] @[AeTuningParseSet] Line:167:[DEBUG] aeparam version 2.268 60530
[22:36:45.540] RX< [AEC Proc] @[alAE_set_param] Line:340:[DEBUG] INITEXP gain 100, shutter 33242, midtonegain 100, bv 2247
[22:36:45.540] RX< [6] [cam] [87210][tshell][bayer_ae_wrapper_init:119]X tline 
[22:36:45.543] RX< 10800 max_exp 33004 alg_hdl 0x884b1550 
[22:36:45.543] RX< [7] [cam] [87211][b_ae0][a5_core_wrapper_task:252]thread start cid,0 algo type,0
[22:36:45.543] RX< [6] [cam] [87211][tshell][a5_core_init_task:426]thread created: b_ae0 mq=0x884b2600 thread=0x884b2718 sem=0x884b2590 ret=0
[22:36:45.543] RX< [6] [cam] [
[22:36:45.543] RX< 87211][tshell][atf_wrapper_init:67]E id,0
[22:36:45.543] RX< [6] [cam] [87212][tshell][atf_wrapper_init:107]X alg_ctx addr 0x884b2840
[22:36:45.543] RX< [7] [cam] [87212][atf0][a5_core_wrapper_task:252]thread start cid,0 algo type,1
[22:36:45.543] RX< [6] [cam] [87213][tshell][a5_core_init_task:426]thread crea
[22:36:45.559] RX< ted: atf0 mq=0x884bc770 thread=0x884bc888 sem=0x884b2908 ret=0
[22:36:45.559] RX< [6] [cam] [87213][tshell][cam_cpm_core_init:1030]X ctx size 1064 addr 0x8846e218
[22:36:45.559] RX< [6] [cam] [87214][tshell][csc_open:527]ok! phys_id[1], phys_num[1] 
[22:36:45.559] RX< [6] [cam] [87214][tshell][cam_open:699]open
[22:36:45.559] RX<  ok! camera_id[0]
[22:36:45.559] RX< [34m[cam open] perf=69483(us)!
[22:36:45.559] RX< [0m[6] [App Cam] cam open success
[22:36:45.559] RX< [6] [App Cam] hevc init success
[22:36:45.559] RX< [6] [cam] [87229][tshell][csc_init:637]sensor info:size:4032x2268, formt: 0x2b, bps: 1968, tline: 10800
[22:36:45.559] RX< [6] [cam] [87230][tshell][cam_si
[22:36:45.562] RX< f_mgr_init:261]E id,0
[22:36:45.562] RX< [7] [cam] [87230][sif0][sif_irq_proc:151]thread start cid,0
[22:36:45.562] RX< [6] [cam] [87230][tshell][cam_sif_mgr_init:293]X ctx size 52 addr 0x884edef0
[22:36:45.562] RX< [6] [cam] [87230][tshell][cam_prelude_init_cfg:368]CSI ID is 0,  phy lanes is 2.
[22:36:45.562] RX< [7] [cam] [872
[22:36:45.590] RX< 31][tshell][check_phy_ready:96]MIPI_PHY[0] is ready
[22:36:45.590] RX< [6] [cam] [87231][tshell][sensor_init:348]sensor [1]: register ok
[22:36:45.590] RX< [6] [cam] [87232][tshell][sensor_set_mode:852]sensor [1]: SetMode -> mode = 0.
[22:36:45.590] RX< [6] [cam] [87232][tshell][sensor_send_reg_tab_to_sensor:70
[22:36:45.590] RX< 4]sensor [1]: send_reg_tab_to_sensor E.
[22:36:45.590] RX< [6] [cam] [87244][tshell][sensor_send_reg_tab_to_sensor:726]sensor [1]: reg_count = 77.
[22:36:45.590] RX< [6] [cam] [87245][tshell][sensor_init:361]sensor [1]: init success.
[22:36:45.590] RX< [6] [cam] [87245][tshell][sensor_set_mode:852]sensor [1]: S
[22:36:45.593] RX< etMode -> mode = 3.
[22:36:45.593] RX< [6] [cam] [87246][tshell][sensor_send_reg_tab_to_sensor:704]sensor [1]: send_reg_tab_to_sensor E.
[22:36:45.593] RX< [6] [cam] [87261][tshell][sensor_send_reg_tab_to_sensor:726]sensor [1]: reg_count = 83.
[22:36:45.593] RX< [6] [cam] [87261][tshell][csc_init:646]ok! phys_i
[22:36:45.593] RX< d[1], phys_num[1]
[22:36:45.593] RX< [6] [cam] [87261][tshell][csc_get_bayer_single_buffer:1038]scenario_type: 3
[22:36:45.593] RX< [6] [cam] [87262][tshell][csc_set_stats_fmt:98]index 0 w 1 h 1 bw 8 wcmp 255
[22:36:45.593] RX< [7] [cam] [87262][tshell][bm_ioctl:201]BMIOC_STATS_FMT
[22:36:45.593] RX< [6] [cam] [87263][tshell][cs
[22:36:45.596] RX< c_set_fe_fmt:47]index 1 w 4032 h 2268 bw 10 wcmp 0
[22:36:45.596] RX< [7] [cam] [87263][tshell][bm_ioctl:201]BMIOC_FE_FMT
[22:36:45.596] RX< [6] [cam] [87263][tshell][csc_set_me_fmt:64]index 5 w 2268 h 4032 bw 10 wcmp 0, rdma_addr 0x894afe00, wdma_addr 0x894afe00
[22:36:45.596] RX< [7] [cam] [87264][tshell][bm
[22:36:45.596] RX< _ioctl:201]BMIOC_ME_FMT
[22:36:45.596] RX< [6] [cam] [87264][tshell][csc_set_video_fmt:966]meta_addr: 0x89d6c600
[22:36:45.596] RX< [6] [cam] [87265][tshell][csc_set_me_fmt:64]index 6 w 1296 h 2304 bw 8 wcmp 255, rdma_addr 0x88795200, wdma_addr 0x8c000000
[22:36:45.596] RX< [6] [cam] [87265][tshell][cam_me_core
[22:36:45.599] RX< _buffer_cfg:1367]
[22:36:45.599] RX< ----ME PIPE INFO---
[22:36:45.599] RX<  wdma_buf_num:1, rotation_en: 1
[22:36:45.599] RX< [7] [cam] [87266][tshell][cam_me_core_buffer_cfg:1375]yuv wdma_addr 0:0x8c000000, meta_en: 1, 0x89d6c600
[22:36:45.599] RX< [7] [cam] [87266][tshell][bm_ioctl:201]BMIOC_ME_FMT
[22:36:45.599] RX< [6] [cam] [87267][tshell]
[22:36:45.599] RX< [csc_set_lite_fmt:115]index 13 w 400 h 400 bw 10 wcmp 255
[22:36:45.599] RX< [7] [cam] [87267][tshell][bm_ioctl:201]BMIOC_LITE_FMT
[22:36:45.599] RX< [6] [cam] [87268][tshell][csc_set_lite_fmt:115]index 14 w 400 h 400 bw 10 wcmp 255
[22:36:45.599] RX< [7] [cam] [87268][tshell][bm_ioctl:201]BMIOC_LITE_FMT
[22:36:45.599] RX< [6] [
[22:36:45.602] RX< cam] [87269][tshell][csc_init:654]get otp ok! phys_id[1], phys_num[1]
[22:36:45.602] RX< [6] [cam] [87269][tshell][cam_init:789]init ok! logic_id[0]
[22:36:45.602] RX< [34m[cam init] perf=40732(us)!
[22:36:45.602] RX< [0m[6] [App Cam] cam init success
[22:36:45.602] RX< [7] [cam] [87270][tshell][cam_cpm_core_stream_on:541]id 0
[22:36:45.602] RX<  sensor type 1
[22:36:45.602] RX< [6] [cam] [87270][tshell][sensor_stream_on:979]sensor [1]: stream_on
[22:36:45.602] RX< [6] [cam] [87271][tshell][sensor_stream_on:1007]sensor [1]: REG: 0x100, W:0x1.
[22:36:45.602] RX< [6] [cam] [87271][tshell][sensor_stream_on:1009]sensor [1]: REG: 0x100, R:0x1.
[22:36:45.602] RX< [6] [cam] [87
[22:36:45.620] RX< 271][tshell][csc_prv_start:783]ok! phys_id[1], phys_num[1], cam_ids[1]
[22:36:45.620] RX< [6] [cam] [87272][tshell][cam_start:897]preview start ok! logic_id[0]
[22:36:45.620] RX< [34m[cam start] perf=2600(us)!
[22:36:45.620] RX< [0m[6] [App Cam] cam start success
[22:36:45.620] RX< [6] [App Dfs] Gravity_XR Record Start
[22:36:45.620] RX< msh /em
[22:36:45.746] RX< mc>echo "__EVBTEST_END_066f92c3__"
[22:36:45.746] RX< __EVBTEST_END_066f92c3__
[22:36:45.746] RX< msh /emmc>[7] [cam] [87274][b_3a_sts][bayer_stats_core_irq_proc:164]thread start cid,0
[22:36:45.746] RX< [7] [cam] [87274][fe0][fe_core_irq_proc:98]thread start cid,0
[22:36:45.746] RX< [34m[AE] fid=0,exp=10060,adg=300,Y=3461,mtg=1
[22:36:46.002] RX< 00,shg=100,bgbv=3694,iso=300,cnv0,hdr0
[22:36:46.002] RX< [0m[34m[b_ae0 proc] perf=8097(us), max=8097(us)!
[22:36:46.002] RX< [0m[34m[awb0 proc] perf=4426(us), max=4426(us)!
[22:36:46.002] RX< [0m[6] [cam] [87565][me0][cpm_cb_fe2me_tikChk:152]frm_length 88559us, fe2me delta 0
[22:36:46.002] RX< [34m[ME INTP]fid=0, shutter=1
[22:36:46.367] RX< 0060, perf=2842(us), max=2842(us)!
[22:36:46.367] RX< [0m[7] [cam] [87744][me0][me_core_thread:322]ME out fid 0
[22:36:46.367] RX< [34m[awb0 proc] perf=6156(us), max=6156(us)!
[22:36:46.367] RX< [0m[6] [App Dfs] f_index = 0, f_len = 145884, cur_total_len = 145972
[22:36:46.367] RX< [33m[W/ftp] service go wrong, now wait restar
[22:36:47.107] RX< ting...[0m
[22:36:47.107] RX< [33m[W/ftp] service go wrong, now wait restarting...[0m
[22:36:47.107] RX< [34m[AE] fid=30,exp=10200,adg=294,Y=3376,mtg=219,shg=135,bgbv=834,iso=294,cnv2,hdr0
[22:36:47.107] RX< [0m[7] [cam] [88744][me0][me_core_thread:322]ME out fid 30
[22:36:47.107] RX< [34m[awb0 proc] perf=6644(us), max=6644(
[22:36:48.080] RX< us)!
[22:36:48.080] RX< [0m[33m[W/ftp] service go wrong, now wait restarting...[0m
[22:36:48.080] RX< [33m[W/ftp] service go wrong, now wait restarting...[0m
[22:36:48.080] RX< [34m[AE] fid=60,exp=13260,adg=300,Y=3647,mtg=180,shg=103,bgbv=829,iso=300,cnv2,hdr0
[22:36:48.080] RX< [0m[7] [cam] [89744][me0][me_core_thread:322]
[22:36:48.905] RX< ME out fid 60
[22:36:48.905] RX< [34m[awb0 proc] perf=6285(us), max=6644(us)!
[22:36:48.905] RX< [0m[33m[W/ftp] service go wrong, now wait restarting...[0m
[22:36:48.905] RX< [33m[W/ftp] service go wrong, now wait restarting...[0m
[22:36:48.905] RX< [34m[awb0 proc] perf=7594(us), max=7594(us)!
[22:36:48.905] RX< [0m[34m[AE] fid=90,exp=13340
[22:36:49.114] RX< ,adg=300,Y=3680,mtg=180,shg=104,bgbv=838,iso=300,cnv2,hdr0
[22:36:49.114] RX< [0m[34m[b_ae0 proc] perf=937(us), max=8097(us)!
[22:36:49.114] RX< [0m[34m[awb0 proc] perf=4433(us), max=7594(us)!
[22:36:49.114] RX< [0m[7] [cam] [90744][me0][me_core_thread:322]ME out fid 90
[22:36:49.114] RX< [6] [App Dfs] f_index = 90, f_len = 
[22:36:49.999] RX< 201802, cur_total_len = 6729946
[22:36:49.999] RX< [33m[W/ftp] service go wrong, now wait restarting...[0m
[22:36:49.999] RX< [33m[W/ftp] service go wrong, now wait restarting...[0m
[22:36:49.999] RX< [34m[AE] fid=120,exp=13340,adg=300,Y=3672,mtg=180,shg=104,bgbv=833,iso=300,cnv2,hdr0
[22:36:49.999] RX< [0m[34m[ME INTP]fid=
[22:36:50.511] RX< 120, shutter=13340, perf=6(us), max=9177(us)!
[22:36:50.511] RX< [0m[7] [cam] [91744][me0][me_core_thread:322]ME out fid 120
[22:36:50.511] RX< [34m[awb0 proc] perf=6260(us), max=6260(us)!
[22:36:50.511] RX< [0m[33m[W/ftp] service go wrong, now wait restarting...[0m
[22:36:50.511] RX< [33m[W/ftp] service go wrong, now wait r
[22:36:50.633] TX> dfs_video_stop
[22:36:50.633] TX> echo "__EVBTEST_END_c6be7c35__"
[22:36:50.664] RX< estarting...[0m
[22:36:50.664] RX< dfs_video_stop
[22:36:50.664] RX< msh /emmc>echo "__EVBTEST_END_c6be7c35__"
[22:36:50.664] RX< __EVBTEST_END_c6be7c35__
[22:36:50.664] RX< msh /emmc>[6] [App Dfs]  Gravity_XR Record Stop Success: total frames = 138
[22:36:50.664] RX< [6] [cam] [92319][DfsSend][sensor_stream_off:1143]sensor [1]: stream_off
[22:36:50.664] RX< [6] [cam
[22:36:50.680] RX< ] [92319][DfsSend][sensor_stream_off:1172]sensor [1]: REG: 0x100, W:0x0.
[22:36:50.680] RX< [6] [cam] [92320][DfsSend][sensor_stream_off:1174]sensor [1]: REG: 0x100, R:0x0.
[22:36:50.680] RX< [6] [cam] [92345][DfsSend][csc_prv_stop:893]ok! phys_id[1], phys_num[1], stop_type = 0
[22:36:50.680] RX< [6] [cam] [9234
[22:36:50.680] RX< 5][DfsSend][cam_stop:1017]preview stop ok! logic_id[0]
[22:36:50.680] RX< [34m[cam stop] perf=26647(us)!
[22:36:50.680] RX< [0m[6] [App Cam] cam stop success
[22:36:50.680] RX< Total of 138 frames encoded, 10234261 bytes, max_workbuffer_used: 4911104 bytes
[22:36:50.680] RX< [6] [App Cam] hevc_encoder_deinit success
[22:36:50.680] RX< [7] [cam] 
[22:36:50.684] RX< [92350][DfsSend][cam_cpm_core_power_off:457]id,0 type,1 ret 0
[22:36:50.684] RX< [6] [cam] [92350][sif0][sif_irq_proc:174]thread release cid,0
[22:36:50.684] RX< [6] [cam] [92351][DfsSend][cam_sif_mgr_deinit:316]X
[22:36:50.684] RX< [6] [cam] [92351][DfsSend][cam_deinit:846]deinit ok! logic_id[0]
[22:36:50.684] RX< [34m[cam dei
[22:36:50.685] RX< nit] perf=1289(us)!
[22:36:50.685] RX< [0m[6] [App Cam] cam deinit success
[22:36:50.685] RX< [6] [cam] [92352][DfsSend][sensor_close:1247]sensor [1]: close!
[22:36:50.685] RX< [6] [cam] [92354][DfsSend][cam_bm_core_deinit:136]X
[22:36:50.685] RX< [6] [cam] [92354][me0][me_core_thread:367]thread release cid,0
[22:36:50.685] RX< [6] [cam] [92355]
[22:36:50.687] RX< [DfsSend][cam_me_core_deinit:1502]X
[22:36:50.687] RX< [6] [cam] [92355][fe0][fe_core_irq_proc:121]thread release cid,0
[22:36:50.687] RX< [6] [cam] [92355][DfsSend][cam_fe_core_deinit:536]X
[22:36:50.687] RX< [6] [cam] [92355][b_3a_sts][bayer_stats_core_irq_proc:193]thread release cid,0
[22:36:50.687] RX< [6] [cam] [92356][DfsS
[22:36:50.687] RX< end][cam_bayer_stats_core_deinit:512]X
[22:36:50.687] RX< [6] [cam] [92356][b_ae0][a5_core_wrapper_task:315]thread release cid,0,algo,0
[22:36:50.687] RX< [6] [cam] [92357][DfsSend][bayer_ae_wrapper_deinit:204]X
[22:36:50.687] RX< [6] [cam] [92357][atf0][a5_core_wrapper_task:315]thread release cid,0,algo,1
[22:36:50.687] RX< [6]
[22:36:50.690] RX<  [cam] [92358][DfsSend][atf_wrapper_deinit:153]X
[22:36:50.690] RX< [6] [cam] [92358][awb0][a5_core_wrapper_task:315]thread release cid,0,algo,2
[22:36:50.690] RX< [6] [cam] [92358][DfsSend][awb_wrapper_deinit:153]X
[22:36:50.690] RX< [6] [cam] [92358][DfsSend][cam_5a_core_deinit:555]X
[22:36:50.690] RX< [6] [cam] [92359][DfsSen
[22:36:50.690] RX< d][cam_5a_inf_deinit:149]X
[22:36:50.690] RX< [6] [cam] [92359][qpc0][qpc_core_msg_proc:697]thread release cid,0
[22:36:50.690] RX< [6] [cam] [92360][DfsSend][qpc_core_deinit:1330]X
[22:36:50.690] RX< [6] [cam] [92360][DfsSend][cam_cpm_core_deinit:1107]X
[22:36:50.690] RX< [6] [cam] [92360][DfsSend][csc_close:584]ok! phys_id[1],
[22:36:50.694] RX<  phys_num[1]
[22:36:50.694] RX< [7] [cam] [92360][cer0][cer_recovery_proc:352]msg type = 254
[22:36:50.694] RX< [6] [cam] [92361][cer0][cer_recovery_proc:454]thread release cid,0
[22:36:50.694] RX< [6] [cam] [92361][DfsSend][cer_deinit:560]X
[22:36:50.694] RX< [6] [cam] [92361][DfsSend][cam_close:750]close ok! logic_id[0]
[22:36:50.694] RX< [34m[
[22:36:50.694] RX< cam close] perf=9864(us)!
[22:36:50.694] RX< [0m[6] [App Cam] cam close success
[22:36:50.694] RX< [6] [cam] [92362][cpl0][cam_prelude_proc_routine:136]thread release
[22:36:50.694] RX< [6] [cam] [92363][DfsSend][cam_exit:551]exit ok!
[22:36:50.694] RX< [34m[cam exit] perf=563(us)!
[22:36:50.694] RX< [0m[6] [App Cam] cam exit success
[22:36:50.694] RX< [6] [App 
[22:36:51.367] RX< Dfs] Save Video Successful: /emmc/VIDEO/20260813_013644_7042/Video_7042_0.h265
[22:36:51.367] RX< [6] [App Dfs] Save Imu Successful: /emmc/VIDEO/20260813_013644_7042/Imu_7042.bin
[22:36:51.367] RX< [6] [App Dfs] Video recording completed successfully.
[22:36:51.367] RX< [33m[W/ftp] service go wrong, now wait r
[22:36:51.373] TX> ftp_server
[22:36:51.373] TX> echo "__EVBTEST_END_583db944__"
[22:36:52.378] RX< estarting...[0m
[22:36:52.378] RX< ftp_server
[22:36:52.378] RX< 
[22:36:52.378] RX< [FTP] Ftp server init success!!!
[22:36:52.378] RX< msh /emmc>echo "__EVBTEST_END_583db944__"
[22:36:52.378] RX< __EVBTEST_END_583db944__
[22:36:52.378] RX< msh /emmc>[33m[W/ftp] service go wrong, now wait restarting...[0m
[22:36:52.378] RX< [33m[W/ftp] service go wrong, now wait restarting...[0m
[22:36:54.379] RX< 
[22:36:54.379] RX< [33m[W/ftp] service go wrong, now wait restarting...[0m
[22:36:54.379] RX< [33m[W/ftp] service go wrong, now wait restarting...[0m
[22:36:54.379] RX< [33m[W/ftp] service go wrong, now wait restarting...[0m
[22:36:56.380] RX< [33m[W/ftp] service go wrong, now wait restarting...[0m
[22:36:56.380] RX< [33m[W/ftp] service go wrong, now wait restarting...[0m
[22:36:56.380] RX< [33m[W/ftp] service go wrong, now wait restarting...[0m
[22:36:56.380] RX< [33m[W/ftp] service go wrong, now wait restarting...[0m
