[05:38:51.628] TX> 
[05:38:52.629] TX> 
[05:38:53.629] RX< 
[05:38:53.629] RX< msh />
[05:38:53.629] RX< msh />
[05:38:53.845] TX> echo "EVBTEST_HELLO"
[05:38:53.845] TX> echo "__EVBTEST_END_4ee502c8__"
[05:38:55.631] RX< echo "EVBTEST_HELLO"
[05:38:55.631] RX< EVBTEST_HELLO
[05:38:55.631] RX< msh />echo "__EVBTEST_END_4ee502c8__"
[05:38:55.631] RX< __EVBTEST_END_4ee502c8__
[05:38:55.631] RX< msh />
[05:38:55.832] TX> cd /
[05:38:55.832] TX> echo "__EVBTEST_END_7a5a37bd__"
[05:38:57.633] RX< cd /
[05:38:57.633] RX< msh />echo "__EVBTEST_END_7a5a37bd__"
[05:38:57.633] RX< __EVBTEST_END_7a5a37bd__
[05:38:57.633] RX< msh />
[05:38:57.834] TX> dfs_video_stop
[05:38:57.834] TX> echo "__EVBTEST_END_a3a80746__"
[05:38:59.635] RX< dfs_video_stop
[05:38:59.635] RX< [6] [App Dfs] Please start recording the video first.
[05:38:59.635] RX< msh />echo "__EVBTEST_END_a3a80746__"
[05:38:59.635] RX< __EVBTEST_END_a3a80746__
[05:38:59.635] RX< msh />
[05:38:59.837] TX> ftp_server
[05:38:59.837] TX> echo "__EVBTEST_END_5ee12995__"
[05:39:01.637] RX< ftp_server
[05:39:01.637] RX< 
[05:39:01.637] RX< [FTP] Ftp server init success!!!
[05:39:01.637] RX< msh />echo "__EVBTEST_END_5ee12995__"
[05:39:01.637] RX< __EVBTEST_END_5ee12995__
[05:39:01.637] RX< msh />
[05:39:05.640] RX< [32m[I/ftp] service launched success.[0m
[05:39:11.441] RX< wifi scan
[05:39:11.441] RX<              SSID                      MAC            security    rssi chn Mbps
[05:39:11.441] RX< ------------------------------- -----------------  -------------- ---- --- ----
[05:39:11.441] RX< 216                             e4:77:27:d7:02:b0  OPEN           -66    1  144
[05:39:11.441] RX< ftp_
[05:39:11.553] TX> wifi scan
[05:39:11.553] TX> echo "__EVBTEST_END_54b2d552__"
[05:39:11.649] RX< hw_2_4g                     e2:19:01:17:87:d1  WPA2_AES_PSK   -37    1  144
[05:39:11.649] RX< realme GT Neo5 SE               6e:de:3b:69:a5:79  WPA2_AES_PSK   -46    4  144
[05:39:11.649] RX< gravityXR                       f4:e4:51:83:d5:80  WPA2_AES_PSK   -48    6  144
[05:39:11.649] RX<  Gwireless       
[05:39:11.650] RX<                f4:e4:51:83:d5:81  WPA2_AES_PSK   -50    6  144
[05:39:11.650] RX< G-Demo                          f4:e4:51:83:d5:82  WPA2_AES_PSK   -52    6  144
[05:39:11.650] RX<                                 0e:ee:17:75:62:2e  WPA2_AES_PSK   -40    6  144
[05:39:11.650] RX< alk                           
[05:39:12.007] RX<   2c:97:b1:17:2e:a0  WPA2_AES_PSK   -59    6   72
[05:39:12.007] RX< MTK_CHEETAH_AP_2.4G             e0:ef:02:71:f5:71  OPEN           -45   13  300
[05:39:12.007] RX< SW-test-2.4G                    f8:ce:21:8b:a6:fc  WPA2_AES_PSK   -50   13  600
[05:39:12.007] RX< HUAWEI-AX2                      02:25:74:39
[05:39:14.008] RX< :4e:47  WPA2_AES_PSK   -55    1  300
[05:39:14.008] RX< TP-LINK_5G_756B                 c2:45:86:39:8c:5f  WPA2_AES_PSK   -56    1  300
[05:39:14.008] RX< msh />echo "__EVBTEST_END_54b2d552__"
[05:39:14.008] RX< __EVBTEST_END_54b2d552__
[05:39:14.008] RX< msh />
[05:39:35.978] RX< ifconfig
[05:39:35.978] RX< network interface device: w0 (Default)
[05:39:35.978] RX< MTU: 1500
[05:39:35.978] RX< MAC: 8c ea 12 ba a8 2c 
[05:39:35.978] RX< FLAGS: UP LINK_DOWN INTERNET_DOWN DHCP_ENABLE ETHARP BROADCAST IGMP
[05:39:35.978] RX< ip address: 0.0.0.0
[05:39:35.978] RX< gw address: 0.0.0.0
[05:39:35.978] RX< net mask  : 0.0.0.0
[05:39:35.978] RX< dns server #0: 0.0.0.0
[05:39:35.978] RX< dns server #1: 0.0
[05:39:35.990] RX< .0.0
[05:39:35.990] RX< 
[05:39:35.990] RX< network interface device: w1
[05:39:35.990] RX< MTU: 1500
[05:39:35.990] RX< MAC: 8e ea 12 ba a8 2c 
[05:39:35.990] RX< FLAGS: UP LINK_DOWN INTERNET_DOWN DHCP_ENABLE ETHARP BROADCAST IGMP
[05:39:35.990] RX< ip address: 0.0.0.0
[05:39:35.990] RX< gw address: 0.0.0.0
[05:39:35.990] RX< net mask  : 0.0.0.0
[05:39:35.990] RX< dns server #0: 0.0.0.0
[05:39:35.990] RX< dns server #1: 0.0.0.0
[05:39:35.990] RX< msh />e
[05:39:36.178] TX> ifconfig
[05:39:36.178] TX> echo "__EVBTEST_END_de2665b1__"
[05:39:37.992] RX< cho "__EVBTEST_END_de2665b1__"
[05:39:37.992] RX< __EVBTEST_END_de2665b1__
[05:39:37.992] RX< msh />
[05:39:38.175] RX< wifi scan
[05:39:38.175] RX<              SSID                      MAC            security    rssi chn Mbps
[05:39:38.175] RX< ------------------------------- -----------------  -------------- ---- --- ----
[05:39:38.175] RX< ftp_hw_2_4g                     e2:19:01:17:87:d1  WPA2_AES_PSK   -33    1  144
[05:39:38.175] RX< real
[05:39:38.194] TX> wifi scan
[05:39:38.194] TX> echo "__EVBTEST_END_a18d55f7__"
[05:39:38.283] RX< me GT Neo5 SE               6e:de:3b:69:a5:79  WPA2_AES_PSK   -46    4  144
[05:39:38.283] RX<                                 0e:ee:17:75:62:2e  WPA2_AES_PSK   -40    6  144
[05:39:38.283] RX< alk_guest                       2c:97:b1:17:2e:a1  WPA2_MIXED_PSK -58    6   72
[05:39:38.283] RX< gravityXR        
[05:39:38.578] RX<                f4:e4:51:83:d5:80  WPA2_AES_PSK   -51    6  144
[05:39:38.578] RX<  Gwireless                      f4:e4:51:83:d5:81  WPA2_AES_PSK   -49    6  144
[05:39:38.578] RX< G-Demo                          f4:e4:51:83:d5:82  WPA2_AES_PSK   -51    6  144
[05:39:38.578] RX< MTK_CHEETAH_AP_2.4G           
[05:39:38.735] RX<   e0:ef:02:71:f5:71  OPEN           -41   13  300
[05:39:38.735] RX< SW-test-2.4G                    f8:ce:21:8b:a6:fc  WPA2_AES_PSK   -47   13  600
[05:39:38.735] RX< TP-LINK_5G_756B                 c2:45:86:39:8c:5f  WPA2_AES_PSK   -53    1  300
[05:39:38.735] RX< HUAWEI-AX2                      02:25:74:39
[05:39:40.120] RX< :4e:47  WPA2_AES_PSK   -57    1  300
[05:39:40.120] RX< gravityXR                       f4:e4:51:83:e3:00  WPA2_AES_PSK   -64    6  144
[05:39:40.120] RX< GTS_24G                         a4:a9:30:fb:94:34  WPA2_AES_PSK   -56   11  288
[05:39:40.120] RX< msh />echo "__EVBTEST_END_a18d55f7__"
[05:39:40.120] RX< __EVBTEST_END_a18d
[05:39:42.121] RX< 55f7__
[05:39:42.121] RX< msh />
[05:39:42.323] TX> wifi join G-Demo Gdemo@123
[05:39:42.323] TX> echo "__EVBTEST_END_b8be2242__"
[05:39:44.123] RX< wifi join G-Demo Gdemo@123
[05:39:48.126] RX< [32m[I/WLAN.mgnt] wifi connect success ssid:G-Demo[0m
[05:39:48.126] RX< msh />echo "__EVBTEST_END_b8be2242__"
[05:39:48.126] RX< __EVBTEST_END_b8be2242__
[05:39:48.126] RX< msh />
[05:39:50.126] RX< [32m[I/WLAN.lwip] Got IP address : 10.1.90.71[0m
[05:39:50.328] TX> cd /emmc
[05:39:50.328] TX> echo "__EVBTEST_END_01fc53b7__"
[05:39:52.128] RX< cd /emmc
[05:39:52.128] RX< msh /emmc>echo "__EVBTEST_END_01f[6] [SNTP] rtc synced: 2026-08-17 08:39:50 (tick=631372480)
[05:39:52.128] RX< c53b7__"
[05:39:52.128] RX< __EVBTEST_END_01fc53b7__
[05:39:52.128] RX< msh /emmc>
[05:39:52.330] TX> ftp_server
[05:39:52.330] TX> echo "__EVBTEST_END_3f87da6e__"
