[22:43:43.775] [INFO] VX100 EVB 自动化测试启动，运行时间戳: 20260818_224343
[22:43:43.775] [INFO] 启用模块: ['wifi_check', 'wifi_scan', 'wifi_join', 'emmc', 'ftp', 'photo', 'video', 'rtmp']
[22:43:43.776] [INFO] 开始自动探测 EVB 串口，候选端口 ['/dev/ttyUSB0']，候选波特率 [2000000, 250000, 115200, 921600]
[22:43:43.776] [DEBUG] 探测 /dev/ttyUSB0 @ 2000000 ...
[22:43:46.087] [INFO]   命中 EVB 指纹: /dev/ttyUSB0 @ 2000000
[22:43:46.088] [INFO] 探测到 EVB: /dev/ttyUSB0 @ 2000000
[22:43:46.092] [INFO] 串口已打开: /dev/ttyUSB0 @ 2000000 bps
[22:43:48.094] [INFO] EVB 已就绪
[22:43:50.097] [DEBUG] 串口自检通过
[22:43:50.097] [INFO] 预清理板子状态...
[22:44:03.004] [INFO] 扫描 WiFi 网络...
[22:44:50.054] [ERROR] WiFi 连接失败: 期望结果未出现(30.0s): Got IP address\s*:\s*([0-9.]+)
[22:44:50.055] [ERROR] 输出: wifi join SW-test-2.4G tuf@3600
[I/WLAN.mgnt] wifi is connect ssid:SW-test-2.4G
msh />echo "__EVBTEST_END_10b825a2__"
__EVBTEST_END_10b825a2__
msh />
[22:44:50.055] [WARN] WiFi 交互连接失败，将依赖 wifi_join 用例连接
[22:44:50.055] [INFO] 本次执行模块顺序: ['wifi_check', 'wifi_scan', 'wifi_join', 'emmc', 'ftp', 'photo', 'video', 'rtmp']
[22:44:50.055] >>> 模块 [wifi_check] 开始执行
[22:44:50.055]     - 执行模块: wifi_check
[22:44:52.078] [PASS] wifi_check (2022ms) - 已联网，IP=192.168.1.101（跳过 wifi scan/join）
[22:44:52.079] <<< 模块 [wifi_check] 结束，耗时 2.0s（结果 PASS）
[22:44:52.079] >>> 模块 [wifi_scan] 开始执行
[22:44:52.079]     - 执行模块: wifi_scan
[22:44:52.079] [SKIP] wifi_scan (0ms) - WiFi 已连接（IP=192.168.1.101），跳过扫描测试
[22:44:52.079] <<< 模块 [wifi_scan] 结束，耗时 0.0s（结果 SKIP）
[22:44:52.079] >>> 模块 [wifi_join] 开始执行
[22:44:52.079]     - 执行模块: wifi_join
[22:44:52.079] [SKIP] wifi_join (0ms) - WiFi 已连接 (SW-test-2.4G/192.168.1.101)，跳过 join 测试
[22:44:52.079] <<< 模块 [wifi_join] 结束，耗时 0.0s（结果 SKIP）
[22:44:52.079] >>> 模块 [emmc] 开始执行
[22:44:52.079]     - 执行模块: emmc
[22:44:54.080] [PASS] emmc (2001ms) - 已进入 /emmc（自动挂载）
[22:44:54.081] <<< 模块 [emmc] 结束，耗时 2.0s（结果 PASS）
[22:44:54.081] >>> 模块 [ftp] 开始执行
[22:44:54.081]     - 执行模块: ftp
[22:45:09.284] [FAIL] ftp (0ms) - FTP 服务启动失败（未等到 service launched）
[22:45:09.284] <<< 模块 [ftp] 结束，耗时 15.2s（结果 FAIL）
[22:45:09.284] [SKIP] photo (0ms) - 依赖模块未通过: ['ftp']
[22:45:09.284] [SKIP] video (0ms) - 依赖模块未通过: ['ftp']
[22:45:09.285] >>> 模块 [rtmp] 开始执行
[22:45:09.285] [INFO] 自动检测到 PC IP: 192.168.1.89
[22:45:09.285]     - 执行模块: rtmp
[22:45:09.285] [INFO] 检查 RTMP 服务端 (nginx-rtmp) 是否监听 :1935
[22:45:09.286] [INFO] nginx-rtmp 就绪，RTMP 监听 :1935
[22:45:09.286]   RTMP 推流测试: rtmp://192.168.1.89/live/cam / 600s
[22:45:09.591] [INFO] 推流命令已下发，等待 EVB 建连上线...
[22:45:12.598] [INFO] 已在独立终端窗口启动 ffplay 画面确认 (/usr/bin/gnome-terminal)
[22:45:12.598] [INFO] ffprobe 探测 RTMP 流: rtmp://192.168.1.89/live/cam
[22:45:19.337] [INFO] 推流保持 600s（ffplay 画面可手动关闭，不影响测试）...
[22:45:20.640] <<< 模块 [rtmp] 结束，耗时 11.4s（结果 ?）
